node:internal/modules/cjs/loader:1423
  throw err;
  ^

Error: Cannot find module '../../packages/simplebeacon-cli/src/lib/license-token'
Require stack:
- C:\Users\Trevor\CascadeProjects\coming-soon\ai-platform\src\api\simplebeacon-billing-api.cjs
- C:\Users\Trevor\CascadeProjects\coming-soon\server.cjs
    at Module._resolveFilename (node:internal/modules/cjs/loader:1420:15)
    at defaultResolveImpl (node:internal/modules/cjs/loader:1058:19)
    at resolveForCJSWithHooks (node:internal/modules/cjs/loader:1063:22)
    at Module._load (node:internal/modules/cjs/loader:1226:37)
    at TracingChannel.traceSync (node:diagnostics_channel:328:14)
    at wrapModuleLoad (node:internal/modules/cjs/loader:244:24)
    at Module.require (node:internal/modules/cjs/loader:1503:12)
    at require (node:internal/modules/helpers:152:16)
    at Object.<anonymous> (C:\Users\Trevor\CascadeProjects\coming-soon\ai-platform\src\api\simplebeacon-billing-api.cjs:18:54)
    at Module._compile (node:internal/modules/cjs/loader:1760:14) {
  code: 'MODULE_NOT_FOUND',
  requireStack: [
    'C:\\Users\\Trevor\\CascadeProjects\\coming-soon\\ai-platform\\src\\api\\simplebeacon-billing-api.cjs',
    'C:\\Users\\Trevor\\CascadeProjects\\coming-soon\\server.cjs'
  ]
}

Node.js v24.9.0
