ai-platform/auto-processor.js(20,34): error TS1343: The 'import.meta' meta-property is only allowed when the '--module' option is 'es2020', 'es2022', 'esnext', 'system', 'node16', 'node18', 'node20', or 'nodenext'.
ai-platform/auto-processor.js(22,31): error TS1343: The 'import.meta' meta-property is only allowed when the '--module' option is 'es2020', 'es2022', 'esnext', 'system', 'node16', 'node18', 'node20', or 'nodenext'.
ai-platform/auto-processor.js(87,15): error TS2339: Property 'response' does not exist on type 'unknown'.
ai-platform/coverage/lcov-report/block-navigation.js(20,35): error TS2584: Cannot find name 'document'. Do you need to change your target library? Try changing the 'lib' compiler option to include 'dom'.
ai-platform/coverage/lcov-report/block-navigation.js(67,13): error TS2584: Cannot find name 'document'. Do you need to change your target library? Try changing the 'lib' compiler option to include 'dom'.
ai-platform/coverage/lcov-report/block-navigation.js(67,55): error TS2584: Cannot find name 'document'. Do you need to change your target library? Try changing the 'lib' compiler option to include 'dom'.
ai-platform/coverage/lcov-report/block-navigation.js(68,13): error TS2584: Cannot find name 'document'. Do you need to change your target library? Try changing the 'lib' compiler option to include 'dom'.
ai-platform/coverage/lcov-report/block-navigation.js(87,8): error TS2339: Property 'addEventListener' does not exist on type 'typeof window'.
ai-platform/coverage/lcov-report/prettify.js(2,5519): error TS2339: Property 'getComputedStyle' does not exist on type 'typeof window'.
ai-platform/coverage/lcov-report/prettify.js(2,5539): error TS2584: Cannot find name 'document'. Do you need to change your target library? Try changing the 'lib' compiler option to include 'dom'.
ai-platform/coverage/lcov-report/prettify.js(2,9530): error TS2339: Property 'getComputedStyle' does not exist on type 'typeof window'.
ai-platform/coverage/lcov-report/prettify.js(2,11501): error TS2403: Subsequent variable declarations must have the same type.  Variable 'W' must be of type 'any', but here has type 'number'.
ai-platform/coverage/lcov-report/prettify.js(2,12005): error TS2339: Property 'console' does not exist on type 'typeof window'.
ai-platform/coverage/lcov-report/prettify.js(2,14293): error TS2584: Cannot find name 'document'. Do you need to change your target library? Try changing the 'lib' compiler option to include 'dom'.
ai-platform/coverage/lcov-report/prettify.js(2,14462): error TS2584: Cannot find name 'document'. Do you need to change your target library? Try changing the 'lib' compiler option to include 'dom'.
ai-platform/coverage/lcov-report/prettify.js(2,14660): error TS2739: Type '{ now: () => number; }' is missing the following properties from type 'DateConstructor': prototype, parse, UTC
ai-platform/coverage/lcov-report/prettify.js(2,15498): error TS2339: Property 'prettyPrintOne' does not exist on type 'typeof window'.
ai-platform/coverage/lcov-report/prettify.js(2,15522): error TS2339: Property 'prettyPrint' does not exist on type 'typeof window'.
ai-platform/coverage/lcov-report/prettify.js(2,15543): error TS2339: Property 'PR' does not exist on type 'typeof window'.
ai-platform/coverage/lcov-report/prettify.js(2,15786): error TS2304: Cannot find name 'PR'.
ai-platform/coverage/lcov-report/prettify.js(2,15809): error TS2304: Cannot find name 'PR'.
ai-platform/coverage/lcov-report/prettify.js(2,15835): error TS2304: Cannot find name 'PR'.
ai-platform/coverage/lcov-report/prettify.js(2,15875): error TS2304: Cannot find name 'PR'.
ai-platform/coverage/lcov-report/prettify.js(2,15918): error TS2304: Cannot find name 'PR'.
ai-platform/coverage/lcov-report/prettify.js(2,16362): error TS2304: Cannot find name 'PR'.
ai-platform/coverage/lcov-report/prettify.js(2,16410): error TS2304: Cannot find name 'PR'.
ai-platform/coverage/lcov-report/prettify.js(2,16453): error TS2304: Cannot find name 'PR'.
ai-platform/coverage/lcov-report/prettify.js(2,16498): error TS2304: Cannot find name 'PR'.
ai-platform/coverage/lcov-report/prettify.js(2,16551): error TS2304: Cannot find name 'PR'.
ai-platform/coverage/lcov-report/prettify.js(2,16574): error TS2304: Cannot find name 'PR'.
ai-platform/coverage/lcov-report/prettify.js(2,16597): error TS2304: Cannot find name 'PR'.
ai-platform/coverage/lcov-report/prettify.js(2,16646): error TS2304: Cannot find name 'PR'.
ai-platform/coverage/lcov-report/prettify.js(2,16719): error TS2304: Cannot find name 'PR'.
ai-platform/coverage/lcov-report/prettify.js(2,16833): error TS2304: Cannot find name 'PR'.
ai-platform/coverage/lcov-report/prettify.js(2,17026): error TS2304: Cannot find name 'PR'.
ai-platform/coverage/lcov-report/prettify.js(2,17079): error TS2304: Cannot find name 'PR'.
ai-platform/coverage/lcov-report/prettify.js(2,17111): error TS2304: Cannot find name 'PR'.
ai-platform/coverage/lcov-report/prettify.js(2,17161): error TS2304: Cannot find name 'PR'.
ai-platform/coverage/lcov-report/prettify.js(2,17203): error TS2304: Cannot find name 'PR'.
ai-platform/coverage/lcov-report/prettify.js(2,17285): error TS2304: Cannot find name 'PR'.
ai-platform/coverage/lcov-report/prettify.js(2,17331): error TS2304: Cannot find name 'PR'.
ai-platform/coverage/lcov-report/prettify.js(2,17354): error TS2304: Cannot find name 'PR'.
ai-platform/coverage/lcov-report/prettify.js(2,17380): error TS2304: Cannot find name 'PR'.
ai-platform/coverage/lcov-report/prettify.js(2,17477): error TS2304: Cannot find name 'PR'.
ai-platform/coverage/lcov-report/prettify.js(2,17500): error TS2304: Cannot find name 'PR'.
ai-platform/coverage/lcov-report/prettify.js(2,17526): error TS2304: Cannot find name 'PR'.
ai-platform/coverage/lcov-report/sorter.js(12,16): error TS2584: Cannot find name 'document'. Do you need to change your target library? Try changing the 'lib' compiler option to include 'dom'.
ai-platform/coverage/lcov-report/sorter.js(28,29): error TS2584: Cannot find name 'document'. Do you need to change your target library? Try changing the 'lib' compiler option to include 'dom'.
ai-platform/coverage/lcov-report/sorter.js(29,22): error TS2584: Cannot find name 'document'. Do you need to change your target library? Try changing the 'lib' compiler option to include 'dom'.
ai-platform/coverage/lcov-report/sorter.js(60,24): error TS2584: Cannot find name 'document'. Do you need to change your target library? Try changing the 'lib' compiler option to include 'dom'.
ai-platform/coverage/lcov-report/sorter.js(83,21): error TS2339: Property 'defaultDescSort' does not exist on type '{ key: any; sortable: boolean; type: any; }'.
ai-platform/coverage/lcov-report/sorter.js(128,25): error TS2584: Cannot find name 'document'. Do you need to change your target library? Try changing the 'lib' compiler option to include 'dom'.
ai-platform/coverage/lcov-report/sorter.js(134,13): error TS2322: Type '(a: any, b: any) => number' is not assignable to type '(a: any, b: any) => 0 | 1 | -1'.
  Type 'number' is not assignable to type '0 | 1 | -1'.
ai-platform/coverage/lcov-report/sorter.js(210,8): error TS2339: Property 'addEventListener' does not exist on type 'typeof window'.
ai-platform/docs/outreach-prospects.js(48,9): error TS2554: Expected 0 arguments, but got 1.
ai-platform/docs/outreach-prospects.js(54,18): error TS2554: Expected 0 arguments, but got 1.
ai-platform/docs/outreach-prospects.js(60,18): error TS2554: Expected 0 arguments, but got 1.
ai-platform/docs/outreach-prospects.js(72,9): error TS2554: Expected 0 arguments, but got 1.
ai-platform/docs/outreach-prospects.js(80,18): error TS2554: Expected 0 arguments, but got 1.
ai-platform/docs/outreach-prospects.js(86,9): error TS2554: Expected 0 arguments, but got 1.
ai-platform/docs/outreach-prospects.js(100,9): error TS2554: Expected 0 arguments, but got 1.
ai-platform/docs/outreach-prospects.js(102,13): error TS2554: Expected 0 arguments, but got 1.
ai-platform/docs/outreach-prospects.js(104,9): error TS2554: Expected 0 arguments, but got 1.
ai-platform/docs/outreach-prospects.js(105,9): error TS2554: Expected 0 arguments, but got 1.
ai-platform/docs/outreach-prospects.js(106,9): error TS2554: Expected 0 arguments, but got 1.
ai-platform/docs/outreach-prospects.js(113,9): error TS2554: Expected 0 arguments, but got 1.
ai-platform/docs/outreach-prospects.js(115,13): error TS2554: Expected 0 arguments, but got 1.
ai-platform/docs/outreach-prospects.js(117,9): error TS2554: Expected 0 arguments, but got 1.
ai-platform/docs/outreach-prospects.js(126,18): error TS2554: Expected 0 arguments, but got 1.
ai-platform/docs/outreach-prospects.js(129,17): error TS2345: Argument of type '{ name: string; company: string; industry: string; title: string; source: string; }' is not assignable to parameter of type '{ name: any; company: any; industry: any; title: any; source: any; notes: any; }'.
  Property 'notes' is missing in type '{ name: string; company: string; industry: string; title: string; source: string; }' but required in type '{ name: any; company: any; industry: any; title: any; source: any; notes: any; }'.
ai-platform/docs/outreach-prospects.js(133,18): error TS2554: Expected 0 arguments, but got 1.
ai-platform/docs/outreach-prospects.js(140,18): error TS2554: Expected 0 arguments, but got 1.
ai-platform/docs/outreach-prospects.js(149,9): error TS2554: Expected 0 arguments, but got 1.
ai-platform/local-agent/agent.test.cjs(43,37): error TS2339: Property 'port' does not exist on type 'string | AddressInfo'.
  Property 'port' does not exist on type 'string'.
ai-platform/local-agent/dist/portable/agent.cjs(59,11): error TS2307: Cannot find module '../../packages/simplebeacon-cli/src/index.js' or its corresponding type declarations.
ai-platform/local-agent/dist/portable/ai-platform/server/config/constants.cjs(388,1): error TS4104: The type 'readonly string[]' is 'readonly' and cannot be assigned to the mutable type 'any[]'.
ai-platform/local-agent/dist/portable/ai-platform/server/config/database.cjs(68,28): error TS2740: Type '{}' is missing the following properties from type 'any[]': length, pop, push, concat, and 29 more.
ai-platform/local-agent/dist/portable/ai-platform/server/config/database.cjs(70,31): error TS2339: Property 'port' does not exist on type 'any[]'.
ai-platform/local-agent/dist/portable/ai-platform/server/config/database.cjs(71,57): error TS2339: Property 'max' does not exist on type 'any[]'.
ai-platform/local-agent/dist/portable/ai-platform/server/config/database.cjs(75,25): error TS2339: Property 'host' does not exist on type 'any[]'.
ai-platform/local-agent/dist/portable/ai-platform/server/config/database.cjs(77,29): error TS2339: Property 'database' does not exist on type 'any[]'.
ai-platform/local-agent/dist/portable/ai-platform/server/config/database.cjs(78,25): error TS2339: Property 'user' does not exist on type 'any[]'.
ai-platform/local-agent/dist/portable/ai-platform/server/config/database.cjs(79,52): error TS2559: Type 'any[]' has no properties in common with type '{ password?: string; }'.
ai-platform/local-agent/dist/portable/ai-platform/server/config/stripe.cjs(127,54): error TS2339: Property 'createUsageRecord' does not exist on type 'SubscriptionItemResource'.
ai-platform/local-agent/dist/portable/ai-platform/server/lib/__tests__/simplebeacon-proxy.test.cjs(17,37): error TS2339: Property 'version' does not exist on type 'Readonly<{ countRepositoryInventory: (baseDir: string) => any; applyPublicGateToAnalyzeResponse: (response: any) => any; sanitizePublicOutput: (output: any) => any; sanitizeScanReport: (report: any) => any; ... 75 more ...; LEAK_PATTERNS: readonly (Readonly<...> | ... 3 more ... | Readonly<...>)[]; }>'.
ai-platform/local-agent/dist/portable/ai-platform/server/lib/__tests__/simplebeacon-proxy.test.cjs(18,21): error TS2339: Property 'version' does not exist on type 'Readonly<{ countRepositoryInventory: (baseDir: string) => any; applyPublicGateToAnalyzeResponse: (response: any) => any; sanitizePublicOutput: (output: any) => any; sanitizeScanReport: (report: any) => any; ... 75 more ...; LEAK_PATTERNS: readonly (Readonly<...> | ... 3 more ... | Readonly<...>)[]; }>'.
ai-platform/local-agent/dist/portable/ai-platform/server/lib/__tests__/simplebeacon-proxy.test.cjs(102,52): error TS2345: Argument of type 'number' is not assignable to parameter of type 'string'.
ai-platform/local-agent/dist/portable/ai-platform/server/lib/agency-branding-store.cjs(52,5): error TS2322: Type '{}' is not assignable to type '{ [x: string]: { agency_name: string; logo_url: string; accent_color: string; updatedAt: string; }; }'.
  Index signature for type 'string' is missing in type '{}'.
ai-platform/local-agent/dist/portable/ai-platform/server/lib/ai-analyst.cjs(10,47): error TS2307: Cannot find module '../services/cloud-inference-service.cjs' or its corresponding type declarations.
ai-platform/local-agent/dist/portable/ai-platform/server/lib/ai-analyst.cjs(13,24): error TS2307: Cannot find module '../../src/lib/app-logger.cjs' or its corresponding type declarations.
ai-platform/local-agent/dist/portable/ai-platform/server/lib/analyze-export-bundle.cjs(21,5): error TS2305: Module '"./simplebeacon-proxy.cjs"' has no exported member 'sanitizeEuAiActSprintArtifactExport'.
ai-platform/local-agent/dist/portable/ai-platform/server/lib/analyze-export-bundle.cjs(38,5): error TS2305: Module '"./simplebeacon-proxy.cjs"' has no exported member 'sanitizeFrozenAuditDeliverableHtml'.
ai-platform/local-agent/dist/portable/ai-platform/server/lib/analyze-export-bundle.cjs(203,13): error TS2339: Property 'code' does not exist on type 'Error'.
ai-platform/local-agent/dist/portable/ai-platform/server/lib/analyze-export-bundle.cjs(240,113): error TS2554: Expected 0-1 arguments, but got 3.
ai-platform/local-agent/dist/portable/ai-platform/server/lib/analyze-export-bundle.cjs(245,120): error TS2554: Expected 1 arguments, but got 2.
ai-platform/local-agent/dist/portable/ai-platform/server/lib/analyze-export-bundle.cjs(245,189): error TS2554: Expected 0-1 arguments, but got 3.
ai-platform/local-agent/dist/portable/ai-platform/server/lib/analyze-export-bundle.cjs(250,131): error TS2554: Expected 1 arguments, but got 2.
ai-platform/local-agent/dist/portable/ai-platform/server/lib/analyze-export-bundle.cjs(250,258): error TS2554: Expected 0-1 arguments, but got 3.
ai-platform/local-agent/dist/portable/ai-platform/server/lib/analyze-export-bundle.cjs(255,147): error TS2554: Expected 1 arguments, but got 2.
ai-platform/local-agent/dist/portable/ai-platform/server/lib/analyze-export-bundle.cjs(255,294): error TS2554: Expected 0-1 arguments, but got 3.
ai-platform/local-agent/dist/portable/ai-platform/server/lib/analyze-export-bundle.cjs(259,93): error TS2554: Expected 0-1 arguments, but got 3.
ai-platform/local-agent/dist/portable/ai-platform/server/lib/analyze-export-bundle.cjs(263,136): error TS2554: Expected 1 arguments, but got 2.
ai-platform/local-agent/dist/portable/ai-platform/server/lib/analyze-export-bundle.cjs(263,263): error TS2554: Expected 0-1 arguments, but got 3.
ai-platform/local-agent/dist/portable/ai-platform/server/lib/analyze-export-bundle.cjs(268,132): error TS2554: Expected 1 arguments, but got 2.
ai-platform/local-agent/dist/portable/ai-platform/server/lib/analyze-export-bundle.cjs(268,348): error TS2554: Expected 0-1 arguments, but got 3.
ai-platform/local-agent/dist/portable/ai-platform/server/lib/analyze-export-bundle.cjs(273,140): error TS2554: Expected 1 arguments, but got 2.
ai-platform/local-agent/dist/portable/ai-platform/server/lib/analyze-export-bundle.cjs(273,267): error TS2554: Expected 0-1 arguments, but got 3.
ai-platform/local-agent/dist/portable/ai-platform/server/lib/analyze-export-bundle.cjs(278,138): error TS2554: Expected 1 arguments, but got 2.
ai-platform/local-agent/dist/portable/ai-platform/server/lib/analyze-export-bundle.cjs(278,265): error TS2554: Expected 0-1 arguments, but got 3.
ai-platform/local-agent/dist/portable/ai-platform/server/lib/analyze-export-bundle.cjs(283,138): error TS2554: Expected 1 arguments, but got 2.
ai-platform/local-agent/dist/portable/ai-platform/server/lib/analyze-export-bundle.cjs(283,317): error TS2554: Expected 0-1 arguments, but got 3.
ai-platform/local-agent/dist/portable/ai-platform/server/lib/analyze-export-bundle.cjs(288,126): error TS2554: Expected 1 arguments, but got 3.
ai-platform/local-agent/dist/portable/ai-platform/server/lib/analyze-export-bundle.cjs(288,253): error TS2554: Expected 0-1 arguments, but got 3.
ai-platform/local-agent/dist/portable/ai-platform/server/lib/analyze-export-bundle.cjs(293,124): error TS2554: Expected 1 arguments, but got 2.
ai-platform/local-agent/dist/portable/ai-platform/server/lib/analyze-export-bundle.cjs(293,273): error TS2554: Expected 0-1 arguments, but got 3.
ai-platform/local-agent/dist/portable/ai-platform/server/lib/analyze-export-bundle.cjs(301,135): error TS2554: Expected 0-1 arguments, but got 3.
ai-platform/local-agent/dist/portable/ai-platform/server/lib/analyze-export-bundle.cjs(304,149): error TS2554: Expected 0-1 arguments, but got 3.
ai-platform/local-agent/dist/portable/ai-platform/server/lib/analyze-export-bundle.cjs(333,259): error TS2554: Expected 0-1 arguments, but got 3.
ai-platform/local-agent/dist/portable/ai-platform/server/lib/analyze-export-bundle.cjs(362,58): error TS2554: Expected 0-1 arguments, but got 3.
ai-platform/local-agent/dist/portable/ai-platform/server/lib/analyze-export-bundle.cjs(394,53): error TS2554: Expected 0-1 arguments, but got 3.
ai-platform/local-agent/dist/portable/ai-platform/server/lib/analyze-export-bundle.cjs(434,78): error TS2554: Expected 0-1 arguments, but got 3.
ai-platform/local-agent/dist/portable/ai-platform/server/lib/analyze-export-bundle.cjs(462,13): error TS2339: Property 'code' does not exist on type 'Error'.
ai-platform/local-agent/dist/portable/ai-platform/server/lib/analyze-export-bundle.cjs(463,13): error TS2339: Property 'tier' does not exist on type 'Error'.
ai-platform/local-agent/dist/portable/ai-platform/server/lib/analyze-export-bundle.cjs(473,13): error TS2339: Property 'code' does not exist on type 'Error'.
ai-platform/local-agent/dist/portable/ai-platform/server/lib/analyze-export-bundle.cjs(474,13): error TS2339: Property 'warnings' does not exist on type 'Error'.
ai-platform/local-agent/dist/portable/ai-platform/server/lib/analyze-export-bundle.cjs(502,30): error TS2339: Property 'code' does not exist on type 'Error'.
ai-platform/local-agent/dist/portable/ai-platform/server/lib/analyze-export-bundle.cjs(538,13): error TS2339: Property 'code' does not exist on type 'Error'.
ai-platform/local-agent/dist/portable/ai-platform/server/lib/analyze-export-bundle/validation.cjs(20,49): error TS2339: Property 'tierId' does not exist on type '{}'.
ai-platform/local-agent/dist/portable/ai-platform/server/lib/analyze-export-bundle/validation.cjs(20,57): error TS2339: Property 'projectPath' does not exist on type '{}'.
ai-platform/local-agent/dist/portable/ai-platform/server/lib/analyze-export-bundle/validation.cjs(22,66): error TS2554: Expected 1 arguments, but got 2.
ai-platform/local-agent/dist/portable/ai-platform/server/lib/analyze-export-bundle/validation.cjs(45,51): error TS2554: Expected 1 arguments, but got 2.
ai-platform/local-agent/dist/portable/ai-platform/server/lib/analyze-export-bundle/validation.cjs(68,8): error TS2554: Expected 1 arguments, but got 2.
ai-platform/local-agent/dist/portable/ai-platform/server/lib/app-logger.cjs(19,40): error TS2322: Type 'string' is not assignable to type '"warn" | "error" | "debug" | "info" | "trace" | "fatal"'.
ai-platform/local-agent/dist/portable/ai-platform/server/lib/app-logger.cjs(72,15): error TS2339: Property 'clear' does not exist on type 'WeakSet<object>'.
ai-platform/local-agent/dist/portable/ai-platform/server/lib/app-logger.cjs(84,36): error TS1016: A required parameter cannot follow an optional parameter.
ai-platform/local-agent/dist/portable/ai-platform/server/lib/app-logger.cjs(109,35): error TS1016: A required parameter cannot follow an optional parameter.
ai-platform/local-agent/dist/portable/ai-platform/server/lib/app-logger.cjs(165,9): error TS2322: Type 'string' is not assignable to type '"warn" | "error" | "debug" | "info" | "trace" | "fatal"'.
ai-platform/local-agent/dist/portable/ai-platform/server/lib/assessment-retention.cjs(39,14): error TS1064: The return type of an async function or method must be the global Promise<T> type. Did you mean to write 'Promise<any>'?
ai-platform/local-agent/dist/portable/ai-platform/server/lib/assessment-retention.cjs(71,72): error TS2554: Expected 1 arguments, but got 2.
ai-platform/local-agent/dist/portable/ai-platform/server/lib/assessment-retention.cjs(92,14): error TS1064: The return type of an async function or method must be the global Promise<T> type. Did you mean to write 'Promise<any>'?
ai-platform/local-agent/dist/portable/ai-platform/server/lib/audit-booking-mail.cjs(84,3): error TS2322: Type '{ sent: boolean; to: string; from: string; reason?: undefined; } | { sent: boolean; reason: any; to?: undefined; from?: undefined; }' is not assignable to type '{ sent: boolean; to: string; from: string; }'.
  Type '{ sent: boolean; reason: any; to?: undefined; from?: undefined; }' is not assignable to type '{ sent: boolean; to: string; from: string; }'.
    Property 'to' is optional in type '{ sent: boolean; reason: any; to?: undefined; from?: undefined; }' but required in type '{ sent: boolean; to: string; from: string; }'.
ai-platform/local-agent/dist/portable/ai-platform/server/lib/audit-booking-route.cjs(19,14): error TS1064: The return type of an async function or method must be the global Promise<T> type. Did you mean to write 'Promise<any>'?
ai-platform/local-agent/dist/portable/ai-platform/server/lib/audit-booking-route.cjs(38,14): error TS1064: The return type of an async function or method must be the global Promise<T> type. Did you mean to write 'Promise<any>'?
ai-platform/local-agent/dist/portable/ai-platform/server/lib/audit-booking-route.cjs(56,48): error TS2339: Property 'sent' does not exist on type 'string'.
ai-platform/local-agent/dist/portable/ai-platform/server/lib/audit-booking-route.cjs(75,14): error TS1064: The return type of an async function or method must be the global Promise<T> type. Did you mean to write 'Promise<any>'?
ai-platform/local-agent/dist/portable/ai-platform/server/lib/audit-booking-route.cjs(79,35): error TS2339: Property 'status' does not exist on type 'any[]'.
ai-platform/local-agent/dist/portable/ai-platform/server/lib/audit-booking-route.cjs(82,16): error TS2339: Property 'json' does not exist on type 'any[]'.
ai-platform/local-agent/dist/portable/ai-platform/server/lib/audit-booking-route.cjs(95,16): error TS2339: Property 'status' does not exist on type 'any[]'.
ai-platform/local-agent/dist/portable/ai-platform/server/lib/audit-booking-route.cjs(98,16): error TS2339: Property 'status' does not exist on type 'any[]'.
ai-platform/local-agent/dist/portable/ai-platform/server/lib/audit-booking-route.cjs(118,16): error TS2339: Property 'status' does not exist on type 'any[]'.
ai-platform/local-agent/dist/portable/ai-platform/server/lib/audit-booking-route.cjs(125,18): error TS2339: Property 'json' does not exist on type 'any[]'.
ai-platform/local-agent/dist/portable/ai-platform/server/lib/audit-booking-route.cjs(125,46): error TS2345: Argument of type '{ sent: boolean; to: string; from: string; }' is not assignable to parameter of type 'string'.
ai-platform/local-agent/dist/portable/ai-platform/server/lib/audit-booking-route.cjs(127,16): error TS2339: Property 'json' does not exist on type 'any[]'.
ai-platform/local-agent/dist/portable/ai-platform/server/lib/audit-booking-route.cjs(127,44): error TS2345: Argument of type '{ sent: boolean; to: string; from: string; }' is not assignable to parameter of type 'string'.
ai-platform/local-agent/dist/portable/ai-platform/server/lib/audit-booking-route.cjs(130,16): error TS2339: Property 'json' does not exist on type 'any[]'.
ai-platform/local-agent/dist/portable/ai-platform/server/lib/audit-booking-route.cjs(131,33): error TS2345: Argument of type '{ sent: boolean; }' is not assignable to parameter of type 'string'.
ai-platform/local-agent/dist/portable/ai-platform/server/lib/audit-booking-route.cjs(142,14): error TS1064: The return type of an async function or method must be the global Promise<T> type. Did you mean to write 'Promise<any>'?
ai-platform/local-agent/dist/portable/ai-platform/server/lib/audit-booking-route.cjs(146,35): error TS2339: Property 'status' does not exist on type 'any[]'.
ai-platform/local-agent/dist/portable/ai-platform/server/lib/audit-booking-route.cjs(149,14): error TS2339: Property 'json' does not exist on type 'any[]'.
ai-platform/local-agent/dist/portable/ai-platform/server/lib/audit-booking-route.cjs(177,9): error TS2339: Property 'set' does not exist on type 'any[]'.
ai-platform/local-agent/dist/portable/ai-platform/server/lib/audit-booking-route.cjs(178,9): error TS2339: Property 'type' does not exist on type 'any[]'.
ai-platform/local-agent/dist/portable/ai-platform/server/lib/audit-booking-route.cjs(179,9): error TS2339: Property 'sendFile' does not exist on type 'any[]'.
ai-platform/local-agent/dist/portable/ai-platform/server/lib/audit-export-tier.cjs(80,24): error TS2339: Property 'simplebeacon' does not exist on type 'any[]'.
ai-platform/local-agent/dist/portable/ai-platform/server/lib/audit-remediation-recipes.cjs(360,46): error TS2339: Property 'location' does not exist on type '{ blocksGate: boolean; artifactType: string; businessImpact: string; kind: any; severity: string; } | { kind: any; severity: string; }'.
  Property 'location' does not exist on type '{ blocksGate: boolean; artifactType: string; businessImpact: string; kind: any; severity: string; }'.
ai-platform/local-agent/dist/portable/ai-platform/server/lib/audit-remediation-recipes.cjs(363,19): error TS2339: Property 'snippet' does not exist on type '{ blocksGate: boolean; artifactType: string; businessImpact: string; kind: any; severity: string; } | { kind: any; severity: string; }'.
  Property 'snippet' does not exist on type '{ blocksGate: boolean; artifactType: string; businessImpact: string; kind: any; severity: string; }'.
ai-platform/local-agent/dist/portable/ai-platform/server/lib/audit-remediation-recipes.cjs(364,19): error TS2339: Property 'rule' does not exist on type '{ blocksGate: boolean; artifactType: string; businessImpact: string; kind: any; severity: string; } | { kind: any; severity: string; }'.
  Property 'rule' does not exist on type '{ blocksGate: boolean; artifactType: string; businessImpact: string; kind: any; severity: string; }'.
ai-platform/local-agent/dist/portable/ai-platform/server/lib/audit-remediation-recipes.cjs(365,19): error TS2339: Property 'location' does not exist on type '{ blocksGate: boolean; artifactType: string; businessImpact: string; kind: any; severity: string; } | { kind: any; severity: string; }'.
  Property 'location' does not exist on type '{ blocksGate: boolean; artifactType: string; businessImpact: string; kind: any; severity: string; }'.
ai-platform/local-agent/dist/portable/ai-platform/server/lib/audit-remediation-recipes.cjs(366,19): error TS2339: Property 'remediation' does not exist on type '{ blocksGate: boolean; artifactType: string; businessImpact: string; kind: any; severity: string; } | { kind: any; severity: string; }'.
  Property 'remediation' does not exist on type '{ blocksGate: boolean; artifactType: string; businessImpact: string; kind: any; severity: string; }'.
ai-platform/local-agent/dist/portable/ai-platform/server/lib/audit-remediation-recipes.cjs(375,25): error TS2339: Property 'rule' does not exist on type '{ blocksGate: boolean; artifactType: string; businessImpact: string; kind: any; severity: string; } | { kind: any; severity: string; }'.
  Property 'rule' does not exist on type '{ blocksGate: boolean; artifactType: string; businessImpact: string; kind: any; severity: string; }'.
ai-platform/local-agent/dist/portable/ai-platform/server/lib/audit-remediation-recipes.cjs(376,28): error TS2339: Property 'snippet' does not exist on type '{ blocksGate: boolean; artifactType: string; businessImpact: string; kind: any; severity: string; } | { kind: any; severity: string; }'.
  Property 'snippet' does not exist on type '{ blocksGate: boolean; artifactType: string; businessImpact: string; kind: any; severity: string; }'.
ai-platform/local-agent/dist/portable/ai-platform/server/lib/audit-remediation-recipes.cjs(377,27): error TS2339: Property 'source' does not exist on type '{ blocksGate: boolean; artifactType: string; businessImpact: string; kind: any; severity: string; } | { kind: any; severity: string; }'.
  Property 'source' does not exist on type '{ blocksGate: boolean; artifactType: string; businessImpact: string; kind: any; severity: string; }'.
ai-platform/local-agent/dist/portable/ai-platform/server/lib/audit-remediation-recipes.cjs(378,33): error TS2339: Property 'artifactType' does not exist on type '{ blocksGate: boolean; artifactType: string; businessImpact: string; kind: any; severity: string; } | { kind: any; severity: string; }'.
  Property 'artifactType' does not exist on type '{ kind: any; severity: string; }'.
ai-platform/local-agent/dist/portable/ai-platform/server/lib/audit-remediation-recipes.cjs(380,67): error TS2339: Property 'snippet' does not exist on type '{ blocksGate: boolean; artifactType: string; businessImpact: string; kind: any; severity: string; } | { kind: any; severity: string; }'.
  Property 'snippet' does not exist on type '{ blocksGate: boolean; artifactType: string; businessImpact: string; kind: any; severity: string; }'.
ai-platform/local-agent/dist/portable/ai-platform/server/lib/audit-remediation-recipes.cjs(380,86): error TS2339: Property 'rule' does not exist on type '{ blocksGate: boolean; artifactType: string; businessImpact: string; kind: any; severity: string; } | { kind: any; severity: string; }'.
  Property 'rule' does not exist on type '{ blocksGate: boolean; artifactType: string; businessImpact: string; kind: any; severity: string; }'.
ai-platform/local-agent/dist/portable/ai-platform/server/lib/audit-remediation-recipes.cjs(382,35): error TS2339: Property 'businessImpact' does not exist on type '{ blocksGate: boolean; artifactType: string; businessImpact: string; kind: any; severity: string; } | { kind: any; severity: string; }'.
  Property 'businessImpact' does not exist on type '{ kind: any; severity: string; }'.
ai-platform/local-agent/dist/portable/ai-platform/server/lib/auth/login-service.cjs(7,38): error TS2307: Cannot find module '../../services/user-service.cjs' or its corresponding type declarations.
ai-platform/local-agent/dist/portable/ai-platform/server/lib/auth/trust-levels.cjs(42,40): error TS2363: The right-hand side of an arithmetic operation must be of type 'any', 'number', 'bigint' or an enum type.
ai-platform/local-agent/dist/portable/ai-platform/server/lib/canonical-roadmap-files.cjs(52,52): error TS2339: Property 'relativePath' does not exist on type 'never'.
ai-platform/local-agent/dist/portable/ai-platform/server/lib/canonical-roadmap-files.cjs(52,74): error TS2339: Property 'path' does not exist on type 'never'.
ai-platform/local-agent/dist/portable/ai-platform/server/lib/canonical-roadmap-files.cjs(55,52): error TS2339: Property 'relativePath' does not exist on type 'never'.
ai-platform/local-agent/dist/portable/ai-platform/server/lib/canonical-roadmap-files.cjs(55,74): error TS2339: Property 'path' does not exist on type 'never'.
ai-platform/local-agent/dist/portable/ai-platform/server/lib/client-error.cjs(68,16): error TS2339: Property 'status' does not exist on type 'any[]'.
ai-platform/local-agent/dist/portable/ai-platform/server/lib/code-hygiene-certificate.cjs(16,24): error TS2322: Type '{}' is not assignable to type 'boolean'.
ai-platform/local-agent/dist/portable/ai-platform/server/lib/code-hygiene-certificate.cjs(17,25): error TS2339: Property 'type' does not exist on type 'boolean'.
ai-platform/local-agent/dist/portable/ai-platform/server/lib/code-hygiene-certificate.cjs(17,45): error TS2339: Property 'rule' does not exist on type 'boolean'.
ai-platform/local-agent/dist/portable/ai-platform/server/lib/code-hygiene-certificate.cjs(17,65): error TS2339: Property 'description' does not exist on type 'boolean'.
ai-platform/local-agent/dist/portable/ai-platform/server/lib/code-hygiene-certificate.cjs(29,26): error TS2322: Type '{}' is not assignable to type 'number'.
ai-platform/local-agent/dist/portable/ai-platform/server/lib/code-hygiene-certificate.cjs(30,39): error TS2339: Property 'rawIssues' does not exist on type 'number'.
ai-platform/local-agent/dist/portable/ai-platform/server/lib/code-hygiene-certificate.cjs(30,59): error TS2339: Property 'rawIssues' does not exist on type 'number'.
ai-platform/local-agent/dist/portable/ai-platform/server/lib/code-hygiene-certificate.cjs(56,27): error TS2339: Property 'gate' does not exist on type 'number'.
ai-platform/local-agent/dist/portable/ai-platform/server/lib/code-hygiene-certificate.cjs(62,26): error TS2339: Property 'qualityScore' does not exist on type 'number'.
ai-platform/local-agent/dist/portable/ai-platform/server/lib/code-hygiene-certificate.cjs(63,24): error TS2339: Property 'issueCount' does not exist on type 'number'.
ai-platform/local-agent/dist/portable/ai-platform/server/lib/code-hygiene-certificate.cjs(64,28): error TS2339: Property 'severityCounts' does not exist on type 'number'.
ai-platform/local-agent/dist/portable/ai-platform/server/lib/code-roadmap-generator.cjs(37,45): error TS2459: Module '"./roadmap-analysis.cjs"' declares 'readEnvFileFlags' locally, but it is not exported.
ai-platform/local-agent/dist/portable/ai-platform/server/lib/code-roadmap-generator.cjs(467,42): error TS2769: No overload matches this call.
  Overload 1 of 3, '(path: PathOrFileDescriptor, options?: { encoding?: null; flag?: string; }): NonSharedBuffer', gave the following error.
    Type 'string' has no properties in common with type '{ encoding?: null; flag?: string; }'.
  Overload 2 of 3, '(path: PathOrFileDescriptor, options: { encoding: BufferEncoding; flag?: string; } | BufferEncoding): string', gave the following error.
    Argument of type 'string' is not assignable to parameter of type '{ encoding: BufferEncoding; flag?: string; } | BufferEncoding'.
  Overload 3 of 3, '(path: PathOrFileDescriptor, options?: BufferEncoding | (ObjectEncodingOptions & { flag?: string; })): string | NonSharedBuffer', gave the following error.
    Argument of type 'string' is not assignable to parameter of type 'BufferEncoding | (ObjectEncodingOptions & { flag?: string; })'.
ai-platform/local-agent/dist/portable/ai-platform/server/lib/code-roadmap-phase2.cjs(129,31): error TS2345: Argument of type 'any[]' is not assignable to parameter of type 'string'.
ai-platform/local-agent/dist/portable/ai-platform/server/lib/code-roadmap-phase2.cjs(145,43): error TS2345: Argument of type 'string[]' is not assignable to parameter of type 'string'.
ai-platform/local-agent/dist/portable/ai-platform/server/lib/code-understanding/code-understanding-engine.cjs(50,16): error TS2339: Property 'semantic' does not exist on type 'any[]'.
ai-platform/local-agent/dist/portable/ai-platform/server/lib/code-understanding/code-understanding-engine.cjs(50,53): error TS2339: Property 'semantic' does not exist on type 'any[]'.
ai-platform/local-agent/dist/portable/ai-platform/server/lib/code-understanding/code-understanding-engine.cjs(51,16): error TS2339: Property 'contextual' does not exist on type 'any[]'.
ai-platform/local-agent/dist/portable/ai-platform/server/lib/code-understanding/code-understanding-engine.cjs(51,62): error TS2339: Property 'contextual' does not exist on type 'any[]'.
ai-platform/local-agent/dist/portable/ai-platform/server/lib/code-understanding/code-understanding-engine.cjs(52,16): error TS2339: Property 'expert' does not exist on type 'any[]'.
ai-platform/local-agent/dist/portable/ai-platform/server/lib/code-understanding/code-understanding-engine.cjs(52,81): error TS2339: Property 'expert' does not exist on type 'any[]'.
ai-platform/local-agent/dist/portable/ai-platform/server/lib/code-understanding/code-understanding-engine.cjs(53,16): error TS2339: Property 'semantic' does not exist on type 'any[]'.
ai-platform/local-agent/dist/portable/ai-platform/server/lib/code-understanding/code-understanding-engine.cjs(53,55): error TS2339: Property 'semantic' does not exist on type 'any[]'.
ai-platform/local-agent/dist/portable/ai-platform/server/lib/code-understanding/code-understanding-engine.cjs(64,16): error TS2339: Property 'static' does not exist on type 'any[]'.
ai-platform/local-agent/dist/portable/ai-platform/server/lib/code-understanding/code-understanding-engine.cjs(65,16): error TS2339: Property 'semantic' does not exist on type 'any[]'.
ai-platform/local-agent/dist/portable/ai-platform/server/lib/code-understanding/code-understanding-engine.cjs(66,16): error TS2339: Property 'contextual' does not exist on type 'any[]'.
ai-platform/local-agent/dist/portable/ai-platform/server/lib/code-understanding/code-understanding-engine.cjs(67,16): error TS2339: Property 'expert' does not exist on type 'any[]'.
ai-platform/local-agent/dist/portable/ai-platform/server/lib/code-understanding/code-understanding-engine.cjs(78,14): error TS1064: The return type of an async function or method must be the global Promise<T> type. Did you mean to write 'Promise<any>'?
ai-platform/local-agent/dist/portable/ai-platform/server/lib/code-understanding/code-understanding-engine.cjs(80,47): error TS2322: Type '{}' is not assignable to type 'string'.
ai-platform/local-agent/dist/portable/ai-platform/server/lib/code-understanding/code-understanding-engine.cjs(81,30): error TS2339: Property 'filePath' does not exist on type 'string'.
ai-platform/local-agent/dist/portable/ai-platform/server/lib/code-understanding/code-understanding-engine.cjs(82,36): error TS2339: Property 'staticFindings' does not exist on type 'string'.
ai-platform/local-agent/dist/portable/ai-platform/server/lib/code-understanding/code-understanding-engine.cjs(87,9): error TS2698: Spread types may only be created from object types.
ai-platform/local-agent/dist/portable/ai-platform/server/lib/code-understanding/code-understanding-engine.cjs(93,37): error TS2339: Property 'projectPath' does not exist on type 'string'.
ai-platform/local-agent/dist/portable/ai-platform/server/lib/code-understanding/code-understanding-engine.cjs(94,58): error TS2339: Property 'projectPath' does not exist on type 'string'.
ai-platform/local-agent/dist/portable/ai-platform/server/lib/code-understanding/code-understanding-engine.cjs(98,17): error TS2339: Property 'projectPath' does not exist on type 'string'.
ai-platform/local-agent/dist/portable/ai-platform/server/lib/code-understanding/code-understanding-engine.cjs(100,57): error TS2339: Property 'platformRoot' does not exist on type 'string'.
ai-platform/local-agent/dist/portable/ai-platform/server/lib/code-understanding/code-understanding-engine.cjs(100,81): error TS2339: Property 'projectPath' does not exist on type 'string'.
ai-platform/local-agent/dist/portable/ai-platform/server/lib/code-understanding/code-understanding-engine.cjs(102,34): error TS2339: Property 'projectPath' does not exist on type 'string'.
ai-platform/local-agent/dist/portable/ai-platform/server/lib/code-understanding/code-understanding-engine.cjs(122,30): error TS2339: Property 'projectPath' does not exist on type 'string'.
ai-platform/local-agent/dist/portable/ai-platform/server/lib/code-understanding/code-understanding-engine.cjs(125,36): error TS2345: Argument of type '{ static: any; semantic: any; contextual: any; expert: { layer: string; reviews: any[]; consensus: { count: number; consensus: any; confidence: number; }; }; }' is not assignable to parameter of type 'any[]'.
  Type '{ static: any; semantic: any; contextual: any; expert: { layer: string; reviews: any[]; consensus: { count: number; consensus: any; confidence: number; }; }; }' is missing the following properties from type 'any[]': length, pop, push, concat, and 29 more.
ai-platform/local-agent/dist/portable/ai-platform/server/lib/code-understanding/code-understanding-engine.cjs(126,52): error TS2345: Argument of type '{ static: any; semantic: any; contextual: any; expert: { layer: string; reviews: any[]; consensus: { count: number; consensus: any; confidence: number; }; }; }' is not assignable to parameter of type 'any[]'.
  Type '{ static: any; semantic: any; contextual: any; expert: { layer: string; reviews: any[]; consensus: { count: number; consensus: any; confidence: number; }; }; }' is missing the following properties from type 'any[]': length, pop, push, concat, and 29 more.
ai-platform/local-agent/dist/portable/ai-platform/server/lib/code-understanding/code-understanding-engine.cjs(139,14): error TS1064: The return type of an async function or method must be the global Promise<T> type. Did you mean to write 'Promise<any>'?
ai-platform/local-agent/dist/portable/ai-platform/server/lib/code-understanding/code-understanding-engine.cjs(145,43): error TS2345: Argument of type '{ filePath: any; projectPath: any; platformRoot: any; staticFindings: any; }' is not assignable to parameter of type 'string'.
ai-platform/local-agent/dist/portable/ai-platform/server/lib/code-understanding/code-understanding-engine.cjs(158,14): error TS1064: The return type of an async function or method must be the global Promise<T> type. Did you mean to write 'Promise<any>'?
ai-platform/local-agent/dist/portable/ai-platform/server/lib/code-understanding/code-understanding-engine.cjs(161,33): error TS2339: Property 'codeAnalysisRoot' does not exist on type 'number'.
ai-platform/local-agent/dist/portable/ai-platform/server/lib/code-understanding/code-understanding-engine.cjs(161,60): error TS2339: Property 'platformRoot' does not exist on type 'number'.
ai-platform/local-agent/dist/portable/ai-platform/server/lib/code-understanding/code-understanding-engine.cjs(161,83): error TS2339: Property 'projectRoot' does not exist on type 'number'.
ai-platform/local-agent/dist/portable/ai-platform/server/lib/code-understanding/code-understanding-engine.cjs(162,36): error TS2339: Property 'findings' does not exist on type 'number'.
ai-platform/local-agent/dist/portable/ai-platform/server/lib/code-understanding/code-understanding-engine.cjs(170,72): error TS2345: Argument of type '{ filePath: any; projectPath: string; platformRoot: any; staticFindings: any; }' is not assignable to parameter of type 'string'.
ai-platform/local-agent/dist/portable/ai-platform/server/lib/code-understanding/code-understanding-engine.cjs(183,9): error TS2698: Spread types may only be created from object types.
ai-platform/local-agent/dist/portable/ai-platform/server/lib/code-understanding/contextual-analyzer.cjs(17,14): error TS1064: The return type of an async function or method must be the global Promise<T> type. Did you mean to write 'Promise<any>'?
ai-platform/local-agent/dist/portable/ai-platform/server/lib/code-understanding/contextual-analyzer.cjs(37,14): error TS1064: The return type of an async function or method must be the global Promise<T> type. Did you mean to write 'Promise<any>'?
ai-platform/local-agent/dist/portable/ai-platform/server/lib/code-understanding/contextual-analyzer.cjs(80,14): error TS1064: The return type of an async function or method must be the global Promise<T> type. Did you mean to write 'Promise<any>'?
ai-platform/local-agent/dist/portable/ai-platform/server/lib/code-understanding/contextual-analyzer.cjs(113,14): error TS1064: The return type of an async function or method must be the global Promise<T> type. Did you mean to write 'Promise<any>'?
ai-platform/local-agent/dist/portable/ai-platform/server/lib/code-understanding/expert-review-store.cjs(22,14): error TS1064: The return type of an async function or method must be the global Promise<T> type. Did you mean to write 'Promise<any>'?
ai-platform/local-agent/dist/portable/ai-platform/server/lib/code-understanding/expert-review-store.cjs(40,14): error TS1064: The return type of an async function or method must be the global Promise<T> type. Did you mean to write 'Promise<any>'?
ai-platform/local-agent/dist/portable/ai-platform/server/lib/code-understanding/expert-review-store.cjs(66,14): error TS1064: The return type of an async function or method must be the global Promise<T> type. Did you mean to write 'Promise<any>'?
ai-platform/local-agent/dist/portable/ai-platform/server/lib/code-understanding/ml-pattern-detector.cjs(11,24): error TS2307: Cannot find module '../../../src/lib/app-logger.cjs' or its corresponding type declarations.
ai-platform/local-agent/dist/portable/ai-platform/server/lib/code-understanding/ml-pattern-detector.cjs(259,25): error TS2304: Cannot find name 'context'.
ai-platform/local-agent/dist/portable/ai-platform/server/lib/code-understanding/ml-pattern-detector.cjs(259,56): error TS2304: Cannot find name 'context'.
ai-platform/local-agent/dist/portable/ai-platform/server/lib/code-understanding/ml-pattern-detector.cjs(426,25): error TS2304: Cannot find name 'context'.
ai-platform/local-agent/dist/portable/ai-platform/server/lib/code-understanding/ml-pattern-detector.cjs(426,56): error TS2304: Cannot find name 'context'.
ai-platform/local-agent/dist/portable/ai-platform/server/lib/code-understanding/semantic-analyzer.cjs(11,13): error TS2307: Cannot find module '../../services/cloud-inference-service.cjs' or its corresponding type declarations.
ai-platform/local-agent/dist/portable/ai-platform/server/lib/code-understanding/semantic-analyzer.cjs(102,14): error TS1064: The return type of an async function or method must be the global Promise<T> type. Did you mean to write 'Promise<any>'?
ai-platform/local-agent/dist/portable/ai-platform/server/lib/code-understanding/semantic-analyzer.cjs(104,46): error TS2322: Type '{}' is not assignable to type 'string'.
ai-platform/local-agent/dist/portable/ai-platform/server/lib/code-understanding/semantic-analyzer.cjs(105,30): error TS2339: Property 'filePath' does not exist on type 'string'.
ai-platform/local-agent/dist/portable/ai-platform/server/lib/code-understanding/semantic-analyzer.cjs(106,31): error TS2339: Property 'languageDetection' does not exist on type 'string'.
ai-platform/local-agent/dist/portable/ai-platform/server/lib/code-understanding/semantic-analyzer.cjs(113,30): error TS2339: Property 'domainHints' does not exist on type 'string'.
ai-platform/local-agent/dist/portable/ai-platform/server/lib/code-understanding/semantic-analyzer.cjs(146,42): error TS2339: Property 'staticFindings' does not exist on type 'string'.
ai-platform/local-agent/dist/portable/ai-platform/server/lib/code-understanding/zscript-cvar-analyzer.cjs(74,14): error TS1064: The return type of an async function or method must be the global Promise<T> type. Did you mean to write 'Promise<any>'?
ai-platform/local-agent/dist/portable/ai-platform/server/lib/code-understanding/zscript-cvar-analyzer.cjs(82,14): error TS1064: The return type of an async function or method must be the global Promise<T> type. Did you mean to write 'Promise<any>'?
ai-platform/local-agent/dist/portable/ai-platform/server/lib/code-understanding/zscript-cvar-analyzer.cjs(196,14): error TS1064: The return type of an async function or method must be the global Promise<T> type. Did you mean to write 'Promise<any>'?
ai-platform/local-agent/dist/portable/ai-platform/server/lib/code-understanding/zscript-mod-report.cjs(13,14): error TS1064: The return type of an async function or method must be the global Promise<T> type. Did you mean to write 'Promise<any>'?
ai-platform/local-agent/dist/portable/ai-platform/server/lib/code-understanding/zscript-mod-report.cjs(39,50): error TS2345: Argument of type 'string' is not assignable to parameter of type 'any[]'.
ai-platform/local-agent/dist/portable/ai-platform/server/lib/code-understanding/zscript-mod-report.cjs(58,9): error TS2367: This comparison appears to be unintentional because the types 'any[]' and 'string' have no overlap.
ai-platform/local-agent/dist/portable/ai-platform/server/lib/code-understanding/zscript-mod-report.cjs(112,46): error TS2339: Property 'function_analysis' does not exist on type 'string'.
ai-platform/local-agent/dist/portable/ai-platform/server/lib/code-understanding/zscript-mod-report.cjs(113,29): error TS2339: Property 'function_analysis' does not exist on type 'string'.
ai-platform/local-agent/dist/portable/ai-platform/server/lib/code-understanding/zscript-structure-analyzer.cjs(14,14): error TS1064: The return type of an async function or method must be the global Promise<T> type. Did you mean to write 'Promise<any>'?
ai-platform/local-agent/dist/portable/ai-platform/server/lib/code-understanding/zscript-structure-analyzer.cjs(25,14): error TS1064: The return type of an async function or method must be the global Promise<T> type. Did you mean to write 'Promise<any>'?
ai-platform/local-agent/dist/portable/ai-platform/server/lib/code-understanding/zscript-structure-analyzer.cjs(201,57): error TS2345: Argument of type 'string' is not assignable to parameter of type 'Function'.
ai-platform/local-agent/dist/portable/ai-platform/server/lib/code-understanding/zscript-structure-analyzer.cjs(206,50): error TS2345: Argument of type 'string' is not assignable to parameter of type 'Function'.
ai-platform/local-agent/dist/portable/ai-platform/server/lib/code-understanding/zscript-structure-analyzer.cjs(208,53): error TS2345: Argument of type 'string' is not assignable to parameter of type 'Function'.
ai-platform/local-agent/dist/portable/ai-platform/server/lib/code-understanding/zscript-structure-analyzer.cjs(209,41): error TS2345: Argument of type 'string' is not assignable to parameter of type 'Function'.
ai-platform/local-agent/dist/portable/ai-platform/server/lib/code-understanding/zscript-structure-analyzer.cjs(249,40): error TS2339: Property 'startsWith' does not exist on type 'Function'.
ai-platform/local-agent/dist/portable/ai-platform/server/lib/code-understanding/zscript-structure-analyzer.cjs(280,9): error TS2367: This comparison appears to be unintentional because the types 'Function' and 'string' have no overlap.
ai-platform/local-agent/dist/portable/ai-platform/server/lib/code-understanding/zscript-structure-analyzer.cjs(312,14): error TS1064: The return type of an async function or method must be the global Promise<T> type. Did you mean to write 'Promise<any>'?
ai-platform/local-agent/dist/portable/ai-platform/server/lib/code-understanding/zscript-structure-analyzer.cjs(337,40): error TS2345: Argument of type '{}' is not assignable to parameter of type 'string'.
ai-platform/local-agent/dist/portable/ai-platform/server/lib/code-understanding/zscript-structure-analyzer.cjs(349,32): error TS2339: Property 'classes' does not exist on type 'string'.
ai-platform/local-agent/dist/portable/ai-platform/server/lib/codebase-analyzer-helpers.cjs(12,17): error TS2304: Cannot find name 'path'.
ai-platform/local-agent/dist/portable/ai-platform/server/lib/codebase-analyzer.cjs(121,25): error TS2554: Expected 1 arguments, but got 0.
ai-platform/local-agent/dist/portable/ai-platform/server/lib/codebase-analyzer.cjs(1560,61): error TS2353: Object literal may only specify known properties, and 'timeout' does not exist in type 'ScriptOptions'.
ai-platform/local-agent/dist/portable/ai-platform/server/lib/codebase-analyzer.cjs(3057,39): error TS2740: Type '{}' is missing the following properties from type 'any[]': length, pop, push, concat, and 29 more.
ai-platform/local-agent/dist/portable/ai-platform/server/lib/codebase-analyzer.cjs(3088,24): error TS2339: Property 'source' does not exist on type 'any[]'.
ai-platform/local-agent/dist/portable/ai-platform/server/lib/codebase-analyzer.cjs(3089,28): error TS2339: Property 'reportPath' does not exist on type 'any[]'.
ai-platform/local-agent/dist/portable/ai-platform/server/lib/codebase-analyzer.cjs(3090,33): error TS2339: Property 'filesWithIssues' does not exist on type 'any[]'.
ai-platform/local-agent/dist/portable/ai-platform/server/lib/codebase-analyzer.cjs(3091,30): error TS2339: Property 'errors' does not exist on type 'any[]'.
ai-platform/local-agent/dist/portable/ai-platform/server/lib/codebase-analyzer.cjs(3091,53): error TS2339: Property 'warnings' does not exist on type 'any[]'.
ai-platform/local-agent/dist/portable/ai-platform/server/lib/codebase-analyzer.cjs(3092,24): error TS2339: Property 'errors' does not exist on type 'any[]'.
ai-platform/local-agent/dist/portable/ai-platform/server/lib/codebase-analyzer.cjs(3093,26): error TS2339: Property 'warnings' does not exist on type 'any[]'.
ai-platform/local-agent/dist/portable/ai-platform/server/lib/codebase-analyzer.cjs(3095,47): error TS2339: Property 'errors' does not exist on type 'any[]'.
ai-platform/local-agent/dist/portable/ai-platform/server/lib/codebase-analyzer.cjs(3096,49): error TS2339: Property 'warnings' does not exist on type 'any[]'.
ai-platform/local-agent/dist/portable/ai-platform/server/lib/codebase-analyzer.cjs(3125,14): error TS1064: The return type of an async function or method must be the global Promise<T> type. Did you mean to write 'Promise<any>'?
ai-platform/local-agent/dist/portable/ai-platform/server/lib/codebase-analyzer.cjs(3130,31): error TS2304: Cannot find name 'ESLINT_REPORT_CANDIDATES'.
ai-platform/local-agent/dist/portable/ai-platform/server/lib/codebase-analyzer.cjs(3173,14): error TS1064: The return type of an async function or method must be the global Promise<T> type. Did you mean to write 'Promise<any>'?
ai-platform/local-agent/dist/portable/ai-platform/server/lib/codebase-analyzer.cjs(3177,22): error TS2339: Property 'relativePath' does not exist on type 'string'.
ai-platform/local-agent/dist/portable/ai-platform/server/lib/codebase-analyzer.cjs(3184,14): error TS2339: Property 'isArtifact' does not exist on type 'string'.
ai-platform/local-agent/dist/portable/ai-platform/server/lib/codebase-analyzer.cjs(3201,14): error TS2339: Property 'size' does not exist on type 'string'.
ai-platform/local-agent/dist/portable/ai-platform/server/lib/codebase-analyzer.cjs(3214,14): error TS2339: Property 'size' does not exist on type 'string'.
ai-platform/local-agent/dist/portable/ai-platform/server/lib/codebase-analyzer.cjs(3221,62): error TS2339: Property 'size' does not exist on type 'string'.
ai-platform/local-agent/dist/portable/ai-platform/server/lib/codebase-analyzer.cjs(3229,51): error TS2339: Property 'path' does not exist on type 'string'.
ai-platform/local-agent/dist/portable/ai-platform/server/lib/codebase-analyzer.cjs(3256,14): error TS2339: Property 'ext' does not exist on type 'string'.
ai-platform/local-agent/dist/portable/ai-platform/server/lib/codebase-analyzer.cjs(3259,35): error TS2339: Property 'name' does not exist on type 'string'.
ai-platform/local-agent/dist/portable/ai-platform/server/lib/codebase-analyzer.cjs(3259,67): error TS2339: Property 'name' does not exist on type 'string'.
ai-platform/local-agent/dist/portable/ai-platform/server/lib/codebase-analyzer.cjs(3281,70): error TS2339: Property 'ext' does not exist on type 'string'.
ai-platform/local-agent/dist/portable/ai-platform/server/lib/codebase-analyzer.cjs(3299,64): error TS2345: Argument of type 'readonly { id: string; pattern: RegExp; label: string; }[]' is not assignable to parameter of type '{ id: string; pattern: RegExp; label: string; }[]'.
  The type 'readonly { id: string; pattern: RegExp; label: string; }[]' is 'readonly' and cannot be assigned to the mutable type '{ id: string; pattern: RegExp; label: string; }[]'.
ai-platform/local-agent/dist/portable/ai-platform/server/lib/codebase-analyzer.cjs(3349,70): error TS2339: Property 'ext' does not exist on type 'string'.
ai-platform/local-agent/dist/portable/ai-platform/server/lib/codebase-analyzer.cjs(3379,64): error TS2345: Argument of type 'readonly { id: string; pattern: RegExp; label: string; }[]' is not assignable to parameter of type '{ id: string; pattern: RegExp; label: string; }[]'.
  The type 'readonly { id: string; pattern: RegExp; label: string; }[]' is 'readonly' and cannot be assigned to the mutable type '{ id: string; pattern: RegExp; label: string; }[]'.
ai-platform/local-agent/dist/portable/ai-platform/server/lib/codebase-analyzer.cjs(3381,60): error TS2345: Argument of type 'readonly { id: string; pattern: RegExp; label: string; }[]' is not assignable to parameter of type '{ id: string; pattern: RegExp; label: string; }[]'.
  The type 'readonly { id: string; pattern: RegExp; label: string; }[]' is 'readonly' and cannot be assigned to the mutable type '{ id: string; pattern: RegExp; label: string; }[]'.
ai-platform/local-agent/dist/portable/ai-platform/server/lib/codebase-analyzer.cjs(3382,60): error TS2345: Argument of type 'readonly { id: string; pattern: RegExp; label: string; }[]' is not assignable to parameter of type '{ id: string; pattern: RegExp; label: string; }[]'.
  The type 'readonly { id: string; pattern: RegExp; label: string; }[]' is 'readonly' and cannot be assigned to the mutable type '{ id: string; pattern: RegExp; label: string; }[]'.
ai-platform/local-agent/dist/portable/ai-platform/server/lib/codebase-analyzer.cjs(3383,60): error TS2345: Argument of type 'readonly { id: string; pattern: RegExp; label: string; }[]' is not assignable to parameter of type '{ id: string; pattern: RegExp; label: string; }[]'.
  The type 'readonly { id: string; pattern: RegExp; label: string; }[]' is 'readonly' and cannot be assigned to the mutable type '{ id: string; pattern: RegExp; label: string; }[]'.
ai-platform/local-agent/dist/portable/ai-platform/server/lib/codebase-analyzer.cjs(3384,60): error TS2345: Argument of type 'readonly { id: string; pattern: RegExp; label: string; }[]' is not assignable to parameter of type '{ id: string; pattern: RegExp; label: string; }[]'.
  The type 'readonly { id: string; pattern: RegExp; label: string; }[]' is 'readonly' and cannot be assigned to the mutable type '{ id: string; pattern: RegExp; label: string; }[]'.
ai-platform/local-agent/dist/portable/ai-platform/server/lib/codebase-analyzer.cjs(3386,64): error TS2345: Argument of type 'readonly { id: string; pattern: RegExp; label: string; }[]' is not assignable to parameter of type '{ id: string; pattern: RegExp; label: string; }[]'.
  The type 'readonly { id: string; pattern: RegExp; label: string; }[]' is 'readonly' and cannot be assigned to the mutable type '{ id: string; pattern: RegExp; label: string; }[]'.
ai-platform/local-agent/dist/portable/ai-platform/server/lib/codebase-analyzer.cjs(3408,64): error TS2345: Argument of type 'readonly { id: string; pattern: RegExp; label: string; }[]' is not assignable to parameter of type '{ id: string; pattern: RegExp; label: string; }[]'.
  The type 'readonly { id: string; pattern: RegExp; label: string; }[]' is 'readonly' and cannot be assigned to the mutable type '{ id: string; pattern: RegExp; label: string; }[]'.
ai-platform/local-agent/dist/portable/ai-platform/server/lib/codebase-analyzer.cjs(3435,65): error TS2339: Property 'ext' does not exist on type 'string'.
ai-platform/local-agent/dist/portable/ai-platform/server/lib/codebase-analyzer.cjs(3438,46): error TS2339: Property 'relativePath' does not exist on type 'string'.
ai-platform/local-agent/dist/portable/ai-platform/server/lib/codebase-analyzer.cjs(3446,64): error TS2345: Argument of type 'readonly { id: string; pattern: RegExp; label: string; }[]' is not assignable to parameter of type '{ id: string; pattern: RegExp; label: string; }[]'.
  The type 'readonly { id: string; pattern: RegExp; label: string; }[]' is 'readonly' and cannot be assigned to the mutable type '{ id: string; pattern: RegExp; label: string; }[]'.
ai-platform/local-agent/dist/portable/ai-platform/server/lib/codebase-analyzer.cjs(3450,235): error TS2339: Property 'ext' does not exist on type 'string'.
ai-platform/local-agent/dist/portable/ai-platform/server/lib/codebase-analyzer.cjs(3456,82): error TS2339: Property 'ext' does not exist on type 'string'.
ai-platform/local-agent/dist/portable/ai-platform/server/lib/codebase-analyzer.cjs(3461,60): error TS2345: Argument of type 'readonly { id: string; pattern: RegExp; label: string; }[]' is not assignable to parameter of type '{ id: string; pattern: RegExp; label: string; }[]'.
  The type 'readonly { id: string; pattern: RegExp; label: string; }[]' is 'readonly' and cannot be assigned to the mutable type '{ id: string; pattern: RegExp; label: string; }[]'.
ai-platform/local-agent/dist/portable/ai-platform/server/lib/codebase-analyzer.cjs(3467,52): error TS2339: Property 'ext' does not exist on type 'string'.
ai-platform/local-agent/dist/portable/ai-platform/server/lib/codebase-analyzer.cjs(3468,65): error TS2339: Property 'name' does not exist on type 'string'.
ai-platform/local-agent/dist/portable/ai-platform/server/lib/codebase-analyzer.cjs(3468,76): error TS2339: Property 'ext' does not exist on type 'string'.
ai-platform/local-agent/dist/portable/ai-platform/server/lib/codebase-analyzer.cjs(3830,73): error TS2345: Argument of type 'string' is not assignable to parameter of type 'number'.
ai-platform/local-agent/dist/portable/ai-platform/server/lib/codebase-analyzer.cjs(3844,14): error TS1064: The return type of an async function or method must be the global Promise<T> type. Did you mean to write 'Promise<any>'?
ai-platform/local-agent/dist/portable/ai-platform/server/lib/codebase-analyzer.cjs(3882,47): error TS2353: Object literal may only specify known properties, and 'source' does not exist in type 'any[]'.
ai-platform/local-agent/dist/portable/ai-platform/server/lib/codebase-analyzer.cjs(3894,47): error TS2353: Object literal may only specify known properties, and 'source' does not exist in type 'any[]'.
ai-platform/local-agent/dist/portable/ai-platform/server/lib/codebase-analyzer.cjs(3898,21): error TS2304: Cannot find name 'resolveEslintTargets'.
ai-platform/local-agent/dist/portable/ai-platform/server/lib/codebase-analyzer.cjs(3907,47): error TS2353: Object literal may only specify known properties, and 'source' does not exist in type 'any[]'.
ai-platform/local-agent/dist/portable/ai-platform/server/lib/codebase-analyzer.cjs(3955,17): error TS2353: Object literal may only specify known properties, and 'source' does not exist in type 'any[]'.
ai-platform/local-agent/dist/portable/ai-platform/server/lib/codebase-analyzer.cjs(3974,25): error TS2353: Object literal may only specify known properties, and 'source' does not exist in type 'any[]'.
ai-platform/local-agent/dist/portable/ai-platform/server/lib/codebase-analyzer.cjs(3991,47): error TS2353: Object literal may only specify known properties, and 'source' does not exist in type 'any[]'.
ai-platform/local-agent/dist/portable/ai-platform/server/lib/codebase-analyzer.cjs(4089,50): error TS2353: Object literal may only specify known properties, and 'source' does not exist in type 'any[]'.
ai-platform/local-agent/dist/portable/ai-platform/server/lib/codebase-analyzer.cjs(4141,54): error TS2345: Argument of type 'number' is not assignable to parameter of type 'string'.
ai-platform/local-agent/dist/portable/ai-platform/server/lib/codebase-analyzer.cjs(4218,40): error TS2304: Cannot find name 'ESLINT_TARGET_DIRS'.
ai-platform/local-agent/dist/portable/ai-platform/server/lib/complete-scan-audit-report.cjs(8,24): error TS2307: Cannot find module '../../src/lib/app-logger.cjs' or its corresponding type declarations.
ai-platform/local-agent/dist/portable/ai-platform/server/lib/complete-scan-audit-report.cjs(16,5): error TS2305: Module '"./audit-report-utils.cjs"' has no exported member 'redactPathForDisplay'.
ai-platform/local-agent/dist/portable/ai-platform/server/lib/complete-scan-audit-report.cjs(164,14): error TS1064: The return type of an async function or method must be the global Promise<T> type. Did you mean to write 'Promise<any>'?
ai-platform/local-agent/dist/portable/ai-platform/server/lib/complete-scan-audit-report.cjs(184,30): error TS2304: Cannot find name 'sortBySeverity'.
ai-platform/local-agent/dist/portable/ai-platform/server/lib/complete-scan-audit-report.cjs(185,30): error TS2304: Cannot find name 'sortBySeverity'.
ai-platform/local-agent/dist/portable/ai-platform/server/lib/complete-scan-audit-report.cjs(307,14): error TS1064: The return type of an async function or method must be the global Promise<T> type. Did you mean to write 'Promise<any>'?
ai-platform/local-agent/dist/portable/ai-platform/server/lib/compliance-rules.cjs(11,47): error TS2307: Cannot find module '../services/cloud-inference-service.cjs' or its corresponding type declarations.
ai-platform/local-agent/dist/portable/ai-platform/server/lib/compliance-rules.cjs(12,24): error TS2307: Cannot find module '../../src/lib/app-logger.cjs' or its corresponding type declarations.
ai-platform/local-agent/dist/portable/ai-platform/server/lib/cors-config.cjs(22,29): error TS2740: Type '{}' is missing the following properties from type 'any[]': length, pop, push, concat, and 29 more.
ai-platform/local-agent/dist/portable/ai-platform/server/lib/cors-config.cjs(24,82): error TS2339: Property 'defaultOrigin' does not exist on type 'any[]'.
ai-platform/local-agent/dist/portable/ai-platform/server/lib/coverage-reports-builder.cjs(5,34): error TS2305: Module '"./jest-coverage-reader.cjs"' has no exported member 'roundPct'.
ai-platform/local-agent/dist/portable/ai-platform/server/lib/dashboard-vault-auth.cjs(76,7): error TS2339: Property 'setHeader' does not exist on type 'any[]'.
ai-platform/local-agent/dist/portable/ai-platform/server/lib/data-cleanup-scan.cjs(22,14): error TS1064: The return type of an async function or method must be the global Promise<T> type. Did you mean to write 'Promise<boolean>'?
ai-platform/local-agent/dist/portable/ai-platform/server/lib/data-cleanup-scan.cjs(165,14): error TS1064: The return type of an async function or method must be the global Promise<T> type. Did you mean to write 'Promise<any>'?
ai-platform/local-agent/dist/portable/ai-platform/server/lib/data-cleanup-scan.cjs(227,50): error TS2554: Expected 1 arguments, but got 2.
ai-platform/local-agent/dist/portable/ai-platform/server/lib/data-cleanup-scan.cjs(259,14): error TS1064: The return type of an async function or method must be the global Promise<T> type. Did you mean to write 'Promise<any>'?
ai-platform/local-agent/dist/portable/ai-platform/server/lib/data-cleanup-scan.cjs(271,28): error TS2339: Property 'status' does not exist on type 'any[]'.
ai-platform/local-agent/dist/portable/ai-platform/server/lib/data-cleanup-scan.cjs(274,28): error TS2339: Property 'status' does not exist on type 'any[]'.
ai-platform/local-agent/dist/portable/ai-platform/server/lib/data-cleanup-scan.cjs(288,17): error TS2339: Property 'set' does not exist on type 'any[]'.
ai-platform/local-agent/dist/portable/ai-platform/server/lib/data-cleanup-scan.cjs(297,24): error TS2339: Property 'status' does not exist on type 'any[]'.
ai-platform/local-agent/dist/portable/ai-platform/server/lib/directory-bloat-scanner.cjs(39,14): error TS1064: The return type of an async function or method must be the global Promise<T> type. Did you mean to write 'Promise<any>'?
ai-platform/local-agent/dist/portable/ai-platform/server/lib/directory-bloat-scanner.cjs(71,14): error TS1064: The return type of an async function or method must be the global Promise<T> type. Did you mean to write 'Promise<any>'?
ai-platform/local-agent/dist/portable/ai-platform/server/lib/directory-bloat-scanner.cjs(92,14): error TS1064: The return type of an async function or method must be the global Promise<T> type. Did you mean to write 'Promise<any>'?
ai-platform/local-agent/dist/portable/ai-platform/server/lib/email-service.cjs(90,17): error TS8024: JSDoc '@param' tag has name 'from', but there is no parameter with that name.
ai-platform/local-agent/dist/portable/ai-platform/server/lib/email-service.cjs(91,17): error TS8024: JSDoc '@param' tag has name 'subject', but there is no parameter with that name.
ai-platform/local-agent/dist/portable/ai-platform/server/lib/email-service.cjs(92,20): error TS8024: JSDoc '@param' tag has name 'text', but there is no parameter with that name.
ai-platform/local-agent/dist/portable/ai-platform/server/lib/email-service.cjs(93,17): error TS8024: JSDoc '@param' tag has name 'html', but there is no parameter with that name.
ai-platform/local-agent/dist/portable/ai-platform/server/lib/email-service.cjs(94,19): error TS8024: JSDoc '@param' tag has name 'attachments', but there is no parameter with that name.
ai-platform/local-agent/dist/portable/ai-platform/server/lib/email-service.cjs(195,17): error TS8024: JSDoc '@param' tag has name 'subject', but there is no parameter with that name.
ai-platform/local-agent/dist/portable/ai-platform/server/lib/email-service.cjs(196,20): error TS8024: JSDoc '@param' tag has name 'text', but there is no parameter with that name.
ai-platform/local-agent/dist/portable/ai-platform/server/lib/email-service.cjs(197,17): error TS8024: JSDoc '@param' tag has name 'html', but there is no parameter with that name.
ai-platform/local-agent/dist/portable/ai-platform/server/lib/email-service.cjs(198,19): error TS8024: JSDoc '@param' tag has name 'attachments', but there is no parameter with that name.
ai-platform/local-agent/dist/portable/ai-platform/server/lib/email-service.cjs(237,58): error TS2353: Object literal may only specify known properties, and 'provider' does not exist in type '{ sent: boolean; queued: boolean; error?: string; id?: string; }'.
ai-platform/local-agent/dist/portable/ai-platform/server/lib/email-service.cjs(249,58): error TS2353: Object literal may only specify known properties, and 'provider' does not exist in type '{ sent: boolean; queued: boolean; error?: string; id?: string; }'.
ai-platform/local-agent/dist/portable/ai-platform/server/lib/email-service.cjs(275,43): error TS2353: Object literal may only specify known properties, and 'provider' does not exist in type '{ sent: boolean; queued: boolean; error?: string; id?: string; }'.
ai-platform/local-agent/dist/portable/ai-platform/server/lib/enhanced-ai-orchestrator.cjs(8,38): error TS2307: Cannot find module '../services/model-inference-service.cjs' or its corresponding type declarations.
ai-platform/local-agent/dist/portable/ai-platform/server/lib/enhanced-ai-orchestrator.cjs(9,47): error TS2307: Cannot find module '../services/cloud-inference-service.cjs' or its corresponding type declarations.
ai-platform/local-agent/dist/portable/ai-platform/server/lib/enhanced-ai-orchestrator.cjs(10,36): error TS2307: Cannot find module '../services/local-model-service.cjs' or its corresponding type declarations.
ai-platform/local-agent/dist/portable/ai-platform/server/lib/enhanced-ai-orchestrator.cjs(14,24): error TS2307: Cannot find module '../../src/lib/app-logger.cjs' or its corresponding type declarations.
ai-platform/local-agent/dist/portable/ai-platform/server/lib/eu-ai-act-audit-report.cjs(60,14): error TS1064: The return type of an async function or method must be the global Promise<T> type. Did you mean to write 'Promise<any>'?
ai-platform/local-agent/dist/portable/ai-platform/server/lib/eu-ai-act-audit-report.cjs(74,9): error TS2339: Property 'code' does not exist on type 'Error'.
ai-platform/local-agent/dist/portable/ai-platform/server/lib/eu-ai-act-audit-report.cjs(111,23): error TS2339: Property 'rawIssues' does not exist on type 'number'.
ai-platform/local-agent/dist/portable/ai-platform/server/lib/eu-ai-act-audit-report.cjs(111,44): error TS2339: Property 'detectedIssues' does not exist on type 'number'.
ai-platform/local-agent/dist/portable/ai-platform/server/lib/eu-ai-act-audit-report.cjs(143,24): error TS2339: Property 'projectRoot' does not exist on type 'number'.
ai-platform/local-agent/dist/portable/ai-platform/server/lib/eu-ai-act-audit-report.cjs(323,14): error TS1064: The return type of an async function or method must be the global Promise<T> type. Did you mean to write 'Promise<any>'?
ai-platform/local-agent/dist/portable/ai-platform/server/lib/eu-ai-act-export.cjs(538,52): error TS2345: Argument of type 'boolean' is not assignable to parameter of type 'any[]'.
ai-platform/local-agent/dist/portable/ai-platform/server/lib/eu-ai-act-export.cjs(577,69): error TS2554: Expected 1 arguments, but got 2.
ai-platform/local-agent/dist/portable/ai-platform/server/lib/eu-ai-act-export.cjs(600,69): error TS2554: Expected 1 arguments, but got 2.
ai-platform/local-agent/dist/portable/ai-platform/server/lib/eu-ai-act-export.cjs(639,67): error TS2554: Expected 1 arguments, but got 2.
ai-platform/local-agent/dist/portable/ai-platform/server/lib/eu-ai-act-export.cjs(663,57): error TS2554: Expected 1 arguments, but got 2.
ai-platform/local-agent/dist/portable/ai-platform/server/lib/eu-ai-act-export.cjs(664,31): error TS2339: Property 'projectRoot' does not exist on type 'number'.
ai-platform/local-agent/dist/portable/ai-platform/server/lib/eu-ai-act-export.cjs(717,7): error TS2554: Expected 1 arguments, but got 2.
ai-platform/local-agent/dist/portable/ai-platform/server/lib/eu-ai-act-export.cjs(785,73): error TS2554: Expected 1 arguments, but got 2.
ai-platform/local-agent/dist/portable/ai-platform/server/lib/eu-ai-act-export.cjs(825,69): error TS2554: Expected 1 arguments, but got 2.
ai-platform/local-agent/dist/portable/ai-platform/server/lib/eu-ai-act-export.cjs(826,57): error TS2554: Expected 1 arguments, but got 2.
ai-platform/local-agent/dist/portable/ai-platform/server/lib/eu-ai-act-export.cjs(1116,16): error TS2339: Property 'scanScope' does not exist on type 'number'.
ai-platform/local-agent/dist/portable/ai-platform/server/lib/eu-ai-act-export.cjs(1117,30): error TS2339: Property 'productionLeakScanned' does not exist on type 'number'.
ai-platform/local-agent/dist/portable/ai-platform/server/lib/eu-ai-act-export.cjs(1117,62): error TS2339: Property 'scanScope' does not exist on type 'number'.
ai-platform/local-agent/dist/portable/ai-platform/server/lib/eu-ai-act-export.cjs(1118,32): error TS2339: Property 'sourceCodeFilesScanned' does not exist on type 'number'.
ai-platform/local-agent/dist/portable/ai-platform/server/lib/eu-ai-act-export.cjs(1118,65): error TS2339: Property 'scanScope' does not exist on type 'number'.
ai-platform/local-agent/dist/portable/ai-platform/server/lib/eu-ai-act-export.cjs(1119,30): error TS2339: Property 'scanScope' does not exist on type 'number'.
ai-platform/local-agent/dist/portable/ai-platform/server/lib/eu-ai-act-export.cjs(1126,5): error TS2698: Spread types may only be created from object types.
ai-platform/local-agent/dist/portable/ai-platform/server/lib/eu-ai-act-export.cjs(1128,17): error TS2339: Property 'scanScope' does not exist on type 'number'.
ai-platform/local-agent/dist/portable/ai-platform/server/lib/eu-ai-act-export.cjs(1147,30): error TS2339: Property 'gateReport' does not exist on type '{ projectPath?: string; }'.
ai-platform/local-agent/dist/portable/ai-platform/server/lib/eu-ai-act-export.cjs(1148,40): error TS2339: Property 'repositoryFilesTotal' does not exist on type '{ projectPath?: string; }'.
ai-platform/local-agent/dist/portable/ai-platform/server/lib/eu-ai-act-export.cjs(1169,54): error TS2554: Expected 1 arguments, but got 2.
ai-platform/local-agent/dist/portable/ai-platform/server/lib/eu-ai-act-export.cjs(1176,77): error TS2554: Expected 1 arguments, but got 2.
ai-platform/local-agent/dist/portable/ai-platform/server/lib/eu-ai-act-export.cjs(1179,25): error TS2339: Property 'npmAudit' does not exist on type '{ projectPath?: string; }'.
ai-platform/local-agent/dist/portable/ai-platform/server/lib/eu-ai-act-export.cjs(1186,80): error TS2554: Expected 1 arguments, but got 2.
ai-platform/local-agent/dist/portable/ai-platform/server/lib/eu-ai-act-export.cjs(1224,65): error TS2554: Expected 1 arguments, but got 2.
ai-platform/local-agent/dist/portable/ai-platform/server/lib/eu-ai-act-export.cjs(1225,67): error TS2554: Expected 1 arguments, but got 2.
ai-platform/local-agent/dist/portable/ai-platform/server/lib/eu-ai-act-export.cjs(1335,17): error TS8024: JSDoc '@param' tag has name 'documentationFound', but there is no parameter with that name.
ai-platform/local-agent/dist/portable/ai-platform/server/lib/eu-ai-act-export.cjs(1336,17): error TS8024: JSDoc '@param' tag has name 'summary', but there is no parameter with that name.
ai-platform/local-agent/dist/portable/ai-platform/server/lib/eu-ai-act-sprint-service.cjs(45,25): error TS2339: Property 'rawIssues' does not exist on type 'number'.
ai-platform/local-agent/dist/portable/ai-platform/server/lib/eu-ai-act-sprint-service.cjs(45,45): error TS2339: Property 'detectedIssues' does not exist on type 'number'.
ai-platform/local-agent/dist/portable/ai-platform/server/lib/eu-ai-act-sprint-service.cjs(53,14): error TS1064: The return type of an async function or method must be the global Promise<T> type. Did you mean to write 'Promise<any>'?
ai-platform/local-agent/dist/portable/ai-platform/server/lib/eu-ai-act-sprint-service.cjs(117,55): error TS2554: Expected 1 arguments, but got 2.
ai-platform/local-agent/dist/portable/ai-platform/server/lib/eu-ai-act-sprint-service.cjs(139,37): error TS2345: Argument of type 'string' is not assignable to parameter of type 'number'.
ai-platform/local-agent/dist/portable/ai-platform/server/lib/file-merger-reduction-scanner.cjs(75,20): error TS18047: 'candidate' is possibly 'null'.
ai-platform/local-agent/dist/portable/ai-platform/server/lib/file-merger-reduction-scanner.cjs(86,34): error TS2339: Property 'fuzzyNearDuplicates' does not exist on type 'any[]'.
ai-platform/local-agent/dist/portable/ai-platform/server/lib/file-merger-reduction-scanner.cjs(88,37): error TS2339: Property 'patternConsolidation' does not exist on type 'any[]'.
ai-platform/local-agent/dist/portable/ai-platform/server/lib/file-merger-reduction-scanner.cjs(93,25): error TS2339: Property 'fuzzyNearDuplicates' does not exist on type 'any[]'.
ai-platform/local-agent/dist/portable/ai-platform/server/lib/file-merger-reduction-scanner.cjs(98,25): error TS2339: Property 'patternConsolidation' does not exist on type 'any[]'.
ai-platform/local-agent/dist/portable/ai-platform/server/lib/file-merger-reduction-scanner.cjs(150,19): error TS18047: 'fileA' is possibly 'null'.
ai-platform/local-agent/dist/portable/ai-platform/server/lib/file-merger-reduction-scanner.cjs(151,19): error TS18047: 'fileB' is possibly 'null'.
ai-platform/local-agent/dist/portable/ai-platform/server/lib/file-merger-reduction-scanner.cjs(156,40): error TS18047: 'fileA' is possibly 'null'.
ai-platform/local-agent/dist/portable/ai-platform/server/lib/file-merger-reduction-scanner.cjs(156,62): error TS18047: 'fileA' is possibly 'null'.
ai-platform/local-agent/dist/portable/ai-platform/server/lib/file-merger-reduction-scanner.cjs(157,40): error TS18047: 'fileB' is possibly 'null'.
ai-platform/local-agent/dist/portable/ai-platform/server/lib/file-merger-reduction-scanner.cjs(157,62): error TS18047: 'fileB' is possibly 'null'.
ai-platform/local-agent/dist/portable/ai-platform/server/lib/file-merger-reduction-scanner.cjs(183,9): error TS18047: 'fileA' is possibly 'null'.
ai-platform/local-agent/dist/portable/ai-platform/server/lib/file-merger-reduction-scanner.cjs(183,24): error TS18047: 'fileB' is possibly 'null'.
ai-platform/local-agent/dist/portable/ai-platform/server/lib/file-merger-reduction-scanner.cjs(184,27): error TS18047: 'fileA' is possibly 'null'.
ai-platform/local-agent/dist/portable/ai-platform/server/lib/file-merger-reduction-scanner.cjs(184,60): error TS18047: 'fileB' is possibly 'null'.
ai-platform/local-agent/dist/portable/ai-platform/server/lib/file-merger-reduction-scanner.cjs(185,31): error TS18047: 'fileA' is possibly 'null'.
ai-platform/local-agent/dist/portable/ai-platform/server/lib/file-merger-reduction-scanner.cjs(185,53): error TS18047: 'fileA' is possibly 'null'.
ai-platform/local-agent/dist/portable/ai-platform/server/lib/file-merger-reduction-scanner.cjs(186,31): error TS18047: 'fileB' is possibly 'null'.
ai-platform/local-agent/dist/portable/ai-platform/server/lib/file-merger-reduction-scanner.cjs(186,53): error TS18047: 'fileB' is possibly 'null'.
ai-platform/local-agent/dist/portable/ai-platform/server/lib/file-merger-reduction-scanner.cjs(187,29): error TS18047: 'fileA' is possibly 'null'.
ai-platform/local-agent/dist/portable/ai-platform/server/lib/file-merger-reduction-scanner.cjs(187,44): error TS18047: 'fileB' is possibly 'null'.
ai-platform/local-agent/dist/portable/ai-platform/server/lib/file-merger-reduction-scanner.cjs(209,14): error TS1064: The return type of an async function or method must be the global Promise<T> type. Did you mean to write 'Promise<any>'?
ai-platform/local-agent/dist/portable/ai-platform/server/lib/file-merger-reduction-scanner.cjs(225,14): error TS1064: The return type of an async function or method must be the global Promise<T> type. Did you mean to write 'Promise<any>'?
ai-platform/local-agent/dist/portable/ai-platform/server/lib/file-merger-reduction-scanner.cjs(249,14): error TS1064: The return type of an async function or method must be the global Promise<T> type. Did you mean to write 'Promise<any>'?
ai-platform/local-agent/dist/portable/ai-platform/server/lib/file-merger-reduction-scanner.cjs(297,14): error TS1064: The return type of an async function or method must be the global Promise<T> type. Did you mean to write 'Promise<any>'?
ai-platform/local-agent/dist/portable/ai-platform/server/lib/file-merger-reduction-scanner.cjs(318,14): error TS1064: The return type of an async function or method must be the global Promise<T> type. Did you mean to write 'Promise<any>'?
ai-platform/local-agent/dist/portable/ai-platform/server/lib/file-merger-reduction-scanner.cjs(404,14): error TS1064: The return type of an async function or method must be the global Promise<T> type. Did you mean to write 'Promise<any>'?
ai-platform/local-agent/dist/portable/ai-platform/server/lib/file-merger-reduction-scanner.cjs(408,9): error TS18047: 'file' is possibly 'null'.
ai-platform/local-agent/dist/portable/ai-platform/server/lib/file-merger-reduction-scanner.cjs(408,33): error TS18047: 'file' is possibly 'null'.
ai-platform/local-agent/dist/portable/ai-platform/server/lib/file-merger-reduction-scanner.cjs(410,48): error TS18047: 'file' is possibly 'null'.
ai-platform/local-agent/dist/portable/ai-platform/server/lib/file-merger-reduction-scanner.cjs(495,14): error TS1064: The return type of an async function or method must be the global Promise<T> type. Did you mean to write 'Promise<any>'?
ai-platform/local-agent/dist/portable/ai-platform/server/lib/file-merger-reduction-scanner.cjs(555,48): error TS2740: Type '{}' is missing the following properties from type 'any[]': length, pop, push, concat, and 29 more.
ai-platform/local-agent/dist/portable/ai-platform/server/lib/file-merger-reduction-scanner.cjs(561,52): error TS2339: Property 'repositoryInventoryProfile' does not exist on type 'any[]'.
ai-platform/local-agent/dist/portable/ai-platform/server/lib/file-merger-reduction-scanner.cjs(564,41): error TS2339: Property 'sampleDataFiles' does not exist on type 'any[]'.
ai-platform/local-agent/dist/portable/ai-platform/server/lib/file-merger-reduction-scanner.cjs(565,35): error TS2339: Property 'jsonFiles' does not exist on type 'any[]'.
ai-platform/local-agent/dist/portable/ai-platform/server/lib/file-merger-reduction-scanner.cjs(566,40): error TS2339: Property 'repositoryFilesAudited' does not exist on type 'any[]'.
ai-platform/local-agent/dist/portable/ai-platform/server/lib/file-merger-reduction-scanner.cjs(567,44): error TS2339: Property 'repositoryInventoryProfile' does not exist on type 'any[]'.
ai-platform/local-agent/dist/portable/ai-platform/server/lib/file-merger-reduction-scanner.cjs(568,53): error TS2339: Property 'repositoryFiles' does not exist on type 'any[]'.
ai-platform/local-agent/dist/portable/ai-platform/server/lib/file-merger-reduction-scanner.cjs(569,38): error TS2339: Property 'repositoryFiles' does not exist on type 'any[]'.
ai-platform/local-agent/dist/portable/ai-platform/server/lib/file-merger-reduction-scanner.cjs(570,40): error TS2339: Property 'repositoryFolders' does not exist on type 'any[]'.
ai-platform/local-agent/dist/portable/ai-platform/server/lib/file-merger-reduction-scanner.cjs(573,53): error TS2339: Property 'repositoryInventoryProfile' does not exist on type 'any[]'.
ai-platform/local-agent/dist/portable/ai-platform/server/lib/file-merger-reduction-scanner.cjs(573,112): error TS2339: Property 'repositoryFiles' does not exist on type 'any[]'.
ai-platform/local-agent/dist/portable/ai-platform/server/lib/file-merger-reduction-scanner.cjs(573,158): error TS2339: Property 'repositoryFiles' does not exist on type 'any[]'.
ai-platform/local-agent/dist/portable/ai-platform/server/lib/file-merger-reduction-scanner.cjs(574,52): error TS2339: Property 'repositoryFilesAudited' does not exist on type 'any[]'.
ai-platform/local-agent/dist/portable/ai-platform/server/lib/file-merger-reduction-scanner.cjs(574,105): error TS2339: Property 'repositoryFilesAudited' does not exist on type 'any[]'.
ai-platform/local-agent/dist/portable/ai-platform/server/lib/file-merger-reduction-scanner.cjs(574,175): error TS2339: Property 'jsonFiles' does not exist on type 'any[]'.
ai-platform/local-agent/dist/portable/ai-platform/server/lib/file-merger-reduction-scanner.cjs(577,24): error TS2339: Property 'benchmarkCacheCandidatesExcluded' does not exist on type 'any[]'.
ai-platform/local-agent/dist/portable/ai-platform/server/lib/file-merger-reduction-scanner.cjs(578,33): error TS2339: Property 'benchmarkCacheCandidatesExcluded' does not exist on type 'any[]'.
ai-platform/local-agent/dist/portable/ai-platform/server/lib/file-merger-reduction-scanner.cjs(591,14): error TS1064: The return type of an async function or method must be the global Promise<T> type. Did you mean to write 'Promise<any>'?
ai-platform/local-agent/dist/portable/ai-platform/server/lib/file-merger-reduction-scanner.cjs(619,14): error TS1064: The return type of an async function or method must be the global Promise<T> type. Did you mean to write 'Promise<any>'?
ai-platform/local-agent/dist/portable/ai-platform/server/lib/file-merger-reduction-scanner.cjs(641,57): error TS2554: Expected 1 arguments, but got 2.
ai-platform/local-agent/dist/portable/ai-platform/server/lib/file-merger-reduction-scanner.cjs(677,9): error TS2345: Argument of type '(bytes: number) => string' is not assignable to parameter of type 'any[]'.
ai-platform/local-agent/dist/portable/ai-platform/server/lib/file-merger-reduction-scanner.cjs(748,13): error TS2353: Object literal may only specify known properties, and 'sampleDataFiles' does not exist in type 'any[]'.
ai-platform/local-agent/dist/portable/ai-platform/server/lib/file-merger-reduction-scanner.cjs(885,30): error TS2339: Property 'patternConsolidation' does not exist on type 'any[]'.
ai-platform/local-agent/dist/portable/ai-platform/server/lib/file-merger-reduction-scanner.cjs(894,51): error TS18047: 'report' is possibly 'null'.
ai-platform/local-agent/dist/portable/ai-platform/server/lib/file-merger-reduction-scanner.cjs(897,15): error TS18047: 'report' is possibly 'null'.
ai-platform/local-agent/dist/portable/ai-platform/server/lib/file-merger-reduction-scanner.cjs(899,49): error TS18047: 'report' is possibly 'null'.
ai-platform/local-agent/dist/portable/ai-platform/server/lib/flexible-analyze-utils.cjs(374,14): error TS1064: The return type of an async function or method must be the global Promise<T> type. Did you mean to write 'Promise<number>'?
ai-platform/local-agent/dist/portable/ai-platform/server/lib/flexible-analyze-utils.cjs(540,43): error TS2339: Property 'message' does not exist on type 'string | Error'.
  Property 'message' does not exist on type 'string'.
ai-platform/local-agent/dist/portable/ai-platform/server/lib/flexible-analyze-utils.cjs(540,72): error TS2339: Property 'message' does not exist on type 'string | Error'.
  Property 'message' does not exist on type 'string'.
ai-platform/local-agent/dist/portable/ai-platform/server/lib/flexible-analyze-utils.cjs(645,53): error TS2739: Type '{}' is missing the following properties from type '{ isSameResolvedPath: Function; resolvePlatformRoot: Function; }': isSameResolvedPath, resolvePlatformRoot
ai-platform/local-agent/dist/portable/ai-platform/server/lib/fuzzy-content-matcher.cjs(169,18): error TS2339: Property 'size' does not exist on type 'string'.
ai-platform/local-agent/dist/portable/ai-platform/server/lib/fuzzy-content-matcher.cjs(170,37): error TS2339: Property 'path' does not exist on type 'string'.
ai-platform/local-agent/dist/portable/ai-platform/server/lib/fuzzy-content-matcher.cjs(318,37): error TS2349: This expression is not callable.
  Type 'any[]' has no call signatures.
ai-platform/local-agent/dist/portable/ai-platform/server/lib/merge-preview.cjs(46,14): error TS1064: The return type of an async function or method must be the global Promise<T> type. Did you mean to write 'Promise<any>'?
ai-platform/local-agent/dist/portable/ai-platform/server/lib/merge-preview.cjs(118,28): error TS2339: Property 'risk' does not exist on type 'string'.
ai-platform/local-agent/dist/portable/ai-platform/server/lib/merge-preview.cjs(124,20): error TS2339: Property 'mergeType' does not exist on type 'string'.
ai-platform/local-agent/dist/portable/ai-platform/server/lib/merge-preview.cjs(127,27): error TS2339: Property 'mergeType' does not exist on type 'string'.
ai-platform/local-agent/dist/portable/ai-platform/server/lib/merge-preview.cjs(128,28): error TS2339: Property 'similarity' does not exist on type 'string'.
ai-platform/local-agent/dist/portable/ai-platform/server/lib/merge-preview.cjs(129,64): error TS2339: Property 'similarity' does not exist on type 'string'.
ai-platform/local-agent/dist/portable/ai-platform/server/lib/merge-preview.cjs(130,27): error TS2339: Property 'mergeType' does not exist on type 'string'.
ai-platform/local-agent/dist/portable/ai-platform/server/lib/merge-preview.cjs(159,14): error TS1064: The return type of an async function or method must be the global Promise<T> type. Did you mean to write 'Promise<any>'?
ai-platform/local-agent/dist/portable/ai-platform/server/lib/mock-data-file-scanner.cjs(33,20): error TS2339: Property 'size' does not exist on type 'Dirent<string>'.
ai-platform/local-agent/dist/portable/ai-platform/server/lib/mock-data-helpers.cjs(82,24): error TS2339: Property 'path' does not exist on type 'string'.
ai-platform/local-agent/dist/portable/ai-platform/server/lib/mock-data-helpers.cjs(83,25): error TS2339: Property 'path' does not exist on type 'string'.
ai-platform/local-agent/dist/portable/ai-platform/server/lib/mock-data-helpers.cjs(84,24): error TS2339: Property 'size' does not exist on type 'string'.
ai-platform/local-agent/dist/portable/ai-platform/server/lib/mock-data-helpers.cjs(85,25): error TS2339: Property 'size' does not exist on type 'string'.
ai-platform/local-agent/dist/portable/ai-platform/server/lib/mock-data-helpers.cjs(86,34): error TS2339: Property 'name' does not exist on type 'string'.
ai-platform/local-agent/dist/portable/ai-platform/server/lib/mock-data-helpers.cjs(98,30): error TS2339: Property 'size' does not exist on type 'string'.
ai-platform/local-agent/dist/portable/ai-platform/server/lib/mock-data-helpers.cjs(101,24): error TS2339: Property 'path' does not exist on type 'string'.
ai-platform/local-agent/dist/portable/ai-platform/server/lib/mock-data-helpers.cjs(102,23): error TS2339: Property 'path' does not exist on type 'string'.
ai-platform/local-agent/dist/portable/ai-platform/server/lib/mock-data-helpers.cjs(118,12): error TS2339: Property 'analysis' does not exist on type 'string'.
ai-platform/local-agent/dist/portable/ai-platform/server/lib/mock-data-helpers.cjs(120,23): error TS2339: Property 'content' does not exist on type 'string'.
ai-platform/local-agent/dist/portable/ai-platform/server/lib/mock-data-helpers.cjs(135,16): error TS2339: Property 'path' does not exist on type 'string'.
ai-platform/local-agent/dist/portable/ai-platform/server/lib/mock-data-helpers.cjs(244,24): error TS2339: Property 'path' does not exist on type 'string'.
ai-platform/local-agent/dist/portable/ai-platform/server/lib/mock-data-helpers.cjs(245,24): error TS2339: Property 'path' does not exist on type 'string'.
ai-platform/local-agent/dist/portable/ai-platform/server/lib/mock-data-helpers.cjs(246,24): error TS2339: Property 'size' does not exist on type 'string'.
ai-platform/local-agent/dist/portable/ai-platform/server/lib/mock-data-helpers.cjs(247,24): error TS2339: Property 'size' does not exist on type 'string'.
ai-platform/local-agent/dist/portable/ai-platform/server/lib/mock-data-scanner.cjs(13,22): error TS2339: Property 'formatBytes' does not exist on type 'typeof import("C:/Users/Trevor/CascadeProjects/ai-platform/local-agent/dist/portable/packages/simplebeacon-cli/src/scan")'.
ai-platform/local-agent/dist/portable/ai-platform/server/lib/npm-audit-runner.cjs(330,14): error TS1064: The return type of an async function or method must be the global Promise<T> type. Did you mean to write 'Promise<any>'?
ai-platform/local-agent/dist/portable/ai-platform/server/lib/operator-deliverable-service.cjs(151,32): error TS2345: Argument of type 'number' is not assignable to parameter of type 'string'.
ai-platform/local-agent/dist/portable/ai-platform/server/lib/operator-deliverable-service.cjs(318,14): error TS1064: The return type of an async function or method must be the global Promise<T> type. Did you mean to write 'Promise<any>'?
ai-platform/local-agent/dist/portable/ai-platform/server/lib/operator-deliverable-service.cjs(341,14): error TS1064: The return type of an async function or method must be the global Promise<T> type. Did you mean to write 'Promise<any>'?
ai-platform/local-agent/dist/portable/ai-platform/server/lib/outreach-mail.cjs(49,14): error TS1064: The return type of an async function or method must be the global Promise<T> type. Did you mean to write 'Promise<any>'?
ai-platform/local-agent/dist/portable/ai-platform/server/lib/outreach-mail.cjs(71,14): error TS1064: The return type of an async function or method must be the global Promise<T> type. Did you mean to write 'Promise<any>'?
ai-platform/local-agent/dist/portable/ai-platform/server/lib/outreach-mail.cjs(94,14): error TS1064: The return type of an async function or method must be the global Promise<T> type. Did you mean to write 'Promise<any>'?
ai-platform/local-agent/dist/portable/ai-platform/server/lib/outreach-mail.cjs(100,9): error TS2339: Property 'code' does not exist on type 'Error'.
ai-platform/local-agent/dist/portable/ai-platform/server/lib/outreach-mail.cjs(107,9): error TS2339: Property 'code' does not exist on type 'Error'.
ai-platform/local-agent/dist/portable/ai-platform/server/lib/outreach-mail.cjs(119,14): error TS1064: The return type of an async function or method must be the global Promise<T> type. Did you mean to write 'Promise<any>'?
ai-platform/local-agent/dist/portable/ai-platform/server/lib/outreach-mail.cjs(143,14): error TS1064: The return type of an async function or method must be the global Promise<T> type. Did you mean to write 'Promise<any>'?
ai-platform/local-agent/dist/portable/ai-platform/server/lib/outreach-mail.cjs(152,9): error TS2339: Property 'code' does not exist on type 'Error'.
ai-platform/local-agent/dist/portable/ai-platform/server/lib/outreach-mail.cjs(157,9): error TS2339: Property 'code' does not exist on type 'Error'.
ai-platform/local-agent/dist/portable/ai-platform/server/lib/outreach-mail.cjs(162,9): error TS2339: Property 'code' does not exist on type 'Error'.
ai-platform/local-agent/dist/portable/ai-platform/server/lib/outreach-mail.cjs(167,9): error TS2339: Property 'code' does not exist on type 'Error'.
ai-platform/local-agent/dist/portable/ai-platform/server/lib/outreach-mail.cjs(173,11): error TS2459: Module '"./audit-booking-mail.cjs"' declares 'sendResendMail' locally, but it is not exported.
ai-platform/local-agent/dist/portable/ai-platform/server/lib/outreach-mail.cjs(185,9): error TS2339: Property 'code' does not exist on type 'Error'.
ai-platform/local-agent/dist/portable/ai-platform/server/lib/outreach-resend-webhook.cjs(261,14): error TS1064: The return type of an async function or method must be the global Promise<T> type. Did you mean to write 'Promise<any>'?
ai-platform/local-agent/dist/portable/ai-platform/server/lib/outreach-resend-webhook.cjs(280,14): error TS1064: The return type of an async function or method must be the global Promise<T> type. Did you mean to write 'Promise<any>'?
ai-platform/local-agent/dist/portable/ai-platform/server/lib/outreach-resend-webhook.cjs(283,43): error TS2554: Expected 1 arguments, but got 2.
ai-platform/local-agent/dist/portable/ai-platform/server/lib/outreach-resend-webhook.cjs(309,37): error TS2345: Argument of type 'number' is not assignable to parameter of type 'any[]'.
ai-platform/local-agent/dist/portable/ai-platform/server/lib/outreach-resend-webhook.cjs(318,37): error TS2345: Argument of type 'number' is not assignable to parameter of type 'any[]'.
ai-platform/local-agent/dist/portable/ai-platform/server/lib/outreach-resend-webhook.cjs(330,37): error TS2345: Argument of type 'number' is not assignable to parameter of type 'any[]'.
ai-platform/local-agent/dist/portable/ai-platform/server/lib/outreach-route.cjs(17,14): error TS1064: The return type of an async function or method must be the global Promise<T> type. Did you mean to write 'Promise<any>'?
ai-platform/local-agent/dist/portable/ai-platform/server/lib/outreach-route.cjs(20,14): error TS2339: Property 'json' does not exist on type 'any[]'.
ai-platform/local-agent/dist/portable/ai-platform/server/lib/outreach-route.cjs(32,14): error TS1064: The return type of an async function or method must be the global Promise<T> type. Did you mean to write 'Promise<any>'?
ai-platform/local-agent/dist/portable/ai-platform/server/lib/outreach-route.cjs(37,14): error TS2339: Property 'json' does not exist on type 'any[]'.
ai-platform/local-agent/dist/portable/ai-platform/server/lib/outreach-route.cjs(48,14): error TS1064: The return type of an async function or method must be the global Promise<T> type. Did you mean to write 'Promise<any>'?
ai-platform/local-agent/dist/portable/ai-platform/server/lib/outreach-route.cjs(54,16): error TS2339: Property 'json' does not exist on type 'any[]'.
ai-platform/local-agent/dist/portable/ai-platform/server/lib/outreach-route.cjs(57,35): error TS2345: Argument of type 'number' is not assignable to parameter of type 'any[]'.
ai-platform/local-agent/dist/portable/ai-platform/server/lib/outreach-route.cjs(64,35): error TS2345: Argument of type 'number' is not assignable to parameter of type 'any[]'.
ai-platform/local-agent/dist/portable/ai-platform/server/lib/outreach-route.cjs(70,33): error TS2345: Argument of type 'number' is not assignable to parameter of type 'any[]'.
ai-platform/local-agent/dist/portable/ai-platform/server/lib/outreach-route.cjs(83,14): error TS1064: The return type of an async function or method must be the global Promise<T> type. Did you mean to write 'Promise<any>'?
ai-platform/local-agent/dist/portable/ai-platform/server/lib/outreach-route.cjs(87,16): error TS2339: Property 'json' does not exist on type 'any[]'.
ai-platform/local-agent/dist/portable/ai-platform/server/lib/outreach-route.cjs(102,16): error TS2339: Property 'json' does not exist on type 'any[]'.
ai-platform/local-agent/dist/portable/ai-platform/server/lib/outreach-route.cjs(113,35): error TS2345: Argument of type 'number' is not assignable to parameter of type 'any[]'.
ai-platform/local-agent/dist/portable/ai-platform/server/lib/outreach-route.cjs(120,35): error TS2345: Argument of type 'number' is not assignable to parameter of type 'any[]'.
ai-platform/local-agent/dist/portable/ai-platform/server/lib/outreach-route.cjs(127,35): error TS2345: Argument of type 'number' is not assignable to parameter of type 'any[]'.
ai-platform/local-agent/dist/portable/ai-platform/server/lib/outreach-route.cjs(134,35): error TS2345: Argument of type 'number' is not assignable to parameter of type 'any[]'.
ai-platform/local-agent/dist/portable/ai-platform/server/lib/outreach-route.cjs(141,35): error TS2345: Argument of type 'number' is not assignable to parameter of type 'any[]'.
ai-platform/local-agent/dist/portable/ai-platform/server/lib/outreach-route.cjs(148,33): error TS2345: Argument of type 'number' is not assignable to parameter of type 'any[]'.
ai-platform/local-agent/dist/portable/ai-platform/server/lib/outreach-route.cjs(175,30): error TS2345: Argument of type 'number' is not assignable to parameter of type 'any[]'.
ai-platform/local-agent/dist/portable/ai-platform/server/lib/outreach-route.cjs(185,30): error TS2345: Argument of type 'number' is not assignable to parameter of type 'any[]'.
ai-platform/local-agent/dist/portable/ai-platform/server/lib/outreach-route.cjs(195,30): error TS2345: Argument of type 'number' is not assignable to parameter of type 'any[]'.
ai-platform/local-agent/dist/portable/ai-platform/server/lib/outreach-route.cjs(205,30): error TS2345: Argument of type 'number' is not assignable to parameter of type 'any[]'.
ai-platform/local-agent/dist/portable/ai-platform/server/lib/parsers/zscript-parser.cjs(28,5): error TS2416: Property 'parse' in type 'ZScriptParser' is not assignable to the same property in base type 'LanguageParser'.
  Type '(code: any, context?: {}) => { language: string; filePath: any; ast: { classes: { name: string; parentClass: string; methods: string[]; hasStatesBlock: boolean; properties: string[]; }[]; states: { stateLabels: string[]; labelCount: number; }[]; includes: string[]; gzdoomAPI: { ...; }[]; }; classes: { ...; }[]; stat...' is not assignable to type '(code: any, context?: {}) => { language: any; filePath: any; summary: string; }'.
    Call signature return types '{ language: string; filePath: any; ast: { classes: { name: string; parentClass: string; methods: string[]; hasStatesBlock: boolean; properties: string[]; }[]; states: { stateLabels: string[]; labelCount: number; }[]; includes: string[]; gzdoomAPI: { ...; }[]; }; classes: { ...; }[]; states: { ...; }[]; gzdoomAPI: { ...' and '{ language: any; filePath: any; summary: string; }' are incompatible.
      The types of 'summary' are incompatible between these types.
        Type '{ purpose: string; complexity: string; gzdoomFeatures: any; recommendations: string[]; }' is not assignable to type 'string'.
ai-platform/local-agent/dist/portable/ai-platform/server/lib/path-safety.cjs(8,24): error TS2307: Cannot find module '../../src/lib/app-logger.cjs' or its corresponding type declarations.
ai-platform/local-agent/dist/portable/ai-platform/server/lib/path-safety.cjs(121,17): error TS8024: JSDoc '@param' tag has name 'platformRoot', but there is no parameter with that name.
ai-platform/local-agent/dist/portable/ai-platform/server/lib/path-safety.cjs(168,17): error TS8024: JSDoc '@param' tag has name 'platformRoot', but there is no parameter with that name.
ai-platform/local-agent/dist/portable/ai-platform/server/lib/path-safety.cjs(169,20): error TS8024: JSDoc '@param' tag has name 'options', but there is no parameter with that name.
ai-platform/local-agent/dist/portable/ai-platform/server/lib/plugin-system/builtin-plugins.cjs(25,42): error TS2740: Type '{}' is missing the following properties from type 'any[]': length, pop, push, concat, and 29 more.
ai-platform/local-agent/dist/portable/ai-platform/server/lib/plugin-system/builtin-plugins.cjs(38,40): error TS2339: Property 'techDebt' does not exist on type 'any[]'.
ai-platform/local-agent/dist/portable/ai-platform/server/lib/plugin-system/builtin-plugins.cjs(39,37): error TS2339: Property 'debug' does not exist on type 'any[]'.
ai-platform/local-agent/dist/portable/ai-platform/server/lib/plugin-system/builtin-plugins.cjs(40,44): error TS2339: Property 'placeholders' does not exist on type 'any[]'.
ai-platform/local-agent/dist/portable/ai-platform/server/lib/plugin-system/builtin-plugins.cjs(41,45): error TS2339: Property 'bestPractices' does not exist on type 'any[]'.
ai-platform/local-agent/dist/portable/ai-platform/server/lib/plugin-system/builtin-plugins.cjs(42,46): error TS2339: Property 'productionLeak' does not exist on type 'any[]'.
ai-platform/local-agent/dist/portable/ai-platform/server/lib/plugin-system/builtin-plugins.cjs(44,45): error TS2339: Property 'contentIndicators' does not exist on type 'any[]'.
ai-platform/local-agent/dist/portable/ai-platform/server/lib/plugin-system/builtin-plugins.cjs(49,51): error TS2345: Argument of type '{ language: any; filePath: any; }' is not assignable to parameter of type 'string'.
ai-platform/local-agent/dist/portable/ai-platform/server/lib/plugin-system/builtin-plugins.cjs(96,9): error TS2353: Object literal may only specify known properties, and 'debug' does not exist in type 'any[]'.
ai-platform/local-agent/dist/portable/ai-platform/server/lib/plugin-system/builtin-plugins.cjs(106,9): error TS2353: Object literal may only specify known properties, and 'bestPractices' does not exist in type 'any[]'.
ai-platform/local-agent/dist/portable/ai-platform/server/lib/plugin-system/builtin-plugins.cjs(112,9): error TS2353: Object literal may only specify known properties, and 'debug' does not exist in type 'any[]'.
ai-platform/local-agent/dist/portable/ai-platform/server/lib/plugin-system/builtin-plugins.cjs(121,9): error TS2353: Object literal may only specify known properties, and 'debug' does not exist in type 'any[]'.
ai-platform/local-agent/dist/portable/ai-platform/server/lib/plugin-system/builtin-plugins.cjs(126,55): error TS2345: Argument of type '{ techDebt: any[]; debug: any[]; placeholders: any[]; bestPractices: any[]; productionLeak: { id: string; pattern: RegExp; label: string; }[]; }' is not assignable to parameter of type 'any[]'.
  Type '{ techDebt: any[]; debug: any[]; placeholders: any[]; bestPractices: any[]; productionLeak: { id: string; pattern: RegExp; label: string; }[]; }' is missing the following properties from type 'any[]': length, pop, push, concat, and 29 more.
ai-platform/local-agent/dist/portable/ai-platform/server/lib/plugin-system/builtin-plugins.cjs(127,53): error TS2345: Argument of type '{ techDebt: any[]; debug: any[]; placeholders: any[]; bestPractices: any[]; productionLeak: { id: string; pattern: RegExp; label: string; }[]; }' is not assignable to parameter of type 'any[]'.
  Type '{ techDebt: any[]; debug: any[]; placeholders: any[]; bestPractices: any[]; productionLeak: { id: string; pattern: RegExp; label: string; }[]; }' is missing the following properties from type 'any[]': length, pop, push, concat, and 29 more.
ai-platform/local-agent/dist/portable/ai-platform/server/lib/plugin-system/builtin-plugins.cjs(128,51): error TS2345: Argument of type '{ techDebt: any[]; debug: any[]; placeholders: any[]; bestPractices: { id: string; pattern: RegExp; label: string; }[]; productionLeak: { id: string; pattern: RegExp; label: string; }[]; }' is not assignable to parameter of type 'any[]'.
  Type '{ techDebt: any[]; debug: any[]; placeholders: any[]; bestPractices: { id: string; pattern: RegExp; label: string; }[]; productionLeak: { id: string; pattern: RegExp; label: string; }[]; }' is missing the following properties from type 'any[]': length, pop, push, concat, and 29 more.
ai-platform/local-agent/dist/portable/ai-platform/server/lib/plugin-system/builtin-plugins.cjs(129,52): error TS2345: Argument of type '{ techDebt: any[]; debug: { id: string; pattern: RegExp; label: string; }[]; placeholders: any[]; bestPractices: { id: string; pattern: RegExp; label: string; }[]; productionLeak: { id: string; pattern: RegExp; label: string; }[]; }' is not assignable to parameter of type 'any[]'.
  Type '{ techDebt: any[]; debug: { id: string; pattern: RegExp; label: string; }[]; placeholders: any[]; bestPractices: { id: string; pattern: RegExp; label: string; }[]; productionLeak: { id: string; pattern: RegExp; label: string; }[]; }' is missing the following properties from type 'any[]': length, pop, push, concat, and 29 more.
ai-platform/local-agent/dist/portable/ai-platform/server/lib/plugin-system/generic-structure-hints.cjs(47,48): error TS2322: Type '{}' is not assignable to type 'string'.
ai-platform/local-agent/dist/portable/ai-platform/server/lib/plugin-system/generic-structure-hints.cjs(59,27): error TS2339: Property 'language' does not exist on type 'string'.
ai-platform/local-agent/dist/portable/ai-platform/server/lib/plugin-system/generic-structure-hints.cjs(60,27): error TS2339: Property 'filePath' does not exist on type 'string'.
ai-platform/local-agent/dist/portable/ai-platform/server/lib/plugin-system/index.cjs(245,13): error TS2322: Type '{}' is not assignable to type '{ [x: string]: boolean; }'.
  Index signature for type 'string' is missing in type '{}'.
ai-platform/local-agent/dist/portable/ai-platform/server/lib/plugin-system/register-generic-fallback-plugins.cjs(45,47): error TS2345: Argument of type '{ language: any; filePath: any; }' is not assignable to parameter of type 'string'.
ai-platform/local-agent/dist/portable/ai-platform/server/lib/plugin-system/register-generic-fallback-plugins.cjs(70,47): error TS2345: Argument of type '{ language: string; filePath: any; }' is not assignable to parameter of type 'string'.
ai-platform/local-agent/dist/portable/ai-platform/server/lib/redis-cache.cjs(23,14): error TS1064: The return type of an async function or method must be the global Promise<T> type. Did you mean to write 'Promise<any>'?
ai-platform/local-agent/dist/portable/ai-platform/server/lib/redis-cache.cjs(61,14): error TS1064: The return type of an async function or method must be the global Promise<T> type. Did you mean to write 'Promise<any>'?
ai-platform/local-agent/dist/portable/ai-platform/server/lib/redis-cache.cjs(66,33): error TS2339: Property 'get' does not exist on type 'any[]'.
ai-platform/local-agent/dist/portable/ai-platform/server/lib/redis-cache.cjs(80,14): error TS1064: The return type of an async function or method must be the global Promise<T> type. Did you mean to write 'Promise<any>'?
ai-platform/local-agent/dist/portable/ai-platform/server/lib/redis-cache.cjs(85,21): error TS2339: Property 'set' does not exist on type 'any[]'.
ai-platform/local-agent/dist/portable/ai-platform/server/lib/redis-cache.cjs(100,14): error TS1064: The return type of an async function or method must be the global Promise<T> type. Did you mean to write 'Promise<any>'?
ai-platform/local-agent/dist/portable/ai-platform/server/lib/redis-cache.cjs(105,21): error TS2339: Property 'del' does not exist on type 'any[]'.
ai-platform/local-agent/dist/portable/ai-platform/server/lib/redis-cache.cjs(115,14): error TS1064: The return type of an async function or method must be the global Promise<T> type. Did you mean to write 'Promise<any>'?
ai-platform/local-agent/dist/portable/ai-platform/server/lib/redis-cache.cjs(121,39): error TS2554: Expected 0 arguments, but got 1.
ai-platform/local-agent/dist/portable/ai-platform/server/lib/redis-cache.cjs(122,18): error TS2339: Property 'length' does not exist on type 'ArrayIterator<number>'.
ai-platform/local-agent/dist/portable/ai-platform/server/lib/redis-cache.cjs(123,25): error TS2339: Property 'del' does not exist on type 'any[]'.
ai-platform/local-agent/dist/portable/ai-platform/server/lib/redis-cache.cjs(125,21): error TS2339: Property 'length' does not exist on type 'ArrayIterator<number>'.
ai-platform/local-agent/dist/portable/ai-platform/server/lib/redis-cache.cjs(135,14): error TS1064: The return type of an async function or method must be the global Promise<T> type. Did you mean to write 'Promise<any>'?
ai-platform/local-agent/dist/portable/ai-platform/server/lib/redis-cache.cjs(142,34): error TS2339: Property 'ping' does not exist on type 'any[]'.
ai-platform/local-agent/dist/portable/ai-platform/server/lib/redis-cache.cjs(159,14): error TS1064: The return type of an async function or method must be the global Promise<T> type. Did you mean to write 'Promise<any>'?
ai-platform/local-agent/dist/portable/ai-platform/server/lib/redis-cache.cjs(164,21): error TS2339: Property 'quit' does not exist on type 'any[]'.
ai-platform/local-agent/dist/portable/ai-platform/server/lib/removable-files-scanner.cjs(98,7): error TS2367: This comparison appears to be unintentional because the types 'any[]' and 'number' have no overlap.
ai-platform/local-agent/dist/portable/ai-platform/server/lib/removable-files-scanner.cjs(100,34): error TS2345: Argument of type 'any[]' is not assignable to parameter of type 'number'.
ai-platform/local-agent/dist/portable/ai-platform/server/lib/removable-files-scanner.cjs(101,14): error TS2362: The left-hand side of an arithmetic operation must be of type 'any', 'number', 'bigint' or an enum type.
ai-platform/local-agent/dist/portable/ai-platform/server/lib/removable-files-scanner.cjs(110,14): error TS1064: The return type of an async function or method must be the global Promise<T> type. Did you mean to write 'Promise<any>'?
ai-platform/local-agent/dist/portable/ai-platform/server/lib/removable-files-scanner.cjs(145,17): error TS2339: Property 'categories' does not exist on type 'any[]'.
ai-platform/local-agent/dist/portable/ai-platform/server/lib/removable-files-scanner.cjs(150,34): error TS2345: Argument of type 'number' is not assignable to parameter of type 'any[]'.
ai-platform/local-agent/dist/portable/ai-platform/server/lib/removable-files-scanner.cjs(157,17): error TS2339: Property 'totalRemovable' does not exist on type 'any[]'.
ai-platform/local-agent/dist/portable/ai-platform/server/lib/removable-files-scanner.cjs(158,17): error TS2339: Property 'totalFiles' does not exist on type 'any[]'.
ai-platform/local-agent/dist/portable/ai-platform/server/lib/removable-files-scanner.cjs(165,17): error TS2339: Property 'categories' does not exist on type 'any[]'.
ai-platform/local-agent/dist/portable/ai-platform/server/lib/removable-files-scanner.cjs(170,34): error TS2345: Argument of type 'number' is not assignable to parameter of type 'any[]'.
ai-platform/local-agent/dist/portable/ai-platform/server/lib/removable-files-scanner.cjs(176,17): error TS2339: Property 'totalRemovable' does not exist on type 'any[]'.
ai-platform/local-agent/dist/portable/ai-platform/server/lib/removable-files-scanner.cjs(177,17): error TS2339: Property 'totalFiles' does not exist on type 'any[]'.
ai-platform/local-agent/dist/portable/ai-platform/server/lib/removable-files-scanner.cjs(272,14): error TS1064: The return type of an async function or method must be the global Promise<T> type. Did you mean to write 'Promise<any>'?
ai-platform/local-agent/dist/portable/ai-platform/server/lib/removable-files-scanner.cjs(289,45): error TS2345: Argument of type '{ type: string; reportVersion: number; title: string; generatedAt: string; projectRoot: string; totalFiles: number; totalRemovable: number; totalRemovableFormatted: string; categories: any[]; summary: string; }' is not assignable to parameter of type 'any[]'.
  Type '{ type: string; reportVersion: number; title: string; generatedAt: string; projectRoot: string; totalFiles: number; totalRemovable: number; totalRemovableFormatted: string; categories: any[]; summary: string; }' is missing the following properties from type 'any[]': length, pop, push, concat, and 29 more.
ai-platform/local-agent/dist/portable/ai-platform/server/lib/removable-files-scanner.cjs(317,49): error TS2345: Argument of type 'number' is not assignable to parameter of type 'any[]'.
ai-platform/local-agent/dist/portable/ai-platform/server/lib/repository-health-payload.cjs(75,27): error TS2339: Property 'type' does not exist on type 'number'.
ai-platform/local-agent/dist/portable/ai-platform/server/lib/repository-health-payload.cjs(77,28): error TS2339: Property 'summary' does not exist on type 'number'.
ai-platform/local-agent/dist/portable/ai-platform/server/lib/repository-health-payload.cjs(79,69): error TS2339: Property 'recommendations' does not exist on type 'number'.
ai-platform/local-agent/dist/portable/ai-platform/server/lib/repository-health-payload.cjs(91,40): error TS2339: Property 'projectRoot' does not exist on type 'number'.
ai-platform/local-agent/dist/portable/ai-platform/server/lib/repository-health-payload.cjs(92,30): error TS2339: Property 'platformRoot' does not exist on type 'number'.
ai-platform/local-agent/dist/portable/ai-platform/server/lib/repository-health-payload.cjs(92,63): error TS2339: Property 'platformRoot' does not exist on type 'number'.
ai-platform/local-agent/dist/portable/ai-platform/server/lib/repository-health-payload.cjs(93,29): error TS2339: Property 'generatedAt' does not exist on type 'number'.
ai-platform/local-agent/dist/portable/ai-platform/server/lib/repository-health-payload.cjs(94,31): error TS2339: Property 'reportVersion' does not exist on type 'number'.
ai-platform/local-agent/dist/portable/ai-platform/server/lib/repository-health-payload.cjs(102,70): error TS2339: Property 'repositoryInventory' does not exist on type 'number'.
ai-platform/local-agent/dist/portable/ai-platform/server/lib/repository-health-payload.cjs(103,74): error TS2339: Property 'repositoryInventory' does not exist on type 'number'.
ai-platform/local-agent/dist/portable/ai-platform/server/lib/repository-health-payload.cjs(108,27): error TS2339: Property 'scanScope' does not exist on type 'number'.
ai-platform/local-agent/dist/portable/ai-platform/server/lib/repository-health-payload.cjs(110,27): error TS2339: Property 'scanScope' does not exist on type 'number'.
ai-platform/local-agent/dist/portable/ai-platform/server/lib/roadmap-analysis.cjs(20,9): error TS2304: Cannot find name 'path'.
ai-platform/local-agent/dist/portable/ai-platform/server/lib/roadmap-analysis.cjs(21,9): error TS2304: Cannot find name 'path'.
ai-platform/local-agent/dist/portable/ai-platform/server/lib/roadmap-analysis.cjs(22,9): error TS2304: Cannot find name 'path'.
ai-platform/local-agent/dist/portable/ai-platform/server/lib/roadmap-analysis.cjs(26,14): error TS2304: Cannot find name 'fs'.
ai-platform/local-agent/dist/portable/ai-platform/server/lib/roadmap-analysis.cjs(28,29): error TS2304: Cannot find name 'fs'.
ai-platform/local-agent/dist/portable/ai-platform/server/lib/roadmap-analysis.cjs(50,12): error TS2304: Cannot find name 'API_ROUTE_SOURCE_PREFIXES'.
ai-platform/local-agent/dist/portable/ai-platform/server/lib/roadmap-analysis.cjs(56,23): error TS2304: Cannot find name 'fs'.
ai-platform/local-agent/dist/portable/ai-platform/server/lib/roadmap-analysis.cjs(95,21): error TS2304: Cannot find name 'filterRoadmapAnalysisFiles'.
ai-platform/local-agent/dist/portable/ai-platform/server/lib/roadmap-analysis.cjs(101,23): error TS2304: Cannot find name 'fs'.
ai-platform/local-agent/dist/portable/ai-platform/server/lib/roadmap-analysis.cjs(133,20): error TS8024: JSDoc '@param' tag has name 'envPath', but there is no parameter with that name.
ai-platform/local-agent/dist/portable/ai-platform/server/lib/roadmap-analysis.cjs(141,10): error TS2304: Cannot find name 'fs'.
ai-platform/local-agent/dist/portable/ai-platform/server/lib/roadmap-analysis.cjs(143,25): error TS2304: Cannot find name 'fs'.
ai-platform/local-agent/dist/portable/ai-platform/server/lib/roadmap-analysis.cjs(204,39): error TS2304: Cannot find name 'path'.
ai-platform/local-agent/dist/portable/ai-platform/server/lib/roadmap-analysis.cjs(205,44): error TS2304: Cannot find name 'path'.
ai-platform/local-agent/dist/portable/ai-platform/server/lib/roadmap-analysis.cjs(208,28): error TS2304: Cannot find name 'fs'.
ai-platform/local-agent/dist/portable/ai-platform/server/lib/roadmap-analysis.cjs(208,42): error TS2304: Cannot find name 'path'.
ai-platform/local-agent/dist/portable/ai-platform/server/lib/roadmap-analysis.cjs(209,26): error TS2304: Cannot find name 'fs'.
ai-platform/local-agent/dist/portable/ai-platform/server/lib/roadmap-analysis.cjs(209,40): error TS2304: Cannot find name 'path'.
ai-platform/local-agent/dist/portable/ai-platform/server/lib/roadmap-analysis.cjs(210,28): error TS2304: Cannot find name 'fs'.
ai-platform/local-agent/dist/portable/ai-platform/server/lib/roadmap-analysis.cjs(210,42): error TS2304: Cannot find name 'path'.
ai-platform/local-agent/dist/portable/ai-platform/server/lib/roadmap-analysis.cjs(211,26): error TS2304: Cannot find name 'fs'.
ai-platform/local-agent/dist/portable/ai-platform/server/lib/roadmap-analysis.cjs(211,40): error TS2304: Cannot find name 'path'.
ai-platform/local-agent/dist/portable/ai-platform/server/lib/roadmap-analysis.cjs(212,18): error TS2304: Cannot find name 'fs'.
ai-platform/local-agent/dist/portable/ai-platform/server/lib/roadmap-analysis.cjs(212,32): error TS2304: Cannot find name 'path'.
ai-platform/local-agent/dist/portable/ai-platform/server/lib/roadmap-analysis.cjs(213,22): error TS2304: Cannot find name 'fs'.
ai-platform/local-agent/dist/portable/ai-platform/server/lib/roadmap-analysis.cjs(213,36): error TS2304: Cannot find name 'path'.
ai-platform/local-agent/dist/portable/ai-platform/server/lib/roadmap-analysis.cjs(214,21): error TS2304: Cannot find name 'fs'.
ai-platform/local-agent/dist/portable/ai-platform/server/lib/roadmap-analysis.cjs(214,35): error TS2304: Cannot find name 'path'.
ai-platform/local-agent/dist/portable/ai-platform/server/lib/roadmap-analysis.cjs(215,22): error TS2304: Cannot find name 'fs'.
ai-platform/local-agent/dist/portable/ai-platform/server/lib/roadmap-analysis.cjs(215,36): error TS2304: Cannot find name 'path'.
ai-platform/local-agent/dist/portable/ai-platform/server/lib/roadmap-analysis.cjs(216,23): error TS2304: Cannot find name 'fs'.
ai-platform/local-agent/dist/portable/ai-platform/server/lib/roadmap-analysis.cjs(216,37): error TS2304: Cannot find name 'path'.
ai-platform/local-agent/dist/portable/ai-platform/server/lib/roadmap-analysis.cjs(217,28): error TS2304: Cannot find name 'fs'.
ai-platform/local-agent/dist/portable/ai-platform/server/lib/roadmap-analysis.cjs(217,42): error TS2304: Cannot find name 'path'.
ai-platform/local-agent/dist/portable/ai-platform/server/lib/roadmap-analysis.cjs(218,27): error TS2304: Cannot find name 'fs'.
ai-platform/local-agent/dist/portable/ai-platform/server/lib/roadmap-analysis.cjs(218,41): error TS2304: Cannot find name 'path'.
ai-platform/local-agent/dist/portable/ai-platform/server/lib/roadmap-analysis.cjs(281,17): error TS2304: Cannot find name 'readJsonSafe'.
ai-platform/local-agent/dist/portable/ai-platform/server/lib/roadmap-analysis.cjs(281,30): error TS2304: Cannot find name 'path'.
ai-platform/local-agent/dist/portable/ai-platform/server/lib/roadmap-analysis.cjs(282,18): error TS2304: Cannot find name 'readJsonSafe'.
ai-platform/local-agent/dist/portable/ai-platform/server/lib/roadmap-analysis.cjs(282,31): error TS2304: Cannot find name 'path'.
ai-platform/local-agent/dist/portable/ai-platform/server/lib/roadmap-analysis.cjs(301,20): error TS2304: Cannot find name 'path'.
ai-platform/local-agent/dist/portable/ai-platform/server/lib/roadmap-analysis.cjs(302,20): error TS2304: Cannot find name 'fs'.
ai-platform/local-agent/dist/portable/ai-platform/server/lib/roadmap-analysis.cjs(302,34): error TS2304: Cannot find name 'path'.
ai-platform/local-agent/dist/portable/ai-platform/server/lib/roadmap-analysis.cjs(303,11): error TS2304: Cannot find name 'path'.
ai-platform/local-agent/dist/portable/ai-platform/server/lib/roadmap-analysis.cjs(304,11): error TS2304: Cannot find name 'path'.
ai-platform/local-agent/dist/portable/ai-platform/server/lib/roadmap-analysis.cjs(307,13): error TS2304: Cannot find name 'fs'.
ai-platform/local-agent/dist/portable/ai-platform/server/lib/roadmap-analysis.cjs(307,48): error TS2304: Cannot find name 'fs'.
ai-platform/local-agent/dist/portable/ai-platform/server/lib/roadmap-analysis.cjs(313,22): error TS2304: Cannot find name 'fs'.
ai-platform/local-agent/dist/portable/ai-platform/server/lib/roadmap-analysis.cjs(313,36): error TS2304: Cannot find name 'path'.
ai-platform/local-agent/dist/portable/ai-platform/server/lib/roadmap-analysis.cjs(314,21): error TS2304: Cannot find name 'fs'.
ai-platform/local-agent/dist/portable/ai-platform/server/lib/roadmap-analysis.cjs(314,35): error TS2304: Cannot find name 'path'.
ai-platform/local-agent/dist/portable/ai-platform/server/lib/roadmap-analysis.cjs(314,98): error TS2304: Cannot find name 'fs'.
ai-platform/local-agent/dist/portable/ai-platform/server/lib/roadmap-analysis.cjs(314,112): error TS2304: Cannot find name 'path'.
ai-platform/local-agent/dist/portable/ai-platform/server/lib/roadmap-analysis.cjs(315,18): error TS2304: Cannot find name 'fs'.
ai-platform/local-agent/dist/portable/ai-platform/server/lib/roadmap-analysis.cjs(315,32): error TS2304: Cannot find name 'path'.
ai-platform/local-agent/dist/portable/ai-platform/server/lib/roadmap-analysis.cjs(316,25): error TS2304: Cannot find name 'fs'.
ai-platform/local-agent/dist/portable/ai-platform/server/lib/roadmap-analysis.cjs(316,39): error TS2304: Cannot find name 'path'.
ai-platform/local-agent/dist/portable/ai-platform/server/lib/roadmap-analysis.cjs(316,55): error TS2304: Cannot find name 'FIXTURE_SCANNER_PATH'.
ai-platform/local-agent/dist/portable/ai-platform/server/lib/roadmap-analysis.cjs(317,31): error TS2304: Cannot find name 'fs'.
ai-platform/local-agent/dist/portable/ai-platform/server/lib/roadmap-analysis.cjs(317,45): error TS2304: Cannot find name 'path'.
ai-platform/local-agent/dist/portable/ai-platform/server/lib/roadmap-analysis.cjs(318,28): error TS2304: Cannot find name 'fs'.
ai-platform/local-agent/dist/portable/ai-platform/server/lib/roadmap-analysis.cjs(318,42): error TS2304: Cannot find name 'path'.
ai-platform/local-agent/dist/portable/ai-platform/server/lib/roadmap-analysis.cjs(318,110): error TS2304: Cannot find name 'fs'.
ai-platform/local-agent/dist/portable/ai-platform/server/lib/roadmap-analysis.cjs(318,124): error TS2304: Cannot find name 'path'.
ai-platform/local-agent/dist/portable/ai-platform/server/lib/roadmap-analysis.cjs(319,19): error TS2304: Cannot find name 'fs'.
ai-platform/local-agent/dist/portable/ai-platform/server/lib/roadmap-analysis.cjs(319,33): error TS2304: Cannot find name 'path'.
ai-platform/local-agent/dist/portable/ai-platform/server/lib/roadmap-analysis.cjs(319,88): error TS2304: Cannot find name 'fs'.
ai-platform/local-agent/dist/portable/ai-platform/server/lib/roadmap-analysis.cjs(319,102): error TS2304: Cannot find name 'path'.
ai-platform/local-agent/dist/portable/ai-platform/server/lib/roadmap-analysis.cjs(320,23): error TS2304: Cannot find name 'fs'.
ai-platform/local-agent/dist/portable/ai-platform/server/lib/roadmap-analysis.cjs(320,37): error TS2304: Cannot find name 'path'.
ai-platform/local-agent/dist/portable/ai-platform/server/lib/roadmap-analysis.cjs(324,24): error TS2304: Cannot find name 'fs'.
ai-platform/local-agent/dist/portable/ai-platform/server/lib/roadmap-analysis.cjs(324,38): error TS2304: Cannot find name 'path'.
ai-platform/local-agent/dist/portable/ai-platform/server/lib/roadmap-analysis.cjs(324,54): error TS2304: Cannot find name 'FIXTURE_BASE_DIR'.
ai-platform/local-agent/dist/portable/ai-platform/server/lib/roadmap-analysis.cjs(325,24): error TS2304: Cannot find name 'fs'.
ai-platform/local-agent/dist/portable/ai-platform/server/lib/roadmap-analysis.cjs(325,38): error TS2304: Cannot find name 'path'.
ai-platform/local-agent/dist/portable/ai-platform/server/lib/roadmap-analysis.cjs(326,24): error TS2304: Cannot find name 'fs'.
ai-platform/local-agent/dist/portable/ai-platform/server/lib/roadmap-analysis.cjs(326,38): error TS2304: Cannot find name 'path'.
ai-platform/local-agent/dist/portable/ai-platform/server/lib/roadmap-analysis.cjs(346,22): error TS2304: Cannot find name 'path'.
ai-platform/local-agent/dist/portable/ai-platform/server/lib/roadmap-analysis.cjs(353,24): error TS2304: Cannot find name 'PLATFORM_DIR_NAMES'.
ai-platform/local-agent/dist/portable/ai-platform/server/lib/roadmap-analysis.cjs(354,27): error TS2304: Cannot find name 'path'.
ai-platform/local-agent/dist/portable/ai-platform/server/lib/roadmap-analysis.cjs(355,14): error TS2304: Cannot find name 'fs'.
ai-platform/local-agent/dist/portable/ai-platform/server/lib/roadmap-analysis.cjs(375,20): error TS2304: Cannot find name 'path'.
ai-platform/local-agent/dist/portable/ai-platform/server/lib/roadmap-analysis.cjs(395,21): error TS2304: Cannot find name 'path'.
ai-platform/local-agent/dist/portable/ai-platform/server/lib/roadmap-analysis.cjs(395,44): error TS2304: Cannot find name 'FIXTURE_BASE_DIR'.
ai-platform/local-agent/dist/portable/ai-platform/server/lib/roadmap-analysis.cjs(396,20): error TS2304: Cannot find name 'fs'.
ai-platform/local-agent/dist/portable/ai-platform/server/lib/roadmap-analysis.cjs(397,11): error TS2304: Cannot find name 'fs'.
ai-platform/local-agent/dist/portable/ai-platform/server/lib/roadmap-analysis.cjs(397,66): error TS2304: Cannot find name 'FIXTURE_SUFFIX'.
ai-platform/local-agent/dist/portable/ai-platform/server/lib/roadmap-analysis.cjs(399,35): error TS2304: Cannot find name 'PAGE_SAMPLE_SPECS'.
ai-platform/local-agent/dist/portable/ai-platform/server/lib/roadmap-analysis.cjs(401,9): error TS2304: Cannot find name 'fs'.
ai-platform/local-agent/dist/portable/ai-platform/server/lib/roadmap-analysis.cjs(401,23): error TS2304: Cannot find name 'resolveSampleFilePath'.
ai-platform/local-agent/dist/portable/ai-platform/server/lib/roadmap-filesystem.cjs(37,25): error TS2554: Expected 1 arguments, but got 0.
ai-platform/local-agent/dist/portable/ai-platform/server/lib/roadmap-sprint-model.cjs(190,40): error TS2304: Cannot find name 'resolvePlatformRoot'.
ai-platform/local-agent/dist/portable/ai-platform/server/lib/roadmap-sprint-model.cjs(198,25): error TS2304: Cannot find name 'walkProject'.
ai-platform/local-agent/dist/portable/ai-platform/server/lib/roadmap-sprint-model.cjs(199,27): error TS2304: Cannot find name 'filterRoadmapAnalysisFiles'.
ai-platform/local-agent/dist/portable/ai-platform/server/lib/roadmap-sprint-model.cjs(200,17): error TS2304: Cannot find name 'readJsonSafe'.
ai-platform/local-agent/dist/portable/ai-platform/server/lib/roadmap-sprint-model.cjs(200,30): error TS2304: Cannot find name 'path'.
ai-platform/local-agent/dist/portable/ai-platform/server/lib/roadmap-sprint-model.cjs(201,12): error TS2304: Cannot find name 'readJsonSafe'.
ai-platform/local-agent/dist/portable/ai-platform/server/lib/roadmap-sprint-model.cjs(201,25): error TS2304: Cannot find name 'path'.
ai-platform/local-agent/dist/portable/ai-platform/server/lib/roadmap-sprint-model.cjs(202,21): error TS2304: Cannot find name 'detectPlatformSignalsAt'.
ai-platform/local-agent/dist/portable/ai-platform/server/lib/roadmap-sprint-model.cjs(203,21): error TS2304: Cannot find name 'countPageSamples'.
ai-platform/local-agent/dist/portable/ai-platform/server/lib/roadmap-sprint-model.cjs(204,26): error TS2304: Cannot find name 'extractJsDependencies'.
ai-platform/local-agent/dist/portable/ai-platform/server/lib/roadmap-sprint-model.cjs(205,22): error TS2304: Cannot find name 'extractApiRoutesFromFiles'.
ai-platform/local-agent/dist/portable/ai-platform/server/lib/roadmap-sprint-model.cjs(206,22): error TS2304: Cannot find name 'REPOSITORY_AUDIT_BASELINE'.
ai-platform/local-agent/dist/portable/ai-platform/server/lib/roadmap-sprint-model.cjs(207,29): error TS2304: Cannot find name 'countTestFiles'.
ai-platform/local-agent/dist/portable/ai-platform/server/lib/roadmap-sprint-model.cjs(212,48): error TS2304: Cannot find name 'CODE_EXTENSIONS'.
ai-platform/local-agent/dist/portable/ai-platform/server/lib/roadmap-sprint-model.cjs(224,20): error TS2304: Cannot find name 'buildPhase2Analysis'.
ai-platform/local-agent/dist/portable/ai-platform/server/lib/roadmap-sprint-model.cjs(229,35): error TS2304: Cannot find name 'path'.
ai-platform/local-agent/dist/portable/ai-platform/server/lib/roadmap-sprint-model.cjs(260,5): error TS2322: Type '{}' is not assignable to type '{ [x: string]: number; }'.
  Index signature for type 'string' is missing in type '{}'.
ai-platform/local-agent/dist/portable/ai-platform/server/lib/roadmap-sprint-model.cjs(276,5): error TS2322: Type '{}' is not assignable to type '{ [x: string]: number; }'.
  Index signature for type 'string' is missing in type '{}'.
ai-platform/local-agent/dist/portable/ai-platform/server/lib/roadmap-sprint-model.cjs(362,23): error TS2304: Cannot find name 'fs'.
ai-platform/local-agent/dist/portable/ai-platform/server/lib/safe-merge-guard.cjs(57,14): error TS1064: The return type of an async function or method must be the global Promise<T> type. Did you mean to write 'Promise<any>'?
ai-platform/local-agent/dist/portable/ai-platform/server/lib/safe-merge-guard.cjs(69,14): error TS1064: The return type of an async function or method must be the global Promise<T> type. Did you mean to write 'Promise<any>'?
ai-platform/local-agent/dist/portable/ai-platform/server/lib/safe-merge-guard.cjs(83,14): error TS1064: The return type of an async function or method must be the global Promise<T> type. Did you mean to write 'Promise<any>'?
ai-platform/local-agent/dist/portable/ai-platform/server/lib/safe-merge-guard.cjs(95,14): error TS1064: The return type of an async function or method must be the global Promise<T> type. Did you mean to write 'Promise<any>'?
ai-platform/local-agent/dist/portable/ai-platform/server/lib/safe-merge-guard.cjs(168,14): error TS1064: The return type of an async function or method must be the global Promise<T> type. Did you mean to write 'Promise<any>'?
ai-platform/local-agent/dist/portable/ai-platform/server/lib/scan-report-patch.cjs(14,31): error TS2339: Property 'compliance' does not exist on type 'number'.
ai-platform/local-agent/dist/portable/ai-platform/server/lib/scan-report-patch.cjs(15,30): error TS2339: Property 'euAiActSummary' does not exist on type 'number'.
ai-platform/local-agent/dist/portable/ai-platform/server/lib/scan-report-patch.cjs(16,33): error TS2339: Property 'qualityScore' does not exist on type 'number'.
ai-platform/local-agent/dist/portable/ai-platform/server/lib/scan-report-patch.cjs(17,28): error TS2339: Property 'summary' does not exist on type 'number'.
ai-platform/local-agent/dist/portable/ai-platform/server/lib/scan-report-patch.cjs(18,28): error TS2339: Property 'results' does not exist on type 'number'.
ai-platform/local-agent/dist/portable/ai-platform/server/lib/scan-report-patch.cjs(19,33): error TS2339: Property 'simplebeacon' does not exist on type 'number'.
ai-platform/local-agent/dist/portable/ai-platform/server/lib/scan-report-patch.cjs(20,29): error TS2339: Property 'codebase' does not exist on type 'number'.
ai-platform/local-agent/dist/portable/ai-platform/server/lib/scan-report-patch.cjs(21,29): error TS2339: Property 'npmAudit' does not exist on type 'number'.
ai-platform/local-agent/dist/portable/ai-platform/server/lib/scan-report-patch.cjs(22,34): error TS2339: Property 'consolidation' does not exist on type 'number'.
ai-platform/local-agent/dist/portable/ai-platform/server/lib/scan-report-patch.cjs(23,29): error TS2339: Property 'mockScan' does not exist on type 'number'.
ai-platform/local-agent/dist/portable/ai-platform/server/lib/scan-report-patch.cjs(24,34): error TS2339: Property 'fileReduction' does not exist on type 'number'.
ai-platform/local-agent/dist/portable/ai-platform/server/lib/scan-report-patch.cjs(25,32): error TS2339: Property 'dataQuality' does not exist on type 'number'.
ai-platform/local-agent/dist/portable/ai-platform/server/lib/scan-report-patch.cjs(26,37): error TS2339: Property 'cleanupAssistant' does not exist on type 'number'.
ai-platform/local-agent/dist/portable/ai-platform/server/lib/scan-report-patch.cjs(176,19): error TS2698: Spread types may only be created from object types.
ai-platform/local-agent/dist/portable/ai-platform/server/lib/scan-report-patch.cjs(179,21): error TS18047: 'report' is possibly 'null'.
ai-platform/local-agent/dist/portable/ai-platform/server/lib/secret-config.cjs(55,28): error TS2339: Property '_warned' does not exist on type '(name: string, options?: { minLength?: number; }) => string'.
ai-platform/local-agent/dist/portable/ai-platform/server/lib/secret-config.cjs(55,51): error TS2339: Property '_warned' does not exist on type '(name: string, options?: { minLength?: number; }) => string'.
ai-platform/local-agent/dist/portable/ai-platform/server/lib/secret-config.cjs(56,28): error TS2339: Property '_warned' does not exist on type '(name: string, options?: { minLength?: number; }) => string'.
ai-platform/local-agent/dist/portable/ai-platform/server/lib/secret-config.cjs(61,27): error TS2339: Property '_warned' does not exist on type '(name: string, options?: { minLength?: number; }) => string'.
ai-platform/local-agent/dist/portable/ai-platform/server/lib/secret-config.cjs(63,28): error TS2339: Property '_cache' does not exist on type '(name: string, options?: { minLength?: number; }) => string'.
ai-platform/local-agent/dist/portable/ai-platform/server/lib/secret-config.cjs(63,50): error TS2339: Property '_cache' does not exist on type '(name: string, options?: { minLength?: number; }) => string'.
ai-platform/local-agent/dist/portable/ai-platform/server/lib/secret-config.cjs(64,28): error TS2339: Property '_cache' does not exist on type '(name: string, options?: { minLength?: number; }) => string'.
ai-platform/local-agent/dist/portable/ai-platform/server/lib/secret-config.cjs(65,27): error TS2339: Property '_cache' does not exist on type '(name: string, options?: { minLength?: number; }) => string'.
ai-platform/local-agent/dist/portable/ai-platform/server/lib/secret-config.cjs(67,30): error TS2339: Property '_cache' does not exist on type '(name: string, options?: { minLength?: number; }) => string'.
ai-platform/local-agent/dist/portable/ai-platform/server/lib/security-dashboard-builder.cjs(126,14): error TS1064: The return type of an async function or method must be the global Promise<T> type. Did you mean to write 'Promise<any>'?
ai-platform/local-agent/dist/portable/ai-platform/server/lib/server-startup.cjs(32,13): error TS2339: Property 'code' does not exist on type 'Error'.
ai-platform/local-agent/dist/portable/ai-platform/server/lib/simplebeacon-proxy.cjs(36,3): error TS2339: Property 'collectIssues' does not exist on type 'typeof import("C:/Users/Trevor/CascadeProjects/ai-platform/local-agent/dist/portable/packages/simplebeacon-cli/src/index")'.
ai-platform/local-agent/dist/portable/ai-platform/server/lib/simplebeacon-proxy.cjs(37,3): error TS2339: Property 'resolveSeverityCounts' does not exist on type 'typeof import("C:/Users/Trevor/CascadeProjects/ai-platform/local-agent/dist/portable/packages/simplebeacon-cli/src/index")'.
ai-platform/local-agent/dist/portable/ai-platform/server/lib/simplebeacon-proxy.cjs(38,3): error TS2339: Property 'buildDetailedFindings' does not exist on type 'typeof import("C:/Users/Trevor/CascadeProjects/ai-platform/local-agent/dist/portable/packages/simplebeacon-cli/src/index")'.
ai-platform/local-agent/dist/portable/ai-platform/server/lib/simplebeacon-proxy.cjs(39,3): error TS2339: Property 'buildComplianceTable' does not exist on type 'typeof import("C:/Users/Trevor/CascadeProjects/ai-platform/local-agent/dist/portable/packages/simplebeacon-cli/src/index")'.
ai-platform/local-agent/dist/portable/ai-platform/server/lib/simplebeacon-proxy.cjs(40,3): error TS2339: Property 'buildHowToFixSection' does not exist on type 'typeof import("C:/Users/Trevor/CascadeProjects/ai-platform/local-agent/dist/portable/packages/simplebeacon-cli/src/index")'.
ai-platform/local-agent/dist/portable/ai-platform/server/lib/simplebeacon-proxy.cjs(41,3): error TS2339: Property 'buildPersonalizedActionPlan' does not exist on type 'typeof import("C:/Users/Trevor/CascadeProjects/ai-platform/local-agent/dist/portable/packages/simplebeacon-cli/src/index")'.
ai-platform/local-agent/dist/portable/ai-platform/server/lib/simplebeacon-proxy.cjs(42,3): error TS2339: Property 'formatRule' does not exist on type 'typeof import("C:/Users/Trevor/CascadeProjects/ai-platform/local-agent/dist/portable/packages/simplebeacon-cli/src/index")'.
ai-platform/local-agent/dist/portable/ai-platform/server/lib/simplebeacon-proxy.cjs(43,3): error TS2339: Property 'defaultRemediation' does not exist on type 'typeof import("C:/Users/Trevor/CascadeProjects/ai-platform/local-agent/dist/portable/packages/simplebeacon-cli/src/index")'.
ai-platform/local-agent/dist/portable/ai-platform/server/lib/simplebeacon-subscription-store.cjs(10,24): error TS2307: Cannot find module '../../src/lib/app-logger.cjs' or its corresponding type declarations.
ai-platform/local-agent/dist/portable/ai-platform/server/lib/snapshot-resolver.cjs(6,43): error TS2307: Cannot find module '../bootstrap/phase2-integration.cjs' or its corresponding type declarations.
ai-platform/local-agent/dist/portable/ai-platform/server/lib/snapshot-resolver.cjs(35,14): error TS1064: The return type of an async function or method must be the global Promise<T> type. Did you mean to write 'Promise<any>'?
ai-platform/local-agent/dist/portable/ai-platform/server/lib/snapshot-resolver.cjs(66,14): error TS1064: The return type of an async function or method must be the global Promise<T> type. Did you mean to write 'Promise<any>'?
ai-platform/local-agent/dist/portable/ai-platform/server/lib/snapshot-resolver.cjs(70,9): error TS2339: Property 'json' does not exist on type 'any[]'.
ai-platform/local-agent/dist/portable/ai-platform/server/lib/sso-service.cjs(25,9): error TS2305: Module '"./token-service.cjs"' has no exported member 'issueAccessToken'.
ai-platform/local-agent/dist/portable/ai-platform/server/lib/strategic-insights-engine.cjs(10,13): error TS2307: Cannot find module '../services/cloud-inference-service.cjs' or its corresponding type declarations.
ai-platform/local-agent/dist/portable/ai-platform/server/lib/strategic-insights-engine.cjs(73,17): error TS2339: Property 'totalFiles' does not exist on type 'any[]'.
ai-platform/local-agent/dist/portable/ai-platform/server/lib/strategic-insights-engine.cjs(73,47): error TS2339: Property 'totalFiles' does not exist on type 'any[]'.
ai-platform/local-agent/dist/portable/ai-platform/server/lib/strategic-insights-engine.cjs(74,17): error TS2339: Property 'totalFiles' does not exist on type 'any[]'.
ai-platform/local-agent/dist/portable/ai-platform/server/lib/strategic-insights-engine.cjs(74,47): error TS2339: Property 'totalFiles' does not exist on type 'any[]'.
ai-platform/local-agent/dist/portable/ai-platform/server/lib/strategic-insights-engine.cjs(84,25): error TS2339: Property 'testCoverage' does not exist on type 'any[]'.
ai-platform/local-agent/dist/portable/ai-platform/server/lib/strategic-insights-engine.cjs(84,49): error TS2339: Property 'lineCoverage' does not exist on type 'any[]'.
ai-platform/local-agent/dist/portable/ai-platform/server/lib/strategic-insights-engine.cjs(86,17): error TS2339: Property 'phaseCount' does not exist on type 'any[]'.
ai-platform/local-agent/dist/portable/ai-platform/server/lib/strategic-insights-engine.cjs(98,32): error TS2339: Property 'completionRate' does not exist on type 'any[]'.
ai-platform/local-agent/dist/portable/ai-platform/server/lib/strategic-insights-engine.cjs(98,58): error TS2339: Property 'featureCompleteness' does not exist on type 'any[]'.
ai-platform/local-agent/dist/portable/ai-platform/server/lib/strategic-insights-engine.cjs(99,30): error TS2339: Property 'testCoverage' does not exist on type 'any[]'.
ai-platform/local-agent/dist/portable/ai-platform/server/lib/strategic-insights-engine.cjs(99,54): error TS2339: Property 'lineCoverage' does not exist on type 'any[]'.
ai-platform/local-agent/dist/portable/ai-platform/server/lib/strategic-insights-engine.cjs(102,17): error TS2339: Property 'totalFiles' does not exist on type 'any[]'.
ai-platform/local-agent/dist/portable/ai-platform/server/lib/strategic-insights-engine.cjs(102,47): error TS2339: Property 'totalFiles' does not exist on type 'any[]'.
ai-platform/local-agent/dist/portable/ai-platform/server/lib/strategic-insights-engine.cjs(106,37): error TS2339: Property 'totalFiles' does not exist on type 'any[]'.
ai-platform/local-agent/dist/portable/ai-platform/server/lib/strategic-insights-engine.cjs(120,18): error TS2339: Property 'immediateActions' does not exist on type 'any[]'.
ai-platform/local-agent/dist/portable/ai-platform/server/lib/strategic-insights-engine.cjs(124,37): error TS2339: Property 'immediateActions' does not exist on type 'any[]'.
ai-platform/local-agent/dist/portable/ai-platform/server/lib/strategic-insights-engine.cjs(137,34): error TS2339: Property 'immediateActions' does not exist on type 'any[]'.
ai-platform/local-agent/dist/portable/ai-platform/server/lib/strategic-insights-engine.cjs(147,35): error TS2339: Property 'shortTermActions' does not exist on type 'any[]'.
ai-platform/local-agent/dist/portable/ai-platform/server/lib/strategic-insights-engine.cjs(158,32): error TS2339: Property 'totalFiles' does not exist on type 'any[]'.
ai-platform/local-agent/dist/portable/ai-platform/server/lib/strategic-insights-engine.cjs(158,61): error TS2339: Property 'totalFiles' does not exist on type 'any[]'.
ai-platform/local-agent/dist/portable/ai-platform/server/lib/strategic-insights-engine.cjs(159,30): error TS2339: Property 'apiRoutes' does not exist on type 'any[]'.
ai-platform/local-agent/dist/portable/ai-platform/server/lib/strategic-insights-engine.cjs(159,65): error TS2339: Property 'apiRoutes' does not exist on type 'any[]'.
ai-platform/local-agent/dist/portable/ai-platform/server/lib/strategic-insights-engine.cjs(164,43): error TS2339: Property 'projectName' does not exist on type 'any[]'.
ai-platform/local-agent/dist/portable/ai-platform/server/lib/strategic-insights-engine.cjs(166,75): error TS2339: Property 'phaseCount' does not exist on type 'any[]'.
ai-platform/local-agent/dist/portable/ai-platform/server/lib/strategic-insights-engine.cjs(167,52): error TS2339: Property 'phaseCount' does not exist on type 'any[]'.
ai-platform/local-agent/dist/portable/ai-platform/server/lib/strategic-insights-engine.cjs(177,17): error TS2339: Property 'apiRoutes' does not exist on type 'any[]'.
ai-platform/local-agent/dist/portable/ai-platform/server/lib/strategic-insights-engine.cjs(178,26): error TS2339: Property 'apiRoutes' does not exist on type 'any[]'.
ai-platform/local-agent/dist/portable/ai-platform/server/lib/strategic-insights-engine.cjs(216,43): error TS2339: Property 'totalFiles' does not exist on type 'any[]'.
ai-platform/local-agent/dist/portable/ai-platform/server/lib/strategic-insights-engine.cjs(217,40): error TS2339: Property 'codeFiles' does not exist on type 'any[]'.
ai-platform/local-agent/dist/portable/ai-platform/server/lib/strategic-insights-engine.cjs(218,36): error TS2339: Property 'apiRoutes' does not exist on type 'any[]'.
ai-platform/local-agent/dist/portable/ai-platform/server/lib/strategic-insights-engine.cjs(219,35): error TS2339: Property 'testCoverage' does not exist on type 'any[]'.
ai-platform/local-agent/dist/portable/ai-platform/server/lib/strategic-insights-engine.cjs(219,59): error TS2339: Property 'lineCoverage' does not exist on type 'any[]'.
ai-platform/local-agent/dist/portable/ai-platform/server/lib/strategic-insights-engine.cjs(220,37): error TS2339: Property 'completionRate' does not exist on type 'any[]'.
ai-platform/local-agent/dist/portable/ai-platform/server/lib/strategic-insights-engine.cjs(221,33): error TS2339: Property 'phaseCount' does not exist on type 'any[]'.
ai-platform/local-agent/dist/portable/ai-platform/server/lib/strategic-insights-engine.cjs(222,36): error TS2339: Property 'projectHealth' does not exist on type 'any[]'.
ai-platform/local-agent/dist/portable/ai-platform/server/lib/strategic-insights-engine.cjs(225,34): error TS2339: Property 'projectName' does not exist on type 'any[]'.
ai-platform/local-agent/dist/portable/ai-platform/server/lib/strategic-insights-engine.cjs(226,39): error TS2339: Property 'immediateActions' does not exist on type 'any[]'.
ai-platform/local-agent/dist/portable/ai-platform/server/lib/strategic-insights-engine.cjs(227,39): error TS2339: Property 'shortTermActions' does not exist on type 'any[]'.
ai-platform/local-agent/dist/portable/ai-platform/server/lib/strategic-insights-engine.cjs(228,33): error TS2339: Property 'dataSource' does not exist on type 'any[]'.
ai-platform/local-agent/dist/portable/ai-platform/server/lib/strategic-insights-engine.cjs(230,34): error TS2339: Property 'immediateActions' does not exist on type 'any[]'.
ai-platform/local-agent/dist/portable/ai-platform/server/lib/strategic-insights-engine.cjs(249,18): error TS2339: Property 'apiRoutes' does not exist on type 'any[]'.
ai-platform/local-agent/dist/portable/ai-platform/server/lib/strategic-insights-engine.cjs(249,56): error TS2339: Property 'apiRoutes' does not exist on type 'any[]'.
ai-platform/local-agent/dist/portable/ai-platform/server/lib/strategic-insights-engine.cjs(250,69): error TS2339: Property 'apiRoutes' does not exist on type 'any[]'.
ai-platform/local-agent/dist/portable/ai-platform/server/lib/strategic-insights-engine.cjs(315,14): error TS1064: The return type of an async function or method must be the global Promise<T> type. Did you mean to write 'Promise<any>'?
ai-platform/local-agent/dist/portable/ai-platform/server/lib/token-service.cjs(78,15): error TS2305: Module '"./database-adapter.cjs"' has no exported member 'query'.
ai-platform/local-agent/dist/portable/ai-platform/server/lib/token-service.cjs(78,33): error TS2497: This module can only be referenced with ECMAScript imports/exports by turning on the 'esModuleInterop' flag and referencing its default export.
ai-platform/local-agent/dist/portable/ai-platform/server/lib/token-service.cjs(117,15): error TS2300: Duplicate identifier 'query'.
ai-platform/local-agent/dist/portable/ai-platform/server/lib/token-service.cjs(117,15): error TS2305: Module '"./database-adapter.cjs"' has no exported member 'query'.
ai-platform/local-agent/dist/portable/ai-platform/server/lib/token-service.cjs(117,33): error TS2497: This module can only be referenced with ECMAScript imports/exports by turning on the 'esModuleInterop' flag and referencing its default export.
ai-platform/local-agent/dist/portable/ai-platform/server/lib/token-service.cjs(157,15): error TS2300: Duplicate identifier 'query'.
ai-platform/local-agent/dist/portable/ai-platform/server/lib/token-service.cjs(157,15): error TS2305: Module '"./database-adapter.cjs"' has no exported member 'query'.
ai-platform/local-agent/dist/portable/ai-platform/server/lib/token-service.cjs(157,33): error TS2497: This module can only be referenced with ECMAScript imports/exports by turning on the 'esModuleInterop' flag and referencing its default export.
ai-platform/local-agent/dist/portable/ai-platform/server/lib/token-service.cjs(200,15): error TS2305: Module '"./database-adapter.cjs"' has no exported member 'query'.
ai-platform/local-agent/dist/portable/ai-platform/server/lib/token-service.cjs(200,33): error TS2497: This module can only be referenced with ECMAScript imports/exports by turning on the 'esModuleInterop' flag and referencing its default export.
ai-platform/local-agent/dist/portable/ai-platform/server/lib/token-service.cjs(227,15): error TS2305: Module '"./database-adapter.cjs"' has no exported member 'query'.
ai-platform/local-agent/dist/portable/ai-platform/server/lib/token-service.cjs(227,33): error TS2497: This module can only be referenced with ECMAScript imports/exports by turning on the 'esModuleInterop' flag and referencing its default export.
ai-platform/local-agent/dist/portable/ai-platform/server/lib/token-service.cjs(264,15): error TS2305: Module '"./database-adapter.cjs"' has no exported member 'query'.
ai-platform/local-agent/dist/portable/ai-platform/server/lib/token-service.cjs(264,33): error TS2497: This module can only be referenced with ECMAScript imports/exports by turning on the 'esModuleInterop' flag and referencing its default export.
ai-platform/local-agent/dist/portable/ai-platform/server/lib/token-service.cjs(290,15): error TS2305: Module '"./database-adapter.cjs"' has no exported member 'query'.
ai-platform/local-agent/dist/portable/ai-platform/server/lib/token-service.cjs(290,33): error TS2497: This module can only be referenced with ECMAScript imports/exports by turning on the 'esModuleInterop' flag and referencing its default export.
ai-platform/local-agent/dist/portable/ai-platform/server/lib/trust-verification-payload.cjs(45,27): error TS2339: Property 'type' does not exist on type 'number'.
ai-platform/local-agent/dist/portable/ai-platform/server/lib/trust-verification-payload.cjs(47,29): error TS2339: Property 'gate' does not exist on type 'number'.
ai-platform/local-agent/dist/portable/ai-platform/server/lib/trust-verification-payload.cjs(48,31): error TS2339: Property 'issueCount' does not exist on type 'number'.
ai-platform/local-agent/dist/portable/ai-platform/server/lib/trust-verification-payload.cjs(49,20): error TS2339: Property 'rawIssues' does not exist on type 'number'.
ai-platform/local-agent/dist/portable/ai-platform/server/lib/trust-verification-payload.cjs(49,40): error TS2339: Property 'detectedIssues' does not exist on type 'number'.
ai-platform/local-agent/dist/portable/ai-platform/server/lib/trust-verification-payload.cjs(56,40): error TS2339: Property 'projectRoot' does not exist on type 'number'.
ai-platform/local-agent/dist/portable/ai-platform/server/lib/trust-verification-payload.cjs(57,30): error TS2339: Property 'platformRoot' does not exist on type 'number'.
ai-platform/local-agent/dist/portable/ai-platform/server/lib/trust-verification-payload.cjs(57,63): error TS2339: Property 'platformRoot' does not exist on type 'number'.
ai-platform/local-agent/dist/portable/ai-platform/server/lib/trust-verification-payload.cjs(58,29): error TS2339: Property 'generatedAt' does not exist on type 'number'.
ai-platform/local-agent/dist/portable/ai-platform/server/lib/trust-verification-payload.cjs(59,31): error TS2339: Property 'reportVersion' does not exist on type 'number'.
ai-platform/local-agent/dist/portable/ai-platform/server/lib/trust-verification-payload.cjs(61,30): error TS2339: Property 'qualityScore' does not exist on type 'number'.
ai-platform/local-agent/dist/portable/ai-platform/server/lib/trust-verification-payload.cjs(62,34): error TS2339: Property 'schemaCompliance' does not exist on type 'number'.
ai-platform/local-agent/dist/portable/ai-platform/server/lib/trust-verification-payload.cjs(63,31): error TS2339: Property 'schemaChecked' does not exist on type 'number'.
ai-platform/local-agent/dist/portable/ai-platform/server/lib/trust-verification-payload.cjs(63,55): error TS2339: Property 'pageSampleSchemaChecked' does not exist on type 'number'.
ai-platform/local-agent/dist/portable/ai-platform/server/lib/trust-verification-payload.cjs(64,30): error TS2339: Property 'schemaPassed' does not exist on type 'number'.
ai-platform/local-agent/dist/portable/ai-platform/server/lib/trust-verification-payload.cjs(64,53): error TS2339: Property 'pageSampleSchemaPassed' does not exist on type 'number'.
ai-platform/local-agent/dist/portable/ai-platform/server/lib/trust-verification-payload.cjs(65,34): error TS2339: Property 'consistencyScore' does not exist on type 'number'.
ai-platform/local-agent/dist/portable/ai-platform/server/lib/trust-verification-payload.cjs(66,36): error TS2339: Property 'consistencyChecked' does not exist on type 'number'.
ai-platform/local-agent/dist/portable/ai-platform/server/lib/trust-verification-payload.cjs(67,35): error TS2339: Property 'consistencyPassed' does not exist on type 'number'.
ai-platform/local-agent/dist/portable/ai-platform/server/lib/trust-verification-payload.cjs(69,32): error TS2339: Property 'severityCounts' does not exist on type 'number'.
ai-platform/local-agent/dist/portable/ai-platform/server/lib/trust-verification-payload.cjs(70,38): error TS2339: Property 'repositoryFilesTotal' does not exist on type 'number'.
ai-platform/local-agent/dist/portable/ai-platform/server/lib/trust-verification-payload.cjs(70,69): error TS2339: Property 'repositoryInventory' does not exist on type 'number'.
ai-platform/local-agent/dist/portable/ai-platform/server/lib/trust-verification-payload.cjs(71,41): error TS2339: Property 'ruleScopedFilesAnalyzed' does not exist on type 'number'.
ai-platform/local-agent/dist/portable/ai-platform/server/lib/trust-verification-payload.cjs(71,75): error TS2339: Property 'filesAnalyzed' does not exist on type 'number'.
ai-platform/local-agent/dist/portable/ai-platform/server/lib/trust-verification-payload.cjs(72,33): error TS2339: Property 'mockSampleFiles' does not exist on type 'number'.
ai-platform/local-agent/dist/portable/ai-platform/server/lib/trust-verification-payload.cjs(72,59): error TS2339: Property 'totalFiles' does not exist on type 'number'.
ai-platform/local-agent/dist/portable/ai-platform/server/lib/trust-verification-payload.cjs(73,41): error TS2339: Property 'fictionJsonFilesScanned' does not exist on type 'number'.
ai-platform/local-agent/dist/portable/ai-platform/server/lib/trust-verification-payload.cjs(73,75): error TS2339: Property 'scanScope' does not exist on type 'number'.
ai-platform/local-agent/dist/portable/ai-platform/server/lib/trust-verification-payload.cjs(74,43): error TS2339: Property 'fictionSampleFilesScanned' does not exist on type 'number'.
ai-platform/local-agent/dist/portable/ai-platform/server/lib/trust-verification-payload.cjs(74,79): error TS2339: Property 'scanScope' does not exist on type 'number'.
ai-platform/local-agent/dist/portable/ai-platform/server/lib/trust-verification-payload.cjs(75,30): error TS2339: Property 'fictionScope' does not exist on type 'number'.
ai-platform/local-agent/dist/portable/ai-platform/server/lib/trust-verification-payload.cjs(75,53): error TS2339: Property 'scanScope' does not exist on type 'number'.
ai-platform/local-agent/dist/portable/ai-platform/server/lib/trust-verification-payload.cjs(76,30): error TS2339: Property 'scanScope' does not exist on type 'number'.
ai-platform/local-agent/dist/portable/ai-platform/server/lib/trust-verification-payload.cjs(77,25): error TS2339: Property 'scanScope' does not exist on type 'number'.
ai-platform/local-agent/dist/portable/ai-platform/server/lib/trust-verification-payload.cjs(77,54): error TS2339: Property 'configPath' does not exist on type 'number'.
ai-platform/local-agent/dist/portable/ai-platform/server/lib/trust-verification-payload.cjs(78,27): error TS2339: Property 'scanScope' does not exist on type 'number'.
ai-platform/local-agent/dist/portable/ai-platform/server/lib/trust-verification-payload.cjs(96,23): error TS2339: Property 'gatePass' does not exist on type 'number'.
ai-platform/local-agent/dist/portable/ai-platform/server/lib/trust-verification-payload.cjs(98,49): error TS2339: Property 'issueCount' does not exist on type 'number'.
ai-platform/local-agent/dist/portable/ai-platform/server/lib/trust-verification-payload.cjs(211,36): error TS2339: Property 'platformRoot' does not exist on type 'number'.
ai-platform/local-agent/dist/portable/ai-platform/server/lib/trust-verification-payload.cjs(211,66): error TS2339: Property 'projectRoot' does not exist on type 'number'.
ai-platform/local-agent/dist/portable/ai-platform/server/lib/trust-verification-payload.cjs(219,55): error TS2339: Property 'fictionJsonFilesScanned' does not exist on type 'number'.
ai-platform/local-agent/dist/portable/ai-platform/server/lib/trust-verification-payload.cjs(220,57): error TS2339: Property 'fictionSampleFilesScanned' does not exist on type 'number'.
ai-platform/local-agent/dist/portable/ai-platform/server/lib/trust-verification-payload.cjs(220,99): error TS2339: Property 'mockSampleFiles' does not exist on type 'number'.
ai-platform/local-agent/dist/portable/ai-platform/server/lib/trust-verification-payload.cjs(221,44): error TS2339: Property 'fictionScope' does not exist on type 'number'.
ai-platform/local-agent/dist/portable/ai-platform/server/lib/universal-language-registry.cjs(82,45): error TS2345: Argument of type '{ javascript: { id: string; label: string; family: string; priority: number; parser: string; extensions: string[]; }; typescript: { id: string; label: string; family: string; priority: number; parser: string; extensions: string[]; }; ... 55 more ...; video: { ...; }; }' is not assignable to parameter of type 'string'.
ai-platform/local-agent/dist/portable/ai-platform/server/lib/universal-language-registry.cjs(83,43): error TS2345: Argument of type '{ javascript: { id: string; label: string; family: string; priority: number; parser: string; extensions: string[]; }; typescript: { id: string; label: string; family: string; priority: number; parser: string; extensions: string[]; }; ... 55 more ...; video: { ...; }; }' is not assignable to parameter of type 'string'.
ai-platform/local-agent/dist/portable/ai-platform/server/lib/universal-language-registry.cjs(93,33): error TS2339: Property 'extensions' does not exist on type 'string'.
ai-platform/local-agent/dist/portable/ai-platform/server/lib/universal-language-registry.cjs(113,34): error TS2339: Property 'basenames' does not exist on type 'string'.
ai-platform/local-agent/dist/portable/ai-platform/server/lib/user-ai-keys-store.cjs(100,14): error TS1064: The return type of an async function or method must be the global Promise<T> type. Did you mean to write 'Promise<any>'?
ai-platform/local-agent/dist/portable/ai-platform/server/lib/user-ai-keys-store.cjs(115,14): error TS1064: The return type of an async function or method must be the global Promise<T> type. Did you mean to write 'Promise<any>'?
ai-platform/local-agent/dist/portable/ai-platform/server/lib/user-ai-keys-store.cjs(139,14): error TS1064: The return type of an async function or method must be the global Promise<T> type. Did you mean to write 'Promise<any>'?
ai-platform/local-agent/dist/portable/ai-platform/server/lib/user-ai-keys-store.cjs(151,14): error TS1064: The return type of an async function or method must be the global Promise<T> type. Did you mean to write 'Promise<any>'?
ai-platform/local-agent/dist/portable/ai-platform/server/lib/user-ai-keys-store.cjs(172,14): error TS1064: The return type of an async function or method must be the global Promise<T> type. Did you mean to write 'Promise<any>'?
ai-platform/local-agent/dist/portable/ai-platform/server/lib/user-ai-keys-store.cjs(197,14): error TS1064: The return type of an async function or method must be the global Promise<T> type. Did you mean to write 'Promise<any>'?
ai-platform/local-agent/dist/portable/ai-platform/server/lib/user-ai-keys-store.cjs(238,14): error TS1064: The return type of an async function or method must be the global Promise<T> type. Did you mean to write 'Promise<any>'?
ai-platform/local-agent/dist/portable/ai-platform/server/lib/website-scanner.cjs(167,9): error TS2353: Object literal may only specify known properties, and 'contentSize' does not exist in type '{ url: string; findings: any[]; severityCounts: any; scanTimeMs: number; }'.
ai-platform/local-agent/dist/portable/packages/simplebeacon-cli/src/__tests__/compliance-checklist.test.js(17,1): error TS2582: Cannot find name 'describe'. Do you need to install type definitions for a test runner? Try `npm i --save-dev @types/jest` or `npm i --save-dev @types/mocha`.
ai-platform/local-agent/dist/portable/packages/simplebeacon-cli/src/__tests__/compliance-checklist.test.js(18,5): error TS2582: Cannot find name 'describe'. Do you need to install type definitions for a test runner? Try `npm i --save-dev @types/jest` or `npm i --save-dev @types/mocha`.
ai-platform/local-agent/dist/portable/packages/simplebeacon-cli/src/__tests__/compliance-checklist.test.js(19,9): error TS2582: Cannot find name 'it'. Do you need to install type definitions for a test runner? Try `npm i --save-dev @types/jest` or `npm i --save-dev @types/mocha`.
ai-platform/local-agent/dist/portable/packages/simplebeacon-cli/src/__tests__/compliance-checklist.test.js(21,13): error TS2304: Cannot find name 'expect'.
ai-platform/local-agent/dist/portable/packages/simplebeacon-cli/src/__tests__/compliance-checklist.test.js(24,9): error TS2582: Cannot find name 'it'. Do you need to install type definitions for a test runner? Try `npm i --save-dev @types/jest` or `npm i --save-dev @types/mocha`.
ai-platform/local-agent/dist/portable/packages/simplebeacon-cli/src/__tests__/compliance-checklist.test.js(26,13): error TS2304: Cannot find name 'expect'.
ai-platform/local-agent/dist/portable/packages/simplebeacon-cli/src/__tests__/compliance-checklist.test.js(30,5): error TS2582: Cannot find name 'describe'. Do you need to install type definitions for a test runner? Try `npm i --save-dev @types/jest` or `npm i --save-dev @types/mocha`.
ai-platform/local-agent/dist/portable/packages/simplebeacon-cli/src/__tests__/compliance-checklist.test.js(31,9): error TS2582: Cannot find name 'it'. Do you need to install type definitions for a test runner? Try `npm i --save-dev @types/jest` or `npm i --save-dev @types/mocha`.
ai-platform/local-agent/dist/portable/packages/simplebeacon-cli/src/__tests__/compliance-checklist.test.js(36,13): error TS2304: Cannot find name 'expect'.
ai-platform/local-agent/dist/portable/packages/simplebeacon-cli/src/__tests__/compliance-checklist.test.js(39,9): error TS2582: Cannot find name 'it'. Do you need to install type definitions for a test runner? Try `npm i --save-dev @types/jest` or `npm i --save-dev @types/mocha`.
ai-platform/local-agent/dist/portable/packages/simplebeacon-cli/src/__tests__/compliance-checklist.test.js(44,13): error TS2304: Cannot find name 'expect'.
ai-platform/local-agent/dist/portable/packages/simplebeacon-cli/src/__tests__/compliance-checklist.test.js(45,13): error TS2304: Cannot find name 'expect'.
ai-platform/local-agent/dist/portable/packages/simplebeacon-cli/src/__tests__/compliance-checklist.test.js(48,9): error TS2582: Cannot find name 'it'. Do you need to install type definitions for a test runner? Try `npm i --save-dev @types/jest` or `npm i --save-dev @types/mocha`.
ai-platform/local-agent/dist/portable/packages/simplebeacon-cli/src/__tests__/compliance-checklist.test.js(53,13): error TS2304: Cannot find name 'expect'.
ai-platform/local-agent/dist/portable/packages/simplebeacon-cli/src/__tests__/compliance-checklist.test.js(56,9): error TS2582: Cannot find name 'it'. Do you need to install type definitions for a test runner? Try `npm i --save-dev @types/jest` or `npm i --save-dev @types/mocha`.
ai-platform/local-agent/dist/portable/packages/simplebeacon-cli/src/__tests__/compliance-checklist.test.js(61,13): error TS2304: Cannot find name 'expect'.
ai-platform/local-agent/dist/portable/packages/simplebeacon-cli/src/__tests__/compliance-checklist.test.js(64,9): error TS2582: Cannot find name 'it'. Do you need to install type definitions for a test runner? Try `npm i --save-dev @types/jest` or `npm i --save-dev @types/mocha`.
ai-platform/local-agent/dist/portable/packages/simplebeacon-cli/src/__tests__/compliance-checklist.test.js(69,13): error TS2304: Cannot find name 'expect'.
ai-platform/local-agent/dist/portable/packages/simplebeacon-cli/src/__tests__/compliance-checklist.test.js(72,9): error TS2582: Cannot find name 'it'. Do you need to install type definitions for a test runner? Try `npm i --save-dev @types/jest` or `npm i --save-dev @types/mocha`.
ai-platform/local-agent/dist/portable/packages/simplebeacon-cli/src/__tests__/compliance-checklist.test.js(77,13): error TS2304: Cannot find name 'expect'.
ai-platform/local-agent/dist/portable/packages/simplebeacon-cli/src/__tests__/compliance-checklist.test.js(80,9): error TS2582: Cannot find name 'it'. Do you need to install type definitions for a test runner? Try `npm i --save-dev @types/jest` or `npm i --save-dev @types/mocha`.
ai-platform/local-agent/dist/portable/packages/simplebeacon-cli/src/__tests__/compliance-checklist.test.js(85,13): error TS2304: Cannot find name 'expect'.
ai-platform/local-agent/dist/portable/packages/simplebeacon-cli/src/__tests__/compliance-checklist.test.js(88,9): error TS2582: Cannot find name 'it'. Do you need to install type definitions for a test runner? Try `npm i --save-dev @types/jest` or `npm i --save-dev @types/mocha`.
ai-platform/local-agent/dist/portable/packages/simplebeacon-cli/src/__tests__/compliance-checklist.test.js(93,13): error TS2304: Cannot find name 'expect'.
ai-platform/local-agent/dist/portable/packages/simplebeacon-cli/src/__tests__/compliance-checklist.test.js(96,9): error TS2582: Cannot find name 'it'. Do you need to install type definitions for a test runner? Try `npm i --save-dev @types/jest` or `npm i --save-dev @types/mocha`.
ai-platform/local-agent/dist/portable/packages/simplebeacon-cli/src/__tests__/compliance-checklist.test.js(101,13): error TS2304: Cannot find name 'expect'.
ai-platform/local-agent/dist/portable/packages/simplebeacon-cli/src/__tests__/compliance-checklist.test.js(104,9): error TS2582: Cannot find name 'it'. Do you need to install type definitions for a test runner? Try `npm i --save-dev @types/jest` or `npm i --save-dev @types/mocha`.
ai-platform/local-agent/dist/portable/packages/simplebeacon-cli/src/__tests__/compliance-checklist.test.js(109,13): error TS2304: Cannot find name 'expect'.
ai-platform/local-agent/dist/portable/packages/simplebeacon-cli/src/__tests__/compliance-checklist.test.js(112,9): error TS2582: Cannot find name 'it'. Do you need to install type definitions for a test runner? Try `npm i --save-dev @types/jest` or `npm i --save-dev @types/mocha`.
ai-platform/local-agent/dist/portable/packages/simplebeacon-cli/src/__tests__/compliance-checklist.test.js(117,13): error TS2304: Cannot find name 'expect'.
ai-platform/local-agent/dist/portable/packages/simplebeacon-cli/src/__tests__/compliance-checklist.test.js(120,9): error TS2582: Cannot find name 'it'. Do you need to install type definitions for a test runner? Try `npm i --save-dev @types/jest` or `npm i --save-dev @types/mocha`.
ai-platform/local-agent/dist/portable/packages/simplebeacon-cli/src/__tests__/compliance-checklist.test.js(125,13): error TS2304: Cannot find name 'expect'.
ai-platform/local-agent/dist/portable/packages/simplebeacon-cli/src/__tests__/compliance-checklist.test.js(128,9): error TS2582: Cannot find name 'it'. Do you need to install type definitions for a test runner? Try `npm i --save-dev @types/jest` or `npm i --save-dev @types/mocha`.
ai-platform/local-agent/dist/portable/packages/simplebeacon-cli/src/__tests__/compliance-checklist.test.js(133,13): error TS2304: Cannot find name 'expect'.
ai-platform/local-agent/dist/portable/packages/simplebeacon-cli/src/__tests__/compliance-checklist.test.js(136,9): error TS2582: Cannot find name 'it'. Do you need to install type definitions for a test runner? Try `npm i --save-dev @types/jest` or `npm i --save-dev @types/mocha`.
ai-platform/local-agent/dist/portable/packages/simplebeacon-cli/src/__tests__/compliance-checklist.test.js(141,13): error TS2304: Cannot find name 'expect'.
ai-platform/local-agent/dist/portable/packages/simplebeacon-cli/src/__tests__/compliance-checklist.test.js(142,13): error TS2304: Cannot find name 'expect'.
ai-platform/local-agent/dist/portable/packages/simplebeacon-cli/src/__tests__/compliance-checklist.test.js(145,9): error TS2582: Cannot find name 'it'. Do you need to install type definitions for a test runner? Try `npm i --save-dev @types/jest` or `npm i --save-dev @types/mocha`.
ai-platform/local-agent/dist/portable/packages/simplebeacon-cli/src/__tests__/compliance-checklist.test.js(150,13): error TS2304: Cannot find name 'expect'.
ai-platform/local-agent/dist/portable/packages/simplebeacon-cli/src/__tests__/compliance-checklist.test.js(154,5): error TS2582: Cannot find name 'describe'. Do you need to install type definitions for a test runner? Try `npm i --save-dev @types/jest` or `npm i --save-dev @types/mocha`.
ai-platform/local-agent/dist/portable/packages/simplebeacon-cli/src/__tests__/compliance-checklist.test.js(155,9): error TS2582: Cannot find name 'it'. Do you need to install type definitions for a test runner? Try `npm i --save-dev @types/jest` or `npm i --save-dev @types/mocha`.
ai-platform/local-agent/dist/portable/packages/simplebeacon-cli/src/__tests__/compliance-checklist.test.js(173,13): error TS2304: Cannot find name 'expect'.
ai-platform/local-agent/dist/portable/packages/simplebeacon-cli/src/__tests__/compliance-checklist.test.js(174,13): error TS2304: Cannot find name 'expect'.
ai-platform/local-agent/dist/portable/packages/simplebeacon-cli/src/__tests__/compliance-checklist.test.js(175,13): error TS2304: Cannot find name 'expect'.
ai-platform/local-agent/dist/portable/packages/simplebeacon-cli/src/__tests__/compliance-checklist.test.js(176,13): error TS2304: Cannot find name 'expect'.
ai-platform/local-agent/dist/portable/packages/simplebeacon-cli/src/__tests__/compliance-checklist.test.js(177,13): error TS2304: Cannot find name 'expect'.
ai-platform/local-agent/dist/portable/packages/simplebeacon-cli/src/__tests__/compliance-checklist.test.js(180,9): error TS2582: Cannot find name 'it'. Do you need to install type definitions for a test runner? Try `npm i --save-dev @types/jest` or `npm i --save-dev @types/mocha`.
ai-platform/local-agent/dist/portable/packages/simplebeacon-cli/src/__tests__/compliance-checklist.test.js(186,13): error TS2304: Cannot find name 'expect'.
ai-platform/local-agent/dist/portable/packages/simplebeacon-cli/src/__tests__/compliance-checklist.test.js(190,5): error TS2582: Cannot find name 'describe'. Do you need to install type definitions for a test runner? Try `npm i --save-dev @types/jest` or `npm i --save-dev @types/mocha`.
ai-platform/local-agent/dist/portable/packages/simplebeacon-cli/src/__tests__/compliance-checklist.test.js(191,9): error TS2582: Cannot find name 'it'. Do you need to install type definitions for a test runner? Try `npm i --save-dev @types/jest` or `npm i --save-dev @types/mocha`.
ai-platform/local-agent/dist/portable/packages/simplebeacon-cli/src/__tests__/compliance-checklist.test.js(192,13): error TS2304: Cannot find name 'expect'.
ai-platform/local-agent/dist/portable/packages/simplebeacon-cli/src/__tests__/compliance-checklist.test.js(195,9): error TS2582: Cannot find name 'it'. Do you need to install type definitions for a test runner? Try `npm i --save-dev @types/jest` or `npm i --save-dev @types/mocha`.
ai-platform/local-agent/dist/portable/packages/simplebeacon-cli/src/__tests__/compliance-checklist.test.js(197,13): error TS2304: Cannot find name 'expect'.
ai-platform/local-agent/dist/portable/packages/simplebeacon-cli/src/__tests__/compliance-checklist.test.js(198,13): error TS2304: Cannot find name 'expect'.
ai-platform/local-agent/dist/portable/packages/simplebeacon-cli/src/__tests__/index.smoke.test.js(55,26): error TS2540: Cannot assign to 'version' because it is a read-only property.
ai-platform/local-agent/dist/portable/packages/simplebeacon-cli/src/analyzers/file-reduction/git-hygiene-scanner.js(135,80): error TS2769: No overload matches this call.
  Overload 3 of 4, '(command: string, options?: ExecSyncOptions): string | NonSharedBuffer', gave the following error.
    Type 'boolean' is not assignable to type 'string'.
ai-platform/local-agent/dist/portable/packages/simplebeacon-cli/src/index.js(232,35): error TS2339: Property 'initSimplebeacon' does not exist on type 'Readonly<{}>'.
ai-platform/local-agent/dist/portable/packages/simplebeacon-cli/src/index.js(233,35): error TS2339: Property 'initSimplebeacon' does not exist on type 'Readonly<{}>'.
ai-platform/local-agent/dist/portable/packages/simplebeacon-cli/src/index.js(235,38): error TS2339: Property 'buildInitDryRunPlan' does not exist on type 'Readonly<{}>'.
ai-platform/local-agent/dist/portable/packages/simplebeacon-cli/src/index.js(236,46): error TS2339: Property 'countRepositoryInventory' does not exist on type 'Readonly<{}>'.
ai-platform/local-agent/dist/portable/packages/simplebeacon-cli/src/index.js(237,37): error TS2339: Property 'SKIP_BY_PROFILE' does not exist on type 'Readonly<{}>'.
ai-platform/local-agent/dist/portable/packages/simplebeacon-cli/src/index.mjs(3,31): error TS1343: The 'import.meta' meta-property is only allowed when the '--module' option is 'es2020', 'es2022', 'esnext', 'system', 'node16', 'node18', 'node20', or 'nodenext'.
ai-platform/local-agent/dist/portable/packages/simplebeacon-cli/src/lib/ai-problem-analyzer-suite.js(490,10): error TS2339: Property 'scanReportContext' does not exist on type '{}'.
ai-platform/local-agent/dist/portable/packages/simplebeacon-cli/src/lib/ai-problem-analyzer-suite.js(491,10): error TS2339: Property 'inputKind' does not exist on type '{}'.
ai-platform/local-agent/dist/portable/packages/simplebeacon-cli/src/lib/ai-problem-analyzer-suite.js(498,10): error TS2339: Property 'responseText' does not exist on type '{}'.
ai-platform/local-agent/dist/portable/packages/simplebeacon-cli/src/lib/ai-problem-analyzer-suite.js(499,10): error TS2339: Property 'codeText' does not exist on type '{}'.
ai-platform/local-agent/dist/portable/packages/simplebeacon-cli/src/lib/ai-problem-analyzer-suite.js(501,10): error TS2339: Property 'errorCases' does not exist on type '{}'.
ai-platform/local-agent/dist/portable/packages/simplebeacon-cli/src/lib/ai-problem-analyzer-suite.js(512,10): error TS2339: Property 'claims' does not exist on type '{}'.
ai-platform/local-agent/dist/portable/packages/simplebeacon-cli/src/lib/ai-problem-analyzer-suite.js(522,10): error TS2339: Property 'subgroupOutcomes' does not exist on type '{}'.
ai-platform/local-agent/dist/portable/packages/simplebeacon-cli/src/lib/ai-problem-analyzer-suite.js(527,10): error TS2339: Property 'scalabilityMetrics' does not exist on type '{}'.
ai-platform/local-agent/dist/portable/packages/simplebeacon-cli/src/lib/ai-problem-analyzer-suite.js(539,35): error TS2339: Property 'responseText' does not exist on type '{}'.
ai-platform/local-agent/dist/portable/packages/simplebeacon-cli/src/lib/ai-problem-analyzer-suite.js(540,31): error TS2339: Property 'codeText' does not exist on type '{}'.
ai-platform/local-agent/dist/portable/packages/simplebeacon-cli/src/lib/ai-problem-analyzer-suite.js(541,38): error TS2339: Property 'logs' does not exist on type '{}'.
ai-platform/local-agent/dist/portable/packages/simplebeacon-cli/src/lib/ai-problem-analyzer-suite.js(542,25): error TS2339: Property 'inputKind' does not exist on type '{}'.
ai-platform/local-agent/dist/portable/packages/simplebeacon-cli/src/lib/ai-problem-analyzer-suite.js(543,33): error TS2339: Property 'scanReportContext' does not exist on type '{}'.
ai-platform/local-agent/dist/portable/packages/simplebeacon-cli/src/lib/ai-problem-analyzer-suite.js(543,72): error TS2339: Property 'inputKind' does not exist on type '{}'.
ai-platform/local-agent/dist/portable/packages/simplebeacon-cli/src/lib/ai-problem-analyzer-suite.js(547,78): error TS2339: Property 'traces' does not exist on type '{}'.
ai-platform/local-agent/dist/portable/packages/simplebeacon-cli/src/lib/ai-problem-analyzer-suite.js(547,97): error TS2339: Property 'traces' does not exist on type '{}'.
ai-platform/local-agent/dist/portable/packages/simplebeacon-cli/src/lib/ai-problem-analyzer-suite.js(548,82): error TS2339: Property 'datasetSamples' does not exist on type '{}'.
ai-platform/local-agent/dist/portable/packages/simplebeacon-cli/src/lib/ai-problem-analyzer-suite.js(548,109): error TS2339: Property 'datasetSamples' does not exist on type '{}'.
ai-platform/local-agent/dist/portable/packages/simplebeacon-cli/src/lib/ai-problem-analyzer-suite.js(549,60): error TS2339: Property 'scalabilityMetrics' does not exist on type '{}'.
ai-platform/local-agent/dist/portable/packages/simplebeacon-cli/src/lib/ai-problem-analyzer-suite.js(549,91): error TS2339: Property 'metrics' does not exist on type '{}'.
ai-platform/local-agent/dist/portable/packages/simplebeacon-cli/src/lib/ai-problem-analyzer-suite.js(550,66): error TS2339: Property 'benchmarks' does not exist on type '{}'.
ai-platform/local-agent/dist/portable/packages/simplebeacon-cli/src/lib/ai-problem-analyzer-suite.js(551,66): error TS2339: Property 'errorCases' does not exist on type '{}'.
ai-platform/local-agent/dist/portable/packages/simplebeacon-cli/src/lib/ai-problem-analyzer-suite.js(552,68): error TS2339: Property 'prompt' does not exist on type '{}'.
ai-platform/local-agent/dist/portable/packages/simplebeacon-cli/src/lib/ai-problem-analyzer-suite.js(553,80): error TS2339: Property 'prompt' does not exist on type '{}'.
ai-platform/local-agent/dist/portable/packages/simplebeacon-cli/src/lib/ai-problem-analyzer-suite.js(556,71): error TS2339: Property 'claims' does not exist on type '{}'.
ai-platform/local-agent/dist/portable/packages/simplebeacon-cli/src/lib/ai-problem-analyzer-suite.js(556,91): error TS2339: Property 'claims' does not exist on type '{}'.
ai-platform/local-agent/dist/portable/packages/simplebeacon-cli/src/lib/ai-problem-analyzer-suite.js(556,126): error TS2339: Property 'claims' does not exist on type '{}'.
ai-platform/local-agent/dist/portable/packages/simplebeacon-cli/src/lib/ai-problem-analyzer-suite.js(557,83): error TS2339: Property 'claims' does not exist on type '{}'.
ai-platform/local-agent/dist/portable/packages/simplebeacon-cli/src/lib/ai-problem-analyzer-suite.js(557,103): error TS2339: Property 'claims' does not exist on type '{}'.
ai-platform/local-agent/dist/portable/packages/simplebeacon-cli/src/lib/ai-problem-analyzer-suite.js(557,138): error TS2339: Property 'claims' does not exist on type '{}'.
ai-platform/local-agent/dist/portable/packages/simplebeacon-cli/src/lib/ai-problem-analyzer-suite.js(559,72): error TS2339: Property 'subgroupOutcomes' does not exist on type '{}'.
ai-platform/local-agent/dist/portable/packages/simplebeacon-cli/src/lib/ai-problem-analyzer-suite.js(560,87): error TS2339: Property 'regulatoryControlCatalog' does not exist on type '{}'.
ai-platform/local-agent/dist/portable/packages/simplebeacon-cli/src/lib/assessment-export-sanitize.js(135,17): error TS2339: Property 'projectPath' does not exist on type '{ sourceReport?: any; }'.
ai-platform/local-agent/dist/portable/packages/simplebeacon-cli/src/lib/assessment-export-sanitize.js(140,17): error TS2339: Property 'benchmarkScan' does not exist on type '{ sourceReport?: any; }'.
ai-platform/local-agent/dist/portable/packages/simplebeacon-cli/src/lib/cleanup-assistant-brief.js(177,5): error TS2339: Property 'projectPath' does not exist on type '{ policy?: { protectedPaths: string[]; allowNodeModules: boolean; allowSimplebeaconCache: boolean; aggressiveness: string; }; }'.
ai-platform/local-agent/dist/portable/packages/simplebeacon-cli/src/lib/cleanup-assistant-brief.js(178,5): error TS2339: Property 'fileReduction' does not exist on type '{ policy?: { protectedPaths: string[]; allowNodeModules: boolean; allowSimplebeaconCache: boolean; aggressiveness: string; }; }'.
ai-platform/local-agent/dist/portable/packages/simplebeacon-cli/src/lib/cleanup-assistant-brief.js(179,5): error TS2339: Property 'dataQuality' does not exist on type '{ policy?: { protectedPaths: string[]; allowNodeModules: boolean; allowSimplebeaconCache: boolean; aggressiveness: string; }; }'.
ai-platform/local-agent/dist/portable/packages/simplebeacon-cli/src/lib/cleanup-assistant-brief.js(180,5): error TS2339: Property 'repositoryInventory' does not exist on type '{ policy?: { protectedPaths: string[]; allowNodeModules: boolean; allowSimplebeaconCache: boolean; aggressiveness: string; }; }'.
ai-platform/local-agent/dist/portable/packages/simplebeacon-cli/src/lib/cleanup-brief-export-sanitize.js(177,44): error TS2339: Property 'dataQuality' does not exist on type 'object'.
ai-platform/local-agent/dist/portable/packages/simplebeacon-cli/src/lib/cleanup-brief-export-sanitize.js(179,22): error TS2339: Property 'priorityActions' does not exist on type 'object'.
ai-platform/local-agent/dist/portable/packages/simplebeacon-cli/src/lib/codebase-export-sanitize.js(662,43): error TS2339: Property 'repositoryFilesTotal' does not exist on type '{ requestedProjectPath?: string; scanTargetRoot?: string; }'.
ai-platform/local-agent/dist/portable/packages/simplebeacon-cli/src/lib/codebase-export-sanitize.js(663,47): error TS2339: Property 'repositoryFilesTotal' does not exist on type '{ requestedProjectPath?: string; scanTargetRoot?: string; }'.
ai-platform/local-agent/dist/portable/packages/simplebeacon-cli/src/lib/codebase-export-sanitize.js(664,33): error TS2339: Property 'gateReport' does not exist on type '{ requestedProjectPath?: string; scanTargetRoot?: string; }'.
ai-platform/local-agent/dist/portable/packages/simplebeacon-cli/src/lib/complete-scan-export-sanitize.js(69,65): error TS2307: Cannot find module '../../../../server/lib/eu-ai-act-export.js' or its corresponding type declarations.
ai-platform/local-agent/dist/portable/packages/simplebeacon-cli/src/lib/full-directory-scanner.js(14,5): error TS2459: Module '"../rules/eu-ai-act-patterns"' declares 'isExcludedPath' locally, but it is not exported.
ai-platform/local-agent/dist/portable/packages/simplebeacon-cli/src/lib/full-tree-rule-pass.js(13,9): error TS2305: Module '"../rules/eu-ai-act-patterns"' has no exported member 'scanEuAiActFileContent'.
ai-platform/local-agent/dist/portable/packages/simplebeacon-cli/src/lib/local-remediation.js(12,38): error TS2307: Cannot find module '../../../../ai-tools/index.js' or its corresponding type declarations.
ai-platform/local-agent/dist/portable/packages/simplebeacon-cli/src/lib/local-remediation.js(89,18): error TS2339: Property 'response' does not exist on type 'unknown'.
ai-platform/local-agent/dist/portable/packages/simplebeacon-cli/src/lib/local-remediation.js(181,43): error TS2339: Property 'maxFixes' does not exist on type 'object'.
ai-platform/local-agent/dist/portable/packages/simplebeacon-cli/src/lib/local-remediation.js(181,61): error TS2339: Property 'maxFixes' does not exist on type 'object'.
ai-platform/local-agent/dist/portable/packages/simplebeacon-cli/src/lib/local-remediation.js(181,81): error TS2339: Property 'maxFixes' does not exist on type 'object'.
ai-platform/local-agent/dist/portable/packages/simplebeacon-cli/src/lib/npm-audit-export-sanitize.js(300,13): error TS1117: An object literal cannot have multiple properties with the same name.
ai-platform/local-agent/dist/portable/packages/simplebeacon-cli/src/lib/npm-audit-export-sanitize.js(301,13): error TS1117: An object literal cannot have multiple properties with the same name.
ai-platform/local-agent/dist/portable/packages/simplebeacon-cli/src/lib/npm-audit-export-sanitize.js(302,13): error TS1117: An object literal cannot have multiple properties with the same name.
ai-platform/local-agent/dist/portable/packages/simplebeacon-cli/src/lib/re-attestation-note-export-sanitize.js(300,9): error TS2353: Object literal may only specify known properties, and 'repositoryFilesTotal' does not exist in type '{ projectPath?: string; gateReport?: any; tierId?: string; }'.
ai-platform/local-agent/dist/portable/packages/simplebeacon-cli/src/lib/re-attestation-note-export-sanitize.js(300,39): error TS2339: Property 'repositoryFilesTotal' does not exist on type '{ tierId?: string; projectPath?: string; gateReport?: any; generatedAt?: string; }'.
ai-platform/local-agent/dist/portable/packages/simplebeacon-cli/src/lib/runtime-sentinel.js(150,17): error TS2339: Property 'code' does not exist on type 'Error'.
ai-platform/local-agent/dist/portable/packages/simplebeacon-cli/src/lib/scan-history.js(14,23): error TS2339: Property 'severityCounts' does not exist on type 'object'.
ai-platform/local-agent/dist/portable/packages/simplebeacon-cli/src/lib/scan-history.js(17,28): error TS2339: Property 'gatePass' does not exist on type 'object'.
ai-platform/local-agent/dist/portable/packages/simplebeacon-cli/src/lib/scan-history.js(18,28): error TS2339: Property 'warningCount' does not exist on type 'object'.
ai-platform/local-agent/dist/portable/packages/simplebeacon-cli/src/lib/trust-guard.js(47,71): error TS2339: Property 'url' does not exist on type 'URL | Request'.
  Property 'url' does not exist on type 'URL'.
ai-platform/local-agent/dist/portable/packages/simplebeacon-cli/src/lib/trust-guard.js(96,23): error TS2554: Expected 0-1 arguments, but got 2.
ai-platform/local-agent/dist/portable/packages/simplebeacon-cli/src/lib/trust-guard.js(98,29): error TS2554: Expected 0-1 arguments, but got 2.
ai-platform/local-agent/dist/portable/packages/simplebeacon-cli/src/lib/trust-guard.js(99,29): error TS2554: Expected 0-1 arguments, but got 2.
ai-platform/local-agent/dist/portable/packages/simplebeacon-cli/src/lib/trust-guard.js(100,23): error TS2554: Expected 0-1 arguments, but got 2.
ai-platform/local-agent/dist/portable/packages/simplebeacon-cli/src/lib/trust-guard.js(111,75): error TS2554: Expected 0-1 arguments, but got 2.
ai-platform/local-agent/dist/portable/packages/simplebeacon-cli/src/lib/trust-guard.js(113,122): error TS2554: Expected 0-1 arguments, but got 2.
ai-platform/local-agent/dist/portable/packages/simplebeacon-cli/src/mcp/handlers/utility-handlers.js(150,36): error TS2339: Property 'description' does not exist on type 'Readonly<{ id: "sample-json"; regex: RegExp; }> | Readonly<{ id: "mock-path"; regex: RegExp; }> | Readonly<{ id: "fixtures-path"; regex: RegExp; }> | Readonly<...> | Readonly<...>'.
  Property 'description' does not exist on type 'Readonly<{ id: "sample-json"; regex: RegExp; }>'.
ai-platform/local-agent/dist/portable/packages/simplebeacon-cli/src/reporters/ai-enhanced-report.js(135,48): error TS2554: Expected 0-2 arguments, but got 3.
ai-platform/local-agent/dist/portable/packages/simplebeacon-cli/src/reporters/file-reduction-report.js(5,9): error TS2459: Module '"../scan"' declares 'formatBytes' locally, but it is not exported.
ai-platform/local-agent/dist/portable/packages/simplebeacon-cli/src/rules/file-reduction-rules.js(12,5): error TS2305: Module '"../analyzers/data-cleanup"' has no exported member 'ConfigManagementAnalyzer'.
ai-platform/local-agent/dist/portable/packages/simplebeacon-cli/src/rules/file-reduction-rules.js(13,5): error TS2305: Module '"../analyzers/data-cleanup"' has no exported member 'DependencyHealthAnalyzer'.
ai-platform/local-agent/dist/portable/packages/simplebeacon-cli/src/rules/file-reduction-rules.js(14,5): error TS2305: Module '"../analyzers/data-cleanup"' has no exported member 'EnvironmentVariableAnalyzer'.
ai-platform/local-agent/dist/portable/packages/simplebeacon-cli/src/rules/file-reduction-rules.js(15,5): error TS2305: Module '"../analyzers/data-cleanup"' has no exported member 'DataFreshnessAnalyzer'.
ai-platform/local-agent/dist/portable/packages/simplebeacon-cli/src/rules/file-reduction-rules.js(16,5): error TS2305: Module '"../analyzers/data-cleanup"' has no exported member 'DataAccessPatternAnalyzer'.
ai-platform/local-agent/dist/portable/packages/simplebeacon-cli/src/rules/file-reduction-rules.js(17,5): error TS2305: Module '"../analyzers/data-cleanup"' has no exported member 'DataPrivacyAnalyzer'.
ai-platform/local-agent/dist/portable/packages/simplebeacon-cli/src/rules/file-reduction-rules.js(18,5): error TS2305: Module '"../analyzers/data-cleanup"' has no exported member 'DataLineageAnalyzer'.
ai-platform/local-agent/dist/portable/packages/simplebeacon-cli/src/rules/file-reduction-rules.js(19,5): error TS2305: Module '"../analyzers/data-cleanup"' has no exported member 'DataConsistencyAnalyzer'.
ai-platform/local-agent/dist/portable/packages/simplebeacon-cli/src/rules/jest-baseline.js(31,20): error TS2339: Property 'npm_config_devdir' does not exist on type '{ CI: string; }'.
ai-platform/local-agent/dist/portable/packages/simplebeacon-cli/src/rules/jest-baseline.js(32,20): error TS2339: Property 'NPM_CONFIG_DEVDIR' does not exist on type '{ CI: string; }'.
ai-platform/local-agent/dist/portable/packages/simplebeacon-cli/src/rules/jest-baseline.js(241,21): error TS2345: Argument of type '{ id: string; severity: string; type: string; filePath: string; count: number; description: string; recommendedAction: string; affectedFiles: string[]; }' is not assignable to parameter of type '{ id: string; severity: string; type: string; filePath: string; count: any; description: string; recommendedAction: string; affectedFiles: string[]; metadata: any; } & { id: string; severity: string; ... 5 more ...; affectedFiles: string[]; }'.
  Property 'metadata' is missing in type '{ id: string; severity: string; type: string; filePath: string; count: number; description: string; recommendedAction: string; affectedFiles: string[]; }' but required in type '{ id: string; severity: string; type: string; filePath: string; count: any; description: string; recommendedAction: string; affectedFiles: string[]; metadata: any; }'.
ai-platform/local-agent/dist/portable/packages/simplebeacon-cli/src/rules/production-leak.js(55,15): error TS2339: Property 'plainSampleJson' does not exist on type 'object'.
ai-platform/local-agent/dist/portable/packages/simplebeacon-cli/src/rules/production-leak.js(306,30): error TS2367: This comparison appears to be unintentional because the types '"sample-json" | "web-data-sample" | "plain-sample-json" | "mock-path" | "fixtures-path" | "template-sample"' and '"sample-json-ref"' have no overlap.
ai-platform/local-agent/dist/portable/packages/simplebeacon-cli/src/rules/production-leak.js(307,19): error TS2367: This comparison appears to be unintentional because the types '"sample-json" | "web-data-sample" | "plain-sample-json" | "mock-path" | "fixtures-path" | "template-sample"' and '"c-sample-data-ref"' have no overlap.
ai-platform/local-agent/dist/portable/packages/simplebeacon-cli/src/rules/production-leak.js(307,57): error TS2367: This comparison appears to be unintentional because the types '"sample-json" | "web-data-sample" | "plain-sample-json" | "mock-path" | "fixtures-path" | "template-sample"' and '"c-mock-path-ref"' have no overlap.
ai-platform/local-agent/dist/test-extract/agent.cjs(58,11): error TS2307: Cannot find module '../../packages/simplebeacon-cli/src/index.js' or its corresponding type declarations.
ai-platform/local-agent/dist/test-extract/packages/simplebeacon-cli/src/__tests__/compliance-checklist.test.js(17,1): error TS2582: Cannot find name 'describe'. Do you need to install type definitions for a test runner? Try `npm i --save-dev @types/jest` or `npm i --save-dev @types/mocha`.
ai-platform/local-agent/dist/test-extract/packages/simplebeacon-cli/src/__tests__/compliance-checklist.test.js(18,5): error TS2582: Cannot find name 'describe'. Do you need to install type definitions for a test runner? Try `npm i --save-dev @types/jest` or `npm i --save-dev @types/mocha`.
ai-platform/local-agent/dist/test-extract/packages/simplebeacon-cli/src/__tests__/compliance-checklist.test.js(19,9): error TS2582: Cannot find name 'it'. Do you need to install type definitions for a test runner? Try `npm i --save-dev @types/jest` or `npm i --save-dev @types/mocha`.
ai-platform/local-agent/dist/test-extract/packages/simplebeacon-cli/src/__tests__/compliance-checklist.test.js(21,13): error TS2304: Cannot find name 'expect'.
ai-platform/local-agent/dist/test-extract/packages/simplebeacon-cli/src/__tests__/compliance-checklist.test.js(24,9): error TS2582: Cannot find name 'it'. Do you need to install type definitions for a test runner? Try `npm i --save-dev @types/jest` or `npm i --save-dev @types/mocha`.
ai-platform/local-agent/dist/test-extract/packages/simplebeacon-cli/src/__tests__/compliance-checklist.test.js(26,13): error TS2304: Cannot find name 'expect'.
ai-platform/local-agent/dist/test-extract/packages/simplebeacon-cli/src/__tests__/compliance-checklist.test.js(30,5): error TS2582: Cannot find name 'describe'. Do you need to install type definitions for a test runner? Try `npm i --save-dev @types/jest` or `npm i --save-dev @types/mocha`.
ai-platform/local-agent/dist/test-extract/packages/simplebeacon-cli/src/__tests__/compliance-checklist.test.js(31,9): error TS2582: Cannot find name 'it'. Do you need to install type definitions for a test runner? Try `npm i --save-dev @types/jest` or `npm i --save-dev @types/mocha`.
ai-platform/local-agent/dist/test-extract/packages/simplebeacon-cli/src/__tests__/compliance-checklist.test.js(36,13): error TS2304: Cannot find name 'expect'.
ai-platform/local-agent/dist/test-extract/packages/simplebeacon-cli/src/__tests__/compliance-checklist.test.js(39,9): error TS2582: Cannot find name 'it'. Do you need to install type definitions for a test runner? Try `npm i --save-dev @types/jest` or `npm i --save-dev @types/mocha`.
ai-platform/local-agent/dist/test-extract/packages/simplebeacon-cli/src/__tests__/compliance-checklist.test.js(44,13): error TS2304: Cannot find name 'expect'.
ai-platform/local-agent/dist/test-extract/packages/simplebeacon-cli/src/__tests__/compliance-checklist.test.js(45,13): error TS2304: Cannot find name 'expect'.
ai-platform/local-agent/dist/test-extract/packages/simplebeacon-cli/src/__tests__/compliance-checklist.test.js(48,9): error TS2582: Cannot find name 'it'. Do you need to install type definitions for a test runner? Try `npm i --save-dev @types/jest` or `npm i --save-dev @types/mocha`.
ai-platform/local-agent/dist/test-extract/packages/simplebeacon-cli/src/__tests__/compliance-checklist.test.js(53,13): error TS2304: Cannot find name 'expect'.
ai-platform/local-agent/dist/test-extract/packages/simplebeacon-cli/src/__tests__/compliance-checklist.test.js(56,9): error TS2582: Cannot find name 'it'. Do you need to install type definitions for a test runner? Try `npm i --save-dev @types/jest` or `npm i --save-dev @types/mocha`.
ai-platform/local-agent/dist/test-extract/packages/simplebeacon-cli/src/__tests__/compliance-checklist.test.js(61,13): error TS2304: Cannot find name 'expect'.
ai-platform/local-agent/dist/test-extract/packages/simplebeacon-cli/src/__tests__/compliance-checklist.test.js(64,9): error TS2582: Cannot find name 'it'. Do you need to install type definitions for a test runner? Try `npm i --save-dev @types/jest` or `npm i --save-dev @types/mocha`.
ai-platform/local-agent/dist/test-extract/packages/simplebeacon-cli/src/__tests__/compliance-checklist.test.js(69,13): error TS2304: Cannot find name 'expect'.
ai-platform/local-agent/dist/test-extract/packages/simplebeacon-cli/src/__tests__/compliance-checklist.test.js(72,9): error TS2582: Cannot find name 'it'. Do you need to install type definitions for a test runner? Try `npm i --save-dev @types/jest` or `npm i --save-dev @types/mocha`.
ai-platform/local-agent/dist/test-extract/packages/simplebeacon-cli/src/__tests__/compliance-checklist.test.js(77,13): error TS2304: Cannot find name 'expect'.
ai-platform/local-agent/dist/test-extract/packages/simplebeacon-cli/src/__tests__/compliance-checklist.test.js(80,9): error TS2582: Cannot find name 'it'. Do you need to install type definitions for a test runner? Try `npm i --save-dev @types/jest` or `npm i --save-dev @types/mocha`.
ai-platform/local-agent/dist/test-extract/packages/simplebeacon-cli/src/__tests__/compliance-checklist.test.js(85,13): error TS2304: Cannot find name 'expect'.
ai-platform/local-agent/dist/test-extract/packages/simplebeacon-cli/src/__tests__/compliance-checklist.test.js(88,9): error TS2582: Cannot find name 'it'. Do you need to install type definitions for a test runner? Try `npm i --save-dev @types/jest` or `npm i --save-dev @types/mocha`.
ai-platform/local-agent/dist/test-extract/packages/simplebeacon-cli/src/__tests__/compliance-checklist.test.js(93,13): error TS2304: Cannot find name 'expect'.
ai-platform/local-agent/dist/test-extract/packages/simplebeacon-cli/src/__tests__/compliance-checklist.test.js(96,9): error TS2582: Cannot find name 'it'. Do you need to install type definitions for a test runner? Try `npm i --save-dev @types/jest` or `npm i --save-dev @types/mocha`.
ai-platform/local-agent/dist/test-extract/packages/simplebeacon-cli/src/__tests__/compliance-checklist.test.js(101,13): error TS2304: Cannot find name 'expect'.
ai-platform/local-agent/dist/test-extract/packages/simplebeacon-cli/src/__tests__/compliance-checklist.test.js(104,9): error TS2582: Cannot find name 'it'. Do you need to install type definitions for a test runner? Try `npm i --save-dev @types/jest` or `npm i --save-dev @types/mocha`.
ai-platform/local-agent/dist/test-extract/packages/simplebeacon-cli/src/__tests__/compliance-checklist.test.js(109,13): error TS2304: Cannot find name 'expect'.
ai-platform/local-agent/dist/test-extract/packages/simplebeacon-cli/src/__tests__/compliance-checklist.test.js(112,9): error TS2582: Cannot find name 'it'. Do you need to install type definitions for a test runner? Try `npm i --save-dev @types/jest` or `npm i --save-dev @types/mocha`.
ai-platform/local-agent/dist/test-extract/packages/simplebeacon-cli/src/__tests__/compliance-checklist.test.js(117,13): error TS2304: Cannot find name 'expect'.
ai-platform/local-agent/dist/test-extract/packages/simplebeacon-cli/src/__tests__/compliance-checklist.test.js(120,9): error TS2582: Cannot find name 'it'. Do you need to install type definitions for a test runner? Try `npm i --save-dev @types/jest` or `npm i --save-dev @types/mocha`.
ai-platform/local-agent/dist/test-extract/packages/simplebeacon-cli/src/__tests__/compliance-checklist.test.js(125,13): error TS2304: Cannot find name 'expect'.
ai-platform/local-agent/dist/test-extract/packages/simplebeacon-cli/src/__tests__/compliance-checklist.test.js(128,9): error TS2582: Cannot find name 'it'. Do you need to install type definitions for a test runner? Try `npm i --save-dev @types/jest` or `npm i --save-dev @types/mocha`.
ai-platform/local-agent/dist/test-extract/packages/simplebeacon-cli/src/__tests__/compliance-checklist.test.js(133,13): error TS2304: Cannot find name 'expect'.
ai-platform/local-agent/dist/test-extract/packages/simplebeacon-cli/src/__tests__/compliance-checklist.test.js(136,9): error TS2582: Cannot find name 'it'. Do you need to install type definitions for a test runner? Try `npm i --save-dev @types/jest` or `npm i --save-dev @types/mocha`.
ai-platform/local-agent/dist/test-extract/packages/simplebeacon-cli/src/__tests__/compliance-checklist.test.js(141,13): error TS2304: Cannot find name 'expect'.
ai-platform/local-agent/dist/test-extract/packages/simplebeacon-cli/src/__tests__/compliance-checklist.test.js(142,13): error TS2304: Cannot find name 'expect'.
ai-platform/local-agent/dist/test-extract/packages/simplebeacon-cli/src/__tests__/compliance-checklist.test.js(145,9): error TS2582: Cannot find name 'it'. Do you need to install type definitions for a test runner? Try `npm i --save-dev @types/jest` or `npm i --save-dev @types/mocha`.
ai-platform/local-agent/dist/test-extract/packages/simplebeacon-cli/src/__tests__/compliance-checklist.test.js(150,13): error TS2304: Cannot find name 'expect'.
ai-platform/local-agent/dist/test-extract/packages/simplebeacon-cli/src/__tests__/compliance-checklist.test.js(154,5): error TS2582: Cannot find name 'describe'. Do you need to install type definitions for a test runner? Try `npm i --save-dev @types/jest` or `npm i --save-dev @types/mocha`.
ai-platform/local-agent/dist/test-extract/packages/simplebeacon-cli/src/__tests__/compliance-checklist.test.js(155,9): error TS2582: Cannot find name 'it'. Do you need to install type definitions for a test runner? Try `npm i --save-dev @types/jest` or `npm i --save-dev @types/mocha`.
ai-platform/local-agent/dist/test-extract/packages/simplebeacon-cli/src/__tests__/compliance-checklist.test.js(173,13): error TS2304: Cannot find name 'expect'.
ai-platform/local-agent/dist/test-extract/packages/simplebeacon-cli/src/__tests__/compliance-checklist.test.js(174,13): error TS2304: Cannot find name 'expect'.
ai-platform/local-agent/dist/test-extract/packages/simplebeacon-cli/src/__tests__/compliance-checklist.test.js(175,13): error TS2304: Cannot find name 'expect'.
ai-platform/local-agent/dist/test-extract/packages/simplebeacon-cli/src/__tests__/compliance-checklist.test.js(176,13): error TS2304: Cannot find name 'expect'.
ai-platform/local-agent/dist/test-extract/packages/simplebeacon-cli/src/__tests__/compliance-checklist.test.js(177,13): error TS2304: Cannot find name 'expect'.
ai-platform/local-agent/dist/test-extract/packages/simplebeacon-cli/src/__tests__/compliance-checklist.test.js(180,9): error TS2582: Cannot find name 'it'. Do you need to install type definitions for a test runner? Try `npm i --save-dev @types/jest` or `npm i --save-dev @types/mocha`.
ai-platform/local-agent/dist/test-extract/packages/simplebeacon-cli/src/__tests__/compliance-checklist.test.js(186,13): error TS2304: Cannot find name 'expect'.
ai-platform/local-agent/dist/test-extract/packages/simplebeacon-cli/src/__tests__/compliance-checklist.test.js(190,5): error TS2582: Cannot find name 'describe'. Do you need to install type definitions for a test runner? Try `npm i --save-dev @types/jest` or `npm i --save-dev @types/mocha`.
ai-platform/local-agent/dist/test-extract/packages/simplebeacon-cli/src/__tests__/compliance-checklist.test.js(191,9): error TS2582: Cannot find name 'it'. Do you need to install type definitions for a test runner? Try `npm i --save-dev @types/jest` or `npm i --save-dev @types/mocha`.
ai-platform/local-agent/dist/test-extract/packages/simplebeacon-cli/src/__tests__/compliance-checklist.test.js(192,13): error TS2304: Cannot find name 'expect'.
ai-platform/local-agent/dist/test-extract/packages/simplebeacon-cli/src/__tests__/compliance-checklist.test.js(195,9): error TS2582: Cannot find name 'it'. Do you need to install type definitions for a test runner? Try `npm i --save-dev @types/jest` or `npm i --save-dev @types/mocha`.
ai-platform/local-agent/dist/test-extract/packages/simplebeacon-cli/src/__tests__/compliance-checklist.test.js(197,13): error TS2304: Cannot find name 'expect'.
ai-platform/local-agent/dist/test-extract/packages/simplebeacon-cli/src/__tests__/compliance-checklist.test.js(198,13): error TS2304: Cannot find name 'expect'.
ai-platform/local-agent/dist/test-extract/packages/simplebeacon-cli/src/__tests__/index.smoke.test.js(55,26): error TS2540: Cannot assign to 'version' because it is a read-only property.
ai-platform/local-agent/dist/test-extract/packages/simplebeacon-cli/src/analyzers/data-cleanup/data-lineage-analyzer.js(9,27): error TS2307: Cannot find module '../../../../../ai-platform/server/config/constants.cjs' or its corresponding type declarations.
ai-platform/local-agent/dist/test-extract/packages/simplebeacon-cli/src/analyzers/data-cleanup/utils/analyzer-cache.js(8,27): error TS2307: Cannot find module '../../../../../../ai-platform/server/config/constants.cjs' or its corresponding type declarations.
ai-platform/local-agent/dist/test-extract/packages/simplebeacon-cli/src/analyzers/data-cleanup/utils/data-file-utils.js(5,27): error TS2307: Cannot find module '../../../../../../ai-platform/server/config/constants.cjs' or its corresponding type declarations.
ai-platform/local-agent/dist/test-extract/packages/simplebeacon-cli/src/analyzers/file-reduction/git-hygiene-scanner.js(12,27): error TS2307: Cannot find module '../../../../../ai-platform/server/config/constants.cjs' or its corresponding type declarations.
ai-platform/local-agent/dist/test-extract/packages/simplebeacon-cli/src/analyzers/file-reduction/git-hygiene-scanner.js(135,80): error TS2769: No overload matches this call.
  Overload 3 of 4, '(command: string, options?: ExecSyncOptions): string | NonSharedBuffer', gave the following error.
    Type 'boolean' is not assignable to type 'string'.
ai-platform/local-agent/dist/test-extract/packages/simplebeacon-cli/src/analyzers/file-reduction/utils/hash-utils.js(8,27): error TS2307: Cannot find module '../../../../../../ai-platform/server/config/constants.cjs' or its corresponding type declarations.
ai-platform/local-agent/dist/test-extract/packages/simplebeacon-cli/src/config.js(13,27): error TS2307: Cannot find module '../../../ai-platform/server/config/constants.cjs' or its corresponding type declarations.
ai-platform/local-agent/dist/test-extract/packages/simplebeacon-cli/src/eu-ai-act-export-guard.js(1,27): error TS2307: Cannot find module '../../../ai-platform/server/config/constants.cjs' or its corresponding type declarations.
ai-platform/local-agent/dist/test-extract/packages/simplebeacon-cli/src/index.js(16,29): error TS2307: Cannot find module '../package.json' or its corresponding type declarations.
ai-platform/local-agent/dist/test-extract/packages/simplebeacon-cli/src/index.js(232,35): error TS2339: Property 'initSimplebeacon' does not exist on type 'Readonly<{}>'.
ai-platform/local-agent/dist/test-extract/packages/simplebeacon-cli/src/index.js(233,35): error TS2339: Property 'initSimplebeacon' does not exist on type 'Readonly<{}>'.
ai-platform/local-agent/dist/test-extract/packages/simplebeacon-cli/src/index.js(235,38): error TS2339: Property 'buildInitDryRunPlan' does not exist on type 'Readonly<{}>'.
ai-platform/local-agent/dist/test-extract/packages/simplebeacon-cli/src/index.js(236,46): error TS2339: Property 'countRepositoryInventory' does not exist on type 'Readonly<{}>'.
ai-platform/local-agent/dist/test-extract/packages/simplebeacon-cli/src/index.js(237,37): error TS2339: Property 'SKIP_BY_PROFILE' does not exist on type 'Readonly<{}>'.
ai-platform/local-agent/dist/test-extract/packages/simplebeacon-cli/src/index.mjs(3,31): error TS1343: The 'import.meta' meta-property is only allowed when the '--module' option is 'es2020', 'es2022', 'esnext', 'system', 'node16', 'node18', 'node20', or 'nodenext'.
ai-platform/local-agent/dist/test-extract/packages/simplebeacon-cli/src/lib/ai-problem-analyzer-suite.js(1,27): error TS2307: Cannot find module '../../../../ai-platform/server/config/constants.cjs' or its corresponding type declarations.
ai-platform/local-agent/dist/test-extract/packages/simplebeacon-cli/src/lib/ai-problem-analyzer-suite.js(490,10): error TS2339: Property 'scanReportContext' does not exist on type '{}'.
ai-platform/local-agent/dist/test-extract/packages/simplebeacon-cli/src/lib/ai-problem-analyzer-suite.js(491,10): error TS2339: Property 'inputKind' does not exist on type '{}'.
ai-platform/local-agent/dist/test-extract/packages/simplebeacon-cli/src/lib/ai-problem-analyzer-suite.js(498,10): error TS2339: Property 'responseText' does not exist on type '{}'.
ai-platform/local-agent/dist/test-extract/packages/simplebeacon-cli/src/lib/ai-problem-analyzer-suite.js(499,10): error TS2339: Property 'codeText' does not exist on type '{}'.
ai-platform/local-agent/dist/test-extract/packages/simplebeacon-cli/src/lib/ai-problem-analyzer-suite.js(501,10): error TS2339: Property 'errorCases' does not exist on type '{}'.
ai-platform/local-agent/dist/test-extract/packages/simplebeacon-cli/src/lib/ai-problem-analyzer-suite.js(512,10): error TS2339: Property 'claims' does not exist on type '{}'.
ai-platform/local-agent/dist/test-extract/packages/simplebeacon-cli/src/lib/ai-problem-analyzer-suite.js(522,10): error TS2339: Property 'subgroupOutcomes' does not exist on type '{}'.
ai-platform/local-agent/dist/test-extract/packages/simplebeacon-cli/src/lib/ai-problem-analyzer-suite.js(527,10): error TS2339: Property 'scalabilityMetrics' does not exist on type '{}'.
ai-platform/local-agent/dist/test-extract/packages/simplebeacon-cli/src/lib/ai-problem-analyzer-suite.js(539,35): error TS2339: Property 'responseText' does not exist on type '{}'.
ai-platform/local-agent/dist/test-extract/packages/simplebeacon-cli/src/lib/ai-problem-analyzer-suite.js(540,31): error TS2339: Property 'codeText' does not exist on type '{}'.
ai-platform/local-agent/dist/test-extract/packages/simplebeacon-cli/src/lib/ai-problem-analyzer-suite.js(541,38): error TS2339: Property 'logs' does not exist on type '{}'.
ai-platform/local-agent/dist/test-extract/packages/simplebeacon-cli/src/lib/ai-problem-analyzer-suite.js(542,25): error TS2339: Property 'inputKind' does not exist on type '{}'.
ai-platform/local-agent/dist/test-extract/packages/simplebeacon-cli/src/lib/ai-problem-analyzer-suite.js(543,33): error TS2339: Property 'scanReportContext' does not exist on type '{}'.
ai-platform/local-agent/dist/test-extract/packages/simplebeacon-cli/src/lib/ai-problem-analyzer-suite.js(543,72): error TS2339: Property 'inputKind' does not exist on type '{}'.
ai-platform/local-agent/dist/test-extract/packages/simplebeacon-cli/src/lib/ai-problem-analyzer-suite.js(547,78): error TS2339: Property 'traces' does not exist on type '{}'.
ai-platform/local-agent/dist/test-extract/packages/simplebeacon-cli/src/lib/ai-problem-analyzer-suite.js(547,97): error TS2339: Property 'traces' does not exist on type '{}'.
ai-platform/local-agent/dist/test-extract/packages/simplebeacon-cli/src/lib/ai-problem-analyzer-suite.js(548,82): error TS2339: Property 'datasetSamples' does not exist on type '{}'.
ai-platform/local-agent/dist/test-extract/packages/simplebeacon-cli/src/lib/ai-problem-analyzer-suite.js(548,109): error TS2339: Property 'datasetSamples' does not exist on type '{}'.
ai-platform/local-agent/dist/test-extract/packages/simplebeacon-cli/src/lib/ai-problem-analyzer-suite.js(549,60): error TS2339: Property 'scalabilityMetrics' does not exist on type '{}'.
ai-platform/local-agent/dist/test-extract/packages/simplebeacon-cli/src/lib/ai-problem-analyzer-suite.js(549,91): error TS2339: Property 'metrics' does not exist on type '{}'.
ai-platform/local-agent/dist/test-extract/packages/simplebeacon-cli/src/lib/ai-problem-analyzer-suite.js(550,66): error TS2339: Property 'benchmarks' does not exist on type '{}'.
ai-platform/local-agent/dist/test-extract/packages/simplebeacon-cli/src/lib/ai-problem-analyzer-suite.js(551,66): error TS2339: Property 'errorCases' does not exist on type '{}'.
ai-platform/local-agent/dist/test-extract/packages/simplebeacon-cli/src/lib/ai-problem-analyzer-suite.js(552,68): error TS2339: Property 'prompt' does not exist on type '{}'.
ai-platform/local-agent/dist/test-extract/packages/simplebeacon-cli/src/lib/ai-problem-analyzer-suite.js(553,80): error TS2339: Property 'prompt' does not exist on type '{}'.
ai-platform/local-agent/dist/test-extract/packages/simplebeacon-cli/src/lib/ai-problem-analyzer-suite.js(556,71): error TS2339: Property 'claims' does not exist on type '{}'.
ai-platform/local-agent/dist/test-extract/packages/simplebeacon-cli/src/lib/ai-problem-analyzer-suite.js(556,91): error TS2339: Property 'claims' does not exist on type '{}'.
ai-platform/local-agent/dist/test-extract/packages/simplebeacon-cli/src/lib/ai-problem-analyzer-suite.js(556,126): error TS2339: Property 'claims' does not exist on type '{}'.
ai-platform/local-agent/dist/test-extract/packages/simplebeacon-cli/src/lib/ai-problem-analyzer-suite.js(557,83): error TS2339: Property 'claims' does not exist on type '{}'.
ai-platform/local-agent/dist/test-extract/packages/simplebeacon-cli/src/lib/ai-problem-analyzer-suite.js(557,103): error TS2339: Property 'claims' does not exist on type '{}'.
ai-platform/local-agent/dist/test-extract/packages/simplebeacon-cli/src/lib/ai-problem-analyzer-suite.js(557,138): error TS2339: Property 'claims' does not exist on type '{}'.
ai-platform/local-agent/dist/test-extract/packages/simplebeacon-cli/src/lib/ai-problem-analyzer-suite.js(559,72): error TS2339: Property 'subgroupOutcomes' does not exist on type '{}'.
ai-platform/local-agent/dist/test-extract/packages/simplebeacon-cli/src/lib/ai-problem-analyzer-suite.js(560,87): error TS2339: Property 'regulatoryControlCatalog' does not exist on type '{}'.
ai-platform/local-agent/dist/test-extract/packages/simplebeacon-cli/src/lib/assessment-export-sanitize.js(135,17): error TS2339: Property 'projectPath' does not exist on type '{ sourceReport?: any; }'.
ai-platform/local-agent/dist/test-extract/packages/simplebeacon-cli/src/lib/assessment-export-sanitize.js(140,17): error TS2339: Property 'benchmarkScan' does not exist on type '{ sourceReport?: any; }'.
ai-platform/local-agent/dist/test-extract/packages/simplebeacon-cli/src/lib/cleanup-assistant-brief.js(6,27): error TS2307: Cannot find module '../../../../ai-platform/server/config/constants.cjs' or its corresponding type declarations.
ai-platform/local-agent/dist/test-extract/packages/simplebeacon-cli/src/lib/cleanup-assistant-brief.js(177,5): error TS2339: Property 'projectPath' does not exist on type '{ policy?: { protectedPaths: string[]; allowNodeModules: boolean; allowSimplebeaconCache: boolean; aggressiveness: string; }; }'.
ai-platform/local-agent/dist/test-extract/packages/simplebeacon-cli/src/lib/cleanup-assistant-brief.js(178,5): error TS2339: Property 'fileReduction' does not exist on type '{ policy?: { protectedPaths: string[]; allowNodeModules: boolean; allowSimplebeaconCache: boolean; aggressiveness: string; }; }'.
ai-platform/local-agent/dist/test-extract/packages/simplebeacon-cli/src/lib/cleanup-assistant-brief.js(179,5): error TS2339: Property 'dataQuality' does not exist on type '{ policy?: { protectedPaths: string[]; allowNodeModules: boolean; allowSimplebeaconCache: boolean; aggressiveness: string; }; }'.
ai-platform/local-agent/dist/test-extract/packages/simplebeacon-cli/src/lib/cleanup-assistant-brief.js(180,5): error TS2339: Property 'repositoryInventory' does not exist on type '{ policy?: { protectedPaths: string[]; allowNodeModules: boolean; allowSimplebeaconCache: boolean; aggressiveness: string; }; }'.
ai-platform/local-agent/dist/test-extract/packages/simplebeacon-cli/src/lib/cleanup-brief-export-sanitize.js(7,27): error TS2307: Cannot find module '../../../../ai-platform/server/config/constants.cjs' or its corresponding type declarations.
ai-platform/local-agent/dist/test-extract/packages/simplebeacon-cli/src/lib/cleanup-brief-export-sanitize.js(177,44): error TS2339: Property 'dataQuality' does not exist on type 'object'.
ai-platform/local-agent/dist/test-extract/packages/simplebeacon-cli/src/lib/cleanup-brief-export-sanitize.js(179,22): error TS2339: Property 'priorityActions' does not exist on type 'object'.
ai-platform/local-agent/dist/test-extract/packages/simplebeacon-cli/src/lib/codebase-export-sanitize.js(662,43): error TS2339: Property 'repositoryFilesTotal' does not exist on type '{ requestedProjectPath?: string; scanTargetRoot?: string; }'.
ai-platform/local-agent/dist/test-extract/packages/simplebeacon-cli/src/lib/codebase-export-sanitize.js(663,47): error TS2339: Property 'repositoryFilesTotal' does not exist on type '{ requestedProjectPath?: string; scanTargetRoot?: string; }'.
ai-platform/local-agent/dist/test-extract/packages/simplebeacon-cli/src/lib/codebase-export-sanitize.js(664,33): error TS2339: Property 'gateReport' does not exist on type '{ requestedProjectPath?: string; scanTargetRoot?: string; }'.
ai-platform/local-agent/dist/test-extract/packages/simplebeacon-cli/src/lib/complete-scan-export-sanitize.js(69,65): error TS2307: Cannot find module '../../../../server/lib/eu-ai-act-export.js' or its corresponding type declarations.
ai-platform/local-agent/dist/test-extract/packages/simplebeacon-cli/src/lib/complete-scan-export-sanitize.js(70,27): error TS2307: Cannot find module '../../../../ai-platform/server/config/constants.cjs' or its corresponding type declarations.
ai-platform/local-agent/dist/test-extract/packages/simplebeacon-cli/src/lib/data-cleanup-export-sanitize.js(11,27): error TS2307: Cannot find module '../../../../ai-platform/server/config/constants.cjs' or its corresponding type declarations.
ai-platform/local-agent/dist/test-extract/packages/simplebeacon-cli/src/lib/full-directory-scanner.js(14,5): error TS2459: Module '"../rules/eu-ai-act-patterns"' declares 'isExcludedPath' locally, but it is not exported.
ai-platform/local-agent/dist/test-extract/packages/simplebeacon-cli/src/lib/full-directory-scanner.js(17,27): error TS2307: Cannot find module '../../../../ai-platform/server/config/constants.cjs' or its corresponding type declarations.
ai-platform/local-agent/dist/test-extract/packages/simplebeacon-cli/src/lib/full-tree-rule-pass.js(13,9): error TS2305: Module '"../rules/eu-ai-act-patterns"' has no exported member 'scanEuAiActFileContent'.
ai-platform/local-agent/dist/test-extract/packages/simplebeacon-cli/src/lib/local-remediation.js(12,38): error TS2307: Cannot find module '../../../../ai-tools/index.js' or its corresponding type declarations.
ai-platform/local-agent/dist/test-extract/packages/simplebeacon-cli/src/lib/local-remediation.js(89,18): error TS2339: Property 'response' does not exist on type 'unknown'.
ai-platform/local-agent/dist/test-extract/packages/simplebeacon-cli/src/lib/local-remediation.js(181,43): error TS2339: Property 'maxFixes' does not exist on type 'object'.
ai-platform/local-agent/dist/test-extract/packages/simplebeacon-cli/src/lib/local-remediation.js(181,61): error TS2339: Property 'maxFixes' does not exist on type 'object'.
ai-platform/local-agent/dist/test-extract/packages/simplebeacon-cli/src/lib/local-remediation.js(181,81): error TS2339: Property 'maxFixes' does not exist on type 'object'.
ai-platform/local-agent/dist/test-extract/packages/simplebeacon-cli/src/lib/normalize-file-reduction-report.js(9,27): error TS2307: Cannot find module '../../../../ai-platform/server/config/constants.cjs' or its corresponding type declarations.
ai-platform/local-agent/dist/test-extract/packages/simplebeacon-cli/src/lib/npm-audit-export-sanitize.js(300,13): error TS1117: An object literal cannot have multiple properties with the same name.
ai-platform/local-agent/dist/test-extract/packages/simplebeacon-cli/src/lib/npm-audit-export-sanitize.js(301,13): error TS1117: An object literal cannot have multiple properties with the same name.
ai-platform/local-agent/dist/test-extract/packages/simplebeacon-cli/src/lib/npm-audit-export-sanitize.js(302,13): error TS1117: An object literal cannot have multiple properties with the same name.
ai-platform/local-agent/dist/test-extract/packages/simplebeacon-cli/src/lib/python-ast-scanner.js(10,27): error TS2307: Cannot find module '../../../../ai-platform/server/config/constants.cjs' or its corresponding type declarations.
ai-platform/local-agent/dist/test-extract/packages/simplebeacon-cli/src/lib/re-attestation-note-export-sanitize.js(300,9): error TS2353: Object literal may only specify known properties, and 'repositoryFilesTotal' does not exist in type '{ projectPath?: string; gateReport?: any; tierId?: string; }'.
ai-platform/local-agent/dist/test-extract/packages/simplebeacon-cli/src/lib/re-attestation-note-export-sanitize.js(300,39): error TS2339: Property 'repositoryFilesTotal' does not exist on type '{ tierId?: string; projectPath?: string; gateReport?: any; generatedAt?: string; }'.
ai-platform/local-agent/dist/test-extract/packages/simplebeacon-cli/src/lib/roadmap-export-sanitize.js(7,27): error TS2307: Cannot find module '../../../../ai-platform/server/config/constants.cjs' or its corresponding type declarations.
ai-platform/local-agent/dist/test-extract/packages/simplebeacon-cli/src/lib/runtime-sentinel.js(14,27): error TS2307: Cannot find module '../../../../ai-platform/server/config/constants.cjs' or its corresponding type declarations.
ai-platform/local-agent/dist/test-extract/packages/simplebeacon-cli/src/lib/runtime-sentinel.js(150,17): error TS2339: Property 'code' does not exist on type 'Error'.
ai-platform/local-agent/dist/test-extract/packages/simplebeacon-cli/src/lib/scan-history.js(9,27): error TS2307: Cannot find module '../../../../ai-platform/server/config/constants.cjs' or its corresponding type declarations.
ai-platform/local-agent/dist/test-extract/packages/simplebeacon-cli/src/lib/scan-history.js(14,23): error TS2339: Property 'severityCounts' does not exist on type 'object'.
ai-platform/local-agent/dist/test-extract/packages/simplebeacon-cli/src/lib/scan-history.js(17,28): error TS2339: Property 'gatePass' does not exist on type 'object'.
ai-platform/local-agent/dist/test-extract/packages/simplebeacon-cli/src/lib/scan-history.js(18,28): error TS2339: Property 'warningCount' does not exist on type 'object'.
ai-platform/local-agent/dist/test-extract/packages/simplebeacon-cli/src/lib/trust-guard.js(47,71): error TS2339: Property 'url' does not exist on type 'URL | Request'.
  Property 'url' does not exist on type 'URL'.
ai-platform/local-agent/dist/test-extract/packages/simplebeacon-cli/src/lib/trust-guard.js(96,23): error TS2554: Expected 0-1 arguments, but got 2.
ai-platform/local-agent/dist/test-extract/packages/simplebeacon-cli/src/lib/trust-guard.js(98,29): error TS2554: Expected 0-1 arguments, but got 2.
ai-platform/local-agent/dist/test-extract/packages/simplebeacon-cli/src/lib/trust-guard.js(99,29): error TS2554: Expected 0-1 arguments, but got 2.
ai-platform/local-agent/dist/test-extract/packages/simplebeacon-cli/src/lib/trust-guard.js(100,23): error TS2554: Expected 0-1 arguments, but got 2.
ai-platform/local-agent/dist/test-extract/packages/simplebeacon-cli/src/lib/trust-guard.js(111,75): error TS2554: Expected 0-1 arguments, but got 2.
ai-platform/local-agent/dist/test-extract/packages/simplebeacon-cli/src/lib/trust-guard.js(113,122): error TS2554: Expected 0-1 arguments, but got 2.
ai-platform/local-agent/dist/test-extract/packages/simplebeacon-cli/src/mcp/handlers/utility-handlers.js(150,36): error TS2339: Property 'description' does not exist on type 'Readonly<{ id: "sample-json"; regex: RegExp; }> | Readonly<{ id: "mock-path"; regex: RegExp; }> | Readonly<{ id: "fixtures-path"; regex: RegExp; }> | Readonly<...> | Readonly<...>'.
  Property 'description' does not exist on type 'Readonly<{ id: "sample-json"; regex: RegExp; }>'.
ai-platform/local-agent/dist/test-extract/packages/simplebeacon-cli/src/mcp/tools.js(10,27): error TS2307: Cannot find module '../../../../ai-platform/server/config/constants.cjs' or its corresponding type declarations.
ai-platform/local-agent/dist/test-extract/packages/simplebeacon-cli/src/proxy/gateway.js(14,27): error TS2307: Cannot find module '../../../../ai-platform/server/config/constants.cjs' or its corresponding type declarations.
ai-platform/local-agent/dist/test-extract/packages/simplebeacon-cli/src/reporters/ai-enhanced-report.js(135,48): error TS2554: Expected 0-2 arguments, but got 3.
ai-platform/local-agent/dist/test-extract/packages/simplebeacon-cli/src/reporters/file-reduction-report.js(5,9): error TS2459: Module '"../scan"' declares 'formatBytes' locally, but it is not exported.
ai-platform/local-agent/dist/test-extract/packages/simplebeacon-cli/src/rules/file-reduction-rules.js(12,5): error TS2305: Module '"../analyzers/data-cleanup"' has no exported member 'ConfigManagementAnalyzer'.
ai-platform/local-agent/dist/test-extract/packages/simplebeacon-cli/src/rules/file-reduction-rules.js(13,5): error TS2305: Module '"../analyzers/data-cleanup"' has no exported member 'DependencyHealthAnalyzer'.
ai-platform/local-agent/dist/test-extract/packages/simplebeacon-cli/src/rules/file-reduction-rules.js(14,5): error TS2305: Module '"../analyzers/data-cleanup"' has no exported member 'EnvironmentVariableAnalyzer'.
ai-platform/local-agent/dist/test-extract/packages/simplebeacon-cli/src/rules/file-reduction-rules.js(15,5): error TS2305: Module '"../analyzers/data-cleanup"' has no exported member 'DataFreshnessAnalyzer'.
ai-platform/local-agent/dist/test-extract/packages/simplebeacon-cli/src/rules/file-reduction-rules.js(16,5): error TS2305: Module '"../analyzers/data-cleanup"' has no exported member 'DataAccessPatternAnalyzer'.
ai-platform/local-agent/dist/test-extract/packages/simplebeacon-cli/src/rules/file-reduction-rules.js(17,5): error TS2305: Module '"../analyzers/data-cleanup"' has no exported member 'DataPrivacyAnalyzer'.
ai-platform/local-agent/dist/test-extract/packages/simplebeacon-cli/src/rules/file-reduction-rules.js(18,5): error TS2305: Module '"../analyzers/data-cleanup"' has no exported member 'DataLineageAnalyzer'.
ai-platform/local-agent/dist/test-extract/packages/simplebeacon-cli/src/rules/file-reduction-rules.js(19,5): error TS2305: Module '"../analyzers/data-cleanup"' has no exported member 'DataConsistencyAnalyzer'.
ai-platform/local-agent/dist/test-extract/packages/simplebeacon-cli/src/rules/jest-baseline.js(31,20): error TS2339: Property 'npm_config_devdir' does not exist on type '{ CI: string; }'.
ai-platform/local-agent/dist/test-extract/packages/simplebeacon-cli/src/rules/jest-baseline.js(32,20): error TS2339: Property 'NPM_CONFIG_DEVDIR' does not exist on type '{ CI: string; }'.
ai-platform/local-agent/dist/test-extract/packages/simplebeacon-cli/src/rules/jest-baseline.js(241,21): error TS2345: Argument of type '{ id: string; severity: string; type: string; filePath: string; count: number; description: string; recommendedAction: string; affectedFiles: string[]; }' is not assignable to parameter of type '{ id: string; severity: string; type: string; filePath: string; count: any; description: string; recommendedAction: string; affectedFiles: string[]; metadata: any; } & { id: string; severity: string; ... 5 more ...; affectedFiles: string[]; }'.
  Property 'metadata' is missing in type '{ id: string; severity: string; type: string; filePath: string; count: number; description: string; recommendedAction: string; affectedFiles: string[]; }' but required in type '{ id: string; severity: string; type: string; filePath: string; count: any; description: string; recommendedAction: string; affectedFiles: string[]; metadata: any; }'.
ai-platform/local-agent/dist/test-extract/packages/simplebeacon-cli/src/rules/production-leak.js(55,15): error TS2339: Property 'plainSampleJson' does not exist on type 'object'.
ai-platform/local-agent/dist/test-extract/packages/simplebeacon-cli/src/rules/production-leak.js(306,30): error TS2367: This comparison appears to be unintentional because the types '"sample-json" | "web-data-sample" | "plain-sample-json" | "mock-path" | "fixtures-path" | "template-sample"' and '"sample-json-ref"' have no overlap.
ai-platform/local-agent/dist/test-extract/packages/simplebeacon-cli/src/rules/production-leak.js(307,19): error TS2367: This comparison appears to be unintentional because the types '"sample-json" | "web-data-sample" | "plain-sample-json" | "mock-path" | "fixtures-path" | "template-sample"' and '"c-sample-data-ref"' have no overlap.
ai-platform/local-agent/dist/test-extract/packages/simplebeacon-cli/src/rules/production-leak.js(307,57): error TS2367: This comparison appears to be unintentional because the types '"sample-json" | "web-data-sample" | "plain-sample-json" | "mock-path" | "fixtures-path" | "template-sample"' and '"c-mock-path-ref"' have no overlap.
ai-platform/local-agent/dist/test-extract/packages/simplebeacon-cli/src/scan.js(61,40): error TS2307: Cannot find module '../../../ai-platform/server/lib/json-file-cache.cjs' or its corresponding type declarations.
ai-platform/local-agent/dist/test-extract/packages/simplebeacon-cli/src/scan.js(62,39): error TS2307: Cannot find module '../../../ai-platform/server/config/file-types.cjs' or its corresponding type declarations.
ai-platform/local-agent/dist/test-extract2/agent.cjs(58,11): error TS2307: Cannot find module '../../packages/simplebeacon-cli/src/index.js' or its corresponding type declarations.
ai-platform/local-agent/dist/test-extract2/packages/simplebeacon-cli/src/__tests__/compliance-checklist.test.js(17,1): error TS2582: Cannot find name 'describe'. Do you need to install type definitions for a test runner? Try `npm i --save-dev @types/jest` or `npm i --save-dev @types/mocha`.
ai-platform/local-agent/dist/test-extract2/packages/simplebeacon-cli/src/__tests__/compliance-checklist.test.js(18,5): error TS2582: Cannot find name 'describe'. Do you need to install type definitions for a test runner? Try `npm i --save-dev @types/jest` or `npm i --save-dev @types/mocha`.
ai-platform/local-agent/dist/test-extract2/packages/simplebeacon-cli/src/__tests__/compliance-checklist.test.js(19,9): error TS2582: Cannot find name 'it'. Do you need to install type definitions for a test runner? Try `npm i --save-dev @types/jest` or `npm i --save-dev @types/mocha`.
ai-platform/local-agent/dist/test-extract2/packages/simplebeacon-cli/src/__tests__/compliance-checklist.test.js(21,13): error TS2304: Cannot find name 'expect'.
ai-platform/local-agent/dist/test-extract2/packages/simplebeacon-cli/src/__tests__/compliance-checklist.test.js(24,9): error TS2582: Cannot find name 'it'. Do you need to install type definitions for a test runner? Try `npm i --save-dev @types/jest` or `npm i --save-dev @types/mocha`.
ai-platform/local-agent/dist/test-extract2/packages/simplebeacon-cli/src/__tests__/compliance-checklist.test.js(26,13): error TS2304: Cannot find name 'expect'.
ai-platform/local-agent/dist/test-extract2/packages/simplebeacon-cli/src/__tests__/compliance-checklist.test.js(30,5): error TS2582: Cannot find name 'describe'. Do you need to install type definitions for a test runner? Try `npm i --save-dev @types/jest` or `npm i --save-dev @types/mocha`.
ai-platform/local-agent/dist/test-extract2/packages/simplebeacon-cli/src/__tests__/compliance-checklist.test.js(31,9): error TS2582: Cannot find name 'it'. Do you need to install type definitions for a test runner? Try `npm i --save-dev @types/jest` or `npm i --save-dev @types/mocha`.
ai-platform/local-agent/dist/test-extract2/packages/simplebeacon-cli/src/__tests__/compliance-checklist.test.js(36,13): error TS2304: Cannot find name 'expect'.
ai-platform/local-agent/dist/test-extract2/packages/simplebeacon-cli/src/__tests__/compliance-checklist.test.js(39,9): error TS2582: Cannot find name 'it'. Do you need to install type definitions for a test runner? Try `npm i --save-dev @types/jest` or `npm i --save-dev @types/mocha`.
ai-platform/local-agent/dist/test-extract2/packages/simplebeacon-cli/src/__tests__/compliance-checklist.test.js(44,13): error TS2304: Cannot find name 'expect'.
ai-platform/local-agent/dist/test-extract2/packages/simplebeacon-cli/src/__tests__/compliance-checklist.test.js(45,13): error TS2304: Cannot find name 'expect'.
ai-platform/local-agent/dist/test-extract2/packages/simplebeacon-cli/src/__tests__/compliance-checklist.test.js(48,9): error TS2582: Cannot find name 'it'. Do you need to install type definitions for a test runner? Try `npm i --save-dev @types/jest` or `npm i --save-dev @types/mocha`.
ai-platform/local-agent/dist/test-extract2/packages/simplebeacon-cli/src/__tests__/compliance-checklist.test.js(53,13): error TS2304: Cannot find name 'expect'.
ai-platform/local-agent/dist/test-extract2/packages/simplebeacon-cli/src/__tests__/compliance-checklist.test.js(56,9): error TS2582: Cannot find name 'it'. Do you need to install type definitions for a test runner? Try `npm i --save-dev @types/jest` or `npm i --save-dev @types/mocha`.
ai-platform/local-agent/dist/test-extract2/packages/simplebeacon-cli/src/__tests__/compliance-checklist.test.js(61,13): error TS2304: Cannot find name 'expect'.
ai-platform/local-agent/dist/test-extract2/packages/simplebeacon-cli/src/__tests__/compliance-checklist.test.js(64,9): error TS2582: Cannot find name 'it'. Do you need to install type definitions for a test runner? Try `npm i --save-dev @types/jest` or `npm i --save-dev @types/mocha`.
ai-platform/local-agent/dist/test-extract2/packages/simplebeacon-cli/src/__tests__/compliance-checklist.test.js(69,13): error TS2304: Cannot find name 'expect'.
ai-platform/local-agent/dist/test-extract2/packages/simplebeacon-cli/src/__tests__/compliance-checklist.test.js(72,9): error TS2582: Cannot find name 'it'. Do you need to install type definitions for a test runner? Try `npm i --save-dev @types/jest` or `npm i --save-dev @types/mocha`.
ai-platform/local-agent/dist/test-extract2/packages/simplebeacon-cli/src/__tests__/compliance-checklist.test.js(77,13): error TS2304: Cannot find name 'expect'.
ai-platform/local-agent/dist/test-extract2/packages/simplebeacon-cli/src/__tests__/compliance-checklist.test.js(80,9): error TS2582: Cannot find name 'it'. Do you need to install type definitions for a test runner? Try `npm i --save-dev @types/jest` or `npm i --save-dev @types/mocha`.
ai-platform/local-agent/dist/test-extract2/packages/simplebeacon-cli/src/__tests__/compliance-checklist.test.js(85,13): error TS2304: Cannot find name 'expect'.
ai-platform/local-agent/dist/test-extract2/packages/simplebeacon-cli/src/__tests__/compliance-checklist.test.js(88,9): error TS2582: Cannot find name 'it'. Do you need to install type definitions for a test runner? Try `npm i --save-dev @types/jest` or `npm i --save-dev @types/mocha`.
ai-platform/local-agent/dist/test-extract2/packages/simplebeacon-cli/src/__tests__/compliance-checklist.test.js(93,13): error TS2304: Cannot find name 'expect'.
ai-platform/local-agent/dist/test-extract2/packages/simplebeacon-cli/src/__tests__/compliance-checklist.test.js(96,9): error TS2582: Cannot find name 'it'. Do you need to install type definitions for a test runner? Try `npm i --save-dev @types/jest` or `npm i --save-dev @types/mocha`.
ai-platform/local-agent/dist/test-extract2/packages/simplebeacon-cli/src/__tests__/compliance-checklist.test.js(101,13): error TS2304: Cannot find name 'expect'.
ai-platform/local-agent/dist/test-extract2/packages/simplebeacon-cli/src/__tests__/compliance-checklist.test.js(104,9): error TS2582: Cannot find name 'it'. Do you need to install type definitions for a test runner? Try `npm i --save-dev @types/jest` or `npm i --save-dev @types/mocha`.
ai-platform/local-agent/dist/test-extract2/packages/simplebeacon-cli/src/__tests__/compliance-checklist.test.js(109,13): error TS2304: Cannot find name 'expect'.
ai-platform/local-agent/dist/test-extract2/packages/simplebeacon-cli/src/__tests__/compliance-checklist.test.js(112,9): error TS2582: Cannot find name 'it'. Do you need to install type definitions for a test runner? Try `npm i --save-dev @types/jest` or `npm i --save-dev @types/mocha`.
ai-platform/local-agent/dist/test-extract2/packages/simplebeacon-cli/src/__tests__/compliance-checklist.test.js(117,13): error TS2304: Cannot find name 'expect'.
ai-platform/local-agent/dist/test-extract2/packages/simplebeacon-cli/src/__tests__/compliance-checklist.test.js(120,9): error TS2582: Cannot find name 'it'. Do you need to install type definitions for a test runner? Try `npm i --save-dev @types/jest` or `npm i --save-dev @types/mocha`.
ai-platform/local-agent/dist/test-extract2/packages/simplebeacon-cli/src/__tests__/compliance-checklist.test.js(125,13): error TS2304: Cannot find name 'expect'.
ai-platform/local-agent/dist/test-extract2/packages/simplebeacon-cli/src/__tests__/compliance-checklist.test.js(128,9): error TS2582: Cannot find name 'it'. Do you need to install type definitions for a test runner? Try `npm i --save-dev @types/jest` or `npm i --save-dev @types/mocha`.
ai-platform/local-agent/dist/test-extract2/packages/simplebeacon-cli/src/__tests__/compliance-checklist.test.js(133,13): error TS2304: Cannot find name 'expect'.
ai-platform/local-agent/dist/test-extract2/packages/simplebeacon-cli/src/__tests__/compliance-checklist.test.js(136,9): error TS2582: Cannot find name 'it'. Do you need to install type definitions for a test runner? Try `npm i --save-dev @types/jest` or `npm i --save-dev @types/mocha`.
ai-platform/local-agent/dist/test-extract2/packages/simplebeacon-cli/src/__tests__/compliance-checklist.test.js(141,13): error TS2304: Cannot find name 'expect'.
ai-platform/local-agent/dist/test-extract2/packages/simplebeacon-cli/src/__tests__/compliance-checklist.test.js(142,13): error TS2304: Cannot find name 'expect'.
ai-platform/local-agent/dist/test-extract2/packages/simplebeacon-cli/src/__tests__/compliance-checklist.test.js(145,9): error TS2582: Cannot find name 'it'. Do you need to install type definitions for a test runner? Try `npm i --save-dev @types/jest` or `npm i --save-dev @types/mocha`.
ai-platform/local-agent/dist/test-extract2/packages/simplebeacon-cli/src/__tests__/compliance-checklist.test.js(150,13): error TS2304: Cannot find name 'expect'.
ai-platform/local-agent/dist/test-extract2/packages/simplebeacon-cli/src/__tests__/compliance-checklist.test.js(154,5): error TS2582: Cannot find name 'describe'. Do you need to install type definitions for a test runner? Try `npm i --save-dev @types/jest` or `npm i --save-dev @types/mocha`.
ai-platform/local-agent/dist/test-extract2/packages/simplebeacon-cli/src/__tests__/compliance-checklist.test.js(155,9): error TS2582: Cannot find name 'it'. Do you need to install type definitions for a test runner? Try `npm i --save-dev @types/jest` or `npm i --save-dev @types/mocha`.
ai-platform/local-agent/dist/test-extract2/packages/simplebeacon-cli/src/__tests__/compliance-checklist.test.js(173,13): error TS2304: Cannot find name 'expect'.
ai-platform/local-agent/dist/test-extract2/packages/simplebeacon-cli/src/__tests__/compliance-checklist.test.js(174,13): error TS2304: Cannot find name 'expect'.
ai-platform/local-agent/dist/test-extract2/packages/simplebeacon-cli/src/__tests__/compliance-checklist.test.js(175,13): error TS2304: Cannot find name 'expect'.
ai-platform/local-agent/dist/test-extract2/packages/simplebeacon-cli/src/__tests__/compliance-checklist.test.js(176,13): error TS2304: Cannot find name 'expect'.
ai-platform/local-agent/dist/test-extract2/packages/simplebeacon-cli/src/__tests__/compliance-checklist.test.js(177,13): error TS2304: Cannot find name 'expect'.
ai-platform/local-agent/dist/test-extract2/packages/simplebeacon-cli/src/__tests__/compliance-checklist.test.js(180,9): error TS2582: Cannot find name 'it'. Do you need to install type definitions for a test runner? Try `npm i --save-dev @types/jest` or `npm i --save-dev @types/mocha`.
ai-platform/local-agent/dist/test-extract2/packages/simplebeacon-cli/src/__tests__/compliance-checklist.test.js(186,13): error TS2304: Cannot find name 'expect'.
ai-platform/local-agent/dist/test-extract2/packages/simplebeacon-cli/src/__tests__/compliance-checklist.test.js(190,5): error TS2582: Cannot find name 'describe'. Do you need to install type definitions for a test runner? Try `npm i --save-dev @types/jest` or `npm i --save-dev @types/mocha`.
ai-platform/local-agent/dist/test-extract2/packages/simplebeacon-cli/src/__tests__/compliance-checklist.test.js(191,9): error TS2582: Cannot find name 'it'. Do you need to install type definitions for a test runner? Try `npm i --save-dev @types/jest` or `npm i --save-dev @types/mocha`.
ai-platform/local-agent/dist/test-extract2/packages/simplebeacon-cli/src/__tests__/compliance-checklist.test.js(192,13): error TS2304: Cannot find name 'expect'.
ai-platform/local-agent/dist/test-extract2/packages/simplebeacon-cli/src/__tests__/compliance-checklist.test.js(195,9): error TS2582: Cannot find name 'it'. Do you need to install type definitions for a test runner? Try `npm i --save-dev @types/jest` or `npm i --save-dev @types/mocha`.
ai-platform/local-agent/dist/test-extract2/packages/simplebeacon-cli/src/__tests__/compliance-checklist.test.js(197,13): error TS2304: Cannot find name 'expect'.
ai-platform/local-agent/dist/test-extract2/packages/simplebeacon-cli/src/__tests__/compliance-checklist.test.js(198,13): error TS2304: Cannot find name 'expect'.
ai-platform/local-agent/dist/test-extract2/packages/simplebeacon-cli/src/__tests__/index.smoke.test.js(55,26): error TS2540: Cannot assign to 'version' because it is a read-only property.
ai-platform/local-agent/dist/test-extract2/packages/simplebeacon-cli/src/analyzers/data-cleanup/data-lineage-analyzer.js(9,27): error TS2307: Cannot find module '../../../../../ai-platform/server/config/constants.cjs' or its corresponding type declarations.
ai-platform/local-agent/dist/test-extract2/packages/simplebeacon-cli/src/analyzers/data-cleanup/utils/analyzer-cache.js(8,27): error TS2307: Cannot find module '../../../../../../ai-platform/server/config/constants.cjs' or its corresponding type declarations.
ai-platform/local-agent/dist/test-extract2/packages/simplebeacon-cli/src/analyzers/data-cleanup/utils/data-file-utils.js(5,27): error TS2307: Cannot find module '../../../../../../ai-platform/server/config/constants.cjs' or its corresponding type declarations.
ai-platform/local-agent/dist/test-extract2/packages/simplebeacon-cli/src/analyzers/file-reduction/git-hygiene-scanner.js(12,27): error TS2307: Cannot find module '../../../../../ai-platform/server/config/constants.cjs' or its corresponding type declarations.
ai-platform/local-agent/dist/test-extract2/packages/simplebeacon-cli/src/analyzers/file-reduction/git-hygiene-scanner.js(135,80): error TS2769: No overload matches this call.
  Overload 3 of 4, '(command: string, options?: ExecSyncOptions): string | NonSharedBuffer', gave the following error.
    Type 'boolean' is not assignable to type 'string'.
ai-platform/local-agent/dist/test-extract2/packages/simplebeacon-cli/src/analyzers/file-reduction/utils/hash-utils.js(8,27): error TS2307: Cannot find module '../../../../../../ai-platform/server/config/constants.cjs' or its corresponding type declarations.
ai-platform/local-agent/dist/test-extract2/packages/simplebeacon-cli/src/config.js(13,27): error TS2307: Cannot find module '../../../ai-platform/server/config/constants.cjs' or its corresponding type declarations.
ai-platform/local-agent/dist/test-extract2/packages/simplebeacon-cli/src/eu-ai-act-export-guard.js(1,27): error TS2307: Cannot find module '../../../ai-platform/server/config/constants.cjs' or its corresponding type declarations.
ai-platform/local-agent/dist/test-extract2/packages/simplebeacon-cli/src/index.js(16,29): error TS2307: Cannot find module '../package.json' or its corresponding type declarations.
ai-platform/local-agent/dist/test-extract2/packages/simplebeacon-cli/src/index.js(232,35): error TS2339: Property 'initSimplebeacon' does not exist on type 'Readonly<{}>'.
ai-platform/local-agent/dist/test-extract2/packages/simplebeacon-cli/src/index.js(233,35): error TS2339: Property 'initSimplebeacon' does not exist on type 'Readonly<{}>'.
ai-platform/local-agent/dist/test-extract2/packages/simplebeacon-cli/src/index.js(235,38): error TS2339: Property 'buildInitDryRunPlan' does not exist on type 'Readonly<{}>'.
ai-platform/local-agent/dist/test-extract2/packages/simplebeacon-cli/src/index.js(236,46): error TS2339: Property 'countRepositoryInventory' does not exist on type 'Readonly<{}>'.
ai-platform/local-agent/dist/test-extract2/packages/simplebeacon-cli/src/index.js(237,37): error TS2339: Property 'SKIP_BY_PROFILE' does not exist on type 'Readonly<{}>'.
ai-platform/local-agent/dist/test-extract2/packages/simplebeacon-cli/src/index.mjs(3,31): error TS1343: The 'import.meta' meta-property is only allowed when the '--module' option is 'es2020', 'es2022', 'esnext', 'system', 'node16', 'node18', 'node20', or 'nodenext'.
ai-platform/local-agent/dist/test-extract2/packages/simplebeacon-cli/src/lib/ai-problem-analyzer-suite.js(1,27): error TS2307: Cannot find module '../../../../ai-platform/server/config/constants.cjs' or its corresponding type declarations.
ai-platform/local-agent/dist/test-extract2/packages/simplebeacon-cli/src/lib/ai-problem-analyzer-suite.js(490,10): error TS2339: Property 'scanReportContext' does not exist on type '{}'.
ai-platform/local-agent/dist/test-extract2/packages/simplebeacon-cli/src/lib/ai-problem-analyzer-suite.js(491,10): error TS2339: Property 'inputKind' does not exist on type '{}'.
ai-platform/local-agent/dist/test-extract2/packages/simplebeacon-cli/src/lib/ai-problem-analyzer-suite.js(498,10): error TS2339: Property 'responseText' does not exist on type '{}'.
ai-platform/local-agent/dist/test-extract2/packages/simplebeacon-cli/src/lib/ai-problem-analyzer-suite.js(499,10): error TS2339: Property 'codeText' does not exist on type '{}'.
ai-platform/local-agent/dist/test-extract2/packages/simplebeacon-cli/src/lib/ai-problem-analyzer-suite.js(501,10): error TS2339: Property 'errorCases' does not exist on type '{}'.
ai-platform/local-agent/dist/test-extract2/packages/simplebeacon-cli/src/lib/ai-problem-analyzer-suite.js(512,10): error TS2339: Property 'claims' does not exist on type '{}'.
ai-platform/local-agent/dist/test-extract2/packages/simplebeacon-cli/src/lib/ai-problem-analyzer-suite.js(522,10): error TS2339: Property 'subgroupOutcomes' does not exist on type '{}'.
ai-platform/local-agent/dist/test-extract2/packages/simplebeacon-cli/src/lib/ai-problem-analyzer-suite.js(527,10): error TS2339: Property 'scalabilityMetrics' does not exist on type '{}'.
ai-platform/local-agent/dist/test-extract2/packages/simplebeacon-cli/src/lib/ai-problem-analyzer-suite.js(539,35): error TS2339: Property 'responseText' does not exist on type '{}'.
ai-platform/local-agent/dist/test-extract2/packages/simplebeacon-cli/src/lib/ai-problem-analyzer-suite.js(540,31): error TS2339: Property 'codeText' does not exist on type '{}'.
ai-platform/local-agent/dist/test-extract2/packages/simplebeacon-cli/src/lib/ai-problem-analyzer-suite.js(541,38): error TS2339: Property 'logs' does not exist on type '{}'.
ai-platform/local-agent/dist/test-extract2/packages/simplebeacon-cli/src/lib/ai-problem-analyzer-suite.js(542,25): error TS2339: Property 'inputKind' does not exist on type '{}'.
ai-platform/local-agent/dist/test-extract2/packages/simplebeacon-cli/src/lib/ai-problem-analyzer-suite.js(543,33): error TS2339: Property 'scanReportContext' does not exist on type '{}'.
ai-platform/local-agent/dist/test-extract2/packages/simplebeacon-cli/src/lib/ai-problem-analyzer-suite.js(543,72): error TS2339: Property 'inputKind' does not exist on type '{}'.
ai-platform/local-agent/dist/test-extract2/packages/simplebeacon-cli/src/lib/ai-problem-analyzer-suite.js(547,78): error TS2339: Property 'traces' does not exist on type '{}'.
ai-platform/local-agent/dist/test-extract2/packages/simplebeacon-cli/src/lib/ai-problem-analyzer-suite.js(547,97): error TS2339: Property 'traces' does not exist on type '{}'.
ai-platform/local-agent/dist/test-extract2/packages/simplebeacon-cli/src/lib/ai-problem-analyzer-suite.js(548,82): error TS2339: Property 'datasetSamples' does not exist on type '{}'.
ai-platform/local-agent/dist/test-extract2/packages/simplebeacon-cli/src/lib/ai-problem-analyzer-suite.js(548,109): error TS2339: Property 'datasetSamples' does not exist on type '{}'.
ai-platform/local-agent/dist/test-extract2/packages/simplebeacon-cli/src/lib/ai-problem-analyzer-suite.js(549,60): error TS2339: Property 'scalabilityMetrics' does not exist on type '{}'.
ai-platform/local-agent/dist/test-extract2/packages/simplebeacon-cli/src/lib/ai-problem-analyzer-suite.js(549,91): error TS2339: Property 'metrics' does not exist on type '{}'.
ai-platform/local-agent/dist/test-extract2/packages/simplebeacon-cli/src/lib/ai-problem-analyzer-suite.js(550,66): error TS2339: Property 'benchmarks' does not exist on type '{}'.
ai-platform/local-agent/dist/test-extract2/packages/simplebeacon-cli/src/lib/ai-problem-analyzer-suite.js(551,66): error TS2339: Property 'errorCases' does not exist on type '{}'.
ai-platform/local-agent/dist/test-extract2/packages/simplebeacon-cli/src/lib/ai-problem-analyzer-suite.js(552,68): error TS2339: Property 'prompt' does not exist on type '{}'.
ai-platform/local-agent/dist/test-extract2/packages/simplebeacon-cli/src/lib/ai-problem-analyzer-suite.js(553,80): error TS2339: Property 'prompt' does not exist on type '{}'.
ai-platform/local-agent/dist/test-extract2/packages/simplebeacon-cli/src/lib/ai-problem-analyzer-suite.js(556,71): error TS2339: Property 'claims' does not exist on type '{}'.
ai-platform/local-agent/dist/test-extract2/packages/simplebeacon-cli/src/lib/ai-problem-analyzer-suite.js(556,91): error TS2339: Property 'claims' does not exist on type '{}'.
ai-platform/local-agent/dist/test-extract2/packages/simplebeacon-cli/src/lib/ai-problem-analyzer-suite.js(556,126): error TS2339: Property 'claims' does not exist on type '{}'.
ai-platform/local-agent/dist/test-extract2/packages/simplebeacon-cli/src/lib/ai-problem-analyzer-suite.js(557,83): error TS2339: Property 'claims' does not exist on type '{}'.
ai-platform/local-agent/dist/test-extract2/packages/simplebeacon-cli/src/lib/ai-problem-analyzer-suite.js(557,103): error TS2339: Property 'claims' does not exist on type '{}'.
ai-platform/local-agent/dist/test-extract2/packages/simplebeacon-cli/src/lib/ai-problem-analyzer-suite.js(557,138): error TS2339: Property 'claims' does not exist on type '{}'.
ai-platform/local-agent/dist/test-extract2/packages/simplebeacon-cli/src/lib/ai-problem-analyzer-suite.js(559,72): error TS2339: Property 'subgroupOutcomes' does not exist on type '{}'.
ai-platform/local-agent/dist/test-extract2/packages/simplebeacon-cli/src/lib/ai-problem-analyzer-suite.js(560,87): error TS2339: Property 'regulatoryControlCatalog' does not exist on type '{}'.
ai-platform/local-agent/dist/test-extract2/packages/simplebeacon-cli/src/lib/assessment-export-sanitize.js(135,17): error TS2339: Property 'projectPath' does not exist on type '{ sourceReport?: any; }'.
ai-platform/local-agent/dist/test-extract2/packages/simplebeacon-cli/src/lib/assessment-export-sanitize.js(140,17): error TS2339: Property 'benchmarkScan' does not exist on type '{ sourceReport?: any; }'.
ai-platform/local-agent/dist/test-extract2/packages/simplebeacon-cli/src/lib/cleanup-assistant-brief.js(6,27): error TS2307: Cannot find module '../../../../ai-platform/server/config/constants.cjs' or its corresponding type declarations.
ai-platform/local-agent/dist/test-extract2/packages/simplebeacon-cli/src/lib/cleanup-assistant-brief.js(177,5): error TS2339: Property 'projectPath' does not exist on type '{ policy?: { protectedPaths: string[]; allowNodeModules: boolean; allowSimplebeaconCache: boolean; aggressiveness: string; }; }'.
ai-platform/local-agent/dist/test-extract2/packages/simplebeacon-cli/src/lib/cleanup-assistant-brief.js(178,5): error TS2339: Property 'fileReduction' does not exist on type '{ policy?: { protectedPaths: string[]; allowNodeModules: boolean; allowSimplebeaconCache: boolean; aggressiveness: string; }; }'.
ai-platform/local-agent/dist/test-extract2/packages/simplebeacon-cli/src/lib/cleanup-assistant-brief.js(179,5): error TS2339: Property 'dataQuality' does not exist on type '{ policy?: { protectedPaths: string[]; allowNodeModules: boolean; allowSimplebeaconCache: boolean; aggressiveness: string; }; }'.
ai-platform/local-agent/dist/test-extract2/packages/simplebeacon-cli/src/lib/cleanup-assistant-brief.js(180,5): error TS2339: Property 'repositoryInventory' does not exist on type '{ policy?: { protectedPaths: string[]; allowNodeModules: boolean; allowSimplebeaconCache: boolean; aggressiveness: string; }; }'.
ai-platform/local-agent/dist/test-extract2/packages/simplebeacon-cli/src/lib/cleanup-brief-export-sanitize.js(7,27): error TS2307: Cannot find module '../../../../ai-platform/server/config/constants.cjs' or its corresponding type declarations.
ai-platform/local-agent/dist/test-extract2/packages/simplebeacon-cli/src/lib/cleanup-brief-export-sanitize.js(177,44): error TS2339: Property 'dataQuality' does not exist on type 'object'.
ai-platform/local-agent/dist/test-extract2/packages/simplebeacon-cli/src/lib/cleanup-brief-export-sanitize.js(179,22): error TS2339: Property 'priorityActions' does not exist on type 'object'.
ai-platform/local-agent/dist/test-extract2/packages/simplebeacon-cli/src/lib/codebase-export-sanitize.js(662,43): error TS2339: Property 'repositoryFilesTotal' does not exist on type '{ requestedProjectPath?: string; scanTargetRoot?: string; }'.
ai-platform/local-agent/dist/test-extract2/packages/simplebeacon-cli/src/lib/codebase-export-sanitize.js(663,47): error TS2339: Property 'repositoryFilesTotal' does not exist on type '{ requestedProjectPath?: string; scanTargetRoot?: string; }'.
ai-platform/local-agent/dist/test-extract2/packages/simplebeacon-cli/src/lib/codebase-export-sanitize.js(664,33): error TS2339: Property 'gateReport' does not exist on type '{ requestedProjectPath?: string; scanTargetRoot?: string; }'.
ai-platform/local-agent/dist/test-extract2/packages/simplebeacon-cli/src/lib/complete-scan-export-sanitize.js(69,65): error TS2307: Cannot find module '../../../../server/lib/eu-ai-act-export.js' or its corresponding type declarations.
ai-platform/local-agent/dist/test-extract2/packages/simplebeacon-cli/src/lib/complete-scan-export-sanitize.js(70,27): error TS2307: Cannot find module '../../../../ai-platform/server/config/constants.cjs' or its corresponding type declarations.
ai-platform/local-agent/dist/test-extract2/packages/simplebeacon-cli/src/lib/data-cleanup-export-sanitize.js(11,27): error TS2307: Cannot find module '../../../../ai-platform/server/config/constants.cjs' or its corresponding type declarations.
ai-platform/local-agent/dist/test-extract2/packages/simplebeacon-cli/src/lib/full-directory-scanner.js(14,5): error TS2459: Module '"../rules/eu-ai-act-patterns"' declares 'isExcludedPath' locally, but it is not exported.
ai-platform/local-agent/dist/test-extract2/packages/simplebeacon-cli/src/lib/full-directory-scanner.js(17,27): error TS2307: Cannot find module '../../../../ai-platform/server/config/constants.cjs' or its corresponding type declarations.
ai-platform/local-agent/dist/test-extract2/packages/simplebeacon-cli/src/lib/full-tree-rule-pass.js(13,9): error TS2305: Module '"../rules/eu-ai-act-patterns"' has no exported member 'scanEuAiActFileContent'.
ai-platform/local-agent/dist/test-extract2/packages/simplebeacon-cli/src/lib/local-remediation.js(12,38): error TS2307: Cannot find module '../../../../ai-tools/index.js' or its corresponding type declarations.
ai-platform/local-agent/dist/test-extract2/packages/simplebeacon-cli/src/lib/local-remediation.js(89,18): error TS2339: Property 'response' does not exist on type 'unknown'.
ai-platform/local-agent/dist/test-extract2/packages/simplebeacon-cli/src/lib/local-remediation.js(181,43): error TS2339: Property 'maxFixes' does not exist on type 'object'.
ai-platform/local-agent/dist/test-extract2/packages/simplebeacon-cli/src/lib/local-remediation.js(181,61): error TS2339: Property 'maxFixes' does not exist on type 'object'.
ai-platform/local-agent/dist/test-extract2/packages/simplebeacon-cli/src/lib/local-remediation.js(181,81): error TS2339: Property 'maxFixes' does not exist on type 'object'.
ai-platform/local-agent/dist/test-extract2/packages/simplebeacon-cli/src/lib/normalize-file-reduction-report.js(9,27): error TS2307: Cannot find module '../../../../ai-platform/server/config/constants.cjs' or its corresponding type declarations.
ai-platform/local-agent/dist/test-extract2/packages/simplebeacon-cli/src/lib/npm-audit-export-sanitize.js(300,13): error TS1117: An object literal cannot have multiple properties with the same name.
ai-platform/local-agent/dist/test-extract2/packages/simplebeacon-cli/src/lib/npm-audit-export-sanitize.js(301,13): error TS1117: An object literal cannot have multiple properties with the same name.
ai-platform/local-agent/dist/test-extract2/packages/simplebeacon-cli/src/lib/npm-audit-export-sanitize.js(302,13): error TS1117: An object literal cannot have multiple properties with the same name.
ai-platform/local-agent/dist/test-extract2/packages/simplebeacon-cli/src/lib/python-ast-scanner.js(10,27): error TS2307: Cannot find module '../../../../ai-platform/server/config/constants.cjs' or its corresponding type declarations.
ai-platform/local-agent/dist/test-extract2/packages/simplebeacon-cli/src/lib/re-attestation-note-export-sanitize.js(300,9): error TS2353: Object literal may only specify known properties, and 'repositoryFilesTotal' does not exist in type '{ projectPath?: string; gateReport?: any; tierId?: string; }'.
ai-platform/local-agent/dist/test-extract2/packages/simplebeacon-cli/src/lib/re-attestation-note-export-sanitize.js(300,39): error TS2339: Property 'repositoryFilesTotal' does not exist on type '{ tierId?: string; projectPath?: string; gateReport?: any; generatedAt?: string; }'.
ai-platform/local-agent/dist/test-extract2/packages/simplebeacon-cli/src/lib/roadmap-export-sanitize.js(7,27): error TS2307: Cannot find module '../../../../ai-platform/server/config/constants.cjs' or its corresponding type declarations.
ai-platform/local-agent/dist/test-extract2/packages/simplebeacon-cli/src/lib/runtime-sentinel.js(14,27): error TS2307: Cannot find module '../../../../ai-platform/server/config/constants.cjs' or its corresponding type declarations.
ai-platform/local-agent/dist/test-extract2/packages/simplebeacon-cli/src/lib/runtime-sentinel.js(150,17): error TS2339: Property 'code' does not exist on type 'Error'.
ai-platform/local-agent/dist/test-extract2/packages/simplebeacon-cli/src/lib/scan-history.js(9,27): error TS2307: Cannot find module '../../../../ai-platform/server/config/constants.cjs' or its corresponding type declarations.
ai-platform/local-agent/dist/test-extract2/packages/simplebeacon-cli/src/lib/scan-history.js(14,23): error TS2339: Property 'severityCounts' does not exist on type 'object'.
ai-platform/local-agent/dist/test-extract2/packages/simplebeacon-cli/src/lib/scan-history.js(17,28): error TS2339: Property 'gatePass' does not exist on type 'object'.
ai-platform/local-agent/dist/test-extract2/packages/simplebeacon-cli/src/lib/scan-history.js(18,28): error TS2339: Property 'warningCount' does not exist on type 'object'.
ai-platform/local-agent/dist/test-extract2/packages/simplebeacon-cli/src/lib/trust-guard.js(47,71): error TS2339: Property 'url' does not exist on type 'URL | Request'.
  Property 'url' does not exist on type 'URL'.
ai-platform/local-agent/dist/test-extract2/packages/simplebeacon-cli/src/lib/trust-guard.js(96,23): error TS2554: Expected 0-1 arguments, but got 2.
ai-platform/local-agent/dist/test-extract2/packages/simplebeacon-cli/src/lib/trust-guard.js(98,29): error TS2554: Expected 0-1 arguments, but got 2.
ai-platform/local-agent/dist/test-extract2/packages/simplebeacon-cli/src/lib/trust-guard.js(99,29): error TS2554: Expected 0-1 arguments, but got 2.
ai-platform/local-agent/dist/test-extract2/packages/simplebeacon-cli/src/lib/trust-guard.js(100,23): error TS2554: Expected 0-1 arguments, but got 2.
ai-platform/local-agent/dist/test-extract2/packages/simplebeacon-cli/src/lib/trust-guard.js(111,75): error TS2554: Expected 0-1 arguments, but got 2.
ai-platform/local-agent/dist/test-extract2/packages/simplebeacon-cli/src/lib/trust-guard.js(113,122): error TS2554: Expected 0-1 arguments, but got 2.
ai-platform/local-agent/dist/test-extract2/packages/simplebeacon-cli/src/mcp/handlers/utility-handlers.js(150,36): error TS2339: Property 'description' does not exist on type 'Readonly<{ id: "sample-json"; regex: RegExp; }> | Readonly<{ id: "mock-path"; regex: RegExp; }> | Readonly<{ id: "fixtures-path"; regex: RegExp; }> | Readonly<...> | Readonly<...>'.
  Property 'description' does not exist on type 'Readonly<{ id: "sample-json"; regex: RegExp; }>'.
ai-platform/local-agent/dist/test-extract2/packages/simplebeacon-cli/src/mcp/tools.js(10,27): error TS2307: Cannot find module '../../../../ai-platform/server/config/constants.cjs' or its corresponding type declarations.
ai-platform/local-agent/dist/test-extract2/packages/simplebeacon-cli/src/proxy/gateway.js(14,27): error TS2307: Cannot find module '../../../../ai-platform/server/config/constants.cjs' or its corresponding type declarations.
ai-platform/local-agent/dist/test-extract2/packages/simplebeacon-cli/src/reporters/ai-enhanced-report.js(135,48): error TS2554: Expected 0-2 arguments, but got 3.
ai-platform/local-agent/dist/test-extract2/packages/simplebeacon-cli/src/reporters/file-reduction-report.js(5,9): error TS2459: Module '"../scan"' declares 'formatBytes' locally, but it is not exported.
ai-platform/local-agent/dist/test-extract2/packages/simplebeacon-cli/src/rules/file-reduction-rules.js(12,5): error TS2305: Module '"../analyzers/data-cleanup"' has no exported member 'ConfigManagementAnalyzer'.
ai-platform/local-agent/dist/test-extract2/packages/simplebeacon-cli/src/rules/file-reduction-rules.js(13,5): error TS2305: Module '"../analyzers/data-cleanup"' has no exported member 'DependencyHealthAnalyzer'.
ai-platform/local-agent/dist/test-extract2/packages/simplebeacon-cli/src/rules/file-reduction-rules.js(14,5): error TS2305: Module '"../analyzers/data-cleanup"' has no exported member 'EnvironmentVariableAnalyzer'.
ai-platform/local-agent/dist/test-extract2/packages/simplebeacon-cli/src/rules/file-reduction-rules.js(15,5): error TS2305: Module '"../analyzers/data-cleanup"' has no exported member 'DataFreshnessAnalyzer'.
ai-platform/local-agent/dist/test-extract2/packages/simplebeacon-cli/src/rules/file-reduction-rules.js(16,5): error TS2305: Module '"../analyzers/data-cleanup"' has no exported member 'DataAccessPatternAnalyzer'.
ai-platform/local-agent/dist/test-extract2/packages/simplebeacon-cli/src/rules/file-reduction-rules.js(17,5): error TS2305: Module '"../analyzers/data-cleanup"' has no exported member 'DataPrivacyAnalyzer'.
ai-platform/local-agent/dist/test-extract2/packages/simplebeacon-cli/src/rules/file-reduction-rules.js(18,5): error TS2305: Module '"../analyzers/data-cleanup"' has no exported member 'DataLineageAnalyzer'.
ai-platform/local-agent/dist/test-extract2/packages/simplebeacon-cli/src/rules/file-reduction-rules.js(19,5): error TS2305: Module '"../analyzers/data-cleanup"' has no exported member 'DataConsistencyAnalyzer'.
ai-platform/local-agent/dist/test-extract2/packages/simplebeacon-cli/src/rules/jest-baseline.js(31,20): error TS2339: Property 'npm_config_devdir' does not exist on type '{ CI: string; }'.
ai-platform/local-agent/dist/test-extract2/packages/simplebeacon-cli/src/rules/jest-baseline.js(32,20): error TS2339: Property 'NPM_CONFIG_DEVDIR' does not exist on type '{ CI: string; }'.
ai-platform/local-agent/dist/test-extract2/packages/simplebeacon-cli/src/rules/jest-baseline.js(241,21): error TS2345: Argument of type '{ id: string; severity: string; type: string; filePath: string; count: number; description: string; recommendedAction: string; affectedFiles: string[]; }' is not assignable to parameter of type '{ id: string; severity: string; type: string; filePath: string; count: any; description: string; recommendedAction: string; affectedFiles: string[]; metadata: any; } & { id: string; severity: string; ... 5 more ...; affectedFiles: string[]; }'.
  Property 'metadata' is missing in type '{ id: string; severity: string; type: string; filePath: string; count: number; description: string; recommendedAction: string; affectedFiles: string[]; }' but required in type '{ id: string; severity: string; type: string; filePath: string; count: any; description: string; recommendedAction: string; affectedFiles: string[]; metadata: any; }'.
ai-platform/local-agent/dist/test-extract2/packages/simplebeacon-cli/src/rules/production-leak.js(55,15): error TS2339: Property 'plainSampleJson' does not exist on type 'object'.
ai-platform/local-agent/dist/test-extract2/packages/simplebeacon-cli/src/rules/production-leak.js(306,30): error TS2367: This comparison appears to be unintentional because the types '"sample-json" | "web-data-sample" | "plain-sample-json" | "mock-path" | "fixtures-path" | "template-sample"' and '"sample-json-ref"' have no overlap.
ai-platform/local-agent/dist/test-extract2/packages/simplebeacon-cli/src/rules/production-leak.js(307,19): error TS2367: This comparison appears to be unintentional because the types '"sample-json" | "web-data-sample" | "plain-sample-json" | "mock-path" | "fixtures-path" | "template-sample"' and '"c-sample-data-ref"' have no overlap.
ai-platform/local-agent/dist/test-extract2/packages/simplebeacon-cli/src/rules/production-leak.js(307,57): error TS2367: This comparison appears to be unintentional because the types '"sample-json" | "web-data-sample" | "plain-sample-json" | "mock-path" | "fixtures-path" | "template-sample"' and '"c-mock-path-ref"' have no overlap.
ai-platform/local-agent/dist/test-extract2/packages/simplebeacon-cli/src/scan.js(61,40): error TS2307: Cannot find module '../../../ai-platform/server/lib/json-file-cache.cjs' or its corresponding type declarations.
ai-platform/local-agent/dist/test-extract2/packages/simplebeacon-cli/src/scan.js(62,39): error TS2307: Cannot find module '../../../ai-platform/server/config/file-types.cjs' or its corresponding type declarations.
ai-platform/packages/simplebeacon-intelligence/scripts/fetch-grammars.js(70,14): error TS1064: The return type of an async function or method must be the global Promise<T> type. Did you mean to write 'Promise<any>'?
ai-platform/packages/simplebeacon-intelligence/src/index.js(157,9): error TS2322: Type '{ enabled: boolean; reviewed: boolean; risk?: string; reason?: string; rawStdout?: string; stderr?: string; error?: string; note?: string; validationErrors?: string[]; localOnly?: boolean; }' is not assignable to type 'SlmReviewResult'.
  Property 'risk' is optional in type '{ enabled: boolean; reviewed: boolean; risk?: string; reason?: string; rawStdout?: string; stderr?: string; error?: string; note?: string; validationErrors?: string[]; localOnly?: boolean; }' but required in type 'SlmReviewResult'.
ai-platform/packages/simplebeacon-intelligence/src/index.js(167,9): error TS2322: Type '{ enabled: boolean; reviewed: boolean; risk?: string; reason?: string; rawStdout?: string; stderr?: string; error?: string; note?: string; }' is not assignable to type 'SlmReviewResult'.
  Property 'risk' is optional in type '{ enabled: boolean; reviewed: boolean; risk?: string; reason?: string; rawStdout?: string; stderr?: string; error?: string; note?: string; }' but required in type 'SlmReviewResult'.
ai-platform/packages/simplebeacon-intelligence/src/intent-scanner.js(42,14): error TS1064: The return type of an async function or method must be the global Promise<T> type. Did you mean to write 'Promise<any>'?
ai-platform/packages/simplebeacon-intelligence/src/structural-intent-scanner.js(193,21): error TS2339: Property 'body' does not exist on type 'Function'.
ai-platform/packages/simplebeacon-intelligence/src/structural-intent-scanner.js(215,26): error TS2339: Property 'startLine' does not exist on type 'Function'.
ai-platform/packages/simplebeacon-intelligence/src/structural-intent-scanner.js(230,22): error TS2339: Property 'startLine' does not exist on type 'Function'.
ai-platform/packages/simplebeacon-intelligence/src/tree-sitter-loader.js(10,34): error TS1343: The 'import.meta' meta-property is only allowed when the '--module' option is 'es2020', 'es2022', 'esnext', 'system', 'node16', 'node18', 'node20', or 'nodenext'.
ai-platform/packages/simplebeacon-intelligence/src/tree-sitter-loader.js(12,31): error TS1343: The 'import.meta' meta-property is only allowed when the '--module' option is 'es2020', 'es2022', 'esnext', 'system', 'node16', 'node18', 'node20', or 'nodenext'.
ai-platform/packages/simplebeacon-intelligence/src/tree-sitter-loader.js(72,14): error TS1064: The return type of an async function or method must be the global Promise<T> type. Did you mean to write 'Promise<any>'?
ai-platform/packages/simplebeacon-intelligence/src/tree-sitter-loader.js(95,14): error TS1064: The return type of an async function or method must be the global Promise<T> type. Did you mean to write 'Promise<any>'?
ai-platform/packages/simplebeacon-intelligence/src/tree-sitter-loader.js(122,14): error TS1064: The return type of an async function or method must be the global Promise<T> type. Did you mean to write 'Promise<any>'?
ai-platform/packages/simplebeacon-intelligence/src/tree-sitter-queries.js(124,14): error TS1064: The return type of an async function or method must be the global Promise<T> type. Did you mean to write 'Promise<any>'?
ai-platform/packages/simplebeacon-intelligence/src/vector-cache.js(10,30): error TS1343: The 'import.meta' meta-property is only allowed when the '--module' option is 'es2020', 'es2022', 'esnext', 'system', 'node16', 'node18', 'node20', or 'nodenext'.
ai-platform/packages/simplebeacon-intelligence/src/vector-cache.js(11,41): error TS1343: The 'import.meta' meta-property is only allowed when the '--module' option is 'es2020', 'es2022', 'esnext', 'system', 'node16', 'node18', 'node20', or 'nodenext'.
ai-platform/packages/simplebeacon-intelligence/src/vector-cache.js(66,19): error TS8024: JSDoc '@param' tag has name 'structuralFindings', but there is no parameter with that name.
ai-platform/server/__tests__/auth/audit-service.test.cjs(9,1): error TS2582: Cannot find name 'describe'. Do you need to install type definitions for a test runner? Try `npm i --save-dev @types/jest` or `npm i --save-dev @types/mocha`.
ai-platform/server/__tests__/auth/audit-service.test.cjs(12,3): error TS2304: Cannot find name 'beforeEach'.
ai-platform/server/__tests__/auth/audit-service.test.cjs(19,3): error TS2304: Cannot find name 'afterAll'.
ai-platform/server/__tests__/auth/audit-service.test.cjs(23,3): error TS2582: Cannot find name 'describe'. Do you need to install type definitions for a test runner? Try `npm i --save-dev @types/jest` or `npm i --save-dev @types/mocha`.
ai-platform/server/__tests__/auth/audit-service.test.cjs(24,5): error TS2582: Cannot find name 'test'. Do you need to install type definitions for a test runner? Try `npm i --save-dev @types/jest` or `npm i --save-dev @types/mocha`.
ai-platform/server/__tests__/auth/audit-service.test.cjs(25,7): error TS2304: Cannot find name 'expect'.
ai-platform/server/__tests__/auth/audit-service.test.cjs(27,5): error TS2582: Cannot find name 'test'. Do you need to install type definitions for a test runner? Try `npm i --save-dev @types/jest` or `npm i --save-dev @types/mocha`.
ai-platform/server/__tests__/auth/audit-service.test.cjs(29,7): error TS2304: Cannot find name 'expect'.
ai-platform/server/__tests__/auth/audit-service.test.cjs(31,5): error TS2582: Cannot find name 'test'. Do you need to install type definitions for a test runner? Try `npm i --save-dev @types/jest` or `npm i --save-dev @types/mocha`.
ai-platform/server/__tests__/auth/audit-service.test.cjs(33,7): error TS2304: Cannot find name 'expect'.
ai-platform/server/__tests__/auth/audit-service.test.cjs(37,3): error TS2582: Cannot find name 'describe'. Do you need to install type definitions for a test runner? Try `npm i --save-dev @types/jest` or `npm i --save-dev @types/mocha`.
ai-platform/server/__tests__/auth/audit-service.test.cjs(38,5): error TS2582: Cannot find name 'test'. Do you need to install type definitions for a test runner? Try `npm i --save-dev @types/jest` or `npm i --save-dev @types/mocha`.
ai-platform/server/__tests__/auth/audit-service.test.cjs(39,7): error TS2304: Cannot find name 'expect'.
ai-platform/server/__tests__/auth/audit-service.test.cjs(41,5): error TS2582: Cannot find name 'test'. Do you need to install type definitions for a test runner? Try `npm i --save-dev @types/jest` or `npm i --save-dev @types/mocha`.
ai-platform/server/__tests__/auth/audit-service.test.cjs(43,7): error TS2304: Cannot find name 'expect'.
ai-platform/server/__tests__/auth/audit-service.test.cjs(47,3): error TS2582: Cannot find name 'describe'. Do you need to install type definitions for a test runner? Try `npm i --save-dev @types/jest` or `npm i --save-dev @types/mocha`.
ai-platform/server/__tests__/auth/audit-service.test.cjs(48,5): error TS2582: Cannot find name 'test'. Do you need to install type definitions for a test runner? Try `npm i --save-dev @types/jest` or `npm i --save-dev @types/mocha`.
ai-platform/server/__tests__/auth/audit-service.test.cjs(49,7): error TS2304: Cannot find name 'expect'.
ai-platform/server/__tests__/auth/audit-service.test.cjs(51,5): error TS2582: Cannot find name 'test'. Do you need to install type definitions for a test runner? Try `npm i --save-dev @types/jest` or `npm i --save-dev @types/mocha`.
ai-platform/server/__tests__/auth/audit-service.test.cjs(53,7): error TS2304: Cannot find name 'expect'.
ai-platform/server/__tests__/auth/audit-service.test.cjs(55,5): error TS2582: Cannot find name 'test'. Do you need to install type definitions for a test runner? Try `npm i --save-dev @types/jest` or `npm i --save-dev @types/mocha`.
ai-platform/server/__tests__/auth/audit-service.test.cjs(56,7): error TS2304: Cannot find name 'expect'.
ai-platform/server/__tests__/auth/device-service.test.cjs(8,1): error TS2582: Cannot find name 'describe'. Do you need to install type definitions for a test runner? Try `npm i --save-dev @types/jest` or `npm i --save-dev @types/mocha`.
ai-platform/server/__tests__/auth/device-service.test.cjs(9,3): error TS2304: Cannot find name 'beforeEach'.
ai-platform/server/__tests__/auth/device-service.test.cjs(13,3): error TS2582: Cannot find name 'describe'. Do you need to install type definitions for a test runner? Try `npm i --save-dev @types/jest` or `npm i --save-dev @types/mocha`.
ai-platform/server/__tests__/auth/device-service.test.cjs(14,5): error TS2582: Cannot find name 'test'. Do you need to install type definitions for a test runner? Try `npm i --save-dev @types/jest` or `npm i --save-dev @types/mocha`.
ai-platform/server/__tests__/auth/device-service.test.cjs(18,7): error TS2304: Cannot find name 'expect'.
ai-platform/server/__tests__/auth/device-service.test.cjs(19,7): error TS2304: Cannot find name 'expect'.
ai-platform/server/__tests__/auth/device-service.test.cjs(22,5): error TS2582: Cannot find name 'test'. Do you need to install type definitions for a test runner? Try `npm i --save-dev @types/jest` or `npm i --save-dev @types/mocha`.
ai-platform/server/__tests__/auth/device-service.test.cjs(25,7): error TS2304: Cannot find name 'expect'.
ai-platform/server/__tests__/auth/device-service.test.cjs(28,5): error TS2582: Cannot find name 'test'. Do you need to install type definitions for a test runner? Try `npm i --save-dev @types/jest` or `npm i --save-dev @types/mocha`.
ai-platform/server/__tests__/auth/device-service.test.cjs(29,7): error TS2304: Cannot find name 'expect'.
ai-platform/server/__tests__/auth/device-service.test.cjs(30,7): error TS2304: Cannot find name 'expect'.
ai-platform/server/__tests__/auth/device-service.test.cjs(34,3): error TS2582: Cannot find name 'describe'. Do you need to install type definitions for a test runner? Try `npm i --save-dev @types/jest` or `npm i --save-dev @types/mocha`.
ai-platform/server/__tests__/auth/device-service.test.cjs(35,5): error TS2582: Cannot find name 'test'. Do you need to install type definitions for a test runner? Try `npm i --save-dev @types/jest` or `npm i --save-dev @types/mocha`.
ai-platform/server/__tests__/auth/device-service.test.cjs(38,7): error TS2304: Cannot find name 'expect'.
ai-platform/server/__tests__/auth/device-service.test.cjs(39,7): error TS2304: Cannot find name 'expect'.
ai-platform/server/__tests__/auth/device-service.test.cjs(42,5): error TS2582: Cannot find name 'test'. Do you need to install type definitions for a test runner? Try `npm i --save-dev @types/jest` or `npm i --save-dev @types/mocha`.
ai-platform/server/__tests__/auth/device-service.test.cjs(45,7): error TS2304: Cannot find name 'expect'.
ai-platform/server/__tests__/auth/device-service.test.cjs(49,3): error TS2582: Cannot find name 'describe'. Do you need to install type definitions for a test runner? Try `npm i --save-dev @types/jest` or `npm i --save-dev @types/mocha`.
ai-platform/server/__tests__/auth/device-service.test.cjs(50,38): error TS2304: Cannot find name 'jest'.
ai-platform/server/__tests__/auth/device-service.test.cjs(50,72): error TS2304: Cannot find name 'jest'.
ai-platform/server/__tests__/auth/device-service.test.cjs(52,5): error TS2582: Cannot find name 'test'. Do you need to install type definitions for a test runner? Try `npm i --save-dev @types/jest` or `npm i --save-dev @types/mocha`.
ai-platform/server/__tests__/auth/device-service.test.cjs(57,20): error TS2304: Cannot find name 'jest'.
ai-platform/server/__tests__/auth/device-service.test.cjs(59,7): error TS2304: Cannot find name 'expect'.
ai-platform/server/__tests__/auth/device-service.test.cjs(60,7): error TS2304: Cannot find name 'expect'.
ai-platform/server/__tests__/auth/device-service.test.cjs(63,5): error TS2582: Cannot find name 'test'. Do you need to install type definitions for a test runner? Try `npm i --save-dev @types/jest` or `npm i --save-dev @types/mocha`.
ai-platform/server/__tests__/auth/device-service.test.cjs(66,20): error TS2304: Cannot find name 'jest'.
ai-platform/server/__tests__/auth/device-service.test.cjs(68,7): error TS2304: Cannot find name 'expect'.
ai-platform/server/__tests__/auth/device-service.test.cjs(69,7): error TS2304: Cannot find name 'expect'.
ai-platform/server/__tests__/auth/device-service.test.cjs(72,5): error TS2582: Cannot find name 'test'. Do you need to install type definitions for a test runner? Try `npm i --save-dev @types/jest` or `npm i --save-dev @types/mocha`.
ai-platform/server/__tests__/auth/device-service.test.cjs(75,20): error TS2304: Cannot find name 'jest'.
ai-platform/server/__tests__/auth/device-service.test.cjs(77,7): error TS2304: Cannot find name 'expect'.
ai-platform/server/__tests__/auth/mfa-service.test.cjs(3,1): error TS2582: Cannot find name 'describe'. Do you need to install type definitions for a test runner? Try `npm i --save-dev @types/jest` or `npm i --save-dev @types/mocha`.
ai-platform/server/__tests__/auth/mfa-service.test.cjs(4,3): error TS2582: Cannot find name 'describe'. Do you need to install type definitions for a test runner? Try `npm i --save-dev @types/jest` or `npm i --save-dev @types/mocha`.
ai-platform/server/__tests__/auth/mfa-service.test.cjs(5,5): error TS2582: Cannot find name 'test'. Do you need to install type definitions for a test runner? Try `npm i --save-dev @types/jest` or `npm i --save-dev @types/mocha`.
ai-platform/server/__tests__/auth/mfa-service.test.cjs(7,7): error TS2304: Cannot find name 'expect'.
ai-platform/server/__tests__/auth/mfa-service.test.cjs(8,7): error TS2304: Cannot find name 'expect'.
ai-platform/server/__tests__/auth/mfa-service.test.cjs(11,5): error TS2582: Cannot find name 'test'. Do you need to install type definitions for a test runner? Try `npm i --save-dev @types/jest` or `npm i --save-dev @types/mocha`.
ai-platform/server/__tests__/auth/mfa-service.test.cjs(12,7): error TS2304: Cannot find name 'expect'.
ai-platform/server/__tests__/auth/mfa-service.test.cjs(15,5): error TS2582: Cannot find name 'test'. Do you need to install type definitions for a test runner? Try `npm i --save-dev @types/jest` or `npm i --save-dev @types/mocha`.
ai-platform/server/__tests__/auth/mfa-service.test.cjs(16,7): error TS2304: Cannot find name 'expect'.
ai-platform/server/__tests__/auth/mfa-service.test.cjs(20,3): error TS2582: Cannot find name 'describe'. Do you need to install type definitions for a test runner? Try `npm i --save-dev @types/jest` or `npm i --save-dev @types/mocha`.
ai-platform/server/__tests__/auth/mfa-service.test.cjs(21,5): error TS2582: Cannot find name 'test'. Do you need to install type definitions for a test runner? Try `npm i --save-dev @types/jest` or `npm i --save-dev @types/mocha`.
ai-platform/server/__tests__/auth/mfa-service.test.cjs(23,7): error TS2304: Cannot find name 'expect'.
ai-platform/server/__tests__/auth/mfa-service.test.cjs(26,5): error TS2582: Cannot find name 'test'. Do you need to install type definitions for a test runner? Try `npm i --save-dev @types/jest` or `npm i --save-dev @types/mocha`.
ai-platform/server/__tests__/auth/mfa-service.test.cjs(30,7): error TS2304: Cannot find name 'expect'.
ai-platform/server/__tests__/auth/mfa-service.test.cjs(34,3): error TS2582: Cannot find name 'describe'. Do you need to install type definitions for a test runner? Try `npm i --save-dev @types/jest` or `npm i --save-dev @types/mocha`.
ai-platform/server/__tests__/auth/mfa-service.test.cjs(35,38): error TS2304: Cannot find name 'jest'.
ai-platform/server/__tests__/auth/mfa-service.test.cjs(35,72): error TS2304: Cannot find name 'jest'.
ai-platform/server/__tests__/auth/mfa-service.test.cjs(37,5): error TS2582: Cannot find name 'test'. Do you need to install type definitions for a test runner? Try `npm i --save-dev @types/jest` or `npm i --save-dev @types/mocha`.
ai-platform/server/__tests__/auth/mfa-service.test.cjs(40,20): error TS2304: Cannot find name 'jest'.
ai-platform/server/__tests__/auth/mfa-service.test.cjs(42,7): error TS2304: Cannot find name 'expect'.
ai-platform/server/__tests__/auth/mfa-service.test.cjs(45,5): error TS2582: Cannot find name 'test'. Do you need to install type definitions for a test runner? Try `npm i --save-dev @types/jest` or `npm i --save-dev @types/mocha`.
ai-platform/server/__tests__/auth/mfa-service.test.cjs(48,20): error TS2304: Cannot find name 'jest'.
ai-platform/server/__tests__/auth/mfa-service.test.cjs(50,7): error TS2304: Cannot find name 'expect'.
ai-platform/server/__tests__/auth/mfa-service.test.cjs(53,5): error TS2582: Cannot find name 'test'. Do you need to install type definitions for a test runner? Try `npm i --save-dev @types/jest` or `npm i --save-dev @types/mocha`.
ai-platform/server/__tests__/auth/mfa-service.test.cjs(56,20): error TS2304: Cannot find name 'jest'.
ai-platform/server/__tests__/auth/mfa-service.test.cjs(58,7): error TS2304: Cannot find name 'expect'.
ai-platform/server/__tests__/auth/mfa-service.test.cjs(59,7): error TS2304: Cannot find name 'expect'.
ai-platform/server/__tests__/auth/mfa-service.test.cjs(62,5): error TS2582: Cannot find name 'test'. Do you need to install type definitions for a test runner? Try `npm i --save-dev @types/jest` or `npm i --save-dev @types/mocha`.
ai-platform/server/__tests__/auth/mfa-service.test.cjs(65,20): error TS2304: Cannot find name 'jest'.
ai-platform/server/__tests__/auth/mfa-service.test.cjs(67,7): error TS2304: Cannot find name 'expect'.
ai-platform/server/__tests__/auth/password-service.test.cjs(3,1): error TS2582: Cannot find name 'describe'. Do you need to install type definitions for a test runner? Try `npm i --save-dev @types/jest` or `npm i --save-dev @types/mocha`.
ai-platform/server/__tests__/auth/password-service.test.cjs(4,3): error TS2582: Cannot find name 'describe'. Do you need to install type definitions for a test runner? Try `npm i --save-dev @types/jest` or `npm i --save-dev @types/mocha`.
ai-platform/server/__tests__/auth/password-service.test.cjs(5,5): error TS2582: Cannot find name 'test'. Do you need to install type definitions for a test runner? Try `npm i --save-dev @types/jest` or `npm i --save-dev @types/mocha`.
ai-platform/server/__tests__/auth/password-service.test.cjs(7,7): error TS2304: Cannot find name 'expect'.
ai-platform/server/__tests__/auth/password-service.test.cjs(8,7): error TS2304: Cannot find name 'expect'.
ai-platform/server/__tests__/auth/password-service.test.cjs(11,5): error TS2582: Cannot find name 'test'. Do you need to install type definitions for a test runner? Try `npm i --save-dev @types/jest` or `npm i --save-dev @types/mocha`.
ai-platform/server/__tests__/auth/password-service.test.cjs(12,13): error TS2304: Cannot find name 'expect'.
ai-platform/server/__tests__/auth/password-service.test.cjs(15,5): error TS2582: Cannot find name 'test'. Do you need to install type definitions for a test runner? Try `npm i --save-dev @types/jest` or `npm i --save-dev @types/mocha`.
ai-platform/server/__tests__/auth/password-service.test.cjs(16,13): error TS2304: Cannot find name 'expect'.
ai-platform/server/__tests__/auth/password-service.test.cjs(20,3): error TS2582: Cannot find name 'describe'. Do you need to install type definitions for a test runner? Try `npm i --save-dev @types/jest` or `npm i --save-dev @types/mocha`.
ai-platform/server/__tests__/auth/password-service.test.cjs(21,5): error TS2582: Cannot find name 'test'. Do you need to install type definitions for a test runner? Try `npm i --save-dev @types/jest` or `npm i --save-dev @types/mocha`.
ai-platform/server/__tests__/auth/password-service.test.cjs(24,7): error TS2304: Cannot find name 'expect'.
ai-platform/server/__tests__/auth/password-service.test.cjs(27,5): error TS2582: Cannot find name 'test'. Do you need to install type definitions for a test runner? Try `npm i --save-dev @types/jest` or `npm i --save-dev @types/mocha`.
ai-platform/server/__tests__/auth/password-service.test.cjs(30,7): error TS2304: Cannot find name 'expect'.
ai-platform/server/__tests__/auth/password-service.test.cjs(33,5): error TS2582: Cannot find name 'test'. Do you need to install type definitions for a test runner? Try `npm i --save-dev @types/jest` or `npm i --save-dev @types/mocha`.
ai-platform/server/__tests__/auth/password-service.test.cjs(34,13): error TS2304: Cannot find name 'expect'.
ai-platform/server/__tests__/auth/sandbox-service.test.cjs(8,1): error TS2582: Cannot find name 'describe'. Do you need to install type definitions for a test runner? Try `npm i --save-dev @types/jest` or `npm i --save-dev @types/mocha`.
ai-platform/server/__tests__/auth/sandbox-service.test.cjs(9,3): error TS2582: Cannot find name 'describe'. Do you need to install type definitions for a test runner? Try `npm i --save-dev @types/jest` or `npm i --save-dev @types/mocha`.
ai-platform/server/__tests__/auth/sandbox-service.test.cjs(10,5): error TS2582: Cannot find name 'test'. Do you need to install type definitions for a test runner? Try `npm i --save-dev @types/jest` or `npm i --save-dev @types/mocha`.
ai-platform/server/__tests__/auth/sandbox-service.test.cjs(11,7): error TS2304: Cannot find name 'expect'.
ai-platform/server/__tests__/auth/sandbox-service.test.cjs(12,7): error TS2304: Cannot find name 'expect'.
ai-platform/server/__tests__/auth/sandbox-service.test.cjs(13,7): error TS2304: Cannot find name 'expect'.
ai-platform/server/__tests__/auth/sandbox-service.test.cjs(14,7): error TS2304: Cannot find name 'expect'.
ai-platform/server/__tests__/auth/sandbox-service.test.cjs(16,5): error TS2582: Cannot find name 'test'. Do you need to install type definitions for a test runner? Try `npm i --save-dev @types/jest` or `npm i --save-dev @types/mocha`.
ai-platform/server/__tests__/auth/sandbox-service.test.cjs(17,7): error TS2304: Cannot find name 'expect'.
ai-platform/server/__tests__/auth/sandbox-service.test.cjs(18,7): error TS2304: Cannot find name 'expect'.
ai-platform/server/__tests__/auth/sandbox-service.test.cjs(20,5): error TS2582: Cannot find name 'test'. Do you need to install type definitions for a test runner? Try `npm i --save-dev @types/jest` or `npm i --save-dev @types/mocha`.
ai-platform/server/__tests__/auth/sandbox-service.test.cjs(21,7): error TS2304: Cannot find name 'expect'.
ai-platform/server/__tests__/auth/sandbox-service.test.cjs(22,7): error TS2304: Cannot find name 'expect'.
ai-platform/server/__tests__/auth/sandbox-service.test.cjs(26,3): error TS2582: Cannot find name 'describe'. Do you need to install type definitions for a test runner? Try `npm i --save-dev @types/jest` or `npm i --save-dev @types/mocha`.
ai-platform/server/__tests__/auth/sandbox-service.test.cjs(27,5): error TS2582: Cannot find name 'test'. Do you need to install type definitions for a test runner? Try `npm i --save-dev @types/jest` or `npm i --save-dev @types/mocha`.
ai-platform/server/__tests__/auth/sandbox-service.test.cjs(29,7): error TS2304: Cannot find name 'expect'.
ai-platform/server/__tests__/auth/sandbox-service.test.cjs(30,7): error TS2304: Cannot find name 'expect'.
ai-platform/server/__tests__/auth/sandbox-service.test.cjs(33,5): error TS2582: Cannot find name 'test'. Do you need to install type definitions for a test runner? Try `npm i --save-dev @types/jest` or `npm i --save-dev @types/mocha`.
ai-platform/server/__tests__/auth/sandbox-service.test.cjs(39,7): error TS2304: Cannot find name 'expect'.
ai-platform/server/__tests__/auth/sandbox-service.test.cjs(40,7): error TS2304: Cannot find name 'expect'.
ai-platform/server/__tests__/auth/sandbox-service.test.cjs(43,5): error TS2582: Cannot find name 'test'. Do you need to install type definitions for a test runner? Try `npm i --save-dev @types/jest` or `npm i --save-dev @types/mocha`.
ai-platform/server/__tests__/auth/sandbox-service.test.cjs(45,7): error TS2304: Cannot find name 'expect'.
ai-platform/server/__tests__/auth/sandbox-service.test.cjs(49,3): error TS2582: Cannot find name 'describe'. Do you need to install type definitions for a test runner? Try `npm i --save-dev @types/jest` or `npm i --save-dev @types/mocha`.
ai-platform/server/__tests__/auth/sandbox-service.test.cjs(50,5): error TS2582: Cannot find name 'test'. Do you need to install type definitions for a test runner? Try `npm i --save-dev @types/jest` or `npm i --save-dev @types/mocha`.
ai-platform/server/__tests__/auth/sandbox-service.test.cjs(52,7): error TS2304: Cannot find name 'expect'.
ai-platform/server/__tests__/auth/sandbox-service.test.cjs(53,7): error TS2304: Cannot find name 'expect'.
ai-platform/server/__tests__/auth/sandbox-service.test.cjs(56,5): error TS2582: Cannot find name 'test'. Do you need to install type definitions for a test runner? Try `npm i --save-dev @types/jest` or `npm i --save-dev @types/mocha`.
ai-platform/server/__tests__/auth/sandbox-service.test.cjs(60,7): error TS2304: Cannot find name 'expect'.
ai-platform/server/__tests__/auth/trust-levels.test.cjs(9,1): error TS2582: Cannot find name 'describe'. Do you need to install type definitions for a test runner? Try `npm i --save-dev @types/jest` or `npm i --save-dev @types/mocha`.
ai-platform/server/__tests__/auth/trust-levels.test.cjs(10,3): error TS2582: Cannot find name 'describe'. Do you need to install type definitions for a test runner? Try `npm i --save-dev @types/jest` or `npm i --save-dev @types/mocha`.
ai-platform/server/__tests__/auth/trust-levels.test.cjs(11,5): error TS2582: Cannot find name 'test'. Do you need to install type definitions for a test runner? Try `npm i --save-dev @types/jest` or `npm i --save-dev @types/mocha`.
ai-platform/server/__tests__/auth/trust-levels.test.cjs(12,7): error TS2304: Cannot find name 'expect'.
ai-platform/server/__tests__/auth/trust-levels.test.cjs(13,7): error TS2304: Cannot find name 'expect'.
ai-platform/server/__tests__/auth/trust-levels.test.cjs(14,7): error TS2304: Cannot find name 'expect'.
ai-platform/server/__tests__/auth/trust-levels.test.cjs(17,5): error TS2582: Cannot find name 'test'. Do you need to install type definitions for a test runner? Try `npm i --save-dev @types/jest` or `npm i --save-dev @types/mocha`.
ai-platform/server/__tests__/auth/trust-levels.test.cjs(18,7): error TS2304: Cannot find name 'expect'.
ai-platform/server/__tests__/auth/trust-levels.test.cjs(19,7): error TS2304: Cannot find name 'expect'.
ai-platform/server/__tests__/auth/trust-levels.test.cjs(23,3): error TS2582: Cannot find name 'describe'. Do you need to install type definitions for a test runner? Try `npm i --save-dev @types/jest` or `npm i --save-dev @types/mocha`.
ai-platform/server/__tests__/auth/trust-levels.test.cjs(24,5): error TS2582: Cannot find name 'test'. Do you need to install type definitions for a test runner? Try `npm i --save-dev @types/jest` or `npm i --save-dev @types/mocha`.
ai-platform/server/__tests__/auth/trust-levels.test.cjs(25,7): error TS2304: Cannot find name 'expect'.
ai-platform/server/__tests__/auth/trust-levels.test.cjs(27,5): error TS2582: Cannot find name 'test'. Do you need to install type definitions for a test runner? Try `npm i --save-dev @types/jest` or `npm i --save-dev @types/mocha`.
ai-platform/server/__tests__/auth/trust-levels.test.cjs(28,7): error TS2304: Cannot find name 'expect'.
ai-platform/server/__tests__/auth/trust-levels.test.cjs(30,5): error TS2582: Cannot find name 'test'. Do you need to install type definitions for a test runner? Try `npm i --save-dev @types/jest` or `npm i --save-dev @types/mocha`.
ai-platform/server/__tests__/auth/trust-levels.test.cjs(31,7): error TS2304: Cannot find name 'expect'.
ai-platform/server/__tests__/auth/trust-levels.test.cjs(33,5): error TS2582: Cannot find name 'test'. Do you need to install type definitions for a test runner? Try `npm i --save-dev @types/jest` or `npm i --save-dev @types/mocha`.
ai-platform/server/__tests__/auth/trust-levels.test.cjs(34,7): error TS2304: Cannot find name 'expect'.
ai-platform/server/__tests__/auth/trust-levels.test.cjs(38,3): error TS2582: Cannot find name 'describe'. Do you need to install type definitions for a test runner? Try `npm i --save-dev @types/jest` or `npm i --save-dev @types/mocha`.
ai-platform/server/__tests__/auth/trust-levels.test.cjs(39,5): error TS2582: Cannot find name 'test'. Do you need to install type definitions for a test runner? Try `npm i --save-dev @types/jest` or `npm i --save-dev @types/mocha`.
ai-platform/server/__tests__/auth/trust-levels.test.cjs(40,7): error TS2304: Cannot find name 'expect'.
ai-platform/server/__tests__/auth/trust-levels.test.cjs(42,5): error TS2582: Cannot find name 'test'. Do you need to install type definitions for a test runner? Try `npm i --save-dev @types/jest` or `npm i --save-dev @types/mocha`.
ai-platform/server/__tests__/auth/trust-levels.test.cjs(43,7): error TS2304: Cannot find name 'expect'.
ai-platform/server/__tests__/auth/trust-levels.test.cjs(45,5): error TS2582: Cannot find name 'test'. Do you need to install type definitions for a test runner? Try `npm i --save-dev @types/jest` or `npm i --save-dev @types/mocha`.
ai-platform/server/__tests__/auth/trust-levels.test.cjs(53,7): error TS2304: Cannot find name 'expect'.
ai-platform/server/__tests__/auth/trust-levels.test.cjs(55,5): error TS2582: Cannot find name 'test'. Do you need to install type definitions for a test runner? Try `npm i --save-dev @types/jest` or `npm i --save-dev @types/mocha`.
ai-platform/server/__tests__/auth/trust-levels.test.cjs(63,7): error TS2304: Cannot find name 'expect'.
ai-platform/server/__tests__/auth/trust-levels.test.cjs(67,3): error TS2582: Cannot find name 'describe'. Do you need to install type definitions for a test runner? Try `npm i --save-dev @types/jest` or `npm i --save-dev @types/mocha`.
ai-platform/server/__tests__/auth/trust-levels.test.cjs(69,29): error TS2304: Cannot find name 'jest'.
ai-platform/server/__tests__/auth/trust-levels.test.cjs(69,63): error TS2304: Cannot find name 'jest'.
ai-platform/server/__tests__/auth/trust-levels.test.cjs(73,5): error TS2582: Cannot find name 'test'. Do you need to install type definitions for a test runner? Try `npm i --save-dev @types/jest` or `npm i --save-dev @types/mocha`.
ai-platform/server/__tests__/auth/trust-levels.test.cjs(76,20): error TS2304: Cannot find name 'jest'.
ai-platform/server/__tests__/auth/trust-levels.test.cjs(78,7): error TS2304: Cannot find name 'expect'.
ai-platform/server/__tests__/auth/trust-levels.test.cjs(81,5): error TS2582: Cannot find name 'test'. Do you need to install type definitions for a test runner? Try `npm i --save-dev @types/jest` or `npm i --save-dev @types/mocha`.
ai-platform/server/__tests__/auth/trust-levels.test.cjs(84,20): error TS2304: Cannot find name 'jest'.
ai-platform/server/__tests__/auth/trust-levels.test.cjs(86,7): error TS2304: Cannot find name 'expect'.
ai-platform/server/__tests__/auth/trust-levels.test.cjs(87,7): error TS2304: Cannot find name 'expect'.
ai-platform/server/__tests__/auth/trust-levels.test.cjs(90,5): error TS2582: Cannot find name 'test'. Do you need to install type definitions for a test runner? Try `npm i --save-dev @types/jest` or `npm i --save-dev @types/mocha`.
ai-platform/server/__tests__/auth/trust-levels.test.cjs(93,20): error TS2304: Cannot find name 'jest'.
ai-platform/server/__tests__/auth/trust-levels.test.cjs(95,7): error TS2304: Cannot find name 'expect'.
ai-platform/server/__tests__/auth/trust-levels.test.cjs(99,3): error TS2582: Cannot find name 'describe'. Do you need to install type definitions for a test runner? Try `npm i --save-dev @types/jest` or `npm i --save-dev @types/mocha`.
ai-platform/server/__tests__/auth/trust-levels.test.cjs(100,38): error TS2304: Cannot find name 'jest'.
ai-platform/server/__tests__/auth/trust-levels.test.cjs(100,72): error TS2304: Cannot find name 'jest'.
ai-platform/server/__tests__/auth/trust-levels.test.cjs(102,5): error TS2582: Cannot find name 'test'. Do you need to install type definitions for a test runner? Try `npm i --save-dev @types/jest` or `npm i --save-dev @types/mocha`.
ai-platform/server/__tests__/auth/trust-levels.test.cjs(105,20): error TS2304: Cannot find name 'jest'.
ai-platform/server/__tests__/auth/trust-levels.test.cjs(107,7): error TS2304: Cannot find name 'expect'.
ai-platform/server/__tests__/auth/trust-levels.test.cjs(110,5): error TS2582: Cannot find name 'test'. Do you need to install type definitions for a test runner? Try `npm i --save-dev @types/jest` or `npm i --save-dev @types/mocha`.
ai-platform/server/__tests__/auth/trust-levels.test.cjs(113,20): error TS2304: Cannot find name 'jest'.
ai-platform/server/__tests__/auth/trust-levels.test.cjs(115,7): error TS2304: Cannot find name 'expect'.
ai-platform/server/__tests__/auth/trust-levels.test.cjs(118,5): error TS2582: Cannot find name 'test'. Do you need to install type definitions for a test runner? Try `npm i --save-dev @types/jest` or `npm i --save-dev @types/mocha`.
ai-platform/server/__tests__/auth/trust-levels.test.cjs(121,20): error TS2304: Cannot find name 'jest'.
ai-platform/server/__tests__/auth/trust-levels.test.cjs(123,7): error TS2304: Cannot find name 'expect'.
ai-platform/server/ai-proxy-gateway.cjs(18,63): error TS2307: Cannot find module './enterprise-patterns' or its corresponding type declarations.
ai-platform/server/ai-proxy-gateway.cjs(19,24): error TS2307: Cannot find module './lib/app-logger' or its corresponding type declarations.
ai-platform/server/api/assessment/__tests__/index.test.cjs(80,5): error TS2740: Type '{ id: string; filename: string; loaded: true; exports: { triggerScan: (req: any, res: any) => void; getReport: (req: any, res: any) => void; downloadReport: (req: any, res: any) => void; }; }' is missing the following properties from type 'Module': children, isPreloading, parent, path, and 2 more.
ai-platform/server/api/assessment/AssessmentController.cjs(84,60): error TS2554: Expected 1 arguments, but got 2.
ai-platform/server/api/assessment/AssessmentController.cjs(175,18): error TS2339: Property 'code' does not exist on type 'Error'.
ai-platform/server/api/assessment/AssessmentController.cjs(214,36): error TS2345: Argument of type 'string' is not assignable to parameter of type 'string[]'.
ai-platform/server/api/assessment/index.cjs(41,29): error TS2349: This expression is not callable.
  Type 'typeof import("C:/Users/Trevor/CascadeProjects/node_modules/express-rate-limit/dist/index")' has no call signatures.
ai-platform/server/api/assessment/routes.cjs(17,30): error TS2349: This expression is not callable.
  Type 'typeof import("C:/Users/Trevor/CascadeProjects/node_modules/helmet/index")' has no call signatures.
ai-platform/server/api/metrics/path-health.cjs(20,14): error TS1064: The return type of an async function or method must be the global Promise<T> type. Did you mean to write 'Promise<any>'?
ai-platform/server/api/metrics/path-health.cjs(43,14): error TS1064: The return type of an async function or method must be the global Promise<T> type. Did you mean to write 'Promise<any>'?
ai-platform/server/bootstrap/phase2-integration.cjs(93,14): error TS1064: The return type of an async function or method must be the global Promise<T> type. Did you mean to write 'Promise<any>'?
ai-platform/server/bootstrap/phase2-integration.cjs(112,14): error TS1064: The return type of an async function or method must be the global Promise<T> type. Did you mean to write 'Promise<any>'?
ai-platform/server/bootstrap/phase2-integration.cjs(132,14): error TS1064: The return type of an async function or method must be the global Promise<T> type. Did you mean to write 'Promise<any>'?
ai-platform/server/bootstrap/phase2-integration.cjs(158,14): error TS1064: The return type of an async function or method must be the global Promise<T> type. Did you mean to write 'Promise<any>'?
ai-platform/server/bootstrap/phase2-integration.cjs(216,17): error TS8024: JSDoc '@param' tag has name 'app', but there is no parameter with that name.
ai-platform/server/bootstrap/phase2-integration.cjs(217,20): error TS8024: JSDoc '@param' tag has name 'options', but there is no parameter with that name.
ai-platform/server/bootstrap/phase2-integration.cjs(227,27): error TS2349: This expression is not callable.
  Type 'typeof import("C:/Users/Trevor/CascadeProjects/node_modules/express-rate-limit/dist/index")' has no call signatures.
ai-platform/server/bootstrap/phase2-integration.cjs(237,30): error TS2349: This expression is not callable.
  Type 'typeof import("C:/Users/Trevor/CascadeProjects/node_modules/express-rate-limit/dist/index")' has no call signatures.
ai-platform/server/bootstrap/phase2-integration.cjs(356,14): error TS1064: The return type of an async function or method must be the global Promise<T> type. Did you mean to write 'Promise<any>'?
ai-platform/server/bootstrap/phase2-integration.cjs(423,14): error TS1064: The return type of an async function or method must be the global Promise<T> type. Did you mean to write 'Promise<any>'?
ai-platform/server/config/constants.cjs(388,1): error TS4104: The type 'readonly string[]' is 'readonly' and cannot be assigned to the mutable type 'any[]'.
ai-platform/server/config/database.cjs(68,28): error TS2740: Type '{}' is missing the following properties from type 'any[]': length, pop, push, concat, and 29 more.
ai-platform/server/config/database.cjs(70,31): error TS2339: Property 'port' does not exist on type 'any[]'.
ai-platform/server/config/database.cjs(71,57): error TS2339: Property 'max' does not exist on type 'any[]'.
ai-platform/server/config/database.cjs(75,25): error TS2339: Property 'host' does not exist on type 'any[]'.
ai-platform/server/config/database.cjs(77,29): error TS2339: Property 'database' does not exist on type 'any[]'.
ai-platform/server/config/database.cjs(78,25): error TS2339: Property 'user' does not exist on type 'any[]'.
ai-platform/server/config/database.cjs(79,52): error TS2559: Type 'any[]' has no properties in common with type '{ password?: string; }'.
ai-platform/server/config/stripe.cjs(127,54): error TS2339: Property 'createUsageRecord' does not exist on type 'SubscriptionItemResource'.
ai-platform/server/cron/__tests__/renewals.test.cjs(1,1): error TS2304: Cannot find name 'jest'.
ai-platform/server/cron/__tests__/renewals.test.cjs(2,10): error TS2304: Cannot find name 'jest'.
ai-platform/server/cron/__tests__/renewals.test.cjs(5,32): error TS2304: Cannot find name 'jest'.
ai-platform/server/cron/__tests__/renewals.test.cjs(7,37): error TS2362: The left-hand side of an arithmetic operation must be of type 'any', 'number', 'bigint' or an enum type.
ai-platform/server/cron/__tests__/renewals.test.cjs(11,39): error TS2362: The left-hand side of an arithmetic operation must be of type 'any', 'number', 'bigint' or an enum type.
ai-platform/server/cron/__tests__/renewals.test.cjs(22,1): error TS2582: Cannot find name 'describe'. Do you need to install type definitions for a test runner? Try `npm i --save-dev @types/jest` or `npm i --save-dev @types/mocha`.
ai-platform/server/cron/__tests__/renewals.test.cjs(26,3): error TS2304: Cannot find name 'beforeEach'.
ai-platform/server/cron/__tests__/renewals.test.cjs(27,20): error TS2304: Cannot find name 'jest'.
ai-platform/server/cron/__tests__/renewals.test.cjs(31,3): error TS2304: Cannot find name 'afterEach'.
ai-platform/server/cron/__tests__/renewals.test.cjs(34,5): error TS2304: Cannot find name 'jest'.
ai-platform/server/cron/__tests__/renewals.test.cjs(37,3): error TS2582: Cannot find name 'test'. Do you need to install type definitions for a test runner? Try `npm i --save-dev @types/jest` or `npm i --save-dev @types/mocha`.
ai-platform/server/cron/__tests__/renewals.test.cjs(40,5): error TS2304: Cannot find name 'expect'.
ai-platform/server/cron/__tests__/renewals.test.cjs(43,3): error TS2582: Cannot find name 'test'. Do you need to install type definitions for a test runner? Try `npm i --save-dev @types/jest` or `npm i --save-dev @types/mocha`.
ai-platform/server/cron/__tests__/renewals.test.cjs(44,18): error TS2339: Property 'mockResolvedValue' does not exist on type '(input: string | URL | Request, init?: RequestInit) => Promise<Response>'.
ai-platform/server/cron/__tests__/renewals.test.cjs(51,5): error TS2304: Cannot find name 'expect'.
ai-platform/server/cron/__tests__/renewals.test.cjs(52,5): error TS2304: Cannot find name 'expect'.
ai-platform/server/cron/__tests__/renewals.test.cjs(53,41): error TS2339: Property 'mock' does not exist on type '(input: string | URL | Request, init?: RequestInit) => Promise<Response>'.
ai-platform/server/cron/__tests__/renewals.test.cjs(54,5): error TS2304: Cannot find name 'expect'.
ai-platform/server/cron/__tests__/renewals.test.cjs(55,5): error TS2304: Cannot find name 'expect'.
ai-platform/server/cron/__tests__/renewals.test.cjs(56,5): error TS2304: Cannot find name 'expect'.
ai-platform/server/cron/__tests__/renewals.test.cjs(59,3): error TS2582: Cannot find name 'test'. Do you need to install type definitions for a test runner? Try `npm i --save-dev @types/jest` or `npm i --save-dev @types/mocha`.
ai-platform/server/cron/__tests__/renewals.test.cjs(60,18): error TS2339: Property 'mockRejectedValue' does not exist on type '(input: string | URL | Request, init?: RequestInit) => Promise<Response>'.
ai-platform/server/cron/__tests__/renewals.test.cjs(67,5): error TS2304: Cannot find name 'expect'.
ai-platform/server/cron/__tests__/renewals.test.cjs(68,5): error TS2304: Cannot find name 'expect'.
ai-platform/server/cron/__tests__/renewals.test.cjs(71,3): error TS2582: Cannot find name 'test'. Do you need to install type definitions for a test runner? Try `npm i --save-dev @types/jest` or `npm i --save-dev @types/mocha`.
ai-platform/server/cron/__tests__/renewals.test.cjs(72,18): error TS2339: Property 'mockResolvedValue' does not exist on type '(input: string | URL | Request, init?: RequestInit) => Promise<Response>'.
ai-platform/server/cron/__tests__/renewals.test.cjs(80,5): error TS2304: Cannot find name 'expect'.
ai-platform/server/dlp-dashboard.cjs(13,24): error TS2307: Cannot find module './lib/app-logger' or its corresponding type declarations.
ai-platform/server/enterprise-patterns.cjs(98,39): error TS2322: Type '{}' is not assignable to type 'string'.
ai-platform/server/index.cjs(86,9): error TS2305: Module '"./lib/rbac.cjs"' has no exported member 'setupWorkspaceRoutes'.
ai-platform/server/index.cjs(136,3): error TS2353: Object literal may only specify known properties, and 'devFallbackOrigin' does not exist in type 'any[]'.
ai-platform/server/index.cjs(694,7): error TS2353: Object literal may only specify known properties, and 'error' does not exist in type 'any[]'.
ai-platform/server/index.cjs(712,5): error TS2353: Object literal may only specify known properties, and 'url' does not exist in type 'any[]'.
ai-platform/server/lib/__tests__/simplebeacon-proxy.test.cjs(17,37): error TS2339: Property 'version' does not exist on type 'Readonly<{ countRepositoryInventory: (baseDir: string) => any; applyPublicGateToAnalyzeResponse: (response: any) => any; sanitizePublicOutput: (output: any) => any; sanitizeScanReport: (report: any) => any; ... 75 more ...; LEAK_PATTERNS: readonly (Readonly<...> | ... 3 more ... | Readonly<...>)[]; }>'.
ai-platform/server/lib/__tests__/simplebeacon-proxy.test.cjs(18,21): error TS2339: Property 'version' does not exist on type 'Readonly<{ countRepositoryInventory: (baseDir: string) => any; applyPublicGateToAnalyzeResponse: (response: any) => any; sanitizePublicOutput: (output: any) => any; sanitizeScanReport: (report: any) => any; ... 75 more ...; LEAK_PATTERNS: readonly (Readonly<...> | ... 3 more ... | Readonly<...>)[]; }>'.
ai-platform/server/lib/__tests__/simplebeacon-proxy.test.cjs(102,52): error TS2345: Argument of type 'number' is not assignable to parameter of type 'string'.
ai-platform/server/lib/agency-branding-store.cjs(52,5): error TS2322: Type '{}' is not assignable to type '{ [x: string]: { agency_name: string; logo_url: string; accent_color: string; updatedAt: string; }; }'.
  Index signature for type 'string' is missing in type '{}'.
ai-platform/server/lib/analyze-export-bundle.cjs(24,5): error TS2305: Module '"./simplebeacon-proxy.cjs"' has no exported member 'sanitizeEuAiActSprintArtifactExport'.
ai-platform/server/lib/analyze-export-bundle.cjs(205,13): error TS2339: Property 'code' does not exist on type 'Error'.
ai-platform/server/lib/analyze-export-bundle.cjs(242,113): error TS2554: Expected 0-1 arguments, but got 3.
ai-platform/server/lib/analyze-export-bundle.cjs(247,120): error TS2554: Expected 1 arguments, but got 2.
ai-platform/server/lib/analyze-export-bundle.cjs(247,189): error TS2554: Expected 0-1 arguments, but got 3.
ai-platform/server/lib/analyze-export-bundle.cjs(252,131): error TS2554: Expected 1 arguments, but got 2.
ai-platform/server/lib/analyze-export-bundle.cjs(252,258): error TS2554: Expected 0-1 arguments, but got 3.
ai-platform/server/lib/analyze-export-bundle.cjs(257,147): error TS2554: Expected 1 arguments, but got 2.
ai-platform/server/lib/analyze-export-bundle.cjs(257,294): error TS2554: Expected 0-1 arguments, but got 3.
ai-platform/server/lib/analyze-export-bundle.cjs(261,93): error TS2554: Expected 0-1 arguments, but got 3.
ai-platform/server/lib/analyze-export-bundle.cjs(265,136): error TS2554: Expected 1 arguments, but got 2.
ai-platform/server/lib/analyze-export-bundle.cjs(265,263): error TS2554: Expected 0-1 arguments, but got 3.
ai-platform/server/lib/analyze-export-bundle.cjs(270,132): error TS2554: Expected 1 arguments, but got 2.
ai-platform/server/lib/analyze-export-bundle.cjs(270,348): error TS2554: Expected 0-1 arguments, but got 3.
ai-platform/server/lib/analyze-export-bundle.cjs(275,140): error TS2554: Expected 1 arguments, but got 2.
ai-platform/server/lib/analyze-export-bundle.cjs(275,267): error TS2554: Expected 0-1 arguments, but got 3.
ai-platform/server/lib/analyze-export-bundle.cjs(280,138): error TS2554: Expected 1 arguments, but got 2.
ai-platform/server/lib/analyze-export-bundle.cjs(280,265): error TS2554: Expected 0-1 arguments, but got 3.
ai-platform/server/lib/analyze-export-bundle.cjs(285,138): error TS2554: Expected 1 arguments, but got 2.
ai-platform/server/lib/analyze-export-bundle.cjs(285,317): error TS2554: Expected 0-1 arguments, but got 3.
ai-platform/server/lib/analyze-export-bundle.cjs(290,126): error TS2554: Expected 1 arguments, but got 3.
ai-platform/server/lib/analyze-export-bundle.cjs(290,253): error TS2554: Expected 0-1 arguments, but got 3.
ai-platform/server/lib/analyze-export-bundle.cjs(295,124): error TS2554: Expected 1 arguments, but got 2.
ai-platform/server/lib/analyze-export-bundle.cjs(295,273): error TS2554: Expected 0-1 arguments, but got 3.
ai-platform/server/lib/analyze-export-bundle.cjs(303,135): error TS2554: Expected 0-1 arguments, but got 3.
ai-platform/server/lib/analyze-export-bundle.cjs(306,149): error TS2554: Expected 0-1 arguments, but got 3.
ai-platform/server/lib/analyze-export-bundle.cjs(335,259): error TS2554: Expected 0-1 arguments, but got 3.
ai-platform/server/lib/analyze-export-bundle.cjs(364,58): error TS2554: Expected 0-1 arguments, but got 3.
ai-platform/server/lib/analyze-export-bundle.cjs(396,53): error TS2554: Expected 0-1 arguments, but got 3.
ai-platform/server/lib/analyze-export-bundle.cjs(436,78): error TS2554: Expected 0-1 arguments, but got 3.
ai-platform/server/lib/analyze-export-bundle.cjs(464,13): error TS2339: Property 'code' does not exist on type 'Error'.
ai-platform/server/lib/analyze-export-bundle.cjs(465,13): error TS2339: Property 'tier' does not exist on type 'Error'.
ai-platform/server/lib/analyze-export-bundle.cjs(475,13): error TS2339: Property 'code' does not exist on type 'Error'.
ai-platform/server/lib/analyze-export-bundle.cjs(476,13): error TS2339: Property 'warnings' does not exist on type 'Error'.
ai-platform/server/lib/analyze-export-bundle.cjs(504,30): error TS2339: Property 'code' does not exist on type 'Error'.
ai-platform/server/lib/analyze-export-bundle.cjs(540,13): error TS2339: Property 'code' does not exist on type 'Error'.
ai-platform/server/lib/analyze-export-bundle/validation.cjs(20,49): error TS2339: Property 'tierId' does not exist on type '{}'.
ai-platform/server/lib/analyze-export-bundle/validation.cjs(20,57): error TS2339: Property 'projectPath' does not exist on type '{}'.
ai-platform/server/lib/analyze-export-bundle/validation.cjs(22,66): error TS2554: Expected 1 arguments, but got 2.
ai-platform/server/lib/analyze-export-bundle/validation.cjs(45,51): error TS2554: Expected 1 arguments, but got 2.
ai-platform/server/lib/analyze-export-bundle/validation.cjs(68,8): error TS2554: Expected 1 arguments, but got 2.
ai-platform/server/lib/app-logger.cjs(19,40): error TS2322: Type 'string' is not assignable to type '"warn" | "error" | "debug" | "info" | "trace" | "fatal"'.
ai-platform/server/lib/app-logger.cjs(72,15): error TS2339: Property 'clear' does not exist on type 'WeakSet<object>'.
ai-platform/server/lib/app-logger.cjs(84,36): error TS1016: A required parameter cannot follow an optional parameter.
ai-platform/server/lib/app-logger.cjs(109,35): error TS1016: A required parameter cannot follow an optional parameter.
ai-platform/server/lib/app-logger.cjs(165,9): error TS2322: Type 'string' is not assignable to type '"warn" | "error" | "debug" | "info" | "trace" | "fatal"'.
ai-platform/server/lib/assessment-retention.cjs(39,14): error TS1064: The return type of an async function or method must be the global Promise<T> type. Did you mean to write 'Promise<any>'?
ai-platform/server/lib/assessment-retention.cjs(71,72): error TS2554: Expected 1 arguments, but got 2.
ai-platform/server/lib/assessment-retention.cjs(92,14): error TS1064: The return type of an async function or method must be the global Promise<T> type. Did you mean to write 'Promise<any>'?
ai-platform/server/lib/audit-booking-mail.cjs(84,3): error TS2322: Type '{ sent: boolean; to: string; from: string; reason?: undefined; } | { sent: boolean; reason: any; to?: undefined; from?: undefined; }' is not assignable to type '{ sent: boolean; to: string; from: string; }'.
  Type '{ sent: boolean; reason: any; to?: undefined; from?: undefined; }' is not assignable to type '{ sent: boolean; to: string; from: string; }'.
    Property 'to' is optional in type '{ sent: boolean; reason: any; to?: undefined; from?: undefined; }' but required in type '{ sent: boolean; to: string; from: string; }'.
ai-platform/server/lib/audit-booking-route.cjs(19,14): error TS1064: The return type of an async function or method must be the global Promise<T> type. Did you mean to write 'Promise<any>'?
ai-platform/server/lib/audit-booking-route.cjs(38,14): error TS1064: The return type of an async function or method must be the global Promise<T> type. Did you mean to write 'Promise<any>'?
ai-platform/server/lib/audit-booking-route.cjs(56,48): error TS2339: Property 'sent' does not exist on type 'string'.
ai-platform/server/lib/audit-booking-route.cjs(75,14): error TS1064: The return type of an async function or method must be the global Promise<T> type. Did you mean to write 'Promise<any>'?
ai-platform/server/lib/audit-booking-route.cjs(79,35): error TS2339: Property 'status' does not exist on type 'any[]'.
ai-platform/server/lib/audit-booking-route.cjs(82,16): error TS2339: Property 'json' does not exist on type 'any[]'.
ai-platform/server/lib/audit-booking-route.cjs(95,16): error TS2339: Property 'status' does not exist on type 'any[]'.
ai-platform/server/lib/audit-booking-route.cjs(98,16): error TS2339: Property 'status' does not exist on type 'any[]'.
ai-platform/server/lib/audit-booking-route.cjs(118,16): error TS2339: Property 'status' does not exist on type 'any[]'.
ai-platform/server/lib/audit-booking-route.cjs(125,18): error TS2339: Property 'json' does not exist on type 'any[]'.
ai-platform/server/lib/audit-booking-route.cjs(125,46): error TS2345: Argument of type '{ sent: boolean; to: string; from: string; }' is not assignable to parameter of type 'string'.
ai-platform/server/lib/audit-booking-route.cjs(127,16): error TS2339: Property 'json' does not exist on type 'any[]'.
ai-platform/server/lib/audit-booking-route.cjs(127,44): error TS2345: Argument of type '{ sent: boolean; to: string; from: string; }' is not assignable to parameter of type 'string'.
ai-platform/server/lib/audit-booking-route.cjs(130,16): error TS2339: Property 'json' does not exist on type 'any[]'.
ai-platform/server/lib/audit-booking-route.cjs(131,33): error TS2345: Argument of type '{ sent: boolean; }' is not assignable to parameter of type 'string'.
ai-platform/server/lib/audit-booking-route.cjs(142,14): error TS1064: The return type of an async function or method must be the global Promise<T> type. Did you mean to write 'Promise<any>'?
ai-platform/server/lib/audit-booking-route.cjs(146,35): error TS2339: Property 'status' does not exist on type 'any[]'.
ai-platform/server/lib/audit-booking-route.cjs(149,14): error TS2339: Property 'json' does not exist on type 'any[]'.
ai-platform/server/lib/audit-booking-route.cjs(177,9): error TS2339: Property 'set' does not exist on type 'any[]'.
ai-platform/server/lib/audit-booking-route.cjs(178,9): error TS2339: Property 'type' does not exist on type 'any[]'.
ai-platform/server/lib/audit-booking-route.cjs(179,9): error TS2339: Property 'sendFile' does not exist on type 'any[]'.
ai-platform/server/lib/audit-export-tier.cjs(80,24): error TS2339: Property 'simplebeacon' does not exist on type 'any[]'.
ai-platform/server/lib/audit-remediation-recipes.cjs(360,46): error TS2339: Property 'location' does not exist on type '{ blocksGate: boolean; artifactType: string; businessImpact: string; kind: any; severity: string; } | { kind: any; severity: string; }'.
  Property 'location' does not exist on type '{ blocksGate: boolean; artifactType: string; businessImpact: string; kind: any; severity: string; }'.
ai-platform/server/lib/audit-remediation-recipes.cjs(363,19): error TS2339: Property 'snippet' does not exist on type '{ blocksGate: boolean; artifactType: string; businessImpact: string; kind: any; severity: string; } | { kind: any; severity: string; }'.
  Property 'snippet' does not exist on type '{ blocksGate: boolean; artifactType: string; businessImpact: string; kind: any; severity: string; }'.
ai-platform/server/lib/audit-remediation-recipes.cjs(364,19): error TS2339: Property 'rule' does not exist on type '{ blocksGate: boolean; artifactType: string; businessImpact: string; kind: any; severity: string; } | { kind: any; severity: string; }'.
  Property 'rule' does not exist on type '{ blocksGate: boolean; artifactType: string; businessImpact: string; kind: any; severity: string; }'.
ai-platform/server/lib/audit-remediation-recipes.cjs(365,19): error TS2339: Property 'location' does not exist on type '{ blocksGate: boolean; artifactType: string; businessImpact: string; kind: any; severity: string; } | { kind: any; severity: string; }'.
  Property 'location' does not exist on type '{ blocksGate: boolean; artifactType: string; businessImpact: string; kind: any; severity: string; }'.
ai-platform/server/lib/audit-remediation-recipes.cjs(366,19): error TS2339: Property 'remediation' does not exist on type '{ blocksGate: boolean; artifactType: string; businessImpact: string; kind: any; severity: string; } | { kind: any; severity: string; }'.
  Property 'remediation' does not exist on type '{ blocksGate: boolean; artifactType: string; businessImpact: string; kind: any; severity: string; }'.
ai-platform/server/lib/audit-remediation-recipes.cjs(375,25): error TS2339: Property 'rule' does not exist on type '{ blocksGate: boolean; artifactType: string; businessImpact: string; kind: any; severity: string; } | { kind: any; severity: string; }'.
  Property 'rule' does not exist on type '{ blocksGate: boolean; artifactType: string; businessImpact: string; kind: any; severity: string; }'.
ai-platform/server/lib/audit-remediation-recipes.cjs(376,28): error TS2339: Property 'snippet' does not exist on type '{ blocksGate: boolean; artifactType: string; businessImpact: string; kind: any; severity: string; } | { kind: any; severity: string; }'.
  Property 'snippet' does not exist on type '{ blocksGate: boolean; artifactType: string; businessImpact: string; kind: any; severity: string; }'.
ai-platform/server/lib/audit-remediation-recipes.cjs(377,27): error TS2339: Property 'source' does not exist on type '{ blocksGate: boolean; artifactType: string; businessImpact: string; kind: any; severity: string; } | { kind: any; severity: string; }'.
  Property 'source' does not exist on type '{ blocksGate: boolean; artifactType: string; businessImpact: string; kind: any; severity: string; }'.
ai-platform/server/lib/audit-remediation-recipes.cjs(378,33): error TS2339: Property 'artifactType' does not exist on type '{ blocksGate: boolean; artifactType: string; businessImpact: string; kind: any; severity: string; } | { kind: any; severity: string; }'.
  Property 'artifactType' does not exist on type '{ kind: any; severity: string; }'.
ai-platform/server/lib/audit-remediation-recipes.cjs(380,67): error TS2339: Property 'snippet' does not exist on type '{ blocksGate: boolean; artifactType: string; businessImpact: string; kind: any; severity: string; } | { kind: any; severity: string; }'.
  Property 'snippet' does not exist on type '{ blocksGate: boolean; artifactType: string; businessImpact: string; kind: any; severity: string; }'.
ai-platform/server/lib/audit-remediation-recipes.cjs(380,86): error TS2339: Property 'rule' does not exist on type '{ blocksGate: boolean; artifactType: string; businessImpact: string; kind: any; severity: string; } | { kind: any; severity: string; }'.
  Property 'rule' does not exist on type '{ blocksGate: boolean; artifactType: string; businessImpact: string; kind: any; severity: string; }'.
ai-platform/server/lib/audit-remediation-recipes.cjs(382,35): error TS2339: Property 'businessImpact' does not exist on type '{ blocksGate: boolean; artifactType: string; businessImpact: string; kind: any; severity: string; } | { kind: any; severity: string; }'.
  Property 'businessImpact' does not exist on type '{ kind: any; severity: string; }'.
ai-platform/server/lib/auth/trust-levels.cjs(42,40): error TS2363: The right-hand side of an arithmetic operation must be of type 'any', 'number', 'bigint' or an enum type.
ai-platform/server/lib/canonical-roadmap-files.cjs(52,52): error TS2339: Property 'relativePath' does not exist on type 'never'.
ai-platform/server/lib/canonical-roadmap-files.cjs(52,74): error TS2339: Property 'path' does not exist on type 'never'.
ai-platform/server/lib/canonical-roadmap-files.cjs(55,52): error TS2339: Property 'relativePath' does not exist on type 'never'.
ai-platform/server/lib/canonical-roadmap-files.cjs(55,74): error TS2339: Property 'path' does not exist on type 'never'.
ai-platform/server/lib/client-error.cjs(68,16): error TS2339: Property 'status' does not exist on type 'any[]'.
ai-platform/server/lib/code-hygiene-certificate.cjs(16,24): error TS2322: Type '{}' is not assignable to type 'boolean'.
ai-platform/server/lib/code-hygiene-certificate.cjs(17,25): error TS2339: Property 'type' does not exist on type 'boolean'.
ai-platform/server/lib/code-hygiene-certificate.cjs(17,45): error TS2339: Property 'rule' does not exist on type 'boolean'.
ai-platform/server/lib/code-hygiene-certificate.cjs(17,65): error TS2339: Property 'description' does not exist on type 'boolean'.
ai-platform/server/lib/code-hygiene-certificate.cjs(29,26): error TS2322: Type '{}' is not assignable to type 'number'.
ai-platform/server/lib/code-hygiene-certificate.cjs(30,39): error TS2339: Property 'rawIssues' does not exist on type 'number'.
ai-platform/server/lib/code-hygiene-certificate.cjs(30,59): error TS2339: Property 'rawIssues' does not exist on type 'number'.
ai-platform/server/lib/code-hygiene-certificate.cjs(56,27): error TS2339: Property 'gate' does not exist on type 'number'.
ai-platform/server/lib/code-hygiene-certificate.cjs(62,26): error TS2339: Property 'qualityScore' does not exist on type 'number'.
ai-platform/server/lib/code-hygiene-certificate.cjs(63,24): error TS2339: Property 'issueCount' does not exist on type 'number'.
ai-platform/server/lib/code-hygiene-certificate.cjs(64,28): error TS2339: Property 'severityCounts' does not exist on type 'number'.
ai-platform/server/lib/code-roadmap-generator.cjs(37,45): error TS2459: Module '"./roadmap-analysis.cjs"' declares 'readEnvFileFlags' locally, but it is not exported.
ai-platform/server/lib/code-roadmap-generator.cjs(468,42): error TS2769: No overload matches this call.
  Overload 1 of 3, '(path: PathOrFileDescriptor, options?: { encoding?: null; flag?: string; }): NonSharedBuffer', gave the following error.
    Type 'string' has no properties in common with type '{ encoding?: null; flag?: string; }'.
  Overload 2 of 3, '(path: PathOrFileDescriptor, options: { encoding: BufferEncoding; flag?: string; } | BufferEncoding): string', gave the following error.
    Argument of type 'string' is not assignable to parameter of type '{ encoding: BufferEncoding; flag?: string; } | BufferEncoding'.
  Overload 3 of 3, '(path: PathOrFileDescriptor, options?: BufferEncoding | (ObjectEncodingOptions & { flag?: string; })): string | NonSharedBuffer', gave the following error.
    Argument of type 'string' is not assignable to parameter of type 'BufferEncoding | (ObjectEncodingOptions & { flag?: string; })'.
ai-platform/server/lib/code-roadmap-phase2.cjs(129,31): error TS2345: Argument of type 'any[]' is not assignable to parameter of type 'string'.
ai-platform/server/lib/code-roadmap-phase2.cjs(145,43): error TS2345: Argument of type 'string[]' is not assignable to parameter of type 'string'.
ai-platform/server/lib/code-understanding/code-understanding-engine.cjs(50,16): error TS2339: Property 'semantic' does not exist on type 'any[]'.
ai-platform/server/lib/code-understanding/code-understanding-engine.cjs(50,53): error TS2339: Property 'semantic' does not exist on type 'any[]'.
ai-platform/server/lib/code-understanding/code-understanding-engine.cjs(51,16): error TS2339: Property 'contextual' does not exist on type 'any[]'.
ai-platform/server/lib/code-understanding/code-understanding-engine.cjs(51,62): error TS2339: Property 'contextual' does not exist on type 'any[]'.
ai-platform/server/lib/code-understanding/code-understanding-engine.cjs(52,16): error TS2339: Property 'expert' does not exist on type 'any[]'.
ai-platform/server/lib/code-understanding/code-understanding-engine.cjs(52,81): error TS2339: Property 'expert' does not exist on type 'any[]'.
ai-platform/server/lib/code-understanding/code-understanding-engine.cjs(53,16): error TS2339: Property 'semantic' does not exist on type 'any[]'.
ai-platform/server/lib/code-understanding/code-understanding-engine.cjs(53,55): error TS2339: Property 'semantic' does not exist on type 'any[]'.
ai-platform/server/lib/code-understanding/code-understanding-engine.cjs(64,16): error TS2339: Property 'static' does not exist on type 'any[]'.
ai-platform/server/lib/code-understanding/code-understanding-engine.cjs(65,16): error TS2339: Property 'semantic' does not exist on type 'any[]'.
ai-platform/server/lib/code-understanding/code-understanding-engine.cjs(66,16): error TS2339: Property 'contextual' does not exist on type 'any[]'.
ai-platform/server/lib/code-understanding/code-understanding-engine.cjs(67,16): error TS2339: Property 'expert' does not exist on type 'any[]'.
ai-platform/server/lib/code-understanding/code-understanding-engine.cjs(78,14): error TS1064: The return type of an async function or method must be the global Promise<T> type. Did you mean to write 'Promise<any>'?
ai-platform/server/lib/code-understanding/code-understanding-engine.cjs(80,47): error TS2322: Type '{}' is not assignable to type 'string'.
ai-platform/server/lib/code-understanding/code-understanding-engine.cjs(81,30): error TS2339: Property 'filePath' does not exist on type 'string'.
ai-platform/server/lib/code-understanding/code-understanding-engine.cjs(82,36): error TS2339: Property 'staticFindings' does not exist on type 'string'.
ai-platform/server/lib/code-understanding/code-understanding-engine.cjs(87,9): error TS2698: Spread types may only be created from object types.
ai-platform/server/lib/code-understanding/code-understanding-engine.cjs(93,37): error TS2339: Property 'projectPath' does not exist on type 'string'.
ai-platform/server/lib/code-understanding/code-understanding-engine.cjs(94,58): error TS2339: Property 'projectPath' does not exist on type 'string'.
ai-platform/server/lib/code-understanding/code-understanding-engine.cjs(98,17): error TS2339: Property 'projectPath' does not exist on type 'string'.
ai-platform/server/lib/code-understanding/code-understanding-engine.cjs(100,57): error TS2339: Property 'platformRoot' does not exist on type 'string'.
ai-platform/server/lib/code-understanding/code-understanding-engine.cjs(100,81): error TS2339: Property 'projectPath' does not exist on type 'string'.
ai-platform/server/lib/code-understanding/code-understanding-engine.cjs(102,34): error TS2339: Property 'projectPath' does not exist on type 'string'.
ai-platform/server/lib/code-understanding/code-understanding-engine.cjs(122,30): error TS2339: Property 'projectPath' does not exist on type 'string'.
ai-platform/server/lib/code-understanding/code-understanding-engine.cjs(125,36): error TS2345: Argument of type '{ static: any; semantic: any; contextual: any; expert: { layer: string; reviews: any[]; consensus: { count: number; consensus: any; confidence: number; }; }; }' is not assignable to parameter of type 'any[]'.
  Type '{ static: any; semantic: any; contextual: any; expert: { layer: string; reviews: any[]; consensus: { count: number; consensus: any; confidence: number; }; }; }' is missing the following properties from type 'any[]': length, pop, push, concat, and 29 more.
ai-platform/server/lib/code-understanding/code-understanding-engine.cjs(126,52): error TS2345: Argument of type '{ static: any; semantic: any; contextual: any; expert: { layer: string; reviews: any[]; consensus: { count: number; consensus: any; confidence: number; }; }; }' is not assignable to parameter of type 'any[]'.
  Type '{ static: any; semantic: any; contextual: any; expert: { layer: string; reviews: any[]; consensus: { count: number; consensus: any; confidence: number; }; }; }' is missing the following properties from type 'any[]': length, pop, push, concat, and 29 more.
ai-platform/server/lib/code-understanding/code-understanding-engine.cjs(139,14): error TS1064: The return type of an async function or method must be the global Promise<T> type. Did you mean to write 'Promise<any>'?
ai-platform/server/lib/code-understanding/code-understanding-engine.cjs(145,43): error TS2345: Argument of type '{ filePath: any; projectPath: any; platformRoot: any; staticFindings: any; }' is not assignable to parameter of type 'string'.
ai-platform/server/lib/code-understanding/code-understanding-engine.cjs(158,14): error TS1064: The return type of an async function or method must be the global Promise<T> type. Did you mean to write 'Promise<any>'?
ai-platform/server/lib/code-understanding/code-understanding-engine.cjs(161,33): error TS2339: Property 'codeAnalysisRoot' does not exist on type 'number'.
ai-platform/server/lib/code-understanding/code-understanding-engine.cjs(161,60): error TS2339: Property 'platformRoot' does not exist on type 'number'.
ai-platform/server/lib/code-understanding/code-understanding-engine.cjs(161,83): error TS2339: Property 'projectRoot' does not exist on type 'number'.
ai-platform/server/lib/code-understanding/code-understanding-engine.cjs(162,36): error TS2339: Property 'findings' does not exist on type 'number'.
ai-platform/server/lib/code-understanding/code-understanding-engine.cjs(170,72): error TS2345: Argument of type '{ filePath: any; projectPath: string; platformRoot: any; staticFindings: any; }' is not assignable to parameter of type 'string'.
ai-platform/server/lib/code-understanding/code-understanding-engine.cjs(183,9): error TS2698: Spread types may only be created from object types.
ai-platform/server/lib/code-understanding/contextual-analyzer.cjs(17,14): error TS1064: The return type of an async function or method must be the global Promise<T> type. Did you mean to write 'Promise<any>'?
ai-platform/server/lib/code-understanding/contextual-analyzer.cjs(37,14): error TS1064: The return type of an async function or method must be the global Promise<T> type. Did you mean to write 'Promise<any>'?
ai-platform/server/lib/code-understanding/contextual-analyzer.cjs(80,14): error TS1064: The return type of an async function or method must be the global Promise<T> type. Did you mean to write 'Promise<any>'?
ai-platform/server/lib/code-understanding/contextual-analyzer.cjs(113,14): error TS1064: The return type of an async function or method must be the global Promise<T> type. Did you mean to write 'Promise<any>'?
ai-platform/server/lib/code-understanding/expert-review-store.cjs(22,14): error TS1064: The return type of an async function or method must be the global Promise<T> type. Did you mean to write 'Promise<any>'?
ai-platform/server/lib/code-understanding/expert-review-store.cjs(40,14): error TS1064: The return type of an async function or method must be the global Promise<T> type. Did you mean to write 'Promise<any>'?
ai-platform/server/lib/code-understanding/expert-review-store.cjs(66,14): error TS1064: The return type of an async function or method must be the global Promise<T> type. Did you mean to write 'Promise<any>'?
ai-platform/server/lib/code-understanding/ml-pattern-detector.cjs(259,25): error TS2304: Cannot find name 'context'.
ai-platform/server/lib/code-understanding/ml-pattern-detector.cjs(259,56): error TS2304: Cannot find name 'context'.
ai-platform/server/lib/code-understanding/ml-pattern-detector.cjs(426,25): error TS2304: Cannot find name 'context'.
ai-platform/server/lib/code-understanding/ml-pattern-detector.cjs(426,56): error TS2304: Cannot find name 'context'.
ai-platform/server/lib/code-understanding/semantic-analyzer.cjs(102,14): error TS1064: The return type of an async function or method must be the global Promise<T> type. Did you mean to write 'Promise<any>'?
ai-platform/server/lib/code-understanding/semantic-analyzer.cjs(104,46): error TS2322: Type '{}' is not assignable to type 'string'.
ai-platform/server/lib/code-understanding/semantic-analyzer.cjs(105,30): error TS2339: Property 'filePath' does not exist on type 'string'.
ai-platform/server/lib/code-understanding/semantic-analyzer.cjs(106,31): error TS2339: Property 'languageDetection' does not exist on type 'string'.
ai-platform/server/lib/code-understanding/semantic-analyzer.cjs(113,30): error TS2339: Property 'domainHints' does not exist on type 'string'.
ai-platform/server/lib/code-understanding/semantic-analyzer.cjs(146,42): error TS2339: Property 'staticFindings' does not exist on type 'string'.
ai-platform/server/lib/code-understanding/zscript-cvar-analyzer.cjs(74,14): error TS1064: The return type of an async function or method must be the global Promise<T> type. Did you mean to write 'Promise<any>'?
ai-platform/server/lib/code-understanding/zscript-cvar-analyzer.cjs(82,14): error TS1064: The return type of an async function or method must be the global Promise<T> type. Did you mean to write 'Promise<any>'?
ai-platform/server/lib/code-understanding/zscript-cvar-analyzer.cjs(196,14): error TS1064: The return type of an async function or method must be the global Promise<T> type. Did you mean to write 'Promise<any>'?
ai-platform/server/lib/code-understanding/zscript-mod-report.cjs(13,14): error TS1064: The return type of an async function or method must be the global Promise<T> type. Did you mean to write 'Promise<any>'?
ai-platform/server/lib/code-understanding/zscript-mod-report.cjs(39,50): error TS2345: Argument of type 'string' is not assignable to parameter of type 'any[]'.
ai-platform/server/lib/code-understanding/zscript-mod-report.cjs(58,9): error TS2367: This comparison appears to be unintentional because the types 'any[]' and 'string' have no overlap.
ai-platform/server/lib/code-understanding/zscript-mod-report.cjs(112,46): error TS2339: Property 'function_analysis' does not exist on type 'string'.
ai-platform/server/lib/code-understanding/zscript-mod-report.cjs(113,29): error TS2339: Property 'function_analysis' does not exist on type 'string'.
ai-platform/server/lib/code-understanding/zscript-structure-analyzer.cjs(14,14): error TS1064: The return type of an async function or method must be the global Promise<T> type. Did you mean to write 'Promise<any>'?
ai-platform/server/lib/code-understanding/zscript-structure-analyzer.cjs(25,14): error TS1064: The return type of an async function or method must be the global Promise<T> type. Did you mean to write 'Promise<any>'?
ai-platform/server/lib/code-understanding/zscript-structure-analyzer.cjs(201,57): error TS2345: Argument of type 'string' is not assignable to parameter of type 'Function'.
ai-platform/server/lib/code-understanding/zscript-structure-analyzer.cjs(206,50): error TS2345: Argument of type 'string' is not assignable to parameter of type 'Function'.
ai-platform/server/lib/code-understanding/zscript-structure-analyzer.cjs(208,53): error TS2345: Argument of type 'string' is not assignable to parameter of type 'Function'.
ai-platform/server/lib/code-understanding/zscript-structure-analyzer.cjs(209,41): error TS2345: Argument of type 'string' is not assignable to parameter of type 'Function'.
ai-platform/server/lib/code-understanding/zscript-structure-analyzer.cjs(249,40): error TS2339: Property 'startsWith' does not exist on type 'Function'.
ai-platform/server/lib/code-understanding/zscript-structure-analyzer.cjs(280,9): error TS2367: This comparison appears to be unintentional because the types 'Function' and 'string' have no overlap.
ai-platform/server/lib/code-understanding/zscript-structure-analyzer.cjs(312,14): error TS1064: The return type of an async function or method must be the global Promise<T> type. Did you mean to write 'Promise<any>'?
ai-platform/server/lib/code-understanding/zscript-structure-analyzer.cjs(337,40): error TS2345: Argument of type '{}' is not assignable to parameter of type 'string'.
ai-platform/server/lib/code-understanding/zscript-structure-analyzer.cjs(349,32): error TS2339: Property 'classes' does not exist on type 'string'.
ai-platform/server/lib/codebase-analyzer-helpers.cjs(12,17): error TS2304: Cannot find name 'path'.
ai-platform/server/lib/codebase-analyzer.cjs(121,25): error TS2554: Expected 1 arguments, but got 0.
ai-platform/server/lib/codebase-analyzer.cjs(1579,61): error TS2353: Object literal may only specify known properties, and 'timeout' does not exist in type 'ScriptOptions'.
ai-platform/server/lib/codebase-analyzer.cjs(3079,39): error TS2740: Type '{}' is missing the following properties from type 'any[]': length, pop, push, concat, and 29 more.
ai-platform/server/lib/codebase-analyzer.cjs(3110,24): error TS2339: Property 'source' does not exist on type 'any[]'.
ai-platform/server/lib/codebase-analyzer.cjs(3111,28): error TS2339: Property 'reportPath' does not exist on type 'any[]'.
ai-platform/server/lib/codebase-analyzer.cjs(3112,33): error TS2339: Property 'filesWithIssues' does not exist on type 'any[]'.
ai-platform/server/lib/codebase-analyzer.cjs(3113,30): error TS2339: Property 'errors' does not exist on type 'any[]'.
ai-platform/server/lib/codebase-analyzer.cjs(3113,53): error TS2339: Property 'warnings' does not exist on type 'any[]'.
ai-platform/server/lib/codebase-analyzer.cjs(3114,24): error TS2339: Property 'errors' does not exist on type 'any[]'.
ai-platform/server/lib/codebase-analyzer.cjs(3115,26): error TS2339: Property 'warnings' does not exist on type 'any[]'.
ai-platform/server/lib/codebase-analyzer.cjs(3117,47): error TS2339: Property 'errors' does not exist on type 'any[]'.
ai-platform/server/lib/codebase-analyzer.cjs(3118,49): error TS2339: Property 'warnings' does not exist on type 'any[]'.
ai-platform/server/lib/codebase-analyzer.cjs(3147,14): error TS1064: The return type of an async function or method must be the global Promise<T> type. Did you mean to write 'Promise<any>'?
ai-platform/server/lib/codebase-analyzer.cjs(3195,14): error TS1064: The return type of an async function or method must be the global Promise<T> type. Did you mean to write 'Promise<any>'?
ai-platform/server/lib/codebase-analyzer.cjs(3199,22): error TS2339: Property 'relativePath' does not exist on type 'string'.
ai-platform/server/lib/codebase-analyzer.cjs(3206,14): error TS2339: Property 'isArtifact' does not exist on type 'string'.
ai-platform/server/lib/codebase-analyzer.cjs(3223,14): error TS2339: Property 'size' does not exist on type 'string'.
ai-platform/server/lib/codebase-analyzer.cjs(3236,14): error TS2339: Property 'size' does not exist on type 'string'.
ai-platform/server/lib/codebase-analyzer.cjs(3243,62): error TS2339: Property 'size' does not exist on type 'string'.
ai-platform/server/lib/codebase-analyzer.cjs(3249,43): error TS2339: Property 'ext' does not exist on type 'string'.
ai-platform/server/lib/codebase-analyzer.cjs(3255,51): error TS2339: Property 'path' does not exist on type 'string'.
ai-platform/server/lib/codebase-analyzer.cjs(3282,14): error TS2339: Property 'ext' does not exist on type 'string'.
ai-platform/server/lib/codebase-analyzer.cjs(3285,35): error TS2339: Property 'name' does not exist on type 'string'.
ai-platform/server/lib/codebase-analyzer.cjs(3285,67): error TS2339: Property 'name' does not exist on type 'string'.
ai-platform/server/lib/codebase-analyzer.cjs(3307,70): error TS2339: Property 'ext' does not exist on type 'string'.
ai-platform/server/lib/codebase-analyzer.cjs(3325,64): error TS2345: Argument of type 'readonly { id: string; pattern: RegExp; label: string; }[]' is not assignable to parameter of type '{ id: string; pattern: RegExp; label: string; }[]'.
  The type 'readonly { id: string; pattern: RegExp; label: string; }[]' is 'readonly' and cannot be assigned to the mutable type '{ id: string; pattern: RegExp; label: string; }[]'.
ai-platform/server/lib/codebase-analyzer.cjs(3375,70): error TS2339: Property 'ext' does not exist on type 'string'.
ai-platform/server/lib/codebase-analyzer.cjs(3405,64): error TS2345: Argument of type 'readonly { id: string; pattern: RegExp; label: string; }[]' is not assignable to parameter of type '{ id: string; pattern: RegExp; label: string; }[]'.
  The type 'readonly { id: string; pattern: RegExp; label: string; }[]' is 'readonly' and cannot be assigned to the mutable type '{ id: string; pattern: RegExp; label: string; }[]'.
ai-platform/server/lib/codebase-analyzer.cjs(3407,60): error TS2345: Argument of type 'readonly { id: string; pattern: RegExp; label: string; }[]' is not assignable to parameter of type '{ id: string; pattern: RegExp; label: string; }[]'.
  The type 'readonly { id: string; pattern: RegExp; label: string; }[]' is 'readonly' and cannot be assigned to the mutable type '{ id: string; pattern: RegExp; label: string; }[]'.
ai-platform/server/lib/codebase-analyzer.cjs(3408,60): error TS2345: Argument of type 'readonly { id: string; pattern: RegExp; label: string; }[]' is not assignable to parameter of type '{ id: string; pattern: RegExp; label: string; }[]'.
  The type 'readonly { id: string; pattern: RegExp; label: string; }[]' is 'readonly' and cannot be assigned to the mutable type '{ id: string; pattern: RegExp; label: string; }[]'.
ai-platform/server/lib/codebase-analyzer.cjs(3409,60): error TS2345: Argument of type 'readonly { id: string; pattern: RegExp; label: string; }[]' is not assignable to parameter of type '{ id: string; pattern: RegExp; label: string; }[]'.
  The type 'readonly { id: string; pattern: RegExp; label: string; }[]' is 'readonly' and cannot be assigned to the mutable type '{ id: string; pattern: RegExp; label: string; }[]'.
ai-platform/server/lib/codebase-analyzer.cjs(3410,60): error TS2345: Argument of type 'readonly { id: string; pattern: RegExp; label: string; }[]' is not assignable to parameter of type '{ id: string; pattern: RegExp; label: string; }[]'.
  The type 'readonly { id: string; pattern: RegExp; label: string; }[]' is 'readonly' and cannot be assigned to the mutable type '{ id: string; pattern: RegExp; label: string; }[]'.
ai-platform/server/lib/codebase-analyzer.cjs(3412,64): error TS2345: Argument of type 'readonly { id: string; pattern: RegExp; label: string; }[]' is not assignable to parameter of type '{ id: string; pattern: RegExp; label: string; }[]'.
  The type 'readonly { id: string; pattern: RegExp; label: string; }[]' is 'readonly' and cannot be assigned to the mutable type '{ id: string; pattern: RegExp; label: string; }[]'.
ai-platform/server/lib/codebase-analyzer.cjs(3434,64): error TS2345: Argument of type 'readonly { id: string; pattern: RegExp; label: string; }[]' is not assignable to parameter of type '{ id: string; pattern: RegExp; label: string; }[]'.
  The type 'readonly { id: string; pattern: RegExp; label: string; }[]' is 'readonly' and cannot be assigned to the mutable type '{ id: string; pattern: RegExp; label: string; }[]'.
ai-platform/server/lib/codebase-analyzer.cjs(3461,65): error TS2339: Property 'ext' does not exist on type 'string'.
ai-platform/server/lib/codebase-analyzer.cjs(3464,46): error TS2339: Property 'relativePath' does not exist on type 'string'.
ai-platform/server/lib/codebase-analyzer.cjs(3472,64): error TS2345: Argument of type 'readonly { id: string; pattern: RegExp; label: string; }[]' is not assignable to parameter of type '{ id: string; pattern: RegExp; label: string; }[]'.
  The type 'readonly { id: string; pattern: RegExp; label: string; }[]' is 'readonly' and cannot be assigned to the mutable type '{ id: string; pattern: RegExp; label: string; }[]'.
ai-platform/server/lib/codebase-analyzer.cjs(3476,235): error TS2339: Property 'ext' does not exist on type 'string'.
ai-platform/server/lib/codebase-analyzer.cjs(3482,82): error TS2339: Property 'ext' does not exist on type 'string'.
ai-platform/server/lib/codebase-analyzer.cjs(3487,60): error TS2345: Argument of type 'readonly { id: string; pattern: RegExp; label: string; }[]' is not assignable to parameter of type '{ id: string; pattern: RegExp; label: string; }[]'.
  The type 'readonly { id: string; pattern: RegExp; label: string; }[]' is 'readonly' and cannot be assigned to the mutable type '{ id: string; pattern: RegExp; label: string; }[]'.
ai-platform/server/lib/codebase-analyzer.cjs(3493,52): error TS2339: Property 'ext' does not exist on type 'string'.
ai-platform/server/lib/codebase-analyzer.cjs(3494,65): error TS2339: Property 'name' does not exist on type 'string'.
ai-platform/server/lib/codebase-analyzer.cjs(3494,76): error TS2339: Property 'ext' does not exist on type 'string'.
ai-platform/server/lib/codebase-analyzer.cjs(3856,73): error TS2345: Argument of type 'string' is not assignable to parameter of type 'number'.
ai-platform/server/lib/codebase-analyzer.cjs(3870,14): error TS1064: The return type of an async function or method must be the global Promise<T> type. Did you mean to write 'Promise<any>'?
ai-platform/server/lib/codebase-analyzer.cjs(3908,47): error TS2353: Object literal may only specify known properties, and 'source' does not exist in type 'any[]'.
ai-platform/server/lib/codebase-analyzer.cjs(3920,47): error TS2353: Object literal may only specify known properties, and 'source' does not exist in type 'any[]'.
ai-platform/server/lib/codebase-analyzer.cjs(3924,21): error TS2304: Cannot find name 'resolveEslintTargets'.
ai-platform/server/lib/codebase-analyzer.cjs(3933,47): error TS2353: Object literal may only specify known properties, and 'source' does not exist in type 'any[]'.
ai-platform/server/lib/codebase-analyzer.cjs(3981,17): error TS2353: Object literal may only specify known properties, and 'source' does not exist in type 'any[]'.
ai-platform/server/lib/codebase-analyzer.cjs(4000,25): error TS2353: Object literal may only specify known properties, and 'source' does not exist in type 'any[]'.
ai-platform/server/lib/codebase-analyzer.cjs(4017,47): error TS2353: Object literal may only specify known properties, and 'source' does not exist in type 'any[]'.
ai-platform/server/lib/codebase-analyzer.cjs(4115,50): error TS2353: Object literal may only specify known properties, and 'source' does not exist in type 'any[]'.
ai-platform/server/lib/codebase-analyzer.cjs(4167,54): error TS2345: Argument of type 'number' is not assignable to parameter of type 'string'.
ai-platform/server/lib/complete-scan-audit-report.cjs(165,14): error TS1064: The return type of an async function or method must be the global Promise<T> type. Did you mean to write 'Promise<any>'?
ai-platform/server/lib/complete-scan-audit-report.cjs(308,14): error TS1064: The return type of an async function or method must be the global Promise<T> type. Did you mean to write 'Promise<any>'?
ai-platform/server/lib/cors-config.cjs(22,29): error TS2740: Type '{}' is missing the following properties from type 'any[]': length, pop, push, concat, and 29 more.
ai-platform/server/lib/cors-config.cjs(24,82): error TS2339: Property 'defaultOrigin' does not exist on type 'any[]'.
ai-platform/server/lib/coverage-reports-builder.cjs(5,34): error TS2305: Module '"./jest-coverage-reader.cjs"' has no exported member 'roundPct'.
ai-platform/server/lib/dashboard-vault-auth.cjs(76,7): error TS2339: Property 'setHeader' does not exist on type 'any[]'.
ai-platform/server/lib/data-cleanup-scan.cjs(22,14): error TS1064: The return type of an async function or method must be the global Promise<T> type. Did you mean to write 'Promise<boolean>'?
ai-platform/server/lib/data-cleanup-scan.cjs(169,14): error TS1064: The return type of an async function or method must be the global Promise<T> type. Did you mean to write 'Promise<any>'?
ai-platform/server/lib/data-cleanup-scan.cjs(231,50): error TS2554: Expected 1 arguments, but got 2.
ai-platform/server/lib/data-cleanup-scan.cjs(263,14): error TS1064: The return type of an async function or method must be the global Promise<T> type. Did you mean to write 'Promise<any>'?
ai-platform/server/lib/data-cleanup-scan.cjs(275,28): error TS2339: Property 'status' does not exist on type 'any[]'.
ai-platform/server/lib/data-cleanup-scan.cjs(278,28): error TS2339: Property 'status' does not exist on type 'any[]'.
ai-platform/server/lib/data-cleanup-scan.cjs(292,17): error TS2339: Property 'set' does not exist on type 'any[]'.
ai-platform/server/lib/data-cleanup-scan.cjs(301,24): error TS2339: Property 'status' does not exist on type 'any[]'.
ai-platform/server/lib/directory-bloat-scanner.cjs(39,14): error TS1064: The return type of an async function or method must be the global Promise<T> type. Did you mean to write 'Promise<any>'?
ai-platform/server/lib/directory-bloat-scanner.cjs(71,14): error TS1064: The return type of an async function or method must be the global Promise<T> type. Did you mean to write 'Promise<any>'?
ai-platform/server/lib/directory-bloat-scanner.cjs(92,14): error TS1064: The return type of an async function or method must be the global Promise<T> type. Did you mean to write 'Promise<any>'?
ai-platform/server/lib/email-service.cjs(90,17): error TS8024: JSDoc '@param' tag has name 'from', but there is no parameter with that name.
ai-platform/server/lib/email-service.cjs(91,17): error TS8024: JSDoc '@param' tag has name 'subject', but there is no parameter with that name.
ai-platform/server/lib/email-service.cjs(92,20): error TS8024: JSDoc '@param' tag has name 'text', but there is no parameter with that name.
ai-platform/server/lib/email-service.cjs(93,17): error TS8024: JSDoc '@param' tag has name 'html', but there is no parameter with that name.
ai-platform/server/lib/email-service.cjs(94,19): error TS8024: JSDoc '@param' tag has name 'attachments', but there is no parameter with that name.
ai-platform/server/lib/email-service.cjs(195,17): error TS8024: JSDoc '@param' tag has name 'subject', but there is no parameter with that name.
ai-platform/server/lib/email-service.cjs(196,20): error TS8024: JSDoc '@param' tag has name 'text', but there is no parameter with that name.
ai-platform/server/lib/email-service.cjs(197,17): error TS8024: JSDoc '@param' tag has name 'html', but there is no parameter with that name.
ai-platform/server/lib/email-service.cjs(198,19): error TS8024: JSDoc '@param' tag has name 'attachments', but there is no parameter with that name.
ai-platform/server/lib/email-service.cjs(237,58): error TS2353: Object literal may only specify known properties, and 'provider' does not exist in type '{ sent: boolean; queued: boolean; error?: string; id?: string; }'.
ai-platform/server/lib/email-service.cjs(249,58): error TS2353: Object literal may only specify known properties, and 'provider' does not exist in type '{ sent: boolean; queued: boolean; error?: string; id?: string; }'.
ai-platform/server/lib/email-service.cjs(275,43): error TS2353: Object literal may only specify known properties, and 'provider' does not exist in type '{ sent: boolean; queued: boolean; error?: string; id?: string; }'.
ai-platform/server/lib/eu-ai-act-audit-report.cjs(60,14): error TS1064: The return type of an async function or method must be the global Promise<T> type. Did you mean to write 'Promise<any>'?
ai-platform/server/lib/eu-ai-act-audit-report.cjs(74,9): error TS2339: Property 'code' does not exist on type 'Error'.
ai-platform/server/lib/eu-ai-act-audit-report.cjs(111,23): error TS2339: Property 'rawIssues' does not exist on type 'number'.
ai-platform/server/lib/eu-ai-act-audit-report.cjs(111,44): error TS2339: Property 'detectedIssues' does not exist on type 'number'.
ai-platform/server/lib/eu-ai-act-audit-report.cjs(143,24): error TS2339: Property 'projectRoot' does not exist on type 'number'.
ai-platform/server/lib/eu-ai-act-audit-report.cjs(323,14): error TS1064: The return type of an async function or method must be the global Promise<T> type. Did you mean to write 'Promise<any>'?
ai-platform/server/lib/eu-ai-act-export.cjs(538,52): error TS2345: Argument of type 'boolean' is not assignable to parameter of type 'any[]'.
ai-platform/server/lib/eu-ai-act-export.cjs(577,69): error TS2554: Expected 1 arguments, but got 2.
ai-platform/server/lib/eu-ai-act-export.cjs(600,69): error TS2554: Expected 1 arguments, but got 2.
ai-platform/server/lib/eu-ai-act-export.cjs(639,67): error TS2554: Expected 1 arguments, but got 2.
ai-platform/server/lib/eu-ai-act-export.cjs(663,57): error TS2554: Expected 1 arguments, but got 2.
ai-platform/server/lib/eu-ai-act-export.cjs(664,31): error TS2339: Property 'projectRoot' does not exist on type 'number'.
ai-platform/server/lib/eu-ai-act-export.cjs(717,7): error TS2554: Expected 1 arguments, but got 2.
ai-platform/server/lib/eu-ai-act-export.cjs(785,73): error TS2554: Expected 1 arguments, but got 2.
ai-platform/server/lib/eu-ai-act-export.cjs(825,69): error TS2554: Expected 1 arguments, but got 2.
ai-platform/server/lib/eu-ai-act-export.cjs(826,57): error TS2554: Expected 1 arguments, but got 2.
ai-platform/server/lib/eu-ai-act-export.cjs(1116,16): error TS2339: Property 'scanScope' does not exist on type 'number'.
ai-platform/server/lib/eu-ai-act-export.cjs(1117,30): error TS2339: Property 'productionLeakScanned' does not exist on type 'number'.
ai-platform/server/lib/eu-ai-act-export.cjs(1117,62): error TS2339: Property 'scanScope' does not exist on type 'number'.
ai-platform/server/lib/eu-ai-act-export.cjs(1118,32): error TS2339: Property 'sourceCodeFilesScanned' does not exist on type 'number'.
ai-platform/server/lib/eu-ai-act-export.cjs(1118,65): error TS2339: Property 'scanScope' does not exist on type 'number'.
ai-platform/server/lib/eu-ai-act-export.cjs(1119,30): error TS2339: Property 'scanScope' does not exist on type 'number'.
ai-platform/server/lib/eu-ai-act-export.cjs(1126,5): error TS2698: Spread types may only be created from object types.
ai-platform/server/lib/eu-ai-act-export.cjs(1128,17): error TS2339: Property 'scanScope' does not exist on type 'number'.
ai-platform/server/lib/eu-ai-act-export.cjs(1147,30): error TS2339: Property 'gateReport' does not exist on type '{ projectPath?: string; }'.
ai-platform/server/lib/eu-ai-act-export.cjs(1148,40): error TS2339: Property 'repositoryFilesTotal' does not exist on type '{ projectPath?: string; }'.
ai-platform/server/lib/eu-ai-act-export.cjs(1169,54): error TS2554: Expected 1 arguments, but got 2.
ai-platform/server/lib/eu-ai-act-export.cjs(1176,77): error TS2554: Expected 1 arguments, but got 2.
ai-platform/server/lib/eu-ai-act-export.cjs(1179,25): error TS2339: Property 'npmAudit' does not exist on type '{ projectPath?: string; }'.
ai-platform/server/lib/eu-ai-act-export.cjs(1186,80): error TS2554: Expected 1 arguments, but got 2.
ai-platform/server/lib/eu-ai-act-export.cjs(1224,65): error TS2554: Expected 1 arguments, but got 2.
ai-platform/server/lib/eu-ai-act-export.cjs(1225,67): error TS2554: Expected 1 arguments, but got 2.
ai-platform/server/lib/eu-ai-act-export.cjs(1335,17): error TS8024: JSDoc '@param' tag has name 'documentationFound', but there is no parameter with that name.
ai-platform/server/lib/eu-ai-act-export.cjs(1336,17): error TS8024: JSDoc '@param' tag has name 'summary', but there is no parameter with that name.
ai-platform/server/lib/eu-ai-act-sprint-service.cjs(45,25): error TS2339: Property 'rawIssues' does not exist on type 'number'.
ai-platform/server/lib/eu-ai-act-sprint-service.cjs(45,45): error TS2339: Property 'detectedIssues' does not exist on type 'number'.
ai-platform/server/lib/eu-ai-act-sprint-service.cjs(53,14): error TS1064: The return type of an async function or method must be the global Promise<T> type. Did you mean to write 'Promise<any>'?
ai-platform/server/lib/eu-ai-act-sprint-service.cjs(117,55): error TS2554: Expected 1 arguments, but got 2.
ai-platform/server/lib/eu-ai-act-sprint-service.cjs(139,37): error TS2345: Argument of type 'string' is not assignable to parameter of type 'number'.
ai-platform/server/lib/file-merger-reduction-scanner.cjs(75,20): error TS18047: 'candidate' is possibly 'null'.
ai-platform/server/lib/file-merger-reduction-scanner.cjs(86,34): error TS2339: Property 'fuzzyNearDuplicates' does not exist on type 'any[]'.
ai-platform/server/lib/file-merger-reduction-scanner.cjs(88,37): error TS2339: Property 'patternConsolidation' does not exist on type 'any[]'.
ai-platform/server/lib/file-merger-reduction-scanner.cjs(93,25): error TS2339: Property 'fuzzyNearDuplicates' does not exist on type 'any[]'.
ai-platform/server/lib/file-merger-reduction-scanner.cjs(98,25): error TS2339: Property 'patternConsolidation' does not exist on type 'any[]'.
ai-platform/server/lib/file-merger-reduction-scanner.cjs(150,19): error TS18047: 'fileA' is possibly 'null'.
ai-platform/server/lib/file-merger-reduction-scanner.cjs(151,19): error TS18047: 'fileB' is possibly 'null'.
ai-platform/server/lib/file-merger-reduction-scanner.cjs(156,40): error TS18047: 'fileA' is possibly 'null'.
ai-platform/server/lib/file-merger-reduction-scanner.cjs(156,62): error TS18047: 'fileA' is possibly 'null'.
ai-platform/server/lib/file-merger-reduction-scanner.cjs(157,40): error TS18047: 'fileB' is possibly 'null'.
ai-platform/server/lib/file-merger-reduction-scanner.cjs(157,62): error TS18047: 'fileB' is possibly 'null'.
ai-platform/server/lib/file-merger-reduction-scanner.cjs(183,9): error TS18047: 'fileA' is possibly 'null'.
ai-platform/server/lib/file-merger-reduction-scanner.cjs(183,24): error TS18047: 'fileB' is possibly 'null'.
ai-platform/server/lib/file-merger-reduction-scanner.cjs(184,27): error TS18047: 'fileA' is possibly 'null'.
ai-platform/server/lib/file-merger-reduction-scanner.cjs(184,60): error TS18047: 'fileB' is possibly 'null'.
ai-platform/server/lib/file-merger-reduction-scanner.cjs(185,31): error TS18047: 'fileA' is possibly 'null'.
ai-platform/server/lib/file-merger-reduction-scanner.cjs(185,53): error TS18047: 'fileA' is possibly 'null'.
ai-platform/server/lib/file-merger-reduction-scanner.cjs(186,31): error TS18047: 'fileB' is possibly 'null'.
ai-platform/server/lib/file-merger-reduction-scanner.cjs(186,53): error TS18047: 'fileB' is possibly 'null'.
ai-platform/server/lib/file-merger-reduction-scanner.cjs(187,29): error TS18047: 'fileA' is possibly 'null'.
ai-platform/server/lib/file-merger-reduction-scanner.cjs(187,44): error TS18047: 'fileB' is possibly 'null'.
ai-platform/server/lib/file-merger-reduction-scanner.cjs(209,14): error TS1064: The return type of an async function or method must be the global Promise<T> type. Did you mean to write 'Promise<any>'?
ai-platform/server/lib/file-merger-reduction-scanner.cjs(225,14): error TS1064: The return type of an async function or method must be the global Promise<T> type. Did you mean to write 'Promise<any>'?
ai-platform/server/lib/file-merger-reduction-scanner.cjs(249,14): error TS1064: The return type of an async function or method must be the global Promise<T> type. Did you mean to write 'Promise<any>'?
ai-platform/server/lib/file-merger-reduction-scanner.cjs(297,14): error TS1064: The return type of an async function or method must be the global Promise<T> type. Did you mean to write 'Promise<any>'?
ai-platform/server/lib/file-merger-reduction-scanner.cjs(318,14): error TS1064: The return type of an async function or method must be the global Promise<T> type. Did you mean to write 'Promise<any>'?
ai-platform/server/lib/file-merger-reduction-scanner.cjs(404,14): error TS1064: The return type of an async function or method must be the global Promise<T> type. Did you mean to write 'Promise<any>'?
ai-platform/server/lib/file-merger-reduction-scanner.cjs(408,9): error TS18047: 'file' is possibly 'null'.
ai-platform/server/lib/file-merger-reduction-scanner.cjs(408,33): error TS18047: 'file' is possibly 'null'.
ai-platform/server/lib/file-merger-reduction-scanner.cjs(410,48): error TS18047: 'file' is possibly 'null'.
ai-platform/server/lib/file-merger-reduction-scanner.cjs(495,14): error TS1064: The return type of an async function or method must be the global Promise<T> type. Did you mean to write 'Promise<any>'?
ai-platform/server/lib/file-merger-reduction-scanner.cjs(555,48): error TS2740: Type '{}' is missing the following properties from type 'any[]': length, pop, push, concat, and 29 more.
ai-platform/server/lib/file-merger-reduction-scanner.cjs(561,52): error TS2339: Property 'repositoryInventoryProfile' does not exist on type 'any[]'.
ai-platform/server/lib/file-merger-reduction-scanner.cjs(564,41): error TS2339: Property 'sampleDataFiles' does not exist on type 'any[]'.
ai-platform/server/lib/file-merger-reduction-scanner.cjs(565,35): error TS2339: Property 'jsonFiles' does not exist on type 'any[]'.
ai-platform/server/lib/file-merger-reduction-scanner.cjs(566,40): error TS2339: Property 'repositoryFilesAudited' does not exist on type 'any[]'.
ai-platform/server/lib/file-merger-reduction-scanner.cjs(567,44): error TS2339: Property 'repositoryInventoryProfile' does not exist on type 'any[]'.
ai-platform/server/lib/file-merger-reduction-scanner.cjs(568,53): error TS2339: Property 'repositoryFiles' does not exist on type 'any[]'.
ai-platform/server/lib/file-merger-reduction-scanner.cjs(569,38): error TS2339: Property 'repositoryFiles' does not exist on type 'any[]'.
ai-platform/server/lib/file-merger-reduction-scanner.cjs(570,40): error TS2339: Property 'repositoryFolders' does not exist on type 'any[]'.
ai-platform/server/lib/file-merger-reduction-scanner.cjs(573,53): error TS2339: Property 'repositoryInventoryProfile' does not exist on type 'any[]'.
ai-platform/server/lib/file-merger-reduction-scanner.cjs(573,112): error TS2339: Property 'repositoryFiles' does not exist on type 'any[]'.
ai-platform/server/lib/file-merger-reduction-scanner.cjs(573,158): error TS2339: Property 'repositoryFiles' does not exist on type 'any[]'.
ai-platform/server/lib/file-merger-reduction-scanner.cjs(574,52): error TS2339: Property 'repositoryFilesAudited' does not exist on type 'any[]'.
ai-platform/server/lib/file-merger-reduction-scanner.cjs(574,105): error TS2339: Property 'repositoryFilesAudited' does not exist on type 'any[]'.
ai-platform/server/lib/file-merger-reduction-scanner.cjs(574,175): error TS2339: Property 'jsonFiles' does not exist on type 'any[]'.
ai-platform/server/lib/file-merger-reduction-scanner.cjs(577,24): error TS2339: Property 'benchmarkCacheCandidatesExcluded' does not exist on type 'any[]'.
ai-platform/server/lib/file-merger-reduction-scanner.cjs(578,33): error TS2339: Property 'benchmarkCacheCandidatesExcluded' does not exist on type 'any[]'.
ai-platform/server/lib/file-merger-reduction-scanner.cjs(591,14): error TS1064: The return type of an async function or method must be the global Promise<T> type. Did you mean to write 'Promise<any>'?
ai-platform/server/lib/file-merger-reduction-scanner.cjs(619,14): error TS1064: The return type of an async function or method must be the global Promise<T> type. Did you mean to write 'Promise<any>'?
ai-platform/server/lib/file-merger-reduction-scanner.cjs(641,57): error TS2554: Expected 1 arguments, but got 2.
ai-platform/server/lib/file-merger-reduction-scanner.cjs(677,9): error TS2345: Argument of type '(bytes: number) => string' is not assignable to parameter of type 'any[]'.
ai-platform/server/lib/file-merger-reduction-scanner.cjs(748,13): error TS2353: Object literal may only specify known properties, and 'sampleDataFiles' does not exist in type 'any[]'.
ai-platform/server/lib/file-merger-reduction-scanner.cjs(885,30): error TS2339: Property 'patternConsolidation' does not exist on type 'any[]'.
ai-platform/server/lib/file-merger-reduction-scanner.cjs(894,51): error TS18047: 'report' is possibly 'null'.
ai-platform/server/lib/file-merger-reduction-scanner.cjs(897,15): error TS18047: 'report' is possibly 'null'.
ai-platform/server/lib/file-merger-reduction-scanner.cjs(899,49): error TS18047: 'report' is possibly 'null'.
ai-platform/server/lib/flexible-analyze-utils.cjs(431,14): error TS1064: The return type of an async function or method must be the global Promise<T> type. Did you mean to write 'Promise<number>'?
ai-platform/server/lib/flexible-analyze-utils.cjs(597,43): error TS2339: Property 'message' does not exist on type 'string | Error'.
  Property 'message' does not exist on type 'string'.
ai-platform/server/lib/flexible-analyze-utils.cjs(597,72): error TS2339: Property 'message' does not exist on type 'string | Error'.
  Property 'message' does not exist on type 'string'.
ai-platform/server/lib/flexible-analyze-utils.cjs(702,53): error TS2739: Type '{}' is missing the following properties from type '{ isSameResolvedPath: Function; resolvePlatformRoot: Function; }': isSameResolvedPath, resolvePlatformRoot
ai-platform/server/lib/fuzzy-content-matcher.cjs(169,18): error TS2339: Property 'size' does not exist on type 'string'.
ai-platform/server/lib/fuzzy-content-matcher.cjs(170,37): error TS2339: Property 'path' does not exist on type 'string'.
ai-platform/server/lib/fuzzy-content-matcher.cjs(318,37): error TS2349: This expression is not callable.
  Type 'any[]' has no call signatures.
ai-platform/server/lib/merge-preview.cjs(46,14): error TS1064: The return type of an async function or method must be the global Promise<T> type. Did you mean to write 'Promise<any>'?
ai-platform/server/lib/merge-preview.cjs(118,28): error TS2339: Property 'risk' does not exist on type 'string'.
ai-platform/server/lib/merge-preview.cjs(124,20): error TS2339: Property 'mergeType' does not exist on type 'string'.
ai-platform/server/lib/merge-preview.cjs(127,27): error TS2339: Property 'mergeType' does not exist on type 'string'.
ai-platform/server/lib/merge-preview.cjs(128,28): error TS2339: Property 'similarity' does not exist on type 'string'.
ai-platform/server/lib/merge-preview.cjs(129,64): error TS2339: Property 'similarity' does not exist on type 'string'.
ai-platform/server/lib/merge-preview.cjs(130,27): error TS2339: Property 'mergeType' does not exist on type 'string'.
ai-platform/server/lib/merge-preview.cjs(159,14): error TS1064: The return type of an async function or method must be the global Promise<T> type. Did you mean to write 'Promise<any>'?
ai-platform/server/lib/mock-data-file-scanner.cjs(33,20): error TS2339: Property 'size' does not exist on type 'Dirent<string>'.
ai-platform/server/lib/mock-data-helpers.cjs(82,24): error TS2339: Property 'path' does not exist on type 'string'.
ai-platform/server/lib/mock-data-helpers.cjs(83,25): error TS2339: Property 'path' does not exist on type 'string'.
ai-platform/server/lib/mock-data-helpers.cjs(84,24): error TS2339: Property 'size' does not exist on type 'string'.
ai-platform/server/lib/mock-data-helpers.cjs(85,25): error TS2339: Property 'size' does not exist on type 'string'.
ai-platform/server/lib/mock-data-helpers.cjs(86,34): error TS2339: Property 'name' does not exist on type 'string'.
ai-platform/server/lib/mock-data-helpers.cjs(98,30): error TS2339: Property 'size' does not exist on type 'string'.
ai-platform/server/lib/mock-data-helpers.cjs(101,24): error TS2339: Property 'path' does not exist on type 'string'.
ai-platform/server/lib/mock-data-helpers.cjs(102,23): error TS2339: Property 'path' does not exist on type 'string'.
ai-platform/server/lib/mock-data-helpers.cjs(118,12): error TS2339: Property 'analysis' does not exist on type 'string'.
ai-platform/server/lib/mock-data-helpers.cjs(120,23): error TS2339: Property 'content' does not exist on type 'string'.
ai-platform/server/lib/mock-data-helpers.cjs(135,16): error TS2339: Property 'path' does not exist on type 'string'.
ai-platform/server/lib/mock-data-helpers.cjs(244,24): error TS2339: Property 'path' does not exist on type 'string'.
ai-platform/server/lib/mock-data-helpers.cjs(245,24): error TS2339: Property 'path' does not exist on type 'string'.
ai-platform/server/lib/mock-data-helpers.cjs(246,24): error TS2339: Property 'size' does not exist on type 'string'.
ai-platform/server/lib/mock-data-helpers.cjs(247,24): error TS2339: Property 'size' does not exist on type 'string'.
ai-platform/server/lib/mock-data-scanner.cjs(13,22): error TS2339: Property 'formatBytes' does not exist on type 'typeof import("C:/Users/Trevor/CascadeProjects/packages/simplebeacon-cli/src/scan")'.
ai-platform/server/lib/npm-audit-runner.cjs(330,14): error TS1064: The return type of an async function or method must be the global Promise<T> type. Did you mean to write 'Promise<any>'?
ai-platform/server/lib/operator-deliverable-service.cjs(151,32): error TS2345: Argument of type 'number' is not assignable to parameter of type 'string'.
ai-platform/server/lib/operator-deliverable-service.cjs(318,14): error TS1064: The return type of an async function or method must be the global Promise<T> type. Did you mean to write 'Promise<any>'?
ai-platform/server/lib/operator-deliverable-service.cjs(341,14): error TS1064: The return type of an async function or method must be the global Promise<T> type. Did you mean to write 'Promise<any>'?
ai-platform/server/lib/outreach-mail.cjs(49,14): error TS1064: The return type of an async function or method must be the global Promise<T> type. Did you mean to write 'Promise<any>'?
ai-platform/server/lib/outreach-mail.cjs(71,14): error TS1064: The return type of an async function or method must be the global Promise<T> type. Did you mean to write 'Promise<any>'?
ai-platform/server/lib/outreach-mail.cjs(94,14): error TS1064: The return type of an async function or method must be the global Promise<T> type. Did you mean to write 'Promise<any>'?
ai-platform/server/lib/outreach-mail.cjs(100,9): error TS2339: Property 'code' does not exist on type 'Error'.
ai-platform/server/lib/outreach-mail.cjs(107,9): error TS2339: Property 'code' does not exist on type 'Error'.
ai-platform/server/lib/outreach-mail.cjs(119,14): error TS1064: The return type of an async function or method must be the global Promise<T> type. Did you mean to write 'Promise<any>'?
ai-platform/server/lib/outreach-mail.cjs(143,14): error TS1064: The return type of an async function or method must be the global Promise<T> type. Did you mean to write 'Promise<any>'?
ai-platform/server/lib/outreach-mail.cjs(152,9): error TS2339: Property 'code' does not exist on type 'Error'.
ai-platform/server/lib/outreach-mail.cjs(157,9): error TS2339: Property 'code' does not exist on type 'Error'.
ai-platform/server/lib/outreach-mail.cjs(162,9): error TS2339: Property 'code' does not exist on type 'Error'.
ai-platform/server/lib/outreach-mail.cjs(167,9): error TS2339: Property 'code' does not exist on type 'Error'.
ai-platform/server/lib/outreach-mail.cjs(173,11): error TS2459: Module '"./audit-booking-mail.cjs"' declares 'sendResendMail' locally, but it is not exported.
ai-platform/server/lib/outreach-mail.cjs(185,9): error TS2339: Property 'code' does not exist on type 'Error'.
ai-platform/server/lib/outreach-resend-webhook.cjs(261,14): error TS1064: The return type of an async function or method must be the global Promise<T> type. Did you mean to write 'Promise<any>'?
ai-platform/server/lib/outreach-resend-webhook.cjs(280,14): error TS1064: The return type of an async function or method must be the global Promise<T> type. Did you mean to write 'Promise<any>'?
ai-platform/server/lib/outreach-resend-webhook.cjs(283,43): error TS2554: Expected 1 arguments, but got 2.
ai-platform/server/lib/outreach-resend-webhook.cjs(309,37): error TS2345: Argument of type 'number' is not assignable to parameter of type 'any[]'.
ai-platform/server/lib/outreach-resend-webhook.cjs(318,37): error TS2345: Argument of type 'number' is not assignable to parameter of type 'any[]'.
ai-platform/server/lib/outreach-resend-webhook.cjs(330,37): error TS2345: Argument of type 'number' is not assignable to parameter of type 'any[]'.
ai-platform/server/lib/outreach-route.cjs(17,14): error TS1064: The return type of an async function or method must be the global Promise<T> type. Did you mean to write 'Promise<any>'?
ai-platform/server/lib/outreach-route.cjs(20,14): error TS2339: Property 'json' does not exist on type 'any[]'.
ai-platform/server/lib/outreach-route.cjs(32,14): error TS1064: The return type of an async function or method must be the global Promise<T> type. Did you mean to write 'Promise<any>'?
ai-platform/server/lib/outreach-route.cjs(37,14): error TS2339: Property 'json' does not exist on type 'any[]'.
ai-platform/server/lib/outreach-route.cjs(48,14): error TS1064: The return type of an async function or method must be the global Promise<T> type. Did you mean to write 'Promise<any>'?
ai-platform/server/lib/outreach-route.cjs(54,16): error TS2339: Property 'json' does not exist on type 'any[]'.
ai-platform/server/lib/outreach-route.cjs(57,35): error TS2345: Argument of type 'number' is not assignable to parameter of type 'any[]'.
ai-platform/server/lib/outreach-route.cjs(64,35): error TS2345: Argument of type 'number' is not assignable to parameter of type 'any[]'.
ai-platform/server/lib/outreach-route.cjs(70,33): error TS2345: Argument of type 'number' is not assignable to parameter of type 'any[]'.
ai-platform/server/lib/outreach-route.cjs(83,14): error TS1064: The return type of an async function or method must be the global Promise<T> type. Did you mean to write 'Promise<any>'?
ai-platform/server/lib/outreach-route.cjs(87,16): error TS2339: Property 'json' does not exist on type 'any[]'.
ai-platform/server/lib/outreach-route.cjs(102,16): error TS2339: Property 'json' does not exist on type 'any[]'.
ai-platform/server/lib/outreach-route.cjs(113,35): error TS2345: Argument of type 'number' is not assignable to parameter of type 'any[]'.
ai-platform/server/lib/outreach-route.cjs(120,35): error TS2345: Argument of type 'number' is not assignable to parameter of type 'any[]'.
ai-platform/server/lib/outreach-route.cjs(127,35): error TS2345: Argument of type 'number' is not assignable to parameter of type 'any[]'.
ai-platform/server/lib/outreach-route.cjs(134,35): error TS2345: Argument of type 'number' is not assignable to parameter of type 'any[]'.
ai-platform/server/lib/outreach-route.cjs(141,35): error TS2345: Argument of type 'number' is not assignable to parameter of type 'any[]'.
ai-platform/server/lib/outreach-route.cjs(148,33): error TS2345: Argument of type 'number' is not assignable to parameter of type 'any[]'.
ai-platform/server/lib/outreach-route.cjs(175,30): error TS2345: Argument of type 'number' is not assignable to parameter of type 'any[]'.
ai-platform/server/lib/outreach-route.cjs(185,30): error TS2345: Argument of type 'number' is not assignable to parameter of type 'any[]'.
ai-platform/server/lib/outreach-route.cjs(195,30): error TS2345: Argument of type 'number' is not assignable to parameter of type 'any[]'.
ai-platform/server/lib/outreach-route.cjs(205,30): error TS2345: Argument of type 'number' is not assignable to parameter of type 'any[]'.
ai-platform/server/lib/parsers/zscript-parser.cjs(28,5): error TS2416: Property 'parse' in type 'ZScriptParser' is not assignable to the same property in base type 'LanguageParser'.
  Type '(code: any, context?: {}) => { language: string; filePath: any; ast: { classes: { name: string; parentClass: string; methods: string[]; hasStatesBlock: boolean; properties: string[]; }[]; states: { stateLabels: string[]; labelCount: number; }[]; includes: string[]; gzdoomAPI: { ...; }[]; }; classes: { ...; }[]; stat...' is not assignable to type '(code: any, context?: {}) => { language: any; filePath: any; summary: string; }'.
    Call signature return types '{ language: string; filePath: any; ast: { classes: { name: string; parentClass: string; methods: string[]; hasStatesBlock: boolean; properties: string[]; }[]; states: { stateLabels: string[]; labelCount: number; }[]; includes: string[]; gzdoomAPI: { ...; }[]; }; classes: { ...; }[]; states: { ...; }[]; gzdoomAPI: { ...' and '{ language: any; filePath: any; summary: string; }' are incompatible.
      The types of 'summary' are incompatible between these types.
        Type '{ purpose: string; complexity: string; gzdoomFeatures: any; recommendations: string[]; }' is not assignable to type 'string'.
ai-platform/server/lib/path-safety.cjs(121,17): error TS8024: JSDoc '@param' tag has name 'platformRoot', but there is no parameter with that name.
ai-platform/server/lib/path-safety.cjs(168,17): error TS8024: JSDoc '@param' tag has name 'platformRoot', but there is no parameter with that name.
ai-platform/server/lib/path-safety.cjs(169,20): error TS8024: JSDoc '@param' tag has name 'options', but there is no parameter with that name.
ai-platform/server/lib/plugin-system/builtin-plugins.cjs(25,42): error TS2740: Type '{}' is missing the following properties from type 'any[]': length, pop, push, concat, and 29 more.
ai-platform/server/lib/plugin-system/builtin-plugins.cjs(38,40): error TS2339: Property 'techDebt' does not exist on type 'any[]'.
ai-platform/server/lib/plugin-system/builtin-plugins.cjs(39,37): error TS2339: Property 'debug' does not exist on type 'any[]'.
ai-platform/server/lib/plugin-system/builtin-plugins.cjs(40,44): error TS2339: Property 'placeholders' does not exist on type 'any[]'.
ai-platform/server/lib/plugin-system/builtin-plugins.cjs(41,45): error TS2339: Property 'bestPractices' does not exist on type 'any[]'.
ai-platform/server/lib/plugin-system/builtin-plugins.cjs(42,46): error TS2339: Property 'productionLeak' does not exist on type 'any[]'.
ai-platform/server/lib/plugin-system/builtin-plugins.cjs(44,45): error TS2339: Property 'contentIndicators' does not exist on type 'any[]'.
ai-platform/server/lib/plugin-system/builtin-plugins.cjs(49,51): error TS2345: Argument of type '{ language: any; filePath: any; }' is not assignable to parameter of type 'string'.
ai-platform/server/lib/plugin-system/builtin-plugins.cjs(96,9): error TS2353: Object literal may only specify known properties, and 'debug' does not exist in type 'any[]'.
ai-platform/server/lib/plugin-system/builtin-plugins.cjs(106,9): error TS2353: Object literal may only specify known properties, and 'bestPractices' does not exist in type 'any[]'.
ai-platform/server/lib/plugin-system/builtin-plugins.cjs(112,9): error TS2353: Object literal may only specify known properties, and 'debug' does not exist in type 'any[]'.
ai-platform/server/lib/plugin-system/builtin-plugins.cjs(121,9): error TS2353: Object literal may only specify known properties, and 'debug' does not exist in type 'any[]'.
ai-platform/server/lib/plugin-system/builtin-plugins.cjs(126,55): error TS2345: Argument of type '{ techDebt: any[]; debug: any[]; placeholders: any[]; bestPractices: any[]; productionLeak: { id: string; pattern: RegExp; label: string; }[]; }' is not assignable to parameter of type 'any[]'.
  Type '{ techDebt: any[]; debug: any[]; placeholders: any[]; bestPractices: any[]; productionLeak: { id: string; pattern: RegExp; label: string; }[]; }' is missing the following properties from type 'any[]': length, pop, push, concat, and 29 more.
ai-platform/server/lib/plugin-system/builtin-plugins.cjs(127,53): error TS2345: Argument of type '{ techDebt: any[]; debug: any[]; placeholders: any[]; bestPractices: any[]; productionLeak: { id: string; pattern: RegExp; label: string; }[]; }' is not assignable to parameter of type 'any[]'.
  Type '{ techDebt: any[]; debug: any[]; placeholders: any[]; bestPractices: any[]; productionLeak: { id: string; pattern: RegExp; label: string; }[]; }' is missing the following properties from type 'any[]': length, pop, push, concat, and 29 more.
ai-platform/server/lib/plugin-system/builtin-plugins.cjs(128,51): error TS2345: Argument of type '{ techDebt: any[]; debug: any[]; placeholders: any[]; bestPractices: { id: string; pattern: RegExp; label: string; }[]; productionLeak: { id: string; pattern: RegExp; label: string; }[]; }' is not assignable to parameter of type 'any[]'.
  Type '{ techDebt: any[]; debug: any[]; placeholders: any[]; bestPractices: { id: string; pattern: RegExp; label: string; }[]; productionLeak: { id: string; pattern: RegExp; label: string; }[]; }' is missing the following properties from type 'any[]': length, pop, push, concat, and 29 more.
ai-platform/server/lib/plugin-system/builtin-plugins.cjs(129,52): error TS2345: Argument of type '{ techDebt: any[]; debug: { id: string; pattern: RegExp; label: string; }[]; placeholders: any[]; bestPractices: { id: string; pattern: RegExp; label: string; }[]; productionLeak: { id: string; pattern: RegExp; label: string; }[]; }' is not assignable to parameter of type 'any[]'.
  Type '{ techDebt: any[]; debug: { id: string; pattern: RegExp; label: string; }[]; placeholders: any[]; bestPractices: { id: string; pattern: RegExp; label: string; }[]; productionLeak: { id: string; pattern: RegExp; label: string; }[]; }' is missing the following properties from type 'any[]': length, pop, push, concat, and 29 more.
ai-platform/server/lib/plugin-system/generic-structure-hints.cjs(47,48): error TS2322: Type '{}' is not assignable to type 'string'.
ai-platform/server/lib/plugin-system/generic-structure-hints.cjs(59,27): error TS2339: Property 'language' does not exist on type 'string'.
ai-platform/server/lib/plugin-system/generic-structure-hints.cjs(60,27): error TS2339: Property 'filePath' does not exist on type 'string'.
ai-platform/server/lib/plugin-system/index.cjs(245,13): error TS2322: Type '{}' is not assignable to type '{ [x: string]: boolean; }'.
  Index signature for type 'string' is missing in type '{}'.
ai-platform/server/lib/plugin-system/register-generic-fallback-plugins.cjs(45,47): error TS2345: Argument of type '{ language: any; filePath: any; }' is not assignable to parameter of type 'string'.
ai-platform/server/lib/plugin-system/register-generic-fallback-plugins.cjs(70,47): error TS2345: Argument of type '{ language: string; filePath: any; }' is not assignable to parameter of type 'string'.
ai-platform/server/lib/redis-cache.cjs(23,14): error TS1064: The return type of an async function or method must be the global Promise<T> type. Did you mean to write 'Promise<any>'?
ai-platform/server/lib/redis-cache.cjs(61,14): error TS1064: The return type of an async function or method must be the global Promise<T> type. Did you mean to write 'Promise<any>'?
ai-platform/server/lib/redis-cache.cjs(66,33): error TS2339: Property 'get' does not exist on type 'any[]'.
ai-platform/server/lib/redis-cache.cjs(80,14): error TS1064: The return type of an async function or method must be the global Promise<T> type. Did you mean to write 'Promise<any>'?
ai-platform/server/lib/redis-cache.cjs(85,21): error TS2339: Property 'set' does not exist on type 'any[]'.
ai-platform/server/lib/redis-cache.cjs(100,14): error TS1064: The return type of an async function or method must be the global Promise<T> type. Did you mean to write 'Promise<any>'?
ai-platform/server/lib/redis-cache.cjs(105,21): error TS2339: Property 'del' does not exist on type 'any[]'.
ai-platform/server/lib/redis-cache.cjs(115,14): error TS1064: The return type of an async function or method must be the global Promise<T> type. Did you mean to write 'Promise<any>'?
ai-platform/server/lib/redis-cache.cjs(121,39): error TS2554: Expected 0 arguments, but got 1.
ai-platform/server/lib/redis-cache.cjs(122,18): error TS2339: Property 'length' does not exist on type 'ArrayIterator<number>'.
ai-platform/server/lib/redis-cache.cjs(123,25): error TS2339: Property 'del' does not exist on type 'any[]'.
ai-platform/server/lib/redis-cache.cjs(125,21): error TS2339: Property 'length' does not exist on type 'ArrayIterator<number>'.
ai-platform/server/lib/redis-cache.cjs(135,14): error TS1064: The return type of an async function or method must be the global Promise<T> type. Did you mean to write 'Promise<any>'?
ai-platform/server/lib/redis-cache.cjs(142,34): error TS2339: Property 'ping' does not exist on type 'any[]'.
ai-platform/server/lib/redis-cache.cjs(159,14): error TS1064: The return type of an async function or method must be the global Promise<T> type. Did you mean to write 'Promise<any>'?
ai-platform/server/lib/redis-cache.cjs(164,21): error TS2339: Property 'quit' does not exist on type 'any[]'.
ai-platform/server/lib/removable-files-scanner.cjs(98,7): error TS2367: This comparison appears to be unintentional because the types 'any[]' and 'number' have no overlap.
ai-platform/server/lib/removable-files-scanner.cjs(100,34): error TS2345: Argument of type 'any[]' is not assignable to parameter of type 'number'.
ai-platform/server/lib/removable-files-scanner.cjs(101,14): error TS2362: The left-hand side of an arithmetic operation must be of type 'any', 'number', 'bigint' or an enum type.
ai-platform/server/lib/removable-files-scanner.cjs(110,14): error TS1064: The return type of an async function or method must be the global Promise<T> type. Did you mean to write 'Promise<any>'?
ai-platform/server/lib/removable-files-scanner.cjs(145,17): error TS2339: Property 'categories' does not exist on type 'any[]'.
ai-platform/server/lib/removable-files-scanner.cjs(150,34): error TS2345: Argument of type 'number' is not assignable to parameter of type 'any[]'.
ai-platform/server/lib/removable-files-scanner.cjs(157,17): error TS2339: Property 'totalRemovable' does not exist on type 'any[]'.
ai-platform/server/lib/removable-files-scanner.cjs(158,17): error TS2339: Property 'totalFiles' does not exist on type 'any[]'.
ai-platform/server/lib/removable-files-scanner.cjs(165,17): error TS2339: Property 'categories' does not exist on type 'any[]'.
ai-platform/server/lib/removable-files-scanner.cjs(170,34): error TS2345: Argument of type 'number' is not assignable to parameter of type 'any[]'.
ai-platform/server/lib/removable-files-scanner.cjs(176,17): error TS2339: Property 'totalRemovable' does not exist on type 'any[]'.
ai-platform/server/lib/removable-files-scanner.cjs(177,17): error TS2339: Property 'totalFiles' does not exist on type 'any[]'.
ai-platform/server/lib/removable-files-scanner.cjs(272,14): error TS1064: The return type of an async function or method must be the global Promise<T> type. Did you mean to write 'Promise<any>'?
ai-platform/server/lib/removable-files-scanner.cjs(289,45): error TS2345: Argument of type '{ type: string; reportVersion: number; title: string; generatedAt: string; projectRoot: string; totalFiles: number; totalRemovable: number; totalRemovableFormatted: string; categories: any[]; summary: string; }' is not assignable to parameter of type 'any[]'.
  Type '{ type: string; reportVersion: number; title: string; generatedAt: string; projectRoot: string; totalFiles: number; totalRemovable: number; totalRemovableFormatted: string; categories: any[]; summary: string; }' is missing the following properties from type 'any[]': length, pop, push, concat, and 29 more.
ai-platform/server/lib/removable-files-scanner.cjs(317,49): error TS2345: Argument of type 'number' is not assignable to parameter of type 'any[]'.
ai-platform/server/lib/repository-health-payload.cjs(75,27): error TS2339: Property 'type' does not exist on type 'number'.
ai-platform/server/lib/repository-health-payload.cjs(77,28): error TS2339: Property 'summary' does not exist on type 'number'.
ai-platform/server/lib/repository-health-payload.cjs(79,69): error TS2339: Property 'recommendations' does not exist on type 'number'.
ai-platform/server/lib/repository-health-payload.cjs(91,40): error TS2339: Property 'projectRoot' does not exist on type 'number'.
ai-platform/server/lib/repository-health-payload.cjs(92,30): error TS2339: Property 'platformRoot' does not exist on type 'number'.
ai-platform/server/lib/repository-health-payload.cjs(92,63): error TS2339: Property 'platformRoot' does not exist on type 'number'.
ai-platform/server/lib/repository-health-payload.cjs(93,29): error TS2339: Property 'generatedAt' does not exist on type 'number'.
ai-platform/server/lib/repository-health-payload.cjs(94,31): error TS2339: Property 'reportVersion' does not exist on type 'number'.
ai-platform/server/lib/repository-health-payload.cjs(102,70): error TS2339: Property 'repositoryInventory' does not exist on type 'number'.
ai-platform/server/lib/repository-health-payload.cjs(103,74): error TS2339: Property 'repositoryInventory' does not exist on type 'number'.
ai-platform/server/lib/repository-health-payload.cjs(108,27): error TS2339: Property 'scanScope' does not exist on type 'number'.
ai-platform/server/lib/repository-health-payload.cjs(110,27): error TS2339: Property 'scanScope' does not exist on type 'number'.
ai-platform/server/lib/roadmap-analysis.cjs(146,20): error TS8024: JSDoc '@param' tag has name 'envPath', but there is no parameter with that name.
ai-platform/server/lib/roadmap-filesystem.cjs(37,25): error TS2554: Expected 1 arguments, but got 0.
ai-platform/server/lib/roadmap-sprint-model.cjs(279,5): error TS2322: Type '{}' is not assignable to type '{ [x: string]: number; }'.
  Index signature for type 'string' is missing in type '{}'.
ai-platform/server/lib/roadmap-sprint-model.cjs(295,5): error TS2322: Type '{}' is not assignable to type '{ [x: string]: number; }'.
  Index signature for type 'string' is missing in type '{}'.
ai-platform/server/lib/safe-merge-guard.cjs(57,14): error TS1064: The return type of an async function or method must be the global Promise<T> type. Did you mean to write 'Promise<any>'?
ai-platform/server/lib/safe-merge-guard.cjs(69,14): error TS1064: The return type of an async function or method must be the global Promise<T> type. Did you mean to write 'Promise<any>'?
ai-platform/server/lib/safe-merge-guard.cjs(83,14): error TS1064: The return type of an async function or method must be the global Promise<T> type. Did you mean to write 'Promise<any>'?
ai-platform/server/lib/safe-merge-guard.cjs(95,14): error TS1064: The return type of an async function or method must be the global Promise<T> type. Did you mean to write 'Promise<any>'?
ai-platform/server/lib/safe-merge-guard.cjs(168,14): error TS1064: The return type of an async function or method must be the global Promise<T> type. Did you mean to write 'Promise<any>'?
ai-platform/server/lib/scan-report-patch.cjs(14,31): error TS2339: Property 'compliance' does not exist on type 'number'.
ai-platform/server/lib/scan-report-patch.cjs(15,30): error TS2339: Property 'euAiActSummary' does not exist on type 'number'.
ai-platform/server/lib/scan-report-patch.cjs(16,33): error TS2339: Property 'qualityScore' does not exist on type 'number'.
ai-platform/server/lib/scan-report-patch.cjs(17,28): error TS2339: Property 'summary' does not exist on type 'number'.
ai-platform/server/lib/scan-report-patch.cjs(18,28): error TS2339: Property 'results' does not exist on type 'number'.
ai-platform/server/lib/scan-report-patch.cjs(19,33): error TS2339: Property 'simplebeacon' does not exist on type 'number'.
ai-platform/server/lib/scan-report-patch.cjs(20,29): error TS2339: Property 'codebase' does not exist on type 'number'.
ai-platform/server/lib/scan-report-patch.cjs(21,29): error TS2339: Property 'npmAudit' does not exist on type 'number'.
ai-platform/server/lib/scan-report-patch.cjs(22,34): error TS2339: Property 'consolidation' does not exist on type 'number'.
ai-platform/server/lib/scan-report-patch.cjs(23,29): error TS2339: Property 'mockScan' does not exist on type 'number'.
ai-platform/server/lib/scan-report-patch.cjs(24,34): error TS2339: Property 'fileReduction' does not exist on type 'number'.
ai-platform/server/lib/scan-report-patch.cjs(25,32): error TS2339: Property 'dataQuality' does not exist on type 'number'.
ai-platform/server/lib/scan-report-patch.cjs(26,37): error TS2339: Property 'cleanupAssistant' does not exist on type 'number'.
ai-platform/server/lib/scan-report-patch.cjs(176,19): error TS2698: Spread types may only be created from object types.
ai-platform/server/lib/scan-report-patch.cjs(179,21): error TS18047: 'report' is possibly 'null'.
ai-platform/server/lib/secret-config.cjs(55,28): error TS2339: Property '_warned' does not exist on type '(name: string, options?: { minLength?: number; }) => string'.
ai-platform/server/lib/secret-config.cjs(55,51): error TS2339: Property '_warned' does not exist on type '(name: string, options?: { minLength?: number; }) => string'.
ai-platform/server/lib/secret-config.cjs(56,28): error TS2339: Property '_warned' does not exist on type '(name: string, options?: { minLength?: number; }) => string'.
ai-platform/server/lib/secret-config.cjs(61,27): error TS2339: Property '_warned' does not exist on type '(name: string, options?: { minLength?: number; }) => string'.
ai-platform/server/lib/secret-config.cjs(63,28): error TS2339: Property '_cache' does not exist on type '(name: string, options?: { minLength?: number; }) => string'.
ai-platform/server/lib/secret-config.cjs(63,50): error TS2339: Property '_cache' does not exist on type '(name: string, options?: { minLength?: number; }) => string'.
ai-platform/server/lib/secret-config.cjs(64,28): error TS2339: Property '_cache' does not exist on type '(name: string, options?: { minLength?: number; }) => string'.
ai-platform/server/lib/secret-config.cjs(65,27): error TS2339: Property '_cache' does not exist on type '(name: string, options?: { minLength?: number; }) => string'.
ai-platform/server/lib/secret-config.cjs(67,30): error TS2339: Property '_cache' does not exist on type '(name: string, options?: { minLength?: number; }) => string'.
ai-platform/server/lib/security-dashboard-builder.cjs(126,14): error TS1064: The return type of an async function or method must be the global Promise<T> type. Did you mean to write 'Promise<any>'?
ai-platform/server/lib/server-startup.cjs(32,13): error TS2339: Property 'code' does not exist on type 'Error'.
ai-platform/server/lib/simplebeacon-proxy.cjs(36,3): error TS2339: Property 'collectIssues' does not exist on type 'typeof import("C:/Users/Trevor/CascadeProjects/packages/simplebeacon-cli/src/index")'.
ai-platform/server/lib/simplebeacon-proxy.cjs(37,3): error TS2339: Property 'resolveSeverityCounts' does not exist on type 'typeof import("C:/Users/Trevor/CascadeProjects/packages/simplebeacon-cli/src/index")'.
ai-platform/server/lib/simplebeacon-proxy.cjs(38,3): error TS2339: Property 'buildDetailedFindings' does not exist on type 'typeof import("C:/Users/Trevor/CascadeProjects/packages/simplebeacon-cli/src/index")'.
ai-platform/server/lib/simplebeacon-proxy.cjs(39,3): error TS2339: Property 'buildComplianceTable' does not exist on type 'typeof import("C:/Users/Trevor/CascadeProjects/packages/simplebeacon-cli/src/index")'.
ai-platform/server/lib/simplebeacon-proxy.cjs(40,3): error TS2339: Property 'buildHowToFixSection' does not exist on type 'typeof import("C:/Users/Trevor/CascadeProjects/packages/simplebeacon-cli/src/index")'.
ai-platform/server/lib/simplebeacon-proxy.cjs(41,3): error TS2339: Property 'buildPersonalizedActionPlan' does not exist on type 'typeof import("C:/Users/Trevor/CascadeProjects/packages/simplebeacon-cli/src/index")'.
ai-platform/server/lib/simplebeacon-proxy.cjs(42,3): error TS2339: Property 'formatRule' does not exist on type 'typeof import("C:/Users/Trevor/CascadeProjects/packages/simplebeacon-cli/src/index")'.
ai-platform/server/lib/simplebeacon-proxy.cjs(43,3): error TS2339: Property 'defaultRemediation' does not exist on type 'typeof import("C:/Users/Trevor/CascadeProjects/packages/simplebeacon-cli/src/index")'.
ai-platform/server/lib/snapshot-resolver.cjs(35,14): error TS1064: The return type of an async function or method must be the global Promise<T> type. Did you mean to write 'Promise<any>'?
ai-platform/server/lib/snapshot-resolver.cjs(66,14): error TS1064: The return type of an async function or method must be the global Promise<T> type. Did you mean to write 'Promise<any>'?
ai-platform/server/lib/snapshot-resolver.cjs(70,9): error TS2339: Property 'json' does not exist on type 'any[]'.
ai-platform/server/lib/sso-service.cjs(25,9): error TS2305: Module '"./token-service.cjs"' has no exported member 'issueAccessToken'.
ai-platform/server/lib/strategic-insights-engine.cjs(73,17): error TS2339: Property 'totalFiles' does not exist on type 'any[]'.
ai-platform/server/lib/strategic-insights-engine.cjs(73,47): error TS2339: Property 'totalFiles' does not exist on type 'any[]'.
ai-platform/server/lib/strategic-insights-engine.cjs(74,17): error TS2339: Property 'totalFiles' does not exist on type 'any[]'.
ai-platform/server/lib/strategic-insights-engine.cjs(74,47): error TS2339: Property 'totalFiles' does not exist on type 'any[]'.
ai-platform/server/lib/strategic-insights-engine.cjs(84,25): error TS2339: Property 'testCoverage' does not exist on type 'any[]'.
ai-platform/server/lib/strategic-insights-engine.cjs(84,49): error TS2339: Property 'lineCoverage' does not exist on type 'any[]'.
ai-platform/server/lib/strategic-insights-engine.cjs(86,17): error TS2339: Property 'phaseCount' does not exist on type 'any[]'.
ai-platform/server/lib/strategic-insights-engine.cjs(98,32): error TS2339: Property 'completionRate' does not exist on type 'any[]'.
ai-platform/server/lib/strategic-insights-engine.cjs(98,58): error TS2339: Property 'featureCompleteness' does not exist on type 'any[]'.
ai-platform/server/lib/strategic-insights-engine.cjs(99,30): error TS2339: Property 'testCoverage' does not exist on type 'any[]'.
ai-platform/server/lib/strategic-insights-engine.cjs(99,54): error TS2339: Property 'lineCoverage' does not exist on type 'any[]'.
ai-platform/server/lib/strategic-insights-engine.cjs(102,17): error TS2339: Property 'totalFiles' does not exist on type 'any[]'.
ai-platform/server/lib/strategic-insights-engine.cjs(102,47): error TS2339: Property 'totalFiles' does not exist on type 'any[]'.
ai-platform/server/lib/strategic-insights-engine.cjs(106,37): error TS2339: Property 'totalFiles' does not exist on type 'any[]'.
ai-platform/server/lib/strategic-insights-engine.cjs(120,18): error TS2339: Property 'immediateActions' does not exist on type 'any[]'.
ai-platform/server/lib/strategic-insights-engine.cjs(124,37): error TS2339: Property 'immediateActions' does not exist on type 'any[]'.
ai-platform/server/lib/strategic-insights-engine.cjs(137,34): error TS2339: Property 'immediateActions' does not exist on type 'any[]'.
ai-platform/server/lib/strategic-insights-engine.cjs(147,35): error TS2339: Property 'shortTermActions' does not exist on type 'any[]'.
ai-platform/server/lib/strategic-insights-engine.cjs(158,32): error TS2339: Property 'totalFiles' does not exist on type 'any[]'.
ai-platform/server/lib/strategic-insights-engine.cjs(158,61): error TS2339: Property 'totalFiles' does not exist on type 'any[]'.
ai-platform/server/lib/strategic-insights-engine.cjs(159,30): error TS2339: Property 'apiRoutes' does not exist on type 'any[]'.
ai-platform/server/lib/strategic-insights-engine.cjs(159,65): error TS2339: Property 'apiRoutes' does not exist on type 'any[]'.
ai-platform/server/lib/strategic-insights-engine.cjs(164,43): error TS2339: Property 'projectName' does not exist on type 'any[]'.
ai-platform/server/lib/strategic-insights-engine.cjs(166,75): error TS2339: Property 'phaseCount' does not exist on type 'any[]'.
ai-platform/server/lib/strategic-insights-engine.cjs(167,52): error TS2339: Property 'phaseCount' does not exist on type 'any[]'.
ai-platform/server/lib/strategic-insights-engine.cjs(177,17): error TS2339: Property 'apiRoutes' does not exist on type 'any[]'.
ai-platform/server/lib/strategic-insights-engine.cjs(178,26): error TS2339: Property 'apiRoutes' does not exist on type 'any[]'.
ai-platform/server/lib/strategic-insights-engine.cjs(216,43): error TS2339: Property 'totalFiles' does not exist on type 'any[]'.
ai-platform/server/lib/strategic-insights-engine.cjs(217,40): error TS2339: Property 'codeFiles' does not exist on type 'any[]'.
ai-platform/server/lib/strategic-insights-engine.cjs(218,36): error TS2339: Property 'apiRoutes' does not exist on type 'any[]'.
ai-platform/server/lib/strategic-insights-engine.cjs(219,35): error TS2339: Property 'testCoverage' does not exist on type 'any[]'.
ai-platform/server/lib/strategic-insights-engine.cjs(219,59): error TS2339: Property 'lineCoverage' does not exist on type 'any[]'.
ai-platform/server/lib/strategic-insights-engine.cjs(220,37): error TS2339: Property 'completionRate' does not exist on type 'any[]'.
ai-platform/server/lib/strategic-insights-engine.cjs(221,33): error TS2339: Property 'phaseCount' does not exist on type 'any[]'.
ai-platform/server/lib/strategic-insights-engine.cjs(222,36): error TS2339: Property 'projectHealth' does not exist on type 'any[]'.
ai-platform/server/lib/strategic-insights-engine.cjs(225,34): error TS2339: Property 'projectName' does not exist on type 'any[]'.
ai-platform/server/lib/strategic-insights-engine.cjs(226,39): error TS2339: Property 'immediateActions' does not exist on type 'any[]'.
ai-platform/server/lib/strategic-insights-engine.cjs(227,39): error TS2339: Property 'shortTermActions' does not exist on type 'any[]'.
ai-platform/server/lib/strategic-insights-engine.cjs(228,33): error TS2339: Property 'dataSource' does not exist on type 'any[]'.
ai-platform/server/lib/strategic-insights-engine.cjs(230,34): error TS2339: Property 'immediateActions' does not exist on type 'any[]'.
ai-platform/server/lib/strategic-insights-engine.cjs(249,18): error TS2339: Property 'apiRoutes' does not exist on type 'any[]'.
ai-platform/server/lib/strategic-insights-engine.cjs(249,56): error TS2339: Property 'apiRoutes' does not exist on type 'any[]'.
ai-platform/server/lib/strategic-insights-engine.cjs(250,69): error TS2339: Property 'apiRoutes' does not exist on type 'any[]'.
ai-platform/server/lib/strategic-insights-engine.cjs(315,14): error TS1064: The return type of an async function or method must be the global Promise<T> type. Did you mean to write 'Promise<any>'?
ai-platform/server/lib/token-service.cjs(78,15): error TS2305: Module '"./database-adapter.cjs"' has no exported member 'query'.
ai-platform/server/lib/token-service.cjs(78,33): error TS2497: This module can only be referenced with ECMAScript imports/exports by turning on the 'esModuleInterop' flag and referencing its default export.
ai-platform/server/lib/token-service.cjs(117,15): error TS2300: Duplicate identifier 'query'.
ai-platform/server/lib/token-service.cjs(117,15): error TS2305: Module '"./database-adapter.cjs"' has no exported member 'query'.
ai-platform/server/lib/token-service.cjs(117,33): error TS2497: This module can only be referenced with ECMAScript imports/exports by turning on the 'esModuleInterop' flag and referencing its default export.
ai-platform/server/lib/token-service.cjs(157,15): error TS2300: Duplicate identifier 'query'.
ai-platform/server/lib/token-service.cjs(157,15): error TS2305: Module '"./database-adapter.cjs"' has no exported member 'query'.
ai-platform/server/lib/token-service.cjs(157,33): error TS2497: This module can only be referenced with ECMAScript imports/exports by turning on the 'esModuleInterop' flag and referencing its default export.
ai-platform/server/lib/token-service.cjs(200,15): error TS2305: Module '"./database-adapter.cjs"' has no exported member 'query'.
ai-platform/server/lib/token-service.cjs(200,33): error TS2497: This module can only be referenced with ECMAScript imports/exports by turning on the 'esModuleInterop' flag and referencing its default export.
ai-platform/server/lib/token-service.cjs(227,15): error TS2305: Module '"./database-adapter.cjs"' has no exported member 'query'.
ai-platform/server/lib/token-service.cjs(227,33): error TS2497: This module can only be referenced with ECMAScript imports/exports by turning on the 'esModuleInterop' flag and referencing its default export.
ai-platform/server/lib/token-service.cjs(264,15): error TS2305: Module '"./database-adapter.cjs"' has no exported member 'query'.
ai-platform/server/lib/token-service.cjs(264,33): error TS2497: This module can only be referenced with ECMAScript imports/exports by turning on the 'esModuleInterop' flag and referencing its default export.
ai-platform/server/lib/token-service.cjs(290,15): error TS2305: Module '"./database-adapter.cjs"' has no exported member 'query'.
ai-platform/server/lib/token-service.cjs(290,33): error TS2497: This module can only be referenced with ECMAScript imports/exports by turning on the 'esModuleInterop' flag and referencing its default export.
ai-platform/server/lib/trust-verification-payload.cjs(45,27): error TS2339: Property 'type' does not exist on type 'number'.
ai-platform/server/lib/trust-verification-payload.cjs(47,29): error TS2339: Property 'gate' does not exist on type 'number'.
ai-platform/server/lib/trust-verification-payload.cjs(48,31): error TS2339: Property 'issueCount' does not exist on type 'number'.
ai-platform/server/lib/trust-verification-payload.cjs(49,20): error TS2339: Property 'rawIssues' does not exist on type 'number'.
ai-platform/server/lib/trust-verification-payload.cjs(49,40): error TS2339: Property 'detectedIssues' does not exist on type 'number'.
ai-platform/server/lib/trust-verification-payload.cjs(56,40): error TS2339: Property 'projectRoot' does not exist on type 'number'.
ai-platform/server/lib/trust-verification-payload.cjs(57,30): error TS2339: Property 'platformRoot' does not exist on type 'number'.
ai-platform/server/lib/trust-verification-payload.cjs(57,63): error TS2339: Property 'platformRoot' does not exist on type 'number'.
ai-platform/server/lib/trust-verification-payload.cjs(58,29): error TS2339: Property 'generatedAt' does not exist on type 'number'.
ai-platform/server/lib/trust-verification-payload.cjs(59,31): error TS2339: Property 'reportVersion' does not exist on type 'number'.
ai-platform/server/lib/trust-verification-payload.cjs(61,30): error TS2339: Property 'qualityScore' does not exist on type 'number'.
ai-platform/server/lib/trust-verification-payload.cjs(62,34): error TS2339: Property 'schemaCompliance' does not exist on type 'number'.
ai-platform/server/lib/trust-verification-payload.cjs(63,31): error TS2339: Property 'schemaChecked' does not exist on type 'number'.
ai-platform/server/lib/trust-verification-payload.cjs(63,55): error TS2339: Property 'pageSampleSchemaChecked' does not exist on type 'number'.
ai-platform/server/lib/trust-verification-payload.cjs(64,30): error TS2339: Property 'schemaPassed' does not exist on type 'number'.
ai-platform/server/lib/trust-verification-payload.cjs(64,53): error TS2339: Property 'pageSampleSchemaPassed' does not exist on type 'number'.
ai-platform/server/lib/trust-verification-payload.cjs(65,34): error TS2339: Property 'consistencyScore' does not exist on type 'number'.
ai-platform/server/lib/trust-verification-payload.cjs(66,36): error TS2339: Property 'consistencyChecked' does not exist on type 'number'.
ai-platform/server/lib/trust-verification-payload.cjs(67,35): error TS2339: Property 'consistencyPassed' does not exist on type 'number'.
ai-platform/server/lib/trust-verification-payload.cjs(69,32): error TS2339: Property 'severityCounts' does not exist on type 'number'.
ai-platform/server/lib/trust-verification-payload.cjs(70,38): error TS2339: Property 'repositoryFilesTotal' does not exist on type 'number'.
ai-platform/server/lib/trust-verification-payload.cjs(70,69): error TS2339: Property 'repositoryInventory' does not exist on type 'number'.
ai-platform/server/lib/trust-verification-payload.cjs(71,41): error TS2339: Property 'ruleScopedFilesAnalyzed' does not exist on type 'number'.
ai-platform/server/lib/trust-verification-payload.cjs(71,75): error TS2339: Property 'filesAnalyzed' does not exist on type 'number'.
ai-platform/server/lib/trust-verification-payload.cjs(72,33): error TS2339: Property 'mockSampleFiles' does not exist on type 'number'.
ai-platform/server/lib/trust-verification-payload.cjs(72,59): error TS2339: Property 'totalFiles' does not exist on type 'number'.
ai-platform/server/lib/trust-verification-payload.cjs(73,41): error TS2339: Property 'fictionJsonFilesScanned' does not exist on type 'number'.
ai-platform/server/lib/trust-verification-payload.cjs(73,75): error TS2339: Property 'scanScope' does not exist on type 'number'.
ai-platform/server/lib/trust-verification-payload.cjs(74,43): error TS2339: Property 'fictionSampleFilesScanned' does not exist on type 'number'.
ai-platform/server/lib/trust-verification-payload.cjs(74,79): error TS2339: Property 'scanScope' does not exist on type 'number'.
ai-platform/server/lib/trust-verification-payload.cjs(75,30): error TS2339: Property 'fictionScope' does not exist on type 'number'.
ai-platform/server/lib/trust-verification-payload.cjs(75,53): error TS2339: Property 'scanScope' does not exist on type 'number'.
ai-platform/server/lib/trust-verification-payload.cjs(76,30): error TS2339: Property 'scanScope' does not exist on type 'number'.
ai-platform/server/lib/trust-verification-payload.cjs(77,25): error TS2339: Property 'scanScope' does not exist on type 'number'.
ai-platform/server/lib/trust-verification-payload.cjs(77,54): error TS2339: Property 'configPath' does not exist on type 'number'.
ai-platform/server/lib/trust-verification-payload.cjs(78,27): error TS2339: Property 'scanScope' does not exist on type 'number'.
ai-platform/server/lib/trust-verification-payload.cjs(96,23): error TS2339: Property 'gatePass' does not exist on type 'number'.
ai-platform/server/lib/trust-verification-payload.cjs(98,49): error TS2339: Property 'issueCount' does not exist on type 'number'.
ai-platform/server/lib/trust-verification-payload.cjs(211,36): error TS2339: Property 'platformRoot' does not exist on type 'number'.
ai-platform/server/lib/trust-verification-payload.cjs(211,66): error TS2339: Property 'projectRoot' does not exist on type 'number'.
ai-platform/server/lib/trust-verification-payload.cjs(219,55): error TS2339: Property 'fictionJsonFilesScanned' does not exist on type 'number'.
ai-platform/server/lib/trust-verification-payload.cjs(220,57): error TS2339: Property 'fictionSampleFilesScanned' does not exist on type 'number'.
ai-platform/server/lib/trust-verification-payload.cjs(220,99): error TS2339: Property 'mockSampleFiles' does not exist on type 'number'.
ai-platform/server/lib/trust-verification-payload.cjs(221,44): error TS2339: Property 'fictionScope' does not exist on type 'number'.
ai-platform/server/lib/universal-language-registry.cjs(82,45): error TS2345: Argument of type '{ javascript: { id: string; label: string; family: string; priority: number; parser: string; extensions: string[]; }; typescript: { id: string; label: string; family: string; priority: number; parser: string; extensions: string[]; }; ... 55 more ...; video: { ...; }; }' is not assignable to parameter of type 'string'.
ai-platform/server/lib/universal-language-registry.cjs(83,43): error TS2345: Argument of type '{ javascript: { id: string; label: string; family: string; priority: number; parser: string; extensions: string[]; }; typescript: { id: string; label: string; family: string; priority: number; parser: string; extensions: string[]; }; ... 55 more ...; video: { ...; }; }' is not assignable to parameter of type 'string'.
ai-platform/server/lib/universal-language-registry.cjs(93,33): error TS2339: Property 'extensions' does not exist on type 'string'.
ai-platform/server/lib/universal-language-registry.cjs(113,34): error TS2339: Property 'basenames' does not exist on type 'string'.
ai-platform/server/lib/user-ai-keys-store.cjs(100,14): error TS1064: The return type of an async function or method must be the global Promise<T> type. Did you mean to write 'Promise<any>'?
ai-platform/server/lib/user-ai-keys-store.cjs(115,14): error TS1064: The return type of an async function or method must be the global Promise<T> type. Did you mean to write 'Promise<any>'?
ai-platform/server/lib/user-ai-keys-store.cjs(139,14): error TS1064: The return type of an async function or method must be the global Promise<T> type. Did you mean to write 'Promise<any>'?
ai-platform/server/lib/user-ai-keys-store.cjs(151,14): error TS1064: The return type of an async function or method must be the global Promise<T> type. Did you mean to write 'Promise<any>'?
ai-platform/server/lib/user-ai-keys-store.cjs(172,14): error TS1064: The return type of an async function or method must be the global Promise<T> type. Did you mean to write 'Promise<any>'?
ai-platform/server/lib/user-ai-keys-store.cjs(197,14): error TS1064: The return type of an async function or method must be the global Promise<T> type. Did you mean to write 'Promise<any>'?
ai-platform/server/lib/user-ai-keys-store.cjs(238,14): error TS1064: The return type of an async function or method must be the global Promise<T> type. Did you mean to write 'Promise<any>'?
ai-platform/server/lib/website-scanner.cjs(167,9): error TS2353: Object literal may only specify known properties, and 'contentSize' does not exist in type '{ url: string; findings: any[]; severityCounts: any; scanTimeMs: number; }'.
ai-platform/server/middleware/audit.cjs(111,33): error TS2307: Cannot find module './transports/siem-transport' or its corresponding type declarations.
ai-platform/server/middleware/audit.cjs(169,14): error TS1064: The return type of an async function or method must be the global Promise<T> type. Did you mean to write 'Promise<any>'?
ai-platform/server/middleware/audit.cjs(201,14): error TS1064: The return type of an async function or method must be the global Promise<T> type. Did you mean to write 'Promise<any>'?
ai-platform/server/middleware/audit.cjs(227,14): error TS1064: The return type of an async function or method must be the global Promise<T> type. Did you mean to write 'Promise<any>'?
ai-platform/server/middleware/audit.cjs(297,33): error TS2349: This expression is not callable.
  Type 'String' has no call signatures.
ai-platform/server/middleware/audit.cjs(316,9): error TS2349: This expression is not callable.
  Type 'String' has no call signatures.
ai-platform/server/middleware/audit.cjs(337,58): error TS2345: Argument of type '(req: any, phase: any) => string' is not assignable to parameter of type 'string'.
ai-platform/server/middleware/audit.cjs(341,73): error TS2345: Argument of type '(req: any, phase: any) => string' is not assignable to parameter of type 'string'.
ai-platform/server/middleware/audit.cjs(346,71): error TS2345: Argument of type '(req: any, phase: any) => string' is not assignable to parameter of type 'string'.
ai-platform/server/middleware/audit.cjs(351,66): error TS2345: Argument of type '(req: any, phase: any) => string' is not assignable to parameter of type 'string'.
ai-platform/server/middleware/audit.cjs(463,38): error TS2740: Type '{}' is missing the following properties from type 'any[]': length, pop, push, concat, and 29 more.
ai-platform/server/middleware/audit.cjs(475,14): error TS1064: The return type of an async function or method must be the global Promise<T> type. Did you mean to write 'Promise<any>'?
ai-platform/server/middleware/audit.cjs(495,5): error TS2353: Object literal may only specify known properties, and 'nodeVersion' does not exist in type 'any[]'.
ai-platform/server/middleware/audit.cjs(505,14): error TS1064: The return type of an async function or method must be the global Promise<T> type. Did you mean to write 'Promise<any>'?
ai-platform/server/middleware/audit.cjs(507,31): error TS2740: Type '{}' is missing the following properties from type 'any[]': length, pop, push, concat, and 29 more.
ai-platform/server/middleware/audit.cjs(521,17): error TS2339: Property 'level' does not exist on type 'any[]'.
ai-platform/server/middleware/audit.cjs(522,65): error TS2339: Property 'level' does not exist on type 'any[]'.
ai-platform/server/middleware/audit.cjs(525,17): error TS2339: Property 'eventType' does not exist on type 'any[]'.
ai-platform/server/middleware/audit.cjs(526,69): error TS2339: Property 'eventType' does not exist on type 'any[]'.
ai-platform/server/middleware/audit.cjs(529,17): error TS2339: Property 'userId' does not exist on type 'any[]'.
ai-platform/server/middleware/audit.cjs(530,75): error TS2339: Property 'userId' does not exist on type 'any[]'.
ai-platform/server/middleware/audit.cjs(533,17): error TS2339: Property 'startDate' does not exist on type 'any[]'.
ai-platform/server/middleware/audit.cjs(534,42): error TS2339: Property 'startDate' does not exist on type 'any[]'.
ai-platform/server/middleware/audit.cjs(538,17): error TS2339: Property 'endDate' does not exist on type 'any[]'.
ai-platform/server/middleware/audit.cjs(539,40): error TS2339: Property 'endDate' does not exist on type 'any[]'.
ai-platform/server/middleware/audit.cjs(544,28): error TS2362: The left-hand side of an arithmetic operation must be of type 'any', 'number', 'bigint' or an enum type.
ai-platform/server/middleware/audit.cjs(544,52): error TS2363: The right-hand side of an arithmetic operation must be of type 'any', 'number', 'bigint' or an enum type.
ai-platform/server/middleware/audit.cjs(549,54): error TS2339: Property 'limit' does not exist on type 'any[]'.
ai-platform/server/middleware/audit.cjs(550,46): error TS2339: Property 'offset' does not exist on type 'any[]'.
ai-platform/server/middleware/auth.cjs(105,29): error TS2339: Property 'cascadeAuthToken' does not exist on type '{ user?: any; error?: Error; sandbox?: boolean; }'.
ai-platform/server/middleware/auth.cjs(107,37): error TS2339: Property 'access_token' does not exist on type '{ user?: any; error?: Error; sandbox?: boolean; }'.
ai-platform/server/middleware/security.cjs(36,10): error TS2349: This expression is not callable.
  Type 'typeof import("C:/Users/Trevor/CascadeProjects/node_modules/express-rate-limit/dist/index")' has no call signatures.
ai-platform/server/middleware/security.cjs(167,25): error TS2349: This expression is not callable.
  Type 'typeof import("C:/Users/Trevor/CascadeProjects/node_modules/helmet/index")' has no call signatures.
ai-platform/server/middleware/security.cjs(224,27): error TS2339: Property 'end' does not exist on type 'any[]'.
ai-platform/server/middleware/security.cjs(225,7): error TS2339: Property 'end' does not exist on type 'any[]'.
ai-platform/server/middleware/security.cjs(227,125): error TS2339: Property 'statusCode' does not exist on type 'any[]'.
ai-platform/server/middleware/security.cjs(230,13): error TS2339: Property 'statusCode' does not exist on type 'any[]'.
ai-platform/server/middleware/security.cjs(231,80): error TS2339: Property 'statusCode' does not exist on type 'any[]'.
ai-platform/server/middleware/security.cjs(305,16): error TS2339: Property 'status' does not exist on type 'any[]'.
ai-platform/server/middleware/security.cjs(312,16): error TS2339: Property 'status' does not exist on type 'any[]'.
ai-platform/server/middleware/security.cjs(332,16): error TS2339: Property 'status' does not exist on type 'any[]'.
ai-platform/server/middleware/security.cjs(340,16): error TS2339: Property 'status' does not exist on type 'any[]'.
ai-platform/server/middleware/security.cjs(348,16): error TS2339: Property 'status' does not exist on type 'any[]'.
ai-platform/server/middleware/simplebeacon-subscription.cjs(153,49): error TS2554: Expected 0-1 arguments, but got 2.
ai-platform/server/routes/admin-api.cjs(23,26): error TS2349: This expression is not callable.
  Type 'typeof import("C:/Users/Trevor/CascadeProjects/node_modules/express-rate-limit/dist/index")' has no call signatures.
ai-platform/server/routes/ai-math-audit-route.cjs(102,13): error TS2554: Expected 3 arguments, but got 2.
ai-platform/server/routes/audit.cjs(37,41): error TS2345: Argument of type '{ limit: any; offset: any; level: any; eventType: any; userId: any; startDate: any; endDate: any; }' is not assignable to parameter of type 'any[]'.
  Type '{ limit: any; offset: any; level: any; eventType: any; userId: any; startDate: any; endDate: any; }' is missing the following properties from type 'any[]': length, pop, push, concat, and 29 more.
ai-platform/server/routes/auth-inline-routes.cjs(31,28): error TS2349: This expression is not callable.
  Type 'typeof import("C:/Users/Trevor/CascadeProjects/node_modules/express-rate-limit/dist/index")' has no call signatures.
ai-platform/server/routes/chatbot-api.cjs(146,17): error TS8024: JSDoc '@param' tag has name 'app', but there is no parameter with that name.
ai-platform/server/routes/compliance-schema-api.cjs(48,28): error TS2339: Property 'description' does not exist on type 'Readonly<{ id: "sample-json"; regex: RegExp; }> | Readonly<{ id: "mock-path"; regex: RegExp; }> | Readonly<{ id: "fixtures-path"; regex: RegExp; }> | Readonly<...> | Readonly<...>'.
  Property 'description' does not exist on type 'Readonly<{ id: "sample-json"; regex: RegExp; }>'.
ai-platform/server/routes/demo-simplebeacon-api.cjs(46,53): error TS2554: Expected 0 arguments, but got 1.
ai-platform/server/routes/demo-simplebeacon-api.cjs(127,64): error TS2554: Expected 1 arguments, but got 2.
ai-platform/server/routes/demo-simplebeacon-api.cjs(140,64): error TS2554: Expected 1 arguments, but got 2.
ai-platform/server/routes/fix-orchestrator-api.cjs(46,7): error TS2353: Object literal may only specify known properties, and 'userId' does not exist in type 'any[]'.
ai-platform/server/routes/flexible-analyze-api.cjs(784,37): error TS2339: Property 'contentSize' does not exist on type '{ url: string; findings: any[]; severityCounts: any; scanTimeMs: number; }'.
ai-platform/server/routes/flexible-analyze-api.cjs(1606,129): error TS18004: No value exists in scope for the shorthand property 'projectPath'. Either declare one or provide an initializer.
ai-platform/server/routes/flexible-analyze-api.cjs(1611,21): error TS18004: No value exists in scope for the shorthand property 'projectPath'. Either declare one or provide an initializer.
ai-platform/server/routes/flexible-analyze-api.cjs(1642,75): error TS2554: Expected 1 arguments, but got 2.
ai-platform/server/routes/flexible-analyze-api.cjs(1666,73): error TS2345: Argument of type '{ filePath: any; projectPath: any; platformRoot: any; }' is not assignable to parameter of type 'string'.
ai-platform/server/routes/flexible-analyze-api.cjs(2416,30): error TS2349: This expression is not callable.
  Type 'typeof import("C:/Users/Trevor/CascadeProjects/node_modules/express-rate-limit/dist/index")' has no call signatures.
ai-platform/server/routes/flexible-analyze-api.cjs(2515,31): error TS2304: Cannot find name 'projectPath'.
ai-platform/server/routes/flexible-analyze-api.cjs(2551,44): error TS2304: Cannot find name 'projectPath'.
ai-platform/server/routes/lib/flexible-analyze-roadmap.cjs(43,30): error TS2339: Property 'dispose' does not exist on type 'GlobalContextManager'.
ai-platform/server/routes/lib/get-analyze-codebase.cjs(10,30): error TS2307: Cannot find module '../lib/codebase-analyzer.cjs' or its corresponding type declarations.
ai-platform/server/routes/meta-routes.cjs(66,32): error TS2339: Property 'mtime' does not exist on type 'Dirent<string>'.
ai-platform/server/routes/meta-routes.cjs(67,24): error TS2339: Property 'size' does not exist on type 'Dirent<string>'.
ai-platform/server/routes/pr-integration-api.cjs(142,28): error TS2362: The left-hand side of an arithmetic operation must be of type 'any', 'number', 'bigint' or an enum type.
ai-platform/server/routes/pr-integration-api.cjs(142,53): error TS2363: The right-hand side of an arithmetic operation must be of type 'any', 'number', 'bigint' or an enum type.
ai-platform/server/routes/realtime-analysis-api.cjs(75,27): error TS2349: This expression is not callable.
  Type 'typeof import("C:/Users/Trevor/CascadeProjects/node_modules/express-rate-limit/dist/index")' has no call signatures.
ai-platform/server/routes/repository-scanner-api.cjs(147,14): error TS1064: The return type of an async function or method must be the global Promise<T> type. Did you mean to write 'Promise<any>'?
ai-platform/server/routes/repository-scanner-api.cjs(171,36): error TS2339: Property 'mtime' does not exist on type 'Dirent<string>'.
ai-platform/server/routes/repository-scanner-api.cjs(172,28): error TS2339: Property 'size' does not exist on type 'Dirent<string>'.
ai-platform/server/routes/repository-scanner-api.cjs(184,14): error TS1064: The return type of an async function or method must be the global Promise<T> type. Did you mean to write 'Promise<any>'?
ai-platform/server/routes/repository-scanner-api.cjs(227,28): error TS2339: Property 'path' does not exist on type 'string'.
ai-platform/server/routes/repository-scanner-api.cjs(228,29): error TS2339: Property 'path' does not exist on type 'string'.
ai-platform/server/routes/repository-scanner-api.cjs(229,28): error TS2339: Property 'size' does not exist on type 'string'.
ai-platform/server/routes/repository-scanner-api.cjs(230,29): error TS2339: Property 'size' does not exist on type 'string'.
ai-platform/server/routes/repository-scanner-api.cjs(231,38): error TS2339: Property 'name' does not exist on type 'string'.
ai-platform/server/routes/repository-scanner-api.cjs(243,28): error TS2339: Property 'path' does not exist on type 'string'.
ai-platform/server/routes/repository-scanner-api.cjs(244,27): error TS2339: Property 'path' does not exist on type 'string'.
ai-platform/server/routes/repository-scanner-api.cjs(247,29): error TS2339: Property 'size' does not exist on type 'string'.
ai-platform/server/routes/repository-scanner-api.cjs(260,14): error TS2339: Property 'analysis' does not exist on type 'string'.
ai-platform/server/routes/repository-scanner-api.cjs(262,29): error TS2339: Property 'content' does not exist on type 'string'.
ai-platform/server/routes/repository-scanner-api.cjs(274,20): error TS2339: Property 'path' does not exist on type 'string'.
ai-platform/server/routes/repository-scanner-api.cjs(321,14): error TS1064: The return type of an async function or method must be the global Promise<T> type. Did you mean to write 'Promise<any>'?
ai-platform/server/routes/repository-scanner-api.cjs(330,14): error TS1064: The return type of an async function or method must be the global Promise<T> type. Did you mean to write 'Promise<any>'?
ai-platform/server/routes/repository-scanner-api.cjs(356,32): error TS2339: Property 'size' does not exist on type 'Dirent<string>'.
ai-platform/server/routes/repository-scanner-api.cjs(389,58): error TS2345: Argument of type '{}' is not assignable to parameter of type 'any[]'.
  Type '{}' is missing the following properties from type 'any[]': length, pop, push, concat, and 29 more.
ai-platform/server/routes/token-auth.cjs(25,26): error TS2307: Cannot find module 'jose' or its corresponding type declarations.
ai-platform/server/routes/token-auth.cjs(121,32): error TS2362: The left-hand side of an arithmetic operation must be of type 'any', 'number', 'bigint' or an enum type.
ai-platform/server/routes/token-auth.cjs(240,41): error TS2307: Cannot find module '@noble/curves/ed25519' or its corresponding type declarations.
ai-platform/server/routes/token-auth.cjs(732,41): error TS2307: Cannot find module '@noble/curves/ed25519' or its corresponding type declarations.
ai-platform/server/routes/upload.cjs(56,14): error TS1064: The return type of an async function or method must be the global Promise<T> type. Did you mean to write 'Promise<any>'?
ai-platform/server/routes/upload.cjs(88,35): error TS2339: Property 'originalname' does not exist on type 'string'.
ai-platform/server/routes/upload.cjs(121,14): error TS1064: The return type of an async function or method must be the global Promise<T> type. Did you mean to write 'Promise<any>'?
ai-platform/server/routes/upload.cjs(126,37): error TS2554: Expected 1 arguments, but got 2.
ai-platform/server/routes/upload.cjs(240,21): error TS2349: This expression is not callable.
  Type 'typeof import("C:/Users/Trevor/CascadeProjects/node_modules/simple-git/dist/typings/index")' has no call signatures.
ai-platform/server/routes/upload.cjs(255,25): error TS2349: This expression is not callable.
  Type 'typeof import("C:/Users/Trevor/CascadeProjects/node_modules/simple-git/dist/typings/index")' has no call signatures.
ai-platform/server/routes/upload.cjs(506,14): error TS1064: The return type of an async function or method must be the global Promise<T> type. Did you mean to write 'Promise<any>'?
ai-platform/server/routes/upload.cjs(545,14): error TS1064: The return type of an async function or method must be the global Promise<T> type. Did you mean to write 'Promise<any>'?
ai-platform/server/routes/upload.cjs(573,14): error TS1064: The return type of an async function or method must be the global Promise<T> type. Did you mean to write 'Promise<any>'?
ai-platform/server/routes/upload.cjs(623,14): error TS1064: The return type of an async function or method must be the global Promise<T> type. Did you mean to write 'Promise<any>'?
ai-platform/server/routes/upload.cjs(664,14): error TS1064: The return type of an async function or method must be the global Promise<T> type. Did you mean to write 'Promise<any>'?
ai-platform/server/routes/upload.cjs(685,14): error TS1064: The return type of an async function or method must be the global Promise<T> type. Did you mean to write 'Promise<any>'?
ai-platform/server/routes/upload.cjs(718,14): error TS1064: The return type of an async function or method must be the global Promise<T> type. Did you mean to write 'Promise<any>'?
ai-platform/server/routes/upload.cjs(735,14): error TS1064: The return type of an async function or method must be the global Promise<T> type. Did you mean to write 'Promise<any>'?
ai-platform/server/routes/upload.cjs(752,14): error TS1064: The return type of an async function or method must be the global Promise<T> type. Did you mean to write 'Promise<any>'?
ai-platform/server/services/cloud-inference-service.cjs(406,13): error TS2353: Object literal may only specify known properties, and 'errorMessage' does not exist in type '{ traceId?: string; provider?: string; operation?: string; projectLabel?: string; outcome?: string; metadata?: any; }'.
ai-platform/server/services/cloud-inference-service.cjs(416,9): error TS2353: Object literal may only specify known properties, and 'requestId' does not exist in type '{ traceId?: string; provider?: string; operation?: string; projectLabel?: string; outcome?: string; metadata?: any; }'.
ai-platform/server/services/cloud-inference-service.cjs(744,13): error TS2339: Property 'statusCode' does not exist on type 'Error'.
ai-platform/server/services/cloud-inference-service.cjs(749,20): error TS2339: Property 'choices' does not exist on type 'unknown'.
ai-platform/server/services/cloud-inference-service.cjs(752,21): error TS2339: Property 'usage' does not exist on type 'unknown'.
ai-platform/server/services/cloud-inference-service.cjs(808,13): error TS2339: Property 'statusCode' does not exist on type 'Error'.
ai-platform/server/services/cloud-inference-service.cjs(812,25): error TS2339: Property 'content' does not exist on type 'unknown'.
ai-platform/server/services/cloud-inference-service.cjs(817,21): error TS2339: Property 'usage' does not exist on type 'unknown'.
ai-platform/server/services/cloud-inference-service.cjs(939,13): error TS2353: Object literal may only specify known properties, and 'errorMessage' does not exist in type '{ traceId?: string; provider?: string; operation?: string; projectLabel?: string; outcome?: string; metadata?: any; }'.
ai-platform/server/services/cloud-inference-service.cjs(950,9): error TS2353: Object literal may only specify known properties, and 'requestId' does not exist in type '{ traceId?: string; provider?: string; operation?: string; projectLabel?: string; outcome?: string; metadata?: any; }'.
ai-platform/server/services/local-model-service.cjs(76,14): error TS1064: The return type of an async function or method must be the global Promise<T> type. Did you mean to write 'Promise<any>'?
ai-platform/server/services/local-model-service.cjs(97,14): error TS1064: The return type of an async function or method must be the global Promise<T> type. Did you mean to write 'Promise<any>'?
ai-platform/server/services/local-model-service.cjs(132,19): error TS2365: Operator '<=' cannot be applied to types 'any[]' and 'number'.
ai-platform/server/services/local-model-service.cjs(137,9): error TS2362: The left-hand side of an arithmetic operation must be of type 'any', 'number', 'bigint' or an enum type.
ai-platform/server/services/local-model-service.cjs(140,20): error TS2339: Property 'toFixed' does not exist on type 'any[]'.
ai-platform/server/services/local-model-service.cjs(173,14): error TS1064: The return type of an async function or method must be the global Promise<T> type. Did you mean to write 'Promise<any>'?
ai-platform/server/services/local-model-service.cjs(203,29): error TS2339: Property 'models' does not exist on type 'string'.
ai-platform/server/services/local-model-service.cjs(203,66): error TS2339: Property 'activeModelId' does not exist on type 'string'.
ai-platform/server/services/local-model-service.cjs(204,31): error TS2339: Property 'models' does not exist on type 'string'.
ai-platform/server/services/local-model-service.cjs(204,75): error TS2339: Property 'models' does not exist on type 'string'.
ai-platform/server/services/local-model-service.cjs(210,14): error TS1064: The return type of an async function or method must be the global Promise<T> type. Did you mean to write 'Promise<any>'?
ai-platform/server/services/local-model-service.cjs(225,14): error TS1064: The return type of an async function or method must be the global Promise<T> type. Did you mean to write 'Promise<any>'?
ai-platform/server/services/local-model-service.cjs(252,14): error TS1064: The return type of an async function or method must be the global Promise<T> type. Did you mean to write 'Promise<any>'?
ai-platform/server/services/local-model-service.cjs(288,52): error TS2345: Argument of type 'number' is not assignable to parameter of type 'any[]'.
ai-platform/server/services/local-model-service.cjs(314,14): error TS1064: The return type of an async function or method must be the global Promise<T> type. Did you mean to write 'Promise<any>'?
ai-platform/server/services/local-model-service.cjs(332,14): error TS1064: The return type of an async function or method must be the global Promise<T> type. Did you mean to write 'Promise<any>'?
ai-platform/server/services/local-model-service.cjs(349,14): error TS1064: The return type of an async function or method must be the global Promise<T> type. Did you mean to write 'Promise<any>'?
ai-platform/server/services/local-model-service.cjs(353,54): error TS2339: Property 'originalname' does not exist on type 'string'.
ai-platform/server/services/local-model-service.cjs(353,75): error TS2339: Property 'filename' does not exist on type 'string'.
ai-platform/server/services/local-model-service.cjs(354,27): error TS2339: Property 'path' does not exist on type 'string'.
ai-platform/server/services/local-model-service.cjs(391,27): error TS2345: Argument of type 'number' is not assignable to parameter of type 'any[]'.
ai-platform/server/services/local-model-service.cjs(408,14): error TS1064: The return type of an async function or method must be the global Promise<T> type. Did you mean to write 'Promise<any>'?
ai-platform/server/services/local-model-service.cjs(433,31): error TS2345: Argument of type 'number' is not assignable to parameter of type 'any[]'.
ai-platform/server/services/local-model-service.cjs(447,14): error TS1064: The return type of an async function or method must be the global Promise<T> type. Did you mean to write 'Promise<any>'?
ai-platform/server/services/local-model-service.cjs(463,57): error TS2345: Argument of type '{ path: string; originalname: string; filename: string; }' is not assignable to parameter of type 'string'.
ai-platform/server/services/local-model-service.cjs(478,14): error TS1064: The return type of an async function or method must be the global Promise<T> type. Did you mean to write 'Promise<any>'?
ai-platform/server/services/local-model-service.cjs(498,14): error TS1064: The return type of an async function or method must be the global Promise<T> type. Did you mean to write 'Promise<any>'?
ai-platform/server/services/local-model-service.cjs(529,14): error TS1064: The return type of an async function or method must be the global Promise<T> type. Did you mean to write 'Promise<any>'?
ai-platform/server/services/local-model-service.cjs(533,18): error TS2339: Property 'ollamaBaseUrl' does not exist on type 'any[]'.
ai-platform/server/services/local-model-service.cjs(534,50): error TS2339: Property 'ollamaBaseUrl' does not exist on type 'any[]'.
ai-platform/server/services/local-model-service.cjs(547,14): error TS1064: The return type of an async function or method must be the global Promise<T> type. Did you mean to write 'Promise<any>'?
ai-platform/server/services/local-model-service.cjs(598,14): error TS1064: The return type of an async function or method must be the global Promise<T> type. Did you mean to write 'Promise<any>'?
ai-platform/server/services/local-model-service.cjs(616,56): error TS2345: Argument of type 'number' is not assignable to parameter of type 'any[]'.
ai-platform/server/services/model-inference-service.cjs(9,34): error TS2724: '"../lib/mock-data-scanner.cjs"' has no exported member named '_formatBytes'. Did you mean 'formatBytes'?
ai-platform/server/services/model-inference-service.cjs(25,14): error TS1064: The return type of an async function or method must be the global Promise<T> type. Did you mean to write 'Promise<any>'?
ai-platform/server/services/model-inference-service.cjs(40,14): error TS1064: The return type of an async function or method must be the global Promise<T> type. Did you mean to write 'Promise<any>'?
ai-platform/server/services/model-inference-service.cjs(57,21): error TS2339: Property 'models' does not exist on type 'string'.
ai-platform/server/services/model-inference-service.cjs(79,37): error TS2339: Property 'ollamaBaseUrl' does not exist on type 'string'.
ai-platform/server/services/model-inference-service.cjs(95,33): error TS2339: Property 'ollamaBaseUrl' does not exist on type 'string'.
ai-platform/server/services/model-inference-service.cjs(186,14): error TS1064: The return type of an async function or method must be the global Promise<T> type. Did you mean to write 'Promise<any>'?
ai-platform/server/services/model-inference-service.cjs(237,14): error TS1064: The return type of an async function or method must be the global Promise<T> type. Did you mean to write 'Promise<any>'?
ai-platform/server/services/model-inference-service.cjs(242,18): error TS2339: Property 'ollamaBaseUrl' does not exist on type 'string'.
ai-platform/server/services/model-inference-service.cjs(252,17): error TS2698: Spread types may only be created from object types.
ai-platform/server/services/model-inference-service.cjs(254,35): error TS2339: Property 'inferenceMeta' does not exist on type 'number'.
ai-platform/server/services/model-inference-service.cjs(256,40): error TS2339: Property 'inferenceMeta' does not exist on type 'number'.
ai-platform/server/services/model-inference-service.cjs(266,39): error TS2339: Property 'detectedIssues' does not exist on type 'number'.
ai-platform/server/services/model-inference-service.cjs(268,24): error TS2339: Property 'inferenceMeta' does not exist on type 'number'.
ai-platform/server/services/model-inference-service.cjs(273,13): error TS2698: Spread types may only be created from object types.
ai-platform/server/services/model-inference-service.cjs(275,31): error TS2339: Property 'analysisOverview' does not exist on type 'number'.
ai-platform/server/services/model-inference-service.cjs(280,40): error TS2339: Property 'detectedIssues' does not exist on type 'number'.
ai-platform/server/services/model-inference-service.cjs(282,31): error TS2339: Property 'ggufAIInsights' does not exist on type 'number'.
ai-platform/server/services/model-inference-service.cjs(287,31): error TS2339: Property 'inferenceMeta' does not exist on type 'number'.
ai-platform/server/services/model-inference-service.cjs(303,14): error TS1064: The return type of an async function or method must be the global Promise<T> type. Did you mean to write 'Promise<any>'?
ai-platform/server/services/model-inference-service.cjs(374,77): error TS2345: Argument of type '{ type: string; title: any; generatedAt: string; generatedBy: any; dataSource: any; modelInfo: any; analysisOverview: any; mockDataCategories: any; detectedIssues: any; qualityMetrics: any; ggufAIInsights: any; privacyAndSecurity: any; performanceMetrics: { ...; }; inferenceMeta: { ...; }; }' is not assignable to parameter of type 'number'.
ai-platform/server/services/ollama-client.cjs(65,14): error TS1064: The return type of an async function or method must be the global Promise<T> type. Did you mean to write 'Promise<any>'?
ai-platform/server/services/ollama-client.cjs(108,42): error TS2339: Property 'response' does not exist on type 'unknown'.
ai-platform/server/services/ollama-client.cjs(163,14): error TS1064: The return type of an async function or method must be the global Promise<T> type. Did you mean to write 'Promise<any>'?
ai-platform/server/services/ollama-client.cjs(196,52): error TS2339: Property 'models' does not exist on type 'unknown'.
ai-platform/server/services/phase2-auth-handlers.cjs(19,14): error TS1064: The return type of an async function or method must be the global Promise<T> type. Did you mean to write 'Promise<any>'?
ai-platform/server/services/phase2-auth-handlers.cjs(36,24): error TS2339: Property 'json' does not exist on type 'any[]'.
ai-platform/server/services/phase2-auth-handlers.cjs(72,20): error TS2339: Property 'status' does not exist on type 'any[]'.
ai-platform/server/services/phase2-auth-handlers.cjs(84,20): error TS2339: Property 'status' does not exist on type 'any[]'.
ai-platform/server/services/prompt-service.cjs(19,14): error TS1064: The return type of an async function or method must be the global Promise<T> type. Did you mean to write 'Promise<any>'?
ai-platform/server/services/prompt-service.cjs(32,14): error TS1064: The return type of an async function or method must be the global Promise<T> type. Did you mean to write 'Promise<any>'?
ai-platform/server/services/prompt-service.cjs(52,14): error TS1064: The return type of an async function or method must be the global Promise<T> type. Did you mean to write 'Promise<any>'?
ai-platform/server/services/user-service.cjs(58,14): error TS1064: The return type of an async function or method must be the global Promise<T> type. Did you mean to write 'Promise<any>'?
ai-platform/server/services/user-service.cjs(73,14): error TS1064: The return type of an async function or method must be the global Promise<T> type. Did you mean to write 'Promise<any>'?
ai-platform/server/services/user-service.cjs(108,14): error TS1064: The return type of an async function or method must be the global Promise<T> type. Did you mean to write 'Promise<any>'?
ai-platform/server/services/user-service.cjs(134,14): error TS1064: The return type of an async function or method must be the global Promise<T> type. Did you mean to write 'Promise<any>'?
ai-platform/server/services/user-service.cjs(166,14): error TS1064: The return type of an async function or method must be the global Promise<T> type. Did you mean to write 'Promise<any>'?
ai-platform/server/services/user-service.cjs(211,14): error TS1064: The return type of an async function or method must be the global Promise<T> type. Did you mean to write 'Promise<any>'?
ai-platform/server/test-gateway.js(5,63): error TS2307: Cannot find module './enterprise-patterns' or its corresponding type declarations.
ai-platform/simplebeacon-server.cjs(677,31): error TS2349: This expression is not callable.
  Type 'typeof import("C:/Users/Trevor/CascadeProjects/node_modules/express-rate-limit/dist/index")' has no call signatures.
ai-platform/simplebeacon-server.cjs(1150,88): error TS2554: Expected 1 arguments, but got 2.
ai-platform/simplebeacon-server.cjs(1370,13): error TS2339: Property 'code' does not exist on type 'Error'.
ai-platform/src/api/billing/__tests__/billing-utils.test.cjs(16,1): error TS2582: Cannot find name 'describe'. Do you need to install type definitions for a test runner? Try `npm i --save-dev @types/jest` or `npm i --save-dev @types/mocha`.
ai-platform/src/api/billing/__tests__/billing-utils.test.cjs(17,3): error TS2582: Cannot find name 'describe'. Do you need to install type definitions for a test runner? Try `npm i --save-dev @types/jest` or `npm i --save-dev @types/mocha`.
ai-platform/src/api/billing/__tests__/billing-utils.test.cjs(18,5): error TS2582: Cannot find name 'test'. Do you need to install type definitions for a test runner? Try `npm i --save-dev @types/jest` or `npm i --save-dev @types/mocha`.
ai-platform/src/api/billing/__tests__/billing-utils.test.cjs(19,7): error TS2304: Cannot find name 'expect'.
ai-platform/src/api/billing/__tests__/billing-utils.test.cjs(21,5): error TS2582: Cannot find name 'test'. Do you need to install type definitions for a test runner? Try `npm i --save-dev @types/jest` or `npm i --save-dev @types/mocha`.
ai-platform/src/api/billing/__tests__/billing-utils.test.cjs(24,7): error TS2304: Cannot find name 'expect'.
ai-platform/src/api/billing/__tests__/billing-utils.test.cjs(28,3): error TS2582: Cannot find name 'describe'. Do you need to install type definitions for a test runner? Try `npm i --save-dev @types/jest` or `npm i --save-dev @types/mocha`.
ai-platform/src/api/billing/__tests__/billing-utils.test.cjs(29,5): error TS2582: Cannot find name 'test'. Do you need to install type definitions for a test runner? Try `npm i --save-dev @types/jest` or `npm i --save-dev @types/mocha`.
ai-platform/src/api/billing/__tests__/billing-utils.test.cjs(30,7): error TS2304: Cannot find name 'expect'.
ai-platform/src/api/billing/__tests__/billing-utils.test.cjs(32,5): error TS2582: Cannot find name 'test'. Do you need to install type definitions for a test runner? Try `npm i --save-dev @types/jest` or `npm i --save-dev @types/mocha`.
ai-platform/src/api/billing/__tests__/billing-utils.test.cjs(33,7): error TS2304: Cannot find name 'expect'.
ai-platform/src/api/billing/__tests__/billing-utils.test.cjs(37,3): error TS2582: Cannot find name 'describe'. Do you need to install type definitions for a test runner? Try `npm i --save-dev @types/jest` or `npm i --save-dev @types/mocha`.
ai-platform/src/api/billing/__tests__/billing-utils.test.cjs(38,5): error TS2582: Cannot find name 'test'. Do you need to install type definitions for a test runner? Try `npm i --save-dev @types/jest` or `npm i --save-dev @types/mocha`.
ai-platform/src/api/billing/__tests__/billing-utils.test.cjs(40,7): error TS2304: Cannot find name 'expect'.
ai-platform/src/api/billing/__tests__/billing-utils.test.cjs(41,7): error TS2304: Cannot find name 'expect'.
ai-platform/src/api/billing/__tests__/billing-utils.test.cjs(43,5): error TS2582: Cannot find name 'test'. Do you need to install type definitions for a test runner? Try `npm i --save-dev @types/jest` or `npm i --save-dev @types/mocha`.
ai-platform/src/api/billing/__tests__/billing-utils.test.cjs(45,7): error TS2304: Cannot find name 'expect'.
ai-platform/src/api/billing/__tests__/billing-utils.test.cjs(46,7): error TS2304: Cannot find name 'expect'.
ai-platform/src/api/billing/__tests__/billing-utils.test.cjs(50,3): error TS2582: Cannot find name 'describe'. Do you need to install type definitions for a test runner? Try `npm i --save-dev @types/jest` or `npm i --save-dev @types/mocha`.
ai-platform/src/api/billing/__tests__/billing-utils.test.cjs(51,5): error TS2582: Cannot find name 'test'. Do you need to install type definitions for a test runner? Try `npm i --save-dev @types/jest` or `npm i --save-dev @types/mocha`.
ai-platform/src/api/billing/__tests__/billing-utils.test.cjs(52,7): error TS2304: Cannot find name 'expect'.
ai-platform/src/api/billing/__tests__/billing-utils.test.cjs(54,5): error TS2582: Cannot find name 'test'. Do you need to install type definitions for a test runner? Try `npm i --save-dev @types/jest` or `npm i --save-dev @types/mocha`.
ai-platform/src/api/billing/__tests__/billing-utils.test.cjs(55,7): error TS2304: Cannot find name 'expect'.
ai-platform/src/api/billing/__tests__/billing-utils.test.cjs(59,3): error TS2582: Cannot find name 'describe'. Do you need to install type definitions for a test runner? Try `npm i --save-dev @types/jest` or `npm i --save-dev @types/mocha`.
ai-platform/src/api/billing/__tests__/billing-utils.test.cjs(60,5): error TS2582: Cannot find name 'test'. Do you need to install type definitions for a test runner? Try `npm i --save-dev @types/jest` or `npm i --save-dev @types/mocha`.
ai-platform/src/api/billing/__tests__/billing-utils.test.cjs(62,7): error TS2304: Cannot find name 'expect'.
ai-platform/src/api/billing/__tests__/billing-utils.test.cjs(64,5): error TS2582: Cannot find name 'test'. Do you need to install type definitions for a test runner? Try `npm i --save-dev @types/jest` or `npm i --save-dev @types/mocha`.
ai-platform/src/api/billing/__tests__/billing-utils.test.cjs(65,7): error TS2304: Cannot find name 'expect'.
ai-platform/src/api/billing/__tests__/billing-utils.test.cjs(69,3): error TS2582: Cannot find name 'describe'. Do you need to install type definitions for a test runner? Try `npm i --save-dev @types/jest` or `npm i --save-dev @types/mocha`.
ai-platform/src/api/billing/__tests__/billing-utils.test.cjs(70,5): error TS2582: Cannot find name 'test'. Do you need to install type definitions for a test runner? Try `npm i --save-dev @types/jest` or `npm i --save-dev @types/mocha`.
ai-platform/src/api/billing/__tests__/billing-utils.test.cjs(71,7): error TS2304: Cannot find name 'expect'.
ai-platform/src/api/billing/__tests__/billing-utils.test.cjs(75,3): error TS2582: Cannot find name 'describe'. Do you need to install type definitions for a test runner? Try `npm i --save-dev @types/jest` or `npm i --save-dev @types/mocha`.
ai-platform/src/api/billing/__tests__/billing-utils.test.cjs(76,5): error TS2582: Cannot find name 'test'. Do you need to install type definitions for a test runner? Try `npm i --save-dev @types/jest` or `npm i --save-dev @types/mocha`.
ai-platform/src/api/billing/__tests__/billing-utils.test.cjs(77,7): error TS2304: Cannot find name 'expect'.
ai-platform/src/api/billing/__tests__/billing-utils.test.cjs(79,5): error TS2582: Cannot find name 'test'. Do you need to install type definitions for a test runner? Try `npm i --save-dev @types/jest` or `npm i --save-dev @types/mocha`.
ai-platform/src/api/billing/__tests__/billing-utils.test.cjs(80,7): error TS2304: Cannot find name 'expect'.
ai-platform/src/api/billing/__tests__/billing-utils.test.cjs(84,3): error TS2582: Cannot find name 'describe'. Do you need to install type definitions for a test runner? Try `npm i --save-dev @types/jest` or `npm i --save-dev @types/mocha`.
ai-platform/src/api/billing/__tests__/billing-utils.test.cjs(85,5): error TS2582: Cannot find name 'test'. Do you need to install type definitions for a test runner? Try `npm i --save-dev @types/jest` or `npm i --save-dev @types/mocha`.
ai-platform/src/api/billing/__tests__/billing-utils.test.cjs(86,7): error TS2304: Cannot find name 'expect'.
ai-platform/src/api/billing/__tests__/billing-utils.test.cjs(88,5): error TS2582: Cannot find name 'test'. Do you need to install type definitions for a test runner? Try `npm i --save-dev @types/jest` or `npm i --save-dev @types/mocha`.
ai-platform/src/api/billing/__tests__/billing-utils.test.cjs(89,7): error TS2304: Cannot find name 'expect'.
ai-platform/src/api/billing/__tests__/billing-utils.test.cjs(93,3): error TS2582: Cannot find name 'describe'. Do you need to install type definitions for a test runner? Try `npm i --save-dev @types/jest` or `npm i --save-dev @types/mocha`.
ai-platform/src/api/billing/__tests__/billing-utils.test.cjs(94,5): error TS2582: Cannot find name 'test'. Do you need to install type definitions for a test runner? Try `npm i --save-dev @types/jest` or `npm i --save-dev @types/mocha`.
ai-platform/src/api/billing/__tests__/billing-utils.test.cjs(95,7): error TS2304: Cannot find name 'expect'.
ai-platform/src/api/billing/__tests__/billing-utils.test.cjs(97,5): error TS2582: Cannot find name 'test'. Do you need to install type definitions for a test runner? Try `npm i --save-dev @types/jest` or `npm i --save-dev @types/mocha`.
ai-platform/src/api/billing/__tests__/billing-utils.test.cjs(98,7): error TS2304: Cannot find name 'expect'.
ai-platform/src/api/billing/__tests__/billing-utils.test.cjs(102,3): error TS2582: Cannot find name 'describe'. Do you need to install type definitions for a test runner? Try `npm i --save-dev @types/jest` or `npm i --save-dev @types/mocha`.
ai-platform/src/api/billing/__tests__/billing-utils.test.cjs(103,5): error TS2582: Cannot find name 'test'. Do you need to install type definitions for a test runner? Try `npm i --save-dev @types/jest` or `npm i --save-dev @types/mocha`.
ai-platform/src/api/billing/__tests__/billing-utils.test.cjs(104,7): error TS2304: Cannot find name 'expect'.
ai-platform/src/api/billing/__tests__/billing-utils.test.cjs(106,5): error TS2582: Cannot find name 'test'. Do you need to install type definitions for a test runner? Try `npm i --save-dev @types/jest` or `npm i --save-dev @types/mocha`.
ai-platform/src/api/billing/__tests__/billing-utils.test.cjs(107,7): error TS2304: Cannot find name 'expect'.
ai-platform/src/api/billing/__tests__/billing-utils.test.cjs(111,3): error TS2582: Cannot find name 'describe'. Do you need to install type definitions for a test runner? Try `npm i --save-dev @types/jest` or `npm i --save-dev @types/mocha`.
ai-platform/src/api/billing/__tests__/billing-utils.test.cjs(112,5): error TS2582: Cannot find name 'test'. Do you need to install type definitions for a test runner? Try `npm i --save-dev @types/jest` or `npm i --save-dev @types/mocha`.
ai-platform/src/api/billing/__tests__/billing-utils.test.cjs(113,7): error TS2304: Cannot find name 'expect'.
ai-platform/src/api/billing/__tests__/billing-utils.test.cjs(115,5): error TS2582: Cannot find name 'test'. Do you need to install type definitions for a test runner? Try `npm i --save-dev @types/jest` or `npm i --save-dev @types/mocha`.
ai-platform/src/api/billing/__tests__/billing-utils.test.cjs(116,7): error TS2304: Cannot find name 'expect'.
ai-platform/src/api/billing/__tests__/billing-utils.test.cjs(120,3): error TS2582: Cannot find name 'describe'. Do you need to install type definitions for a test runner? Try `npm i --save-dev @types/jest` or `npm i --save-dev @types/mocha`.
ai-platform/src/api/billing/__tests__/billing-utils.test.cjs(121,5): error TS2582: Cannot find name 'test'. Do you need to install type definitions for a test runner? Try `npm i --save-dev @types/jest` or `npm i --save-dev @types/mocha`.
ai-platform/src/api/billing/__tests__/billing-utils.test.cjs(123,7): error TS2304: Cannot find name 'expect'.
ai-platform/src/api/billing/__tests__/billing-utils.test.cjs(124,7): error TS2304: Cannot find name 'expect'.
ai-platform/src/api/billing/__tests__/billing-utils.test.cjs(126,5): error TS2582: Cannot find name 'test'. Do you need to install type definitions for a test runner? Try `npm i --save-dev @types/jest` or `npm i --save-dev @types/mocha`.
ai-platform/src/api/billing/__tests__/billing-utils.test.cjs(127,7): error TS2304: Cannot find name 'expect'.
ai-platform/src/api/billing/__tests__/email-templates.test.cjs(3,1): error TS2582: Cannot find name 'describe'. Do you need to install type definitions for a test runner? Try `npm i --save-dev @types/jest` or `npm i --save-dev @types/mocha`.
ai-platform/src/api/billing/__tests__/email-templates.test.cjs(4,3): error TS2582: Cannot find name 'describe'. Do you need to install type definitions for a test runner? Try `npm i --save-dev @types/jest` or `npm i --save-dev @types/mocha`.
ai-platform/src/api/billing/__tests__/email-templates.test.cjs(5,5): error TS2582: Cannot find name 'test'. Do you need to install type definitions for a test runner? Try `npm i --save-dev @types/jest` or `npm i --save-dev @types/mocha`.
ai-platform/src/api/billing/__tests__/email-templates.test.cjs(6,7): error TS2304: Cannot find name 'expect'.
ai-platform/src/api/billing/__tests__/email-templates.test.cjs(7,7): error TS2304: Cannot find name 'expect'.
ai-platform/src/api/billing/__tests__/email-templates.test.cjs(9,5): error TS2582: Cannot find name 'test'. Do you need to install type definitions for a test runner? Try `npm i --save-dev @types/jest` or `npm i --save-dev @types/mocha`.
ai-platform/src/api/billing/__tests__/email-templates.test.cjs(10,7): error TS2304: Cannot find name 'expect'.
ai-platform/src/api/billing/__tests__/email-templates.test.cjs(11,7): error TS2304: Cannot find name 'expect'.
ai-platform/src/api/billing/__tests__/email-templates.test.cjs(13,5): error TS2582: Cannot find name 'test'. Do you need to install type definitions for a test runner? Try `npm i --save-dev @types/jest` or `npm i --save-dev @types/mocha`.
ai-platform/src/api/billing/__tests__/email-templates.test.cjs(14,7): error TS2304: Cannot find name 'expect'.
ai-platform/src/api/billing/__tests__/email-templates.test.cjs(16,5): error TS2582: Cannot find name 'test'. Do you need to install type definitions for a test runner? Try `npm i --save-dev @types/jest` or `npm i --save-dev @types/mocha`.
ai-platform/src/api/billing/__tests__/email-templates.test.cjs(17,7): error TS2304: Cannot find name 'expect'.
ai-platform/src/api/billing/__tests__/email-templates.test.cjs(19,5): error TS2582: Cannot find name 'test'. Do you need to install type definitions for a test runner? Try `npm i --save-dev @types/jest` or `npm i --save-dev @types/mocha`.
ai-platform/src/api/billing/__tests__/email-templates.test.cjs(20,7): error TS2304: Cannot find name 'expect'.
ai-platform/src/api/billing/__tests__/email-templates.test.cjs(22,5): error TS2582: Cannot find name 'test'. Do you need to install type definitions for a test runner? Try `npm i --save-dev @types/jest` or `npm i --save-dev @types/mocha`.
ai-platform/src/api/billing/__tests__/email-templates.test.cjs(23,7): error TS2304: Cannot find name 'expect'.
ai-platform/src/api/billing/__tests__/email-templates.test.cjs(25,5): error TS2582: Cannot find name 'test'. Do you need to install type definitions for a test runner? Try `npm i --save-dev @types/jest` or `npm i --save-dev @types/mocha`.
ai-platform/src/api/billing/__tests__/email-templates.test.cjs(26,7): error TS2304: Cannot find name 'expect'.
ai-platform/src/api/billing/__tests__/email-templates.test.cjs(30,3): error TS2582: Cannot find name 'describe'. Do you need to install type definitions for a test runner? Try `npm i --save-dev @types/jest` or `npm i --save-dev @types/mocha`.
ai-platform/src/api/billing/__tests__/email-templates.test.cjs(31,5): error TS2582: Cannot find name 'test'. Do you need to install type definitions for a test runner? Try `npm i --save-dev @types/jest` or `npm i --save-dev @types/mocha`.
ai-platform/src/api/billing/__tests__/email-templates.test.cjs(35,7): error TS2304: Cannot find name 'expect'.
ai-platform/src/api/billing/__tests__/license-utils.test.cjs(13,1): error TS2582: Cannot find name 'describe'. Do you need to install type definitions for a test runner? Try `npm i --save-dev @types/jest` or `npm i --save-dev @types/mocha`.
ai-platform/src/api/billing/__tests__/license-utils.test.cjs(14,3): error TS2582: Cannot find name 'describe'. Do you need to install type definitions for a test runner? Try `npm i --save-dev @types/jest` or `npm i --save-dev @types/mocha`.
ai-platform/src/api/billing/__tests__/license-utils.test.cjs(15,5): error TS2582: Cannot find name 'test'. Do you need to install type definitions for a test runner? Try `npm i --save-dev @types/jest` or `npm i --save-dev @types/mocha`.
ai-platform/src/api/billing/__tests__/license-utils.test.cjs(17,7): error TS2304: Cannot find name 'expect'.
ai-platform/src/api/billing/__tests__/license-utils.test.cjs(20,5): error TS2582: Cannot find name 'test'. Do you need to install type definitions for a test runner? Try `npm i --save-dev @types/jest` or `npm i --save-dev @types/mocha`.
ai-platform/src/api/billing/__tests__/license-utils.test.cjs(23,7): error TS2304: Cannot find name 'expect'.
ai-platform/src/api/billing/__tests__/license-utils.test.cjs(27,3): error TS2582: Cannot find name 'describe'. Do you need to install type definitions for a test runner? Try `npm i --save-dev @types/jest` or `npm i --save-dev @types/mocha`.
ai-platform/src/api/billing/__tests__/license-utils.test.cjs(28,5): error TS2582: Cannot find name 'test'. Do you need to install type definitions for a test runner? Try `npm i --save-dev @types/jest` or `npm i --save-dev @types/mocha`.
ai-platform/src/api/billing/__tests__/license-utils.test.cjs(30,7): error TS2304: Cannot find name 'expect'.
ai-platform/src/api/billing/__tests__/license-utils.test.cjs(34,3): error TS2582: Cannot find name 'describe'. Do you need to install type definitions for a test runner? Try `npm i --save-dev @types/jest` or `npm i --save-dev @types/mocha`.
ai-platform/src/api/billing/__tests__/license-utils.test.cjs(35,5): error TS2582: Cannot find name 'test'. Do you need to install type definitions for a test runner? Try `npm i --save-dev @types/jest` or `npm i --save-dev @types/mocha`.
ai-platform/src/api/billing/__tests__/license-utils.test.cjs(36,7): error TS2304: Cannot find name 'expect'.
ai-platform/src/api/billing/__tests__/license-utils.test.cjs(38,5): error TS2582: Cannot find name 'test'. Do you need to install type definitions for a test runner? Try `npm i --save-dev @types/jest` or `npm i --save-dev @types/mocha`.
ai-platform/src/api/billing/__tests__/license-utils.test.cjs(40,7): error TS2304: Cannot find name 'expect'.
ai-platform/src/api/billing/__tests__/license-utils.test.cjs(45,3): error TS2582: Cannot find name 'describe'. Do you need to install type definitions for a test runner? Try `npm i --save-dev @types/jest` or `npm i --save-dev @types/mocha`.
ai-platform/src/api/billing/__tests__/license-utils.test.cjs(46,5): error TS2582: Cannot find name 'test'. Do you need to install type definitions for a test runner? Try `npm i --save-dev @types/jest` or `npm i --save-dev @types/mocha`.
ai-platform/src/api/billing/__tests__/license-utils.test.cjs(47,7): error TS2304: Cannot find name 'expect'.
ai-platform/src/api/billing/__tests__/license-utils.test.cjs(49,5): error TS2582: Cannot find name 'test'. Do you need to install type definitions for a test runner? Try `npm i --save-dev @types/jest` or `npm i --save-dev @types/mocha`.
ai-platform/src/api/billing/__tests__/license-utils.test.cjs(50,7): error TS2304: Cannot find name 'expect'.
ai-platform/src/api/billing/__tests__/license-utils.test.cjs(54,3): error TS2582: Cannot find name 'describe'. Do you need to install type definitions for a test runner? Try `npm i --save-dev @types/jest` or `npm i --save-dev @types/mocha`.
ai-platform/src/api/billing/__tests__/license-utils.test.cjs(55,5): error TS2582: Cannot find name 'test'. Do you need to install type definitions for a test runner? Try `npm i --save-dev @types/jest` or `npm i --save-dev @types/mocha`.
ai-platform/src/api/billing/__tests__/license-utils.test.cjs(56,7): error TS2304: Cannot find name 'expect'.
ai-platform/src/api/billing/__tests__/license-utils.test.cjs(60,3): error TS2582: Cannot find name 'describe'. Do you need to install type definitions for a test runner? Try `npm i --save-dev @types/jest` or `npm i --save-dev @types/mocha`.
ai-platform/src/api/billing/__tests__/license-utils.test.cjs(61,5): error TS2582: Cannot find name 'test'. Do you need to install type definitions for a test runner? Try `npm i --save-dev @types/jest` or `npm i --save-dev @types/mocha`.
ai-platform/src/api/billing/__tests__/license-utils.test.cjs(62,7): error TS2304: Cannot find name 'expect'.
ai-platform/src/api/billing/__tests__/license-utils.test.cjs(64,5): error TS2582: Cannot find name 'test'. Do you need to install type definitions for a test runner? Try `npm i --save-dev @types/jest` or `npm i --save-dev @types/mocha`.
ai-platform/src/api/billing/__tests__/license-utils.test.cjs(65,7): error TS2304: Cannot find name 'expect'.
ai-platform/src/api/billing/__tests__/license-utils.test.cjs(69,3): error TS2582: Cannot find name 'describe'. Do you need to install type definitions for a test runner? Try `npm i --save-dev @types/jest` or `npm i --save-dev @types/mocha`.
ai-platform/src/api/billing/__tests__/license-utils.test.cjs(70,5): error TS2582: Cannot find name 'test'. Do you need to install type definitions for a test runner? Try `npm i --save-dev @types/jest` or `npm i --save-dev @types/mocha`.
ai-platform/src/api/billing/__tests__/license-utils.test.cjs(71,7): error TS2304: Cannot find name 'expect'.
ai-platform/src/api/billing/__tests__/license-utils.test.cjs(73,5): error TS2582: Cannot find name 'test'. Do you need to install type definitions for a test runner? Try `npm i --save-dev @types/jest` or `npm i --save-dev @types/mocha`.
ai-platform/src/api/billing/__tests__/license-utils.test.cjs(74,7): error TS2304: Cannot find name 'expect'.
ai-platform/src/api/billing/__tests__/license-utils.test.cjs(76,5): error TS2582: Cannot find name 'test'. Do you need to install type definitions for a test runner? Try `npm i --save-dev @types/jest` or `npm i --save-dev @types/mocha`.
ai-platform/src/api/billing/__tests__/license-utils.test.cjs(77,7): error TS2304: Cannot find name 'expect'.
ai-platform/src/api/billing/__tests__/license-utils.test.cjs(81,3): error TS2582: Cannot find name 'describe'. Do you need to install type definitions for a test runner? Try `npm i --save-dev @types/jest` or `npm i --save-dev @types/mocha`.
ai-platform/src/api/billing/__tests__/license-utils.test.cjs(82,5): error TS2582: Cannot find name 'test'. Do you need to install type definitions for a test runner? Try `npm i --save-dev @types/jest` or `npm i --save-dev @types/mocha`.
ai-platform/src/api/billing/__tests__/license-utils.test.cjs(83,7): error TS2304: Cannot find name 'expect'.
ai-platform/src/api/billing/__tests__/license-utils.test.cjs(87,3): error TS2582: Cannot find name 'describe'. Do you need to install type definitions for a test runner? Try `npm i --save-dev @types/jest` or `npm i --save-dev @types/mocha`.
ai-platform/src/api/billing/__tests__/license-utils.test.cjs(88,5): error TS2582: Cannot find name 'test'. Do you need to install type definitions for a test runner? Try `npm i --save-dev @types/jest` or `npm i --save-dev @types/mocha`.
ai-platform/src/api/billing/__tests__/license-utils.test.cjs(89,7): error TS2304: Cannot find name 'expect'.
ai-platform/src/api/billing/__tests__/license-utils.test.cjs(90,7): error TS2304: Cannot find name 'expect'.
ai-platform/src/api/billing/__tests__/license-utils.test.cjs(92,5): error TS2582: Cannot find name 'test'. Do you need to install type definitions for a test runner? Try `npm i --save-dev @types/jest` or `npm i --save-dev @types/mocha`.
ai-platform/src/api/billing/__tests__/license-utils.test.cjs(93,7): error TS2304: Cannot find name 'expect'.
ai-platform/src/api/billing/report-bundle-builder.cjs(37,17): error TS2339: Property 'statusCode' does not exist on type 'Error'.
ai-platform/src/api/billing/report-bundle-builder.cjs(45,13): error TS2353: Object literal may only specify known properties, and 'features' does not exist in type 'SubscriptionRecord'.
ai-platform/src/api/billing/report-bundle-builder.cjs(54,91): error TS2339: Property 'clientName' does not exist on type 'SubscriptionRecord'.
ai-platform/src/api/billing/report-bundle-builder.cjs(55,94): error TS2339: Property 'projectName' does not exist on type 'SubscriptionRecord'.
ai-platform/src/api/billing/report-bundle-builder.cjs(60,13): error TS2339: Property 'statusCode' does not exist on type 'Error'.
ai-platform/src/api/dashboard-stub-api.cjs(33,26): error TS2349: This expression is not callable.
  Type 'typeof import("C:/Users/Trevor/CascadeProjects/node_modules/express-rate-limit/dist/index")' has no call signatures.
ai-platform/src/api/dashboard-stub-api.cjs(55,14): error TS1064: The return type of an async function or method must be the global Promise<T> type. Did you mean to write 'Promise<any>'?
ai-platform/src/api/dashboard-stub-api.cjs(72,14): error TS1064: The return type of an async function or method must be the global Promise<T> type. Did you mean to write 'Promise<any>'?
ai-platform/src/api/dashboard-stub-api.cjs(89,14): error TS1064: The return type of an async function or method must be the global Promise<T> type. Did you mean to write 'Promise<any>'?
ai-platform/src/api/dashboard-stub-api.cjs(106,14): error TS1064: The return type of an async function or method must be the global Promise<T> type. Did you mean to write 'Promise<any>'?
ai-platform/src/api/dashboard-stub-api.cjs(124,14): error TS1064: The return type of an async function or method must be the global Promise<T> type. Did you mean to write 'Promise<any>'?
ai-platform/src/api/dashboard-stub-api.cjs(141,14): error TS1064: The return type of an async function or method must be the global Promise<T> type. Did you mean to write 'Promise<any>'?
ai-platform/src/api/dashboard-stub-api.cjs(158,14): error TS1064: The return type of an async function or method must be the global Promise<T> type. Did you mean to write 'Promise<any>'?
ai-platform/src/api/dashboard-stub-api.cjs(175,14): error TS1064: The return type of an async function or method must be the global Promise<T> type. Did you mean to write 'Promise<any>'?
ai-platform/src/api/dashboard-stub-api.cjs(198,14): error TS1064: The return type of an async function or method must be the global Promise<T> type. Did you mean to write 'Promise<any>'?
ai-platform/src/api/dashboard-stub-api.cjs(218,14): error TS1064: The return type of an async function or method must be the global Promise<T> type. Did you mean to write 'Promise<any>'?
ai-platform/src/api/dashboard-stub-api.cjs(236,14): error TS1064: The return type of an async function or method must be the global Promise<T> type. Did you mean to write 'Promise<any>'?
ai-platform/src/api/dashboard-stub-api.cjs(254,14): error TS1064: The return type of an async function or method must be the global Promise<T> type. Did you mean to write 'Promise<any>'?
ai-platform/src/api/dashboard-stub-api.cjs(319,14): error TS1064: The return type of an async function or method must be the global Promise<T> type. Did you mean to write 'Promise<any>'?
ai-platform/src/api/optimization-api.cjs(106,55): error TS2554: Expected 1 arguments, but got 2.
ai-platform/src/api/optimization-api.cjs(225,48): error TS2339: Property 'summary' does not exist on type 'number'.
ai-platform/src/api/roadmap-analysis-history.cjs(11,14): error TS1064: The return type of an async function or method must be the global Promise<T> type. Did you mean to write 'Promise<any>'?
ai-platform/src/api/roadmap-analysis-history.cjs(35,14): error TS1064: The return type of an async function or method must be the global Promise<T> type. Did you mean to write 'Promise<any>'?
ai-platform/src/api/roadmap-analysis-history.cjs(53,14): error TS1064: The return type of an async function or method must be the global Promise<T> type. Did you mean to write 'Promise<any>'?
ai-platform/src/api/roadmap-analysis-history.cjs(65,14): error TS1064: The return type of an async function or method must be the global Promise<T> type. Did you mean to write 'Promise<any>'?
ai-platform/src/api/simplebeacon-api.cjs(85,14): error TS1064: The return type of an async function or method must be the global Promise<T> type. Did you mean to write 'Promise<any>'?
ai-platform/src/api/simplebeacon-api.cjs(238,14): error TS1064: The return type of an async function or method must be the global Promise<T> type. Did you mean to write 'Promise<any>'?
ai-platform/src/api/simplebeacon-api.cjs(276,14): error TS1064: The return type of an async function or method must be the global Promise<T> type. Did you mean to write 'Promise<any>'?
ai-platform/src/api/simplebeacon-api.cjs(291,14): error TS1064: The return type of an async function or method must be the global Promise<T> type. Did you mean to write 'Promise<any>'?
ai-platform/src/api/simplebeacon-api.cjs(353,53): error TS2554: Expected 0 arguments, but got 1.
ai-platform/src/api/simplebeacon-api.cjs(360,14): error TS1064: The return type of an async function or method must be the global Promise<T> type. Did you mean to write 'Promise<any>'?
ai-platform/src/api/simplebeacon-api.cjs(368,44): error TS2554: Expected 1 arguments, but got 2.
ai-platform/src/api/simplebeacon-api.cjs(376,14): error TS1064: The return type of an async function or method must be the global Promise<T> type. Did you mean to write 'Promise<any>'?
ai-platform/src/api/simplebeacon-api.cjs(395,14): error TS1064: The return type of an async function or method must be the global Promise<T> type. Did you mean to write 'Promise<any>'?
ai-platform/src/api/simplebeacon-api.cjs(404,18): error TS2304: Cannot find name 'runNpmAudit'.
ai-platform/src/api/simplebeacon-api.cjs(418,14): error TS1064: The return type of an async function or method must be the global Promise<T> type. Did you mean to write 'Promise<any>'?
ai-platform/src/api/simplebeacon-api.cjs(454,52): error TS2345: Argument of type '{ type: string; version: string; generatedAt: string; projectPath: string; summary: any; categories: any; findings: any; gate: { pass: boolean; score: any; }; }' is not assignable to parameter of type 'number'.
ai-platform/src/api/simplebeacon-api.cjs(599,18): error TS2339: Property 'status' does not exist on type 'any[]'.
ai-platform/src/api/simplebeacon-api.cjs(810,30): error TS2339: Property 'warnings' does not exist on type '{ valid: boolean; errors?: string[]; }'.
ai-platform/src/api/simplebeacon-api.cjs(820,30): error TS2339: Property 'warnings' does not exist on type '{ valid: boolean; errors?: string[]; }'.
ai-platform/src/api/simplebeacon-api.cjs(984,64): error TS2554: Expected 1 arguments, but got 2.
ai-platform/src/api/simplebeacon-api.cjs(1106,15): error TS18004: No value exists in scope for the shorthand property 'scanCmd'. Either declare one or provide an initializer.
ai-platform/src/api/simplebeacon-api.cjs(1127,11): error TS18004: No value exists in scope for the shorthand property 'scanCmd'. Either declare one or provide an initializer.
ai-platform/src/api/simplebeacon-api.cjs(1359,45): error TS2339: Property 'postWebhook' does not exist on type '{ startScheduler: Function; runScheduledScanAndDeliver: Function; readScheduleConfig: Function; writeScheduleConfig: Function; }'.
ai-platform/src/api/simplebeacon-api.cjs(1378,17): error TS2339: Property 'postWebhook' does not exist on type '{ startScheduler: Function; runScheduledScanAndDeliver: Function; readScheduleConfig: Function; writeScheduleConfig: Function; }'.
ai-platform/src/api/simplebeacon-billing-api.cjs(15,26): error TS2349: This expression is not callable.
  Type 'typeof import("C:/Users/Trevor/CascadeProjects/node_modules/express-rate-limit/dist/index")' has no call signatures.
ai-platform/src/api/simplebeacon-billing-api.cjs(173,17): error TS2322: Type 'string | Customer | DeletedCustomer' is not assignable to type 'string'.
  Type 'Customer' is not assignable to type 'string'.
ai-platform/src/api/simplebeacon-billing-api.cjs(248,17): error TS2322: Type 'string | Customer | DeletedCustomer' is not assignable to type 'string'.
  Type 'Customer' is not assignable to type 'string'.
ai-platform/src/api/simplebeacon-billing-api.cjs(249,17): error TS2322: Type 'string | Subscription' is not assignable to type 'string'.
  Type 'Subscription' is not assignable to type 'string'.
ai-platform/src/api/simplebeacon-billing-api.cjs(294,17): error TS2322: Type 'string | Customer | DeletedCustomer' is not assignable to type 'string'.
  Type 'Customer' is not assignable to type 'string'.
ai-platform/src/api/simplebeacon-billing-api.cjs(440,61): error TS2345: Argument of type '{ mode: string; customer_email: string; line_items: { price: any; quantity: number; }[]; success_url: string; cancel_url: string; metadata: { email: string; product: string; projectName: string; certClientName: string; }; }' is not assignable to parameter of type 'SessionCreateParams'.
  Types of property 'mode' are incompatible.
    Type 'string' is not assignable to type 'Mode'.
ai-platform/src/api/simplebeacon-billing-api.cjs(462,13): error TS2322: Type 'string | Customer | DeletedCustomer' is not assignable to type 'string'.
  Type 'Customer' is not assignable to type 'string'.
ai-platform/src/api/simplebeacon-billing-api.cjs(463,13): error TS2322: Type 'string | Subscription' is not assignable to type 'string'.
  Type 'Subscription' is not assignable to type 'string'.
ai-platform/src/api/simplebeacon-billing-api.cjs(475,15): error TS2322: Type 'string | Customer | DeletedCustomer' is not assignable to type 'string'.
  Type 'Customer' is not assignable to type 'string'.
ai-platform/src/api/simplebeacon-billing-api.cjs(627,9): error TS2353: Object literal may only specify known properties, and 'lastDeliveryId' does not exist in type 'Partial<SubscriptionRecord>'.
ai-platform/src/api/simplebeacon-billing-api.cjs(699,32): error TS2339: Property 'lastDeliveryId' does not exist on type 'SubscriptionRecord'.
ai-platform/src/api/simplebeacon-billing-api.cjs(700,33): error TS2339: Property 'lastDeliveredAt' does not exist on type 'SubscriptionRecord'.
ai-platform/src/api/simplebeacon-billing-api.cjs(701,36): error TS2339: Property 'lastDeliveryStatus' does not exist on type 'SubscriptionRecord'.
ai-platform/src/api/simplebeacon-billing-api.cjs(702,42): error TS2339: Property 'certificateHtmlGenerated' does not exist on type 'SubscriptionRecord'.
ai-platform/src/core/RoadmapDataAnalyzer.cjs(283,45): error TS2339: Property 'walkCodeFiles' does not exist on type 'RoadmapDataAnalyzer'.
ai-platform/src/lib/app-logger.cjs(65,12): error TS2339: Property 'AppLogger' does not exist on type 'typeof window'.
ai-platform/src/lib/production-logger.cjs(10,24): error TS2307: Cannot find module '../../server/lib/app-logger' or its corresponding type declarations.
ai-platform/src/lib/production-logger.cjs(23,47): error TS2339: Property 'location' does not exist on type 'typeof window'.
ai-platform/src/lib/production-logger.cjs(23,66): error TS2339: Property 'location' does not exist on type 'typeof window'.
ai-platform/src/lib/production-logger.cjs(24,53): error TS2339: Property 'location' does not exist on type 'typeof window'.
ai-platform/src/lib/production-logger.cjs(43,47): error TS2339: Property 'logger' does not exist on type 'typeof window'.
ai-platform/src/lib/production-logger.cjs(43,71): error TS2339: Property 'logger' does not exist on type 'typeof window'.
ai-platform/src/lib/production-logger.cjs(44,12): error TS2339: Property 'logger' does not exist on type 'typeof window'.
ai-platform/tests/assessment-controller.test.js(10,1): error TS2304: Cannot find name 'jest'.
ai-platform/tests/assessment-controller.test.js(11,26): error TS2304: Cannot find name 'jest'.
ai-platform/tests/assessment-controller.test.js(17,17): error TS2304: Cannot find name 'jest'.
ai-platform/tests/assessment-controller.test.js(18,21): error TS2304: Cannot find name 'jest'.
ai-platform/tests/assessment-controller.test.js(19,27): error TS2304: Cannot find name 'jest'.
ai-platform/tests/assessment-controller.test.js(20,24): error TS2304: Cannot find name 'jest'.
ai-platform/tests/assessment-controller.test.js(21,12): error TS2304: Cannot find name 'jest'.
ai-platform/tests/assessment-controller.test.js(22,23): error TS2304: Cannot find name 'jest'.
ai-platform/tests/assessment-controller.test.js(25,1): error TS2304: Cannot find name 'jest'.
ai-platform/tests/assessment-controller.test.js(26,20): error TS2304: Cannot find name 'jest'.
ai-platform/tests/assessment-controller.test.js(27,31): error TS2304: Cannot find name 'jest'.
ai-platform/tests/assessment-controller.test.js(28,26): error TS2304: Cannot find name 'jest'.
ai-platform/tests/assessment-controller.test.js(34,1): error TS2304: Cannot find name 'jest'.
ai-platform/tests/assessment-controller.test.js(35,18): error TS2304: Cannot find name 'jest'.
ai-platform/tests/assessment-controller.test.js(38,1): error TS2304: Cannot find name 'jest'.
ai-platform/tests/assessment-controller.test.js(39,32): error TS2304: Cannot find name 'jest'.
ai-platform/tests/assessment-controller.test.js(40,27): error TS2304: Cannot find name 'jest'.
ai-platform/tests/assessment-controller.test.js(45,1): error TS2582: Cannot find name 'describe'. Do you need to install type definitions for a test runner? Try `npm i --save-dev @types/jest` or `npm i --save-dev @types/mocha`.
ai-platform/tests/assessment-controller.test.js(46,3): error TS2304: Cannot find name 'beforeEach'.
ai-platform/tests/assessment-controller.test.js(47,5): error TS2304: Cannot find name 'jest'.
ai-platform/tests/assessment-controller.test.js(50,3): error TS2582: Cannot find name 'describe'. Do you need to install type definitions for a test runner? Try `npm i --save-dev @types/jest` or `npm i --save-dev @types/mocha`.
ai-platform/tests/assessment-controller.test.js(51,5): error TS2582: Cannot find name 'test'. Do you need to install type definitions for a test runner? Try `npm i --save-dev @types/jest` or `npm i --save-dev @types/mocha`.
ai-platform/tests/assessment-controller.test.js(52,7): error TS2304: Cannot find name 'expect'.
ai-platform/tests/assessment-controller.test.js(55,5): error TS2582: Cannot find name 'test'. Do you need to install type definitions for a test runner? Try `npm i --save-dev @types/jest` or `npm i --save-dev @types/mocha`.
ai-platform/tests/assessment-controller.test.js(56,7): error TS2304: Cannot find name 'expect'.
ai-platform/tests/assessment-controller.test.js(60,3): error TS2582: Cannot find name 'describe'. Do you need to install type definitions for a test runner? Try `npm i --save-dev @types/jest` or `npm i --save-dev @types/mocha`.
ai-platform/tests/assessment-controller.test.js(61,5): error TS2582: Cannot find name 'test'. Do you need to install type definitions for a test runner? Try `npm i --save-dev @types/jest` or `npm i --save-dev @types/mocha`.
ai-platform/tests/assessment-controller.test.js(62,19): error TS2304: Cannot find name 'jest'.
ai-platform/tests/assessment-controller.test.js(66,7): error TS2304: Cannot find name 'expect'.
ai-platform/tests/assessment-controller.test.js(71,3): error TS2582: Cannot find name 'describe'. Do you need to install type definitions for a test runner? Try `npm i --save-dev @types/jest` or `npm i --save-dev @types/mocha`.
ai-platform/tests/assessment-controller.test.js(72,5): error TS2582: Cannot find name 'test'. Do you need to install type definitions for a test runner? Try `npm i --save-dev @types/jest` or `npm i --save-dev @types/mocha`.
ai-platform/tests/assessment-controller.test.js(73,19): error TS2304: Cannot find name 'jest'.
ai-platform/tests/assessment-controller.test.js(77,7): error TS2304: Cannot find name 'expect'.
ai-platform/tests/assessment-controller.test.js(78,7): error TS2304: Cannot find name 'expect'.
ai-platform/tests/assessment-controller.test.js(83,3): error TS2582: Cannot find name 'describe'. Do you need to install type definitions for a test runner? Try `npm i --save-dev @types/jest` or `npm i --save-dev @types/mocha`.
ai-platform/tests/assessment-controller.test.js(84,5): error TS2582: Cannot find name 'test'. Do you need to install type definitions for a test runner? Try `npm i --save-dev @types/jest` or `npm i --save-dev @types/mocha`.
ai-platform/tests/assessment-controller.test.js(85,19): error TS2304: Cannot find name 'jest'.
ai-platform/tests/assessment-controller.test.js(89,7): error TS2304: Cannot find name 'expect'.
ai-platform/tests/assessment-controller.test.js(90,7): error TS2304: Cannot find name 'expect'.
ai-platform/tests/assessment-controller.test.js(95,3): error TS2582: Cannot find name 'describe'. Do you need to install type definitions for a test runner? Try `npm i --save-dev @types/jest` or `npm i --save-dev @types/mocha`.
ai-platform/tests/assessment-controller.test.js(96,5): error TS2582: Cannot find name 'test'. Do you need to install type definitions for a test runner? Try `npm i --save-dev @types/jest` or `npm i --save-dev @types/mocha`.
ai-platform/tests/assessment-controller.test.js(98,29): error TS2304: Cannot find name 'jest'.
ai-platform/tests/assessment-controller.test.js(98,63): error TS2304: Cannot find name 'jest'.
ai-platform/tests/assessment-controller.test.js(100,7): error TS2304: Cannot find name 'expect'.
ai-platform/tests/assessment-controller.test.js(101,7): error TS2304: Cannot find name 'expect'.
ai-platform/tests/assessment-controller.test.js(101,45): error TS2304: Cannot find name 'expect'.
ai-platform/tests/assessment-controller.test.js(107,5): error TS2582: Cannot find name 'test'. Do you need to install type definitions for a test runner? Try `npm i --save-dev @types/jest` or `npm i --save-dev @types/mocha`.
ai-platform/tests/assessment-controller.test.js(109,29): error TS2304: Cannot find name 'jest'.
ai-platform/tests/assessment-controller.test.js(109,63): error TS2304: Cannot find name 'jest'.
ai-platform/tests/assessment-controller.test.js(111,7): error TS2304: Cannot find name 'expect'.
ai-platform/tests/assessment-controller.test.js(112,7): error TS2304: Cannot find name 'expect'.
ai-platform/tests/assessment-controller.test.js(112,45): error TS2304: Cannot find name 'expect'.
ai-platform/tests/assessment-controller.test.js(119,3): error TS2582: Cannot find name 'describe'. Do you need to install type definitions for a test runner? Try `npm i --save-dev @types/jest` or `npm i --save-dev @types/mocha`.
ai-platform/tests/assessment-controller.test.js(120,5): error TS2582: Cannot find name 'test'. Do you need to install type definitions for a test runner? Try `npm i --save-dev @types/jest` or `npm i --save-dev @types/mocha`.
ai-platform/tests/assessment-controller.test.js(122,29): error TS2304: Cannot find name 'jest'.
ai-platform/tests/assessment-controller.test.js(122,63): error TS2304: Cannot find name 'jest'.
ai-platform/tests/assessment-controller.test.js(124,7): error TS2304: Cannot find name 'jest'.
ai-platform/tests/assessment-controller.test.js(127,7): error TS2304: Cannot find name 'expect'.
ai-platform/tests/assessment-controller.test.js(128,7): error TS2304: Cannot find name 'expect'.
ai-platform/tests/assessment-controller.test.js(128,45): error TS2304: Cannot find name 'expect'.
ai-platform/tests/assessment-controller.test.js(131,5): error TS2582: Cannot find name 'test'. Do you need to install type definitions for a test runner? Try `npm i --save-dev @types/jest` or `npm i --save-dev @types/mocha`.
ai-platform/tests/assessment-controller.test.js(133,27): error TS2304: Cannot find name 'jest'.
ai-platform/tests/assessment-controller.test.js(135,7): error TS2304: Cannot find name 'jest'.
ai-platform/tests/assessment-controller.test.js(138,7): error TS2304: Cannot find name 'expect'.
ai-platform/tests/assessment-controller.test.js(138,45): error TS2304: Cannot find name 'expect'.
ai-platform/tests/assessment-controller.test.js(146,3): error TS2582: Cannot find name 'describe'. Do you need to install type definitions for a test runner? Try `npm i --save-dev @types/jest` or `npm i --save-dev @types/mocha`.
ai-platform/tests/assessment-controller.test.js(147,5): error TS2582: Cannot find name 'test'. Do you need to install type definitions for a test runner? Try `npm i --save-dev @types/jest` or `npm i --save-dev @types/mocha`.
ai-platform/tests/assessment-controller.test.js(149,29): error TS2304: Cannot find name 'jest'.
ai-platform/tests/assessment-controller.test.js(149,63): error TS2304: Cannot find name 'jest'.
ai-platform/tests/assessment-controller.test.js(152,30): error TS2304: Cannot find name 'jest'.
ai-platform/tests/assessment-controller.test.js(155,7): error TS2304: Cannot find name 'expect'.
ai-platform/tests/assessment-controller.test.js(160,5): error TS2582: Cannot find name 'test'. Do you need to install type definitions for a test runner? Try `npm i --save-dev @types/jest` or `npm i --save-dev @types/mocha`.
ai-platform/tests/assessment-controller.test.js(163,20): error TS2304: Cannot find name 'jest'.
ai-platform/tests/assessment-controller.test.js(164,15): error TS2304: Cannot find name 'jest'.
ai-platform/tests/assessment-controller.test.js(165,17): error TS2304: Cannot find name 'jest'.
ai-platform/tests/assessment-controller.test.js(166,15): error TS2304: Cannot find name 'jest'.
ai-platform/tests/assessment-controller.test.js(170,30): error TS2304: Cannot find name 'jest'.
ai-platform/tests/assessment-controller.test.js(173,7): error TS2304: Cannot find name 'expect'.
ai-platform/tests/assessment-controller.test.js(174,7): error TS2304: Cannot find name 'expect'.
ai-platform/tests/assessment-controller.test.js(179,5): error TS2582: Cannot find name 'test'. Do you need to install type definitions for a test runner? Try `npm i --save-dev @types/jest` or `npm i --save-dev @types/mocha`.
ai-platform/tests/assessment-controller.test.js(182,20): error TS2304: Cannot find name 'jest'.
ai-platform/tests/assessment-controller.test.js(183,15): error TS2304: Cannot find name 'jest'.
ai-platform/tests/assessment-controller.test.js(184,17): error TS2304: Cannot find name 'jest'.
ai-platform/tests/assessment-controller.test.js(185,15): error TS2304: Cannot find name 'jest'.
ai-platform/tests/assessment-controller.test.js(189,30): error TS2304: Cannot find name 'jest'.
ai-platform/tests/assessment-controller.test.js(192,7): error TS2304: Cannot find name 'expect'.
ai-platform/tests/assessment-controller.test.js(198,3): error TS2582: Cannot find name 'describe'. Do you need to install type definitions for a test runner? Try `npm i --save-dev @types/jest` or `npm i --save-dev @types/mocha`.
ai-platform/tests/assessment-controller.test.js(199,5): error TS2582: Cannot find name 'test'. Do you need to install type definitions for a test runner? Try `npm i --save-dev @types/jest` or `npm i --save-dev @types/mocha`.
ai-platform/tests/assessment-controller.test.js(201,30): error TS2304: Cannot find name 'jest'.
ai-platform/tests/assessment-controller.test.js(204,7): error TS2304: Cannot find name 'expect'.
ai-platform/tests/assessment-controller.test.js(209,5): error TS2582: Cannot find name 'test'. Do you need to install type definitions for a test runner? Try `npm i --save-dev @types/jest` or `npm i --save-dev @types/mocha`.
ai-platform/tests/assessment-controller.test.js(211,30): error TS2304: Cannot find name 'jest'.
ai-platform/tests/assessment-controller.test.js(213,13): error TS2304: Cannot find name 'expect'.
ai-platform/tests/assessment-controller.test.js(219,3): error TS2582: Cannot find name 'describe'. Do you need to install type definitions for a test runner? Try `npm i --save-dev @types/jest` or `npm i --save-dev @types/mocha`.
ai-platform/tests/assessment-controller.test.js(220,5): error TS2582: Cannot find name 'test'. Do you need to install type definitions for a test runner? Try `npm i --save-dev @types/jest` or `npm i --save-dev @types/mocha`.
ai-platform/tests/assessment-controller.test.js(225,27): error TS2304: Cannot find name 'jest'.
ai-platform/tests/assessment-controller.test.js(228,40): error TS2304: Cannot find name 'jest'.
ai-platform/tests/assessment-controller.test.js(230,49): error TS2304: Cannot find name 'jest'.
ai-platform/tests/assessment-controller.test.js(232,50): error TS2304: Cannot find name 'jest'.
ai-platform/tests/assessment-controller.test.js(234,31): error TS2304: Cannot find name 'jest'.
ai-platform/tests/assessment-controller.test.js(236,27): error TS2304: Cannot find name 'jest'.
ai-platform/tests/assessment-controller.test.js(240,7): error TS2304: Cannot find name 'expect'.
ai-platform/tests/assessment-controller.test.js(240,45): error TS2304: Cannot find name 'expect'.
ai-platform/tests/assessment-controller.test.js(242,23): error TS2304: Cannot find name 'expect'.
ai-platform/tests/assessment-controller.test.js(243,20): error TS2304: Cannot find name 'expect'.
ai-platform/tests/assessment-controller.test.js(253,5): error TS2582: Cannot find name 'test'. Do you need to install type definitions for a test runner? Try `npm i --save-dev @types/jest` or `npm i --save-dev @types/mocha`.
ai-platform/tests/assessment-controller.test.js(258,27): error TS2304: Cannot find name 'jest'.
ai-platform/tests/assessment-controller.test.js(261,50): error TS2304: Cannot find name 'jest'.
ai-platform/tests/assessment-controller.test.js(263,31): error TS2304: Cannot find name 'jest'.
ai-platform/tests/assessment-controller.test.js(265,27): error TS2304: Cannot find name 'jest'.
ai-platform/tests/assessment-controller.test.js(269,7): error TS2304: Cannot find name 'expect'.
ai-platform/tests/assessment-controller.test.js(269,45): error TS2304: Cannot find name 'expect'.
ai-platform/tests/assessment-controller.test.js(276,5): error TS2582: Cannot find name 'test'. Do you need to install type definitions for a test runner? Try `npm i --save-dev @types/jest` or `npm i --save-dev @types/mocha`.
ai-platform/tests/assessment-controller.test.js(281,29): error TS2304: Cannot find name 'jest'.
ai-platform/tests/assessment-controller.test.js(281,63): error TS2304: Cannot find name 'jest'.
ai-platform/tests/assessment-controller.test.js(284,40): error TS2304: Cannot find name 'jest'.
ai-platform/tests/assessment-controller.test.js(286,49): error TS2304: Cannot find name 'jest'.
ai-platform/tests/assessment-controller.test.js(288,50): error TS2304: Cannot find name 'jest'.
ai-platform/tests/assessment-controller.test.js(290,27): error TS2304: Cannot find name 'jest'.
ai-platform/tests/assessment-controller.test.js(294,7): error TS2304: Cannot find name 'expect'.
ai-platform/tests/assessment-controller.test.js(295,7): error TS2304: Cannot find name 'expect'.
ai-platform/tests/assessment-controller.test.js(295,45): error TS2304: Cannot find name 'expect'.
ai-platform/tests/assessment-controller.test.js(304,3): error TS2582: Cannot find name 'describe'. Do you need to install type definitions for a test runner? Try `npm i --save-dev @types/jest` or `npm i --save-dev @types/mocha`.
ai-platform/tests/assessment-controller.test.js(305,5): error TS2582: Cannot find name 'test'. Do you need to install type definitions for a test runner? Try `npm i --save-dev @types/jest` or `npm i --save-dev @types/mocha`.
ai-platform/tests/assessment-controller.test.js(307,30): error TS2304: Cannot find name 'jest'.
ai-platform/tests/assessment-controller.test.js(309,13): error TS2304: Cannot find name 'expect'.
ai-platform/tests/assessment-controller.test.js(315,3): error TS2582: Cannot find name 'describe'. Do you need to install type definitions for a test runner? Try `npm i --save-dev @types/jest` or `npm i --save-dev @types/mocha`.
ai-platform/tests/assessment-controller.test.js(316,5): error TS2582: Cannot find name 'test'. Do you need to install type definitions for a test runner? Try `npm i --save-dev @types/jest` or `npm i --save-dev @types/mocha`.
ai-platform/tests/assessment-controller.test.js(319,23): error TS2304: Cannot find name 'jest'.
ai-platform/tests/assessment-controller.test.js(320,24): error TS2304: Cannot find name 'jest'.
ai-platform/tests/assessment-controller.test.js(323,7): error TS2304: Cannot find name 'expect'.
ai-platform/tests/assessment-controller.test.js(329,5): error TS2582: Cannot find name 'test'. Do you need to install type definitions for a test runner? Try `npm i --save-dev @types/jest` or `npm i --save-dev @types/mocha`.
ai-platform/tests/assessment-controller.test.js(332,23): error TS2304: Cannot find name 'jest'.
ai-platform/tests/assessment-controller.test.js(333,24): error TS2304: Cannot find name 'jest'.
ai-platform/tests/assessment-controller.test.js(336,7): error TS2304: Cannot find name 'expect'.
ai-platform/tests/auth-advanced.test.js(17,1): error TS2582: Cannot find name 'describe'. Do you need to install type definitions for a test runner? Try `npm i --save-dev @types/jest` or `npm i --save-dev @types/mocha`.
ai-platform/tests/auth-advanced.test.js(20,3): error TS2304: Cannot find name 'afterEach'.
ai-platform/tests/auth-advanced.test.js(24,3): error TS2582: Cannot find name 'describe'. Do you need to install type definitions for a test runner? Try `npm i --save-dev @types/jest` or `npm i --save-dev @types/mocha`.
ai-platform/tests/auth-advanced.test.js(25,5): error TS2582: Cannot find name 'test'. Do you need to install type definitions for a test runner? Try `npm i --save-dev @types/jest` or `npm i --save-dev @types/mocha`.
ai-platform/tests/auth-advanced.test.js(27,7): error TS2304: Cannot find name 'expect'.
ai-platform/tests/auth-advanced.test.js(28,7): error TS2304: Cannot find name 'expect'.
ai-platform/tests/auth-advanced.test.js(31,5): error TS2582: Cannot find name 'test'. Do you need to install type definitions for a test runner? Try `npm i --save-dev @types/jest` or `npm i --save-dev @types/mocha`.
ai-platform/tests/auth-advanced.test.js(34,7): error TS2304: Cannot find name 'expect'.
ai-platform/tests/auth-advanced.test.js(37,5): error TS2582: Cannot find name 'test'. Do you need to install type definitions for a test runner? Try `npm i --save-dev @types/jest` or `npm i --save-dev @types/mocha`.
ai-platform/tests/auth-advanced.test.js(38,7): error TS2304: Cannot find name 'expect'.
ai-platform/tests/auth-advanced.test.js(41,5): error TS2582: Cannot find name 'test'. Do you need to install type definitions for a test runner? Try `npm i --save-dev @types/jest` or `npm i --save-dev @types/mocha`.
ai-platform/tests/auth-advanced.test.js(43,7): error TS2304: Cannot find name 'expect'.
ai-platform/tests/auth-advanced.test.js(46,5): error TS2582: Cannot find name 'test'. Do you need to install type definitions for a test runner? Try `npm i --save-dev @types/jest` or `npm i --save-dev @types/mocha`.
ai-platform/tests/auth-advanced.test.js(49,7): error TS2304: Cannot find name 'expect'.
ai-platform/tests/auth-advanced.test.js(52,7): error TS2304: Cannot find name 'expect'.
ai-platform/tests/auth-advanced.test.js(56,3): error TS2582: Cannot find name 'describe'. Do you need to install type definitions for a test runner? Try `npm i --save-dev @types/jest` or `npm i --save-dev @types/mocha`.
ai-platform/tests/auth-advanced.test.js(57,5): error TS2582: Cannot find name 'test'. Do you need to install type definitions for a test runner? Try `npm i --save-dev @types/jest` or `npm i --save-dev @types/mocha`.
ai-platform/tests/auth-advanced.test.js(63,7): error TS2304: Cannot find name 'expect'.
ai-platform/tests/auth-advanced.test.js(64,7): error TS2304: Cannot find name 'expect'.
ai-platform/tests/auth-advanced.test.js(67,5): error TS2582: Cannot find name 'test'. Do you need to install type definitions for a test runner? Try `npm i --save-dev @types/jest` or `npm i --save-dev @types/mocha`.
ai-platform/tests/auth-advanced.test.js(74,7): error TS2304: Cannot find name 'expect'.
ai-platform/tests/auth-advanced.test.js(77,5): error TS2582: Cannot find name 'test'. Do you need to install type definitions for a test runner? Try `npm i --save-dev @types/jest` or `npm i --save-dev @types/mocha`.
ai-platform/tests/auth-advanced.test.js(80,7): error TS2304: Cannot find name 'expect'.
ai-platform/tests/auth-advanced.test.js(81,7): error TS2304: Cannot find name 'expect'.
ai-platform/tests/auth-advanced.test.js(85,3): error TS2582: Cannot find name 'describe'. Do you need to install type definitions for a test runner? Try `npm i --save-dev @types/jest` or `npm i --save-dev @types/mocha`.
ai-platform/tests/auth-advanced.test.js(86,5): error TS2304: Cannot find name 'beforeEach'.
ai-platform/tests/auth-advanced.test.js(87,7): error TS2304: Cannot find name 'jest'.
ai-platform/tests/auth-advanced.test.js(90,5): error TS2304: Cannot find name 'afterEach'.
ai-platform/tests/auth-advanced.test.js(91,7): error TS2304: Cannot find name 'jest'.
ai-platform/tests/auth-advanced.test.js(94,5): error TS2582: Cannot find name 'test'. Do you need to install type definitions for a test runner? Try `npm i --save-dev @types/jest` or `npm i --save-dev @types/mocha`.
ai-platform/tests/auth-advanced.test.js(104,29): error TS2304: Cannot find name 'jest'.
ai-platform/tests/auth-advanced.test.js(104,63): error TS2304: Cannot find name 'jest'.
ai-platform/tests/auth-advanced.test.js(105,20): error TS2304: Cannot find name 'jest'.
ai-platform/tests/auth-advanced.test.js(107,7): error TS2304: Cannot find name 'expect'.
ai-platform/tests/auth-advanced.test.js(108,7): error TS2304: Cannot find name 'expect'.
ai-platform/tests/auth-advanced.test.js(112,3): error TS2582: Cannot find name 'describe'. Do you need to install type definitions for a test runner? Try `npm i --save-dev @types/jest` or `npm i --save-dev @types/mocha`.
ai-platform/tests/auth-advanced.test.js(113,5): error TS2582: Cannot find name 'test'. Do you need to install type definitions for a test runner? Try `npm i --save-dev @types/jest` or `npm i --save-dev @types/mocha`.
ai-platform/tests/auth-advanced.test.js(119,29): error TS2304: Cannot find name 'jest'.
ai-platform/tests/auth-advanced.test.js(119,63): error TS2304: Cannot find name 'jest'.
ai-platform/tests/auth-advanced.test.js(120,20): error TS2304: Cannot find name 'jest'.
ai-platform/tests/auth-advanced.test.js(122,7): error TS2304: Cannot find name 'expect'.
ai-platform/tests/auth-advanced.test.js(123,7): error TS2304: Cannot find name 'expect'.
ai-platform/tests/auth-advanced.test.js(123,45): error TS2304: Cannot find name 'expect'.
ai-platform/tests/auth-advanced.test.js(129,5): error TS2582: Cannot find name 'test'. Do you need to install type definitions for a test runner? Try `npm i --save-dev @types/jest` or `npm i --save-dev @types/mocha`.
ai-platform/tests/auth-advanced.test.js(135,29): error TS2304: Cannot find name 'jest'.
ai-platform/tests/auth-advanced.test.js(135,63): error TS2304: Cannot find name 'jest'.
ai-platform/tests/auth-advanced.test.js(136,20): error TS2304: Cannot find name 'jest'.
ai-platform/tests/auth-advanced.test.js(138,7): error TS2304: Cannot find name 'expect'.
ai-platform/tests/auth-advanced.test.js(139,7): error TS2304: Cannot find name 'expect'.
ai-platform/tests/auth-advanced.test.js(142,5): error TS2582: Cannot find name 'test'. Do you need to install type definitions for a test runner? Try `npm i --save-dev @types/jest` or `npm i --save-dev @types/mocha`.
ai-platform/tests/auth-advanced.test.js(152,29): error TS2304: Cannot find name 'jest'.
ai-platform/tests/auth-advanced.test.js(152,63): error TS2304: Cannot find name 'jest'.
ai-platform/tests/auth-advanced.test.js(153,20): error TS2304: Cannot find name 'jest'.
ai-platform/tests/auth-advanced.test.js(155,7): error TS2304: Cannot find name 'expect'.
ai-platform/tests/auth-advanced.test.js(156,7): error TS2304: Cannot find name 'expect'.
ai-platform/tests/auth-advanced.test.js(160,3): error TS2582: Cannot find name 'describe'. Do you need to install type definitions for a test runner? Try `npm i --save-dev @types/jest` or `npm i --save-dev @types/mocha`.
ai-platform/tests/auth-advanced.test.js(161,5): error TS2582: Cannot find name 'test'. Do you need to install type definitions for a test runner? Try `npm i --save-dev @types/jest` or `npm i --save-dev @types/mocha`.
ai-platform/tests/auth-advanced.test.js(163,29): error TS2304: Cannot find name 'jest'.
ai-platform/tests/auth-advanced.test.js(163,63): error TS2304: Cannot find name 'jest'.
ai-platform/tests/auth-advanced.test.js(164,20): error TS2304: Cannot find name 'jest'.
ai-platform/tests/auth-advanced.test.js(166,7): error TS2304: Cannot find name 'expect'.
ai-platform/tests/auth-advanced.test.js(169,5): error TS2582: Cannot find name 'test'. Do you need to install type definitions for a test runner? Try `npm i --save-dev @types/jest` or `npm i --save-dev @types/mocha`.
ai-platform/tests/auth-advanced.test.js(171,29): error TS2304: Cannot find name 'jest'.
ai-platform/tests/auth-advanced.test.js(171,63): error TS2304: Cannot find name 'jest'.
ai-platform/tests/auth-advanced.test.js(172,20): error TS2304: Cannot find name 'jest'.
ai-platform/tests/auth-advanced.test.js(174,7): error TS2304: Cannot find name 'expect'.
ai-platform/tests/auth-advanced.test.js(175,7): error TS2304: Cannot find name 'expect'.
ai-platform/tests/auth-advanced.test.js(175,45): error TS2304: Cannot find name 'expect'.
ai-platform/tests/auth-advanced.test.js(181,5): error TS2582: Cannot find name 'test'. Do you need to install type definitions for a test runner? Try `npm i --save-dev @types/jest` or `npm i --save-dev @types/mocha`.
ai-platform/tests/auth-advanced.test.js(183,29): error TS2304: Cannot find name 'jest'.
ai-platform/tests/auth-advanced.test.js(183,63): error TS2304: Cannot find name 'jest'.
ai-platform/tests/auth-advanced.test.js(184,20): error TS2304: Cannot find name 'jest'.
ai-platform/tests/auth-advanced.test.js(186,7): error TS2304: Cannot find name 'expect'.
ai-platform/tests/auth-advanced.test.js(190,3): error TS2582: Cannot find name 'describe'. Do you need to install type definitions for a test runner? Try `npm i --save-dev @types/jest` or `npm i --save-dev @types/mocha`.
ai-platform/tests/auth-advanced.test.js(191,5): error TS2582: Cannot find name 'test'. Do you need to install type definitions for a test runner? Try `npm i --save-dev @types/jest` or `npm i --save-dev @types/mocha`.
ai-platform/tests/auth-advanced.test.js(193,29): error TS2304: Cannot find name 'jest'.
ai-platform/tests/auth-advanced.test.js(193,63): error TS2304: Cannot find name 'jest'.
ai-platform/tests/auth-advanced.test.js(195,7): error TS2304: Cannot find name 'expect'.
ai-platform/tests/auth-advanced.test.js(196,7): error TS2304: Cannot find name 'expect'.
ai-platform/tests/auth-advanced.test.js(196,45): error TS2304: Cannot find name 'expect'.
ai-platform/tests/auth-middleware.test.js(19,1): error TS2582: Cannot find name 'describe'. Do you need to install type definitions for a test runner? Try `npm i --save-dev @types/jest` or `npm i --save-dev @types/mocha`.
ai-platform/tests/auth-middleware.test.js(20,3): error TS2582: Cannot find name 'describe'. Do you need to install type definitions for a test runner? Try `npm i --save-dev @types/jest` or `npm i --save-dev @types/mocha`.
ai-platform/tests/auth-middleware.test.js(21,5): error TS2582: Cannot find name 'test'. Do you need to install type definitions for a test runner? Try `npm i --save-dev @types/jest` or `npm i --save-dev @types/mocha`.
ai-platform/tests/auth-middleware.test.js(29,7): error TS2304: Cannot find name 'expect'.
ai-platform/tests/auth-middleware.test.js(32,7): error TS2304: Cannot find name 'expect'.
ai-platform/tests/auth-middleware.test.js(32,22): error TS2339: Property 'sub' does not exist on type 'Promise<any>'.
ai-platform/tests/auth-middleware.test.js(33,7): error TS2304: Cannot find name 'expect'.
ai-platform/tests/auth-middleware.test.js(33,22): error TS2339: Property 'email' does not exist on type 'Promise<any>'.
ai-platform/tests/auth-middleware.test.js(34,7): error TS2304: Cannot find name 'expect'.
ai-platform/tests/auth-middleware.test.js(34,22): error TS2339: Property 'trustLevel' does not exist on type 'Promise<any>'.
ai-platform/tests/auth-middleware.test.js(37,5): error TS2582: Cannot find name 'test'. Do you need to install type definitions for a test runner? Try `npm i --save-dev @types/jest` or `npm i --save-dev @types/mocha`.
ai-platform/tests/auth-middleware.test.js(38,7): error TS2304: Cannot find name 'expect'.
ai-platform/tests/auth-middleware.test.js(42,3): error TS2582: Cannot find name 'describe'. Do you need to install type definitions for a test runner? Try `npm i --save-dev @types/jest` or `npm i --save-dev @types/mocha`.
ai-platform/tests/auth-middleware.test.js(43,5): error TS2582: Cannot find name 'test'. Do you need to install type definitions for a test runner? Try `npm i --save-dev @types/jest` or `npm i --save-dev @types/mocha`.
ai-platform/tests/auth-middleware.test.js(52,15): error TS2304: Cannot find name 'jest'.
ai-platform/tests/auth-middleware.test.js(53,17): error TS2304: Cannot find name 'jest'.
ai-platform/tests/auth-middleware.test.js(55,20): error TS2304: Cannot find name 'jest'.
ai-platform/tests/auth-middleware.test.js(59,7): error TS2304: Cannot find name 'expect'.
ai-platform/tests/auth-middleware.test.js(61,7): error TS2304: Cannot find name 'expect'.
ai-platform/tests/auth-middleware.test.js(62,7): error TS2304: Cannot find name 'expect'.
ai-platform/tests/auth-middleware.test.js(63,7): error TS2304: Cannot find name 'expect'.
ai-platform/tests/auth-middleware.test.js(66,5): error TS2582: Cannot find name 'test'. Do you need to install type definitions for a test runner? Try `npm i --save-dev @types/jest` or `npm i --save-dev @types/mocha`.
ai-platform/tests/auth-middleware.test.js(74,27): error TS2304: Cannot find name 'jest'.
ai-platform/tests/auth-middleware.test.js(74,46): error TS2304: Cannot find name 'jest'.
ai-platform/tests/auth-middleware.test.js(75,20): error TS2304: Cannot find name 'jest'.
ai-platform/tests/auth-middleware.test.js(80,7): error TS2304: Cannot find name 'expect'.
ai-platform/tests/auth-middleware.test.js(81,7): error TS2304: Cannot find name 'expect'.
ai-platform/tests/auth-middleware.test.js(84,5): error TS2582: Cannot find name 'test'. Do you need to install type definitions for a test runner? Try `npm i --save-dev @types/jest` or `npm i --save-dev @types/mocha`.
ai-platform/tests/auth-middleware.test.js(91,27): error TS2304: Cannot find name 'jest'.
ai-platform/tests/auth-middleware.test.js(91,46): error TS2304: Cannot find name 'jest'.
ai-platform/tests/auth-middleware.test.js(92,20): error TS2304: Cannot find name 'jest'.
ai-platform/tests/auth-middleware.test.js(95,7): error TS2304: Cannot find name 'expect'.
ai-platform/tests/auth-middleware.test.js(96,7): error TS2304: Cannot find name 'expect'.
ai-platform/tests/auth-middleware.test.js(100,3): error TS2582: Cannot find name 'describe'. Do you need to install type definitions for a test runner? Try `npm i --save-dev @types/jest` or `npm i --save-dev @types/mocha`.
ai-platform/tests/auth-middleware.test.js(101,5): error TS2582: Cannot find name 'test'. Do you need to install type definitions for a test runner? Try `npm i --save-dev @types/jest` or `npm i --save-dev @types/mocha`.
ai-platform/tests/auth-middleware.test.js(113,20): error TS2304: Cannot find name 'jest'.
ai-platform/tests/auth-middleware.test.js(116,7): error TS2304: Cannot find name 'expect'.
ai-platform/tests/auth-middleware.test.js(117,7): error TS2304: Cannot find name 'expect'.
ai-platform/tests/auth-middleware.test.js(118,7): error TS2304: Cannot find name 'expect'.
ai-platform/tests/auth-middleware.test.js(121,5): error TS2582: Cannot find name 'test'. Do you need to install type definitions for a test runner? Try `npm i --save-dev @types/jest` or `npm i --save-dev @types/mocha`.
ai-platform/tests/auth-middleware.test.js(123,29): error TS2304: Cannot find name 'jest'.
ai-platform/tests/auth-middleware.test.js(123,63): error TS2304: Cannot find name 'jest'.
ai-platform/tests/auth-middleware.test.js(124,20): error TS2304: Cannot find name 'jest'.
ai-platform/tests/auth-middleware.test.js(127,7): error TS2304: Cannot find name 'expect'.
ai-platform/tests/auth-middleware.test.js(128,7): error TS2304: Cannot find name 'expect'.
ai-platform/tests/auth-middleware.test.js(128,45): error TS2304: Cannot find name 'expect'.
ai-platform/tests/auth-middleware.test.js(131,5): error TS2582: Cannot find name 'test'. Do you need to install type definitions for a test runner? Try `npm i --save-dev @types/jest` or `npm i --save-dev @types/mocha`.
ai-platform/tests/auth-middleware.test.js(136,29): error TS2304: Cannot find name 'jest'.
ai-platform/tests/auth-middleware.test.js(136,63): error TS2304: Cannot find name 'jest'.
ai-platform/tests/auth-middleware.test.js(137,20): error TS2304: Cannot find name 'jest'.
ai-platform/tests/auth-middleware.test.js(140,7): error TS2304: Cannot find name 'expect'.
ai-platform/tests/auth-middleware.test.js(144,3): error TS2582: Cannot find name 'describe'. Do you need to install type definitions for a test runner? Try `npm i --save-dev @types/jest` or `npm i --save-dev @types/mocha`.
ai-platform/tests/auth-middleware.test.js(145,5): error TS2582: Cannot find name 'test'. Do you need to install type definitions for a test runner? Try `npm i --save-dev @types/jest` or `npm i --save-dev @types/mocha`.
ai-platform/tests/auth-middleware.test.js(147,29): error TS2304: Cannot find name 'jest'.
ai-platform/tests/auth-middleware.test.js(147,63): error TS2304: Cannot find name 'jest'.
ai-platform/tests/auth-middleware.test.js(148,20): error TS2304: Cannot find name 'jest'.
ai-platform/tests/auth-middleware.test.js(151,7): error TS2304: Cannot find name 'expect'.
ai-platform/tests/auth-middleware.test.js(154,5): error TS2582: Cannot find name 'test'. Do you need to install type definitions for a test runner? Try `npm i --save-dev @types/jest` or `npm i --save-dev @types/mocha`.
ai-platform/tests/auth-middleware.test.js(156,29): error TS2304: Cannot find name 'jest'.
ai-platform/tests/auth-middleware.test.js(156,63): error TS2304: Cannot find name 'jest'.
ai-platform/tests/auth-middleware.test.js(157,20): error TS2304: Cannot find name 'jest'.
ai-platform/tests/auth-middleware.test.js(160,7): error TS2304: Cannot find name 'expect'.
ai-platform/tests/auth-middleware.test.js(163,5): error TS2582: Cannot find name 'test'. Do you need to install type definitions for a test runner? Try `npm i --save-dev @types/jest` or `npm i --save-dev @types/mocha`.
ai-platform/tests/auth-middleware.test.js(165,29): error TS2304: Cannot find name 'jest'.
ai-platform/tests/auth-middleware.test.js(165,63): error TS2304: Cannot find name 'jest'.
ai-platform/tests/auth-middleware.test.js(166,20): error TS2304: Cannot find name 'jest'.
ai-platform/tests/auth-middleware.test.js(169,7): error TS2304: Cannot find name 'expect'.
ai-platform/tests/auth-middleware.test.js(173,3): error TS2582: Cannot find name 'describe'. Do you need to install type definitions for a test runner? Try `npm i --save-dev @types/jest` or `npm i --save-dev @types/mocha`.
ai-platform/tests/auth-middleware.test.js(174,5): error TS2582: Cannot find name 'test'. Do you need to install type definitions for a test runner? Try `npm i --save-dev @types/jest` or `npm i --save-dev @types/mocha`.
ai-platform/tests/auth-middleware.test.js(177,7): error TS2304: Cannot find name 'expect'.
ai-platform/tests/auth-middleware.test.js(180,7): error TS2304: Cannot find name 'expect'.
ai-platform/tests/auth-middleware.test.js(183,7): error TS2304: Cannot find name 'expect'.
ai-platform/tests/auth-middleware.test.js(187,3): error TS2582: Cannot find name 'describe'. Do you need to install type definitions for a test runner? Try `npm i --save-dev @types/jest` or `npm i --save-dev @types/mocha`.
ai-platform/tests/auth-middleware.test.js(188,5): error TS2582: Cannot find name 'test'. Do you need to install type definitions for a test runner? Try `npm i --save-dev @types/jest` or `npm i --save-dev @types/mocha`.
ai-platform/tests/auth-middleware.test.js(196,7): error TS2304: Cannot find name 'expect'.
ai-platform/tests/auth-middleware.test.js(199,5): error TS2582: Cannot find name 'test'. Do you need to install type definitions for a test runner? Try `npm i --save-dev @types/jest` or `npm i --save-dev @types/mocha`.
ai-platform/tests/auth-middleware.test.js(207,7): error TS2304: Cannot find name 'expect'.
ai-platform/tests/auth-middleware.test.js(211,3): error TS2582: Cannot find name 'describe'. Do you need to install type definitions for a test runner? Try `npm i --save-dev @types/jest` or `npm i --save-dev @types/mocha`.
ai-platform/tests/auth-middleware.test.js(212,5): error TS2582: Cannot find name 'test'. Do you need to install type definitions for a test runner? Try `npm i --save-dev @types/jest` or `npm i --save-dev @types/mocha`.
ai-platform/tests/auth-middleware.test.js(213,7): error TS2304: Cannot find name 'expect'.
ai-platform/tests/auth-middleware.test.js(214,7): error TS2304: Cannot find name 'expect'.
ai-platform/tests/auth-middleware.test.js(215,7): error TS2304: Cannot find name 'expect'.
ai-platform/tests/auth-middleware.test.js(216,7): error TS2304: Cannot find name 'expect'.
ai-platform/tests/auth-middleware.test.js(217,7): error TS2304: Cannot find name 'expect'.
ai-platform/tests/auth-routes.test.js(23,1): error TS2582: Cannot find name 'describe'. Do you need to install type definitions for a test runner? Try `npm i --save-dev @types/jest` or `npm i --save-dev @types/mocha`.
ai-platform/tests/auth-routes.test.js(26,3): error TS2304: Cannot find name 'beforeEach'.
ai-platform/tests/auth-routes.test.js(31,3): error TS2582: Cannot find name 'describe'. Do you need to install type definitions for a test runner? Try `npm i --save-dev @types/jest` or `npm i --save-dev @types/mocha`.
ai-platform/tests/auth-routes.test.js(32,5): error TS2582: Cannot find name 'test'. Do you need to install type definitions for a test runner? Try `npm i --save-dev @types/jest` or `npm i --save-dev @types/mocha`.
ai-platform/tests/auth-routes.test.js(37,7): error TS2304: Cannot find name 'expect'.
ai-platform/tests/auth-routes.test.js(38,7): error TS2304: Cannot find name 'expect'.
ai-platform/tests/auth-routes.test.js(39,7): error TS2304: Cannot find name 'expect'.
ai-platform/tests/auth-routes.test.js(40,7): error TS2304: Cannot find name 'expect'.
ai-platform/tests/auth-routes.test.js(43,5): error TS2582: Cannot find name 'test'. Do you need to install type definitions for a test runner? Try `npm i --save-dev @types/jest` or `npm i --save-dev @types/mocha`.
ai-platform/tests/auth-routes.test.js(48,7): error TS2304: Cannot find name 'expect'.
ai-platform/tests/auth-routes.test.js(49,7): error TS2304: Cannot find name 'expect'.
ai-platform/tests/auth-routes.test.js(50,7): error TS2304: Cannot find name 'expect'.
ai-platform/tests/auth-routes.test.js(53,5): error TS2582: Cannot find name 'test'. Do you need to install type definitions for a test runner? Try `npm i --save-dev @types/jest` or `npm i --save-dev @types/mocha`.
ai-platform/tests/auth-routes.test.js(58,7): error TS2304: Cannot find name 'expect'.
ai-platform/tests/auth-routes.test.js(59,7): error TS2304: Cannot find name 'expect'.
ai-platform/tests/auth-routes.test.js(63,3): error TS2582: Cannot find name 'describe'. Do you need to install type definitions for a test runner? Try `npm i --save-dev @types/jest` or `npm i --save-dev @types/mocha`.
ai-platform/tests/auth-routes.test.js(64,5): error TS2582: Cannot find name 'test'. Do you need to install type definitions for a test runner? Try `npm i --save-dev @types/jest` or `npm i --save-dev @types/mocha`.
ai-platform/tests/auth-routes.test.js(66,7): error TS2304: Cannot find name 'expect'.
ai-platform/tests/auth-routes.test.js(67,7): error TS2304: Cannot find name 'expect'.
ai-platform/tests/auth-routes.test.js(71,3): error TS2582: Cannot find name 'describe'. Do you need to install type definitions for a test runner? Try `npm i --save-dev @types/jest` or `npm i --save-dev @types/mocha`.
ai-platform/tests/auth-routes.test.js(72,5): error TS2582: Cannot find name 'test'. Do you need to install type definitions for a test runner? Try `npm i --save-dev @types/jest` or `npm i --save-dev @types/mocha`.
ai-platform/tests/auth-routes.test.js(82,7): error TS2304: Cannot find name 'expect'.
ai-platform/tests/auth-routes.test.js(83,7): error TS2304: Cannot find name 'expect'.
ai-platform/tests/auth-routes.test.js(84,7): error TS2304: Cannot find name 'expect'.
ai-platform/tests/auth-routes.test.js(87,5): error TS2582: Cannot find name 'test'. Do you need to install type definitions for a test runner? Try `npm i --save-dev @types/jest` or `npm i --save-dev @types/mocha`.
ai-platform/tests/auth-routes.test.js(89,7): error TS2304: Cannot find name 'expect'.
ai-platform/tests/auth-routes.test.js(90,7): error TS2304: Cannot find name 'expect'.
ai-platform/tests/auth-routes.test.js(94,3): error TS2582: Cannot find name 'describe'. Do you need to install type definitions for a test runner? Try `npm i --save-dev @types/jest` or `npm i --save-dev @types/mocha`.
ai-platform/tests/auth-routes.test.js(95,5): error TS2582: Cannot find name 'test'. Do you need to install type definitions for a test runner? Try `npm i --save-dev @types/jest` or `npm i --save-dev @types/mocha`.
ai-platform/tests/auth-routes.test.js(105,7): error TS2304: Cannot find name 'expect'.
ai-platform/tests/auth-routes.test.js(106,7): error TS2304: Cannot find name 'expect'.
ai-platform/tests/auth-routes.test.js(107,7): error TS2304: Cannot find name 'expect'.
ai-platform/tests/auth-routes.test.js(110,5): error TS2582: Cannot find name 'test'. Do you need to install type definitions for a test runner? Try `npm i --save-dev @types/jest` or `npm i --save-dev @types/mocha`.
ai-platform/tests/auth-routes.test.js(112,7): error TS2304: Cannot find name 'expect'.
ai-platform/tests/auth-routes.test.js(113,7): error TS2304: Cannot find name 'expect'.
ai-platform/tests/authService.test.js(11,1): error TS2739: Type '{ getItem: (k: string) => any; setItem: (k: string, v: string) => Map<any, any>; removeItem: (k: string) => boolean; }' is missing the following properties from type 'Storage': length, clear, key
ai-platform/tests/authService.test.js(97,1): error TS2582: Cannot find name 'describe'. Do you need to install type definitions for a test runner? Try `npm i --save-dev @types/jest` or `npm i --save-dev @types/mocha`.
ai-platform/tests/authService.test.js(98,3): error TS2304: Cannot find name 'beforeEach'.
ai-platform/tests/authService.test.js(102,3): error TS2582: Cannot find name 'describe'. Do you need to install type definitions for a test runner? Try `npm i --save-dev @types/jest` or `npm i --save-dev @types/mocha`.
ai-platform/tests/authService.test.js(103,5): error TS2582: Cannot find name 'test'. Do you need to install type definitions for a test runner? Try `npm i --save-dev @types/jest` or `npm i --save-dev @types/mocha`.
ai-platform/tests/authService.test.js(106,7): error TS2304: Cannot find name 'expect'.
ai-platform/tests/authService.test.js(107,7): error TS2304: Cannot find name 'expect'.
ai-platform/tests/authService.test.js(110,5): error TS2582: Cannot find name 'test'. Do you need to install type definitions for a test runner? Try `npm i --save-dev @types/jest` or `npm i --save-dev @types/mocha`.
ai-platform/tests/authService.test.js(114,7): error TS2304: Cannot find name 'expect'.
ai-platform/tests/authService.test.js(115,7): error TS2304: Cannot find name 'expect'.
ai-platform/tests/authService.test.js(116,7): error TS2304: Cannot find name 'expect'.
ai-platform/tests/authService.test.js(120,3): error TS2582: Cannot find name 'describe'. Do you need to install type definitions for a test runner? Try `npm i --save-dev @types/jest` or `npm i --save-dev @types/mocha`.
ai-platform/tests/authService.test.js(121,5): error TS2582: Cannot find name 'test'. Do you need to install type definitions for a test runner? Try `npm i --save-dev @types/jest` or `npm i --save-dev @types/mocha`.
ai-platform/tests/authService.test.js(124,7): error TS2304: Cannot find name 'expect'.
ai-platform/tests/authService.test.js(132,5): error TS2582: Cannot find name 'test'. Do you need to install type definitions for a test runner? Try `npm i --save-dev @types/jest` or `npm i --save-dev @types/mocha`.
ai-platform/tests/authService.test.js(135,7): error TS2304: Cannot find name 'expect'.
ai-platform/tests/authService.test.js(138,5): error TS2582: Cannot find name 'test'. Do you need to install type definitions for a test runner? Try `npm i --save-dev @types/jest` or `npm i --save-dev @types/mocha`.
ai-platform/tests/authService.test.js(140,7): error TS2304: Cannot find name 'expect'.
ai-platform/tests/authService.test.js(141,7): error TS2304: Cannot find name 'expect'.
ai-platform/tests/authService.test.js(144,5): error TS2582: Cannot find name 'test'. Do you need to install type definitions for a test runner? Try `npm i --save-dev @types/jest` or `npm i --save-dev @types/mocha`.
ai-platform/tests/authService.test.js(146,7): error TS2304: Cannot find name 'expect'.
ai-platform/tests/authService.test.js(150,3): error TS2582: Cannot find name 'describe'. Do you need to install type definitions for a test runner? Try `npm i --save-dev @types/jest` or `npm i --save-dev @types/mocha`.
ai-platform/tests/authService.test.js(151,5): error TS2582: Cannot find name 'test'. Do you need to install type definitions for a test runner? Try `npm i --save-dev @types/jest` or `npm i --save-dev @types/mocha`.
ai-platform/tests/authService.test.js(154,7): error TS2304: Cannot find name 'expect'.
ai-platform/tests/authService.test.js(161,5): error TS2582: Cannot find name 'test'. Do you need to install type definitions for a test runner? Try `npm i --save-dev @types/jest` or `npm i --save-dev @types/mocha`.
ai-platform/tests/authService.test.js(164,7): error TS2304: Cannot find name 'expect'.
ai-platform/tests/authService.test.js(172,3): error TS2582: Cannot find name 'describe'. Do you need to install type definitions for a test runner? Try `npm i --save-dev @types/jest` or `npm i --save-dev @types/mocha`.
ai-platform/tests/authService.test.js(173,5): error TS2582: Cannot find name 'test'. Do you need to install type definitions for a test runner? Try `npm i --save-dev @types/jest` or `npm i --save-dev @types/mocha`.
ai-platform/tests/authService.test.js(176,7): error TS2304: Cannot find name 'expect'.
ai-platform/tests/authService.test.js(179,5): error TS2582: Cannot find name 'test'. Do you need to install type definitions for a test runner? Try `npm i --save-dev @types/jest` or `npm i --save-dev @types/mocha`.
ai-platform/tests/authService.test.js(183,7): error TS2304: Cannot find name 'expect'.
ai-platform/tests/authService.test.js(184,7): error TS2304: Cannot find name 'expect'.
ai-platform/tests/authService.test.js(191,5): error TS2582: Cannot find name 'test'. Do you need to install type definitions for a test runner? Try `npm i --save-dev @types/jest` or `npm i --save-dev @types/mocha`.
ai-platform/tests/authService.test.js(195,7): error TS2304: Cannot find name 'expect'.
ai-platform/tests/authService.test.js(196,7): error TS2304: Cannot find name 'expect'.
ai-platform/tests/authService.test.js(199,5): error TS2582: Cannot find name 'test'. Do you need to install type definitions for a test runner? Try `npm i --save-dev @types/jest` or `npm i --save-dev @types/mocha`.
ai-platform/tests/authService.test.js(203,7): error TS2304: Cannot find name 'expect'.
ai-platform/tests/authService.test.js(204,7): error TS2304: Cannot find name 'expect'.
ai-platform/tests/authService.test.js(207,5): error TS2582: Cannot find name 'test'. Do you need to install type definitions for a test runner? Try `npm i --save-dev @types/jest` or `npm i --save-dev @types/mocha`.
ai-platform/tests/authService.test.js(211,7): error TS2304: Cannot find name 'expect'.
ai-platform/tests/authService.test.js(212,7): error TS2304: Cannot find name 'expect'.
ai-platform/tests/basic.test.js(8,1): error TS2582: Cannot find name 'describe'. Do you need to install type definitions for a test runner? Try `npm i --save-dev @types/jest` or `npm i --save-dev @types/mocha`.
ai-platform/tests/basic.test.js(9,3): error TS2582: Cannot find name 'describe'. Do you need to install type definitions for a test runner? Try `npm i --save-dev @types/jest` or `npm i --save-dev @types/mocha`.
ai-platform/tests/basic.test.js(10,5): error TS2582: Cannot find name 'test'. Do you need to install type definitions for a test runner? Try `npm i --save-dev @types/jest` or `npm i --save-dev @types/mocha`.
ai-platform/tests/basic.test.js(11,7): error TS2304: Cannot find name 'expect'.
ai-platform/tests/basic.test.js(12,7): error TS2304: Cannot find name 'expect'.
ai-platform/tests/basic.test.js(13,7): error TS2304: Cannot find name 'expect'.
ai-platform/tests/basic.test.js(16,5): error TS2582: Cannot find name 'test'. Do you need to install type definitions for a test runner? Try `npm i --save-dev @types/jest` or `npm i --save-dev @types/mocha`.
ai-platform/tests/basic.test.js(17,7): error TS2304: Cannot find name 'expect'.
ai-platform/tests/basic.test.js(18,7): error TS2304: Cannot find name 'expect'.
ai-platform/tests/basic.test.js(19,7): error TS2304: Cannot find name 'expect'.
ai-platform/tests/basic.test.js(22,5): error TS2582: Cannot find name 'test'. Do you need to install type definitions for a test runner? Try `npm i --save-dev @types/jest` or `npm i --save-dev @types/mocha`.
ai-platform/tests/basic.test.js(23,7): error TS2304: Cannot find name 'expect'.
ai-platform/tests/basic.test.js(24,7): error TS2304: Cannot find name 'expect'.
ai-platform/tests/basic.test.js(25,7): error TS2304: Cannot find name 'expect'.
ai-platform/tests/basic.test.js(28,5): error TS2582: Cannot find name 'test'. Do you need to install type definitions for a test runner? Try `npm i --save-dev @types/jest` or `npm i --save-dev @types/mocha`.
ai-platform/tests/basic.test.js(29,7): error TS2304: Cannot find name 'expect'.
ai-platform/tests/basic.test.js(30,7): error TS2304: Cannot find name 'expect'.
ai-platform/tests/basic.test.js(31,7): error TS2304: Cannot find name 'expect'.
ai-platform/tests/basic.test.js(34,5): error TS2582: Cannot find name 'test'. Do you need to install type definitions for a test runner? Try `npm i --save-dev @types/jest` or `npm i --save-dev @types/mocha`.
ai-platform/tests/basic.test.js(35,7): error TS2304: Cannot find name 'expect'.
ai-platform/tests/basic.test.js(36,7): error TS2304: Cannot find name 'expect'.
ai-platform/tests/basic.test.js(37,7): error TS2304: Cannot find name 'expect'.
ai-platform/tests/basic.test.js(41,3): error TS2582: Cannot find name 'describe'. Do you need to install type definitions for a test runner? Try `npm i --save-dev @types/jest` or `npm i --save-dev @types/mocha`.
ai-platform/tests/basic.test.js(42,5): error TS2582: Cannot find name 'test'. Do you need to install type definitions for a test runner? Try `npm i --save-dev @types/jest` or `npm i --save-dev @types/mocha`.
ai-platform/tests/basic.test.js(43,7): error TS2304: Cannot find name 'expect'.
ai-platform/tests/basic.test.js(44,7): error TS2304: Cannot find name 'expect'.
ai-platform/tests/basic.test.js(45,7): error TS2304: Cannot find name 'expect'.
ai-platform/tests/basic.test.js(48,5): error TS2582: Cannot find name 'test'. Do you need to install type definitions for a test runner? Try `npm i --save-dev @types/jest` or `npm i --save-dev @types/mocha`.
ai-platform/tests/basic.test.js(49,7): error TS2304: Cannot find name 'expect'.
ai-platform/tests/basic.test.js(50,7): error TS2304: Cannot find name 'expect'.
ai-platform/tests/basic.test.js(51,7): error TS2304: Cannot find name 'expect'.
ai-platform/tests/basic.test.js(54,5): error TS2582: Cannot find name 'test'. Do you need to install type definitions for a test runner? Try `npm i --save-dev @types/jest` or `npm i --save-dev @types/mocha`.
ai-platform/tests/basic.test.js(55,7): error TS2304: Cannot find name 'expect'.
ai-platform/tests/basic.test.js(56,7): error TS2304: Cannot find name 'expect'.
ai-platform/tests/basic.test.js(57,7): error TS2304: Cannot find name 'expect'.
ai-platform/tests/basic.test.js(60,5): error TS2582: Cannot find name 'test'. Do you need to install type definitions for a test runner? Try `npm i --save-dev @types/jest` or `npm i --save-dev @types/mocha`.
ai-platform/tests/basic.test.js(61,7): error TS2304: Cannot find name 'expect'.
ai-platform/tests/basic.test.js(62,7): error TS2304: Cannot find name 'expect'.
ai-platform/tests/basic.test.js(63,7): error TS2304: Cannot find name 'expect'.
ai-platform/tests/basic.test.js(66,5): error TS2582: Cannot find name 'test'. Do you need to install type definitions for a test runner? Try `npm i --save-dev @types/jest` or `npm i --save-dev @types/mocha`.
ai-platform/tests/basic.test.js(67,7): error TS2304: Cannot find name 'expect'.
ai-platform/tests/basic.test.js(68,7): error TS2304: Cannot find name 'expect'.
ai-platform/tests/basic.test.js(69,7): error TS2304: Cannot find name 'expect'.
ai-platform/tests/basic.test.js(72,5): error TS2582: Cannot find name 'test'. Do you need to install type definitions for a test runner? Try `npm i --save-dev @types/jest` or `npm i --save-dev @types/mocha`.
ai-platform/tests/basic.test.js(73,7): error TS2304: Cannot find name 'expect'.
ai-platform/tests/basic.test.js(74,7): error TS2304: Cannot find name 'expect'.
ai-platform/tests/basic.test.js(75,7): error TS2304: Cannot find name 'expect'.
ai-platform/tests/basic.test.js(79,3): error TS2582: Cannot find name 'describe'. Do you need to install type definitions for a test runner? Try `npm i --save-dev @types/jest` or `npm i --save-dev @types/mocha`.
ai-platform/tests/basic.test.js(80,5): error TS2582: Cannot find name 'test'. Do you need to install type definitions for a test runner? Try `npm i --save-dev @types/jest` or `npm i --save-dev @types/mocha`.
ai-platform/tests/basic.test.js(81,7): error TS2304: Cannot find name 'expect'.
ai-platform/tests/basic.test.js(82,7): error TS2304: Cannot find name 'expect'.
ai-platform/tests/basic.test.js(83,7): error TS2304: Cannot find name 'expect'.
ai-platform/tests/basic.test.js(86,5): error TS2582: Cannot find name 'test'. Do you need to install type definitions for a test runner? Try `npm i --save-dev @types/jest` or `npm i --save-dev @types/mocha`.
ai-platform/tests/basic.test.js(89,7): error TS2304: Cannot find name 'expect'.
ai-platform/tests/basic.test.js(90,7): error TS2304: Cannot find name 'expect'.
ai-platform/tests/basic.test.js(93,5): error TS2582: Cannot find name 'test'. Do you need to install type definitions for a test runner? Try `npm i --save-dev @types/jest` or `npm i --save-dev @types/mocha`.
ai-platform/tests/basic.test.js(96,7): error TS2304: Cannot find name 'expect'.
ai-platform/tests/basic.test.js(97,7): error TS2304: Cannot find name 'expect'.
ai-platform/tests/basic.test.js(98,7): error TS2304: Cannot find name 'expect'.
ai-platform/tests/basic.test.js(101,5): error TS2582: Cannot find name 'test'. Do you need to install type definitions for a test runner? Try `npm i --save-dev @types/jest` or `npm i --save-dev @types/mocha`.
ai-platform/tests/basic.test.js(104,7): error TS2304: Cannot find name 'expect'.
ai-platform/tests/basic.test.js(107,5): error TS2582: Cannot find name 'test'. Do you need to install type definitions for a test runner? Try `npm i --save-dev @types/jest` or `npm i --save-dev @types/mocha`.
ai-platform/tests/basic.test.js(110,7): error TS2304: Cannot find name 'expect'.
ai-platform/tests/basic.test.js(113,5): error TS2582: Cannot find name 'test'. Do you need to install type definitions for a test runner? Try `npm i --save-dev @types/jest` or `npm i --save-dev @types/mocha`.
ai-platform/tests/basic.test.js(116,7): error TS2304: Cannot find name 'expect'.
ai-platform/tests/basic.test.js(120,3): error TS2582: Cannot find name 'describe'. Do you need to install type definitions for a test runner? Try `npm i --save-dev @types/jest` or `npm i --save-dev @types/mocha`.
ai-platform/tests/basic.test.js(121,5): error TS2582: Cannot find name 'test'. Do you need to install type definitions for a test runner? Try `npm i --save-dev @types/jest` or `npm i --save-dev @types/mocha`.
ai-platform/tests/basic.test.js(123,7): error TS2304: Cannot find name 'expect'.
ai-platform/tests/basic.test.js(126,5): error TS2582: Cannot find name 'test'. Do you need to install type definitions for a test runner? Try `npm i --save-dev @types/jest` or `npm i --save-dev @types/mocha`.
ai-platform/tests/basic.test.js(128,7): error TS2304: Cannot find name 'expect'.
ai-platform/tests/basic.test.js(131,5): error TS2582: Cannot find name 'test'. Do you need to install type definitions for a test runner? Try `npm i --save-dev @types/jest` or `npm i --save-dev @types/mocha`.
ai-platform/tests/basic.test.js(133,7): error TS2304: Cannot find name 'expect'.
ai-platform/tests/basic.test.js(136,5): error TS2582: Cannot find name 'test'. Do you need to install type definitions for a test runner? Try `npm i --save-dev @types/jest` or `npm i --save-dev @types/mocha`.
ai-platform/tests/basic.test.js(138,7): error TS2304: Cannot find name 'expect'.
ai-platform/tests/basic.test.js(139,7): error TS2304: Cannot find name 'expect'.
ai-platform/tests/basic.test.js(142,5): error TS2582: Cannot find name 'test'. Do you need to install type definitions for a test runner? Try `npm i --save-dev @types/jest` or `npm i --save-dev @types/mocha`.
ai-platform/tests/basic.test.js(145,7): error TS2304: Cannot find name 'expect'.
ai-platform/tests/basic.test.js(149,3): error TS2582: Cannot find name 'describe'. Do you need to install type definitions for a test runner? Try `npm i --save-dev @types/jest` or `npm i --save-dev @types/mocha`.
ai-platform/tests/basic.test.js(150,5): error TS2582: Cannot find name 'test'. Do you need to install type definitions for a test runner? Try `npm i --save-dev @types/jest` or `npm i --save-dev @types/mocha`.
ai-platform/tests/basic.test.js(151,7): error TS2304: Cannot find name 'expect'.
ai-platform/tests/basic.test.js(152,7): error TS2304: Cannot find name 'expect'.
ai-platform/tests/basic.test.js(153,7): error TS2304: Cannot find name 'expect'.
ai-platform/tests/basic.test.js(154,7): error TS2304: Cannot find name 'expect'.
ai-platform/tests/basic.test.js(157,5): error TS2582: Cannot find name 'test'. Do you need to install type definitions for a test runner? Try `npm i --save-dev @types/jest` or `npm i --save-dev @types/mocha`.
ai-platform/tests/basic.test.js(158,7): error TS2304: Cannot find name 'expect'.
ai-platform/tests/basic.test.js(159,7): error TS2304: Cannot find name 'expect'.
ai-platform/tests/basic.test.js(160,7): error TS2304: Cannot find name 'expect'.
ai-platform/tests/basic.test.js(161,7): error TS2304: Cannot find name 'expect'.
ai-platform/tests/basic.test.js(165,3): error TS2582: Cannot find name 'describe'. Do you need to install type definitions for a test runner? Try `npm i --save-dev @types/jest` or `npm i --save-dev @types/mocha`.
ai-platform/tests/basic.test.js(166,5): error TS2582: Cannot find name 'test'. Do you need to install type definitions for a test runner? Try `npm i --save-dev @types/jest` or `npm i --save-dev @types/mocha`.
ai-platform/tests/basic.test.js(167,7): error TS2304: Cannot find name 'expect'.
ai-platform/tests/basic.test.js(168,7): error TS2304: Cannot find name 'expect'.
ai-platform/tests/basic.test.js(169,7): error TS2304: Cannot find name 'expect'.
ai-platform/tests/basic.test.js(170,7): error TS2304: Cannot find name 'expect'.
ai-platform/tests/basic.test.js(171,7): error TS2304: Cannot find name 'expect'.
ai-platform/tests/basic.test.js(172,7): error TS2304: Cannot find name 'expect'.
ai-platform/tests/basic.test.js(173,7): error TS2304: Cannot find name 'expect'.
ai-platform/tests/basic.test.js(176,5): error TS2582: Cannot find name 'test'. Do you need to install type definitions for a test runner? Try `npm i --save-dev @types/jest` or `npm i --save-dev @types/mocha`.
ai-platform/tests/basic.test.js(177,7): error TS2304: Cannot find name 'expect'.
ai-platform/tests/basic.test.js(178,7): error TS2304: Cannot find name 'expect'.
ai-platform/tests/basic.test.js(179,7): error TS2304: Cannot find name 'expect'.
ai-platform/tests/basic.test.js(182,5): error TS2582: Cannot find name 'test'. Do you need to install type definitions for a test runner? Try `npm i --save-dev @types/jest` or `npm i --save-dev @types/mocha`.
ai-platform/tests/basic.test.js(184,7): error TS2304: Cannot find name 'expect'.
ai-platform/tests/basic.test.js(185,7): error TS2304: Cannot find name 'expect'.
ai-platform/tests/basic.test.js(188,7): error TS2304: Cannot find name 'expect'.
ai-platform/tests/basic.test.js(189,7): error TS2304: Cannot find name 'expect'.
ai-platform/tests/basic.test.js(193,3): error TS2582: Cannot find name 'describe'. Do you need to install type definitions for a test runner? Try `npm i --save-dev @types/jest` or `npm i --save-dev @types/mocha`.
ai-platform/tests/basic.test.js(194,5): error TS2582: Cannot find name 'test'. Do you need to install type definitions for a test runner? Try `npm i --save-dev @types/jest` or `npm i --save-dev @types/mocha`.
ai-platform/tests/basic.test.js(196,7): error TS2304: Cannot find name 'expect'.
ai-platform/tests/basic.test.js(197,7): error TS2304: Cannot find name 'expect'.
ai-platform/tests/basic.test.js(200,5): error TS2582: Cannot find name 'test'. Do you need to install type definitions for a test runner? Try `npm i --save-dev @types/jest` or `npm i --save-dev @types/mocha`.
ai-platform/tests/basic.test.js(202,7): error TS2304: Cannot find name 'expect'.
ai-platform/tests/basic.test.js(203,7): error TS2304: Cannot find name 'expect'.
ai-platform/tests/basic.test.js(204,7): error TS2304: Cannot find name 'expect'.
ai-platform/tests/basic.test.js(207,5): error TS2582: Cannot find name 'test'. Do you need to install type definitions for a test runner? Try `npm i --save-dev @types/jest` or `npm i --save-dev @types/mocha`.
ai-platform/tests/basic.test.js(210,7): error TS2304: Cannot find name 'expect'.
ai-platform/tests/basic.test.js(214,3): error TS2582: Cannot find name 'describe'. Do you need to install type definitions for a test runner? Try `npm i --save-dev @types/jest` or `npm i --save-dev @types/mocha`.
ai-platform/tests/basic.test.js(215,5): error TS2582: Cannot find name 'test'. Do you need to install type definitions for a test runner? Try `npm i --save-dev @types/jest` or `npm i --save-dev @types/mocha`.
ai-platform/tests/basic.test.js(218,7): error TS2304: Cannot find name 'expect'.
ai-platform/tests/basic.test.js(221,5): error TS2582: Cannot find name 'test'. Do you need to install type definitions for a test runner? Try `npm i --save-dev @types/jest` or `npm i --save-dev @types/mocha`.
ai-platform/tests/basic.test.js(224,7): error TS2304: Cannot find name 'expect'.
ai-platform/tests/basic.test.js(227,5): error TS2582: Cannot find name 'test'. Do you need to install type definitions for a test runner? Try `npm i --save-dev @types/jest` or `npm i --save-dev @types/mocha`.
ai-platform/tests/basic.test.js(228,7): error TS2304: Cannot find name 'expect'.
ai-platform/tests/basic.test.js(229,7): error TS2304: Cannot find name 'expect'.
ai-platform/tests/basic.test.js(230,7): error TS2304: Cannot find name 'expect'.
ai-platform/tests/basic.test.js(234,3): error TS2582: Cannot find name 'describe'. Do you need to install type definitions for a test runner? Try `npm i --save-dev @types/jest` or `npm i --save-dev @types/mocha`.
ai-platform/tests/basic.test.js(235,5): error TS2582: Cannot find name 'test'. Do you need to install type definitions for a test runner? Try `npm i --save-dev @types/jest` or `npm i --save-dev @types/mocha`.
ai-platform/tests/basic.test.js(237,7): error TS2304: Cannot find name 'expect'.
ai-platform/tests/basic.test.js(238,7): error TS2304: Cannot find name 'expect'.
ai-platform/tests/basic.test.js(239,7): error TS2304: Cannot find name 'expect'.
ai-platform/tests/basic.test.js(242,5): error TS2582: Cannot find name 'test'. Do you need to install type definitions for a test runner? Try `npm i --save-dev @types/jest` or `npm i --save-dev @types/mocha`.
ai-platform/tests/basic.test.js(245,7): error TS2304: Cannot find name 'expect'.
ai-platform/tests/basic.test.js(248,5): error TS2582: Cannot find name 'test'. Do you need to install type definitions for a test runner? Try `npm i --save-dev @types/jest` or `npm i --save-dev @types/mocha`.
ai-platform/tests/basic.test.js(250,7): error TS2304: Cannot find name 'expect'.
ai-platform/tests/basic.test.js(254,3): error TS2582: Cannot find name 'describe'. Do you need to install type definitions for a test runner? Try `npm i --save-dev @types/jest` or `npm i --save-dev @types/mocha`.
ai-platform/tests/basic.test.js(255,5): error TS2582: Cannot find name 'test'. Do you need to install type definitions for a test runner? Try `npm i --save-dev @types/jest` or `npm i --save-dev @types/mocha`.
ai-platform/tests/basic.test.js(256,7): error TS2304: Cannot find name 'expect'.
ai-platform/tests/basic.test.js(257,7): error TS2304: Cannot find name 'expect'.
ai-platform/tests/basic.test.js(258,7): error TS2304: Cannot find name 'expect'.
ai-platform/tests/basic.test.js(261,5): error TS2582: Cannot find name 'test'. Do you need to install type definitions for a test runner? Try `npm i --save-dev @types/jest` or `npm i --save-dev @types/mocha`.
ai-platform/tests/basic.test.js(262,7): error TS2304: Cannot find name 'expect'.
ai-platform/tests/basic.test.js(263,7): error TS2304: Cannot find name 'expect'.
ai-platform/tests/basic.test.js(264,7): error TS2304: Cannot find name 'expect'.
ai-platform/tests/basic.test.js(267,5): error TS2582: Cannot find name 'test'. Do you need to install type definitions for a test runner? Try `npm i --save-dev @types/jest` or `npm i --save-dev @types/mocha`.
ai-platform/tests/basic.test.js(268,7): error TS2304: Cannot find name 'expect'.
ai-platform/tests/basic.test.js(269,7): error TS2304: Cannot find name 'expect'.
ai-platform/tests/basic.test.js(270,7): error TS2304: Cannot find name 'expect'.
ai-platform/tests/basic.test.js(271,7): error TS2304: Cannot find name 'expect'.
ai-platform/tests/basic.test.js(274,5): error TS2582: Cannot find name 'test'. Do you need to install type definitions for a test runner? Try `npm i --save-dev @types/jest` or `npm i --save-dev @types/mocha`.
ai-platform/tests/basic.test.js(276,7): error TS2304: Cannot find name 'expect'.
ai-platform/tests/basic.test.js(277,7): error TS2304: Cannot find name 'expect'.
ai-platform/tests/basic.test.js(280,5): error TS2582: Cannot find name 'test'. Do you need to install type definitions for a test runner? Try `npm i --save-dev @types/jest` or `npm i --save-dev @types/mocha`.
ai-platform/tests/basic.test.js(281,7): error TS2304: Cannot find name 'expect'.
ai-platform/tests/basic.test.js(282,7): error TS2304: Cannot find name 'expect'.
ai-platform/tests/basic.test.js(283,7): error TS2304: Cannot find name 'expect'.
ai-platform/tests/basic.test.js(284,7): error TS2304: Cannot find name 'expect'.
ai-platform/tests/basic.test.js(288,3): error TS2582: Cannot find name 'describe'. Do you need to install type definitions for a test runner? Try `npm i --save-dev @types/jest` or `npm i --save-dev @types/mocha`.
ai-platform/tests/basic.test.js(289,5): error TS2582: Cannot find name 'test'. Do you need to install type definitions for a test runner? Try `npm i --save-dev @types/jest` or `npm i --save-dev @types/mocha`.
ai-platform/tests/basic.test.js(291,7): error TS2304: Cannot find name 'expect'.
ai-platform/tests/basic.test.js(292,7): error TS2304: Cannot find name 'expect'.
ai-platform/tests/basic.test.js(295,5): error TS2582: Cannot find name 'test'. Do you need to install type definitions for a test runner? Try `npm i --save-dev @types/jest` or `npm i --save-dev @types/mocha`.
ai-platform/tests/basic.test.js(301,9): error TS2304: Cannot find name 'expect'.
ai-platform/tests/basic.test.js(303,7): error TS2304: Cannot find name 'expect'.
ai-platform/tests/basic.test.js(306,5): error TS2582: Cannot find name 'test'. Do you need to install type definitions for a test runner? Try `npm i --save-dev @types/jest` or `npm i --save-dev @types/mocha`.
ai-platform/tests/basic.test.js(315,7): error TS2304: Cannot find name 'expect'.
ai-platform/tests/basic.test.js(319,3): error TS2582: Cannot find name 'describe'. Do you need to install type definitions for a test runner? Try `npm i --save-dev @types/jest` or `npm i --save-dev @types/mocha`.
ai-platform/tests/basic.test.js(320,5): error TS2582: Cannot find name 'test'. Do you need to install type definitions for a test runner? Try `npm i --save-dev @types/jest` or `npm i --save-dev @types/mocha`.
ai-platform/tests/basic.test.js(323,7): error TS2304: Cannot find name 'expect'.
ai-platform/tests/basic.test.js(326,5): error TS2582: Cannot find name 'test'. Do you need to install type definitions for a test runner? Try `npm i --save-dev @types/jest` or `npm i --save-dev @types/mocha`.
ai-platform/tests/basic.test.js(332,9): error TS2304: Cannot find name 'expect'.
ai-platform/tests/basic.test.js(336,5): error TS2582: Cannot find name 'test'. Do you need to install type definitions for a test runner? Try `npm i --save-dev @types/jest` or `npm i --save-dev @types/mocha`.
ai-platform/tests/basic.test.js(343,7): error TS2304: Cannot find name 'expect'.
ai-platform/tests/basic.test.js(346,5): error TS2582: Cannot find name 'test'. Do you need to install type definitions for a test runner? Try `npm i --save-dev @types/jest` or `npm i --save-dev @types/mocha`.
ai-platform/tests/basic.test.js(351,13): error TS2304: Cannot find name 'expect'.
ai-platform/tests/basic.test.js(355,3): error TS2582: Cannot find name 'describe'. Do you need to install type definitions for a test runner? Try `npm i --save-dev @types/jest` or `npm i --save-dev @types/mocha`.
ai-platform/tests/basic.test.js(356,5): error TS2582: Cannot find name 'test'. Do you need to install type definitions for a test runner? Try `npm i --save-dev @types/jest` or `npm i --save-dev @types/mocha`.
ai-platform/tests/basic.test.js(362,7): error TS2304: Cannot find name 'expect'.
ai-platform/tests/basic.test.js(363,7): error TS2304: Cannot find name 'expect'.
ai-platform/tests/basic.test.js(366,5): error TS2582: Cannot find name 'test'. Do you need to install type definitions for a test runner? Try `npm i --save-dev @types/jest` or `npm i --save-dev @types/mocha`.
ai-platform/tests/basic.test.js(373,7): error TS2304: Cannot find name 'expect'.
ai-platform/tests/basic.test.js(377,3): error TS2582: Cannot find name 'describe'. Do you need to install type definitions for a test runner? Try `npm i --save-dev @types/jest` or `npm i --save-dev @types/mocha`.
ai-platform/tests/basic.test.js(378,5): error TS2582: Cannot find name 'test'. Do you need to install type definitions for a test runner? Try `npm i --save-dev @types/jest` or `npm i --save-dev @types/mocha`.
ai-platform/tests/basic.test.js(380,7): error TS2304: Cannot find name 'expect'.
ai-platform/tests/basic.test.js(381,7): error TS2304: Cannot find name 'expect'.
ai-platform/tests/basic.test.js(382,7): error TS2304: Cannot find name 'expect'.
ai-platform/tests/basic.test.js(385,7): error TS2304: Cannot find name 'expect'.
ai-platform/tests/basic.test.js(386,7): error TS2304: Cannot find name 'expect'.
ai-platform/tests/basic.test.js(389,7): error TS2304: Cannot find name 'expect'.
ai-platform/tests/basic.test.js(390,7): error TS2304: Cannot find name 'expect'.
ai-platform/tests/basic.test.js(393,5): error TS2582: Cannot find name 'test'. Do you need to install type definitions for a test runner? Try `npm i --save-dev @types/jest` or `npm i --save-dev @types/mocha`.
ai-platform/tests/basic.test.js(399,7): error TS2304: Cannot find name 'expect'.
ai-platform/tests/basic.test.js(403,3): error TS2582: Cannot find name 'describe'. Do you need to install type definitions for a test runner? Try `npm i --save-dev @types/jest` or `npm i --save-dev @types/mocha`.
ai-platform/tests/basic.test.js(404,5): error TS2582: Cannot find name 'test'. Do you need to install type definitions for a test runner? Try `npm i --save-dev @types/jest` or `npm i --save-dev @types/mocha`.
ai-platform/tests/basic.test.js(406,7): error TS2304: Cannot find name 'expect'.
ai-platform/tests/basic.test.js(407,7): error TS2304: Cannot find name 'expect'.
ai-platform/tests/basic.test.js(408,7): error TS2304: Cannot find name 'expect'.
ai-platform/tests/basic.test.js(409,7): error TS2304: Cannot find name 'expect'.
ai-platform/tests/basic.test.js(412,7): error TS2304: Cannot find name 'expect'.
ai-platform/tests/basic.test.js(413,7): error TS2304: Cannot find name 'expect'.
ai-platform/tests/basic.test.js(416,7): error TS2304: Cannot find name 'expect'.
ai-platform/tests/basic.test.js(417,7): error TS2304: Cannot find name 'expect'.
ai-platform/tests/basic.test.js(420,5): error TS2582: Cannot find name 'test'. Do you need to install type definitions for a test runner? Try `npm i --save-dev @types/jest` or `npm i --save-dev @types/mocha`.
ai-platform/tests/basic.test.js(426,7): error TS2304: Cannot find name 'expect'.
ai-platform/tests/basic.test.js(430,3): error TS2582: Cannot find name 'describe'. Do you need to install type definitions for a test runner? Try `npm i --save-dev @types/jest` or `npm i --save-dev @types/mocha`.
ai-platform/tests/basic.test.js(431,5): error TS2582: Cannot find name 'test'. Do you need to install type definitions for a test runner? Try `npm i --save-dev @types/jest` or `npm i --save-dev @types/mocha`.
ai-platform/tests/basic.test.js(432,7): error TS2304: Cannot find name 'expect'.
ai-platform/tests/basic.test.js(433,7): error TS2304: Cannot find name 'expect'.
ai-platform/tests/basic.test.js(434,7): error TS2304: Cannot find name 'expect'.
ai-platform/tests/basic.test.js(434,20): error TS2345: Argument of type 'string' is not assignable to parameter of type 'number'.
ai-platform/tests/basic.test.js(435,7): error TS2304: Cannot find name 'expect'.
ai-platform/tests/basic.test.js(438,5): error TS2582: Cannot find name 'test'. Do you need to install type definitions for a test runner? Try `npm i --save-dev @types/jest` or `npm i --save-dev @types/mocha`.
ai-platform/tests/basic.test.js(439,7): error TS2304: Cannot find name 'expect'.
ai-platform/tests/basic.test.js(440,7): error TS2304: Cannot find name 'expect'.
ai-platform/tests/basic.test.js(441,7): error TS2304: Cannot find name 'expect'.
ai-platform/tests/basic.test.js(442,7): error TS2304: Cannot find name 'expect'.
ai-platform/tests/basic.test.js(445,5): error TS2582: Cannot find name 'test'. Do you need to install type definitions for a test runner? Try `npm i --save-dev @types/jest` or `npm i --save-dev @types/mocha`.
ai-platform/tests/basic.test.js(446,7): error TS2304: Cannot find name 'expect'.
ai-platform/tests/basic.test.js(447,7): error TS2304: Cannot find name 'expect'.
ai-platform/tests/basic.test.js(448,7): error TS2304: Cannot find name 'expect'.
ai-platform/tests/basic.test.js(449,7): error TS2304: Cannot find name 'expect'.
ai-platform/tests/basic.test.js(450,7): error TS2304: Cannot find name 'expect'.
ai-platform/tests/basic.test.js(454,3): error TS2582: Cannot find name 'describe'. Do you need to install type definitions for a test runner? Try `npm i --save-dev @types/jest` or `npm i --save-dev @types/mocha`.
ai-platform/tests/basic.test.js(455,5): error TS2582: Cannot find name 'test'. Do you need to install type definitions for a test runner? Try `npm i --save-dev @types/jest` or `npm i --save-dev @types/mocha`.
ai-platform/tests/basic.test.js(461,7): error TS2304: Cannot find name 'expect'.
ai-platform/tests/basic.test.js(462,7): error TS2304: Cannot find name 'expect'.
ai-platform/tests/basic.test.js(465,5): error TS2582: Cannot find name 'test'. Do you need to install type definitions for a test runner? Try `npm i --save-dev @types/jest` or `npm i --save-dev @types/mocha`.
ai-platform/tests/basic.test.js(471,7): error TS2304: Cannot find name 'expect'.
ai-platform/tests/basic.test.js(472,7): error TS2304: Cannot find name 'expect'.
ai-platform/tests/client-error.test.js(13,1): error TS2582: Cannot find name 'describe'. Do you need to install type definitions for a test runner? Try `npm i --save-dev @types/jest` or `npm i --save-dev @types/mocha`.
ai-platform/tests/client-error.test.js(16,3): error TS2304: Cannot find name 'afterEach'.
ai-platform/tests/client-error.test.js(24,3): error TS2582: Cannot find name 'describe'. Do you need to install type definitions for a test runner? Try `npm i --save-dev @types/jest` or `npm i --save-dev @types/mocha`.
ai-platform/tests/client-error.test.js(25,5): error TS2582: Cannot find name 'test'. Do you need to install type definitions for a test runner? Try `npm i --save-dev @types/jest` or `npm i --save-dev @types/mocha`.
ai-platform/tests/client-error.test.js(27,7): error TS2304: Cannot find name 'expect'.
ai-platform/tests/client-error.test.js(30,5): error TS2582: Cannot find name 'test'. Do you need to install type definitions for a test runner? Try `npm i --save-dev @types/jest` or `npm i --save-dev @types/mocha`.
ai-platform/tests/client-error.test.js(32,7): error TS2304: Cannot find name 'expect'.
ai-platform/tests/client-error.test.js(35,5): error TS2582: Cannot find name 'test'. Do you need to install type definitions for a test runner? Try `npm i --save-dev @types/jest` or `npm i --save-dev @types/mocha`.
ai-platform/tests/client-error.test.js(37,7): error TS2304: Cannot find name 'expect'.
ai-platform/tests/client-error.test.js(40,5): error TS2582: Cannot find name 'test'. Do you need to install type definitions for a test runner? Try `npm i --save-dev @types/jest` or `npm i --save-dev @types/mocha`.
ai-platform/tests/client-error.test.js(42,7): error TS2304: Cannot find name 'expect'.
ai-platform/tests/client-error.test.js(44,7): error TS2304: Cannot find name 'expect'.
ai-platform/tests/client-error.test.js(48,3): error TS2582: Cannot find name 'describe'. Do you need to install type definitions for a test runner? Try `npm i --save-dev @types/jest` or `npm i --save-dev @types/mocha`.
ai-platform/tests/client-error.test.js(49,5): error TS2582: Cannot find name 'test'. Do you need to install type definitions for a test runner? Try `npm i --save-dev @types/jest` or `npm i --save-dev @types/mocha`.
ai-platform/tests/client-error.test.js(50,7): error TS2304: Cannot find name 'expect'.
ai-platform/tests/client-error.test.js(51,7): error TS2304: Cannot find name 'expect'.
ai-platform/tests/client-error.test.js(52,7): error TS2304: Cannot find name 'expect'.
ai-platform/tests/client-error.test.js(55,5): error TS2582: Cannot find name 'test'. Do you need to install type definitions for a test runner? Try `npm i --save-dev @types/jest` or `npm i --save-dev @types/mocha`.
ai-platform/tests/client-error.test.js(57,7): error TS2304: Cannot find name 'expect'.
ai-platform/tests/client-error.test.js(60,5): error TS2582: Cannot find name 'test'. Do you need to install type definitions for a test runner? Try `npm i --save-dev @types/jest` or `npm i --save-dev @types/mocha`.
ai-platform/tests/client-error.test.js(62,7): error TS2304: Cannot find name 'expect'.
ai-platform/tests/client-error.test.js(65,5): error TS2582: Cannot find name 'test'. Do you need to install type definitions for a test runner? Try `npm i --save-dev @types/jest` or `npm i --save-dev @types/mocha`.
ai-platform/tests/client-error.test.js(67,7): error TS2304: Cannot find name 'expect'.
ai-platform/tests/client-error.test.js(70,5): error TS2582: Cannot find name 'test'. Do you need to install type definitions for a test runner? Try `npm i --save-dev @types/jest` or `npm i --save-dev @types/mocha`.
ai-platform/tests/client-error.test.js(72,7): error TS2304: Cannot find name 'expect'.
ai-platform/tests/client-error.test.js(75,5): error TS2582: Cannot find name 'test'. Do you need to install type definitions for a test runner? Try `npm i --save-dev @types/jest` or `npm i --save-dev @types/mocha`.
ai-platform/tests/client-error.test.js(78,7): error TS2304: Cannot find name 'expect'.
ai-platform/tests/client-error.test.js(79,7): error TS2304: Cannot find name 'expect'.
ai-platform/tests/client-error.test.js(82,5): error TS2582: Cannot find name 'test'. Do you need to install type definitions for a test runner? Try `npm i --save-dev @types/jest` or `npm i --save-dev @types/mocha`.
ai-platform/tests/client-error.test.js(84,7): error TS2304: Cannot find name 'expect'.
ai-platform/tests/client-error.test.js(88,3): error TS2582: Cannot find name 'describe'. Do you need to install type definitions for a test runner? Try `npm i --save-dev @types/jest` or `npm i --save-dev @types/mocha`.
ai-platform/tests/client-error.test.js(89,5): error TS2582: Cannot find name 'test'. Do you need to install type definitions for a test runner? Try `npm i --save-dev @types/jest` or `npm i --save-dev @types/mocha`.
ai-platform/tests/client-error.test.js(91,7): error TS2304: Cannot find name 'expect'.
ai-platform/tests/client-error.test.js(92,7): error TS2304: Cannot find name 'expect'.
ai-platform/tests/client-error.test.js(95,5): error TS2582: Cannot find name 'test'. Do you need to install type definitions for a test runner? Try `npm i --save-dev @types/jest` or `npm i --save-dev @types/mocha`.
ai-platform/tests/client-error.test.js(97,7): error TS2304: Cannot find name 'expect'.
ai-platform/tests/client-error.test.js(100,5): error TS2582: Cannot find name 'test'. Do you need to install type definitions for a test runner? Try `npm i --save-dev @types/jest` or `npm i --save-dev @types/mocha`.
ai-platform/tests/client-error.test.js(102,7): error TS2304: Cannot find name 'expect'.
ai-platform/tests/client-error.test.js(105,5): error TS2582: Cannot find name 'test'. Do you need to install type definitions for a test runner? Try `npm i --save-dev @types/jest` or `npm i --save-dev @types/mocha`.
ai-platform/tests/client-error.test.js(107,7): error TS2304: Cannot find name 'expect'.
ai-platform/tests/client-error.test.js(110,5): error TS2582: Cannot find name 'test'. Do you need to install type definitions for a test runner? Try `npm i --save-dev @types/jest` or `npm i --save-dev @types/mocha`.
ai-platform/tests/client-error.test.js(112,7): error TS2304: Cannot find name 'expect'.
ai-platform/tests/client-error.test.js(113,7): error TS2304: Cannot find name 'expect'.
ai-platform/tests/client-error.test.js(116,5): error TS2582: Cannot find name 'test'. Do you need to install type definitions for a test runner? Try `npm i --save-dev @types/jest` or `npm i --save-dev @types/mocha`.
ai-platform/tests/client-error.test.js(118,7): error TS2304: Cannot find name 'expect'.
ai-platform/tests/client-error.test.js(122,3): error TS2582: Cannot find name 'describe'. Do you need to install type definitions for a test runner? Try `npm i --save-dev @types/jest` or `npm i --save-dev @types/mocha`.
ai-platform/tests/client-error.test.js(123,5): error TS2582: Cannot find name 'test'. Do you need to install type definitions for a test runner? Try `npm i --save-dev @types/jest` or `npm i --save-dev @types/mocha`.
ai-platform/tests/client-error.test.js(125,17): error TS2304: Cannot find name 'jest'.
ai-platform/tests/client-error.test.js(126,15): error TS2304: Cannot find name 'jest'.
ai-platform/tests/client-error.test.js(128,23): error TS2345: Argument of type '{ status: any; json: any; }' is not assignable to parameter of type 'any[]'.
  Type '{ status: any; json: any; }' is missing the following properties from type 'any[]': length, pop, push, concat, and 29 more.
ai-platform/tests/client-error.test.js(129,7): error TS2304: Cannot find name 'expect'.
ai-platform/tests/client-error.test.js(130,7): error TS2304: Cannot find name 'expect'.
ai-platform/tests/client-error.test.js(130,45): error TS2304: Cannot find name 'expect'.
ai-platform/tests/client-error.test.js(132,18): error TS2304: Cannot find name 'expect'.
ai-platform/tests/client-error.test.js(136,5): error TS2582: Cannot find name 'test'. Do you need to install type definitions for a test runner? Try `npm i --save-dev @types/jest` or `npm i --save-dev @types/mocha`.
ai-platform/tests/client-error.test.js(138,17): error TS2304: Cannot find name 'jest'.
ai-platform/tests/client-error.test.js(139,15): error TS2304: Cannot find name 'jest'.
ai-platform/tests/client-error.test.js(141,23): error TS2345: Argument of type '{ status: any; json: any; }' is not assignable to parameter of type 'any[]'.
  Type '{ status: any; json: any; }' is missing the following properties from type 'any[]': length, pop, push, concat, and 29 more.
ai-platform/tests/client-error.test.js(142,7): error TS2304: Cannot find name 'expect'.
ai-platform/tests/client-error.test.js(142,45): error TS2304: Cannot find name 'expect'.
ai-platform/tests/client-error.test.js(148,3): error TS2582: Cannot find name 'describe'. Do you need to install type definitions for a test runner? Try `npm i --save-dev @types/jest` or `npm i --save-dev @types/mocha`.
ai-platform/tests/client-error.test.js(149,5): error TS2582: Cannot find name 'test'. Do you need to install type definitions for a test runner? Try `npm i --save-dev @types/jest` or `npm i --save-dev @types/mocha`.
ai-platform/tests/client-error.test.js(150,7): error TS2304: Cannot find name 'expect'.
ai-platform/tests/client-error.test.js(151,7): error TS2304: Cannot find name 'expect'.
ai-platform/tests/client-error.test.js(152,7): error TS2304: Cannot find name 'expect'.
ai-platform/tests/client-error.test.js(153,7): error TS2304: Cannot find name 'expect'.
ai-platform/tests/core.test.js(8,1): error TS2582: Cannot find name 'describe'. Do you need to install type definitions for a test runner? Try `npm i --save-dev @types/jest` or `npm i --save-dev @types/mocha`.
ai-platform/tests/core.test.js(9,3): error TS2582: Cannot find name 'describe'. Do you need to install type definitions for a test runner? Try `npm i --save-dev @types/jest` or `npm i --save-dev @types/mocha`.
ai-platform/tests/core.test.js(10,5): error TS2582: Cannot find name 'test'. Do you need to install type definitions for a test runner? Try `npm i --save-dev @types/jest` or `npm i --save-dev @types/mocha`.
ai-platform/tests/core.test.js(11,7): error TS2304: Cannot find name 'expect'.
ai-platform/tests/core.test.js(12,7): error TS2304: Cannot find name 'expect'.
ai-platform/tests/core.test.js(13,7): error TS2304: Cannot find name 'expect'.
ai-platform/tests/core.test.js(16,5): error TS2582: Cannot find name 'test'. Do you need to install type definitions for a test runner? Try `npm i --save-dev @types/jest` or `npm i --save-dev @types/mocha`.
ai-platform/tests/core.test.js(17,7): error TS2304: Cannot find name 'expect'.
ai-platform/tests/core.test.js(18,7): error TS2304: Cannot find name 'expect'.
ai-platform/tests/core.test.js(19,7): error TS2304: Cannot find name 'expect'.
ai-platform/tests/core.test.js(22,5): error TS2582: Cannot find name 'test'. Do you need to install type definitions for a test runner? Try `npm i --save-dev @types/jest` or `npm i --save-dev @types/mocha`.
ai-platform/tests/core.test.js(23,7): error TS2304: Cannot find name 'expect'.
ai-platform/tests/core.test.js(24,7): error TS2304: Cannot find name 'expect'.
ai-platform/tests/core.test.js(25,7): error TS2304: Cannot find name 'expect'.
ai-platform/tests/core.test.js(28,5): error TS2582: Cannot find name 'test'. Do you need to install type definitions for a test runner? Try `npm i --save-dev @types/jest` or `npm i --save-dev @types/mocha`.
ai-platform/tests/core.test.js(29,7): error TS2304: Cannot find name 'expect'.
ai-platform/tests/core.test.js(30,7): error TS2304: Cannot find name 'expect'.
ai-platform/tests/core.test.js(31,7): error TS2304: Cannot find name 'expect'.
ai-platform/tests/core.test.js(35,3): error TS2582: Cannot find name 'describe'. Do you need to install type definitions for a test runner? Try `npm i --save-dev @types/jest` or `npm i --save-dev @types/mocha`.
ai-platform/tests/core.test.js(36,5): error TS2582: Cannot find name 'test'. Do you need to install type definitions for a test runner? Try `npm i --save-dev @types/jest` or `npm i --save-dev @types/mocha`.
ai-platform/tests/core.test.js(37,7): error TS2304: Cannot find name 'expect'.
ai-platform/tests/core.test.js(38,7): error TS2304: Cannot find name 'expect'.
ai-platform/tests/core.test.js(39,7): error TS2304: Cannot find name 'expect'.
ai-platform/tests/core.test.js(42,5): error TS2582: Cannot find name 'test'. Do you need to install type definitions for a test runner? Try `npm i --save-dev @types/jest` or `npm i --save-dev @types/mocha`.
ai-platform/tests/core.test.js(43,7): error TS2304: Cannot find name 'expect'.
ai-platform/tests/core.test.js(44,7): error TS2304: Cannot find name 'expect'.
ai-platform/tests/core.test.js(45,7): error TS2304: Cannot find name 'expect'.
ai-platform/tests/core.test.js(48,5): error TS2582: Cannot find name 'test'. Do you need to install type definitions for a test runner? Try `npm i --save-dev @types/jest` or `npm i --save-dev @types/mocha`.
ai-platform/tests/core.test.js(49,7): error TS2304: Cannot find name 'expect'.
ai-platform/tests/core.test.js(50,7): error TS2304: Cannot find name 'expect'.
ai-platform/tests/core.test.js(51,7): error TS2304: Cannot find name 'expect'.
ai-platform/tests/core.test.js(54,5): error TS2582: Cannot find name 'test'. Do you need to install type definitions for a test runner? Try `npm i --save-dev @types/jest` or `npm i --save-dev @types/mocha`.
ai-platform/tests/core.test.js(55,7): error TS2304: Cannot find name 'expect'.
ai-platform/tests/core.test.js(56,7): error TS2304: Cannot find name 'expect'.
ai-platform/tests/core.test.js(57,7): error TS2304: Cannot find name 'expect'.
ai-platform/tests/core.test.js(61,3): error TS2582: Cannot find name 'describe'. Do you need to install type definitions for a test runner? Try `npm i --save-dev @types/jest` or `npm i --save-dev @types/mocha`.
ai-platform/tests/core.test.js(62,5): error TS2582: Cannot find name 'test'. Do you need to install type definitions for a test runner? Try `npm i --save-dev @types/jest` or `npm i --save-dev @types/mocha`.
ai-platform/tests/core.test.js(64,7): error TS2304: Cannot find name 'expect'.
ai-platform/tests/core.test.js(65,7): error TS2304: Cannot find name 'expect'.
ai-platform/tests/core.test.js(66,7): error TS2304: Cannot find name 'expect'.
ai-platform/tests/core.test.js(69,5): error TS2582: Cannot find name 'test'. Do you need to install type definitions for a test runner? Try `npm i --save-dev @types/jest` or `npm i --save-dev @types/mocha`.
ai-platform/tests/core.test.js(72,7): error TS2304: Cannot find name 'expect'.
ai-platform/tests/core.test.js(73,7): error TS2304: Cannot find name 'expect'.
ai-platform/tests/core.test.js(76,5): error TS2582: Cannot find name 'test'. Do you need to install type definitions for a test runner? Try `npm i --save-dev @types/jest` or `npm i --save-dev @types/mocha`.
ai-platform/tests/core.test.js(79,7): error TS2304: Cannot find name 'expect'.
ai-platform/tests/core.test.js(80,7): error TS2304: Cannot find name 'expect'.
ai-platform/tests/core.test.js(83,5): error TS2582: Cannot find name 'test'. Do you need to install type definitions for a test runner? Try `npm i --save-dev @types/jest` or `npm i --save-dev @types/mocha`.
ai-platform/tests/core.test.js(86,7): error TS2304: Cannot find name 'expect'.
ai-platform/tests/core.test.js(89,5): error TS2582: Cannot find name 'test'. Do you need to install type definitions for a test runner? Try `npm i --save-dev @types/jest` or `npm i --save-dev @types/mocha`.
ai-platform/tests/core.test.js(92,7): error TS2304: Cannot find name 'expect'.
ai-platform/tests/core.test.js(96,3): error TS2582: Cannot find name 'describe'. Do you need to install type definitions for a test runner? Try `npm i --save-dev @types/jest` or `npm i --save-dev @types/mocha`.
ai-platform/tests/core.test.js(97,5): error TS2582: Cannot find name 'test'. Do you need to install type definitions for a test runner? Try `npm i --save-dev @types/jest` or `npm i --save-dev @types/mocha`.
ai-platform/tests/core.test.js(99,7): error TS2304: Cannot find name 'expect'.
ai-platform/tests/core.test.js(100,7): error TS2304: Cannot find name 'expect'.
ai-platform/tests/core.test.js(103,5): error TS2582: Cannot find name 'test'. Do you need to install type definitions for a test runner? Try `npm i --save-dev @types/jest` or `npm i --save-dev @types/mocha`.
ai-platform/tests/core.test.js(105,7): error TS2304: Cannot find name 'expect'.
ai-platform/tests/core.test.js(106,7): error TS2304: Cannot find name 'expect'.
ai-platform/tests/core.test.js(107,7): error TS2304: Cannot find name 'expect'.
ai-platform/tests/core.test.js(110,5): error TS2582: Cannot find name 'test'. Do you need to install type definitions for a test runner? Try `npm i --save-dev @types/jest` or `npm i --save-dev @types/mocha`.
ai-platform/tests/core.test.js(112,7): error TS2304: Cannot find name 'expect'.
ai-platform/tests/core.test.js(113,7): error TS2304: Cannot find name 'expect'.
ai-platform/tests/core.test.js(116,5): error TS2582: Cannot find name 'test'. Do you need to install type definitions for a test runner? Try `npm i --save-dev @types/jest` or `npm i --save-dev @types/mocha`.
ai-platform/tests/core.test.js(119,7): error TS2304: Cannot find name 'expect'.
ai-platform/tests/core.test.js(123,3): error TS2582: Cannot find name 'describe'. Do you need to install type definitions for a test runner? Try `npm i --save-dev @types/jest` or `npm i --save-dev @types/mocha`.
ai-platform/tests/core.test.js(124,5): error TS2582: Cannot find name 'test'. Do you need to install type definitions for a test runner? Try `npm i --save-dev @types/jest` or `npm i --save-dev @types/mocha`.
ai-platform/tests/core.test.js(125,7): error TS2304: Cannot find name 'expect'.
ai-platform/tests/core.test.js(126,7): error TS2304: Cannot find name 'expect'.
ai-platform/tests/core.test.js(127,7): error TS2304: Cannot find name 'expect'.
ai-platform/tests/core.test.js(128,7): error TS2304: Cannot find name 'expect'.
ai-platform/tests/core.test.js(131,5): error TS2582: Cannot find name 'test'. Do you need to install type definitions for a test runner? Try `npm i --save-dev @types/jest` or `npm i --save-dev @types/mocha`.
ai-platform/tests/core.test.js(132,7): error TS2304: Cannot find name 'expect'.
ai-platform/tests/core.test.js(133,7): error TS2304: Cannot find name 'expect'.
ai-platform/tests/core.test.js(134,7): error TS2304: Cannot find name 'expect'.
ai-platform/tests/core.test.js(135,7): error TS2304: Cannot find name 'expect'.
ai-platform/tests/core.test.js(138,5): error TS2582: Cannot find name 'test'. Do you need to install type definitions for a test runner? Try `npm i --save-dev @types/jest` or `npm i --save-dev @types/mocha`.
ai-platform/tests/core.test.js(139,7): error TS2304: Cannot find name 'expect'.
ai-platform/tests/core.test.js(140,7): error TS2304: Cannot find name 'expect'.
ai-platform/tests/core.test.js(141,7): error TS2304: Cannot find name 'expect'.
ai-platform/tests/core.test.js(142,7): error TS2304: Cannot find name 'expect'.
ai-platform/tests/core.test.js(146,3): error TS2582: Cannot find name 'describe'. Do you need to install type definitions for a test runner? Try `npm i --save-dev @types/jest` or `npm i --save-dev @types/mocha`.
ai-platform/tests/core.test.js(147,5): error TS2582: Cannot find name 'test'. Do you need to install type definitions for a test runner? Try `npm i --save-dev @types/jest` or `npm i --save-dev @types/mocha`.
ai-platform/tests/core.test.js(148,7): error TS2304: Cannot find name 'expect'.
ai-platform/tests/core.test.js(149,7): error TS2304: Cannot find name 'expect'.
ai-platform/tests/core.test.js(150,7): error TS2304: Cannot find name 'expect'.
ai-platform/tests/core.test.js(151,7): error TS2304: Cannot find name 'expect'.
ai-platform/tests/core.test.js(152,7): error TS2304: Cannot find name 'expect'.
ai-platform/tests/core.test.js(155,5): error TS2582: Cannot find name 'test'. Do you need to install type definitions for a test runner? Try `npm i --save-dev @types/jest` or `npm i --save-dev @types/mocha`.
ai-platform/tests/core.test.js(156,7): error TS2304: Cannot find name 'expect'.
ai-platform/tests/core.test.js(157,7): error TS2304: Cannot find name 'expect'.
ai-platform/tests/core.test.js(158,7): error TS2304: Cannot find name 'expect'.
ai-platform/tests/core.test.js(161,5): error TS2582: Cannot find name 'test'. Do you need to install type definitions for a test runner? Try `npm i --save-dev @types/jest` or `npm i --save-dev @types/mocha`.
ai-platform/tests/core.test.js(163,7): error TS2304: Cannot find name 'expect'.
ai-platform/tests/core.test.js(164,7): error TS2304: Cannot find name 'expect'.
ai-platform/tests/core.test.js(167,7): error TS2304: Cannot find name 'expect'.
ai-platform/tests/core.test.js(168,7): error TS2304: Cannot find name 'expect'.
ai-platform/tests/core.test.js(172,3): error TS2582: Cannot find name 'describe'. Do you need to install type definitions for a test runner? Try `npm i --save-dev @types/jest` or `npm i --save-dev @types/mocha`.
ai-platform/tests/core.test.js(173,5): error TS2582: Cannot find name 'test'. Do you need to install type definitions for a test runner? Try `npm i --save-dev @types/jest` or `npm i --save-dev @types/mocha`.
ai-platform/tests/core.test.js(174,7): error TS2304: Cannot find name 'expect'.
ai-platform/tests/core.test.js(175,7): error TS2304: Cannot find name 'expect'.
ai-platform/tests/core.test.js(176,7): error TS2304: Cannot find name 'expect'.
ai-platform/tests/core.test.js(179,5): error TS2582: Cannot find name 'test'. Do you need to install type definitions for a test runner? Try `npm i --save-dev @types/jest` or `npm i --save-dev @types/mocha`.
ai-platform/tests/core.test.js(180,7): error TS2304: Cannot find name 'expect'.
ai-platform/tests/core.test.js(181,7): error TS2304: Cannot find name 'expect'.
ai-platform/tests/core.test.js(182,7): error TS2304: Cannot find name 'expect'.
ai-platform/tests/core.test.js(185,5): error TS2582: Cannot find name 'test'. Do you need to install type definitions for a test runner? Try `npm i --save-dev @types/jest` or `npm i --save-dev @types/mocha`.
ai-platform/tests/core.test.js(186,7): error TS2304: Cannot find name 'expect'.
ai-platform/tests/core.test.js(187,7): error TS2304: Cannot find name 'expect'.
ai-platform/tests/core.test.js(188,7): error TS2304: Cannot find name 'expect'.
ai-platform/tests/core.test.js(189,7): error TS2304: Cannot find name 'expect'.
ai-platform/tests/core.test.js(192,5): error TS2582: Cannot find name 'test'. Do you need to install type definitions for a test runner? Try `npm i --save-dev @types/jest` or `npm i --save-dev @types/mocha`.
ai-platform/tests/core.test.js(194,7): error TS2304: Cannot find name 'expect'.
ai-platform/tests/core.test.js(195,7): error TS2304: Cannot find name 'expect'.
ai-platform/tests/core.test.js(198,5): error TS2582: Cannot find name 'test'. Do you need to install type definitions for a test runner? Try `npm i --save-dev @types/jest` or `npm i --save-dev @types/mocha`.
ai-platform/tests/core.test.js(199,7): error TS2304: Cannot find name 'expect'.
ai-platform/tests/core.test.js(200,7): error TS2304: Cannot find name 'expect'.
ai-platform/tests/core.test.js(201,7): error TS2304: Cannot find name 'expect'.
ai-platform/tests/core.test.js(202,7): error TS2304: Cannot find name 'expect'.
ai-platform/tests/core.test.js(206,3): error TS2582: Cannot find name 'describe'. Do you need to install type definitions for a test runner? Try `npm i --save-dev @types/jest` or `npm i --save-dev @types/mocha`.
ai-platform/tests/core.test.js(207,5): error TS2582: Cannot find name 'test'. Do you need to install type definitions for a test runner? Try `npm i --save-dev @types/jest` or `npm i --save-dev @types/mocha`.
ai-platform/tests/core.test.js(209,7): error TS2304: Cannot find name 'expect'.
ai-platform/tests/core.test.js(210,7): error TS2304: Cannot find name 'expect'.
ai-platform/tests/core.test.js(211,7): error TS2304: Cannot find name 'expect'.
ai-platform/tests/core.test.js(212,7): error TS2304: Cannot find name 'expect'.
ai-platform/tests/core.test.js(215,5): error TS2582: Cannot find name 'test'. Do you need to install type definitions for a test runner? Try `npm i --save-dev @types/jest` or `npm i --save-dev @types/mocha`.
ai-platform/tests/core.test.js(217,7): error TS2304: Cannot find name 'expect'.
ai-platform/tests/core.test.js(218,7): error TS2304: Cannot find name 'expect'.
ai-platform/tests/core.test.js(219,7): error TS2304: Cannot find name 'expect'.
ai-platform/tests/core.test.js(222,5): error TS2582: Cannot find name 'test'. Do you need to install type definitions for a test runner? Try `npm i --save-dev @types/jest` or `npm i --save-dev @types/mocha`.
ai-platform/tests/core.test.js(225,7): error TS2304: Cannot find name 'expect'.
ai-platform/tests/core.test.js(229,3): error TS2582: Cannot find name 'describe'. Do you need to install type definitions for a test runner? Try `npm i --save-dev @types/jest` or `npm i --save-dev @types/mocha`.
ai-platform/tests/core.test.js(230,5): error TS2582: Cannot find name 'test'. Do you need to install type definitions for a test runner? Try `npm i --save-dev @types/jest` or `npm i --save-dev @types/mocha`.
ai-platform/tests/core.test.js(233,7): error TS2304: Cannot find name 'expect'.
ai-platform/tests/core.test.js(234,7): error TS2304: Cannot find name 'expect'.
ai-platform/tests/core.test.js(237,5): error TS2582: Cannot find name 'test'. Do you need to install type definitions for a test runner? Try `npm i --save-dev @types/jest` or `npm i --save-dev @types/mocha`.
ai-platform/tests/core.test.js(240,7): error TS2304: Cannot find name 'expect'.
ai-platform/tests/core.test.js(241,7): error TS2304: Cannot find name 'expect'.
ai-platform/tests/core.test.js(244,5): error TS2582: Cannot find name 'test'. Do you need to install type definitions for a test runner? Try `npm i --save-dev @types/jest` or `npm i --save-dev @types/mocha`.
ai-platform/tests/core.test.js(245,7): error TS2304: Cannot find name 'expect'.
ai-platform/tests/core.test.js(246,7): error TS2304: Cannot find name 'expect'.
ai-platform/tests/core.test.js(247,7): error TS2304: Cannot find name 'expect'.
ai-platform/tests/core.test.js(251,3): error TS2582: Cannot find name 'describe'. Do you need to install type definitions for a test runner? Try `npm i --save-dev @types/jest` or `npm i --save-dev @types/mocha`.
ai-platform/tests/core.test.js(252,5): error TS2582: Cannot find name 'test'. Do you need to install type definitions for a test runner? Try `npm i --save-dev @types/jest` or `npm i --save-dev @types/mocha`.
ai-platform/tests/core.test.js(254,7): error TS2304: Cannot find name 'expect'.
ai-platform/tests/core.test.js(255,7): error TS2304: Cannot find name 'expect'.
ai-platform/tests/core.test.js(256,7): error TS2304: Cannot find name 'expect'.
ai-platform/tests/core.test.js(259,5): error TS2582: Cannot find name 'test'. Do you need to install type definitions for a test runner? Try `npm i --save-dev @types/jest` or `npm i --save-dev @types/mocha`.
ai-platform/tests/core.test.js(262,7): error TS2304: Cannot find name 'expect'.
ai-platform/tests/core.test.js(265,5): error TS2582: Cannot find name 'test'. Do you need to install type definitions for a test runner? Try `npm i --save-dev @types/jest` or `npm i --save-dev @types/mocha`.
ai-platform/tests/core.test.js(267,7): error TS2304: Cannot find name 'expect'.
ai-platform/tests/core.test.js(271,3): error TS2582: Cannot find name 'describe'. Do you need to install type definitions for a test runner? Try `npm i --save-dev @types/jest` or `npm i --save-dev @types/mocha`.
ai-platform/tests/core.test.js(272,5): error TS2582: Cannot find name 'test'. Do you need to install type definitions for a test runner? Try `npm i --save-dev @types/jest` or `npm i --save-dev @types/mocha`.
ai-platform/tests/core.test.js(274,7): error TS2304: Cannot find name 'expect'.
ai-platform/tests/core.test.js(275,7): error TS2304: Cannot find name 'expect'.
ai-platform/tests/core.test.js(278,5): error TS2582: Cannot find name 'test'. Do you need to install type definitions for a test runner? Try `npm i --save-dev @types/jest` or `npm i --save-dev @types/mocha`.
ai-platform/tests/core.test.js(284,9): error TS2304: Cannot find name 'expect'.
ai-platform/tests/core.test.js(286,7): error TS2304: Cannot find name 'expect'.
ai-platform/tests/core.test.js(289,5): error TS2582: Cannot find name 'test'. Do you need to install type definitions for a test runner? Try `npm i --save-dev @types/jest` or `npm i --save-dev @types/mocha`.
ai-platform/tests/core.test.js(298,7): error TS2304: Cannot find name 'expect'.
ai-platform/tests/core.test.js(302,3): error TS2582: Cannot find name 'describe'. Do you need to install type definitions for a test runner? Try `npm i --save-dev @types/jest` or `npm i --save-dev @types/mocha`.
ai-platform/tests/core.test.js(303,5): error TS2582: Cannot find name 'test'. Do you need to install type definitions for a test runner? Try `npm i --save-dev @types/jest` or `npm i --save-dev @types/mocha`.
ai-platform/tests/core.test.js(306,7): error TS2304: Cannot find name 'expect'.
ai-platform/tests/core.test.js(309,5): error TS2582: Cannot find name 'test'. Do you need to install type definitions for a test runner? Try `npm i --save-dev @types/jest` or `npm i --save-dev @types/mocha`.
ai-platform/tests/core.test.js(315,9): error TS2304: Cannot find name 'expect'.
ai-platform/tests/core.test.js(319,5): error TS2582: Cannot find name 'test'. Do you need to install type definitions for a test runner? Try `npm i --save-dev @types/jest` or `npm i --save-dev @types/mocha`.
ai-platform/tests/core.test.js(326,7): error TS2304: Cannot find name 'expect'.
ai-platform/tests/core.test.js(330,3): error TS2582: Cannot find name 'describe'. Do you need to install type definitions for a test runner? Try `npm i --save-dev @types/jest` or `npm i --save-dev @types/mocha`.
ai-platform/tests/core.test.js(331,5): error TS2582: Cannot find name 'test'. Do you need to install type definitions for a test runner? Try `npm i --save-dev @types/jest` or `npm i --save-dev @types/mocha`.
ai-platform/tests/core.test.js(333,7): error TS2304: Cannot find name 'expect'.
ai-platform/tests/core.test.js(334,7): error TS2304: Cannot find name 'expect'.
ai-platform/tests/core.test.js(335,7): error TS2304: Cannot find name 'expect'.
ai-platform/tests/core.test.js(338,5): error TS2582: Cannot find name 'test'. Do you need to install type definitions for a test runner? Try `npm i --save-dev @types/jest` or `npm i --save-dev @types/mocha`.
ai-platform/tests/core.test.js(343,7): error TS2304: Cannot find name 'expect'.
ai-platform/tests/core.test.js(344,7): error TS2304: Cannot find name 'expect'.
ai-platform/tests/core.test.js(345,7): error TS2304: Cannot find name 'expect'.
ai-platform/tests/core.test.js(346,7): error TS2304: Cannot find name 'expect'.
ai-platform/tests/core.test.js(349,5): error TS2582: Cannot find name 'test'. Do you need to install type definitions for a test runner? Try `npm i --save-dev @types/jest` or `npm i --save-dev @types/mocha`.
ai-platform/tests/core.test.js(352,7): error TS2304: Cannot find name 'expect'.
ai-platform/tests/core.test.js(353,7): error TS2304: Cannot find name 'expect'.
ai-platform/tests/core.test.js(357,3): error TS2582: Cannot find name 'describe'. Do you need to install type definitions for a test runner? Try `npm i --save-dev @types/jest` or `npm i --save-dev @types/mocha`.
ai-platform/tests/core.test.js(358,5): error TS2582: Cannot find name 'test'. Do you need to install type definitions for a test runner? Try `npm i --save-dev @types/jest` or `npm i --save-dev @types/mocha`.
ai-platform/tests/core.test.js(360,7): error TS2304: Cannot find name 'expect'.
ai-platform/tests/core.test.js(361,7): error TS2304: Cannot find name 'expect'.
ai-platform/tests/core.test.js(362,7): error TS2304: Cannot find name 'expect'.
ai-platform/tests/core.test.js(365,5): error TS2582: Cannot find name 'test'. Do you need to install type definitions for a test runner? Try `npm i --save-dev @types/jest` or `npm i --save-dev @types/mocha`.
ai-platform/tests/core.test.js(369,7): error TS2304: Cannot find name 'expect'.
ai-platform/tests/core.test.js(370,7): error TS2304: Cannot find name 'expect'.
ai-platform/tests/core.test.js(373,5): error TS2582: Cannot find name 'test'. Do you need to install type definitions for a test runner? Try `npm i --save-dev @types/jest` or `npm i --save-dev @types/mocha`.
ai-platform/tests/core.test.js(377,7): error TS2304: Cannot find name 'expect'.
ai-platform/tests/core.test.js(381,3): error TS2582: Cannot find name 'describe'. Do you need to install type definitions for a test runner? Try `npm i --save-dev @types/jest` or `npm i --save-dev @types/mocha`.
ai-platform/tests/core.test.js(382,5): error TS2582: Cannot find name 'test'. Do you need to install type definitions for a test runner? Try `npm i --save-dev @types/jest` or `npm i --save-dev @types/mocha`.
ai-platform/tests/core.test.js(383,7): error TS2304: Cannot find name 'expect'.
ai-platform/tests/core.test.js(384,7): error TS2304: Cannot find name 'expect'.
ai-platform/tests/core.test.js(385,7): error TS2304: Cannot find name 'expect'.
ai-platform/tests/core.test.js(385,20): error TS2345: Argument of type 'string' is not assignable to parameter of type 'number'.
ai-platform/tests/core.test.js(386,7): error TS2304: Cannot find name 'expect'.
ai-platform/tests/core.test.js(389,5): error TS2582: Cannot find name 'test'. Do you need to install type definitions for a test runner? Try `npm i --save-dev @types/jest` or `npm i --save-dev @types/mocha`.
ai-platform/tests/core.test.js(390,7): error TS2304: Cannot find name 'expect'.
ai-platform/tests/core.test.js(391,7): error TS2304: Cannot find name 'expect'.
ai-platform/tests/core.test.js(392,7): error TS2304: Cannot find name 'expect'.
ai-platform/tests/core.test.js(393,7): error TS2304: Cannot find name 'expect'.
ai-platform/tests/core.test.js(396,5): error TS2582: Cannot find name 'test'. Do you need to install type definitions for a test runner? Try `npm i --save-dev @types/jest` or `npm i --save-dev @types/mocha`.
ai-platform/tests/core.test.js(397,7): error TS2304: Cannot find name 'expect'.
ai-platform/tests/core.test.js(398,7): error TS2304: Cannot find name 'expect'.
ai-platform/tests/core.test.js(399,7): error TS2304: Cannot find name 'expect'.
ai-platform/tests/core.test.js(402,5): error TS2582: Cannot find name 'test'. Do you need to install type definitions for a test runner? Try `npm i --save-dev @types/jest` or `npm i --save-dev @types/mocha`.
ai-platform/tests/core.test.js(403,7): error TS2304: Cannot find name 'expect'.
ai-platform/tests/core.test.js(404,7): error TS2304: Cannot find name 'expect'.
ai-platform/tests/core.test.js(408,3): error TS2582: Cannot find name 'describe'. Do you need to install type definitions for a test runner? Try `npm i --save-dev @types/jest` or `npm i --save-dev @types/mocha`.
ai-platform/tests/core.test.js(409,5): error TS2582: Cannot find name 'test'. Do you need to install type definitions for a test runner? Try `npm i --save-dev @types/jest` or `npm i --save-dev @types/mocha`.
ai-platform/tests/core.test.js(413,7): error TS2304: Cannot find name 'expect'.
ai-platform/tests/core.test.js(414,7): error TS2304: Cannot find name 'expect'.
ai-platform/tests/core.test.js(417,5): error TS2582: Cannot find name 'test'. Do you need to install type definitions for a test runner? Try `npm i --save-dev @types/jest` or `npm i --save-dev @types/mocha`.
ai-platform/tests/core.test.js(421,7): error TS2304: Cannot find name 'expect'.
ai-platform/tests/core.test.js(422,7): error TS2304: Cannot find name 'expect'.
ai-platform/tests/core.test.js(426,3): error TS2582: Cannot find name 'describe'. Do you need to install type definitions for a test runner? Try `npm i --save-dev @types/jest` or `npm i --save-dev @types/mocha`.
ai-platform/tests/core.test.js(427,5): error TS2582: Cannot find name 'test'. Do you need to install type definitions for a test runner? Try `npm i --save-dev @types/jest` or `npm i --save-dev @types/mocha`.
ai-platform/tests/core.test.js(428,7): error TS2304: Cannot find name 'expect'.
ai-platform/tests/core.test.js(429,7): error TS2304: Cannot find name 'expect'.
ai-platform/tests/core.test.js(430,7): error TS2304: Cannot find name 'expect'.
ai-platform/tests/core.test.js(431,7): error TS2304: Cannot find name 'expect'.
ai-platform/tests/core.test.js(431,20): error TS18050: The value 'null' cannot be used here.
ai-platform/tests/core.test.js(434,5): error TS2582: Cannot find name 'test'. Do you need to install type definitions for a test runner? Try `npm i --save-dev @types/jest` or `npm i --save-dev @types/mocha`.
ai-platform/tests/core.test.js(436,7): error TS2304: Cannot find name 'expect'.
ai-platform/tests/core.test.js(438,7): error TS2304: Cannot find name 'expect'.
ai-platform/tests/core.test.js(441,5): error TS2582: Cannot find name 'test'. Do you need to install type definitions for a test runner? Try `npm i --save-dev @types/jest` or `npm i --save-dev @types/mocha`.
ai-platform/tests/core.test.js(443,7): error TS2304: Cannot find name 'expect'.
ai-platform/tests/core.test.js(445,7): error TS2304: Cannot find name 'expect'.
ai-platform/tests/core.test.js(448,5): error TS2582: Cannot find name 'test'. Do you need to install type definitions for a test runner? Try `npm i --save-dev @types/jest` or `npm i --save-dev @types/mocha`.
ai-platform/tests/core.test.js(449,7): error TS2304: Cannot find name 'expect'.
ai-platform/tests/core.test.js(450,7): error TS2304: Cannot find name 'expect'.
ai-platform/tests/core.test.js(450,14): error TS2362: The left-hand side of an arithmetic operation must be of type 'any', 'number', 'bigint' or an enum type.
ai-platform/tests/core.test.js(451,7): error TS2304: Cannot find name 'expect'.
ai-platform/tests/core.test.js(451,14): error TS2362: The left-hand side of an arithmetic operation must be of type 'any', 'number', 'bigint' or an enum type.
ai-platform/tests/core.test.js(452,7): error TS2304: Cannot find name 'expect'.
ai-platform/tests/core.test.js(452,14): error TS2362: The left-hand side of an arithmetic operation must be of type 'any', 'number', 'bigint' or an enum type.
ai-platform/tests/dashboard-vault-auth.test.js(14,1): error TS2582: Cannot find name 'describe'. Do you need to install type definitions for a test runner? Try `npm i --save-dev @types/jest` or `npm i --save-dev @types/mocha`.
ai-platform/tests/dashboard-vault-auth.test.js(18,3): error TS2304: Cannot find name 'beforeEach'.
ai-platform/tests/dashboard-vault-auth.test.js(22,3): error TS2304: Cannot find name 'afterEach'.
ai-platform/tests/dashboard-vault-auth.test.js(30,3): error TS2582: Cannot find name 'describe'. Do you need to install type definitions for a test runner? Try `npm i --save-dev @types/jest` or `npm i --save-dev @types/mocha`.
ai-platform/tests/dashboard-vault-auth.test.js(31,5): error TS2582: Cannot find name 'test'. Do you need to install type definitions for a test runner? Try `npm i --save-dev @types/jest` or `npm i --save-dev @types/mocha`.
ai-platform/tests/dashboard-vault-auth.test.js(32,7): error TS2304: Cannot find name 'expect'.
ai-platform/tests/dashboard-vault-auth.test.js(33,7): error TS2304: Cannot find name 'expect'.
ai-platform/tests/dashboard-vault-auth.test.js(34,7): error TS2304: Cannot find name 'expect'.
ai-platform/tests/dashboard-vault-auth.test.js(37,5): error TS2582: Cannot find name 'test'. Do you need to install type definitions for a test runner? Try `npm i --save-dev @types/jest` or `npm i --save-dev @types/mocha`.
ai-platform/tests/dashboard-vault-auth.test.js(38,7): error TS2304: Cannot find name 'expect'.
ai-platform/tests/dashboard-vault-auth.test.js(41,5): error TS2582: Cannot find name 'test'. Do you need to install type definitions for a test runner? Try `npm i --save-dev @types/jest` or `npm i --save-dev @types/mocha`.
ai-platform/tests/dashboard-vault-auth.test.js(43,7): error TS2304: Cannot find name 'expect'.
ai-platform/tests/dashboard-vault-auth.test.js(46,5): error TS2582: Cannot find name 'test'. Do you need to install type definitions for a test runner? Try `npm i --save-dev @types/jest` or `npm i --save-dev @types/mocha`.
ai-platform/tests/dashboard-vault-auth.test.js(48,7): error TS2304: Cannot find name 'expect'.
ai-platform/tests/dashboard-vault-auth.test.js(51,5): error TS2582: Cannot find name 'test'. Do you need to install type definitions for a test runner? Try `npm i --save-dev @types/jest` or `npm i --save-dev @types/mocha`.
ai-platform/tests/dashboard-vault-auth.test.js(53,7): error TS2304: Cannot find name 'expect'.
ai-platform/tests/dashboard-vault-auth.test.js(56,5): error TS2582: Cannot find name 'test'. Do you need to install type definitions for a test runner? Try `npm i --save-dev @types/jest` or `npm i --save-dev @types/mocha`.
ai-platform/tests/dashboard-vault-auth.test.js(58,7): error TS2304: Cannot find name 'expect'.
ai-platform/tests/dashboard-vault-auth.test.js(62,3): error TS2582: Cannot find name 'describe'. Do you need to install type definitions for a test runner? Try `npm i --save-dev @types/jest` or `npm i --save-dev @types/mocha`.
ai-platform/tests/dashboard-vault-auth.test.js(63,5): error TS2582: Cannot find name 'test'. Do you need to install type definitions for a test runner? Try `npm i --save-dev @types/jest` or `npm i --save-dev @types/mocha`.
ai-platform/tests/dashboard-vault-auth.test.js(64,7): error TS2304: Cannot find name 'expect'.
ai-platform/tests/dashboard-vault-auth.test.js(65,7): error TS2304: Cannot find name 'expect'.
ai-platform/tests/dashboard-vault-auth.test.js(66,7): error TS2304: Cannot find name 'expect'.
ai-platform/tests/dashboard-vault-auth.test.js(69,5): error TS2582: Cannot find name 'test'. Do you need to install type definitions for a test runner? Try `npm i --save-dev @types/jest` or `npm i --save-dev @types/mocha`.
ai-platform/tests/dashboard-vault-auth.test.js(72,7): error TS2304: Cannot find name 'expect'.
ai-platform/tests/dashboard-vault-auth.test.js(73,7): error TS2304: Cannot find name 'expect'.
ai-platform/tests/dashboard-vault-auth.test.js(74,7): error TS2304: Cannot find name 'expect'.
ai-platform/tests/dashboard-vault-auth.test.js(77,5): error TS2582: Cannot find name 'test'. Do you need to install type definitions for a test runner? Try `npm i --save-dev @types/jest` or `npm i --save-dev @types/mocha`.
ai-platform/tests/dashboard-vault-auth.test.js(80,7): error TS2304: Cannot find name 'expect'.
ai-platform/tests/dashboard-vault-auth.test.js(84,3): error TS2582: Cannot find name 'describe'. Do you need to install type definitions for a test runner? Try `npm i --save-dev @types/jest` or `npm i --save-dev @types/mocha`.
ai-platform/tests/dashboard-vault-auth.test.js(87,5): error TS2582: Cannot find name 'test'. Do you need to install type definitions for a test runner? Try `npm i --save-dev @types/jest` or `npm i --save-dev @types/mocha`.
ai-platform/tests/dashboard-vault-auth.test.js(88,7): error TS2304: Cannot find name 'expect'.
ai-platform/tests/dashboard-vault-auth.test.js(89,7): error TS2304: Cannot find name 'expect'.
ai-platform/tests/dashboard-vault-auth.test.js(92,5): error TS2582: Cannot find name 'test'. Do you need to install type definitions for a test runner? Try `npm i --save-dev @types/jest` or `npm i --save-dev @types/mocha`.
ai-platform/tests/dashboard-vault-auth.test.js(93,7): error TS2304: Cannot find name 'expect'.
ai-platform/tests/dashboard-vault-auth.test.js(96,5): error TS2582: Cannot find name 'test'. Do you need to install type definitions for a test runner? Try `npm i --save-dev @types/jest` or `npm i --save-dev @types/mocha`.
ai-platform/tests/dashboard-vault-auth.test.js(98,7): error TS2304: Cannot find name 'expect'.
ai-platform/tests/dashboard-vault-auth.test.js(101,5): error TS2582: Cannot find name 'test'. Do you need to install type definitions for a test runner? Try `npm i --save-dev @types/jest` or `npm i --save-dev @types/mocha`.
ai-platform/tests/dashboard-vault-auth.test.js(103,7): error TS2304: Cannot find name 'expect'.
ai-platform/tests/dashboard-vault-auth.test.js(106,5): error TS2582: Cannot find name 'test'. Do you need to install type definitions for a test runner? Try `npm i --save-dev @types/jest` or `npm i --save-dev @types/mocha`.
ai-platform/tests/dashboard-vault-auth.test.js(110,7): error TS2304: Cannot find name 'expect'.
ai-platform/tests/dashboard-vault-auth.test.js(115,3): error TS2582: Cannot find name 'describe'. Do you need to install type definitions for a test runner? Try `npm i --save-dev @types/jest` or `npm i --save-dev @types/mocha`.
ai-platform/tests/dashboard-vault-auth.test.js(116,5): error TS2582: Cannot find name 'test'. Do you need to install type definitions for a test runner? Try `npm i --save-dev @types/jest` or `npm i --save-dev @types/mocha`.
ai-platform/tests/dashboard-vault-auth.test.js(117,7): error TS2304: Cannot find name 'expect'.
ai-platform/tests/dashboard-vault-auth.test.js(118,7): error TS2304: Cannot find name 'expect'.
ai-platform/tests/dashboard-vault-auth.test.js(119,7): error TS2304: Cannot find name 'expect'.
ai-platform/tests/dashboard-vault-auth.test.js(120,7): error TS2304: Cannot find name 'expect'.
ai-platform/tests/dashboard-vault-auth.test.js(121,7): error TS2304: Cannot find name 'expect'.
ai-platform/tests/dashboard-vault-auth.test.js(122,7): error TS2304: Cannot find name 'expect'.
ai-platform/tests/dashboard-vault-auth.test.js(123,7): error TS2304: Cannot find name 'expect'.
ai-platform/tests/dashboard-vault-auth.test.js(126,5): error TS2582: Cannot find name 'test'. Do you need to install type definitions for a test runner? Try `npm i --save-dev @types/jest` or `npm i --save-dev @types/mocha`.
ai-platform/tests/dashboard-vault-auth.test.js(127,7): error TS2304: Cannot find name 'expect'.
ai-platform/tests/dashboard-vault-auth.test.js(128,7): error TS2304: Cannot find name 'expect'.
ai-platform/tests/dashboard-vault-auth.test.js(131,5): error TS2582: Cannot find name 'test'. Do you need to install type definitions for a test runner? Try `npm i --save-dev @types/jest` or `npm i --save-dev @types/mocha`.
ai-platform/tests/dashboard-vault-auth.test.js(132,7): error TS2304: Cannot find name 'expect'.
ai-platform/tests/dashboard-vault-auth.test.js(133,7): error TS2304: Cannot find name 'expect'.
ai-platform/tests/dashboard-vault-auth.test.js(134,7): error TS2304: Cannot find name 'expect'.
ai-platform/tests/dashboard-vault-auth.test.js(135,7): error TS2304: Cannot find name 'expect'.
ai-platform/tests/dashboard-vault-auth.test.js(136,7): error TS2304: Cannot find name 'expect'.
ai-platform/tests/dashboard-vault-auth.test.js(137,7): error TS2304: Cannot find name 'expect'.
ai-platform/tests/dashboard-vault-auth.test.js(140,5): error TS2582: Cannot find name 'test'. Do you need to install type definitions for a test runner? Try `npm i --save-dev @types/jest` or `npm i --save-dev @types/mocha`.
ai-platform/tests/dashboard-vault-auth.test.js(141,7): error TS2304: Cannot find name 'expect'.
ai-platform/tests/dashboard-vault-auth.test.js(142,7): error TS2304: Cannot find name 'expect'.
ai-platform/tests/dashboard-vault-auth.test.js(143,7): error TS2304: Cannot find name 'expect'.
ai-platform/tests/dashboard-vault-auth.test.js(147,3): error TS2582: Cannot find name 'describe'. Do you need to install type definitions for a test runner? Try `npm i --save-dev @types/jest` or `npm i --save-dev @types/mocha`.
ai-platform/tests/dashboard-vault-auth.test.js(148,5): error TS2582: Cannot find name 'test'. Do you need to install type definitions for a test runner? Try `npm i --save-dev @types/jest` or `npm i --save-dev @types/mocha`.
ai-platform/tests/dashboard-vault-auth.test.js(149,7): error TS2304: Cannot find name 'expect'.
ai-platform/tests/dashboard-vault-auth.test.js(150,7): error TS2304: Cannot find name 'expect'.
ai-platform/tests/dashboard-vault-auth.test.js(153,5): error TS2582: Cannot find name 'test'. Do you need to install type definitions for a test runner? Try `npm i --save-dev @types/jest` or `npm i --save-dev @types/mocha`.
ai-platform/tests/dashboard-vault-auth.test.js(154,7): error TS2304: Cannot find name 'expect'.
ai-platform/tests/dashboard-vault-auth.test.js(155,7): error TS2304: Cannot find name 'expect'.
ai-platform/tests/dashboard-vault-auth.test.js(159,3): error TS2582: Cannot find name 'describe'. Do you need to install type definitions for a test runner? Try `npm i --save-dev @types/jest` or `npm i --save-dev @types/mocha`.
ai-platform/tests/dashboard-vault-auth.test.js(160,5): error TS2582: Cannot find name 'test'. Do you need to install type definitions for a test runner? Try `npm i --save-dev @types/jest` or `npm i --save-dev @types/mocha`.
ai-platform/tests/dashboard-vault-auth.test.js(161,32): error TS2304: Cannot find name 'jest'.
ai-platform/tests/dashboard-vault-auth.test.js(162,29): error TS2345: Argument of type '{ setHeader: any; }' is not assignable to parameter of type 'any[]'.
  Type '{ setHeader: any; }' is missing the following properties from type 'any[]': length, pop, push, concat, and 29 more.
ai-platform/tests/dashboard-vault-auth.test.js(163,7): error TS2304: Cannot find name 'expect'.
ai-platform/tests/dashboard-vault-auth.test.js(165,7): error TS2304: Cannot find name 'expect'.
ai-platform/tests/dashboard-vault-auth.test.js(166,7): error TS2304: Cannot find name 'expect'.
ai-platform/tests/dashboard-vault-auth.test.js(167,7): error TS2304: Cannot find name 'expect'.
ai-platform/tests/dashboard-vault-auth.test.js(168,7): error TS2304: Cannot find name 'expect'.
ai-platform/tests/dashboard-vault-auth.test.js(169,7): error TS2304: Cannot find name 'expect'.
ai-platform/tests/dashboard-vault-auth.test.js(172,5): error TS2582: Cannot find name 'test'. Do you need to install type definitions for a test runner? Try `npm i --save-dev @types/jest` or `npm i --save-dev @types/mocha`.
ai-platform/tests/dashboard-vault-auth.test.js(173,32): error TS2304: Cannot find name 'jest'.
ai-platform/tests/dashboard-vault-auth.test.js(174,29): error TS2345: Argument of type '{ setHeader: any; }' is not assignable to parameter of type 'any[]'.
  Type '{ setHeader: any; }' is missing the following properties from type 'any[]': length, pop, push, concat, and 29 more.
ai-platform/tests/dashboard-vault-auth.test.js(175,7): error TS2304: Cannot find name 'expect'.
ai-platform/tests/dashboard-vault-auth.test.js(178,5): error TS2582: Cannot find name 'test'. Do you need to install type definitions for a test runner? Try `npm i --save-dev @types/jest` or `npm i --save-dev @types/mocha`.
ai-platform/tests/dashboard-vault-auth.test.js(181,32): error TS2304: Cannot find name 'jest'.
ai-platform/tests/dashboard-vault-auth.test.js(182,29): error TS2345: Argument of type '{ setHeader: any; }' is not assignable to parameter of type 'any[]'.
  Type '{ setHeader: any; }' is missing the following properties from type 'any[]': length, pop, push, concat, and 29 more.
ai-platform/tests/dashboard-vault-auth.test.js(183,7): error TS2304: Cannot find name 'expect'.
ai-platform/tests/file-quality-heuristics.test.js(11,1): error TS2582: Cannot find name 'describe'. Do you need to install type definitions for a test runner? Try `npm i --save-dev @types/jest` or `npm i --save-dev @types/mocha`.
ai-platform/tests/file-quality-heuristics.test.js(12,3): error TS2582: Cannot find name 'describe'. Do you need to install type definitions for a test runner? Try `npm i --save-dev @types/jest` or `npm i --save-dev @types/mocha`.
ai-platform/tests/file-quality-heuristics.test.js(13,5): error TS2582: Cannot find name 'test'. Do you need to install type definitions for a test runner? Try `npm i --save-dev @types/jest` or `npm i --save-dev @types/mocha`.
ai-platform/tests/file-quality-heuristics.test.js(14,7): error TS2304: Cannot find name 'expect'.
ai-platform/tests/file-quality-heuristics.test.js(17,5): error TS2582: Cannot find name 'test'. Do you need to install type definitions for a test runner? Try `npm i --save-dev @types/jest` or `npm i --save-dev @types/mocha`.
ai-platform/tests/file-quality-heuristics.test.js(18,7): error TS2304: Cannot find name 'expect'.
ai-platform/tests/file-quality-heuristics.test.js(21,5): error TS2582: Cannot find name 'test'. Do you need to install type definitions for a test runner? Try `npm i --save-dev @types/jest` or `npm i --save-dev @types/mocha`.
ai-platform/tests/file-quality-heuristics.test.js(22,7): error TS2304: Cannot find name 'expect'.
ai-platform/tests/file-quality-heuristics.test.js(23,7): error TS2304: Cannot find name 'expect'.
ai-platform/tests/file-quality-heuristics.test.js(27,3): error TS2582: Cannot find name 'describe'. Do you need to install type definitions for a test runner? Try `npm i --save-dev @types/jest` or `npm i --save-dev @types/mocha`.
ai-platform/tests/file-quality-heuristics.test.js(28,5): error TS2582: Cannot find name 'test'. Do you need to install type definitions for a test runner? Try `npm i --save-dev @types/jest` or `npm i --save-dev @types/mocha`.
ai-platform/tests/file-quality-heuristics.test.js(29,7): error TS2304: Cannot find name 'expect'.
ai-platform/tests/file-quality-heuristics.test.js(32,5): error TS2582: Cannot find name 'test'. Do you need to install type definitions for a test runner? Try `npm i --save-dev @types/jest` or `npm i --save-dev @types/mocha`.
ai-platform/tests/file-quality-heuristics.test.js(33,7): error TS2304: Cannot find name 'expect'.
ai-platform/tests/file-quality-heuristics.test.js(36,5): error TS2582: Cannot find name 'test'. Do you need to install type definitions for a test runner? Try `npm i --save-dev @types/jest` or `npm i --save-dev @types/mocha`.
ai-platform/tests/file-quality-heuristics.test.js(37,7): error TS2304: Cannot find name 'expect'.
ai-platform/tests/file-quality-heuristics.test.js(40,5): error TS2582: Cannot find name 'test'. Do you need to install type definitions for a test runner? Try `npm i --save-dev @types/jest` or `npm i --save-dev @types/mocha`.
ai-platform/tests/file-quality-heuristics.test.js(41,7): error TS2304: Cannot find name 'expect'.
ai-platform/tests/file-quality-heuristics.test.js(44,5): error TS2582: Cannot find name 'test'. Do you need to install type definitions for a test runner? Try `npm i --save-dev @types/jest` or `npm i --save-dev @types/mocha`.
ai-platform/tests/file-quality-heuristics.test.js(45,7): error TS2304: Cannot find name 'expect'.
ai-platform/tests/file-quality-heuristics.test.js(48,5): error TS2582: Cannot find name 'test'. Do you need to install type definitions for a test runner? Try `npm i --save-dev @types/jest` or `npm i --save-dev @types/mocha`.
ai-platform/tests/file-quality-heuristics.test.js(50,7): error TS2304: Cannot find name 'expect'.
ai-platform/tests/file-quality-heuristics.test.js(54,3): error TS2582: Cannot find name 'describe'. Do you need to install type definitions for a test runner? Try `npm i --save-dev @types/jest` or `npm i --save-dev @types/mocha`.
ai-platform/tests/file-quality-heuristics.test.js(55,5): error TS2582: Cannot find name 'test'. Do you need to install type definitions for a test runner? Try `npm i --save-dev @types/jest` or `npm i --save-dev @types/mocha`.
ai-platform/tests/file-quality-heuristics.test.js(56,7): error TS2304: Cannot find name 'expect'.
ai-platform/tests/file-quality-heuristics.test.js(59,5): error TS2582: Cannot find name 'test'. Do you need to install type definitions for a test runner? Try `npm i --save-dev @types/jest` or `npm i --save-dev @types/mocha`.
ai-platform/tests/file-quality-heuristics.test.js(60,7): error TS2304: Cannot find name 'expect'.
ai-platform/tests/file-quality-heuristics.test.js(63,5): error TS2582: Cannot find name 'test'. Do you need to install type definitions for a test runner? Try `npm i --save-dev @types/jest` or `npm i --save-dev @types/mocha`.
ai-platform/tests/file-quality-heuristics.test.js(64,7): error TS2304: Cannot find name 'expect'.
ai-platform/tests/github-repo-clone.test.js(3,1): error TS2582: Cannot find name 'describe'. Do you need to install type definitions for a test runner? Try `npm i --save-dev @types/jest` or `npm i --save-dev @types/mocha`.
ai-platform/tests/github-repo-clone.test.js(4,5): error TS2582: Cannot find name 'test'. Do you need to install type definitions for a test runner? Try `npm i --save-dev @types/jest` or `npm i --save-dev @types/mocha`.
ai-platform/tests/github-repo-clone.test.js(6,9): error TS2304: Cannot find name 'expect'.
ai-platform/tests/github-repo-clone.test.js(9,5): error TS2582: Cannot find name 'test'. Do you need to install type definitions for a test runner? Try `npm i --save-dev @types/jest` or `npm i --save-dev @types/mocha`.
ai-platform/tests/github-repo-clone.test.js(10,9): error TS2304: Cannot find name 'expect'.
ai-platform/tests/hub-smoke.test.js(10,1): error TS2582: Cannot find name 'describe'. Do you need to install type definitions for a test runner? Try `npm i --save-dev @types/jest` or `npm i --save-dev @types/mocha`.
ai-platform/tests/hub-smoke.test.js(11,3): error TS2582: Cannot find name 'test'. Do you need to install type definitions for a test runner? Try `npm i --save-dev @types/jest` or `npm i --save-dev @types/mocha`.
ai-platform/tests/hub-smoke.test.js(13,5): error TS2304: Cannot find name 'expect'.
ai-platform/tests/hub-smoke.test.js(14,5): error TS2304: Cannot find name 'expect'.
ai-platform/tests/hub-smoke.test.js(15,5): error TS2304: Cannot find name 'expect'.
ai-platform/tests/hub-smoke.test.js(18,3): error TS2582: Cannot find name 'test'. Do you need to install type definitions for a test runner? Try `npm i --save-dev @types/jest` or `npm i --save-dev @types/mocha`.
ai-platform/tests/hub-smoke.test.js(20,5): error TS2304: Cannot find name 'expect'.
ai-platform/tests/hub-smoke.test.js(22,5): error TS2304: Cannot find name 'expect'.
ai-platform/tests/hub-smoke.test.js(25,3): error TS2582: Cannot find name 'test'. Do you need to install type definitions for a test runner? Try `npm i --save-dev @types/jest` or `npm i --save-dev @types/mocha`.
ai-platform/tests/hub-smoke.test.js(27,5): error TS2304: Cannot find name 'expect'.
ai-platform/tests/hub-smoke.test.js(28,5): error TS2304: Cannot find name 'expect'.
ai-platform/tests/hub-smoke.test.js(29,5): error TS2304: Cannot find name 'expect'.
ai-platform/tests/hub-smoke.test.js(32,3): error TS2582: Cannot find name 'test'. Do you need to install type definitions for a test runner? Try `npm i --save-dev @types/jest` or `npm i --save-dev @types/mocha`.
ai-platform/tests/hub-smoke.test.js(34,5): error TS2304: Cannot find name 'expect'.
ai-platform/tests/hub-smoke.test.js(35,5): error TS2304: Cannot find name 'expect'.
ai-platform/tests/hub-smoke.test.js(36,5): error TS2304: Cannot find name 'expect'.
ai-platform/tests/hub-smoke.test.js(39,3): error TS2582: Cannot find name 'test'. Do you need to install type definitions for a test runner? Try `npm i --save-dev @types/jest` or `npm i --save-dev @types/mocha`.
ai-platform/tests/hub-smoke.test.js(52,5): error TS2304: Cannot find name 'expect'.
ai-platform/tests/hub-smoke.test.js(53,5): error TS2304: Cannot find name 'expect'.
ai-platform/tests/hub-smoke.test.js(54,5): error TS2304: Cannot find name 'expect'.
ai-platform/tests/hub-smoke.test.js(57,3): error TS2582: Cannot find name 'test'. Do you need to install type definitions for a test runner? Try `npm i --save-dev @types/jest` or `npm i --save-dev @types/mocha`.
ai-platform/tests/hub-smoke.test.js(59,5): error TS2304: Cannot find name 'expect'.
ai-platform/tests/hub-smoke.test.js(60,5): error TS2304: Cannot find name 'expect'.
ai-platform/tests/hub-smoke.test.js(61,5): error TS2304: Cannot find name 'expect'.
ai-platform/tests/integration/auth-integration.test.js(12,1): error TS2582: Cannot find name 'describe'. Do you need to install type definitions for a test runner? Try `npm i --save-dev @types/jest` or `npm i --save-dev @types/mocha`.
ai-platform/tests/integration/auth-integration.test.js(18,3): error TS2304: Cannot find name 'beforeAll'.
ai-platform/tests/integration/auth-integration.test.js(156,3): error TS2582: Cannot find name 'describe'. Do you need to install type definitions for a test runner? Try `npm i --save-dev @types/jest` or `npm i --save-dev @types/mocha`.
ai-platform/tests/integration/auth-integration.test.js(157,5): error TS2582: Cannot find name 'it'. Do you need to install type definitions for a test runner? Try `npm i --save-dev @types/jest` or `npm i --save-dev @types/mocha`.
ai-platform/tests/integration/auth-integration.test.js(165,7): error TS2304: Cannot find name 'expect'.
ai-platform/tests/integration/auth-integration.test.js(166,7): error TS2304: Cannot find name 'expect'.
ai-platform/tests/integration/auth-integration.test.js(167,7): error TS2304: Cannot find name 'expect'.
ai-platform/tests/integration/auth-integration.test.js(168,7): error TS2304: Cannot find name 'expect'.
ai-platform/tests/integration/auth-integration.test.js(169,7): error TS2304: Cannot find name 'expect'.
ai-platform/tests/integration/auth-integration.test.js(172,5): error TS2582: Cannot find name 'it'. Do you need to install type definitions for a test runner? Try `npm i --save-dev @types/jest` or `npm i --save-dev @types/mocha`.
ai-platform/tests/integration/auth-integration.test.js(180,7): error TS2304: Cannot find name 'expect'.
ai-platform/tests/integration/auth-integration.test.js(181,7): error TS2304: Cannot find name 'expect'.
ai-platform/tests/integration/auth-integration.test.js(182,7): error TS2304: Cannot find name 'expect'.
ai-platform/tests/integration/auth-integration.test.js(185,5): error TS2582: Cannot find name 'it'. Do you need to install type definitions for a test runner? Try `npm i --save-dev @types/jest` or `npm i --save-dev @types/mocha`.
ai-platform/tests/integration/auth-integration.test.js(192,7): error TS2304: Cannot find name 'expect'.
ai-platform/tests/integration/auth-integration.test.js(193,7): error TS2304: Cannot find name 'expect'.
ai-platform/tests/integration/auth-integration.test.js(197,3): error TS2582: Cannot find name 'describe'. Do you need to install type definitions for a test runner? Try `npm i --save-dev @types/jest` or `npm i --save-dev @types/mocha`.
ai-platform/tests/integration/auth-integration.test.js(198,5): error TS2582: Cannot find name 'it'. Do you need to install type definitions for a test runner? Try `npm i --save-dev @types/jest` or `npm i --save-dev @types/mocha`.
ai-platform/tests/integration/auth-integration.test.js(203,7): error TS2304: Cannot find name 'expect'.
ai-platform/tests/integration/auth-integration.test.js(204,7): error TS2304: Cannot find name 'expect'.
ai-platform/tests/integration/auth-integration.test.js(205,7): error TS2304: Cannot find name 'expect'.
ai-platform/tests/integration/auth-integration.test.js(206,7): error TS2304: Cannot find name 'expect'.
ai-platform/tests/integration/auth-integration.test.js(209,5): error TS2582: Cannot find name 'it'. Do you need to install type definitions for a test runner? Try `npm i --save-dev @types/jest` or `npm i --save-dev @types/mocha`.
ai-platform/tests/integration/auth-integration.test.js(213,7): error TS2304: Cannot find name 'expect'.
ai-platform/tests/integration/auth-integration.test.js(216,5): error TS2582: Cannot find name 'it'. Do you need to install type definitions for a test runner? Try `npm i --save-dev @types/jest` or `npm i --save-dev @types/mocha`.
ai-platform/tests/integration/auth-integration.test.js(221,7): error TS2304: Cannot find name 'expect'.
ai-platform/tests/integration/auth-integration.test.js(224,5): error TS2582: Cannot find name 'it'. Do you need to install type definitions for a test runner? Try `npm i --save-dev @types/jest` or `npm i --save-dev @types/mocha`.
ai-platform/tests/integration/auth-integration.test.js(229,7): error TS2304: Cannot find name 'expect'.
ai-platform/tests/integration/auth-integration.test.js(233,3): error TS2582: Cannot find name 'describe'. Do you need to install type definitions for a test runner? Try `npm i --save-dev @types/jest` or `npm i --save-dev @types/mocha`.
ai-platform/tests/integration/auth-integration.test.js(234,5): error TS2582: Cannot find name 'it'. Do you need to install type definitions for a test runner? Try `npm i --save-dev @types/jest` or `npm i --save-dev @types/mocha`.
ai-platform/tests/integration/auth-integration.test.js(241,7): error TS2304: Cannot find name 'expect'.
ai-platform/tests/integration/auth-integration.test.js(242,7): error TS2304: Cannot find name 'expect'.
ai-platform/tests/integration/auth-integration.test.js(243,7): error TS2304: Cannot find name 'expect'.
ai-platform/tests/integration/auth-integration.test.js(244,7): error TS2304: Cannot find name 'expect'.
ai-platform/tests/integration/auth-integration.test.js(247,5): error TS2582: Cannot find name 'it'. Do you need to install type definitions for a test runner? Try `npm i --save-dev @types/jest` or `npm i --save-dev @types/mocha`.
ai-platform/tests/integration/auth-integration.test.js(252,7): error TS2304: Cannot find name 'expect'.
ai-platform/tests/integration/auth-integration.test.js(253,7): error TS2304: Cannot find name 'expect'.
ai-platform/tests/integration/auth-integration.test.js(254,7): error TS2304: Cannot find name 'expect'.
ai-platform/tests/integration/auth-integration.test.js(257,5): error TS2582: Cannot find name 'it'. Do you need to install type definitions for a test runner? Try `npm i --save-dev @types/jest` or `npm i --save-dev @types/mocha`.
ai-platform/tests/integration/auth-integration.test.js(264,7): error TS2304: Cannot find name 'expect'.
ai-platform/tests/integration/auth-integration.test.js(265,7): error TS2304: Cannot find name 'expect'.
ai-platform/tests/integration/auth-integration.test.js(266,7): error TS2304: Cannot find name 'expect'.
ai-platform/tests/integration/auth-integration.test.js(270,3): error TS2582: Cannot find name 'describe'. Do you need to install type definitions for a test runner? Try `npm i --save-dev @types/jest` or `npm i --save-dev @types/mocha`.
ai-platform/tests/integration/auth-integration.test.js(271,5): error TS2582: Cannot find name 'it'. Do you need to install type definitions for a test runner? Try `npm i --save-dev @types/jest` or `npm i --save-dev @types/mocha`.
ai-platform/tests/integration/auth-integration.test.js(275,7): error TS2304: Cannot find name 'expect'.
ai-platform/tests/integration/auth-integration.test.js(276,7): error TS2304: Cannot find name 'expect'.
ai-platform/tests/integration/auth-integration.test.js(277,7): error TS2304: Cannot find name 'expect'.
ai-platform/tests/integration/auth-integration.test.js(281,3): error TS2582: Cannot find name 'describe'. Do you need to install type definitions for a test runner? Try `npm i --save-dev @types/jest` or `npm i --save-dev @types/mocha`.
ai-platform/tests/integration/auth-integration.test.js(282,5): error TS2582: Cannot find name 'it'. Do you need to install type definitions for a test runner? Try `npm i --save-dev @types/jest` or `npm i --save-dev @types/mocha`.
ai-platform/tests/integration/auth-integration.test.js(289,7): error TS2304: Cannot find name 'expect'.
ai-platform/tests/integration/auth-integration.test.js(290,7): error TS2304: Cannot find name 'expect'.
ai-platform/tests/integration/auth-integration.test.js(293,7): error TS2304: Cannot find name 'expect'.
ai-platform/tests/integration/auth-integration.test.js(294,7): error TS2304: Cannot find name 'expect'.
ai-platform/tests/integration/auth-integration.test.js(297,5): error TS2582: Cannot find name 'it'. Do you need to install type definitions for a test runner? Try `npm i --save-dev @types/jest` or `npm i --save-dev @types/mocha`.
ai-platform/tests/integration/auth-integration.test.js(304,7): error TS2304: Cannot find name 'expect'.
ai-platform/tests/integration/auth-integration.test.js(309,5): error TS2582: Cannot find name 'it'. Do you need to install type definitions for a test runner? Try `npm i --save-dev @types/jest` or `npm i --save-dev @types/mocha`.
ai-platform/tests/integration/auth-integration.test.js(316,7): error TS2304: Cannot find name 'expect'.
ai-platform/tests/integration/auth-integration.test.js(322,3): error TS2582: Cannot find name 'describe'. Do you need to install type definitions for a test runner? Try `npm i --save-dev @types/jest` or `npm i --save-dev @types/mocha`.
ai-platform/tests/integration/auth-integration.test.js(323,5): error TS2582: Cannot find name 'it'. Do you need to install type definitions for a test runner? Try `npm i --save-dev @types/jest` or `npm i --save-dev @types/mocha`.
ai-platform/tests/integration/auth-integration.test.js(338,7): error TS2304: Cannot find name 'expect'.
ai-platform/tests/integration/auth-integration.test.js(339,7): error TS2304: Cannot find name 'expect'.
ai-platform/tests/integration/auth-integration.test.js(340,7): error TS2304: Cannot find name 'expect'.
ai-platform/tests/integration/auth-integration.test.js(341,7): error TS2304: Cannot find name 'expect'.
ai-platform/tests/integration/auth-integration.test.js(342,7): error TS2304: Cannot find name 'expect'.
ai-platform/tests/integration/auth-integration.test.js(345,5): error TS2582: Cannot find name 'it'. Do you need to install type definitions for a test runner? Try `npm i --save-dev @types/jest` or `npm i --save-dev @types/mocha`.
ai-platform/tests/integration/auth-integration.test.js(354,7): error TS2304: Cannot find name 'expect'.
ai-platform/tests/integration/auth-integration.test.js(355,7): error TS2304: Cannot find name 'expect'.
ai-platform/tests/integration/auth-integration.test.js(356,7): error TS2304: Cannot find name 'expect'.
ai-platform/tests/integration/auth-integration.test.js(357,7): error TS2304: Cannot find name 'expect'.
ai-platform/tests/integration/auth-integration.test.js(358,7): error TS2304: Cannot find name 'expect'.
ai-platform/tests/integration/logger-integration.test.js(12,1): error TS2304: Cannot find name 'jest'.
ai-platform/tests/integration/logger-integration.test.js(14,11): error TS2304: Cannot find name 'jest'.
ai-platform/tests/integration/logger-integration.test.js(15,12): error TS2304: Cannot find name 'jest'.
ai-platform/tests/integration/logger-integration.test.js(16,11): error TS2304: Cannot find name 'jest'.
ai-platform/tests/integration/logger-integration.test.js(17,12): error TS2304: Cannot find name 'jest'.
ai-platform/tests/integration/logger-integration.test.js(18,12): error TS2304: Cannot find name 'jest'.
ai-platform/tests/integration/logger-integration.test.js(19,13): error TS2304: Cannot find name 'jest'.
ai-platform/tests/integration/logger-integration.test.js(20,15): error TS2304: Cannot find name 'jest'.
ai-platform/tests/integration/logger-integration.test.js(25,24): error TS2304: Cannot find name 'jest'.
ai-platform/tests/integration/logger-integration.test.js(26,29): error TS2304: Cannot find name 'jest'.
ai-platform/tests/integration/logger-integration.test.js(30,1): error TS2582: Cannot find name 'describe'. Do you need to install type definitions for a test runner? Try `npm i --save-dev @types/jest` or `npm i --save-dev @types/mocha`.
ai-platform/tests/integration/logger-integration.test.js(34,3): error TS2304: Cannot find name 'beforeEach'.
ai-platform/tests/integration/logger-integration.test.js(36,5): error TS2304: Cannot find name 'jest'.
ai-platform/tests/integration/logger-integration.test.js(46,3): error TS2304: Cannot find name 'afterEach'.
ai-platform/tests/integration/logger-integration.test.js(53,3): error TS2582: Cannot find name 'describe'. Do you need to install type definitions for a test runner? Try `npm i --save-dev @types/jest` or `npm i --save-dev @types/mocha`.
ai-platform/tests/integration/logger-integration.test.js(54,5): error TS2582: Cannot find name 'it'. Do you need to install type definitions for a test runner? Try `npm i --save-dev @types/jest` or `npm i --save-dev @types/mocha`.
ai-platform/tests/integration/logger-integration.test.js(55,15): error TS2597: 'logger' can only be imported by using a 'require' call or by using a default import.
ai-platform/tests/integration/logger-integration.test.js(57,7): error TS2304: Cannot find name 'expect'.
ai-platform/tests/integration/logger-integration.test.js(58,7): error TS2304: Cannot find name 'expect'.
ai-platform/tests/integration/logger-integration.test.js(59,7): error TS2304: Cannot find name 'expect'.
ai-platform/tests/integration/logger-integration.test.js(60,7): error TS2304: Cannot find name 'expect'.
ai-platform/tests/integration/logger-integration.test.js(61,7): error TS2304: Cannot find name 'expect'.
ai-platform/tests/integration/logger-integration.test.js(64,5): error TS2582: Cannot find name 'it'. Do you need to install type definitions for a test runner? Try `npm i --save-dev @types/jest` or `npm i --save-dev @types/mocha`.
ai-platform/tests/integration/logger-integration.test.js(65,15): error TS2597: 'logger' can only be imported by using a 'require' call or by using a default import.
ai-platform/tests/integration/logger-integration.test.js(67,7): error TS2304: Cannot find name 'expect'.
ai-platform/tests/integration/logger-integration.test.js(68,7): error TS2304: Cannot find name 'expect'.
ai-platform/tests/integration/logger-integration.test.js(69,7): error TS2304: Cannot find name 'expect'.
ai-platform/tests/integration/logger-integration.test.js(72,5): error TS2582: Cannot find name 'it'. Do you need to install type definitions for a test runner? Try `npm i --save-dev @types/jest` or `npm i --save-dev @types/mocha`.
ai-platform/tests/integration/logger-integration.test.js(73,15): error TS2305: Module '"../../server/lib/app-logger.cjs"' has no exported member 'createAuditLogger'.
ai-platform/tests/integration/logger-integration.test.js(77,7): error TS2304: Cannot find name 'expect'.
ai-platform/tests/integration/logger-integration.test.js(78,7): error TS2304: Cannot find name 'expect'.
ai-platform/tests/integration/logger-integration.test.js(79,7): error TS2304: Cannot find name 'expect'.
ai-platform/tests/integration/logger-integration.test.js(82,5): error TS2582: Cannot find name 'it'. Do you need to install type definitions for a test runner? Try `npm i --save-dev @types/jest` or `npm i --save-dev @types/mocha`.
ai-platform/tests/integration/logger-integration.test.js(83,15): error TS2305: Module '"../../server/lib/app-logger.cjs"' has no exported member 'createProductionLogger'.
ai-platform/tests/integration/logger-integration.test.js(87,7): error TS2304: Cannot find name 'expect'.
ai-platform/tests/integration/logger-integration.test.js(88,7): error TS2304: Cannot find name 'expect'.
ai-platform/tests/integration/logger-integration.test.js(89,7): error TS2304: Cannot find name 'expect'.
ai-platform/tests/integration/logger-integration.test.js(93,3): error TS2582: Cannot find name 'describe'. Do you need to install type definitions for a test runner? Try `npm i --save-dev @types/jest` or `npm i --save-dev @types/mocha`.
ai-platform/tests/integration/logger-integration.test.js(94,5): error TS2582: Cannot find name 'it'. Do you need to install type definitions for a test runner? Try `npm i --save-dev @types/jest` or `npm i --save-dev @types/mocha`.
ai-platform/tests/integration/logger-integration.test.js(100,7): error TS2304: Cannot find name 'expect'.
ai-platform/tests/integration/logger-integration.test.js(103,5): error TS2582: Cannot find name 'it'. Do you need to install type definitions for a test runner? Try `npm i --save-dev @types/jest` or `npm i --save-dev @types/mocha`.
ai-platform/tests/integration/logger-integration.test.js(109,7): error TS2304: Cannot find name 'expect'.
ai-platform/tests/integration/logger-integration.test.js(112,5): error TS2582: Cannot find name 'it'. Do you need to install type definitions for a test runner? Try `npm i --save-dev @types/jest` or `npm i --save-dev @types/mocha`.
ai-platform/tests/integration/logger-integration.test.js(118,7): error TS2304: Cannot find name 'expect'.
ai-platform/tests/integration/logger-integration.test.js(121,5): error TS2582: Cannot find name 'it'. Do you need to install type definitions for a test runner? Try `npm i --save-dev @types/jest` or `npm i --save-dev @types/mocha`.
ai-platform/tests/integration/logger-integration.test.js(127,7): error TS2304: Cannot find name 'expect'.
ai-platform/tests/integration/logger-integration.test.js(131,3): error TS2582: Cannot find name 'describe'. Do you need to install type definitions for a test runner? Try `npm i --save-dev @types/jest` or `npm i --save-dev @types/mocha`.
ai-platform/tests/integration/logger-integration.test.js(132,5): error TS2582: Cannot find name 'it'. Do you need to install type definitions for a test runner? Try `npm i --save-dev @types/jest` or `npm i --save-dev @types/mocha`.
ai-platform/tests/integration/logger-integration.test.js(142,7): error TS2304: Cannot find name 'expect'.
ai-platform/tests/integration/logger-integration.test.js(145,5): error TS2582: Cannot find name 'it'. Do you need to install type definitions for a test runner? Try `npm i --save-dev @types/jest` or `npm i --save-dev @types/mocha`.
ai-platform/tests/integration/logger-integration.test.js(155,7): error TS2304: Cannot find name 'expect'.
ai-platform/tests/integration/logger-integration.test.js(158,5): error TS2582: Cannot find name 'it'. Do you need to install type definitions for a test runner? Try `npm i --save-dev @types/jest` or `npm i --save-dev @types/mocha`.
ai-platform/tests/integration/logger-integration.test.js(169,7): error TS2304: Cannot find name 'expect'.
ai-platform/tests/integration/logger-integration.test.js(173,3): error TS2582: Cannot find name 'describe'. Do you need to install type definitions for a test runner? Try `npm i --save-dev @types/jest` or `npm i --save-dev @types/mocha`.
ai-platform/tests/integration/logger-integration.test.js(174,5): error TS2582: Cannot find name 'it'. Do you need to install type definitions for a test runner? Try `npm i --save-dev @types/jest` or `npm i --save-dev @types/mocha`.
ai-platform/tests/integration/logger-integration.test.js(187,9): error TS2304: Cannot find name 'expect'.
ai-platform/tests/integration/logger-integration.test.js(194,5): error TS2582: Cannot find name 'it'. Do you need to install type definitions for a test runner? Try `npm i --save-dev @types/jest` or `npm i --save-dev @types/mocha`.
ai-platform/tests/integration/logger-integration.test.js(200,7): error TS2304: Cannot find name 'expect'.
ai-platform/tests/integration/logger-integration.test.js(206,5): error TS2582: Cannot find name 'it'. Do you need to install type definitions for a test runner? Try `npm i --save-dev @types/jest` or `npm i --save-dev @types/mocha`.
ai-platform/tests/integration/logger-integration.test.js(213,7): error TS2304: Cannot find name 'expect'.
ai-platform/tests/integration/logger-integration.test.js(220,3): error TS2582: Cannot find name 'describe'. Do you need to install type definitions for a test runner? Try `npm i --save-dev @types/jest` or `npm i --save-dev @types/mocha`.
ai-platform/tests/integration/logger-integration.test.js(221,5): error TS2582: Cannot find name 'it'. Do you need to install type definitions for a test runner? Try `npm i --save-dev @types/jest` or `npm i --save-dev @types/mocha`.
ai-platform/tests/integration/logger-integration.test.js(228,7): error TS2304: Cannot find name 'expect'.
ai-platform/tests/integration/logger-integration.test.js(233,5): error TS2582: Cannot find name 'it'. Do you need to install type definitions for a test runner? Try `npm i --save-dev @types/jest` or `npm i --save-dev @types/mocha`.
ai-platform/tests/integration/logger-integration.test.js(245,9): error TS2304: Cannot find name 'expect'.
ai-platform/tests/integration/logger-integration.test.js(251,5): error TS2582: Cannot find name 'it'. Do you need to install type definitions for a test runner? Try `npm i --save-dev @types/jest` or `npm i --save-dev @types/mocha`.
ai-platform/tests/integration/logger-integration.test.js(254,7): error TS2304: Cannot find name 'expect'.
ai-platform/tests/integration/logger-integration.test.js(258,7): error TS2304: Cannot find name 'expect'.
ai-platform/tests/integration/logger-integration.test.js(262,3): error TS2582: Cannot find name 'describe'. Do you need to install type definitions for a test runner? Try `npm i --save-dev @types/jest` or `npm i --save-dev @types/mocha`.
ai-platform/tests/integration/logger-integration.test.js(263,5): error TS2582: Cannot find name 'it'. Do you need to install type definitions for a test runner? Try `npm i --save-dev @types/jest` or `npm i --save-dev @types/mocha`.
ai-platform/tests/integration/logger-integration.test.js(275,7): error TS2304: Cannot find name 'expect'.
ai-platform/tests/integration/logger-integration.test.js(276,7): error TS2304: Cannot find name 'expect'.
ai-platform/tests/integration/logger-integration.test.js(279,5): error TS2582: Cannot find name 'it'. Do you need to install type definitions for a test runner? Try `npm i --save-dev @types/jest` or `npm i --save-dev @types/mocha`.
ai-platform/tests/integration/logger-integration.test.js(288,7): error TS2304: Cannot find name 'expect'.
ai-platform/tests/integration/logger-integration.test.js(292,3): error TS2582: Cannot find name 'describe'. Do you need to install type definitions for a test runner? Try `npm i --save-dev @types/jest` or `npm i --save-dev @types/mocha`.
ai-platform/tests/integration/logger-integration.test.js(293,5): error TS2582: Cannot find name 'it'. Do you need to install type definitions for a test runner? Try `npm i --save-dev @types/jest` or `npm i --save-dev @types/mocha`.
ai-platform/tests/integration/logger-integration.test.js(303,9): error TS2304: Cannot find name 'expect'.
ai-platform/tests/integration/logger-integration.test.js(312,5): error TS2582: Cannot find name 'it'. Do you need to install type definitions for a test runner? Try `npm i --save-dev @types/jest` or `npm i --save-dev @types/mocha`.
ai-platform/tests/integration/logger-integration.test.js(316,7): error TS2304: Cannot find name 'expect'.
ai-platform/tests/integration/logger-integration.test.js(322,3): error TS2582: Cannot find name 'describe'. Do you need to install type definitions for a test runner? Try `npm i --save-dev @types/jest` or `npm i --save-dev @types/mocha`.
ai-platform/tests/integration/logger-integration.test.js(323,5): error TS2582: Cannot find name 'it'. Do you need to install type definitions for a test runner? Try `npm i --save-dev @types/jest` or `npm i --save-dev @types/mocha`.
ai-platform/tests/integration/logger-integration.test.js(345,7): error TS2304: Cannot find name 'expect'.
ai-platform/tests/integration/logger-integration.test.js(347,9): error TS2304: Cannot find name 'expect'.
ai-platform/tests/integration/logger-integration.test.js(355,5): error TS2582: Cannot find name 'it'. Do you need to install type definitions for a test runner? Try `npm i --save-dev @types/jest` or `npm i --save-dev @types/mocha`.
ai-platform/tests/integration/logger-integration.test.js(370,7): error TS2304: Cannot find name 'expect'.
ai-platform/tests/integration/logger-integration.test.js(373,9): error TS2304: Cannot find name 'expect'.
ai-platform/tests/integration/path-safety-integration.test.js(12,1): error TS2582: Cannot find name 'describe'. Do you need to install type definitions for a test runner? Try `npm i --save-dev @types/jest` or `npm i --save-dev @types/mocha`.
ai-platform/tests/integration/path-safety-integration.test.js(13,3): error TS2582: Cannot find name 'describe'. Do you need to install type definitions for a test runner? Try `npm i --save-dev @types/jest` or `npm i --save-dev @types/mocha`.
ai-platform/tests/integration/path-safety-integration.test.js(14,5): error TS2582: Cannot find name 'it'. Do you need to install type definitions for a test runner? Try `npm i --save-dev @types/jest` or `npm i --save-dev @types/mocha`.
ai-platform/tests/integration/path-safety-integration.test.js(23,9): error TS2304: Cannot find name 'expect'.
ai-platform/tests/integration/path-safety-integration.test.js(27,5): error TS2582: Cannot find name 'it'. Do you need to install type definitions for a test runner? Try `npm i --save-dev @types/jest` or `npm i --save-dev @types/mocha`.
ai-platform/tests/integration/path-safety-integration.test.js(35,9): error TS2304: Cannot find name 'expect'.
ai-platform/tests/integration/path-safety-integration.test.js(39,5): error TS2582: Cannot find name 'it'. Do you need to install type definitions for a test runner? Try `npm i --save-dev @types/jest` or `npm i --save-dev @types/mocha`.
ai-platform/tests/integration/path-safety-integration.test.js(48,9): error TS2304: Cannot find name 'expect'.
ai-platform/tests/integration/path-safety-integration.test.js(52,5): error TS2582: Cannot find name 'it'. Do you need to install type definitions for a test runner? Try `npm i --save-dev @types/jest` or `npm i --save-dev @types/mocha`.
ai-platform/tests/integration/path-safety-integration.test.js(60,9): error TS2304: Cannot find name 'expect'.
ai-platform/tests/integration/path-safety-integration.test.js(65,3): error TS2582: Cannot find name 'describe'. Do you need to install type definitions for a test runner? Try `npm i --save-dev @types/jest` or `npm i --save-dev @types/mocha`.
ai-platform/tests/integration/path-safety-integration.test.js(68,5): error TS2582: Cannot find name 'it'. Do you need to install type definitions for a test runner? Try `npm i --save-dev @types/jest` or `npm i --save-dev @types/mocha`.
ai-platform/tests/integration/path-safety-integration.test.js(76,9): error TS2304: Cannot find name 'expect'.
ai-platform/tests/integration/path-safety-integration.test.js(78,13): error TS2353: Object literal may only specify known properties, and 'allowedRoots' does not exist in type 'any[]'.
ai-platform/tests/integration/path-safety-integration.test.js(85,5): error TS2582: Cannot find name 'it'. Do you need to install type definitions for a test runner? Try `npm i --save-dev @types/jest` or `npm i --save-dev @types/mocha`.
ai-platform/tests/integration/path-safety-integration.test.js(94,9): error TS2304: Cannot find name 'expect'.
ai-platform/tests/integration/path-safety-integration.test.js(96,13): error TS2353: Object literal may only specify known properties, and 'allowedRoots' does not exist in type 'any[]'.
ai-platform/tests/integration/path-safety-integration.test.js(103,5): error TS2582: Cannot find name 'it'. Do you need to install type definitions for a test runner? Try `npm i --save-dev @types/jest` or `npm i --save-dev @types/mocha`.
ai-platform/tests/integration/path-safety-integration.test.js(107,7): error TS2304: Cannot find name 'expect'.
ai-platform/tests/integration/path-safety-integration.test.js(109,11): error TS2353: Object literal may only specify known properties, and 'allowedRoots' does not exist in type 'any[]'.
ai-platform/tests/integration/path-safety-integration.test.js(115,5): error TS2582: Cannot find name 'it'. Do you need to install type definitions for a test runner? Try `npm i --save-dev @types/jest` or `npm i --save-dev @types/mocha`.
ai-platform/tests/integration/path-safety-integration.test.js(120,7): error TS2304: Cannot find name 'expect'.
ai-platform/tests/integration/path-safety-integration.test.js(121,7): error TS2304: Cannot find name 'expect'.
ai-platform/tests/integration/path-safety-integration.test.js(125,3): error TS2582: Cannot find name 'describe'. Do you need to install type definitions for a test runner? Try `npm i --save-dev @types/jest` or `npm i --save-dev @types/mocha`.
ai-platform/tests/integration/path-safety-integration.test.js(128,5): error TS2304: Cannot find name 'beforeEach'.
ai-platform/tests/integration/path-safety-integration.test.js(129,20): error TS2304: Cannot find name 'jest'.
ai-platform/tests/integration/path-safety-integration.test.js(132,5): error TS2304: Cannot find name 'afterEach'.
ai-platform/tests/integration/path-safety-integration.test.js(136,5): error TS2582: Cannot find name 'it'. Do you need to install type definitions for a test runner? Try `npm i --save-dev @types/jest` or `npm i --save-dev @types/mocha`.
ai-platform/tests/integration/path-safety-integration.test.js(144,7): error TS2304: Cannot find name 'expect'.
ai-platform/tests/integration/path-safety-integration.test.js(145,9): error TS2304: Cannot find name 'expect'.
ai-platform/tests/integration/path-safety-integration.test.js(147,7): error TS2304: Cannot find name 'expect'.
ai-platform/tests/integration/path-safety-integration.test.js(148,9): error TS2304: Cannot find name 'expect'.
ai-platform/tests/integration/path-safety-integration.test.js(152,5): error TS2582: Cannot find name 'it'. Do you need to install type definitions for a test runner? Try `npm i --save-dev @types/jest` or `npm i --save-dev @types/mocha`.
ai-platform/tests/integration/path-safety-integration.test.js(155,7): error TS2304: Cannot find name 'expect'.
ai-platform/tests/integration/path-safety-integration.test.js(156,9): error TS2304: Cannot find name 'expect'.
ai-platform/tests/integration/path-safety-integration.test.js(160,5): error TS2582: Cannot find name 'it'. Do you need to install type definitions for a test runner? Try `npm i --save-dev @types/jest` or `npm i --save-dev @types/mocha`.
ai-platform/tests/integration/path-safety-integration.test.js(165,7): error TS2304: Cannot find name 'expect'.
ai-platform/tests/integration/path-safety-integration.test.js(169,3): error TS2582: Cannot find name 'describe'. Do you need to install type definitions for a test runner? Try `npm i --save-dev @types/jest` or `npm i --save-dev @types/mocha`.
ai-platform/tests/integration/path-safety-integration.test.js(170,5): error TS2582: Cannot find name 'it'. Do you need to install type definitions for a test runner? Try `npm i --save-dev @types/jest` or `npm i --save-dev @types/mocha`.
ai-platform/tests/integration/path-safety-integration.test.js(171,7): error TS2304: Cannot find name 'expect'.
ai-platform/tests/integration/path-safety-integration.test.js(172,7): error TS2304: Cannot find name 'expect'.
ai-platform/tests/integration/path-safety-integration.test.js(173,7): error TS2304: Cannot find name 'expect'.
ai-platform/tests/integration/path-safety-integration.test.js(176,5): error TS2582: Cannot find name 'it'. Do you need to install type definitions for a test runner? Try `npm i --save-dev @types/jest` or `npm i --save-dev @types/mocha`.
ai-platform/tests/integration/path-safety-integration.test.js(180,7): error TS2304: Cannot find name 'expect'.
ai-platform/tests/integration/path-safety-integration.test.js(183,5): error TS2582: Cannot find name 'it'. Do you need to install type definitions for a test runner? Try `npm i --save-dev @types/jest` or `npm i --save-dev @types/mocha`.
ai-platform/tests/integration/path-safety-integration.test.js(192,9): error TS2304: Cannot find name 'expect'.
ai-platform/tests/integration/path-safety-integration.test.js(196,5): error TS2582: Cannot find name 'it'. Do you need to install type definitions for a test runner? Try `npm i --save-dev @types/jest` or `npm i --save-dev @types/mocha`.
ai-platform/tests/integration/path-safety-integration.test.js(204,9): error TS2304: Cannot find name 'expect'.
ai-platform/tests/integration/path-safety-integration.test.js(206,13): error TS2353: Object literal may only specify known properties, and 'allowedRoots' does not exist in type 'any[]'.
ai-platform/tests/integration/path-safety-integration.test.js(214,3): error TS2582: Cannot find name 'describe'. Do you need to install type definitions for a test runner? Try `npm i --save-dev @types/jest` or `npm i --save-dev @types/mocha`.
ai-platform/tests/integration/path-safety-integration.test.js(215,5): error TS2582: Cannot find name 'it'. Do you need to install type definitions for a test runner? Try `npm i --save-dev @types/jest` or `npm i --save-dev @types/mocha`.
ai-platform/tests/integration/path-safety-integration.test.js(222,7): error TS2304: Cannot find name 'expect'.
ai-platform/tests/integration/path-safety-integration.test.js(230,7): error TS2304: Cannot find name 'expect'.
ai-platform/tests/integration/path-safety-integration.test.js(233,5): error TS2582: Cannot find name 'it'. Do you need to install type definitions for a test runner? Try `npm i --save-dev @types/jest` or `npm i --save-dev @types/mocha`.
ai-platform/tests/integration/path-safety-integration.test.js(241,7): error TS2304: Cannot find name 'expect'.
ai-platform/tests/integration/path-safety-integration.test.js(242,44): error TS2345: Argument of type '{ allowedRoots: string[]; platformRoot: string; }' is not assignable to parameter of type 'any[]'.
  Type '{ allowedRoots: string[]; platformRoot: string; }' is missing the following properties from type 'any[]': length, pop, push, concat, and 29 more.
ai-platform/tests/integration/path-safety-integration.test.js(243,44): error TS2345: Argument of type '{ allowedRoots: string[]; platformRoot: string; }' is not assignable to parameter of type 'any[]'.
  Type '{ allowedRoots: string[]; platformRoot: string; }' is missing the following properties from type 'any[]': length, pop, push, concat, and 29 more.
ai-platform/tests/integration/path-safety-integration.test.js(244,44): error TS2345: Argument of type '{ allowedRoots: string[]; platformRoot: string; }' is not assignable to parameter of type 'any[]'.
  Type '{ allowedRoots: string[]; platformRoot: string; }' is missing the following properties from type 'any[]': length, pop, push, concat, and 29 more.
ai-platform/tests/integration/server-integration.test.js(14,1): error TS2582: Cannot find name 'describe'. Do you need to install type definitions for a test runner? Try `npm i --save-dev @types/jest` or `npm i --save-dev @types/mocha`.
ai-platform/tests/integration/server-integration.test.js(15,3): error TS2304: Cannot find name 'beforeAll'.
ai-platform/tests/integration/server-integration.test.js(100,3): error TS2582: Cannot find name 'describe'. Do you need to install type definitions for a test runner? Try `npm i --save-dev @types/jest` or `npm i --save-dev @types/mocha`.
ai-platform/tests/integration/server-integration.test.js(101,5): error TS2582: Cannot find name 'it'. Do you need to install type definitions for a test runner? Try `npm i --save-dev @types/jest` or `npm i --save-dev @types/mocha`.
ai-platform/tests/integration/server-integration.test.js(110,7): error TS2304: Cannot find name 'expect'.
ai-platform/tests/integration/server-integration.test.js(111,7): error TS2304: Cannot find name 'expect'.
ai-platform/tests/integration/server-integration.test.js(112,7): error TS2304: Cannot find name 'expect'.
ai-platform/tests/integration/server-integration.test.js(113,7): error TS2304: Cannot find name 'expect'.
ai-platform/tests/integration/server-integration.test.js(114,7): error TS2304: Cannot find name 'expect'.
ai-platform/tests/integration/server-integration.test.js(115,7): error TS2304: Cannot find name 'expect'.
ai-platform/tests/integration/server-integration.test.js(118,5): error TS2582: Cannot find name 'it'. Do you need to install type definitions for a test runner? Try `npm i --save-dev @types/jest` or `npm i --save-dev @types/mocha`.
ai-platform/tests/integration/server-integration.test.js(127,7): error TS2304: Cannot find name 'expect'.
ai-platform/tests/integration/server-integration.test.js(128,7): error TS2304: Cannot find name 'expect'.
ai-platform/tests/integration/server-integration.test.js(129,7): error TS2304: Cannot find name 'expect'.
ai-platform/tests/integration/server-integration.test.js(130,7): error TS2304: Cannot find name 'expect'.
ai-platform/tests/integration/server-integration.test.js(131,7): error TS2304: Cannot find name 'expect'.
ai-platform/tests/integration/server-integration.test.js(132,7): error TS2304: Cannot find name 'expect'.
ai-platform/tests/integration/server-integration.test.js(136,3): error TS2582: Cannot find name 'describe'. Do you need to install type definitions for a test runner? Try `npm i --save-dev @types/jest` or `npm i --save-dev @types/mocha`.
ai-platform/tests/integration/server-integration.test.js(137,5): error TS2582: Cannot find name 'it'. Do you need to install type definitions for a test runner? Try `npm i --save-dev @types/jest` or `npm i --save-dev @types/mocha`.
ai-platform/tests/integration/server-integration.test.js(146,7): error TS2304: Cannot find name 'expect'.
ai-platform/tests/integration/server-integration.test.js(147,7): error TS2304: Cannot find name 'expect'.
ai-platform/tests/integration/server-integration.test.js(148,7): error TS2304: Cannot find name 'expect'.
ai-platform/tests/integration/server-integration.test.js(149,7): error TS2304: Cannot find name 'expect'.
ai-platform/tests/integration/server-integration.test.js(150,7): error TS2304: Cannot find name 'expect'.
ai-platform/tests/integration/server-integration.test.js(151,7): error TS2304: Cannot find name 'expect'.
ai-platform/tests/integration/server-integration.test.js(152,7): error TS2304: Cannot find name 'expect'.
ai-platform/tests/integration/server-integration.test.js(156,3): error TS2582: Cannot find name 'describe'. Do you need to install type definitions for a test runner? Try `npm i --save-dev @types/jest` or `npm i --save-dev @types/mocha`.
ai-platform/tests/integration/server-integration.test.js(157,5): error TS2582: Cannot find name 'it'. Do you need to install type definitions for a test runner? Try `npm i --save-dev @types/jest` or `npm i --save-dev @types/mocha`.
ai-platform/tests/integration/server-integration.test.js(166,7): error TS2304: Cannot find name 'expect'.
ai-platform/tests/integration/server-integration.test.js(167,7): error TS2304: Cannot find name 'expect'.
ai-platform/tests/integration/server-integration.test.js(168,7): error TS2304: Cannot find name 'expect'.
ai-platform/tests/integration/server-integration.test.js(171,5): error TS2582: Cannot find name 'it'. Do you need to install type definitions for a test runner? Try `npm i --save-dev @types/jest` or `npm i --save-dev @types/mocha`.
ai-platform/tests/integration/server-integration.test.js(182,7): error TS2304: Cannot find name 'expect'.
ai-platform/tests/integration/server-integration.test.js(186,3): error TS2582: Cannot find name 'describe'. Do you need to install type definitions for a test runner? Try `npm i --save-dev @types/jest` or `npm i --save-dev @types/mocha`.
ai-platform/tests/integration/server-integration.test.js(187,5): error TS2582: Cannot find name 'it'. Do you need to install type definitions for a test runner? Try `npm i --save-dev @types/jest` or `npm i --save-dev @types/mocha`.
ai-platform/tests/integration/server-integration.test.js(206,7): error TS2304: Cannot find name 'expect'.
ai-platform/tests/integration/server-integration.test.js(207,7): error TS2304: Cannot find name 'expect'.
ai-platform/tests/integration/server-integration.test.js(208,7): error TS2304: Cannot find name 'expect'.
ai-platform/tests/integration/server-integration.test.js(211,5): error TS2582: Cannot find name 'it'. Do you need to install type definitions for a test runner? Try `npm i --save-dev @types/jest` or `npm i --save-dev @types/mocha`.
ai-platform/tests/integration/server-integration.test.js(230,7): error TS2304: Cannot find name 'expect'.
ai-platform/tests/integration/server-integration.test.js(231,7): error TS2304: Cannot find name 'expect'.
ai-platform/tests/integration/server-integration.test.js(232,7): error TS2304: Cannot find name 'expect'.
ai-platform/tests/integration/server-integration.test.js(233,7): error TS2304: Cannot find name 'expect'.
ai-platform/tests/integration/server-integration.test.js(237,3): error TS2582: Cannot find name 'describe'. Do you need to install type definitions for a test runner? Try `npm i --save-dev @types/jest` or `npm i --save-dev @types/mocha`.
ai-platform/tests/integration/server-integration.test.js(238,5): error TS2582: Cannot find name 'it'. Do you need to install type definitions for a test runner? Try `npm i --save-dev @types/jest` or `npm i --save-dev @types/mocha`.
ai-platform/tests/integration/server-integration.test.js(246,21): error TS2349: This expression is not callable.
  Type 'typeof import("C:/Users/Trevor/CascadeProjects/node_modules/helmet/index")' has no call signatures.
ai-platform/tests/integration/server-integration.test.js(251,7): error TS2304: Cannot find name 'expect'.
ai-platform/tests/integration/server-integration.test.js(253,7): error TS2304: Cannot find name 'expect'.
ai-platform/tests/integration/server-integration.test.js(257,3): error TS2582: Cannot find name 'describe'. Do you need to install type definitions for a test runner? Try `npm i --save-dev @types/jest` or `npm i --save-dev @types/mocha`.
ai-platform/tests/integration/server-integration.test.js(258,5): error TS2582: Cannot find name 'it'. Do you need to install type definitions for a test runner? Try `npm i --save-dev @types/jest` or `npm i --save-dev @types/mocha`.
ai-platform/tests/integration/server-integration.test.js(276,7): error TS2304: Cannot find name 'expect'.
ai-platform/tests/integration/server-integration.test.js(277,7): error TS2304: Cannot find name 'expect'.
ai-platform/tests/integration/server-integration.test.js(281,3): error TS2582: Cannot find name 'describe'. Do you need to install type definitions for a test runner? Try `npm i --save-dev @types/jest` or `npm i --save-dev @types/mocha`.
ai-platform/tests/integration/server-integration.test.js(282,5): error TS2582: Cannot find name 'it'. Do you need to install type definitions for a test runner? Try `npm i --save-dev @types/jest` or `npm i --save-dev @types/mocha`.
ai-platform/tests/integration/server-integration.test.js(290,21): error TS2349: This expression is not callable.
  Type 'typeof import("C:/Users/Trevor/CascadeProjects/node_modules/express-rate-limit/dist/index")' has no call signatures.
ai-platform/tests/integration/server-integration.test.js(308,7): error TS2304: Cannot find name 'expect'.
ai-platform/tests/integration/server-integration.test.js(309,7): error TS2304: Cannot find name 'expect'.
ai-platform/tests/integration/server-integration.test.js(312,7): error TS2304: Cannot find name 'expect'.
ai-platform/tests/integration/server-integration.test.js(316,3): error TS2582: Cannot find name 'describe'. Do you need to install type definitions for a test runner? Try `npm i --save-dev @types/jest` or `npm i --save-dev @types/mocha`.
ai-platform/tests/integration/server-integration.test.js(317,5): error TS2582: Cannot find name 'it'. Do you need to install type definitions for a test runner? Try `npm i --save-dev @types/jest` or `npm i --save-dev @types/mocha`.
ai-platform/tests/integration/server-integration.test.js(318,7): error TS2304: Cannot find name 'expect'.
ai-platform/tests/integration/server-integration.test.js(319,7): error TS2304: Cannot find name 'expect'.
ai-platform/tests/integration/server-integration.test.js(320,7): error TS2304: Cannot find name 'expect'.
ai-platform/tests/integration/server-integration.test.js(321,7): error TS2304: Cannot find name 'expect'.
ai-platform/tests/integration/server-integration.test.js(324,5): error TS2582: Cannot find name 'it'. Do you need to install type definitions for a test runner? Try `npm i --save-dev @types/jest` or `npm i --save-dev @types/mocha`.
ai-platform/tests/integration/server-integration.test.js(325,7): error TS2304: Cannot find name 'expect'.
ai-platform/tests/integration/server-integration.test.js(326,7): error TS2304: Cannot find name 'expect'.
ai-platform/tests/integration/server-integration.test.js(330,3): error TS2582: Cannot find name 'describe'. Do you need to install type definitions for a test runner? Try `npm i --save-dev @types/jest` or `npm i --save-dev @types/mocha`.
ai-platform/tests/integration/server-integration.test.js(331,5): error TS2582: Cannot find name 'it'. Do you need to install type definitions for a test runner? Try `npm i --save-dev @types/jest` or `npm i --save-dev @types/mocha`.
ai-platform/tests/integration/server-integration.test.js(336,7): error TS2304: Cannot find name 'expect'.
ai-platform/tests/integration/server-integration.test.js(337,7): error TS2304: Cannot find name 'expect'.
ai-platform/tests/integration/server-integration.test.js(338,7): error TS2304: Cannot find name 'expect'.
ai-platform/tests/integration/server-integration.test.js(341,5): error TS2582: Cannot find name 'it'. Do you need to install type definitions for a test runner? Try `npm i --save-dev @types/jest` or `npm i --save-dev @types/mocha`.
ai-platform/tests/integration/server-integration.test.js(346,7): error TS2304: Cannot find name 'expect'.
ai-platform/tests/integration/server-integration.test.js(347,7): error TS2304: Cannot find name 'expect'.
ai-platform/tests/integration/server-integration.test.js(348,7): error TS2304: Cannot find name 'expect'.
ai-platform/tests/integration/server-integration.test.js(352,3): error TS2582: Cannot find name 'describe'. Do you need to install type definitions for a test runner? Try `npm i --save-dev @types/jest` or `npm i --save-dev @types/mocha`.
ai-platform/tests/integration/server-integration.test.js(353,5): error TS2582: Cannot find name 'it'. Do you need to install type definitions for a test runner? Try `npm i --save-dev @types/jest` or `npm i --save-dev @types/mocha`.
ai-platform/tests/integration/server-integration.test.js(354,7): error TS2304: Cannot find name 'expect'.
ai-platform/tests/integration/server-integration.test.js(355,7): error TS2304: Cannot find name 'expect'.
ai-platform/tests/integration/server-integration.test.js(356,7): error TS2304: Cannot find name 'expect'.
ai-platform/tests/integration/server-integration.test.js(357,7): error TS2304: Cannot find name 'expect'.
ai-platform/tests/integration/server-integration.test.js(358,7): error TS2304: Cannot find name 'expect'.
ai-platform/tests/integration/server-integration.test.js(361,5): error TS2582: Cannot find name 'it'. Do you need to install type definitions for a test runner? Try `npm i --save-dev @types/jest` or `npm i --save-dev @types/mocha`.
ai-platform/tests/integration/server-integration.test.js(364,9): error TS2304: Cannot find name 'expect'.
ai-platform/tests/integration/server-integration.test.js(365,9): error TS2304: Cannot find name 'expect'.
ai-platform/tests/integration/server-integration.test.js(366,9): error TS2304: Cannot find name 'expect'.
ai-platform/tests/integration/simple-integration.test.js(9,1): error TS2582: Cannot find name 'describe'. Do you need to install type definitions for a test runner? Try `npm i --save-dev @types/jest` or `npm i --save-dev @types/mocha`.
ai-platform/tests/integration/simple-integration.test.js(10,3): error TS2582: Cannot find name 'describe'. Do you need to install type definitions for a test runner? Try `npm i --save-dev @types/jest` or `npm i --save-dev @types/mocha`.
ai-platform/tests/integration/simple-integration.test.js(11,5): error TS2582: Cannot find name 'it'. Do you need to install type definitions for a test runner? Try `npm i --save-dev @types/jest` or `npm i --save-dev @types/mocha`.
ai-platform/tests/integration/simple-integration.test.js(12,7): error TS2304: Cannot find name 'expect'.
ai-platform/tests/integration/simple-integration.test.js(13,7): error TS2304: Cannot find name 'expect'.
ai-platform/tests/integration/simple-integration.test.js(14,7): error TS2304: Cannot find name 'expect'.
ai-platform/tests/integration/simple-integration.test.js(15,7): error TS2304: Cannot find name 'expect'.
ai-platform/tests/integration/simple-integration.test.js(18,5): error TS2582: Cannot find name 'it'. Do you need to install type definitions for a test runner? Try `npm i --save-dev @types/jest` or `npm i --save-dev @types/mocha`.
ai-platform/tests/integration/simple-integration.test.js(20,7): error TS2304: Cannot find name 'expect'.
ai-platform/tests/integration/simple-integration.test.js(21,7): error TS2304: Cannot find name 'expect'.
ai-platform/tests/integration/simple-integration.test.js(22,7): error TS2304: Cannot find name 'expect'.
ai-platform/tests/integration/simple-integration.test.js(25,5): error TS2582: Cannot find name 'it'. Do you need to install type definitions for a test runner? Try `npm i --save-dev @types/jest` or `npm i --save-dev @types/mocha`.
ai-platform/tests/integration/simple-integration.test.js(27,7): error TS2304: Cannot find name 'expect'.
ai-platform/tests/integration/simple-integration.test.js(28,7): error TS2304: Cannot find name 'expect'.
ai-platform/tests/integration/simple-integration.test.js(29,7): error TS2304: Cannot find name 'expect'.
ai-platform/tests/integration/simple-integration.test.js(32,5): error TS2582: Cannot find name 'it'. Do you need to install type definitions for a test runner? Try `npm i --save-dev @types/jest` or `npm i --save-dev @types/mocha`.
ai-platform/tests/integration/simple-integration.test.js(34,7): error TS2304: Cannot find name 'expect'.
ai-platform/tests/integration/simple-integration.test.js(35,7): error TS2304: Cannot find name 'expect'.
ai-platform/tests/integration/simple-integration.test.js(36,7): error TS2304: Cannot find name 'expect'.
ai-platform/tests/integration/simple-integration.test.js(40,3): error TS2582: Cannot find name 'describe'. Do you need to install type definitions for a test runner? Try `npm i --save-dev @types/jest` or `npm i --save-dev @types/mocha`.
ai-platform/tests/integration/simple-integration.test.js(41,5): error TS2582: Cannot find name 'it'. Do you need to install type definitions for a test runner? Try `npm i --save-dev @types/jest` or `npm i --save-dev @types/mocha`.
ai-platform/tests/integration/simple-integration.test.js(44,7): error TS2304: Cannot find name 'expect'.
ai-platform/tests/integration/simple-integration.test.js(45,7): error TS2304: Cannot find name 'expect'.
ai-platform/tests/integration/simple-integration.test.js(46,7): error TS2304: Cannot find name 'expect'.
ai-platform/tests/integration/simple-integration.test.js(49,5): error TS2582: Cannot find name 'it'. Do you need to install type definitions for a test runner? Try `npm i --save-dev @types/jest` or `npm i --save-dev @types/mocha`.
ai-platform/tests/integration/simple-integration.test.js(52,7): error TS2304: Cannot find name 'expect'.
ai-platform/tests/integration/simple-integration.test.js(53,7): error TS2304: Cannot find name 'expect'.
ai-platform/tests/integration/simple-integration.test.js(57,3): error TS2582: Cannot find name 'describe'. Do you need to install type definitions for a test runner? Try `npm i --save-dev @types/jest` or `npm i --save-dev @types/mocha`.
ai-platform/tests/integration/simple-integration.test.js(58,5): error TS2582: Cannot find name 'it'. Do you need to install type definitions for a test runner? Try `npm i --save-dev @types/jest` or `npm i --save-dev @types/mocha`.
ai-platform/tests/integration/simple-integration.test.js(61,7): error TS2304: Cannot find name 'expect'.
ai-platform/tests/integration/simple-integration.test.js(64,5): error TS2582: Cannot find name 'it'. Do you need to install type definitions for a test runner? Try `npm i --save-dev @types/jest` or `npm i --save-dev @types/mocha`.
ai-platform/tests/integration/simple-integration.test.js(68,7): error TS2304: Cannot find name 'expect'.
ai-platform/tests/integration/simple-integration.test.js(69,7): error TS2304: Cannot find name 'expect'.
ai-platform/tests/integration/simple-integration.test.js(73,3): error TS2582: Cannot find name 'describe'. Do you need to install type definitions for a test runner? Try `npm i --save-dev @types/jest` or `npm i --save-dev @types/mocha`.
ai-platform/tests/integration/simple-integration.test.js(74,5): error TS2582: Cannot find name 'it'. Do you need to install type definitions for a test runner? Try `npm i --save-dev @types/jest` or `npm i --save-dev @types/mocha`.
ai-platform/tests/integration/simple-integration.test.js(75,7): error TS2304: Cannot find name 'expect'.
ai-platform/tests/integration/simple-integration.test.js(76,7): error TS2304: Cannot find name 'expect'.
ai-platform/tests/integration/simple-integration.test.js(79,5): error TS2582: Cannot find name 'it'. Do you need to install type definitions for a test runner? Try `npm i --save-dev @types/jest` or `npm i --save-dev @types/mocha`.
ai-platform/tests/integration/simple-integration.test.js(82,9): error TS2304: Cannot find name 'expect'.
ai-platform/tests/integration/simple-integration.test.js(87,3): error TS2582: Cannot find name 'describe'. Do you need to install type definitions for a test runner? Try `npm i --save-dev @types/jest` or `npm i --save-dev @types/mocha`.
ai-platform/tests/integration/simple-integration.test.js(88,5): error TS2582: Cannot find name 'it'. Do you need to install type definitions for a test runner? Try `npm i --save-dev @types/jest` or `npm i --save-dev @types/mocha`.
ai-platform/tests/integration/simple-integration.test.js(93,7): error TS2304: Cannot find name 'expect'.
ai-platform/tests/integration/simple-integration.test.js(94,7): error TS2304: Cannot find name 'expect'.
ai-platform/tests/integration/simple-integration.test.js(97,7): error TS2304: Cannot find name 'expect'.
ai-platform/tests/integration/simple-integration.test.js(98,7): error TS2304: Cannot find name 'expect'.
ai-platform/tests/integration/simple-integration.test.js(101,5): error TS2582: Cannot find name 'it'. Do you need to install type definitions for a test runner? Try `npm i --save-dev @types/jest` or `npm i --save-dev @types/mocha`.
ai-platform/tests/integration/simple-integration.test.js(104,7): error TS2304: Cannot find name 'expect'.
ai-platform/tests/integration/simple-integration.test.js(110,3): error TS2582: Cannot find name 'describe'. Do you need to install type definitions for a test runner? Try `npm i --save-dev @types/jest` or `npm i --save-dev @types/mocha`.
ai-platform/tests/integration/simple-integration.test.js(111,5): error TS2582: Cannot find name 'it'. Do you need to install type definitions for a test runner? Try `npm i --save-dev @types/jest` or `npm i --save-dev @types/mocha`.
ai-platform/tests/integration/simple-integration.test.js(122,39): error TS2339: Property 'port' does not exist on type 'string | AddressInfo'.
  Property 'port' does not exist on type 'string'.
ai-platform/tests/integration/simple-integration.test.js(127,13): error TS2304: Cannot find name 'expect'.
ai-platform/tests/integration/simple-integration.test.js(135,3): error TS2582: Cannot find name 'describe'. Do you need to install type definitions for a test runner? Try `npm i --save-dev @types/jest` or `npm i --save-dev @types/mocha`.
ai-platform/tests/integration/simple-integration.test.js(136,5): error TS2582: Cannot find name 'it'. Do you need to install type definitions for a test runner? Try `npm i --save-dev @types/jest` or `npm i --save-dev @types/mocha`.
ai-platform/tests/integration/simple-integration.test.js(138,25): error TS2304: Cannot find name 'jest'.
ai-platform/tests/integration/simple-integration.test.js(141,7): error TS2304: Cannot find name 'expect'.
ai-platform/tests/integration/simple-integration.test.js(142,7): error TS2304: Cannot find name 'expect'.
ai-platform/tests/integration/simple-integration.test.js(146,3): error TS2582: Cannot find name 'describe'. Do you need to install type definitions for a test runner? Try `npm i --save-dev @types/jest` or `npm i --save-dev @types/mocha`.
ai-platform/tests/integration/simple-integration.test.js(147,5): error TS2582: Cannot find name 'it'. Do you need to install type definitions for a test runner? Try `npm i --save-dev @types/jest` or `npm i --save-dev @types/mocha`.
ai-platform/tests/integration/simple-integration.test.js(152,7): error TS2304: Cannot find name 'expect'.
ai-platform/tests/integration/simple-integration.test.js(153,7): error TS2304: Cannot find name 'expect'.
ai-platform/tests/integration/simple-integration.test.js(154,7): error TS2304: Cannot find name 'expect'.
ai-platform/tests/integration/simple-integration.test.js(157,5): error TS2582: Cannot find name 'it'. Do you need to install type definitions for a test runner? Try `npm i --save-dev @types/jest` or `npm i --save-dev @types/mocha`.
ai-platform/tests/integration/simple-integration.test.js(161,7): error TS2304: Cannot find name 'expect'.
ai-platform/tests/integration/simple-integration.test.js(162,7): error TS2304: Cannot find name 'expect'.
ai-platform/tests/integration/simple-integration.test.js(163,7): error TS2304: Cannot find name 'expect'.
ai-platform/tests/integration/simple-integration.test.js(167,3): error TS2582: Cannot find name 'describe'. Do you need to install type definitions for a test runner? Try `npm i --save-dev @types/jest` or `npm i --save-dev @types/mocha`.
ai-platform/tests/integration/simple-integration.test.js(168,5): error TS2582: Cannot find name 'it'. Do you need to install type definitions for a test runner? Try `npm i --save-dev @types/jest` or `npm i --save-dev @types/mocha`.
ai-platform/tests/integration/simple-integration.test.js(170,7): error TS2304: Cannot find name 'expect'.
ai-platform/tests/integration/simple-integration.test.js(171,7): error TS2304: Cannot find name 'expect'.
ai-platform/tests/integration/simple-integration.test.js(172,7): error TS2304: Cannot find name 'expect'.
ai-platform/tests/integration/simple-integration.test.js(175,5): error TS2582: Cannot find name 'it'. Do you need to install type definitions for a test runner? Try `npm i --save-dev @types/jest` or `npm i --save-dev @types/mocha`.
ai-platform/tests/integration/simple-integration.test.js(178,7): error TS2304: Cannot find name 'expect'.
ai-platform/tests/integration/simple-integration.test.js(179,7): error TS2304: Cannot find name 'expect'.
ai-platform/tests/integration/simple-integration.test.js(183,3): error TS2582: Cannot find name 'describe'. Do you need to install type definitions for a test runner? Try `npm i --save-dev @types/jest` or `npm i --save-dev @types/mocha`.
ai-platform/tests/integration/simple-integration.test.js(184,5): error TS2582: Cannot find name 'it'. Do you need to install type definitions for a test runner? Try `npm i --save-dev @types/jest` or `npm i --save-dev @types/mocha`.
ai-platform/tests/integration/simple-integration.test.js(189,7): error TS2304: Cannot find name 'expect'.
ai-platform/tests/integration/simple-integration.test.js(190,7): error TS2304: Cannot find name 'expect'.
ai-platform/tests/integration/simple-integration.test.js(193,5): error TS2582: Cannot find name 'it'. Do you need to install type definitions for a test runner? Try `npm i --save-dev @types/jest` or `npm i --save-dev @types/mocha`.
ai-platform/tests/integration/simple-integration.test.js(194,7): error TS2304: Cannot find name 'expect'.
ai-platform/tests/integration/simple-integration.test.js(200,3): error TS2582: Cannot find name 'describe'. Do you need to install type definitions for a test runner? Try `npm i --save-dev @types/jest` or `npm i --save-dev @types/mocha`.
ai-platform/tests/integration/simple-integration.test.js(201,5): error TS2582: Cannot find name 'it'. Do you need to install type definitions for a test runner? Try `npm i --save-dev @types/jest` or `npm i --save-dev @types/mocha`.
ai-platform/tests/integration/simple-integration.test.js(210,7): error TS2304: Cannot find name 'expect'.
ai-platform/tests/integration/simple-integration.test.js(211,7): error TS2304: Cannot find name 'expect'.
ai-platform/tests/integration/simple-integration.test.js(212,7): error TS2304: Cannot find name 'expect'.
ai-platform/tests/integration/simple-integration.test.js(215,5): error TS2582: Cannot find name 'it'. Do you need to install type definitions for a test runner? Try `npm i --save-dev @types/jest` or `npm i --save-dev @types/mocha`.
ai-platform/tests/integration/simple-integration.test.js(221,9): error TS2304: Cannot find name 'expect'.
ai-platform/tests/integration/simple-integration.test.js(223,7): error TS2304: Cannot find name 'expect'.
ai-platform/tests/integration/simple-integration.test.js(227,3): error TS2582: Cannot find name 'describe'. Do you need to install type definitions for a test runner? Try `npm i --save-dev @types/jest` or `npm i --save-dev @types/mocha`.
ai-platform/tests/integration/simple-integration.test.js(228,5): error TS2582: Cannot find name 'it'. Do you need to install type definitions for a test runner? Try `npm i --save-dev @types/jest` or `npm i --save-dev @types/mocha`.
ai-platform/tests/integration/simple-integration.test.js(231,7): error TS2304: Cannot find name 'expect'.
ai-platform/tests/integration/simple-integration.test.js(234,5): error TS2582: Cannot find name 'it'. Do you need to install type definitions for a test runner? Try `npm i --save-dev @types/jest` or `npm i --save-dev @types/mocha`.
ai-platform/tests/integration/simple-integration.test.js(241,9): error TS2304: Cannot find name 'expect'.
ai-platform/tests/integration/simple-integration.test.js(245,5): error TS2582: Cannot find name 'it'. Do you need to install type definitions for a test runner? Try `npm i --save-dev @types/jest` or `npm i --save-dev @types/mocha`.
ai-platform/tests/integration/simple-integration.test.js(252,7): error TS2304: Cannot find name 'expect'.
ai-platform/tests/integration/simple-integration.test.js(256,3): error TS2582: Cannot find name 'describe'. Do you need to install type definitions for a test runner? Try `npm i --save-dev @types/jest` or `npm i --save-dev @types/mocha`.
ai-platform/tests/integration/simple-integration.test.js(257,5): error TS2582: Cannot find name 'it'. Do you need to install type definitions for a test runner? Try `npm i --save-dev @types/jest` or `npm i --save-dev @types/mocha`.
ai-platform/tests/integration/simple-integration.test.js(259,7): error TS2304: Cannot find name 'expect'.
ai-platform/tests/integration/simple-integration.test.js(260,7): error TS2304: Cannot find name 'expect'.
ai-platform/tests/integration/simple-integration.test.js(261,7): error TS2304: Cannot find name 'expect'.
ai-platform/tests/integration/simple-integration.test.js(264,5): error TS2582: Cannot find name 'it'. Do you need to install type definitions for a test runner? Try `npm i --save-dev @types/jest` or `npm i --save-dev @types/mocha`.
ai-platform/tests/integration/simple-integration.test.js(268,7): error TS2304: Cannot find name 'expect'.
ai-platform/tests/integration/simple-integration.test.js(272,3): error TS2582: Cannot find name 'describe'. Do you need to install type definitions for a test runner? Try `npm i --save-dev @types/jest` or `npm i --save-dev @types/mocha`.
ai-platform/tests/integration/simple-integration.test.js(273,5): error TS2582: Cannot find name 'it'. Do you need to install type definitions for a test runner? Try `npm i --save-dev @types/jest` or `npm i --save-dev @types/mocha`.
ai-platform/tests/integration/simple-integration.test.js(276,7): error TS2304: Cannot find name 'expect'.
ai-platform/tests/integration/simple-integration.test.js(277,7): error TS2304: Cannot find name 'expect'.
ai-platform/tests/integration/simple-integration.test.js(278,7): error TS2304: Cannot find name 'expect'.
ai-platform/tests/integration/simple-integration.test.js(281,5): error TS2582: Cannot find name 'it'. Do you need to install type definitions for a test runner? Try `npm i --save-dev @types/jest` or `npm i --save-dev @types/mocha`.
ai-platform/tests/integration/simple-integration.test.js(284,7): error TS2304: Cannot find name 'expect'.
ai-platform/tests/integration/simple-integration.test.js(285,7): error TS2304: Cannot find name 'expect'.
ai-platform/tests/integration/simple-integration.test.js(289,3): error TS2582: Cannot find name 'describe'. Do you need to install type definitions for a test runner? Try `npm i --save-dev @types/jest` or `npm i --save-dev @types/mocha`.
ai-platform/tests/integration/simple-integration.test.js(290,5): error TS2582: Cannot find name 'it'. Do you need to install type definitions for a test runner? Try `npm i --save-dev @types/jest` or `npm i --save-dev @types/mocha`.
ai-platform/tests/integration/simple-integration.test.js(294,7): error TS2304: Cannot find name 'expect'.
ai-platform/tests/integration/simple-integration.test.js(295,7): error TS2304: Cannot find name 'expect'.
ai-platform/tests/integration/simple-integration.test.js(298,5): error TS2582: Cannot find name 'it'. Do you need to install type definitions for a test runner? Try `npm i --save-dev @types/jest` or `npm i --save-dev @types/mocha`.
ai-platform/tests/integration/simple-integration.test.js(306,7): error TS2304: Cannot find name 'expect'.
ai-platform/tests/integration/simple-integration.test.js(310,3): error TS2582: Cannot find name 'describe'. Do you need to install type definitions for a test runner? Try `npm i --save-dev @types/jest` or `npm i --save-dev @types/mocha`.
ai-platform/tests/integration/simple-integration.test.js(311,5): error TS2582: Cannot find name 'it'. Do you need to install type definitions for a test runner? Try `npm i --save-dev @types/jest` or `npm i --save-dev @types/mocha`.
ai-platform/tests/integration/simple-integration.test.js(313,7): error TS2304: Cannot find name 'expect'.
ai-platform/tests/integration/simple-integration.test.js(314,7): error TS2304: Cannot find name 'expect'.
ai-platform/tests/integration/simple-integration.test.js(317,5): error TS2582: Cannot find name 'it'. Do you need to install type definitions for a test runner? Try `npm i --save-dev @types/jest` or `npm i --save-dev @types/mocha`.
ai-platform/tests/integration/simple-integration.test.js(319,7): error TS2304: Cannot find name 'expect'.
ai-platform/tests/integration/simple-integration.test.js(320,7): error TS2304: Cannot find name 'expect'.
ai-platform/tests/integration/simple-integration.test.js(323,5): error TS2582: Cannot find name 'it'. Do you need to install type definitions for a test runner? Try `npm i --save-dev @types/jest` or `npm i --save-dev @types/mocha`.
ai-platform/tests/integration/simple-integration.test.js(326,7): error TS2304: Cannot find name 'expect'.
ai-platform/tests/integration/simple-integration.test.js(330,3): error TS2582: Cannot find name 'describe'. Do you need to install type definitions for a test runner? Try `npm i --save-dev @types/jest` or `npm i --save-dev @types/mocha`.
ai-platform/tests/integration/simple-integration.test.js(331,5): error TS2582: Cannot find name 'it'. Do you need to install type definitions for a test runner? Try `npm i --save-dev @types/jest` or `npm i --save-dev @types/mocha`.
ai-platform/tests/integration/simple-integration.test.js(337,7): error TS2304: Cannot find name 'expect'.
ai-platform/tests/integration/simple-integration.test.js(338,7): error TS2304: Cannot find name 'expect'.
ai-platform/tests/integration/simple-integration.test.js(341,5): error TS2582: Cannot find name 'it'. Do you need to install type definitions for a test runner? Try `npm i --save-dev @types/jest` or `npm i --save-dev @types/mocha`.
ai-platform/tests/integration/simple-integration.test.js(347,7): error TS2304: Cannot find name 'expect'.
ai-platform/tests/integration/simple-integration.test.js(348,7): error TS2304: Cannot find name 'expect'.
ai-platform/tests/json-file-cache.test.js(15,1): error TS2582: Cannot find name 'describe'. Do you need to install type definitions for a test runner? Try `npm i --save-dev @types/jest` or `npm i --save-dev @types/mocha`.
ai-platform/tests/json-file-cache.test.js(20,3): error TS2304: Cannot find name 'beforeEach'.
ai-platform/tests/json-file-cache.test.js(29,3): error TS2304: Cannot find name 'afterEach'.
ai-platform/tests/json-file-cache.test.js(34,3): error TS2582: Cannot find name 'describe'. Do you need to install type definitions for a test runner? Try `npm i --save-dev @types/jest` or `npm i --save-dev @types/mocha`.
ai-platform/tests/json-file-cache.test.js(35,5): error TS2582: Cannot find name 'test'. Do you need to install type definitions for a test runner? Try `npm i --save-dev @types/jest` or `npm i --save-dev @types/mocha`.
ai-platform/tests/json-file-cache.test.js(37,7): error TS2304: Cannot find name 'expect'.
ai-platform/tests/json-file-cache.test.js(40,7): error TS2304: Cannot find name 'expect'.
ai-platform/tests/json-file-cache.test.js(43,5): error TS2582: Cannot find name 'test'. Do you need to install type definitions for a test runner? Try `npm i --save-dev @types/jest` or `npm i --save-dev @types/mocha`.
ai-platform/tests/json-file-cache.test.js(48,7): error TS2304: Cannot find name 'expect'.
ai-platform/tests/json-file-cache.test.js(51,5): error TS2582: Cannot find name 'test'. Do you need to install type definitions for a test runner? Try `npm i --save-dev @types/jest` or `npm i --save-dev @types/mocha`.
ai-platform/tests/json-file-cache.test.js(52,7): error TS2304: Cannot find name 'expect'.
ai-platform/tests/json-file-cache.test.js(55,5): error TS2582: Cannot find name 'test'. Do you need to install type definitions for a test runner? Try `npm i --save-dev @types/jest` or `npm i --save-dev @types/mocha`.
ai-platform/tests/json-file-cache.test.js(56,7): error TS2304: Cannot find name 'expect'.
ai-platform/tests/json-file-cache.test.js(57,7): error TS2304: Cannot find name 'expect'.
ai-platform/tests/json-file-cache.test.js(60,5): error TS2582: Cannot find name 'test'. Do you need to install type definitions for a test runner? Try `npm i --save-dev @types/jest` or `npm i --save-dev @types/mocha`.
ai-platform/tests/json-file-cache.test.js(63,7): error TS2304: Cannot find name 'expect'.
ai-platform/tests/json-file-cache.test.js(67,3): error TS2582: Cannot find name 'describe'. Do you need to install type definitions for a test runner? Try `npm i --save-dev @types/jest` or `npm i --save-dev @types/mocha`.
ai-platform/tests/json-file-cache.test.js(68,5): error TS2582: Cannot find name 'test'. Do you need to install type definitions for a test runner? Try `npm i --save-dev @types/jest` or `npm i --save-dev @types/mocha`.
ai-platform/tests/json-file-cache.test.js(70,7): error TS2304: Cannot find name 'expect'.
ai-platform/tests/json-file-cache.test.js(73,7): error TS2304: Cannot find name 'expect'.
ai-platform/tests/json-file-cache.test.js(76,5): error TS2582: Cannot find name 'test'. Do you need to install type definitions for a test runner? Try `npm i --save-dev @types/jest` or `npm i --save-dev @types/mocha`.
ai-platform/tests/json-file-cache.test.js(77,7): error TS2304: Cannot find name 'expect'.
ai-platform/tests/json-file-cache.test.js(80,5): error TS2582: Cannot find name 'test'. Do you need to install type definitions for a test runner? Try `npm i --save-dev @types/jest` or `npm i --save-dev @types/mocha`.
ai-platform/tests/json-file-cache.test.js(81,7): error TS2304: Cannot find name 'expect'.
ai-platform/tests/json-file-cache.test.js(82,7): error TS2304: Cannot find name 'expect'.
ai-platform/tests/json-file-cache.test.js(86,3): error TS2582: Cannot find name 'describe'. Do you need to install type definitions for a test runner? Try `npm i --save-dev @types/jest` or `npm i --save-dev @types/mocha`.
ai-platform/tests/json-file-cache.test.js(87,5): error TS2582: Cannot find name 'test'. Do you need to install type definitions for a test runner? Try `npm i --save-dev @types/jest` or `npm i --save-dev @types/mocha`.
ai-platform/tests/json-file-cache.test.js(95,7): error TS2304: Cannot find name 'expect'.
ai-platform/tests/json-file-cache.test.js(96,7): error TS2304: Cannot find name 'expect'.
ai-platform/tests/path-safety.test.js(22,1): error TS2582: Cannot find name 'describe'. Do you need to install type definitions for a test runner? Try `npm i --save-dev @types/jest` or `npm i --save-dev @types/mocha`.
ai-platform/tests/path-safety.test.js(26,3): error TS2304: Cannot find name 'beforeEach'.
ai-platform/tests/path-safety.test.js(31,3): error TS2304: Cannot find name 'afterEach'.
ai-platform/tests/path-safety.test.js(44,3): error TS2582: Cannot find name 'describe'. Do you need to install type definitions for a test runner? Try `npm i --save-dev @types/jest` or `npm i --save-dev @types/mocha`.
ai-platform/tests/path-safety.test.js(45,5): error TS2582: Cannot find name 'test'. Do you need to install type definitions for a test runner? Try `npm i --save-dev @types/jest` or `npm i --save-dev @types/mocha`.
ai-platform/tests/path-safety.test.js(46,7): error TS2304: Cannot find name 'expect'.
ai-platform/tests/path-safety.test.js(47,7): error TS2304: Cannot find name 'expect'.
ai-platform/tests/path-safety.test.js(48,7): error TS2304: Cannot find name 'expect'.
ai-platform/tests/path-safety.test.js(51,5): error TS2582: Cannot find name 'test'. Do you need to install type definitions for a test runner? Try `npm i --save-dev @types/jest` or `npm i --save-dev @types/mocha`.
ai-platform/tests/path-safety.test.js(53,7): error TS2304: Cannot find name 'expect'.
ai-platform/tests/path-safety.test.js(54,7): error TS2304: Cannot find name 'expect'.
ai-platform/tests/path-safety.test.js(57,5): error TS2582: Cannot find name 'test'. Do you need to install type definitions for a test runner? Try `npm i --save-dev @types/jest` or `npm i --save-dev @types/mocha`.
ai-platform/tests/path-safety.test.js(59,7): error TS2304: Cannot find name 'expect'.
ai-platform/tests/path-safety.test.js(60,7): error TS2304: Cannot find name 'expect'.
ai-platform/tests/path-safety.test.js(63,5): error TS2582: Cannot find name 'test'. Do you need to install type definitions for a test runner? Try `npm i --save-dev @types/jest` or `npm i --save-dev @types/mocha`.
ai-platform/tests/path-safety.test.js(65,7): error TS2304: Cannot find name 'expect'.
ai-platform/tests/path-safety.test.js(66,7): error TS2304: Cannot find name 'expect'.
ai-platform/tests/path-safety.test.js(69,5): error TS2582: Cannot find name 'test'. Do you need to install type definitions for a test runner? Try `npm i --save-dev @types/jest` or `npm i --save-dev @types/mocha`.
ai-platform/tests/path-safety.test.js(71,7): error TS2304: Cannot find name 'expect'.
ai-platform/tests/path-safety.test.js(74,5): error TS2582: Cannot find name 'test'. Do you need to install type definitions for a test runner? Try `npm i --save-dev @types/jest` or `npm i --save-dev @types/mocha`.
ai-platform/tests/path-safety.test.js(76,7): error TS2304: Cannot find name 'expect'.
ai-platform/tests/path-safety.test.js(77,7): error TS2304: Cannot find name 'expect'.
ai-platform/tests/path-safety.test.js(81,3): error TS2582: Cannot find name 'describe'. Do you need to install type definitions for a test runner? Try `npm i --save-dev @types/jest` or `npm i --save-dev @types/mocha`.
ai-platform/tests/path-safety.test.js(82,5): error TS2582: Cannot find name 'test'. Do you need to install type definitions for a test runner? Try `npm i --save-dev @types/jest` or `npm i --save-dev @types/mocha`.
ai-platform/tests/path-safety.test.js(83,7): error TS2304: Cannot find name 'expect'.
ai-platform/tests/path-safety.test.js(86,5): error TS2582: Cannot find name 'test'. Do you need to install type definitions for a test runner? Try `npm i --save-dev @types/jest` or `npm i --save-dev @types/mocha`.
ai-platform/tests/path-safety.test.js(88,9): error TS2304: Cannot find name 'expect'.
ai-platform/tests/path-safety.test.js(90,9): error TS2304: Cannot find name 'expect'.
ai-platform/tests/path-safety.test.js(94,5): error TS2582: Cannot find name 'test'. Do you need to install type definitions for a test runner? Try `npm i --save-dev @types/jest` or `npm i --save-dev @types/mocha`.
ai-platform/tests/path-safety.test.js(98,7): error TS2304: Cannot find name 'expect'.
ai-platform/tests/path-safety.test.js(102,3): error TS2582: Cannot find name 'describe'. Do you need to install type definitions for a test runner? Try `npm i --save-dev @types/jest` or `npm i --save-dev @types/mocha`.
ai-platform/tests/path-safety.test.js(103,5): error TS2582: Cannot find name 'test'. Do you need to install type definitions for a test runner? Try `npm i --save-dev @types/jest` or `npm i --save-dev @types/mocha`.
ai-platform/tests/path-safety.test.js(104,7): error TS2304: Cannot find name 'expect'.
ai-platform/tests/path-safety.test.js(107,5): error TS2582: Cannot find name 'test'. Do you need to install type definitions for a test runner? Try `npm i --save-dev @types/jest` or `npm i --save-dev @types/mocha`.
ai-platform/tests/path-safety.test.js(115,7): error TS2304: Cannot find name 'expect'.
ai-platform/tests/path-safety.test.js(116,7): error TS2304: Cannot find name 'expect'.
ai-platform/tests/path-safety.test.js(119,5): error TS2582: Cannot find name 'test'. Do you need to install type definitions for a test runner? Try `npm i --save-dev @types/jest` or `npm i --save-dev @types/mocha`.
ai-platform/tests/path-safety.test.js(127,7): error TS2304: Cannot find name 'expect'.
ai-platform/tests/path-safety.test.js(130,5): error TS2582: Cannot find name 'test'. Do you need to install type definitions for a test runner? Try `npm i --save-dev @types/jest` or `npm i --save-dev @types/mocha`.
ai-platform/tests/path-safety.test.js(138,7): error TS2304: Cannot find name 'expect'.
ai-platform/tests/path-safety.test.js(141,5): error TS2582: Cannot find name 'test'. Do you need to install type definitions for a test runner? Try `npm i --save-dev @types/jest` or `npm i --save-dev @types/mocha`.
ai-platform/tests/path-safety.test.js(148,7): error TS2304: Cannot find name 'expect'.
ai-platform/tests/path-safety.test.js(152,3): error TS2582: Cannot find name 'describe'. Do you need to install type definitions for a test runner? Try `npm i --save-dev @types/jest` or `npm i --save-dev @types/mocha`.
ai-platform/tests/path-safety.test.js(153,5): error TS2582: Cannot find name 'test'. Do you need to install type definitions for a test runner? Try `npm i --save-dev @types/jest` or `npm i --save-dev @types/mocha`.
ai-platform/tests/path-safety.test.js(156,7): error TS2304: Cannot find name 'expect'.
ai-platform/tests/path-safety.test.js(157,7): error TS2304: Cannot find name 'expect'.
ai-platform/tests/path-safety.test.js(158,7): error TS2304: Cannot find name 'expect'.
ai-platform/tests/path-safety.test.js(161,5): error TS2582: Cannot find name 'test'. Do you need to install type definitions for a test runner? Try `npm i --save-dev @types/jest` or `npm i --save-dev @types/mocha`.
ai-platform/tests/path-safety.test.js(165,7): error TS2304: Cannot find name 'expect'.
ai-platform/tests/path-safety.test.js(168,5): error TS2582: Cannot find name 'test'. Do you need to install type definitions for a test runner? Try `npm i --save-dev @types/jest` or `npm i --save-dev @types/mocha`.
ai-platform/tests/path-safety.test.js(169,7): error TS2304: Cannot find name 'expect'.
ai-platform/tests/path-safety.test.js(173,3): error TS2582: Cannot find name 'describe'. Do you need to install type definitions for a test runner? Try `npm i --save-dev @types/jest` or `npm i --save-dev @types/mocha`.
ai-platform/tests/path-safety.test.js(174,5): error TS2582: Cannot find name 'test'. Do you need to install type definitions for a test runner? Try `npm i --save-dev @types/jest` or `npm i --save-dev @types/mocha`.
ai-platform/tests/path-safety.test.js(176,7): error TS2304: Cannot find name 'expect'.
ai-platform/tests/path-safety.test.js(179,5): error TS2582: Cannot find name 'test'. Do you need to install type definitions for a test runner? Try `npm i --save-dev @types/jest` or `npm i --save-dev @types/mocha`.
ai-platform/tests/path-safety.test.js(181,7): error TS2304: Cannot find name 'expect'.
ai-platform/tests/path-safety.test.js(184,5): error TS2582: Cannot find name 'test'. Do you need to install type definitions for a test runner? Try `npm i --save-dev @types/jest` or `npm i --save-dev @types/mocha`.
ai-platform/tests/path-safety.test.js(186,7): error TS2304: Cannot find name 'expect'.
ai-platform/tests/path-safety.test.js(189,5): error TS2582: Cannot find name 'test'. Do you need to install type definitions for a test runner? Try `npm i --save-dev @types/jest` or `npm i --save-dev @types/mocha`.
ai-platform/tests/path-safety.test.js(191,7): error TS2304: Cannot find name 'expect'.
ai-platform/tests/path-safety.test.js(194,5): error TS2582: Cannot find name 'test'. Do you need to install type definitions for a test runner? Try `npm i --save-dev @types/jest` or `npm i --save-dev @types/mocha`.
ai-platform/tests/path-safety.test.js(196,7): error TS2304: Cannot find name 'expect'.
ai-platform/tests/path-safety.test.js(197,7): error TS2304: Cannot find name 'expect'.
ai-platform/tests/path-safety.test.js(198,7): error TS2304: Cannot find name 'expect'.
ai-platform/tests/path-safety.test.js(201,5): error TS2582: Cannot find name 'test'. Do you need to install type definitions for a test runner? Try `npm i --save-dev @types/jest` or `npm i --save-dev @types/mocha`.
ai-platform/tests/path-safety.test.js(204,9): error TS2304: Cannot find name 'expect'.
ai-platform/tests/path-safety.test.js(209,3): error TS2582: Cannot find name 'describe'. Do you need to install type definitions for a test runner? Try `npm i --save-dev @types/jest` or `npm i --save-dev @types/mocha`.
ai-platform/tests/path-safety.test.js(210,5): error TS2582: Cannot find name 'test'. Do you need to install type definitions for a test runner? Try `npm i --save-dev @types/jest` or `npm i --save-dev @types/mocha`.
ai-platform/tests/path-safety.test.js(213,7): error TS2304: Cannot find name 'expect'.
ai-platform/tests/path-safety.test.js(216,5): error TS2582: Cannot find name 'test'. Do you need to install type definitions for a test runner? Try `npm i --save-dev @types/jest` or `npm i --save-dev @types/mocha`.
ai-platform/tests/path-safety.test.js(217,7): error TS2304: Cannot find name 'expect'.
ai-platform/tests/path-safety.test.js(218,7): error TS2304: Cannot find name 'expect'.
ai-platform/tests/path-safety.test.js(221,5): error TS2582: Cannot find name 'test'. Do you need to install type definitions for a test runner? Try `npm i --save-dev @types/jest` or `npm i --save-dev @types/mocha`.
ai-platform/tests/path-safety.test.js(222,7): error TS2304: Cannot find name 'expect'.
ai-platform/tests/path-safety.test.js(225,5): error TS2582: Cannot find name 'test'. Do you need to install type definitions for a test runner? Try `npm i --save-dev @types/jest` or `npm i --save-dev @types/mocha`.
ai-platform/tests/path-safety.test.js(226,7): error TS2304: Cannot find name 'expect'.
ai-platform/tests/path-safety.test.js(229,5): error TS2582: Cannot find name 'test'. Do you need to install type definitions for a test runner? Try `npm i --save-dev @types/jest` or `npm i --save-dev @types/mocha`.
ai-platform/tests/path-safety.test.js(230,7): error TS2304: Cannot find name 'expect'.
ai-platform/tests/path-safety.test.js(233,5): error TS2582: Cannot find name 'test'. Do you need to install type definitions for a test runner? Try `npm i --save-dev @types/jest` or `npm i --save-dev @types/mocha`.
ai-platform/tests/path-safety.test.js(234,7): error TS2304: Cannot find name 'expect'.
ai-platform/tests/path-safety.test.js(238,3): error TS2582: Cannot find name 'describe'. Do you need to install type definitions for a test runner? Try `npm i --save-dev @types/jest` or `npm i --save-dev @types/mocha`.
ai-platform/tests/path-safety.test.js(239,5): error TS2582: Cannot find name 'test'. Do you need to install type definitions for a test runner? Try `npm i --save-dev @types/jest` or `npm i --save-dev @types/mocha`.
ai-platform/tests/path-safety.test.js(240,7): error TS2304: Cannot find name 'expect'.
ai-platform/tests/path-safety.test.js(243,5): error TS2582: Cannot find name 'test'. Do you need to install type definitions for a test runner? Try `npm i --save-dev @types/jest` or `npm i --save-dev @types/mocha`.
ai-platform/tests/path-safety.test.js(244,7): error TS2304: Cannot find name 'expect'.
ai-platform/tests/path-safety.test.js(247,5): error TS2582: Cannot find name 'test'. Do you need to install type definitions for a test runner? Try `npm i --save-dev @types/jest` or `npm i --save-dev @types/mocha`.
ai-platform/tests/path-safety.test.js(248,7): error TS2304: Cannot find name 'expect'.
ai-platform/tests/path-safety.test.js(251,5): error TS2582: Cannot find name 'test'. Do you need to install type definitions for a test runner? Try `npm i --save-dev @types/jest` or `npm i --save-dev @types/mocha`.
ai-platform/tests/path-safety.test.js(252,7): error TS2304: Cannot find name 'expect'.
ai-platform/tests/path-safety.test.js(253,7): error TS2304: Cannot find name 'expect'.
ai-platform/tests/path-safety.test.js(256,5): error TS2582: Cannot find name 'test'. Do you need to install type definitions for a test runner? Try `npm i --save-dev @types/jest` or `npm i --save-dev @types/mocha`.
ai-platform/tests/path-safety.test.js(257,7): error TS2304: Cannot find name 'expect'.
ai-platform/tests/path-safety.test.js(258,7): error TS2304: Cannot find name 'expect'.
ai-platform/tests/path-safety.test.js(261,5): error TS2582: Cannot find name 'test'. Do you need to install type definitions for a test runner? Try `npm i --save-dev @types/jest` or `npm i --save-dev @types/mocha`.
ai-platform/tests/path-safety.test.js(262,7): error TS2304: Cannot find name 'expect'.
ai-platform/tests/path-safety.test.js(265,5): error TS2582: Cannot find name 'test'. Do you need to install type definitions for a test runner? Try `npm i --save-dev @types/jest` or `npm i --save-dev @types/mocha`.
ai-platform/tests/path-safety.test.js(266,7): error TS2304: Cannot find name 'expect'.
ai-platform/tests/path-safety.test.js(267,7): error TS2304: Cannot find name 'expect'.
ai-platform/tests/path-safety.test.js(270,5): error TS2582: Cannot find name 'test'. Do you need to install type definitions for a test runner? Try `npm i --save-dev @types/jest` or `npm i --save-dev @types/mocha`.
ai-platform/tests/path-safety.test.js(271,7): error TS2304: Cannot find name 'expect'.
ai-platform/tests/path-safety.test.js(272,7): error TS2304: Cannot find name 'expect'.
ai-platform/tests/path-safety.test.js(275,5): error TS2582: Cannot find name 'test'. Do you need to install type definitions for a test runner? Try `npm i --save-dev @types/jest` or `npm i --save-dev @types/mocha`.
ai-platform/tests/path-safety.test.js(276,7): error TS2304: Cannot find name 'expect'.
ai-platform/tests/path-safety.test.js(279,5): error TS2582: Cannot find name 'test'. Do you need to install type definitions for a test runner? Try `npm i --save-dev @types/jest` or `npm i --save-dev @types/mocha`.
ai-platform/tests/path-safety.test.js(280,7): error TS2304: Cannot find name 'expect'.
ai-platform/tests/path-safety.test.js(284,3): error TS2582: Cannot find name 'describe'. Do you need to install type definitions for a test runner? Try `npm i --save-dev @types/jest` or `npm i --save-dev @types/mocha`.
ai-platform/tests/path-safety.test.js(285,5): error TS2582: Cannot find name 'test'. Do you need to install type definitions for a test runner? Try `npm i --save-dev @types/jest` or `npm i --save-dev @types/mocha`.
ai-platform/tests/path-safety.test.js(286,7): error TS2304: Cannot find name 'expect'.
ai-platform/tests/path-safety.test.js(289,5): error TS2582: Cannot find name 'test'. Do you need to install type definitions for a test runner? Try `npm i --save-dev @types/jest` or `npm i --save-dev @types/mocha`.
ai-platform/tests/path-safety.test.js(290,7): error TS2304: Cannot find name 'expect'.
ai-platform/tests/path-safety.test.js(291,7): error TS2304: Cannot find name 'expect'.
ai-platform/tests/path-safety.test.js(294,5): error TS2582: Cannot find name 'test'. Do you need to install type definitions for a test runner? Try `npm i --save-dev @types/jest` or `npm i --save-dev @types/mocha`.
ai-platform/tests/path-safety.test.js(295,7): error TS2304: Cannot find name 'expect'.
ai-platform/tests/path-safety.test.js(298,5): error TS2582: Cannot find name 'test'. Do you need to install type definitions for a test runner? Try `npm i --save-dev @types/jest` or `npm i --save-dev @types/mocha`.
ai-platform/tests/path-safety.test.js(299,7): error TS2304: Cannot find name 'expect'.
ai-platform/tests/path-safety.test.js(300,7): error TS2304: Cannot find name 'expect'.
ai-platform/tests/path-safety.test.js(303,5): error TS2582: Cannot find name 'test'. Do you need to install type definitions for a test runner? Try `npm i --save-dev @types/jest` or `npm i --save-dev @types/mocha`.
ai-platform/tests/path-safety.test.js(304,7): error TS2304: Cannot find name 'expect'.
ai-platform/tests/path-safety.test.js(308,3): error TS2582: Cannot find name 'describe'. Do you need to install type definitions for a test runner? Try `npm i --save-dev @types/jest` or `npm i --save-dev @types/mocha`.
ai-platform/tests/path-safety.test.js(309,5): error TS2582: Cannot find name 'test'. Do you need to install type definitions for a test runner? Try `npm i --save-dev @types/jest` or `npm i --save-dev @types/mocha`.
ai-platform/tests/path-safety.test.js(310,7): error TS2304: Cannot find name 'expect'.
ai-platform/tests/path-safety.test.js(311,7): error TS2304: Cannot find name 'expect'.
ai-platform/tests/path-safety.test.js(312,7): error TS2304: Cannot find name 'expect'.
ai-platform/tests/path-safety.test.js(316,3): error TS2582: Cannot find name 'describe'. Do you need to install type definitions for a test runner? Try `npm i --save-dev @types/jest` or `npm i --save-dev @types/mocha`.
ai-platform/tests/path-safety.test.js(317,5): error TS2582: Cannot find name 'test'. Do you need to install type definitions for a test runner? Try `npm i --save-dev @types/jest` or `npm i --save-dev @types/mocha`.
ai-platform/tests/path-safety.test.js(319,7): error TS2304: Cannot find name 'expect'.
ai-platform/tests/path-safety.test.js(322,5): error TS2582: Cannot find name 'test'. Do you need to install type definitions for a test runner? Try `npm i --save-dev @types/jest` or `npm i --save-dev @types/mocha`.
ai-platform/tests/path-safety.test.js(327,7): error TS2304: Cannot find name 'expect'.
ai-platform/tests/path-safety.test.js(328,7): error TS2304: Cannot find name 'expect'.
ai-platform/tests/path-safety.test.js(331,5): error TS2582: Cannot find name 'test'. Do you need to install type definitions for a test runner? Try `npm i --save-dev @types/jest` or `npm i --save-dev @types/mocha`.
ai-platform/tests/path-safety.test.js(335,7): error TS2304: Cannot find name 'expect'.
ai-platform/tests/secret-config.test.js(20,1): error TS2582: Cannot find name 'describe'. Do you need to install type definitions for a test runner? Try `npm i --save-dev @types/jest` or `npm i --save-dev @types/mocha`.
ai-platform/tests/secret-config.test.js(23,3): error TS2304: Cannot find name 'beforeEach'.
ai-platform/tests/secret-config.test.js(27,26): error TS2339: Property '_warned' does not exist on type '(name: string, options?: { minLength?: number; }) => string'.
ai-platform/tests/secret-config.test.js(28,26): error TS2339: Property '_cache' does not exist on type '(name: string, options?: { minLength?: number; }) => string'.
ai-platform/tests/secret-config.test.js(30,19): error TS2304: Cannot find name 'jest'.
ai-platform/tests/secret-config.test.js(31,19): error TS2304: Cannot find name 'jest'.
ai-platform/tests/secret-config.test.js(34,3): error TS2304: Cannot find name 'afterEach'.
ai-platform/tests/secret-config.test.js(40,3): error TS2582: Cannot find name 'describe'. Do you need to install type definitions for a test runner? Try `npm i --save-dev @types/jest` or `npm i --save-dev @types/mocha`.
ai-platform/tests/secret-config.test.js(41,5): error TS2582: Cannot find name 'test'. Do you need to install type definitions for a test runner? Try `npm i --save-dev @types/jest` or `npm i --save-dev @types/mocha`.
ai-platform/tests/secret-config.test.js(42,7): error TS2304: Cannot find name 'expect'.
ai-platform/tests/secret-config.test.js(43,7): error TS2304: Cannot find name 'expect'.
ai-platform/tests/secret-config.test.js(44,7): error TS2304: Cannot find name 'expect'.
ai-platform/tests/secret-config.test.js(47,5): error TS2582: Cannot find name 'test'. Do you need to install type definitions for a test runner? Try `npm i --save-dev @types/jest` or `npm i --save-dev @types/mocha`.
ai-platform/tests/secret-config.test.js(48,7): error TS2304: Cannot find name 'expect'.
ai-platform/tests/secret-config.test.js(49,7): error TS2304: Cannot find name 'expect'.
ai-platform/tests/secret-config.test.js(52,5): error TS2582: Cannot find name 'test'. Do you need to install type definitions for a test runner? Try `npm i --save-dev @types/jest` or `npm i --save-dev @types/mocha`.
ai-platform/tests/secret-config.test.js(53,7): error TS2304: Cannot find name 'expect'.
ai-platform/tests/secret-config.test.js(54,7): error TS2304: Cannot find name 'expect'.
ai-platform/tests/secret-config.test.js(57,5): error TS2582: Cannot find name 'test'. Do you need to install type definitions for a test runner? Try `npm i --save-dev @types/jest` or `npm i --save-dev @types/mocha`.
ai-platform/tests/secret-config.test.js(58,7): error TS2304: Cannot find name 'expect'.
ai-platform/tests/secret-config.test.js(59,7): error TS2304: Cannot find name 'expect'.
ai-platform/tests/secret-config.test.js(60,7): error TS2304: Cannot find name 'expect'.
ai-platform/tests/secret-config.test.js(61,7): error TS2304: Cannot find name 'expect'.
ai-platform/tests/secret-config.test.js(62,7): error TS2304: Cannot find name 'expect'.
ai-platform/tests/secret-config.test.js(63,7): error TS2304: Cannot find name 'expect'.
ai-platform/tests/secret-config.test.js(64,7): error TS2304: Cannot find name 'expect'.
ai-platform/tests/secret-config.test.js(65,7): error TS2304: Cannot find name 'expect'.
ai-platform/tests/secret-config.test.js(66,7): error TS2304: Cannot find name 'expect'.
ai-platform/tests/secret-config.test.js(69,5): error TS2582: Cannot find name 'test'. Do you need to install type definitions for a test runner? Try `npm i --save-dev @types/jest` or `npm i --save-dev @types/mocha`.
ai-platform/tests/secret-config.test.js(70,7): error TS2304: Cannot find name 'expect'.
ai-platform/tests/secret-config.test.js(73,5): error TS2582: Cannot find name 'test'. Do you need to install type definitions for a test runner? Try `npm i --save-dev @types/jest` or `npm i --save-dev @types/mocha`.
ai-platform/tests/secret-config.test.js(74,7): error TS2304: Cannot find name 'expect'.
ai-platform/tests/secret-config.test.js(77,5): error TS2582: Cannot find name 'test'. Do you need to install type definitions for a test runner? Try `npm i --save-dev @types/jest` or `npm i --save-dev @types/mocha`.
ai-platform/tests/secret-config.test.js(78,7): error TS2304: Cannot find name 'expect'.
ai-platform/tests/secret-config.test.js(79,7): error TS2304: Cannot find name 'expect'.
ai-platform/tests/secret-config.test.js(80,7): error TS2304: Cannot find name 'expect'.
ai-platform/tests/secret-config.test.js(84,3): error TS2582: Cannot find name 'describe'. Do you need to install type definitions for a test runner? Try `npm i --save-dev @types/jest` or `npm i --save-dev @types/mocha`.
ai-platform/tests/secret-config.test.js(85,5): error TS2582: Cannot find name 'test'. Do you need to install type definitions for a test runner? Try `npm i --save-dev @types/jest` or `npm i --save-dev @types/mocha`.
ai-platform/tests/secret-config.test.js(87,7): error TS2304: Cannot find name 'expect'.
ai-platform/tests/secret-config.test.js(90,5): error TS2582: Cannot find name 'test'. Do you need to install type definitions for a test runner? Try `npm i --save-dev @types/jest` or `npm i --save-dev @types/mocha`.
ai-platform/tests/secret-config.test.js(93,7): error TS2304: Cannot find name 'expect'.
ai-platform/tests/secret-config.test.js(96,5): error TS2582: Cannot find name 'test'. Do you need to install type definitions for a test runner? Try `npm i --save-dev @types/jest` or `npm i --save-dev @types/mocha`.
ai-platform/tests/secret-config.test.js(99,7): error TS2304: Cannot find name 'expect'.
ai-platform/tests/secret-config.test.js(103,3): error TS2582: Cannot find name 'describe'. Do you need to install type definitions for a test runner? Try `npm i --save-dev @types/jest` or `npm i --save-dev @types/mocha`.
ai-platform/tests/secret-config.test.js(104,5): error TS2582: Cannot find name 'test'. Do you need to install type definitions for a test runner? Try `npm i --save-dev @types/jest` or `npm i --save-dev @types/mocha`.
ai-platform/tests/secret-config.test.js(106,7): error TS2304: Cannot find name 'expect'.
ai-platform/tests/secret-config.test.js(109,5): error TS2582: Cannot find name 'test'. Do you need to install type definitions for a test runner? Try `npm i --save-dev @types/jest` or `npm i --save-dev @types/mocha`.
ai-platform/tests/secret-config.test.js(113,7): error TS2304: Cannot find name 'expect'.
ai-platform/tests/secret-config.test.js(116,5): error TS2582: Cannot find name 'test'. Do you need to install type definitions for a test runner? Try `npm i --save-dev @types/jest` or `npm i --save-dev @types/mocha`.
ai-platform/tests/secret-config.test.js(120,7): error TS2304: Cannot find name 'expect'.
ai-platform/tests/secret-config.test.js(121,7): error TS2304: Cannot find name 'expect'.
ai-platform/tests/secret-config.test.js(124,5): error TS2582: Cannot find name 'test'. Do you need to install type definitions for a test runner? Try `npm i --save-dev @types/jest` or `npm i --save-dev @types/mocha`.
ai-platform/tests/secret-config.test.js(129,7): error TS2304: Cannot find name 'expect'.
ai-platform/tests/secret-config.test.js(132,5): error TS2582: Cannot find name 'test'. Do you need to install type definitions for a test runner? Try `npm i --save-dev @types/jest` or `npm i --save-dev @types/mocha`.
ai-platform/tests/secret-config.test.js(136,7): error TS2304: Cannot find name 'expect'.
ai-platform/tests/secret-config.test.js(139,5): error TS2582: Cannot find name 'test'. Do you need to install type definitions for a test runner? Try `npm i --save-dev @types/jest` or `npm i --save-dev @types/mocha`.
ai-platform/tests/secret-config.test.js(142,7): error TS2304: Cannot find name 'expect'.
ai-platform/tests/secret-config.test.js(146,3): error TS2582: Cannot find name 'describe'. Do you need to install type definitions for a test runner? Try `npm i --save-dev @types/jest` or `npm i --save-dev @types/mocha`.
ai-platform/tests/secret-config.test.js(147,5): error TS2582: Cannot find name 'test'. Do you need to install type definitions for a test runner? Try `npm i --save-dev @types/jest` or `npm i --save-dev @types/mocha`.
ai-platform/tests/secret-config.test.js(149,7): error TS2304: Cannot find name 'expect'.
ai-platform/tests/secret-config.test.js(152,5): error TS2582: Cannot find name 'test'. Do you need to install type definitions for a test runner? Try `npm i --save-dev @types/jest` or `npm i --save-dev @types/mocha`.
ai-platform/tests/secret-config.test.js(156,7): error TS2304: Cannot find name 'expect'.
ai-platform/tests/secret-config.test.js(159,5): error TS2582: Cannot find name 'test'. Do you need to install type definitions for a test runner? Try `npm i --save-dev @types/jest` or `npm i --save-dev @types/mocha`.
ai-platform/tests/secret-config.test.js(164,7): error TS2304: Cannot find name 'expect'.
ai-platform/tests/secret-config.test.js(167,5): error TS2582: Cannot find name 'test'. Do you need to install type definitions for a test runner? Try `npm i --save-dev @types/jest` or `npm i --save-dev @types/mocha`.
ai-platform/tests/secret-config.test.js(172,7): error TS2304: Cannot find name 'expect'.
ai-platform/tests/secret-config.test.js(176,3): error TS2582: Cannot find name 'describe'. Do you need to install type definitions for a test runner? Try `npm i --save-dev @types/jest` or `npm i --save-dev @types/mocha`.
ai-platform/tests/secret-config.test.js(177,5): error TS2582: Cannot find name 'test'. Do you need to install type definitions for a test runner? Try `npm i --save-dev @types/jest` or `npm i --save-dev @types/mocha`.
ai-platform/tests/secret-config.test.js(179,7): error TS2304: Cannot find name 'expect'.
ai-platform/tests/secret-config.test.js(182,5): error TS2582: Cannot find name 'test'. Do you need to install type definitions for a test runner? Try `npm i --save-dev @types/jest` or `npm i --save-dev @types/mocha`.
ai-platform/tests/secret-config.test.js(187,7): error TS2304: Cannot find name 'expect'.
ai-platform/tests/secret-config.test.js(190,5): error TS2582: Cannot find name 'test'. Do you need to install type definitions for a test runner? Try `npm i --save-dev @types/jest` or `npm i --save-dev @types/mocha`.
ai-platform/tests/secret-config.test.js(193,7): error TS2304: Cannot find name 'expect'.
ai-platform/tests/secret-config.test.js(196,5): error TS2582: Cannot find name 'test'. Do you need to install type definitions for a test runner? Try `npm i --save-dev @types/jest` or `npm i --save-dev @types/mocha`.
ai-platform/tests/secret-config.test.js(200,7): error TS2304: Cannot find name 'expect'.
ai-platform/tests/secret-config.test.js(203,5): error TS2582: Cannot find name 'test'. Do you need to install type definitions for a test runner? Try `npm i --save-dev @types/jest` or `npm i --save-dev @types/mocha`.
ai-platform/tests/secret-config.test.js(208,7): error TS2304: Cannot find name 'expect'.
ai-platform/tests/secret-config.test.js(212,3): error TS2582: Cannot find name 'describe'. Do you need to install type definitions for a test runner? Try `npm i --save-dev @types/jest` or `npm i --save-dev @types/mocha`.
ai-platform/tests/secret-config.test.js(213,5): error TS2582: Cannot find name 'test'. Do you need to install type definitions for a test runner? Try `npm i --save-dev @types/jest` or `npm i --save-dev @types/mocha`.
ai-platform/tests/secret-config.test.js(215,7): error TS2304: Cannot find name 'expect'.
ai-platform/tests/secret-config.test.js(218,5): error TS2582: Cannot find name 'test'. Do you need to install type definitions for a test runner? Try `npm i --save-dev @types/jest` or `npm i --save-dev @types/mocha`.
ai-platform/tests/secret-config.test.js(222,7): error TS2304: Cannot find name 'expect'.
ai-platform/tests/secret-config.test.js(225,5): error TS2582: Cannot find name 'test'. Do you need to install type definitions for a test runner? Try `npm i --save-dev @types/jest` or `npm i --save-dev @types/mocha`.
ai-platform/tests/secret-config.test.js(231,7): error TS2304: Cannot find name 'expect'.
ai-platform/tests/secret-config.test.js(234,5): error TS2582: Cannot find name 'test'. Do you need to install type definitions for a test runner? Try `npm i --save-dev @types/jest` or `npm i --save-dev @types/mocha`.
ai-platform/tests/secret-config.test.js(238,7): error TS2304: Cannot find name 'expect'.
ai-platform/tests/secret-config.test.js(239,7): error TS2304: Cannot find name 'expect'.
ai-platform/tests/secret-config.test.js(243,3): error TS2582: Cannot find name 'describe'. Do you need to install type definitions for a test runner? Try `npm i --save-dev @types/jest` or `npm i --save-dev @types/mocha`.
ai-platform/tests/secret-config.test.js(244,5): error TS2582: Cannot find name 'test'. Do you need to install type definitions for a test runner? Try `npm i --save-dev @types/jest` or `npm i --save-dev @types/mocha`.
ai-platform/tests/secret-config.test.js(245,7): error TS2304: Cannot find name 'expect'.
ai-platform/tests/secret-config.test.js(246,7): error TS2304: Cannot find name 'expect'.
ai-platform/tests/secret-config.test.js(247,7): error TS2304: Cannot find name 'expect'.
ai-platform/tests/secret-config.test.js(248,7): error TS2304: Cannot find name 'expect'.
ai-platform/tests/secret-config.test.js(249,7): error TS2304: Cannot find name 'expect'.
ai-platform/tests/secret-config.test.js(250,7): error TS2304: Cannot find name 'expect'.
ai-platform/tests/secret-config.test.js(251,7): error TS2304: Cannot find name 'expect'.
ai-platform/tests/server-health.test.js(34,1): error TS2582: Cannot find name 'describe'. Do you need to install type definitions for a test runner? Try `npm i --save-dev @types/jest` or `npm i --save-dev @types/mocha`.
ai-platform/tests/server-health.test.js(37,3): error TS2304: Cannot find name 'beforeEach'.
ai-platform/tests/server-health.test.js(41,3): error TS2582: Cannot find name 'describe'. Do you need to install type definitions for a test runner? Try `npm i --save-dev @types/jest` or `npm i --save-dev @types/mocha`.
ai-platform/tests/server-health.test.js(42,5): error TS2582: Cannot find name 'test'. Do you need to install type definitions for a test runner? Try `npm i --save-dev @types/jest` or `npm i --save-dev @types/mocha`.
ai-platform/tests/server-health.test.js(44,7): error TS2304: Cannot find name 'expect'.
ai-platform/tests/server-health.test.js(45,7): error TS2304: Cannot find name 'expect'.
ai-platform/tests/server-health.test.js(46,7): error TS2304: Cannot find name 'expect'.
ai-platform/tests/server-health.test.js(47,7): error TS2304: Cannot find name 'expect'.
ai-platform/tests/server-health.test.js(51,3): error TS2582: Cannot find name 'describe'. Do you need to install type definitions for a test runner? Try `npm i --save-dev @types/jest` or `npm i --save-dev @types/mocha`.
ai-platform/tests/server-health.test.js(52,5): error TS2582: Cannot find name 'test'. Do you need to install type definitions for a test runner? Try `npm i --save-dev @types/jest` or `npm i --save-dev @types/mocha`.
ai-platform/tests/server-health.test.js(54,7): error TS2304: Cannot find name 'expect'.
ai-platform/tests/server-health.test.js(55,7): error TS2304: Cannot find name 'expect'.
ai-platform/tests/server-health.test.js(56,7): error TS2304: Cannot find name 'expect'.
ai-platform/tests/server-health.test.js(57,7): error TS2304: Cannot find name 'expect'.
ai-platform/tests/server-health.test.js(61,3): error TS2582: Cannot find name 'describe'. Do you need to install type definitions for a test runner? Try `npm i --save-dev @types/jest` or `npm i --save-dev @types/mocha`.
ai-platform/tests/server-health.test.js(62,5): error TS2582: Cannot find name 'test'. Do you need to install type definitions for a test runner? Try `npm i --save-dev @types/jest` or `npm i --save-dev @types/mocha`.
ai-platform/tests/server-health.test.js(64,7): error TS2304: Cannot find name 'expect'.
ai-platform/tests/server-health.test.js(65,7): error TS2304: Cannot find name 'expect'.
ai-platform/tests/server-health.test.js(66,7): error TS2304: Cannot find name 'expect'.
ai-platform/tests/server-health.test.js(71,1): error TS2582: Cannot find name 'describe'. Do you need to install type definitions for a test runner? Try `npm i --save-dev @types/jest` or `npm i --save-dev @types/mocha`.
ai-platform/tests/server-health.test.js(72,3): error TS2582: Cannot find name 'test'. Do you need to install type definitions for a test runner? Try `npm i --save-dev @types/jest` or `npm i --save-dev @types/mocha`.
ai-platform/tests/server-health.test.js(74,27): error TS2304: Cannot find name 'jest'.
ai-platform/tests/server-health.test.js(74,61): error TS2304: Cannot find name 'jest'.
ai-platform/tests/server-health.test.js(75,18): error TS2304: Cannot find name 'jest'.
ai-platform/tests/server-health.test.js(85,5): error TS2304: Cannot find name 'expect'.
ai-platform/tests/server-health.test.js(86,5): error TS2304: Cannot find name 'expect'.
ai-platform/tests/server-health.test.js(89,3): error TS2582: Cannot find name 'test'. Do you need to install type definitions for a test runner? Try `npm i --save-dev @types/jest` or `npm i --save-dev @types/mocha`.
ai-platform/tests/server-health.test.js(91,27): error TS2304: Cannot find name 'jest'.
ai-platform/tests/server-health.test.js(91,44): error TS2304: Cannot find name 'jest'.
ai-platform/tests/server-health.test.js(92,18): error TS2304: Cannot find name 'jest'.
ai-platform/tests/server-health.test.js(100,5): error TS2304: Cannot find name 'expect'.
ai-platform/tests/server-health.test.js(104,1): error TS2582: Cannot find name 'describe'. Do you need to install type definitions for a test runner? Try `npm i --save-dev @types/jest` or `npm i --save-dev @types/mocha`.
ai-platform/tests/server-health.test.js(105,3): error TS2582: Cannot find name 'test'. Do you need to install type definitions for a test runner? Try `npm i --save-dev @types/jest` or `npm i --save-dev @types/mocha`.
ai-platform/tests/server-health.test.js(127,1): error TS2582: Cannot find name 'describe'. Do you need to install type definitions for a test runner? Try `npm i --save-dev @types/jest` or `npm i --save-dev @types/mocha`.
ai-platform/tests/server-health.test.js(128,3): error TS2582: Cannot find name 'test'. Do you need to install type definitions for a test runner? Try `npm i --save-dev @types/jest` or `npm i --save-dev @types/mocha`.
ai-platform/tests/server-health.test.js(130,5): error TS2304: Cannot find name 'expect'.
ai-platform/tests/server-health.test.js(133,3): error TS2582: Cannot find name 'test'. Do you need to install type definitions for a test runner? Try `npm i --save-dev @types/jest` or `npm i --save-dev @types/mocha`.
ai-platform/tests/server-health.test.js(136,5): error TS2304: Cannot find name 'expect'.
ai-platform/tests/server-health.test.js(137,5): error TS2304: Cannot find name 'expect'.
ai-platform/tests/setup.js(14,1): error TS2304: Cannot find name 'beforeAll'.
ai-platform/tests/setup.js(18,10): error TS2304: Cannot find name 'jest'.
ai-platform/tests/setup.js(19,11): error TS2304: Cannot find name 'jest'.
ai-platform/tests/setup.js(20,12): error TS2304: Cannot find name 'jest'.
ai-platform/tests/setup.js(26,1): error TS2304: Cannot find name 'afterAll'.
ai-platform/tests/setup.js(37,1): error TS2304: Cannot find name 'jest'.
ai-platform/tests/setup.js(54,15): error TS2304: Cannot find name 'jest'.
ai-platform/tests/setup.js(55,13): error TS2304: Cannot find name 'jest'.
ai-platform/tests/setup.js(56,13): error TS2304: Cannot find name 'jest'.
ai-platform/tests/setup.js(57,12): error TS2304: Cannot find name 'jest'.
ai-platform/tests/setup.js(58,15): error TS2304: Cannot find name 'jest'.
ai-platform/tests/setup.js(59,20): error TS2304: Cannot find name 'jest'.
ai-platform/tests/setup.js(60,17): error TS2304: Cannot find name 'jest'.
ai-platform/tests/setup.js(61,12): error TS2304: Cannot find name 'jest'.
ai-platform/tests/setup.js(67,19): error TS2304: Cannot find name 'jest'.
ai-platform/tests/setup.js(99,1): error TS2304: Cannot find name 'beforeEach'.
ai-platform/tests/setup.js(101,3): error TS2304: Cannot find name 'jest'.
ai-platform/tests/setup.js(107,1): error TS2304: Cannot find name 'afterEach'.
ai-platform/tests/setup.js(123,1): error TS2304: Cannot find name 'jest'.
ai-platform/tests/setup.js(124,17): error TS2304: Cannot find name 'jest'.
ai-platform/tests/setup.js(125,14): error TS2304: Cannot find name 'jest'.
ai-platform/tests/setup.js(126,11): error TS2304: Cannot find name 'jest'.
ai-platform/tests/setup.js(127,10): error TS2304: Cannot find name 'jest'.
ai-platform/tests/setup.js(128,10): error TS2304: Cannot find name 'jest'.
ai-platform/tests/setup.js(129,10): error TS2304: Cannot find name 'jest'.
ai-platform/tests/setup.js(130,13): error TS2304: Cannot find name 'jest'.
ai-platform/tests/setup.js(131,11): error TS2304: Cannot find name 'jest'.
ai-platform/tests/setup.js(132,17): error TS2304: Cannot find name 'jest'.
ai-platform/tests/setup.js(137,1): error TS2304: Cannot find name 'jest'.
ai-platform/tests/setup.js(138,11): error TS2304: Cannot find name 'jest'.
ai-platform/tests/setup.js(139,14): error TS2304: Cannot find name 'jest'.
ai-platform/tests/setup.js(140,12): error TS2304: Cannot find name 'jest'.
ai-platform/tests/setup.js(141,10): error TS2304: Cannot find name 'jest'.
ai-platform/tests/setup.js(143,9): error TS2304: Cannot find name 'jest'.
ai-platform/tests/setup.js(144,14): error TS2304: Cannot find name 'jest'.
ai-platform/tests/setup.js(145,14): error TS2304: Cannot find name 'jest'.
ai-platform/tests/setup.js(146,16): error TS2304: Cannot find name 'jest'.
ai-platform/tests/setup.js(148,10): error TS2304: Cannot find name 'jest'.
ai-platform/tools/apply-roadmap-export.js(11,43): error TS2307: Cannot find module '../packages/simplebeacon-cli/src/lib/roadmap-export-sanitize' or its corresponding type declarations.
ai-platform/tools/apply-roadmap-export.js(12,41): error TS2307: Cannot find module '../packages/simplebeacon-cli/src/lib/roadmap-json-specs' or its corresponding type declarations.
ai-platform/tools/apply-roadmap-export.js(13,48): error TS2307: Cannot find module '../packages/simplebeacon-cli/src/index' or its corresponding type declarations.
ai-platform/tools/apply-roadmap-export.js(34,41): error TS2304: Cannot find name 'insights'.
ai-platform/tools/apply-roadmap-export.js(35,41): error TS2304: Cannot find name 'insights'.
ai-platform/tools/apply-roadmap-export.js(36,39): error TS2304: Cannot find name 'insights'.
ai-platform/tools/apply-roadmap-export.js(38,23): error TS2304: Cannot find name 'insights'.
ai-platform/tools/apply-roadmap-export.js(39,25): error TS2304: Cannot find name 'insights'.
ai-platform/tools/apply-roadmap-export.js(40,22): error TS2304: Cannot find name 'insights'.
ai-platform/tools/apply-roadmap-export.js(44,17): error TS2304: Cannot find name 'insights'.
ai-platform/tools/apply-roadmap-export.js(49,22): error TS2304: Cannot find name 'insights'.
ai-platform/tools/deploy-gate-runner.cjs(23,5): error TS2769: No overload matches this call.
  Overload 1 of 4, '(command: string, options: ExecSyncOptionsWithStringEncoding): string', gave the following error.
    Type 'string | boolean' is not assignable to type 'string'.
      Type 'boolean' is not assignable to type 'string'.
  Overload 2 of 4, '(command: string, options: ExecSyncOptionsWithBufferEncoding): NonSharedBuffer', gave the following error.
    Type 'string | boolean' is not assignable to type 'string'.
      Type 'boolean' is not assignable to type 'string'.
  Overload 3 of 4, '(command: string, options?: ExecSyncOptions): string | NonSharedBuffer', gave the following error.
    Type 'string | boolean' is not assignable to type 'string'.
      Type 'boolean' is not assignable to type 'string'.
ai-platform/tools/deploy-gate-runner.cjs(36,5): error TS2769: No overload matches this call.
  Overload 1 of 4, '(command: string, options: ExecSyncOptionsWithStringEncoding): string', gave the following error.
    Type 'string | boolean' is not assignable to type 'string'.
      Type 'boolean' is not assignable to type 'string'.
  Overload 2 of 4, '(command: string, options: ExecSyncOptionsWithBufferEncoding): NonSharedBuffer', gave the following error.
    Type 'string | boolean' is not assignable to type 'string'.
      Type 'boolean' is not assignable to type 'string'.
  Overload 3 of 4, '(command: string, options?: ExecSyncOptions): string | NonSharedBuffer', gave the following error.
    Type 'string | boolean' is not assignable to type 'string'.
      Type 'boolean' is not assignable to type 'string'.
ai-platform/tools/deploy-gate-runner.cjs(49,5): error TS2769: No overload matches this call.
  Overload 1 of 4, '(command: string, options: ExecSyncOptionsWithStringEncoding): string', gave the following error.
    Type 'string | boolean' is not assignable to type 'string'.
      Type 'boolean' is not assignable to type 'string'.
  Overload 2 of 4, '(command: string, options: ExecSyncOptionsWithBufferEncoding): NonSharedBuffer', gave the following error.
    Type 'string | boolean' is not assignable to type 'string'.
      Type 'boolean' is not assignable to type 'string'.
  Overload 3 of 4, '(command: string, options?: ExecSyncOptions): string | NonSharedBuffer', gave the following error.
    Type 'string | boolean' is not assignable to type 'string'.
      Type 'boolean' is not assignable to type 'string'.
ai-platform/tools/deploy-gate-runner.cjs(64,5): error TS2769: No overload matches this call.
  Overload 1 of 4, '(command: string, options: ExecSyncOptionsWithStringEncoding): string', gave the following error.
    Type 'string | boolean' is not assignable to type 'string'.
      Type 'boolean' is not assignable to type 'string'.
  Overload 2 of 4, '(command: string, options: ExecSyncOptionsWithBufferEncoding): NonSharedBuffer', gave the following error.
    Type 'string | boolean' is not assignable to type 'string'.
      Type 'boolean' is not assignable to type 'string'.
  Overload 3 of 4, '(command: string, options?: ExecSyncOptions): string | NonSharedBuffer', gave the following error.
    Type 'string | boolean' is not assignable to type 'string'.
      Type 'boolean' is not assignable to type 'string'.
ai-platform/tools/send-all-tier-emails.cjs(247,114): error TS2339: Property 'queuePath' does not exist on type '{ sent: boolean; queued: boolean; error?: string; id?: string; }'.
ai-platform/tools/send-payment-tier-emails.cjs(150,114): error TS2339: Property 'queuePath' does not exist on type '{ sent: boolean; queued: boolean; error?: string; id?: string; }'.
ai-platform/vite.config.js(1,30): error TS2307: Cannot find module 'vite' or its corresponding type declarations.
  There are types at 'C:/Users/Trevor/CascadeProjects/node_modules/vite/dist/node/index.d.ts', but this result could not be resolved under your current 'moduleResolution' setting. Consider updating to 'node16', 'nodenext', or 'bundler'.
ai-platform/web/data/roadmap-ai-agent-localstorage-inject.js(6,8): error TS2339: Property 'location' does not exist on type 'typeof window'.
ai-platform/web/simplebeacon-dashboard/js-es2018/__tests__/utils.test.mjs(235,46): error TS2345: Argument of type '{ headers: { get: () => string; }; text: () => Promise<string>; }' is not assignable to parameter of type 'Response'.
  Type '{ headers: { get: () => string; }; text: () => Promise<string>; }' is missing the following properties from type 'Response': ok, status, statusText, type, and 10 more.
ai-platform/web/simplebeacon-dashboard/js-es2018/__tests__/utils.test.mjs(243,46): error TS2345: Argument of type '{ headers: { get: () => string; }; text: () => Promise<string>; }' is not assignable to parameter of type 'Response'.
  Type '{ headers: { get: () => string; }; text: () => Promise<string>; }' is missing the following properties from type 'Response': ok, status, statusText, type, and 10 more.
ai-platform/web/simplebeacon-dashboard/js-es2018/__tests__/utils.test.mjs(251,46): error TS2345: Argument of type '{ headers: { get: () => string; }; text: () => Promise<string>; }' is not assignable to parameter of type 'Response'.
  Type '{ headers: { get: () => string; }; text: () => Promise<string>; }' is missing the following properties from type 'Response': ok, status, statusText, type, and 10 more.
ai-platform/web/simplebeacon-dashboard/js-es2018/__tests__/utils.test.mjs(259,46): error TS2345: Argument of type '{ headers: { get: () => string; }; text: () => Promise<string>; }' is not assignable to parameter of type 'Response'.
  Type '{ headers: { get: () => string; }; text: () => Promise<string>; }' is missing the following properties from type 'Response': ok, status, statusText, type, and 10 more.
ai-platform/web/simplebeacon-dashboard/js-es2018/_new-helpers.js(168,29): error TS2322: Type '(T & object & any[])[number][]' is not assignable to type 'T'.
  'T' could be instantiated with an arbitrary type which could be unrelated to '(T & object & any[])[number][]'.
ai-platform/web/simplebeacon-dashboard/js-es2018/_new-helpers.js(206,32): error TS2304: Cannot find name 'get'.
ai-platform/web/simplebeacon-dashboard/js-es2018/_path-helpers.js(7,59): error TS2339: Property 'acquireVsCodeApi' does not exist on type 'typeof window'.
ai-platform/web/simplebeacon-dashboard/js-es2018/_path-helpers.js(23,56): error TS2339: Property 'acquireVsCodeApi' does not exist on type 'typeof window'.
ai-platform/web/simplebeacon-dashboard/js-es2018/_path-helpers.js(25,27): error TS2339: Property 'acquireVsCodeApi' does not exist on type 'typeof window'.
ai-platform/web/simplebeacon-dashboard/js-es2018/components/CodebaseReport.js(19,17): error TS8024: JSDoc '@param' tag has name 'loading', but there is no parameter with that name.
ai-platform/web/simplebeacon-dashboard/js-es2018/components/CodebaseReport.js(20,17): error TS8024: JSDoc '@param' tag has name 'error', but there is no parameter with that name.
ai-platform/web/simplebeacon-dashboard/js-es2018/components/ConsolidationReport.js(5,17): error TS8024: JSDoc '@param' tag has name 'loading', but there is no parameter with that name.
ai-platform/web/simplebeacon-dashboard/js-es2018/components/ConsolidationReport.js(6,17): error TS8024: JSDoc '@param' tag has name 'error', but there is no parameter with that name.
ai-platform/web/simplebeacon-dashboard/js-es2018/components/DataCleanupReport.js(86,81): error TS2339: Property 'buildArtifacts' does not exist on type 'any[]'.
ai-platform/web/simplebeacon-dashboard/js-es2018/components/DataCleanupReport.js(141,81): error TS2339: Property 'assetConsolidation' does not exist on type 'any[]'.
ai-platform/web/simplebeacon-dashboard/js-es2018/components/DataCleanupReport.js(175,81): error TS2339: Property 'unusedFiles' does not exist on type 'any[]'.
ai-platform/web/simplebeacon-dashboard/js-es2018/components/DataCleanupReport.js(209,81): error TS2339: Property 'directoryBloat' does not exist on type 'any[]'.
ai-platform/web/simplebeacon-dashboard/js-es2018/components/DataCleanupReport.js(531,20): error TS8024: JSDoc '@param' tag has name 'profile', but there is no parameter with that name.
ai-platform/web/simplebeacon-dashboard/js-es2018/components/DataCleanupReport.js(532,17): error TS8024: JSDoc '@param' tag has name 'loading', but there is no parameter with that name.
ai-platform/web/simplebeacon-dashboard/js-es2018/components/DataCleanupReport.js(533,17): error TS8024: JSDoc '@param' tag has name 'error', but there is no parameter with that name.
ai-platform/web/simplebeacon-dashboard/js-es2018/components/DownloadCredentialsModal.js(9,46): error TS2739: Type '{}' is missing the following properties from type '{ title: string; submitLabel: string; onSubmit: Function; defaults?: any; }': title, submitLabel, onSubmit
ai-platform/web/simplebeacon-dashboard/js-es2018/components/DownloadCredentialsModal.js(11,22): error TS2584: Cannot find name 'document'. Do you need to change your target library? Try changing the 'lib' compiler option to include 'dom'.
ai-platform/web/simplebeacon-dashboard/js-es2018/components/DownloadCredentialsModal.js(13,21): error TS2584: Cannot find name 'document'. Do you need to change your target library? Try changing the 'lib' compiler option to include 'dom'.
ai-platform/web/simplebeacon-dashboard/js-es2018/components/DownloadCredentialsModal.js(16,19): error TS2584: Cannot find name 'document'. Do you need to change your target library? Try changing the 'lib' compiler option to include 'dom'.
ai-platform/web/simplebeacon-dashboard/js-es2018/components/DownloadCredentialsModal.js(21,20): error TS2584: Cannot find name 'document'. Do you need to change your target library? Try changing the 'lib' compiler option to include 'dom'.
ai-platform/web/simplebeacon-dashboard/js-es2018/components/DownloadCredentialsModal.js(23,21): error TS2584: Cannot find name 'document'. Do you need to change your target library? Try changing the 'lib' compiler option to include 'dom'.
ai-platform/web/simplebeacon-dashboard/js-es2018/components/DownloadCredentialsModal.js(26,18): error TS2584: Cannot find name 'document'. Do you need to change your target library? Try changing the 'lib' compiler option to include 'dom'.
ai-platform/web/simplebeacon-dashboard/js-es2018/components/DownloadCredentialsModal.js(31,18): error TS2584: Cannot find name 'document'. Do you need to change your target library? Try changing the 'lib' compiler option to include 'dom'.
ai-platform/web/simplebeacon-dashboard/js-es2018/components/DownloadCredentialsModal.js(41,21): error TS2584: Cannot find name 'document'. Do you need to change your target library? Try changing the 'lib' compiler option to include 'dom'.
ai-platform/web/simplebeacon-dashboard/js-es2018/components/DownloadCredentialsModal.js(45,21): error TS2584: Cannot find name 'document'. Do you need to change your target library? Try changing the 'lib' compiler option to include 'dom'.
ai-platform/web/simplebeacon-dashboard/js-es2018/components/DownloadCredentialsModal.js(57,20): error TS2584: Cannot find name 'document'. Do you need to change your target library? Try changing the 'lib' compiler option to include 'dom'.
ai-platform/web/simplebeacon-dashboard/js-es2018/components/DownloadCredentialsModal.js(62,23): error TS2584: Cannot find name 'document'. Do you need to change your target library? Try changing the 'lib' compiler option to include 'dom'.
ai-platform/web/simplebeacon-dashboard/js-es2018/components/DownloadCredentialsModal.js(67,23): error TS2584: Cannot find name 'document'. Do you need to change your target library? Try changing the 'lib' compiler option to include 'dom'.
ai-platform/web/simplebeacon-dashboard/js-es2018/components/DownloadCredentialsModal.js(78,5): error TS2584: Cannot find name 'document'. Do you need to change your target library? Try changing the 'lib' compiler option to include 'dom'.
ai-platform/web/simplebeacon-dashboard/js-es2018/components/IssueCard.js(9,18): error TS2584: Cannot find name 'document'. Do you need to change your target library? Try changing the 'lib' compiler option to include 'dom'.
ai-platform/web/simplebeacon-dashboard/js-es2018/components/IssueCard.js(15,18): error TS2584: Cannot find name 'document'. Do you need to change your target library? Try changing the 'lib' compiler option to include 'dom'.
ai-platform/web/simplebeacon-dashboard/js-es2018/components/IssueCard.js(18,21): error TS2584: Cannot find name 'document'. Do you need to change your target library? Try changing the 'lib' compiler option to include 'dom'.
ai-platform/web/simplebeacon-dashboard/js-es2018/components/IssueCard.js(20,19): error TS2584: Cannot find name 'document'. Do you need to change your target library? Try changing the 'lib' compiler option to include 'dom'.
ai-platform/web/simplebeacon-dashboard/js-es2018/components/IssueCard.js(23,19): error TS2584: Cannot find name 'document'. Do you need to change your target library? Try changing the 'lib' compiler option to include 'dom'.
ai-platform/web/simplebeacon-dashboard/js-es2018/components/IssueCard.js(28,22): error TS2584: Cannot find name 'document'. Do you need to change your target library? Try changing the 'lib' compiler option to include 'dom'.
ai-platform/web/simplebeacon-dashboard/js-es2018/components/IssueCard.js(43,21): error TS2584: Cannot find name 'document'. Do you need to change your target library? Try changing the 'lib' compiler option to include 'dom'.
ai-platform/web/simplebeacon-dashboard/js-es2018/components/LoginModal.js(9,22): error TS2584: Cannot find name 'document'. Do you need to change your target library? Try changing the 'lib' compiler option to include 'dom'.
ai-platform/web/simplebeacon-dashboard/js-es2018/components/LoginModal.js(11,21): error TS2584: Cannot find name 'document'. Do you need to change your target library? Try changing the 'lib' compiler option to include 'dom'.
ai-platform/web/simplebeacon-dashboard/js-es2018/components/LoginModal.js(14,19): error TS2584: Cannot find name 'document'. Do you need to change your target library? Try changing the 'lib' compiler option to include 'dom'.
ai-platform/web/simplebeacon-dashboard/js-es2018/components/LoginModal.js(18,20): error TS2584: Cannot find name 'document'. Do you need to change your target library? Try changing the 'lib' compiler option to include 'dom'.
ai-platform/web/simplebeacon-dashboard/js-es2018/components/LoginModal.js(20,19): error TS2584: Cannot find name 'document'. Do you need to change your target library? Try changing the 'lib' compiler option to include 'dom'.
ai-platform/web/simplebeacon-dashboard/js-es2018/components/LoginModal.js(23,18): error TS2584: Cannot find name 'document'. Do you need to change your target library? Try changing the 'lib' compiler option to include 'dom'.
ai-platform/web/simplebeacon-dashboard/js-es2018/components/LoginModal.js(28,18): error TS2584: Cannot find name 'document'. Do you need to change your target library? Try changing the 'lib' compiler option to include 'dom'.
ai-platform/web/simplebeacon-dashboard/js-es2018/components/LoginModal.js(31,19): error TS2584: Cannot find name 'document'. Do you need to change your target library? Try changing the 'lib' compiler option to include 'dom'.
ai-platform/web/simplebeacon-dashboard/js-es2018/components/LoginModal.js(35,19): error TS2584: Cannot find name 'document'. Do you need to change your target library? Try changing the 'lib' compiler option to include 'dom'.
ai-platform/web/simplebeacon-dashboard/js-es2018/components/LoginModal.js(43,27): error TS2584: Cannot find name 'document'. Do you need to change your target library? Try changing the 'lib' compiler option to include 'dom'.
ai-platform/web/simplebeacon-dashboard/js-es2018/components/LoginModal.js(47,27): error TS2584: Cannot find name 'document'. Do you need to change your target library? Try changing the 'lib' compiler option to include 'dom'.
ai-platform/web/simplebeacon-dashboard/js-es2018/components/LoginModal.js(53,19): error TS2584: Cannot find name 'document'. Do you need to change your target library? Try changing the 'lib' compiler option to include 'dom'.
ai-platform/web/simplebeacon-dashboard/js-es2018/components/LoginModal.js(58,23): error TS2584: Cannot find name 'document'. Do you need to change your target library? Try changing the 'lib' compiler option to include 'dom'.
ai-platform/web/simplebeacon-dashboard/js-es2018/components/LoginModal.js(63,25): error TS2584: Cannot find name 'document'. Do you need to change your target library? Try changing the 'lib' compiler option to include 'dom'.
ai-platform/web/simplebeacon-dashboard/js-es2018/components/LoginModal.js(79,5): error TS2584: Cannot find name 'document'. Do you need to change your target library? Try changing the 'lib' compiler option to include 'dom'.
ai-platform/web/simplebeacon-dashboard/js-es2018/components/LoginModal.js(96,20): error TS2339: Property 'location' does not exist on type 'typeof window'.
ai-platform/web/simplebeacon-dashboard/js-es2018/components/LoginModal.js(137,30): error TS2584: Cannot find name 'document'. Do you need to change your target library? Try changing the 'lib' compiler option to include 'dom'.
ai-platform/web/simplebeacon-dashboard/js-es2018/components/LoginModal.js(139,28): error TS2584: Cannot find name 'document'. Do you need to change your target library? Try changing the 'lib' compiler option to include 'dom'.
ai-platform/web/simplebeacon-dashboard/js-es2018/components/LoginModal.js(145,28): error TS2584: Cannot find name 'document'. Do you need to change your target library? Try changing the 'lib' compiler option to include 'dom'.
ai-platform/web/simplebeacon-dashboard/js-es2018/components/LoginModal.js(152,23): error TS2584: Cannot find name 'document'. Do you need to change your target library? Try changing the 'lib' compiler option to include 'dom'.
ai-platform/web/simplebeacon-dashboard/js-es2018/components/LoginModal.js(158,28): error TS2584: Cannot find name 'document'. Do you need to change your target library? Try changing the 'lib' compiler option to include 'dom'.
ai-platform/web/simplebeacon-dashboard/js-es2018/components/LoginModal.js(164,25): error TS2584: Cannot find name 'document'. Do you need to change your target library? Try changing the 'lib' compiler option to include 'dom'.
ai-platform/web/simplebeacon-dashboard/js-es2018/components/LoginModal.js(171,25): error TS2584: Cannot find name 'document'. Do you need to change your target library? Try changing the 'lib' compiler option to include 'dom'.
ai-platform/web/simplebeacon-dashboard/js-es2018/components/Onboarding.js(21,21): error TS2584: Cannot find name 'document'. Do you need to change your target library? Try changing the 'lib' compiler option to include 'dom'.
ai-platform/web/simplebeacon-dashboard/js-es2018/components/Onboarding.js(24,19): error TS2584: Cannot find name 'document'. Do you need to change your target library? Try changing the 'lib' compiler option to include 'dom'.
ai-platform/web/simplebeacon-dashboard/js-es2018/components/Onboarding.js(28,19): error TS2584: Cannot find name 'document'. Do you need to change your target library? Try changing the 'lib' compiler option to include 'dom'.
ai-platform/web/simplebeacon-dashboard/js-es2018/components/Onboarding.js(31,18): error TS2584: Cannot find name 'document'. Do you need to change your target library? Try changing the 'lib' compiler option to include 'dom'.
ai-platform/web/simplebeacon-dashboard/js-es2018/components/Onboarding.js(33,18): error TS2584: Cannot find name 'document'. Do you need to change your target library? Try changing the 'lib' compiler option to include 'dom'.
ai-platform/web/simplebeacon-dashboard/js-es2018/components/Onboarding.js(41,20): error TS2584: Cannot find name 'document'. Do you need to change your target library? Try changing the 'lib' compiler option to include 'dom'.
ai-platform/web/simplebeacon-dashboard/js-es2018/components/Onboarding.js(45,21): error TS2584: Cannot find name 'document'. Do you need to change your target library? Try changing the 'lib' compiler option to include 'dom'.
ai-platform/web/simplebeacon-dashboard/js-es2018/components/Onboarding.js(47,22): error TS2584: Cannot find name 'document'. Do you need to change your target library? Try changing the 'lib' compiler option to include 'dom'.
ai-platform/web/simplebeacon-dashboard/js-es2018/components/Onboarding.js(51,24): error TS2584: Cannot find name 'document'. Do you need to change your target library? Try changing the 'lib' compiler option to include 'dom'.
ai-platform/web/simplebeacon-dashboard/js-es2018/components/Onboarding.js(68,17): error TS8024: JSDoc '@param' tag has name 'onDismiss', but there is no parameter with that name.
ai-platform/web/simplebeacon-dashboard/js-es2018/components/PathHealthDashboard.js(9,23): error TS2584: Cannot find name 'document'. Do you need to change your target library? Try changing the 'lib' compiler option to include 'dom'.
ai-platform/web/simplebeacon-dashboard/js-es2018/components/PathHealthDashboard.js(12,20): error TS2584: Cannot find name 'document'. Do you need to change your target library? Try changing the 'lib' compiler option to include 'dom'.
ai-platform/web/simplebeacon-dashboard/js-es2018/components/PathHealthDashboard.js(14,18): error TS2584: Cannot find name 'document'. Do you need to change your target library? Try changing the 'lib' compiler option to include 'dom'.
ai-platform/web/simplebeacon-dashboard/js-es2018/components/PathHealthDashboard.js(16,19): error TS2584: Cannot find name 'document'. Do you need to change your target library? Try changing the 'lib' compiler option to include 'dom'.
ai-platform/web/simplebeacon-dashboard/js-es2018/components/PathHealthDashboard.js(19,24): error TS2584: Cannot find name 'document'. Do you need to change your target library? Try changing the 'lib' compiler option to include 'dom'.
ai-platform/web/simplebeacon-dashboard/js-es2018/components/PathHealthDashboard.js(26,18): error TS2584: Cannot find name 'document'. Do you need to change your target library? Try changing the 'lib' compiler option to include 'dom'.
ai-platform/web/simplebeacon-dashboard/js-es2018/components/PathHealthDashboard.js(32,18): error TS2584: Cannot find name 'document'. Do you need to change your target library? Try changing the 'lib' compiler option to include 'dom'.
ai-platform/web/simplebeacon-dashboard/js-es2018/components/PathHealthDashboard.js(34,21): error TS2584: Cannot find name 'document'. Do you need to change your target library? Try changing the 'lib' compiler option to include 'dom'.
ai-platform/web/simplebeacon-dashboard/js-es2018/components/PathHealthDashboard.js(36,21): error TS2584: Cannot find name 'document'. Do you need to change your target library? Try changing the 'lib' compiler option to include 'dom'.
ai-platform/web/simplebeacon-dashboard/js-es2018/components/PathHealthDashboard.js(70,14): error TS1064: The return type of an async function or method must be the global Promise<T> type. Did you mean to write 'Promise<any>'?
ai-platform/web/simplebeacon-dashboard/js-es2018/components/QuickActions.js(4,20): error TS8024: JSDoc '@param' tag has name '_onExport', but there is no parameter with that name.
ai-platform/web/simplebeacon-dashboard/js-es2018/components/QuickActions.js(5,17): error TS8024: JSDoc '@param' tag has name '_onLegacy', but there is no parameter with that name.
ai-platform/web/simplebeacon-dashboard/js-es2018/components/QuickActions.js(41,131): error TS2339: Property 'onRunScan' does not exist on type 'any[]'.
ai-platform/web/simplebeacon-dashboard/js-es2018/components/QuickActions.js(42,129): error TS2339: Property 'onExport' does not exist on type 'any[]'.
ai-platform/web/simplebeacon-dashboard/js-es2018/components/QuickActions.js(43,130): error TS2339: Property 'onSendAi' does not exist on type 'any[]'.
ai-platform/web/simplebeacon-dashboard/js-es2018/components/QuickActions.js(44,129): error TS2339: Property 'onLegacy' does not exist on type 'any[]'.
ai-platform/web/simplebeacon-dashboard/js-es2018/components/ScanPaywall.js(58,76): error TS2339: Property 'publicSummary' does not exist on type 'string'.
ai-platform/web/simplebeacon-dashboard/js-es2018/components/ScanPaywall.js(59,27): error TS2339: Property 'publicSummary' does not exist on type 'string'.
ai-platform/web/simplebeacon-dashboard/js-es2018/components/ScanPaywall.js(60,106): error TS2339: Property 'steps' does not exist on type 'string'.
ai-platform/web/simplebeacon-dashboard/js-es2018/components/ScanPaywall.js(61,80): error TS2339: Property 'report' does not exist on type 'string'.
ai-platform/web/simplebeacon-dashboard/js-es2018/components/ScanPaywall.js(62,102): error TS2339: Property 'steps' does not exist on type 'string'.
ai-platform/web/simplebeacon-dashboard/js-es2018/components/ScanPaywall.js(63,80): error TS2339: Property 'scan' does not exist on type 'string'.
ai-platform/web/simplebeacon-dashboard/js-es2018/components/ScanPaywall.js(99,83): error TS2339: Property 'hasAuditDeliverableAccess' does not exist on type 'any[]'.
ai-platform/web/simplebeacon-dashboard/js-es2018/components/ScanPaywall.js(99,187): error TS2339: Property 'bypass' does not exist on type 'any[]'.
ai-platform/web/simplebeacon-dashboard/js-es2018/components/ScanPaywall.js(101,82): error TS2339: Property 'publicGateLocked' does not exist on type 'any[]'.
ai-platform/web/simplebeacon-dashboard/js-es2018/components/ScanPaywall.js(103,87): error TS2339: Property 'publicGateLocked' does not exist on type 'string'.
ai-platform/web/simplebeacon-dashboard/js-es2018/components/ScanStatus.js(2,86): error TS2307: Cannot find module '../services/analyzeService.js?v=20260710inventory1' or its corresponding type declarations.
ai-platform/web/simplebeacon-dashboard/js-es2018/components/ScanStatus.js(4,113): error TS2307: Cannot find module '../services/localAgentService.js?v=20260710agentcache3' or its corresponding type declarations.
ai-platform/web/simplebeacon-dashboard/js-es2018/components/ScanStatus.js(5,78): error TS2307: Cannot find module '../services/browserSandboxScanService.js?v=20260711entropy1' or its corresponding type declarations.
ai-platform/web/simplebeacon-dashboard/js-es2018/components/ScanStatus.js(13,87): error TS2339: Property 'projectRoot' does not exist on type 'number'.
ai-platform/web/simplebeacon-dashboard/js-es2018/components/ScanStatus.js(13,159): error TS2339: Property 'platformRoot' does not exist on type 'number'.
ai-platform/web/simplebeacon-dashboard/js-es2018/components/ScanStatus.js(30,51): error TS2339: Property 'lastProjectPath' does not exist on type '{}'.
ai-platform/web/simplebeacon-dashboard/js-es2018/components/ScanStatus.js(37,14): error TS1064: The return type of an async function or method must be the global Promise<T> type. Did you mean to write 'Promise<any>'?
ai-platform/web/simplebeacon-dashboard/js-es2018/components/ScanStatus.js(65,34): error TS2584: Cannot find name 'document'. Do you need to change your target library? Try changing the 'lib' compiler option to include 'dom'.
ai-platform/web/simplebeacon-dashboard/js-es2018/components/ScanStatus.js(71,35): error TS2584: Cannot find name 'document'. Do you need to change your target library? Try changing the 'lib' compiler option to include 'dom'.
ai-platform/web/simplebeacon-dashboard/js-es2018/components/ScanStatus.js(92,35): error TS2584: Cannot find name 'document'. Do you need to change your target library? Try changing the 'lib' compiler option to include 'dom'.
ai-platform/web/simplebeacon-dashboard/js-es2018/components/ScanStatus.js(107,108): error TS2339: Property 'location' does not exist on type 'typeof window'.
ai-platform/web/simplebeacon-dashboard/js-es2018/components/ScanStatus.js(109,200): error TS2554: Expected 0-2 arguments, but got 3.
ai-platform/web/simplebeacon-dashboard/js-es2018/components/ScanStatus.js(110,27): error TS2584: Cannot find name 'document'. Do you need to change your target library? Try changing the 'lib' compiler option to include 'dom'.
ai-platform/web/simplebeacon-dashboard/js-es2018/components/ScanStatus.js(119,23): error TS2584: Cannot find name 'document'. Do you need to change your target library? Try changing the 'lib' compiler option to include 'dom'.
ai-platform/web/simplebeacon-dashboard/js-es2018/components/ScanStatus.js(121,25): error TS2584: Cannot find name 'document'. Do you need to change your target library? Try changing the 'lib' compiler option to include 'dom'.
ai-platform/web/simplebeacon-dashboard/js-es2018/components/ScanStatus.js(133,22): error TS2584: Cannot find name 'document'. Do you need to change your target library? Try changing the 'lib' compiler option to include 'dom'.
ai-platform/web/simplebeacon-dashboard/js-es2018/components/ScanStatus.js(134,23): error TS2584: Cannot find name 'document'. Do you need to change your target library? Try changing the 'lib' compiler option to include 'dom'.
ai-platform/web/simplebeacon-dashboard/js-es2018/components/ScanStatus.js(171,21): error TS2339: Property 'location' does not exist on type 'typeof window'.
ai-platform/web/simplebeacon-dashboard/js-es2018/components/ScanStatus.js(174,61): error TS2339: Property 'simplebeaconApp' does not exist on type 'typeof window'.
ai-platform/web/simplebeacon-dashboard/js-es2018/components/ScanStatus.js(174,94): error TS2339: Property 'simplebeaconApp' does not exist on type 'typeof window'.
ai-platform/web/simplebeacon-dashboard/js-es2018/components/ScanStatus.js(175,28): error TS2339: Property 'simplebeaconApp' does not exist on type 'typeof window'.
ai-platform/web/simplebeacon-dashboard/js-es2018/components/ScanStatus.js(178,28): error TS2339: Property 'location' does not exist on type 'typeof window'.
ai-platform/web/simplebeacon-dashboard/js-es2018/components/ScanStatus.js(237,149): error TS2339: Property 'scanPaths' does not exist on type 'number'.
ai-platform/web/simplebeacon-dashboard/js-es2018/components/ScanStatus.js(331,74): error TS2339: Property 'gate' does not exist on type 'number'.
ai-platform/web/simplebeacon-dashboard/js-es2018/components/ScanStatus.js(343,113): error TS2339: Property 'generatedAt' does not exist on type 'number'.
ai-platform/web/simplebeacon-dashboard/js-es2018/components/ScanStatus.js(343,144): error TS2339: Property 'generatedAt' does not exist on type 'number'.
ai-platform/web/simplebeacon-dashboard/js-es2018/components/ScanStatus.js(405,29): error TS2584: Cannot find name 'document'. Do you need to change your target library? Try changing the 'lib' compiler option to include 'dom'.
ai-platform/web/simplebeacon-dashboard/js-es2018/components/ScanStatus.js(436,29): error TS2584: Cannot find name 'document'. Do you need to change your target library? Try changing the 'lib' compiler option to include 'dom'.
ai-platform/web/simplebeacon-dashboard/js-es2018/components/ScanStatus.js(477,16): error TS2304: Cannot find name 'DragEvent'.
ai-platform/web/simplebeacon-dashboard/js-es2018/components/ScanStatus.js(548,16): error TS2304: Cannot find name 'FileSystemDirectoryEntry'.
ai-platform/web/simplebeacon-dashboard/js-es2018/components/ScanStatus.js(624,16): error TS2304: Cannot find name 'HTMLInputElement'.
ai-platform/web/simplebeacon-dashboard/js-es2018/components/ScanStatus.js(639,17): error TS1313: The body of an 'if' statement cannot be the empty statement.
ai-platform/web/simplebeacon-dashboard/js-es2018/components/ScanStatus.js(684,31): error TS2584: Cannot find name 'document'. Do you need to change your target library? Try changing the 'lib' compiler option to include 'dom'.
ai-platform/web/simplebeacon-dashboard/js-es2018/components/ScanStatus.js(686,33): error TS2584: Cannot find name 'document'. Do you need to change your target library? Try changing the 'lib' compiler option to include 'dom'.
ai-platform/web/simplebeacon-dashboard/js-es2018/components/ScanStatus.js(706,23): error TS2584: Cannot find name 'document'. Do you need to change your target library? Try changing the 'lib' compiler option to include 'dom'.
ai-platform/web/simplebeacon-dashboard/js-es2018/components/ScanStatus.js(708,25): error TS2584: Cannot find name 'document'. Do you need to change your target library? Try changing the 'lib' compiler option to include 'dom'.
ai-platform/web/simplebeacon-dashboard/js-es2018/components/ScanStatus.js(720,30): error TS2339: Property 'process' does not exist on type 'typeof window'.
ai-platform/web/simplebeacon-dashboard/js-es2018/components/ScanStatus.js(725,20): error TS2339: Property 'showDirectoryPicker' does not exist on type 'typeof window'.
ai-platform/web/simplebeacon-dashboard/js-es2018/components/ScanStatus.js(727,48): error TS2339: Property 'showDirectoryPicker' does not exist on type 'typeof window'.
ai-platform/web/simplebeacon-dashboard/js-es2018/components/ScanStatus.js(736,31): error TS2584: Cannot find name 'document'. Do you need to change your target library? Try changing the 'lib' compiler option to include 'dom'.
ai-platform/web/simplebeacon-dashboard/js-es2018/components/ScanStatus.js(738,33): error TS2584: Cannot find name 'document'. Do you need to change your target library? Try changing the 'lib' compiler option to include 'dom'.
ai-platform/web/simplebeacon-dashboard/js-es2018/components/ScanStatus.js(899,32): error TS2584: Cannot find name 'document'. Do you need to change your target library? Try changing the 'lib' compiler option to include 'dom'.
ai-platform/web/simplebeacon-dashboard/js-es2018/components/ScanStatus.js(903,13): error TS2584: Cannot find name 'document'. Do you need to change your target library? Try changing the 'lib' compiler option to include 'dom'.
ai-platform/web/simplebeacon-dashboard/js-es2018/components/ScanStatus.js(955,16): error TS2339: Property 'setInterval' does not exist on type 'typeof window'.
ai-platform/web/simplebeacon-dashboard/js-es2018/components/TrendChart.js(11,28): error TS2339: Property 'devicePixelRatio' does not exist on type 'typeof window'.
ai-platform/web/simplebeacon-dashboard/js-es2018/components/TrendChart.js(21,24): error TS2304: Cannot find name 'getComputedStyle'.
ai-platform/web/simplebeacon-dashboard/js-es2018/components/TrendChart.js(21,41): error TS2584: Cannot find name 'document'. Do you need to change your target library? Try changing the 'lib' compiler option to include 'dom'.
ai-platform/web/simplebeacon-dashboard/js-es2018/components/TrendChart.js(141,12): error TS2339: Property 'addEventListener' does not exist on type 'typeof window'.
ai-platform/web/simplebeacon-dashboard/js-es2018/components/TrendChart.js(142,25): error TS2339: Property 'removeEventListener' does not exist on type 'typeof window'.
ai-platform/web/simplebeacon-dashboard/js-es2018/components/UpgradeModal.js(9,21): error TS2584: Cannot find name 'document'. Do you need to change your target library? Try changing the 'lib' compiler option to include 'dom'.
ai-platform/web/simplebeacon-dashboard/js-es2018/components/UpgradeModal.js(12,19): error TS2584: Cannot find name 'document'. Do you need to change your target library? Try changing the 'lib' compiler option to include 'dom'.
ai-platform/web/simplebeacon-dashboard/js-es2018/components/UpgradeModal.js(16,20): error TS2584: Cannot find name 'document'. Do you need to change your target library? Try changing the 'lib' compiler option to include 'dom'.
ai-platform/web/simplebeacon-dashboard/js-es2018/components/UpgradeModal.js(18,19): error TS2584: Cannot find name 'document'. Do you need to change your target library? Try changing the 'lib' compiler option to include 'dom'.
ai-platform/web/simplebeacon-dashboard/js-es2018/components/UpgradeModal.js(22,22): error TS2584: Cannot find name 'document'. Do you need to change your target library? Try changing the 'lib' compiler option to include 'dom'.
ai-platform/web/simplebeacon-dashboard/js-es2018/components/UpgradeModal.js(29,18): error TS2584: Cannot find name 'document'. Do you need to change your target library? Try changing the 'lib' compiler option to include 'dom'.
ai-platform/web/simplebeacon-dashboard/js-es2018/components/UpgradeModal.js(32,26): error TS2584: Cannot find name 'document'. Do you need to change your target library? Try changing the 'lib' compiler option to include 'dom'.
ai-platform/web/simplebeacon-dashboard/js-es2018/components/UpgradeModal.js(35,19): error TS2584: Cannot find name 'document'. Do you need to change your target library? Try changing the 'lib' compiler option to include 'dom'.
ai-platform/web/simplebeacon-dashboard/js-es2018/components/UpgradeModal.js(37,19): error TS2584: Cannot find name 'document'. Do you need to change your target library? Try changing the 'lib' compiler option to include 'dom'.
ai-platform/web/simplebeacon-dashboard/js-es2018/components/UpgradeModal.js(41,21): error TS2584: Cannot find name 'document'. Do you need to change your target library? Try changing the 'lib' compiler option to include 'dom'.
ai-platform/web/simplebeacon-dashboard/js-es2018/components/UpgradeModal.js(43,24): error TS2584: Cannot find name 'document'. Do you need to change your target library? Try changing the 'lib' compiler option to include 'dom'.
ai-platform/web/simplebeacon-dashboard/js-es2018/components/UpgradeModal.js(47,24): error TS2584: Cannot find name 'document'. Do you need to change your target library? Try changing the 'lib' compiler option to include 'dom'.
ai-platform/web/simplebeacon-dashboard/js-es2018/components/UpgradeModal.js(53,22): error TS2584: Cannot find name 'document'. Do you need to change your target library? Try changing the 'lib' compiler option to include 'dom'.
ai-platform/web/simplebeacon-dashboard/js-es2018/components/UpgradeModal.js(73,16): error TS2339: Property 'location' does not exist on type 'typeof window'.
ai-platform/web/simplebeacon-dashboard/js-es2018/components/UpgradeModal.js(87,22): error TS2584: Cannot find name 'document'. Do you need to change your target library? Try changing the 'lib' compiler option to include 'dom'.
ai-platform/web/simplebeacon-dashboard/js-es2018/components/UpgradeModal.js(91,5): error TS2584: Cannot find name 'document'. Do you need to change your target library? Try changing the 'lib' compiler option to include 'dom'.
ai-platform/web/simplebeacon-dashboard/js-es2018/components/ZscriptReport.js(10,97): error TS2339: Property 'report' does not exist on type 'number'.
ai-platform/web/simplebeacon-dashboard/js-es2018/components/ZscriptReport.js(97,97): error TS2339: Property 'report' does not exist on type 'number'.
ai-platform/web/simplebeacon-dashboard/js-es2018/config.js(5,54): error TS2339: Property '__SIMPLEBEACON_ENV__' does not exist on type 'typeof window'.
ai-platform/web/simplebeacon-dashboard/js-es2018/controllers/billingLanding.js(12,51): error TS2339: Property 'location' does not exist on type 'typeof window'.
ai-platform/web/simplebeacon-dashboard/js-es2018/controllers/billingLanding.js(13,56): error TS2339: Property 'location' does not exist on type 'typeof window'.
ai-platform/web/simplebeacon-dashboard/js-es2018/controllers/billingLanding.js(32,119): error TS2339: Property 'location' does not exist on type 'typeof window'.
ai-platform/web/simplebeacon-dashboard/js-es2018/demoMode.js(14,25): error TS2339: Property 'location' does not exist on type 'typeof window'.
ai-platform/web/simplebeacon-dashboard/js-es2018/demoMode.js(22,25): error TS2339: Property 'location' does not exist on type 'typeof window'.
ai-platform/web/simplebeacon-dashboard/js-es2018/demoMode.js(27,25): error TS2339: Property 'location' does not exist on type 'typeof window'.
ai-platform/web/simplebeacon-dashboard/js-es2018/lib/analyzePathAllowlist.js(1,61): error TS2307: Cannot find module '../services/analyzeService.js?v=20260710inventory1' or its corresponding type declarations.
ai-platform/web/simplebeacon-dashboard/js-es2018/lib/analyzePathAllowlist.js(49,14): error TS1064: The return type of an async function or method must be the global Promise<T> type. Did you mean to write 'Promise<any>'?
ai-platform/web/simplebeacon-dashboard/js-es2018/lib/analyzePathAllowlist.js(75,14): error TS1064: The return type of an async function or method must be the global Promise<T> type. Did you mean to write 'Promise<any>'?
ai-platform/web/simplebeacon-dashboard/js-es2018/lib/analyzePathAllowlist.js(124,14): error TS1064: The return type of an async function or method must be the global Promise<T> type. Did you mean to write 'Promise<any>'?
ai-platform/web/simplebeacon-dashboard/js-es2018/lib/analyzePathSuggestions.js(5,38): error TS2307: Cannot find module '../services/analyzeService.js?v=20260710inventory1' or its corresponding type declarations.
ai-platform/web/simplebeacon-dashboard/js-es2018/lib/analyzePathSuggestions.js(145,22): error TS2584: Cannot find name 'document'. Do you need to change your target library? Try changing the 'lib' compiler option to include 'dom'.
ai-platform/web/simplebeacon-dashboard/js-es2018/lib/analyzePathSuggestions.js(149,21): error TS2584: Cannot find name 'document'. Do you need to change your target library? Try changing the 'lib' compiler option to include 'dom'.
ai-platform/web/simplebeacon-dashboard/js-es2018/lib/pageRepoScan.js(2,81): error TS2307: Cannot find module '../services/analyzeService.js?v=20260710inventory1' or its corresponding type declarations.
ai-platform/web/simplebeacon-dashboard/js-es2018/lib/pageRepoScan.js(59,77): error TS2584: Cannot find name 'document'. Do you need to change your target library? Try changing the 'lib' compiler option to include 'dom'.
ai-platform/web/simplebeacon-dashboard/js-es2018/lib/pageRepoScan.js(152,81): error TS2584: Cannot find name 'document'. Do you need to change your target library? Try changing the 'lib' compiler option to include 'dom'.
ai-platform/web/simplebeacon-dashboard/js-es2018/lib/pageRepoScan.js(210,66): error TS2339: Property 'projectRoot' does not exist on type 'number'.
ai-platform/web/simplebeacon-dashboard/js-es2018/lib/pageRepoScan.js(212,43): error TS2339: Property 'projectRoot' does not exist on type 'number'.
ai-platform/web/simplebeacon-dashboard/js-es2018/lib/pageRepoScan.js(271,73): error TS2345: Argument of type '{ projectRoot: any; }' is not assignable to parameter of type 'number'.
ai-platform/web/simplebeacon-dashboard/js-es2018/lib/recoverable-fetch.js(24,14): error TS1064: The return type of an async function or method must be the global Promise<T> type. Did you mean to write 'Promise<any>'?
ai-platform/web/simplebeacon-dashboard/js-es2018/lib/recoverable-fetch.js(40,14): error TS1064: The return type of an async function or method must be the global Promise<T> type. Did you mean to write 'Promise<any>'?
ai-platform/web/simplebeacon-dashboard/js-es2018/main.js(1,29): error TS2307: Cannot find module './services/scanService.js?v=20260711dedup2' or its corresponding type declarations.
ai-platform/web/simplebeacon-dashboard/js-es2018/main.js(2,33): error TS2307: Cannot find module './services/platformService.js?v=20260525jsonguard1' or its corresponding type declarations.
ai-platform/web/simplebeacon-dashboard/js-es2018/main.js(3,32): error TS2307: Cannot find module './services/billingService.js?v=20260525jsonfixbilling1' or its corresponding type declarations.
ai-platform/web/simplebeacon-dashboard/js-es2018/main.js(4,38): error TS2307: Cannot find module './services/authService.js?v=20260711admin1' or its corresponding type declarations.
ai-platform/web/simplebeacon-dashboard/js-es2018/main.js(7,27): error TS2307: Cannot find module './views/TrustView.js?v=20260711admin1' or its corresponding type declarations.
ai-platform/web/simplebeacon-dashboard/js-es2018/main.js(8,38): error TS2307: Cannot find module './views/RepositoryHealthView.js?v=20260711admin1' or its corresponding type declarations.
ai-platform/web/simplebeacon-dashboard/js-es2018/main.js(9,31): error TS2307: Cannot find module './views/DashboardView.js?v=20260711admin1' or its corresponding type declarations.
ai-platform/web/simplebeacon-dashboard/js-es2018/main.js(10,29): error TS2307: Cannot find module './views/ResultsView.js?v=20260711admin1' or its corresponding type declarations.
ai-platform/web/simplebeacon-dashboard/js-es2018/main.js(11,30): error TS2307: Cannot find module './views/SettingsView.js?v=20260709ollama3' or its corresponding type declarations.
ai-platform/web/simplebeacon-dashboard/js-es2018/main.js(13,30): error TS2307: Cannot find module './views/PlatformView.js?v=20260601platformmetrics1' or its corresponding type declarations.
ai-platform/web/simplebeacon-dashboard/js-es2018/main.js(14,29): error TS2307: Cannot find module './views/QualityView.js?v=20260711admin1' or its corresponding type declarations.
ai-platform/web/simplebeacon-dashboard/js-es2018/main.js(16,27): error TS2307: Cannot find module './views/AuditView.js?v=20260711admin1' or its corresponding type declarations.
ai-platform/web/simplebeacon-dashboard/js-es2018/main.js(17,29): error TS2307: Cannot find module './views/AnalyzeView.js?v=20260711admin1' or its corresponding type declarations.
ai-platform/web/simplebeacon-dashboard/js-es2018/main.js(18,30): error TS2307: Cannot find module './views/SecurityView.js?v=20260711admin1' or its corresponding type declarations.
ai-platform/web/simplebeacon-dashboard/js-es2018/main.js(21,32): error TS2307: Cannot find module './views/AssessmentView.js?v=20260711admin1' or its corresponding type declarations.
ai-platform/web/simplebeacon-dashboard/js-es2018/main.js(22,28): error TS2307: Cannot find module './views/SignInView.js?v=20260711signinfix1' or its corresponding type declarations.
ai-platform/web/simplebeacon-dashboard/js-es2018/main.js(23,29): error TS2307: Cannot find module './views/ChatbotView.js?v=20260711singleflow11' or its corresponding type declarations.
ai-platform/web/simplebeacon-dashboard/js-es2018/main.js(27,32): error TS2307: Cannot find module './views/AdminPanelView.js?v=20260709adminpanel1' or its corresponding type declarations.
ai-platform/web/simplebeacon-dashboard/js-es2018/main.js(31,32): error TS2307: Cannot find module './components/LoginModal.js?v=20260609token4' or its corresponding type declarations.
ai-platform/web/simplebeacon-dashboard/js-es2018/main.js(34,39): error TS2307: Cannot find module './services/analyzeService.js?v=20260710inventory1' or its corresponding type declarations.
ai-platform/web/simplebeacon-dashboard/js-es2018/main.js(45,38): error TS2339: Property 'SIMPLEBEACON_VAULT_PASSWORD' does not exist on type 'typeof window'.
ai-platform/web/simplebeacon-dashboard/js-es2018/main.js(167,16): error TS2339: Property 'addEventListener' does not exist on type 'typeof window'.
ai-platform/web/simplebeacon-dashboard/js-es2018/main.js(170,20): error TS2339: Property 'location' does not exist on type 'typeof window'.
ai-platform/web/simplebeacon-dashboard/js-es2018/main.js(173,13): error TS2584: Cannot find name 'document'. Do you need to change your target library? Try changing the 'lib' compiler option to include 'dom'.
ai-platform/web/simplebeacon-dashboard/js-es2018/main.js(194,13): error TS2584: Cannot find name 'document'. Do you need to change your target library? Try changing the 'lib' compiler option to include 'dom'.
ai-platform/web/simplebeacon-dashboard/js-es2018/main.js(196,21): error TS2584: Cannot find name 'document'. Do you need to change your target library? Try changing the 'lib' compiler option to include 'dom'.
ai-platform/web/simplebeacon-dashboard/js-es2018/main.js(199,22): error TS2584: Cannot find name 'document'. Do you need to change your target library? Try changing the 'lib' compiler option to include 'dom'.
ai-platform/web/simplebeacon-dashboard/js-es2018/main.js(202,19): error TS2584: Cannot find name 'document'. Do you need to change your target library? Try changing the 'lib' compiler option to include 'dom'.
ai-platform/web/simplebeacon-dashboard/js-es2018/main.js(210,9): error TS2584: Cannot find name 'document'. Do you need to change your target library? Try changing the 'lib' compiler option to include 'dom'.
ai-platform/web/simplebeacon-dashboard/js-es2018/main.js(213,13): error TS2584: Cannot find name 'document'. Do you need to change your target library? Try changing the 'lib' compiler option to include 'dom'.
ai-platform/web/simplebeacon-dashboard/js-es2018/main.js(215,21): error TS2584: Cannot find name 'document'. Do you need to change your target library? Try changing the 'lib' compiler option to include 'dom'.
ai-platform/web/simplebeacon-dashboard/js-es2018/main.js(220,22): error TS2584: Cannot find name 'document'. Do you need to change your target library? Try changing the 'lib' compiler option to include 'dom'.
ai-platform/web/simplebeacon-dashboard/js-es2018/main.js(223,19): error TS2584: Cannot find name 'document'. Do you need to change your target library? Try changing the 'lib' compiler option to include 'dom'.
ai-platform/web/simplebeacon-dashboard/js-es2018/main.js(231,9): error TS2584: Cannot find name 'document'. Do you need to change your target library? Try changing the 'lib' compiler option to include 'dom'.
ai-platform/web/simplebeacon-dashboard/js-es2018/main.js(234,13): error TS2584: Cannot find name 'document'. Do you need to change your target library? Try changing the 'lib' compiler option to include 'dom'.
ai-platform/web/simplebeacon-dashboard/js-es2018/main.js(236,38): error TS2339: Property 'location' does not exist on type 'typeof window'.
ai-platform/web/simplebeacon-dashboard/js-es2018/main.js(236,65): error TS2339: Property 'location' does not exist on type 'typeof window'.
ai-platform/web/simplebeacon-dashboard/js-es2018/main.js(237,21): error TS2584: Cannot find name 'document'. Do you need to change your target library? Try changing the 'lib' compiler option to include 'dom'.
ai-platform/web/simplebeacon-dashboard/js-es2018/main.js(240,22): error TS2584: Cannot find name 'document'. Do you need to change your target library? Try changing the 'lib' compiler option to include 'dom'.
ai-platform/web/simplebeacon-dashboard/js-es2018/main.js(243,19): error TS2584: Cannot find name 'document'. Do you need to change your target library? Try changing the 'lib' compiler option to include 'dom'.
ai-platform/web/simplebeacon-dashboard/js-es2018/main.js(249,9): error TS2584: Cannot find name 'document'. Do you need to change your target library? Try changing the 'lib' compiler option to include 'dom'.
ai-platform/web/simplebeacon-dashboard/js-es2018/main.js(252,13): error TS2584: Cannot find name 'document'. Do you need to change your target library? Try changing the 'lib' compiler option to include 'dom'.
ai-platform/web/simplebeacon-dashboard/js-es2018/main.js(254,25): error TS2584: Cannot find name 'document'. Do you need to change your target library? Try changing the 'lib' compiler option to include 'dom'.
ai-platform/web/simplebeacon-dashboard/js-es2018/main.js(302,9): error TS2584: Cannot find name 'document'. Do you need to change your target library? Try changing the 'lib' compiler option to include 'dom'.
ai-platform/web/simplebeacon-dashboard/js-es2018/main.js(419,22): error TS2584: Cannot find name 'document'. Do you need to change your target library? Try changing the 'lib' compiler option to include 'dom'.
ai-platform/web/simplebeacon-dashboard/js-es2018/main.js(616,9): error TS2584: Cannot find name 'document'. Do you need to change your target library? Try changing the 'lib' compiler option to include 'dom'.
ai-platform/web/simplebeacon-dashboard/js-es2018/main.js(622,9): error TS2584: Cannot find name 'document'. Do you need to change your target library? Try changing the 'lib' compiler option to include 'dom'.
ai-platform/web/simplebeacon-dashboard/js-es2018/main.js(637,44): error TS2339: Property 'error' does not exist on type 'unknown'.
ai-platform/web/simplebeacon-dashboard/js-es2018/main.js(641,19): error TS2584: Cannot find name 'document'. Do you need to change your target library? Try changing the 'lib' compiler option to include 'dom'.
ai-platform/web/simplebeacon-dashboard/js-es2018/main.js(691,27): error TS2584: Cannot find name 'document'. Do you need to change your target library? Try changing the 'lib' compiler option to include 'dom'.
ai-platform/web/simplebeacon-dashboard/js-es2018/main.js(692,28): error TS2584: Cannot find name 'document'. Do you need to change your target library? Try changing the 'lib' compiler option to include 'dom'.
ai-platform/web/simplebeacon-dashboard/js-es2018/main.js(693,28): error TS2584: Cannot find name 'document'. Do you need to change your target library? Try changing the 'lib' compiler option to include 'dom'.
ai-platform/web/simplebeacon-dashboard/js-es2018/main.js(700,34): error TS2584: Cannot find name 'document'. Do you need to change your target library? Try changing the 'lib' compiler option to include 'dom'.
ai-platform/web/simplebeacon-dashboard/js-es2018/main.js(703,27): error TS2584: Cannot find name 'document'. Do you need to change your target library? Try changing the 'lib' compiler option to include 'dom'.
ai-platform/web/simplebeacon-dashboard/js-es2018/main.js(706,33): error TS2584: Cannot find name 'document'. Do you need to change your target library? Try changing the 'lib' compiler option to include 'dom'.
ai-platform/web/simplebeacon-dashboard/js-es2018/main.js(709,34): error TS2584: Cannot find name 'document'. Do you need to change your target library? Try changing the 'lib' compiler option to include 'dom'.
ai-platform/web/simplebeacon-dashboard/js-es2018/main.js(712,29): error TS2584: Cannot find name 'document'. Do you need to change your target library? Try changing the 'lib' compiler option to include 'dom'.
ai-platform/web/simplebeacon-dashboard/js-es2018/main.js(716,31): error TS2584: Cannot find name 'document'. Do you need to change your target library? Try changing the 'lib' compiler option to include 'dom'.
ai-platform/web/simplebeacon-dashboard/js-es2018/main.js(720,29): error TS1003: Identifier expected.
ai-platform/web/simplebeacon-dashboard/js-es2018/main.js(761,29): error TS2339: Property 'location' does not exist on type 'typeof window'.
ai-platform/web/simplebeacon-dashboard/js-es2018/main.js(840,15): error TS2584: Cannot find name 'document'. Do you need to change your target library? Try changing the 'lib' compiler option to include 'dom'.
ai-platform/web/simplebeacon-dashboard/js-es2018/main.js(843,15): error TS2584: Cannot find name 'document'. Do you need to change your target library? Try changing the 'lib' compiler option to include 'dom'.
ai-platform/web/simplebeacon-dashboard/js-es2018/main.js(846,15): error TS2584: Cannot find name 'document'. Do you need to change your target library? Try changing the 'lib' compiler option to include 'dom'.
ai-platform/web/simplebeacon-dashboard/js-es2018/main.js(857,15): error TS2584: Cannot find name 'document'. Do you need to change your target library? Try changing the 'lib' compiler option to include 'dom'.
ai-platform/web/simplebeacon-dashboard/js-es2018/main.js(860,9): error TS2584: Cannot find name 'document'. Do you need to change your target library? Try changing the 'lib' compiler option to include 'dom'.
ai-platform/web/simplebeacon-dashboard/js-es2018/main.js(872,24): error TS2584: Cannot find name 'document'. Do you need to change your target library? Try changing the 'lib' compiler option to include 'dom'.
ai-platform/web/simplebeacon-dashboard/js-es2018/main.js(886,29): error TS2584: Cannot find name 'document'. Do you need to change your target library? Try changing the 'lib' compiler option to include 'dom'.
ai-platform/web/simplebeacon-dashboard/js-es2018/main.js(895,28): error TS2584: Cannot find name 'document'. Do you need to change your target library? Try changing the 'lib' compiler option to include 'dom'.
ai-platform/web/simplebeacon-dashboard/js-es2018/main.js(896,22): error TS2584: Cannot find name 'document'. Do you need to change your target library? Try changing the 'lib' compiler option to include 'dom'.
ai-platform/web/simplebeacon-dashboard/js-es2018/main.js(897,25): error TS2584: Cannot find name 'document'. Do you need to change your target library? Try changing the 'lib' compiler option to include 'dom'.
ai-platform/web/simplebeacon-dashboard/js-es2018/main.js(898,26): error TS2584: Cannot find name 'document'. Do you need to change your target library? Try changing the 'lib' compiler option to include 'dom'.
ai-platform/web/simplebeacon-dashboard/js-es2018/main.js(899,28): error TS2584: Cannot find name 'document'. Do you need to change your target library? Try changing the 'lib' compiler option to include 'dom'.
ai-platform/web/simplebeacon-dashboard/js-es2018/main.js(908,9): error TS2584: Cannot find name 'document'. Do you need to change your target library? Try changing the 'lib' compiler option to include 'dom'.
ai-platform/web/simplebeacon-dashboard/js-es2018/main.js(940,9): error TS2584: Cannot find name 'document'. Do you need to change your target library? Try changing the 'lib' compiler option to include 'dom'.
ai-platform/web/simplebeacon-dashboard/js-es2018/main.js(945,23): error TS2584: Cannot find name 'document'. Do you need to change your target library? Try changing the 'lib' compiler option to include 'dom'.
ai-platform/web/simplebeacon-dashboard/js-es2018/main.js(967,21): error TS2584: Cannot find name 'document'. Do you need to change your target library? Try changing the 'lib' compiler option to include 'dom'.
ai-platform/web/simplebeacon-dashboard/js-es2018/main.js(969,23): error TS2584: Cannot find name 'document'. Do you need to change your target library? Try changing the 'lib' compiler option to include 'dom'.
ai-platform/web/simplebeacon-dashboard/js-es2018/main.js(975,24): error TS2584: Cannot find name 'document'. Do you need to change your target library? Try changing the 'lib' compiler option to include 'dom'.
ai-platform/web/simplebeacon-dashboard/js-es2018/main.js(976,21): error TS2584: Cannot find name 'document'. Do you need to change your target library? Try changing the 'lib' compiler option to include 'dom'.
ai-platform/web/simplebeacon-dashboard/js-es2018/main.js(977,25): error TS2584: Cannot find name 'document'. Do you need to change your target library? Try changing the 'lib' compiler option to include 'dom'.
ai-platform/web/simplebeacon-dashboard/js-es2018/main.js(986,15): error TS2584: Cannot find name 'document'. Do you need to change your target library? Try changing the 'lib' compiler option to include 'dom'.
ai-platform/web/simplebeacon-dashboard/js-es2018/main.js(987,15): error TS2584: Cannot find name 'document'. Do you need to change your target library? Try changing the 'lib' compiler option to include 'dom'.
ai-platform/web/simplebeacon-dashboard/js-es2018/main.js(999,13): error TS2584: Cannot find name 'document'. Do you need to change your target library? Try changing the 'lib' compiler option to include 'dom'.
ai-platform/web/simplebeacon-dashboard/js-es2018/main.js(1013,102): error TS2339: Property 'location' does not exist on type 'typeof window'.
ai-platform/web/simplebeacon-dashboard/js-es2018/main.js(1092,22): error TS2584: Cannot find name 'document'. Do you need to change your target library? Try changing the 'lib' compiler option to include 'dom'.
ai-platform/web/simplebeacon-dashboard/js-es2018/main.js(1111,19): error TS2584: Cannot find name 'document'. Do you need to change your target library? Try changing the 'lib' compiler option to include 'dom'.
ai-platform/web/simplebeacon-dashboard/js-es2018/main.js(1121,32): error TS2339: Property 'location' does not exist on type 'typeof window'.
ai-platform/web/simplebeacon-dashboard/js-es2018/main.js(1125,32): error TS2339: Property 'location' does not exist on type 'typeof window'.
ai-platform/web/simplebeacon-dashboard/js-es2018/main.js(1187,74): error TS2339: Property 'acquireVsCodeApi' does not exist on type 'typeof window'.
ai-platform/web/simplebeacon-dashboard/js-es2018/main.js(1189,43): error TS2339: Property 'acquireVsCodeApi' does not exist on type 'typeof window'.
ai-platform/web/simplebeacon-dashboard/js-es2018/main.js(1223,9): error TS2304: Cannot find name 'requestAnimationFrame'.
ai-platform/web/simplebeacon-dashboard/js-es2018/main.js(1226,26): error TS2584: Cannot find name 'document'. Do you need to change your target library? Try changing the 'lib' compiler option to include 'dom'.
ai-platform/web/simplebeacon-dashboard/js-es2018/main.js(1263,55): error TS2584: Cannot find name 'document'. Do you need to change your target library? Try changing the 'lib' compiler option to include 'dom'.
ai-platform/web/simplebeacon-dashboard/js-es2018/main.js(1263,83): error TS2584: Cannot find name 'document'. Do you need to change your target library? Try changing the 'lib' compiler option to include 'dom'.
ai-platform/web/simplebeacon-dashboard/js-es2018/main.js(1293,9): error TS2584: Cannot find name 'document'. Do you need to change your target library? Try changing the 'lib' compiler option to include 'dom'.
ai-platform/web/simplebeacon-dashboard/js-es2018/main.js(1300,1): error TS2584: Cannot find name 'document'. Do you need to change your target library? Try changing the 'lib' compiler option to include 'dom'.
ai-platform/web/simplebeacon-dashboard/js-es2018/main.js(1302,16): error TS2339: Property '__SB_DASHBOARD_APP__' does not exist on type 'typeof window'.
ai-platform/web/simplebeacon-dashboard/js-es2018/main.js(1304,16): error TS2339: Property 'simplebeaconApp' does not exist on type 'typeof window'.
ai-platform/web/simplebeacon-dashboard/js-es2018/main.js(1312,22): error TS2584: Cannot find name 'document'. Do you need to change your target library? Try changing the 'lib' compiler option to include 'dom'.
ai-platform/web/simplebeacon-dashboard/js-es2018/main.js(1315,26): error TS2584: Cannot find name 'document'. Do you need to change your target library? Try changing the 'lib' compiler option to include 'dom'.
ai-platform/web/simplebeacon-dashboard/js-es2018/main.js(1317,23): error TS2584: Cannot find name 'document'. Do you need to change your target library? Try changing the 'lib' compiler option to include 'dom'.
ai-platform/web/simplebeacon-dashboard/js-es2018/router.js(15,16): error TS2339: Property 'addEventListener' does not exist on type 'typeof window'.
ai-platform/web/simplebeacon-dashboard/js-es2018/router.js(16,16): error TS2339: Property 'addEventListener' does not exist on type 'typeof window'.
ai-platform/web/simplebeacon-dashboard/js-es2018/router.js(19,16): error TS2339: Property 'removeEventListener' does not exist on type 'typeof window'.
ai-platform/web/simplebeacon-dashboard/js-es2018/router.js(20,16): error TS2339: Property 'removeEventListener' does not exist on type 'typeof window'.
ai-platform/web/simplebeacon-dashboard/js-es2018/router.js(23,64): error TS2339: Property '__SB_INITIAL_ROUTE__' does not exist on type 'typeof window'.
ai-platform/web/simplebeacon-dashboard/js-es2018/router.js(25,27): error TS2339: Property '__SB_INITIAL_ROUTE__' does not exist on type 'typeof window'.
ai-platform/web/simplebeacon-dashboard/js-es2018/router.js(32,20): error TS2339: Property 'location' does not exist on type 'typeof window'.
ai-platform/web/simplebeacon-dashboard/js-es2018/router.js(32,44): error TS2339: Property 'location' does not exist on type 'typeof window'.
ai-platform/web/simplebeacon-dashboard/js-es2018/router.js(43,20): error TS2339: Property 'location' does not exist on type 'typeof window'.
ai-platform/web/simplebeacon-dashboard/js-es2018/router.js(49,33): error TS2339: Property 'location' does not exist on type 'typeof window'.
ai-platform/web/simplebeacon-dashboard/js-es2018/router.js(61,31): error TS2339: Property 'location' does not exist on type 'typeof window'.
ai-platform/web/simplebeacon-dashboard/js-es2018/router.js(80,29): error TS2339: Property 'location' does not exist on type 'typeof window'.
ai-platform/web/simplebeacon-dashboard/js-es2018/router.js(110,24): error TS2339: Property 'location' does not exist on type 'typeof window'.
ai-platform/web/simplebeacon-dashboard/js-es2018/router.js(110,51): error TS2339: Property 'location' does not exist on type 'typeof window'.
ai-platform/web/simplebeacon-dashboard/js-es2018/router.js(111,24): error TS2339: Property 'history' does not exist on type 'typeof window'.
ai-platform/web/simplebeacon-dashboard/js-es2018/router.js(122,9): error TS2584: Cannot find name 'document'. Do you need to change your target library? Try changing the 'lib' compiler option to include 'dom'.
ai-platform/web/simplebeacon-dashboard/js-es2018/scan-utils.js(2,29): error TS2307: Cannot find module './services/scanService.js?v=20260711dedup2' or its corresponding type declarations.
ai-platform/web/simplebeacon-dashboard/js-es2018/services/aiKeysService.js(53,14): error TS1064: The return type of an async function or method must be the global Promise<T> type. Did you mean to write 'Promise<any>'?
ai-platform/web/simplebeacon-dashboard/js-es2018/services/aiKeysService.js(90,14): error TS1064: The return type of an async function or method must be the global Promise<T> type. Did you mean to write 'Promise<any>'?
ai-platform/web/simplebeacon-dashboard/js-es2018/services/aiKeysService.js(117,14): error TS1064: The return type of an async function or method must be the global Promise<T> type. Did you mean to write 'Promise<any>'?
ai-platform/web/simplebeacon-dashboard/js-es2018/services/aiKeysService.js(139,20): error TS8024: JSDoc '@param' tag has name 'ollamaBaseUrl', but there is no parameter with that name.
ai-platform/web/simplebeacon-dashboard/js-es2018/services/aiKeysService.js(153,65): error TS2339: Property 'location' does not exist on type 'typeof window'.
ai-platform/web/simplebeacon-dashboard/js-es2018/services/aiKeysService.js(175,47): error TS2339: Property 'models' does not exist on type 'unknown'.
ai-platform/web/simplebeacon-dashboard/js-es2018/services/aiKeysService.js(175,62): error TS2339: Property 'models' does not exist on type 'unknown'.
ai-platform/web/simplebeacon-dashboard/js-es2018/services/aiKeysService.js(198,38): error TS2339: Property 'error' does not exist on type 'unknown'.
ai-platform/web/simplebeacon-dashboard/js-es2018/services/aiKeysService.js(198,52): error TS2339: Property 'message' does not exist on type 'unknown'.
ai-platform/web/simplebeacon-dashboard/js-es2018/services/aiKeysService.js(200,47): error TS2339: Property 'models' does not exist on type 'unknown'.
ai-platform/web/simplebeacon-dashboard/js-es2018/services/aiKeysService.js(200,62): error TS2339: Property 'models' does not exist on type 'unknown'.
ai-platform/web/simplebeacon-dashboard/js-es2018/services/aiMathAuditService.js(1,10): error TS2459: Module '"./analyzeService.js"' declares 'fetchJsonWithGuidance' locally, but it is not exported.
ai-platform/web/simplebeacon-dashboard/js-es2018/services/aiProblemAnalyzerSuite.mjs(65,127): error TS2322: Type 'string' is not assignable to type 'any[]'.
ai-platform/web/simplebeacon-dashboard/js-es2018/services/aiProblemAnalyzerSuite.mjs(83,501): error TS2345: Argument of type 'string' is not assignable to parameter of type 'any[]'.
ai-platform/web/simplebeacon-dashboard/js-es2018/services/aiProblemAnalyzerSuite.mjs(84,496): error TS2345: Argument of type 'string' is not assignable to parameter of type 'any[]'.
ai-platform/web/simplebeacon-dashboard/js-es2018/services/aiProblemAnalyzerSuite.mjs(85,472): error TS2345: Argument of type 'string' is not assignable to parameter of type 'any[]'.
ai-platform/web/simplebeacon-dashboard/js-es2018/services/aiProblemAnalyzerSuite.mjs(86,420): error TS2345: Argument of type 'string' is not assignable to parameter of type 'any[]'.
ai-platform/web/simplebeacon-dashboard/js-es2018/services/aiProblemAnalyzerSuite.mjs(87,441): error TS2345: Argument of type 'string' is not assignable to parameter of type 'any[]'.
ai-platform/web/simplebeacon-dashboard/js-es2018/services/aiProblemAnalyzerSuite.mjs(88,421): error TS2345: Argument of type 'string' is not assignable to parameter of type 'any[]'.
ai-platform/web/simplebeacon-dashboard/js-es2018/services/aiProblemAnalyzerSuite.mjs(89,439): error TS2345: Argument of type 'string' is not assignable to parameter of type 'any[]'.
ai-platform/web/simplebeacon-dashboard/js-es2018/services/aiProblemAnalyzerSuite.mjs(90,453): error TS2345: Argument of type 'string' is not assignable to parameter of type 'any[]'.
ai-platform/web/simplebeacon-dashboard/js-es2018/services/aiProblemAnalyzerSuite.mjs(91,462): error TS2345: Argument of type 'string' is not assignable to parameter of type 'any[]'.
ai-platform/web/simplebeacon-dashboard/js-es2018/services/aiProblemAnalyzerSuite.mjs(92,432): error TS2345: Argument of type 'string' is not assignable to parameter of type 'any[]'.
ai-platform/web/simplebeacon-dashboard/js-es2018/services/aiProblemAnalyzerSuite.mjs(93,473): error TS2345: Argument of type 'string' is not assignable to parameter of type 'any[]'.
ai-platform/web/simplebeacon-dashboard/js-es2018/services/aiProblemAnalyzerSuite.mjs(94,451): error TS2345: Argument of type 'string' is not assignable to parameter of type 'any[]'.
ai-platform/web/simplebeacon-dashboard/js-es2018/services/aiProblemAnalyzerSuite.mjs(95,439): error TS2345: Argument of type 'string' is not assignable to parameter of type 'any[]'.
ai-platform/web/simplebeacon-dashboard/js-es2018/services/aiProblemAnalyzerSuite.mjs(96,475): error TS2345: Argument of type 'string' is not assignable to parameter of type 'any[]'.
ai-platform/web/simplebeacon-dashboard/js-es2018/services/aiProblemAnalyzerSuite.mjs(97,477): error TS2345: Argument of type 'string' is not assignable to parameter of type 'any[]'.
ai-platform/web/simplebeacon-dashboard/js-es2018/services/aiProblemAnalyzerSuite.mjs(98,452): error TS2345: Argument of type 'string' is not assignable to parameter of type 'any[]'.
ai-platform/web/simplebeacon-dashboard/js-es2018/services/aiProblemAnalyzerSuite.mjs(99,455): error TS2345: Argument of type 'string' is not assignable to parameter of type 'any[]'.
ai-platform/web/simplebeacon-dashboard/js-es2018/services/aiProblemAnalyzerSuite.mjs(100,455): error TS2345: Argument of type 'string' is not assignable to parameter of type 'any[]'.
ai-platform/web/simplebeacon-dashboard/js-es2018/services/aiProblemAnalyzerSuite.mjs(101,459): error TS2345: Argument of type 'string' is not assignable to parameter of type 'any[]'.
ai-platform/web/simplebeacon-dashboard/js-es2018/services/aiProblemAnalyzerSuite.mjs(102,455): error TS2345: Argument of type 'string' is not assignable to parameter of type 'any[]'.
ai-platform/web/simplebeacon-dashboard/js-es2018/services/aiProblemAnalyzerSuite.mjs(103,449): error TS2345: Argument of type 'string' is not assignable to parameter of type 'any[]'.
ai-platform/web/simplebeacon-dashboard/js-es2018/services/aiProblemAnalyzerSuite.mjs(104,459): error TS2345: Argument of type 'string' is not assignable to parameter of type 'any[]'.
ai-platform/web/simplebeacon-dashboard/js-es2018/services/aiProblemAnalyzerSuite.mjs(105,469): error TS2345: Argument of type 'string' is not assignable to parameter of type 'any[]'.
ai-platform/web/simplebeacon-dashboard/js-es2018/services/aiProblemAnalyzerSuite.mjs(106,448): error TS2345: Argument of type 'string' is not assignable to parameter of type 'any[]'.
ai-platform/web/simplebeacon-dashboard/js-es2018/services/aiProblemAnalyzerSuite.mjs(107,462): error TS2345: Argument of type 'string' is not assignable to parameter of type 'any[]'.
ai-platform/web/simplebeacon-dashboard/js-es2018/services/aiProblemAnalyzerSuite.mjs(108,441): error TS2345: Argument of type 'string' is not assignable to parameter of type 'any[]'.
ai-platform/web/simplebeacon-dashboard/js-es2018/services/aiProblemAnalyzerSuite.mjs(109,460): error TS2345: Argument of type 'string' is not assignable to parameter of type 'any[]'.
ai-platform/web/simplebeacon-dashboard/js-es2018/services/aiProblemAnalyzerSuite.mjs(110,457): error TS2345: Argument of type 'string' is not assignable to parameter of type 'any[]'.
ai-platform/web/simplebeacon-dashboard/js-es2018/services/aiProblemAnalyzerSuite.mjs(111,429): error TS2345: Argument of type 'string' is not assignable to parameter of type 'any[]'.
ai-platform/web/simplebeacon-dashboard/js-es2018/services/aiProblemAnalyzerSuite.mjs(112,422): error TS2345: Argument of type 'string' is not assignable to parameter of type 'any[]'.
ai-platform/web/simplebeacon-dashboard/js-es2018/services/aiProblemAnalyzerSuite.mjs(113,415): error TS2345: Argument of type 'string' is not assignable to parameter of type 'any[]'.
ai-platform/web/simplebeacon-dashboard/js-es2018/services/aiProblemAnalyzerSuite.mjs(114,460): error TS2345: Argument of type 'string' is not assignable to parameter of type 'any[]'.
ai-platform/web/simplebeacon-dashboard/js-es2018/services/aiProblemAnalyzerSuite.mjs(115,407): error TS2345: Argument of type 'string' is not assignable to parameter of type 'any[]'.
ai-platform/web/simplebeacon-dashboard/js-es2018/services/aiProblemAnalyzerSuite.mjs(116,447): error TS2345: Argument of type 'string' is not assignable to parameter of type 'any[]'.
ai-platform/web/simplebeacon-dashboard/js-es2018/services/aiProblemAnalyzerSuite.mjs(117,430): error TS2345: Argument of type 'string' is not assignable to parameter of type 'any[]'.
ai-platform/web/simplebeacon-dashboard/js-es2018/services/aiProblemAnalyzerSuite.mjs(118,425): error TS2345: Argument of type 'string' is not assignable to parameter of type 'any[]'.
ai-platform/web/simplebeacon-dashboard/js-es2018/services/aiProblemAnalyzerSuite.mjs(119,462): error TS2345: Argument of type 'string' is not assignable to parameter of type 'any[]'.
ai-platform/web/simplebeacon-dashboard/js-es2018/services/aiProblemAnalyzerSuite.mjs(120,442): error TS2345: Argument of type 'string' is not assignable to parameter of type 'any[]'.
ai-platform/web/simplebeacon-dashboard/js-es2018/services/aiProblemAnalyzerSuite.mjs(121,434): error TS2345: Argument of type 'string' is not assignable to parameter of type 'any[]'.
ai-platform/web/simplebeacon-dashboard/js-es2018/services/aiProblemAnalyzerSuite.mjs(122,450): error TS2345: Argument of type 'string' is not assignable to parameter of type 'any[]'.
ai-platform/web/simplebeacon-dashboard/js-es2018/services/aiProblemAnalyzerSuite.mjs(123,447): error TS2345: Argument of type 'string' is not assignable to parameter of type 'any[]'.
ai-platform/web/simplebeacon-dashboard/js-es2018/services/aiProblemAnalyzerSuite.mjs(124,455): error TS2345: Argument of type 'string' is not assignable to parameter of type 'any[]'.
ai-platform/web/simplebeacon-dashboard/js-es2018/services/aiProblemAnalyzerSuite.mjs(125,427): error TS2345: Argument of type 'string' is not assignable to parameter of type 'any[]'.
ai-platform/web/simplebeacon-dashboard/js-es2018/services/aiProblemAnalyzerSuite.mjs(126,450): error TS2345: Argument of type 'string' is not assignable to parameter of type 'any[]'.
ai-platform/web/simplebeacon-dashboard/js-es2018/services/aiProblemAnalyzerSuite.mjs(127,447): error TS2345: Argument of type 'string' is not assignable to parameter of type 'any[]'.
ai-platform/web/simplebeacon-dashboard/js-es2018/services/aiProblemAnalyzerSuite.mjs(128,473): error TS2345: Argument of type 'string' is not assignable to parameter of type 'any[]'.
ai-platform/web/simplebeacon-dashboard/js-es2018/services/aiProblemAnalyzerSuite.mjs(129,474): error TS2345: Argument of type 'string' is not assignable to parameter of type 'any[]'.
ai-platform/web/simplebeacon-dashboard/js-es2018/services/aiProblemAnalyzerSuite.mjs(130,576): error TS2345: Argument of type 'string' is not assignable to parameter of type 'any[]'.
ai-platform/web/simplebeacon-dashboard/js-es2018/services/aiProblemAnalyzerSuite.mjs(3174,34): error TS2554: Expected 0 arguments, but got 1.
ai-platform/web/simplebeacon-dashboard/js-es2018/services/aiProblemAnalyzerSuite.mjs(4161,27): error TS2322: Type '{}' is not assignable to type 'string'.
ai-platform/web/simplebeacon-dashboard/js-es2018/services/aiProblemAnalyzerSuite.mjs(4162,31): error TS2339: Property 'scanIssues' does not exist on type 'string'.
ai-platform/web/simplebeacon-dashboard/js-es2018/services/aiProblemAnalyzerSuite.mjs(4162,54): error TS2339: Property 'scanIssues' does not exist on type 'string'.
ai-platform/web/simplebeacon-dashboard/js-es2018/services/aiProblemAnalyzerSuite.mjs(4163,24): error TS2339: Property 'scanIssues' does not exist on type 'string'.
ai-platform/web/simplebeacon-dashboard/js-es2018/services/aiProblemAnalyzerSuite.mjs(4164,31): error TS2339: Property 'rawIssues' does not exist on type 'string'.
ai-platform/web/simplebeacon-dashboard/js-es2018/services/aiProblemAnalyzerSuite.mjs(4164,53): error TS2339: Property 'rawIssues' does not exist on type 'string'.
ai-platform/web/simplebeacon-dashboard/js-es2018/services/aiProblemAnalyzerSuite.mjs(4165,24): error TS2339: Property 'rawIssues' does not exist on type 'string'.
ai-platform/web/simplebeacon-dashboard/js-es2018/services/aiProblemAnalyzerSuite.mjs(4166,31): error TS2339: Property 'issues' does not exist on type 'string'.
ai-platform/web/simplebeacon-dashboard/js-es2018/services/aiProblemAnalyzerSuite.mjs(4166,50): error TS2339: Property 'issues' does not exist on type 'string'.
ai-platform/web/simplebeacon-dashboard/js-es2018/services/aiProblemAnalyzerSuite.mjs(4167,24): error TS2339: Property 'issues' does not exist on type 'string'.
ai-platform/web/simplebeacon-dashboard/js-es2018/services/aiProblemAnalyzerSuite.mjs(4204,33): error TS2322: Type '{}' is not assignable to type 'string'.
ai-platform/web/simplebeacon-dashboard/js-es2018/services/aiProblemAnalyzerSuite.mjs(4205,31): error TS2339: Property 'subgroupOutcomes' does not exist on type 'string'.
ai-platform/web/simplebeacon-dashboard/js-es2018/services/aiProblemAnalyzerSuite.mjs(4205,60): error TS2339: Property 'subgroupOutcomes' does not exist on type 'string'.
ai-platform/web/simplebeacon-dashboard/js-es2018/services/aiProblemAnalyzerSuite.mjs(4206,24): error TS2339: Property 'subgroupOutcomes' does not exist on type 'string'.
ai-platform/web/simplebeacon-dashboard/js-es2018/services/aiProblemAnalyzerSuite.mjs(4220,34): error TS2322: Type '{}' is not assignable to type 'string'.
ai-platform/web/simplebeacon-dashboard/js-es2018/services/aiProblemAnalyzerSuite.mjs(4221,31): error TS2339: Property 'claims' does not exist on type 'string'.
ai-platform/web/simplebeacon-dashboard/js-es2018/services/aiProblemAnalyzerSuite.mjs(4221,50): error TS2339: Property 'claims' does not exist on type 'string'.
ai-platform/web/simplebeacon-dashboard/js-es2018/services/aiProblemAnalyzerSuite.mjs(4222,24): error TS2339: Property 'claims' does not exist on type 'string'.
ai-platform/web/simplebeacon-dashboard/js-es2018/services/aiProblemAnalyzerSuite.mjs(4224,17): error TS2339: Property 'aiSummary' does not exist on type 'string'.
ai-platform/web/simplebeacon-dashboard/js-es2018/services/aiProblemAnalyzerSuite.mjs(4225,17): error TS2339: Property 'conclusion' does not exist on type 'string'.
ai-platform/web/simplebeacon-dashboard/js-es2018/services/aiProblemAnalyzerSuite.mjs(4226,17): error TS2339: Property 'backlogSnippet' does not exist on type 'string'.
ai-platform/web/simplebeacon-dashboard/js-es2018/services/aiProblemAnalyzerSuite.mjs(4227,17): error TS2339: Property 'scanSummary' does not exist on type 'string'.
ai-platform/web/simplebeacon-dashboard/js-es2018/services/aiProblemAnalyzerSuite.mjs(4228,17): error TS2339: Property 'responseText' does not exist on type 'string'.
ai-platform/web/simplebeacon-dashboard/js-es2018/services/aiProblemAnalyzerSuite.mjs(4250,46): error TS2339: Property 'responseConfidence' does not exist on type 'string'.
ai-platform/web/simplebeacon-dashboard/js-es2018/services/aiProblemAnalyzerSuite.mjs(4262,34): error TS2322: Type '{}' is not assignable to type 'string'.
ai-platform/web/simplebeacon-dashboard/js-es2018/services/aiProblemAnalyzerSuite.mjs(4264,31): error TS2339: Property 'traces' does not exist on type 'string'.
ai-platform/web/simplebeacon-dashboard/js-es2018/services/aiProblemAnalyzerSuite.mjs(4264,50): error TS2339: Property 'traces' does not exist on type 'string'.
ai-platform/web/simplebeacon-dashboard/js-es2018/services/aiProblemAnalyzerSuite.mjs(4265,24): error TS2339: Property 'traces' does not exist on type 'string'.
ai-platform/web/simplebeacon-dashboard/js-es2018/services/aiProblemAnalyzerSuite.mjs(4267,37): error TS2339: Property 'codeUnderstanding' does not exist on type 'string'.
ai-platform/web/simplebeacon-dashboard/js-es2018/services/aiProblemAnalyzerSuite.mjs(4285,33): error TS2339: Property 'responseText' does not exist on type 'string'.
ai-platform/web/simplebeacon-dashboard/js-es2018/services/aiProblemAnalyzerSuite.mjs(4285,57): error TS2339: Property 'aiSummary' does not exist on type 'string'.
ai-platform/web/simplebeacon-dashboard/js-es2018/services/aiProblemAnalyzerSuite.mjs(4303,31): error TS2322: Type '{}' is not assignable to type 'string'.
ai-platform/web/simplebeacon-dashboard/js-es2018/services/aiProblemAnalyzerSuite.mjs(4304,31): error TS2339: Property 'datasetSamples' does not exist on type 'string'.
ai-platform/web/simplebeacon-dashboard/js-es2018/services/aiProblemAnalyzerSuite.mjs(4304,58): error TS2339: Property 'datasetSamples' does not exist on type 'string'.
ai-platform/web/simplebeacon-dashboard/js-es2018/services/aiProblemAnalyzerSuite.mjs(4305,24): error TS2339: Property 'datasetSamples' does not exist on type 'string'.
ai-platform/web/simplebeacon-dashboard/js-es2018/services/aiProblemAnalyzerSuite.mjs(4321,35): error TS2322: Type '{}' is not assignable to type 'string'.
ai-platform/web/simplebeacon-dashboard/js-es2018/services/aiProblemAnalyzerSuite.mjs(4323,30): error TS2339: Property 'scalabilityMetrics' does not exist on type 'string'.
ai-platform/web/simplebeacon-dashboard/js-es2018/services/aiProblemAnalyzerSuite.mjs(4323,60): error TS2339: Property 'metrics' does not exist on type 'string'.
ai-platform/web/simplebeacon-dashboard/js-es2018/services/aiProblemAnalyzerSuite.mjs(4325,23): error TS2339: Property 'fileReduction' does not exist on type 'string'.
ai-platform/web/simplebeacon-dashboard/js-es2018/services/aiProblemAnalyzerSuite.mjs(4326,42): error TS2339: Property 'fileReduction' does not exist on type 'string'.
ai-platform/web/simplebeacon-dashboard/js-es2018/services/aiProblemAnalyzerSuite.mjs(4327,27): error TS2339: Property 'fileReduction' does not exist on type 'string'.
ai-platform/web/simplebeacon-dashboard/js-es2018/services/aiProblemAnalyzerSuite.mjs(4328,44): error TS2339: Property 'fileReduction' does not exist on type 'string'.
ai-platform/web/simplebeacon-dashboard/js-es2018/services/aiProblemAnalyzerSuite.mjs(4331,23): error TS2339: Property 'dataQuality' does not exist on type 'string'.
ai-platform/web/simplebeacon-dashboard/js-es2018/services/aiProblemAnalyzerSuite.mjs(4332,53): error TS2339: Property 'dataQuality' does not exist on type 'string'.
ai-platform/web/simplebeacon-dashboard/js-es2018/services/aiProblemAnalyzerSuite.mjs(4334,30): error TS2339: Property 'scan' does not exist on type 'string'.
ai-platform/web/simplebeacon-dashboard/js-es2018/services/aiProblemAnalyzerSuite.mjs(4335,44): error TS2339: Property 'scan' does not exist on type 'string'.
ai-platform/web/simplebeacon-dashboard/js-es2018/services/aiProblemAnalyzerSuite.mjs(4337,29): error TS2339: Property 'scan' does not exist on type 'string'.
ai-platform/web/simplebeacon-dashboard/js-es2018/services/aiProblemAnalyzerSuite.mjs(4338,41): error TS2339: Property 'scan' does not exist on type 'string'.
ai-platform/web/simplebeacon-dashboard/js-es2018/services/aiProblemAnalyzerSuite.mjs(4339,29): error TS2339: Property 'scan' does not exist on type 'string'.
ai-platform/web/simplebeacon-dashboard/js-es2018/services/aiProblemAnalyzerSuite.mjs(4340,40): error TS2339: Property 'scan' does not exist on type 'string'.
ai-platform/web/simplebeacon-dashboard/js-es2018/services/aiProblemAnalyzerSuite.mjs(4341,27): error TS2339: Property 'responseText' does not exist on type 'string'.
ai-platform/web/simplebeacon-dashboard/js-es2018/services/aiProblemAnalyzerSuite.mjs(4341,49): error TS2339: Property 'aiSummary' does not exist on type 'string'.
ai-platform/web/simplebeacon-dashboard/js-es2018/services/aiProblemAnalyzerSuite.mjs(4352,27): error TS2322: Type '{}' is not assignable to type 'string'.
ai-platform/web/simplebeacon-dashboard/js-es2018/services/aiProblemAnalyzerSuite.mjs(4354,17): error TS2339: Property 'benchmarks' does not exist on type 'string'.
ai-platform/web/simplebeacon-dashboard/js-es2018/services/aiProblemAnalyzerSuite.mjs(4354,51): error TS2339: Property 'benchmarks' does not exist on type 'string'.
ai-platform/web/simplebeacon-dashboard/js-es2018/services/aiProblemAnalyzerSuite.mjs(4355,24): error TS2339: Property 'benchmarks' does not exist on type 'string'.
ai-platform/web/simplebeacon-dashboard/js-es2018/services/aiProblemAnalyzerSuite.mjs(4356,42): error TS2339: Property 'healthScore' does not exist on type 'string'.
ai-platform/web/simplebeacon-dashboard/js-es2018/services/aiProblemAnalyzerSuite.mjs(4356,102): error TS2339: Property 'scan' does not exist on type 'string'.
ai-platform/web/simplebeacon-dashboard/js-es2018/services/aiProblemAnalyzerSuite.mjs(4356,208): error TS2339: Property 'report' does not exist on type 'string'.
ai-platform/web/simplebeacon-dashboard/js-es2018/services/aiProblemAnalyzerSuite.mjs(4364,33): error TS2339: Property 'responseText' does not exist on type 'string'.
ai-platform/web/simplebeacon-dashboard/js-es2018/services/aiProblemAnalyzerSuite.mjs(4364,57): error TS2339: Property 'aiSummary' does not exist on type 'string'.
ai-platform/web/simplebeacon-dashboard/js-es2018/services/aiProblemAnalyzerSuite.mjs(4394,26): error TS2322: Type '{}' is not assignable to type 'string'.
ai-platform/web/simplebeacon-dashboard/js-es2018/services/aiProblemAnalyzerSuite.mjs(4395,31): error TS2339: Property 'responses' does not exist on type 'string'.
ai-platform/web/simplebeacon-dashboard/js-es2018/services/aiProblemAnalyzerSuite.mjs(4395,53): error TS2339: Property 'responses' does not exist on type 'string'.
ai-platform/web/simplebeacon-dashboard/js-es2018/services/aiProblemAnalyzerSuite.mjs(4396,24): error TS2339: Property 'responses' does not exist on type 'string'.
ai-platform/web/simplebeacon-dashboard/js-es2018/services/aiProblemAnalyzerSuite.mjs(4399,17): error TS2339: Property 'aiSummary' does not exist on type 'string'.
ai-platform/web/simplebeacon-dashboard/js-es2018/services/aiProblemAnalyzerSuite.mjs(4400,17): error TS2339: Property 'conclusion' does not exist on type 'string'.
ai-platform/web/simplebeacon-dashboard/js-es2018/services/aiProblemAnalyzerSuite.mjs(4401,17): error TS2339: Property 'backlogSnippet' does not exist on type 'string'.
ai-platform/web/simplebeacon-dashboard/js-es2018/services/aiProblemAnalyzerSuite.mjs(4402,17): error TS2339: Property 'scanSummary' does not exist on type 'string'.
ai-platform/web/simplebeacon-dashboard/js-es2018/services/aiProblemAnalyzerSuite.mjs(4403,17): error TS2339: Property 'responseText' does not exist on type 'string'.
ai-platform/web/simplebeacon-dashboard/js-es2018/services/aiProblemAnalyzerSuite.mjs(4404,17): error TS2339: Property 'aiResponse' does not exist on type 'string'.
ai-platform/web/simplebeacon-dashboard/js-es2018/services/aiProblemAnalyzerSuite.mjs(4411,21): error TS2339: Property 'responseText' does not exist on type 'string'.
ai-platform/web/simplebeacon-dashboard/js-es2018/services/aiProblemAnalyzerSuite.mjs(4412,21): error TS2339: Property 'aiSummary' does not exist on type 'string'.
ai-platform/web/simplebeacon-dashboard/js-es2018/services/aiProblemAnalyzerSuite.mjs(4413,21): error TS2339: Property 'backlogSnippet' does not exist on type 'string'.
ai-platform/web/simplebeacon-dashboard/js-es2018/services/aiProblemAnalyzerSuite.mjs(4414,21): error TS2339: Property 'scanSummary' does not exist on type 'string'.
ai-platform/web/simplebeacon-dashboard/js-es2018/services/aiProblemAnalyzerSuite.mjs(4428,31): error TS2322: Type '{}' is not assignable to type 'string'.
ai-platform/web/simplebeacon-dashboard/js-es2018/services/aiProblemAnalyzerSuite.mjs(4430,17): error TS2339: Property 'responseText' does not exist on type 'string'.
ai-platform/web/simplebeacon-dashboard/js-es2018/services/aiProblemAnalyzerSuite.mjs(4431,17): error TS2339: Property 'aiSummary' does not exist on type 'string'.
ai-platform/web/simplebeacon-dashboard/js-es2018/services/aiProblemAnalyzerSuite.mjs(4432,17): error TS2339: Property 'conclusion' does not exist on type 'string'.
ai-platform/web/simplebeacon-dashboard/js-es2018/services/aiProblemAnalyzerSuite.mjs(4433,17): error TS2339: Property 'backlogSnippet' does not exist on type 'string'.
ai-platform/web/simplebeacon-dashboard/js-es2018/services/aiProblemAnalyzerSuite.mjs(4434,17): error TS2339: Property 'scanSummary' does not exist on type 'string'.
ai-platform/web/simplebeacon-dashboard/js-es2018/services/aiProblemAnalyzerSuite.mjs(4435,17): error TS2339: Property 'logs' does not exist on type 'string'.
ai-platform/web/simplebeacon-dashboard/js-es2018/services/aiProblemAnalyzerSuite.mjs(4443,35): error TS2322: Type '{}' is not assignable to type 'string'.
ai-platform/web/simplebeacon-dashboard/js-es2018/services/aiProblemAnalyzerSuite.mjs(4444,31): error TS2339: Property 'calibrationRecords' does not exist on type 'string'.
ai-platform/web/simplebeacon-dashboard/js-es2018/services/aiProblemAnalyzerSuite.mjs(4444,62): error TS2339: Property 'calibrationRecords' does not exist on type 'string'.
ai-platform/web/simplebeacon-dashboard/js-es2018/services/aiProblemAnalyzerSuite.mjs(4445,24): error TS2339: Property 'calibrationRecords' does not exist on type 'string'.
ai-platform/web/simplebeacon-dashboard/js-es2018/services/aiProblemAnalyzerSuite.mjs(4464,35): error TS2322: Type '{}' is not assignable to type 'string'.
ai-platform/web/simplebeacon-dashboard/js-es2018/services/aiProblemAnalyzerSuite.mjs(4465,31): error TS2339: Property 'contextCheckpoints' does not exist on type 'string'.
ai-platform/web/simplebeacon-dashboard/js-es2018/services/aiProblemAnalyzerSuite.mjs(4465,62): error TS2339: Property 'contextCheckpoints' does not exist on type 'string'.
ai-platform/web/simplebeacon-dashboard/js-es2018/services/aiProblemAnalyzerSuite.mjs(4466,24): error TS2339: Property 'contextCheckpoints' does not exist on type 'string'.
ai-platform/web/simplebeacon-dashboard/js-es2018/services/aiProblemAnalyzerSuite.mjs(4469,17): error TS2339: Property 'responseText' does not exist on type 'string'.
ai-platform/web/simplebeacon-dashboard/js-es2018/services/aiProblemAnalyzerSuite.mjs(4470,17): error TS2339: Property 'aiSummary' does not exist on type 'string'.
ai-platform/web/simplebeacon-dashboard/js-es2018/services/aiProblemAnalyzerSuite.mjs(4471,17): error TS2339: Property 'conclusion' does not exist on type 'string'.
ai-platform/web/simplebeacon-dashboard/js-es2018/services/aiProblemAnalyzerSuite.mjs(4472,17): error TS2339: Property 'backlogSnippet' does not exist on type 'string'.
ai-platform/web/simplebeacon-dashboard/js-es2018/services/aiProblemAnalyzerSuite.mjs(4488,31): error TS2322: Type '{}' is not assignable to type 'string'.
ai-platform/web/simplebeacon-dashboard/js-es2018/services/aiProblemAnalyzerSuite.mjs(4489,31): error TS2339: Property 'freshnessTests' does not exist on type 'string'.
ai-platform/web/simplebeacon-dashboard/js-es2018/services/aiProblemAnalyzerSuite.mjs(4489,58): error TS2339: Property 'freshnessTests' does not exist on type 'string'.
ai-platform/web/simplebeacon-dashboard/js-es2018/services/aiProblemAnalyzerSuite.mjs(4490,24): error TS2339: Property 'freshnessTests' does not exist on type 'string'.
ai-platform/web/simplebeacon-dashboard/js-es2018/services/aiProblemAnalyzerSuite.mjs(4493,34): error TS2339: Property 'scannedAt' does not exist on type 'string'.
ai-platform/web/simplebeacon-dashboard/js-es2018/services/aiProblemAnalyzerSuite.mjs(4497,36): error TS2339: Property 'scannedAt' does not exist on type 'string'.
ai-platform/web/simplebeacon-dashboard/js-es2018/services/aiProblemAnalyzerSuite.mjs(4506,31): error TS2322: Type '{}' is not assignable to type 'string'.
ai-platform/web/simplebeacon-dashboard/js-es2018/services/aiProblemAnalyzerSuite.mjs(4507,31): error TS2339: Property 'reasoningTasks' does not exist on type 'string'.
ai-platform/web/simplebeacon-dashboard/js-es2018/services/aiProblemAnalyzerSuite.mjs(4507,58): error TS2339: Property 'reasoningTasks' does not exist on type 'string'.
ai-platform/web/simplebeacon-dashboard/js-es2018/services/aiProblemAnalyzerSuite.mjs(4508,24): error TS2339: Property 'reasoningTasks' does not exist on type 'string'.
ai-platform/web/simplebeacon-dashboard/js-es2018/services/aiProblemAnalyzerSuite.mjs(4526,35): error TS2322: Type '{}' is not assignable to type 'string'.
ai-platform/web/simplebeacon-dashboard/js-es2018/services/aiProblemAnalyzerSuite.mjs(4527,31): error TS2339: Property 'complianceControls' does not exist on type 'string'.
ai-platform/web/simplebeacon-dashboard/js-es2018/services/aiProblemAnalyzerSuite.mjs(4527,62): error TS2339: Property 'complianceControls' does not exist on type 'string'.
ai-platform/web/simplebeacon-dashboard/js-es2018/services/aiProblemAnalyzerSuite.mjs(4528,24): error TS2339: Property 'complianceControls' does not exist on type 'string'.
ai-platform/web/simplebeacon-dashboard/js-es2018/services/aiProblemAnalyzerSuite.mjs(4546,37): error TS2322: Type '{}' is not assignable to type 'string'.
ai-platform/web/simplebeacon-dashboard/js-es2018/services/aiProblemAnalyzerSuite.mjs(4547,31): error TS2339: Property 'classificationLabels' does not exist on type 'string'.
ai-platform/web/simplebeacon-dashboard/js-es2018/services/aiProblemAnalyzerSuite.mjs(4547,64): error TS2339: Property 'classificationLabels' does not exist on type 'string'.
ai-platform/web/simplebeacon-dashboard/js-es2018/services/aiProblemAnalyzerSuite.mjs(4548,24): error TS2339: Property 'classificationLabels' does not exist on type 'string'.
ai-platform/web/simplebeacon-dashboard/js-es2018/services/aiProblemAnalyzerSuite.mjs(4568,31): error TS2322: Type '{}' is not assignable to type 'string'.
ai-platform/web/simplebeacon-dashboard/js-es2018/services/aiProblemAnalyzerSuite.mjs(4569,31): error TS2339: Property 'latencySamples' does not exist on type 'string'.
ai-platform/web/simplebeacon-dashboard/js-es2018/services/aiProblemAnalyzerSuite.mjs(4569,58): error TS2339: Property 'latencySamples' does not exist on type 'string'.
ai-platform/web/simplebeacon-dashboard/js-es2018/services/aiProblemAnalyzerSuite.mjs(4570,24): error TS2339: Property 'latencySamples' does not exist on type 'string'.
ai-platform/web/simplebeacon-dashboard/js-es2018/services/aiProblemAnalyzerSuite.mjs(4593,38): error TS2322: Type '{}' is not assignable to type 'string'.
ai-platform/web/simplebeacon-dashboard/js-es2018/services/aiProblemAnalyzerSuite.mjs(4594,31): error TS2339: Property 'errorCases' does not exist on type 'string'.
ai-platform/web/simplebeacon-dashboard/js-es2018/services/aiProblemAnalyzerSuite.mjs(4594,54): error TS2339: Property 'errorCases' does not exist on type 'string'.
ai-platform/web/simplebeacon-dashboard/js-es2018/services/aiProblemAnalyzerSuite.mjs(4595,24): error TS2339: Property 'errorCases' does not exist on type 'string'.
ai-platform/web/simplebeacon-dashboard/js-es2018/services/aiProblemAnalyzerSuite.mjs(4620,47): error TS2322: Type '{}' is not assignable to type 'string'.
ai-platform/web/simplebeacon-dashboard/js-es2018/services/aiProblemAnalyzerSuite.mjs(4621,20): error TS2698: Spread types may only be created from object types.
ai-platform/web/simplebeacon-dashboard/js-es2018/services/aiProblemAnalyzerSuite.mjs(4690,46): error TS2322: Type '{}' is not assignable to type 'string'.
ai-platform/web/simplebeacon-dashboard/js-es2018/services/aiProblemAnalyzerSuite.mjs(4700,33): error TS2740: Type '{}' is missing the following properties from type 'any[]': length, pop, push, concat, and 29 more.
ai-platform/web/simplebeacon-dashboard/js-es2018/services/aiProblemAnalyzerSuite.mjs(4701,13): error TS2339: Property 'context' does not exist on type 'any[]'.
ai-platform/web/simplebeacon-dashboard/js-es2018/services/aiProblemAnalyzerSuite.mjs(4701,37): error TS2339: Property 'default' does not exist on type 'any[]'.
ai-platform/web/simplebeacon-dashboard/js-es2018/services/aiProblemAnalyzerSuite.mjs(4715,39): error TS2322: Type '{}' is not assignable to type 'string'.
ai-platform/web/simplebeacon-dashboard/js-es2018/services/aiProblemAnalyzerSuite.mjs(4929,33): error TS2322: Type '{}' is not assignable to type 'string'.
ai-platform/web/simplebeacon-dashboard/js-es2018/services/aiProblemAnalyzerSuite.mjs(4930,60): error TS2353: Object literal may only specify known properties, and 'context' does not exist in type 'any[]'.
ai-platform/web/simplebeacon-dashboard/js-es2018/services/aiProblemAnalyzerSuite.mjs(4933,5): error TS2353: Object literal may only specify known properties, and 'clampScore' does not exist in type 'any[]'.
ai-platform/web/simplebeacon-dashboard/js-es2018/services/aiProblemAnalyzerSuite.mjs(5126,55): error TS2322: Type '{}' is not assignable to type 'string'.
ai-platform/web/simplebeacon-dashboard/js-es2018/services/aiProblemAnalyzerSuite.mjs(5128,20): error TS2698: Spread types may only be created from object types.
ai-platform/web/simplebeacon-dashboard/js-es2018/services/aiProblemAnalyzerSuite.mjs(5129,35): error TS2339: Property 'codeUnderstanding' does not exist on type 'string'.
ai-platform/web/simplebeacon-dashboard/js-es2018/services/aiProblemAnalyzerSuite.mjs(5130,35): error TS2339: Property 'zscriptReport' does not exist on type 'string'.
ai-platform/web/simplebeacon-dashboard/js-es2018/services/aiProblemAnalyzerSuite.mjs(5130,109): error TS2339: Property 'zscriptReport' does not exist on type 'string'.
ai-platform/web/simplebeacon-dashboard/js-es2018/services/aiProblemAnalyzerSuite.mjs(5176,68): error TS2740: Type '{}' is missing the following properties from type 'any[]': length, pop, push, concat, and 29 more.
ai-platform/web/simplebeacon-dashboard/js-es2018/services/analyzeService.js(2,33): error TS2307: Cannot find module './aiKeysService.js?v=20260711cachefix1' or its corresponding type declarations.
ai-platform/web/simplebeacon-dashboard/js-es2018/services/analyzeService.js(3,29): error TS2307: Cannot find module './scanService.js?v=20260711scanfix1' or its corresponding type declarations.
ai-platform/web/simplebeacon-dashboard/js-es2018/services/analyzeService.js(66,14): error TS1064: The return type of an async function or method must be the global Promise<T> type. Did you mean to write 'Promise<any>'?
ai-platform/web/simplebeacon-dashboard/js-es2018/services/analyzeService.js(69,36): error TS2339: Property 'headers' does not exist on type 'any[]'.
ai-platform/web/simplebeacon-dashboard/js-es2018/services/analyzeService.js(73,28): error TS2339: Property 'text' does not exist on type 'any[]'.
ai-platform/web/simplebeacon-dashboard/js-es2018/services/analyzeService.js(95,59): error TS2339: Property 'location' does not exist on type 'typeof window'.
ai-platform/web/simplebeacon-dashboard/js-es2018/services/analyzeService.js(116,43): error TS2345: Argument of type 'Response' is not assignable to parameter of type 'any[]'.
  Type 'Response' is missing the following properties from type 'any[]': length, pop, push, concat, and 29 more.
ai-platform/web/simplebeacon-dashboard/js-es2018/services/analyzeService.js(127,14): error TS1064: The return type of an async function or method must be the global Promise<T> type. Did you mean to write 'Promise<any>'?
ai-platform/web/simplebeacon-dashboard/js-es2018/services/analyzeService.js(129,60): error TS2322: Type 'number' is not assignable to type 'any[]'.
ai-platform/web/simplebeacon-dashboard/js-es2018/services/analyzeService.js(132,15): error TS2365: Operator '>' cannot be applied to types 'any[]' and 'number'.
ai-platform/web/simplebeacon-dashboard/js-es2018/services/analyzeService.js(133,55): error TS2345: Argument of type 'any[]' is not assignable to parameter of type 'number'.
ai-platform/web/simplebeacon-dashboard/js-es2018/services/analyzeService.js(139,38): error TS2345: Argument of type 'Response' is not assignable to parameter of type 'any[]'.
  Type 'Response' is missing the following properties from type 'any[]': length, pop, push, concat, and 29 more.
ai-platform/web/simplebeacon-dashboard/js-es2018/services/analyzeService.js(193,18): error TS2339: Property 'id' does not exist on type 'string'.
ai-platform/web/simplebeacon-dashboard/js-es2018/services/analyzeService.js(194,33): error TS2339: Property 'configured' does not exist on type 'string'.
ai-platform/web/simplebeacon-dashboard/js-es2018/services/analyzeService.js(194,56): error TS2339: Property 'model' does not exist on type 'string'.
ai-platform/web/simplebeacon-dashboard/js-es2018/services/analyzeService.js(196,29): error TS2339: Property 'configured' does not exist on type 'string'.
ai-platform/web/simplebeacon-dashboard/js-es2018/services/analyzeService.js(201,14): error TS1064: The return type of an async function or method must be the global Promise<T> type. Did you mean to write 'Promise<any>'?
ai-platform/web/simplebeacon-dashboard/js-es2018/services/analyzeService.js(222,14): error TS1064: The return type of an async function or method must be the global Promise<T> type. Did you mean to write 'Promise<any>'?
ai-platform/web/simplebeacon-dashboard/js-es2018/services/analyzeService.js(276,14): error TS1064: The return type of an async function or method must be the global Promise<T> type. Did you mean to write 'Promise<any>'?
ai-platform/web/simplebeacon-dashboard/js-es2018/services/analyzeService.js(380,14): error TS1064: The return type of an async function or method must be the global Promise<T> type. Did you mean to write 'Promise<any>'?
ai-platform/web/simplebeacon-dashboard/js-es2018/services/analyzeService.js(392,103): error TS2339: Property 'type' does not exist on type 'number'.
ai-platform/web/simplebeacon-dashboard/js-es2018/services/analyzeService.js(398,38): error TS2345: Argument of type 'Response' is not assignable to parameter of type 'any[]'.
  Type 'Response' is missing the following properties from type 'any[]': length, pop, push, concat, and 29 more.
ai-platform/web/simplebeacon-dashboard/js-es2018/services/analyzeService.js(422,21): error TS18047: 'exportPayload' is possibly 'null'.
ai-platform/web/simplebeacon-dashboard/js-es2018/services/analyzeService.js(526,15): error TS18047: 'exportPayload' is possibly 'null'.
ai-platform/web/simplebeacon-dashboard/js-es2018/services/analyzeService.js(527,18): error TS18047: 'exportPayload' is possibly 'null'.
ai-platform/web/simplebeacon-dashboard/js-es2018/services/analyzeService.js(528,22): error TS18047: 'exportPayload' is possibly 'null'.
ai-platform/web/simplebeacon-dashboard/js-es2018/services/analyzeService.js(529,22): error TS18047: 'exportPayload' is possibly 'null'.
ai-platform/web/simplebeacon-dashboard/js-es2018/services/analyzeService.js(530,37): error TS18047: 'exportPayload' is possibly 'null'.
ai-platform/web/simplebeacon-dashboard/js-es2018/services/analyzeService.js(530,106): error TS18047: 'exportPayload' is possibly 'null'.
ai-platform/web/simplebeacon-dashboard/js-es2018/services/analyzeService.js(531,18): error TS18047: 'exportPayload' is possibly 'null'.
ai-platform/web/simplebeacon-dashboard/js-es2018/services/analyzeService.js(532,16): error TS18047: 'exportPayload' is possibly 'null'.
ai-platform/web/simplebeacon-dashboard/js-es2018/services/analyzeService.js(589,9): error TS18047: 'exportPayload' is possibly 'null'.
ai-platform/web/simplebeacon-dashboard/js-es2018/services/analyzeService.js(589,48): error TS18047: 'exportPayload' is possibly 'null'.
ai-platform/web/simplebeacon-dashboard/js-es2018/services/analyzeService.js(592,9): error TS18047: 'exportPayload' is possibly 'null'.
ai-platform/web/simplebeacon-dashboard/js-es2018/services/analyzeService.js(593,25): error TS18047: 'exportPayload' is possibly 'null'.
ai-platform/web/simplebeacon-dashboard/js-es2018/services/analyzeService.js(597,22): error TS18047: 'exportPayload' is possibly 'null'.
ai-platform/web/simplebeacon-dashboard/js-es2018/services/analyzeService.js(598,26): error TS18047: 'exportPayload' is possibly 'null'.
ai-platform/web/simplebeacon-dashboard/js-es2018/services/analyzeService.js(599,26): error TS18047: 'exportPayload' is possibly 'null'.
ai-platform/web/simplebeacon-dashboard/js-es2018/services/analyzeService.js(599,55): error TS18047: 'exportPayload' is possibly 'null'.
ai-platform/web/simplebeacon-dashboard/js-es2018/services/analyzeService.js(600,35): error TS18047: 'exportPayload' is possibly 'null'.
ai-platform/web/simplebeacon-dashboard/js-es2018/services/analyzeService.js(603,50): error TS18047: 'exportPayload' is possibly 'null'.
ai-platform/web/simplebeacon-dashboard/js-es2018/services/analyzeService.js(604,52): error TS18047: 'exportPayload' is possibly 'null'.
ai-platform/web/simplebeacon-dashboard/js-es2018/services/analyzeService.js(740,14): error TS1064: The return type of an async function or method must be the global Promise<T> type. Did you mean to write 'Promise<any>'?
ai-platform/web/simplebeacon-dashboard/js-es2018/services/analyzeService.js(774,38): error TS2345: Argument of type 'Response' is not assignable to parameter of type 'any[]'.
  Type 'Response' is missing the following properties from type 'any[]': length, pop, push, concat, and 29 more.
ai-platform/web/simplebeacon-dashboard/js-es2018/services/analyzeService.js(777,13): error TS2339: Property 'code' does not exist on type 'Error'.
ai-platform/web/simplebeacon-dashboard/js-es2018/services/analyzeService.js(778,13): error TS2339: Property 'checkoutUrl' does not exist on type 'Error'.
ai-platform/web/simplebeacon-dashboard/js-es2018/services/analyzeService.js(792,14): error TS1064: The return type of an async function or method must be the global Promise<T> type. Did you mean to write 'Promise<any>'?
ai-platform/web/simplebeacon-dashboard/js-es2018/services/analyzeService.js(812,38): error TS2345: Argument of type 'Response' is not assignable to parameter of type 'any[]'.
  Type 'Response' is missing the following properties from type 'any[]': length, pop, push, concat, and 29 more.
ai-platform/web/simplebeacon-dashboard/js-es2018/services/analyzeService.js(815,13): error TS2339: Property 'code' does not exist on type 'Error'.
ai-platform/web/simplebeacon-dashboard/js-es2018/services/analyzeService.js(816,13): error TS2339: Property 'checkoutUrl' does not exist on type 'Error'.
ai-platform/web/simplebeacon-dashboard/js-es2018/services/analyzeService.js(845,14): error TS1064: The return type of an async function or method must be the global Promise<T> type. Did you mean to write 'Promise<any>'?
ai-platform/web/simplebeacon-dashboard/js-es2018/services/analyzeService.js(881,42): error TS2345: Argument of type 'Response' is not assignable to parameter of type 'any[]'.
  Type 'Response' is missing the following properties from type 'any[]': length, pop, push, concat, and 29 more.
ai-platform/web/simplebeacon-dashboard/js-es2018/services/analyzeService.js(883,13): error TS2339: Property 'code' does not exist on type 'Error'.
ai-platform/web/simplebeacon-dashboard/js-es2018/services/analyzeService.js(884,13): error TS2339: Property 'checkoutUrl' does not exist on type 'Error'.
ai-platform/web/simplebeacon-dashboard/js-es2018/services/analyzeService.js(888,42): error TS2345: Argument of type 'Response' is not assignable to parameter of type 'any[]'.
  Type 'Response' is missing the following properties from type 'any[]': length, pop, push, concat, and 29 more.
ai-platform/web/simplebeacon-dashboard/js-es2018/services/analyzeService.js(890,13): error TS2339: Property 'code' does not exist on type 'Error'.
ai-platform/web/simplebeacon-dashboard/js-es2018/services/analyzeService.js(891,13): error TS2339: Property 'warnings' does not exist on type 'Error'.
ai-platform/web/simplebeacon-dashboard/js-es2018/services/analyzeService.js(895,42): error TS2345: Argument of type 'Response' is not assignable to parameter of type 'any[]'.
  Type 'Response' is missing the following properties from type 'any[]': length, pop, push, concat, and 29 more.
ai-platform/web/simplebeacon-dashboard/js-es2018/services/analyzeService.js(916,16): error TS2584: Cannot find name 'document'. Do you need to change your target library? Try changing the 'lib' compiler option to include 'dom'.
ai-platform/web/simplebeacon-dashboard/js-es2018/services/analyzeService.js(916,45): error TS2584: Cannot find name 'document'. Do you need to change your target library? Try changing the 'lib' compiler option to include 'dom'.
ai-platform/web/simplebeacon-dashboard/js-es2018/services/analyzeService.js(922,18): error TS2584: Cannot find name 'document'. Do you need to change your target library? Try changing the 'lib' compiler option to include 'dom'.
ai-platform/web/simplebeacon-dashboard/js-es2018/services/analyzeService.js(926,5): error TS2584: Cannot find name 'document'. Do you need to change your target library? Try changing the 'lib' compiler option to include 'dom'.
ai-platform/web/simplebeacon-dashboard/js-es2018/services/analyzeService.js(939,14): error TS1064: The return type of an async function or method must be the global Promise<T> type. Did you mean to write 'Promise<any>'?
ai-platform/web/simplebeacon-dashboard/js-es2018/services/analyzeService.js(941,54): error TS2322: Type 'number' is not assignable to type 'any[]'.
ai-platform/web/simplebeacon-dashboard/js-es2018/services/analyzeService.js(951,42): error TS2345: Argument of type 'Response' is not assignable to parameter of type 'any[]'.
  Type 'Response' is missing the following properties from type 'any[]': length, pop, push, concat, and 29 more.
ai-platform/web/simplebeacon-dashboard/js-es2018/services/analyzeService.js(963,14): error TS1064: The return type of an async function or method must be the global Promise<T> type. Did you mean to write 'Promise<any>'?
ai-platform/web/simplebeacon-dashboard/js-es2018/services/analyzeService.js(965,54): error TS2322: Type 'number' is not assignable to type 'any[]'.
ai-platform/web/simplebeacon-dashboard/js-es2018/services/analyzeService.js(976,42): error TS2345: Argument of type 'Response' is not assignable to parameter of type 'any[]'.
  Type 'Response' is missing the following properties from type 'any[]': length, pop, push, concat, and 29 more.
ai-platform/web/simplebeacon-dashboard/js-es2018/services/analyzeService.js(996,34): error TS2339: Property 'open' does not exist on type 'typeof window'.
ai-platform/web/simplebeacon-dashboard/js-es2018/services/analyzeService.js(1010,14): error TS1064: The return type of an async function or method must be the global Promise<T> type. Did you mean to write 'Promise<any>'?
ai-platform/web/simplebeacon-dashboard/js-es2018/services/analyzeService.js(1056,14): error TS1064: The return type of an async function or method must be the global Promise<T> type. Did you mean to write 'Promise<any>'?
ai-platform/web/simplebeacon-dashboard/js-es2018/services/analyzeService.js(1155,14): error TS1064: The return type of an async function or method must be the global Promise<T> type. Did you mean to write 'Promise<any>'?
ai-platform/web/simplebeacon-dashboard/js-es2018/services/analyzeService.js(1259,14): error TS1064: The return type of an async function or method must be the global Promise<T> type. Did you mean to write 'Promise<any>'?
ai-platform/web/simplebeacon-dashboard/js-es2018/services/analyzeService.js(1349,9): error TS2698: Spread types may only be created from object types.
ai-platform/web/simplebeacon-dashboard/js-es2018/services/analyzeService.js(1350,37): error TS18047: 'report' is possibly 'null'.
ai-platform/web/simplebeacon-dashboard/js-es2018/services/analyzeService.js(1351,15): error TS18047: 'report' is possibly 'null'.
ai-platform/web/simplebeacon-dashboard/js-es2018/services/analyzeService.js(1353,37): error TS18047: 'report' is possibly 'null'.
ai-platform/web/simplebeacon-dashboard/js-es2018/services/analyzeService.js(1354,39): error TS18047: 'report' is possibly 'null'.
ai-platform/web/simplebeacon-dashboard/js-es2018/services/analyzeService.js(1355,36): error TS18047: 'report' is possibly 'null'.
ai-platform/web/simplebeacon-dashboard/js-es2018/services/analyzeService.js(1355,98): error TS18047: 'report' is possibly 'null'.
ai-platform/web/simplebeacon-dashboard/js-es2018/services/analyzeService.js(1380,14): error TS1064: The return type of an async function or method must be the global Promise<T> type. Did you mean to write 'Promise<any>'?
ai-platform/web/simplebeacon-dashboard/js-es2018/services/analyzeService.js(1405,38): error TS2345: Argument of type 'Response' is not assignable to parameter of type 'any[]'.
  Type 'Response' is missing the following properties from type 'any[]': length, pop, push, concat, and 29 more.
ai-platform/web/simplebeacon-dashboard/js-es2018/services/analyzeService.js(1445,28): error TS2339: Property 'severityBand' does not exist on type 'boolean'.
ai-platform/web/simplebeacon-dashboard/js-es2018/services/analyzeService.js(1445,50): error TS2339: Property 'severity' does not exist on type 'boolean'.
ai-platform/web/simplebeacon-dashboard/js-es2018/services/analyzeService.js(1479,27): error TS2339: Property 'type' does not exist on type 'number'.
ai-platform/web/simplebeacon-dashboard/js-es2018/services/analyzeService.js(1481,40): error TS2339: Property 'rawIssues' does not exist on type 'number'.
ai-platform/web/simplebeacon-dashboard/js-es2018/services/analyzeService.js(1481,108): error TS2339: Property 'rawIssues' does not exist on type 'number'.
ai-platform/web/simplebeacon-dashboard/js-es2018/services/analyzeService.js(1481,128): error TS2339: Property 'detectedIssues' does not exist on type 'number'.
ai-platform/web/simplebeacon-dashboard/js-es2018/services/analyzeService.js(1483,31): error TS2339: Property 'gate' does not exist on type 'number'.
ai-platform/web/simplebeacon-dashboard/js-es2018/services/analyzeService.js(1483,53): error TS2339: Property 'scanScope' does not exist on type 'number'.
ai-platform/web/simplebeacon-dashboard/js-es2018/services/analyzeService.js(1490,42): error TS2339: Property 'repositoryFilesTotal' does not exist on type 'number'.
ai-platform/web/simplebeacon-dashboard/js-es2018/services/analyzeService.js(1490,110): error TS2339: Property 'repositoryInventory' does not exist on type 'number'.
ai-platform/web/simplebeacon-dashboard/js-es2018/services/analyzeService.js(1491,72): error TS2339: Property 'mockSampleFiles' does not exist on type 'number'.
ai-platform/web/simplebeacon-dashboard/js-es2018/services/analyzeService.js(1491,129): error TS2339: Property 'totalFiles' does not exist on type 'number'.
ai-platform/web/simplebeacon-dashboard/js-es2018/services/analyzeService.js(1493,9): error TS2698: Spread types may only be created from object types.
ai-platform/web/simplebeacon-dashboard/js-es2018/services/analyzeService.js(1504,24): error TS2339: Property 'scanScope' does not exist on type 'number'.
ai-platform/web/simplebeacon-dashboard/js-es2018/services/analyzeService.js(1509,34): error TS2339: Property 'scanScope' does not exist on type 'number'.
ai-platform/web/simplebeacon-dashboard/js-es2018/services/analyzeService.js(1512,41): error TS2339: Property 'scanScope' does not exist on type 'number'.
ai-platform/web/simplebeacon-dashboard/js-es2018/services/analyzeService.js(1577,14): error TS1064: The return type of an async function or method must be the global Promise<T> type. Did you mean to write 'Promise<any>'?
ai-platform/web/simplebeacon-dashboard/js-es2018/services/analyzeService.js(1583,20): error TS2698: Spread types may only be created from object types.
ai-platform/web/simplebeacon-dashboard/js-es2018/services/analyzeService.js(1616,66): error TS2339: Property 'generatedAt' does not exist on type 'number'.
ai-platform/web/simplebeacon-dashboard/js-es2018/services/analyzeService.js(1618,91): error TS2339: Property 'repositoryInventory' does not exist on type 'number'.
ai-platform/web/simplebeacon-dashboard/js-es2018/services/analyzeService.js(1619,18): error TS2339: Property 'repositoryInventory' does not exist on type 'number'.
ai-platform/web/simplebeacon-dashboard/js-es2018/services/analyzeService.js(1621,231): error TS2339: Property 'scanTargetRoot' does not exist on type 'number'.
ai-platform/web/simplebeacon-dashboard/js-es2018/services/analyzeService.js(1621,335): error TS2339: Property 'platformRoot' does not exist on type 'number'.
ai-platform/web/simplebeacon-dashboard/js-es2018/services/analyzeService.js(1621,437): error TS2339: Property 'projectRoot' does not exist on type 'number'.
ai-platform/web/simplebeacon-dashboard/js-es2018/services/analyzeService.js(1623,91): error TS2339: Property 'generatedAt' does not exist on type 'number'.
ai-platform/web/simplebeacon-dashboard/js-es2018/services/analyzeService.js(1639,213): error TS2339: Property 'repositoryFilesTotal' does not exist on type 'number'.
ai-platform/web/simplebeacon-dashboard/js-es2018/services/analyzeService.js(1640,217): error TS2339: Property 'repositoryFoldersTotal' does not exist on type 'number'.
ai-platform/web/simplebeacon-dashboard/js-es2018/services/analyzeService.js(1642,79): error TS2339: Property 'ruleScopedFilesAnalyzed' does not exist on type 'number'.
ai-platform/web/simplebeacon-dashboard/js-es2018/services/analyzeService.js(1642,198): error TS2339: Property 'scanScope' does not exist on type 'number'.
ai-platform/web/simplebeacon-dashboard/js-es2018/services/analyzeService.js(1644,103): error TS2339: Property 'generatedAt' does not exist on type 'number'.
ai-platform/web/simplebeacon-dashboard/js-es2018/services/analyzeService.js(1657,96): error TS2339: Property 'generatedAt' does not exist on type 'number'.
ai-platform/web/simplebeacon-dashboard/js-es2018/services/analyzeService.js(1661,91): error TS2339: Property 'generatedAt' does not exist on type 'number'.
ai-platform/web/simplebeacon-dashboard/js-es2018/services/analyzeService.js(1745,66): error TS2339: Property 'platformRoot' does not exist on type 'number'.
ai-platform/web/simplebeacon-dashboard/js-es2018/services/analyzeService.js(1745,140): error TS2339: Property 'projectRoot' does not exist on type 'number'.
ai-platform/web/simplebeacon-dashboard/js-es2018/services/analyzeService.js(1747,37): error TS2339: Property 'platformRoot' does not exist on type 'number'.
ai-platform/web/simplebeacon-dashboard/js-es2018/services/analyzeService.js(1747,83): error TS2339: Property 'projectRoot' does not exist on type 'number'.
ai-platform/web/simplebeacon-dashboard/js-es2018/services/analyzeService.js(1750,36): error TS2339: Property 'repositoryFilesTotal' does not exist on type 'number'.
ai-platform/web/simplebeacon-dashboard/js-es2018/services/analyzeService.js(1750,104): error TS2339: Property 'repositoryInventory' does not exist on type 'number'.
ai-platform/web/simplebeacon-dashboard/js-es2018/services/analyzeService.js(1751,38): error TS2339: Property 'fictionJsonFilesScanned' does not exist on type 'number'.
ai-platform/web/simplebeacon-dashboard/js-es2018/services/analyzeService.js(1751,109): error TS2339: Property 'scanScope' does not exist on type 'number'.
ai-platform/web/simplebeacon-dashboard/js-es2018/services/analyzeService.js(1889,37): error TS2339: Property 'consistencyScore' does not exist on type 'number'.
ai-platform/web/simplebeacon-dashboard/js-es2018/services/analyzeService.js(1889,95): error TS2339: Property 'schemaCompliance' does not exist on type 'number'.
ai-platform/web/simplebeacon-dashboard/js-es2018/services/analyzeService.js(1889,153): error TS2339: Property 'qualityScore' does not exist on type 'number'.
ai-platform/web/simplebeacon-dashboard/js-es2018/services/analyzeService.js(1926,80): error TS2339: Property 'jestSummary' does not exist on type 'number'.
ai-platform/web/simplebeacon-dashboard/js-es2018/services/analyzeService.js(1935,65): error TS2339: Property 'jestBaselineChecked' does not exist on type 'number'.
ai-platform/web/simplebeacon-dashboard/js-es2018/services/analyzeService.js(1948,65): error TS2339: Property 'pageSampleSchemaChecked' does not exist on type 'number'.
ai-platform/web/simplebeacon-dashboard/js-es2018/services/analyzeService.js(1949,32): error TS2339: Property 'pageSampleSchemaPassed' does not exist on type 'number'.
ai-platform/web/simplebeacon-dashboard/js-es2018/services/analyzeService.js(1949,101): error TS2339: Property 'pageSampleSchemaChecked' does not exist on type 'number'.
ai-platform/web/simplebeacon-dashboard/js-es2018/services/analyzeService.js(1974,23): error TS2554: Expected 3 arguments, but got 2.
ai-platform/web/simplebeacon-dashboard/js-es2018/services/analyzeService.js(2051,64): error TS2339: Property 'totalSizeLabel' does not exist on type 'number'.
ai-platform/web/simplebeacon-dashboard/js-es2018/services/analyzeService.js(2052,27): error TS2339: Property 'totalSizeLabel' does not exist on type 'number'.
ai-platform/web/simplebeacon-dashboard/js-es2018/services/analyzeService.js(2074,74): error TS2339: Property 'scanScope' does not exist on type 'number'.
ai-platform/web/simplebeacon-dashboard/js-es2018/services/analyzeService.js(2089,178): error TS2339: Property 'mockSampleFiles' does not exist on type 'number'.
ai-platform/web/simplebeacon-dashboard/js-es2018/services/analyzeService.js(2090,160): error TS2339: Property 'pageSampleSchemaChecked' does not exist on type 'number'.
ai-platform/web/simplebeacon-dashboard/js-es2018/services/analyzeService.js(2091,172): error TS2339: Property 'productionLeakScanned' does not exist on type 'number'.
ai-platform/web/simplebeacon-dashboard/js-es2018/services/analyzeService.js(2223,68): error TS2339: Property 'rawIssues' does not exist on type 'number'.
ai-platform/web/simplebeacon-dashboard/js-es2018/services/analyzeService.js(2223,138): error TS2339: Property 'detectedIssues' does not exist on type 'number'.
ai-platform/web/simplebeacon-dashboard/js-es2018/services/analyzeService.js(2294,40): error TS2339: Property 'repositoryFilesTotal' does not exist on type 'number'.
ai-platform/web/simplebeacon-dashboard/js-es2018/services/analyzeService.js(2294,108): error TS2339: Property 'scanScope' does not exist on type 'number'.
ai-platform/web/simplebeacon-dashboard/js-es2018/services/analyzeService.js(2295,47): error TS2339: Property 'ruleScopedFilesAnalyzed' does not exist on type 'number'.
ai-platform/web/simplebeacon-dashboard/js-es2018/services/analyzeService.js(2295,118): error TS2339: Property 'scanScope' does not exist on type 'number'.
ai-platform/web/simplebeacon-dashboard/js-es2018/services/analyzeService.js(2296,42): error TS2339: Property 'fictionJsonFilesScanned' does not exist on type 'number'.
ai-platform/web/simplebeacon-dashboard/js-es2018/services/analyzeService.js(2296,113): error TS2339: Property 'scanScope' does not exist on type 'number'.
ai-platform/web/simplebeacon-dashboard/js-es2018/services/analyzeService.js(2331,46): error TS2339: Property 'fictionJsonFilesScanned' does not exist on type 'number'.
ai-platform/web/simplebeacon-dashboard/js-es2018/services/analyzeService.js(2331,117): error TS2339: Property 'scanScope' does not exist on type 'number'.
ai-platform/web/simplebeacon-dashboard/js-es2018/services/analyzeService.js(2332,48): error TS2339: Property 'fictionSampleFilesScanned' does not exist on type 'number'.
ai-platform/web/simplebeacon-dashboard/js-es2018/services/analyzeService.js(2332,115): error TS2339: Property 'mockSampleFiles' does not exist on type 'number'.
ai-platform/web/simplebeacon-dashboard/js-es2018/services/analyzeService.js(2349,36): error TS2339: Property 'repositoryFilesTotal' does not exist on type 'number'.
ai-platform/web/simplebeacon-dashboard/js-es2018/services/analyzeService.js(2349,104): error TS2339: Property 'repositoryInventory' does not exist on type 'number'.
ai-platform/web/simplebeacon-dashboard/js-es2018/services/analyzeService.js(2350,31): error TS2339: Property 'ruleScopedFilesAnalyzed' does not exist on type 'number'.
ai-platform/web/simplebeacon-dashboard/js-es2018/services/analyzeService.js(2351,38): error TS2339: Property 'fictionJsonFilesScanned' does not exist on type 'number'.
ai-platform/web/simplebeacon-dashboard/js-es2018/services/analyzeService.js(2351,109): error TS2339: Property 'scanScope' does not exist on type 'number'.
ai-platform/web/simplebeacon-dashboard/js-es2018/services/analyzeService.js(2352,29): error TS2339: Property 'jestBaselineChecked' does not exist on type 'number'.
ai-platform/web/simplebeacon-dashboard/js-es2018/services/analyzeService.js(2352,76): error TS2339: Property 'scanScope' does not exist on type 'number'.
ai-platform/web/simplebeacon-dashboard/js-es2018/services/analyzeService.js(2356,40): error TS2339: Property 'gate' does not exist on type 'number'.
ai-platform/web/simplebeacon-dashboard/js-es2018/services/analyzeService.js(2358,68): error TS2339: Property 'gate' does not exist on type 'number'.
ai-platform/web/simplebeacon-dashboard/js-es2018/services/analyzeService.js(2360,22): error TS2339: Property 'gate' does not exist on type 'number'.
ai-platform/web/simplebeacon-dashboard/js-es2018/services/analyzeService.js(2366,50): error TS2339: Property 'scanScope' does not exist on type 'number'.
ai-platform/web/simplebeacon-dashboard/js-es2018/services/analyzeService.js(2371,39): error TS2339: Property 'scanScope' does not exist on type 'number'.
ai-platform/web/simplebeacon-dashboard/js-es2018/services/analyzeService.js(2376,36): error TS2339: Property 'gate' does not exist on type 'number'.
ai-platform/web/simplebeacon-dashboard/js-es2018/services/analyzeService.js(2378,18): error TS2339: Property 'gate' does not exist on type 'number'.
ai-platform/web/simplebeacon-dashboard/js-es2018/services/analyzeService.js(2396,55): error TS2339: Property 'projectRoot' does not exist on type 'number'.
ai-platform/web/simplebeacon-dashboard/js-es2018/services/analyzeService.js(2397,59): error TS2554: Expected 1 arguments, but got 2.
ai-platform/web/simplebeacon-dashboard/js-es2018/services/analyzeService.js(2409,8): error TS2554: Expected 1 arguments, but got 2.
ai-platform/web/simplebeacon-dashboard/js-es2018/services/analyzeService.js(2439,14): error TS1064: The return type of an async function or method must be the global Promise<T> type. Did you mean to write 'Promise<any>'?
ai-platform/web/simplebeacon-dashboard/js-es2018/services/analyzeService.js(2444,27): error TS2339: Property 'text' does not exist on type 'string'.
ai-platform/web/simplebeacon-dashboard/js-es2018/services/analyzeService.js(2459,14): error TS1064: The return type of an async function or method must be the global Promise<T> type. Did you mean to write 'Promise<any>'?
ai-platform/web/simplebeacon-dashboard/js-es2018/services/analyzeService.js(2463,45): error TS2339: Property 'name' does not exist on type 'string'.
ai-platform/web/simplebeacon-dashboard/js-es2018/services/analyzeService.js(2463,73): error TS2339: Property 'type' does not exist on type 'string'.
ai-platform/web/simplebeacon-dashboard/js-es2018/services/analyzeService.js(2470,43): error TS2339: Property 'name' does not exist on type 'string'.
ai-platform/web/simplebeacon-dashboard/js-es2018/services/analyzeService.js(2483,14): error TS1064: The return type of an async function or method must be the global Promise<T> type. Did you mean to write 'Promise<any>'?
ai-platform/web/simplebeacon-dashboard/js-es2018/services/analyzeService.js(2500,51): error TS2345: Argument of type 'Response' is not assignable to parameter of type 'any[]'.
  Type 'Response' is missing the following properties from type 'any[]': length, pop, push, concat, and 29 more.
ai-platform/web/simplebeacon-dashboard/js-es2018/services/analyzeService.js(2510,14): error TS1064: The return type of an async function or method must be the global Promise<T> type. Did you mean to write 'Promise<any>'?
ai-platform/web/simplebeacon-dashboard/js-es2018/services/analyzeService.js(2529,14): error TS1064: The return type of an async function or method must be the global Promise<T> type. Did you mean to write 'Promise<any>'?
ai-platform/web/simplebeacon-dashboard/js-es2018/services/analyzeService.js(2545,14): error TS1064: The return type of an async function or method must be the global Promise<T> type. Did you mean to write 'Promise<any>'?
ai-platform/web/simplebeacon-dashboard/js-es2018/services/analyzeService.js(2568,14): error TS1064: The return type of an async function or method must be the global Promise<T> type. Did you mean to write 'Promise<any>'?
ai-platform/web/simplebeacon-dashboard/js-es2018/services/analyzeService.js(2585,14): error TS1064: The return type of an async function or method must be the global Promise<T> type. Did you mean to write 'Promise<any>'?
ai-platform/web/simplebeacon-dashboard/js-es2018/services/analyzeService.js(2611,89): error TS2339: Property 'generatedAt' does not exist on type 'number'.
ai-platform/web/simplebeacon-dashboard/js-es2018/services/analyzeService.js(2637,12): error TS2304: Cannot find name 'FileList'.
ai-platform/web/simplebeacon-dashboard/js-es2018/services/analyzeService.js(2643,56): error TS2741: Property 'analysisType' is missing in type '{}' but required in type '{ analysisType: string; timeoutMs?: number; }'.
ai-platform/web/simplebeacon-dashboard/js-es2018/services/analyzeService.js(2661,8): error TS2345: Argument of type 'number' is not assignable to parameter of type 'any[]'.
ai-platform/web/simplebeacon-dashboard/js-es2018/services/assessmentService.js(54,17): error TS2339: Property 'status' does not exist on type 'Error'.
ai-platform/web/simplebeacon-dashboard/js-es2018/services/authService.js(8,16): error TS2304: Cannot find name 'location'.
ai-platform/web/simplebeacon-dashboard/js-es2018/services/authService.js(8,80): error TS2304: Cannot find name 'location'.
ai-platform/web/simplebeacon-dashboard/js-es2018/services/authService.js(8,103): error TS2304: Cannot find name 'location'.
ai-platform/web/simplebeacon-dashboard/js-es2018/services/authService.js(25,15): error TS2584: Cannot find name 'document'. Do you need to change your target library? Try changing the 'lib' compiler option to include 'dom'.
ai-platform/web/simplebeacon-dashboard/js-es2018/services/authService.js(36,5): error TS2584: Cannot find name 'document'. Do you need to change your target library? Try changing the 'lib' compiler option to include 'dom'.
ai-platform/web/simplebeacon-dashboard/js-es2018/services/authService.js(44,5): error TS2584: Cannot find name 'document'. Do you need to change your target library? Try changing the 'lib' compiler option to include 'dom'.
ai-platform/web/simplebeacon-dashboard/js-es2018/services/authService.js(93,20): error TS2339: Property 'addEventListener' does not exist on type 'typeof window'.
ai-platform/web/simplebeacon-dashboard/js-es2018/services/authService.js(102,20): error TS2339: Property 'dispatchEvent' does not exist on type 'typeof window'.
ai-platform/web/simplebeacon-dashboard/js-es2018/services/authService.js(163,53): error TS2339: Property 'parent' does not exist on type 'typeof window'.
ai-platform/web/simplebeacon-dashboard/js-es2018/services/authService.js(166,20): error TS2339: Property 'parent' does not exist on type 'typeof window'.
ai-platform/web/simplebeacon-dashboard/js-es2018/services/authService.js(183,53): error TS2339: Property 'parent' does not exist on type 'typeof window'.
ai-platform/web/simplebeacon-dashboard/js-es2018/services/authService.js(184,20): error TS2339: Property 'parent' does not exist on type 'typeof window'.
ai-platform/web/simplebeacon-dashboard/js-es2018/services/authService.js(242,44): error TS2339: Property 'authRequired' does not exist on type 'object'.
ai-platform/web/simplebeacon-dashboard/js-es2018/services/authService.js(352,54): error TS2339: Property 'location' does not exist on type 'typeof window'.
ai-platform/web/simplebeacon-dashboard/js-es2018/services/authService.js(352,98): error TS2339: Property 'location' does not exist on type 'typeof window'.
ai-platform/web/simplebeacon-dashboard/js-es2018/services/authService.js(499,29): error TS2339: Property 'password' does not exist on type '{}'.
ai-platform/web/simplebeacon-dashboard/js-es2018/services/billingService.js(129,13): error TS2339: Property 'code' does not exist on type 'Error'.
ai-platform/web/simplebeacon-dashboard/js-es2018/services/billingService.js(138,13): error TS2339: Property 'code' does not exist on type 'Error'.
ai-platform/web/simplebeacon-dashboard/js-es2018/services/browserSandboxScanService.js(68,57): error TS2339: Property 'showDirectoryPicker' does not exist on type 'typeof window'.
ai-platform/web/simplebeacon-dashboard/js-es2018/services/browserSandboxScanService.js(170,40): error TS2339: Property 'showDirectoryPicker' does not exist on type 'typeof window'.
ai-platform/web/simplebeacon-dashboard/js-es2018/services/browserSandboxScanService.js(180,19): error TS2584: Cannot find name 'document'. Do you need to change your target library? Try changing the 'lib' compiler option to include 'dom'.
ai-platform/web/simplebeacon-dashboard/js-es2018/services/browserSandboxScanService.js(223,5): error TS2584: Cannot find name 'document'. Do you need to change your target library? Try changing the 'lib' compiler option to include 'dom'.
ai-platform/web/simplebeacon-dashboard/js-es2018/services/browserSandboxScanService.js(235,47): error TS2304: Cannot find name 'Worker'.
ai-platform/web/simplebeacon-dashboard/js-es2018/services/browserSandboxScanService.js(237,16): error TS2304: Cannot find name 'Worker'.
ai-platform/web/simplebeacon-dashboard/js-es2018/services/browserSandboxScanService.js(237,50): error TS1343: The 'import.meta' meta-property is only allowed when the '--module' option is 'es2020', 'es2022', 'esnext', 'system', 'node16', 'node18', 'node20', or 'nodenext'.
ai-platform/web/simplebeacon-dashboard/js-es2018/services/browserSandboxScanService.js(398,12): error TS2304: Cannot find name 'DataTransferItemList'.
ai-platform/web/simplebeacon-dashboard/js-es2018/services/browserSandboxScanService.js(445,12): error TS2304: Cannot find name 'DataTransferItemList'.
ai-platform/web/simplebeacon-dashboard/js-es2018/services/cliUploadService.js(5,16): error TS2304: Cannot find name 'location'.
ai-platform/web/simplebeacon-dashboard/js-es2018/services/cliUploadService.js(5,80): error TS2304: Cannot find name 'location'.
ai-platform/web/simplebeacon-dashboard/js-es2018/services/cliUploadService.js(5,103): error TS2304: Cannot find name 'location'.
ai-platform/web/simplebeacon-dashboard/js-es2018/services/cliUploadService.js(23,19): error TS2339: Property 'success' does not exist on type 'unknown'.
ai-platform/web/simplebeacon-dashboard/js-es2018/services/cliUploadService.js(24,34): error TS2339: Property 'error' does not exist on type 'unknown'.
ai-platform/web/simplebeacon-dashboard/js-es2018/services/cliUploadService.js(25,21): error TS2339: Property 'apiKey' does not exist on type 'unknown'.
ai-platform/web/simplebeacon-dashboard/js-es2018/services/cliUploadService.js(40,17): error TS2339: Property 'history' does not exist on type 'unknown'.
ai-platform/web/simplebeacon-dashboard/js-es2018/services/cliUploadService.js(49,17): error TS2339: Property 'report' does not exist on type 'unknown'.
ai-platform/web/simplebeacon-dashboard/js-es2018/services/cliUploadService.js(63,18): error TS2584: Cannot find name 'document'. Do you need to change your target library? Try changing the 'lib' compiler option to include 'dom'.
ai-platform/web/simplebeacon-dashboard/js-es2018/services/cliUploadService.js(67,20): error TS2584: Cannot find name 'document'. Do you need to change your target library? Try changing the 'lib' compiler option to include 'dom'.
ai-platform/web/simplebeacon-dashboard/js-es2018/services/cliUploadService.js(69,19): error TS2584: Cannot find name 'document'. Do you need to change your target library? Try changing the 'lib' compiler option to include 'dom'.
ai-platform/web/simplebeacon-dashboard/js-es2018/services/cliUploadService.js(72,19): error TS2584: Cannot find name 'document'. Do you need to change your target library? Try changing the 'lib' compiler option to include 'dom'.
ai-platform/web/simplebeacon-dashboard/js-es2018/services/cliUploadService.js(78,18): error TS2584: Cannot find name 'document'. Do you need to change your target library? Try changing the 'lib' compiler option to include 'dom'.
ai-platform/web/simplebeacon-dashboard/js-es2018/services/cliUploadService.js(82,21): error TS2584: Cannot find name 'document'. Do you need to change your target library? Try changing the 'lib' compiler option to include 'dom'.
ai-platform/web/simplebeacon-dashboard/js-es2018/services/cliUploadService.js(84,18): error TS2584: Cannot find name 'document'. Do you need to change your target library? Try changing the 'lib' compiler option to include 'dom'.
ai-platform/web/simplebeacon-dashboard/js-es2018/services/cliUploadService.js(88,21): error TS2584: Cannot find name 'document'. Do you need to change your target library? Try changing the 'lib' compiler option to include 'dom'.
ai-platform/web/simplebeacon-dashboard/js-es2018/services/cliUploadService.js(93,19): error TS2339: Property 'clipboard' does not exist on type 'Navigator'.
ai-platform/web/simplebeacon-dashboard/js-es2018/services/cliUploadService.js(100,18): error TS2584: Cannot find name 'document'. Do you need to change your target library? Try changing the 'lib' compiler option to include 'dom'.
ai-platform/web/simplebeacon-dashboard/js-es2018/services/cliUploadService.js(128,18): error TS2584: Cannot find name 'document'. Do you need to change your target library? Try changing the 'lib' compiler option to include 'dom'.
ai-platform/web/simplebeacon-dashboard/js-es2018/services/cliUploadService.js(131,20): error TS2584: Cannot find name 'document'. Do you need to change your target library? Try changing the 'lib' compiler option to include 'dom'.
ai-platform/web/simplebeacon-dashboard/js-es2018/services/cliUploadService.js(133,24): error TS2584: Cannot find name 'document'. Do you need to change your target library? Try changing the 'lib' compiler option to include 'dom'.
ai-platform/web/simplebeacon-dashboard/js-es2018/services/cliUploadService.js(134,16): error TS2584: Cannot find name 'document'. Do you need to change your target library? Try changing the 'lib' compiler option to include 'dom'.
ai-platform/web/simplebeacon-dashboard/js-es2018/services/cliUploadService.js(137,20): error TS2584: Cannot find name 'document'. Do you need to change your target library? Try changing the 'lib' compiler option to include 'dom'.
ai-platform/web/simplebeacon-dashboard/js-es2018/services/cliUploadService.js(142,24): error TS2584: Cannot find name 'document'. Do you need to change your target library? Try changing the 'lib' compiler option to include 'dom'.
ai-platform/web/simplebeacon-dashboard/js-es2018/services/cliUploadService.js(148,18): error TS2584: Cannot find name 'document'. Do you need to change your target library? Try changing the 'lib' compiler option to include 'dom'.
ai-platform/web/simplebeacon-dashboard/js-es2018/services/cliUploadService.js(150,18): error TS2584: Cannot find name 'document'. Do you need to change your target library? Try changing the 'lib' compiler option to include 'dom'.
ai-platform/web/simplebeacon-dashboard/js-es2018/services/cliUploadService.js(151,16): error TS2584: Cannot find name 'document'. Do you need to change your target library? Try changing the 'lib' compiler option to include 'dom'.
ai-platform/web/simplebeacon-dashboard/js-es2018/services/cliUploadService.js(153,16): error TS2584: Cannot find name 'document'. Do you need to change your target library? Try changing the 'lib' compiler option to include 'dom'.
ai-platform/web/simplebeacon-dashboard/js-es2018/services/cliUploadService.js(155,16): error TS2584: Cannot find name 'document'. Do you need to change your target library? Try changing the 'lib' compiler option to include 'dom'.
ai-platform/web/simplebeacon-dashboard/js-es2018/services/cliUploadService.js(159,16): error TS2584: Cannot find name 'document'. Do you need to change your target library? Try changing the 'lib' compiler option to include 'dom'.
ai-platform/web/simplebeacon-dashboard/js-es2018/services/cliUploadService.js(161,16): error TS2584: Cannot find name 'document'. Do you need to change your target library? Try changing the 'lib' compiler option to include 'dom'.
ai-platform/web/simplebeacon-dashboard/js-es2018/services/cliUploadService.js(163,16): error TS2584: Cannot find name 'document'. Do you need to change your target library? Try changing the 'lib' compiler option to include 'dom'.
ai-platform/web/simplebeacon-dashboard/js-es2018/services/cliUploadService.js(169,19): error TS2584: Cannot find name 'document'. Do you need to change your target library? Try changing the 'lib' compiler option to include 'dom'.
ai-platform/web/simplebeacon-dashboard/js-es2018/services/cliUploadService.js(170,16): error TS2584: Cannot find name 'document'. Do you need to change your target library? Try changing the 'lib' compiler option to include 'dom'.
ai-platform/web/simplebeacon-dashboard/js-es2018/services/cliUploadService.js(172,16): error TS2584: Cannot find name 'document'. Do you need to change your target library? Try changing the 'lib' compiler option to include 'dom'.
ai-platform/web/simplebeacon-dashboard/js-es2018/services/cliUploadService.js(174,16): error TS2584: Cannot find name 'document'. Do you need to change your target library? Try changing the 'lib' compiler option to include 'dom'.
ai-platform/web/simplebeacon-dashboard/js-es2018/services/cliUploadService.js(178,16): error TS2584: Cannot find name 'document'. Do you need to change your target library? Try changing the 'lib' compiler option to include 'dom'.
ai-platform/web/simplebeacon-dashboard/js-es2018/services/cliUploadService.js(180,16): error TS2584: Cannot find name 'document'. Do you need to change your target library? Try changing the 'lib' compiler option to include 'dom'.
ai-platform/web/simplebeacon-dashboard/js-es2018/services/cliUploadService.js(182,16): error TS2584: Cannot find name 'document'. Do you need to change your target library? Try changing the 'lib' compiler option to include 'dom'.
ai-platform/web/simplebeacon-dashboard/js-es2018/services/extendedAnalyzers.mjs(7,13): error TS2339: Property 'clampScore' does not exist on type 'any[]'.
ai-platform/web/simplebeacon-dashboard/js-es2018/services/extendedAnalyzers.mjs(7,25): error TS2339: Property 'finalizeRiskAssessment' does not exist on type 'any[]'.
ai-platform/web/simplebeacon-dashboard/js-es2018/services/extendedAnalyzers.mjs(7,49): error TS2339: Property 'buildHigherBetterResult' does not exist on type 'any[]'.
ai-platform/web/simplebeacon-dashboard/js-es2018/services/extendedAnalyzers.mjs(7,74): error TS2339: Property 'buildLowerBetterResult' does not exist on type 'any[]'.
ai-platform/web/simplebeacon-dashboard/js-es2018/services/extendedAnalyzers.mjs(7,98): error TS2339: Property 'buildInsufficientResult' does not exist on type 'any[]'.
ai-platform/web/simplebeacon-dashboard/js-es2018/services/extendedAnalyzers.mjs(7,123): error TS2339: Property 'collectSocietalImpactText' does not exist on type 'any[]'.
ai-platform/web/simplebeacon-dashboard/js-es2018/services/extendedAnalyzers.mjs(7,150): error TS2339: Property 'collectMarketShares' does not exist on type 'any[]'.
ai-platform/web/simplebeacon-dashboard/js-es2018/services/extendedAnalyzers.mjs(7,171): error TS2339: Property 'computeHhi' does not exist on type 'any[]'.
ai-platform/web/simplebeacon-dashboard/js-es2018/services/extendedAnalyzers.mjs(7,183): error TS2339: Property 'MARKET_LOCKIN_MARKERS' does not exist on type 'any[]'.
ai-platform/web/simplebeacon-dashboard/js-es2018/services/extendedAnalyzers.mjs(7,206): error TS2339: Property 'isScanReportContext' does not exist on type 'any[]'.
ai-platform/web/simplebeacon-dashboard/js-es2018/services/fingerprintService.js(236,17): error TS2353: Object literal may only specify known properties, and 'id' does not exist in type '{ name: string; confidence: number; profile: string; totalFiles: number; metadata: any; }'.
ai-platform/web/simplebeacon-dashboard/js-es2018/services/fingerprintService.js(250,9): error TS2353: Object literal may only specify known properties, and 'id' does not exist in type '{ name: string; confidence: number; profile: string; totalFiles: number; metadata: any; }'.
ai-platform/web/simplebeacon-dashboard/js-es2018/services/fingerprintService.js(262,12): error TS2304: Cannot find name 'FileSystemDirectoryHandle'.
ai-platform/web/simplebeacon-dashboard/js-es2018/services/fingerprintService.js(262,38): error TS2304: Cannot find name 'FileSystemDirectoryEntry'.
ai-platform/web/simplebeacon-dashboard/js-es2018/services/localAgentService.js(32,54): error TS2339: Property 'simplebeaconAgentBridge' does not exist on type 'typeof window'.
ai-platform/web/simplebeacon-dashboard/js-es2018/services/localAgentService.js(35,38): error TS2339: Property 'simplebeaconAgentBridge' does not exist on type 'typeof window'.
ai-platform/web/simplebeacon-dashboard/js-es2018/services/localAgentService.js(35,80): error TS2339: Property 'simplebeaconAgentBridge' does not exist on type 'typeof window'.
ai-platform/web/simplebeacon-dashboard/js-es2018/services/localAgentService.js(117,16): error TS2339: Property 'location' does not exist on type 'typeof window'.
ai-platform/web/simplebeacon-dashboard/js-es2018/services/localAgentService.js(131,19): error TS2339: Property 'location' does not exist on type 'typeof window'.
ai-platform/web/simplebeacon-dashboard/js-es2018/services/localAgentService.js(235,12): error TS2304: Cannot find name 'HTMLElement'.
ai-platform/web/simplebeacon-dashboard/js-es2018/services/localAgentService.js(244,21): error TS2584: Cannot find name 'document'. Do you need to change your target library? Try changing the 'lib' compiler option to include 'dom'.
ai-platform/web/simplebeacon-dashboard/js-es2018/services/localAgentService.js(246,20): error TS2584: Cannot find name 'document'. Do you need to change your target library? Try changing the 'lib' compiler option to include 'dom'.
ai-platform/web/simplebeacon-dashboard/js-es2018/services/localAgentService.js(248,24): error TS2584: Cannot find name 'document'. Do you need to change your target library? Try changing the 'lib' compiler option to include 'dom'.
ai-platform/web/simplebeacon-dashboard/js-es2018/services/localAgentService.js(250,19): error TS2584: Cannot find name 'document'. Do you need to change your target library? Try changing the 'lib' compiler option to include 'dom'.
ai-platform/web/simplebeacon-dashboard/js-es2018/services/localAgentService.js(253,20): error TS2584: Cannot find name 'document'. Do you need to change your target library? Try changing the 'lib' compiler option to include 'dom'.
ai-platform/web/simplebeacon-dashboard/js-es2018/services/localAgentService.js(258,19): error TS2584: Cannot find name 'document'. Do you need to change your target library? Try changing the 'lib' compiler option to include 'dom'.
ai-platform/web/simplebeacon-dashboard/js-es2018/services/localAgentService.js(264,18): error TS2584: Cannot find name 'document'. Do you need to change your target library? Try changing the 'lib' compiler option to include 'dom'.
ai-platform/web/simplebeacon-dashboard/js-es2018/services/localAgentService.js(267,19): error TS2584: Cannot find name 'document'. Do you need to change your target library? Try changing the 'lib' compiler option to include 'dom'.
ai-platform/web/simplebeacon-dashboard/js-es2018/services/localAgentService.js(269,23): error TS2584: Cannot find name 'document'. Do you need to change your target library? Try changing the 'lib' compiler option to include 'dom'.
ai-platform/web/simplebeacon-dashboard/js-es2018/services/localAgentService.js(271,23): error TS2584: Cannot find name 'document'. Do you need to change your target library? Try changing the 'lib' compiler option to include 'dom'.
ai-platform/web/simplebeacon-dashboard/js-es2018/services/localAgentService.js(281,18): error TS2584: Cannot find name 'document'. Do you need to change your target library? Try changing the 'lib' compiler option to include 'dom'.
ai-platform/web/simplebeacon-dashboard/js-es2018/services/localAgentService.js(284,19): error TS2584: Cannot find name 'document'. Do you need to change your target library? Try changing the 'lib' compiler option to include 'dom'.
ai-platform/web/simplebeacon-dashboard/js-es2018/services/localAgentService.js(294,26): error TS2584: Cannot find name 'document'. Do you need to change your target library? Try changing the 'lib' compiler option to include 'dom'.
ai-platform/web/simplebeacon-dashboard/js-es2018/services/localAgentService.js(298,22): error TS2584: Cannot find name 'document'. Do you need to change your target library? Try changing the 'lib' compiler option to include 'dom'.
ai-platform/web/simplebeacon-dashboard/js-es2018/services/localAgentService.js(302,23): error TS2584: Cannot find name 'document'. Do you need to change your target library? Try changing the 'lib' compiler option to include 'dom'.
ai-platform/web/simplebeacon-dashboard/js-es2018/services/localAgentService.js(308,25): error TS2584: Cannot find name 'document'. Do you need to change your target library? Try changing the 'lib' compiler option to include 'dom'.
ai-platform/web/simplebeacon-dashboard/js-es2018/services/localAgentService.js(351,50): error TS2339: Property 'navigator' does not exist on type 'typeof window'.
ai-platform/web/simplebeacon-dashboard/js-es2018/services/localAgentService.js(353,23): error TS2339: Property 'navigator' does not exist on type 'typeof window'.
ai-platform/web/simplebeacon-dashboard/js-es2018/services/localScanService.js(2,74): error TS1343: The 'import.meta' meta-property is only allowed when the '--module' option is 'es2020', 'es2022', 'esnext', 'system', 'node16', 'node18', 'node20', or 'nodenext'.
ai-platform/web/simplebeacon-dashboard/js-es2018/services/localScanService.js(7,12): error TS2304: Cannot find name 'FileSystemDirectoryHandle'.
ai-platform/web/simplebeacon-dashboard/js-es2018/services/localScanService.js(9,39): error TS2304: Cannot find name 'FileSystemFileHandle'.
ai-platform/web/simplebeacon-dashboard/js-es2018/services/localScanService.js(10,49): error TS2304: Cannot find name 'FileSystemFileHandle'.
ai-platform/web/simplebeacon-dashboard/js-es2018/services/localScanService.js(99,12): error TS2304: Cannot find name 'FileSystemDirectoryHandle'.
ai-platform/web/simplebeacon-dashboard/js-es2018/services/localScanService.js(100,12): error TS2304: Cannot find name 'FileList'.
ai-platform/web/simplebeacon-dashboard/js-es2018/services/localScanService.js(105,35): error TS2339: Property 'showDirectoryPicker' does not exist on type 'typeof window'.
ai-platform/web/simplebeacon-dashboard/js-es2018/services/localScanService.js(117,61): error TS2339: Property 'showDirectoryPicker' does not exist on type 'typeof window'.
ai-platform/web/simplebeacon-dashboard/js-es2018/services/localScanService.js(126,28): error TS2304: Cannot find name 'Worker'.
ai-platform/web/simplebeacon-dashboard/js-es2018/services/operatorService.js(24,14): error TS1064: The return type of an async function or method must be the global Promise<T> type. Did you mean to write 'Promise<any>'?
ai-platform/web/simplebeacon-dashboard/js-es2018/services/operatorService.js(43,14): error TS1064: The return type of an async function or method must be the global Promise<T> type. Did you mean to write 'Promise<any>'?
ai-platform/web/simplebeacon-dashboard/js-es2018/services/operatorService.js(50,14): error TS1064: The return type of an async function or method must be the global Promise<T> type. Did you mean to write 'Promise<any>'?
ai-platform/web/simplebeacon-dashboard/js-es2018/services/operatorService.js(58,14): error TS1064: The return type of an async function or method must be the global Promise<T> type. Did you mean to write 'Promise<any>'?
ai-platform/web/simplebeacon-dashboard/js-es2018/services/operatorService.js(69,14): error TS1064: The return type of an async function or method must be the global Promise<T> type. Did you mean to write 'Promise<any>'?
ai-platform/web/simplebeacon-dashboard/js-es2018/services/operatorService.js(77,14): error TS1064: The return type of an async function or method must be the global Promise<T> type. Did you mean to write 'Promise<any>'?
ai-platform/web/simplebeacon-dashboard/js-es2018/services/pathHealthService.js(7,14): error TS1064: The return type of an async function or method must be the global Promise<T> type. Did you mean to write 'Promise<any>'?
ai-platform/web/simplebeacon-dashboard/js-es2018/services/pathHealthService.js(19,18): error TS2339: Property 'status' does not exist on type 'unknown'.
ai-platform/web/simplebeacon-dashboard/js-es2018/services/pathHealthService.js(20,34): error TS2339: Property 'message' does not exist on type 'unknown'.
ai-platform/web/simplebeacon-dashboard/js-es2018/services/pathHealthService.js(35,14): error TS1064: The return type of an async function or method must be the global Promise<T> type. Did you mean to write 'Promise<any>'?
ai-platform/web/simplebeacon-dashboard/js-es2018/services/pathHealthService.js(43,14): error TS1064: The return type of an async function or method must be the global Promise<T> type. Did you mean to write 'Promise<any>'?
ai-platform/web/simplebeacon-dashboard/js-es2018/services/pathHealthService.js(51,14): error TS1064: The return type of an async function or method must be the global Promise<T> type. Did you mean to write 'Promise<any>'?
ai-platform/web/simplebeacon-dashboard/js-es2018/services/platformService.js(34,14): error TS1064: The return type of an async function or method must be the global Promise<T> type. Did you mean to write 'Promise<any>'?
ai-platform/web/simplebeacon-dashboard/js-es2018/services/platformService.js(36,31): error TS2322: Type 'number' is not assignable to type 'any[]'.
ai-platform/web/simplebeacon-dashboard/js-es2018/services/platformService.js(39,95): error TS2345: Argument of type 'any[]' is not assignable to parameter of type 'number'.
ai-platform/web/simplebeacon-dashboard/js-es2018/services/platformService.js(114,83): error TS2345: Argument of type 'number' is not assignable to parameter of type 'any[]'.
ai-platform/web/simplebeacon-dashboard/js-es2018/services/scanService.js(6,44): error TS2307: Cannot find module '../utils/dashboard-export.browser.js?v=20260616demodashboard1' or its corresponding type declarations.
ai-platform/web/simplebeacon-dashboard/js-es2018/services/scanService.js(70,16): error TS2304: Cannot find name 'location'.
ai-platform/web/simplebeacon-dashboard/js-es2018/services/scanService.js(70,80): error TS2304: Cannot find name 'location'.
ai-platform/web/simplebeacon-dashboard/js-es2018/services/scanService.js(70,103): error TS2304: Cannot find name 'location'.
ai-platform/web/simplebeacon-dashboard/js-es2018/services/scanService.js(88,14): error TS1064: The return type of an async function or method must be the global Promise<T> type. Did you mean to write 'Promise<any>'?
ai-platform/web/simplebeacon-dashboard/js-es2018/services/scanService.js(105,17): error TS2339: Property 'code' does not exist on type 'Error'.
ai-platform/web/simplebeacon-dashboard/js-es2018/services/scanService.js(110,17): error TS2339: Property 'code' does not exist on type 'Error'.
ai-platform/web/simplebeacon-dashboard/js-es2018/services/scanService.js(114,13): error TS2339: Property 'code' does not exist on type 'Error'.
ai-platform/web/simplebeacon-dashboard/js-es2018/services/scanService.js(115,13): error TS2339: Property 'details' does not exist on type 'Error'.
ai-platform/web/simplebeacon-dashboard/js-es2018/services/scanService.js(120,13): error TS2339: Property 'code' does not exist on type 'Error'.
ai-platform/web/simplebeacon-dashboard/js-es2018/services/scanService.js(373,17): error TS2339: Property 'code' does not exist on type 'Error'.
ai-platform/web/simplebeacon-dashboard/js-es2018/services/scanWorker.js(6,7): error TS2451: Cannot redeclare block-scoped variable 'MAX_LINE_LEN'.
ai-platform/web/simplebeacon-dashboard/js-es2018/services/scanWorker.js(8,7): error TS2451: Cannot redeclare block-scoped variable 'SIGNATURE_ENGINE'.
ai-platform/web/simplebeacon-dashboard/js-es2018/services/scanWorker.js(119,1): error TS2322: Type '(e: any) => void' is not assignable to type '(e: any) => Promise<void>'.
  Type 'void' is not assignable to type 'Promise<void>'.
ai-platform/web/simplebeacon-dashboard/js-es2018/services/scanWorker.js(169,8): error TS2551: Property 'postMessage' does not exist on type 'typeof self'. Did you mean 'onmessage'?
ai-platform/web/simplebeacon-dashboard/js-es2018/services/securityService.js(9,100): error TS2339: Property 'type' does not exist on type 'boolean'.
ai-platform/web/simplebeacon-dashboard/js-es2018/services/securityService.js(19,28): error TS2339: Property 'filePath' does not exist on type 'boolean'.
ai-platform/web/simplebeacon-dashboard/js-es2018/services/securityService.js(20,25): error TS2339: Property 'filePaths' does not exist on type 'boolean'.
ai-platform/web/simplebeacon-dashboard/js-es2018/services/securityService.js(21,31): error TS2339: Property 'metadata' does not exist on type 'boolean'.
ai-platform/web/simplebeacon-dashboard/js-es2018/services/securityService.js(22,25): error TS2339: Property 'affectedFiles' does not exist on type 'boolean'.
ai-platform/web/simplebeacon-dashboard/js-es2018/services/securityService.js(25,19): error TS2339: Property 'id' does not exist on type 'boolean'.
ai-platform/web/simplebeacon-dashboard/js-es2018/services/securityService.js(25,34): error TS2339: Property 'severity' does not exist on type 'boolean'.
ai-platform/web/simplebeacon-dashboard/js-es2018/services/securityService.js(25,52): error TS2339: Property 'type' does not exist on type 'boolean'.
ai-platform/web/simplebeacon-dashboard/js-es2018/services/securityService.js(26,25): error TS2339: Property 'severity' does not exist on type 'boolean'.
ai-platform/web/simplebeacon-dashboard/js-es2018/services/securityService.js(26,43): error TS2339: Property 'severityBand' does not exist on type 'boolean'.
ai-platform/web/simplebeacon-dashboard/js-es2018/services/securityService.js(27,21): error TS2339: Property 'type' does not exist on type 'boolean'.
ai-platform/web/simplebeacon-dashboard/js-es2018/services/securityService.js(29,28): error TS2339: Property 'description' does not exist on type 'boolean'.
ai-platform/web/simplebeacon-dashboard/js-es2018/services/securityService.js(30,31): error TS2339: Property 'recommendedAction' does not exist on type 'boolean'.
ai-platform/web/simplebeacon-dashboard/js-es2018/services/securityService.js(30,58): error TS2339: Property 'recommendation' does not exist on type 'boolean'.
ai-platform/web/simplebeacon-dashboard/js-es2018/services/securityService.js(31,28): error TS2339: Property 'count' does not exist on type 'boolean'.
ai-platform/web/simplebeacon-dashboard/js-es2018/services/securityService.js(41,84): error TS2339: Property 'rawIssues' does not exist on type 'number'.
ai-platform/web/simplebeacon-dashboard/js-es2018/services/securityService.js(41,183): error TS2339: Property 'detectedIssues' does not exist on type 'number'.
ai-platform/web/simplebeacon-dashboard/js-es2018/services/securityService.js(65,93): error TS2339: Property 'credentialFindings' does not exist on type 'number'.
ai-platform/web/simplebeacon-dashboard/js-es2018/services/securityService.js(66,97): error TS2339: Property 'productionLeakFindings' does not exist on type 'number'.
ai-platform/web/simplebeacon-dashboard/js-es2018/services/securityService.js(68,89): error TS2339: Property 'credentialScanned' does not exist on type 'number'.
ai-platform/web/simplebeacon-dashboard/js-es2018/services/securityService.js(70,93): error TS2339: Property 'productionLeakScanned' does not exist on type 'number'.
ai-platform/web/simplebeacon-dashboard/js-es2018/services/securityService.js(74,86): error TS2339: Property 'gate' does not exist on type 'number'.
ai-platform/web/simplebeacon-dashboard/js-es2018/services/securityService.js(75,83): error TS2339: Property 'generatedAt' does not exist on type 'number'.
ai-platform/web/simplebeacon-dashboard/js-es2018/services/securityService.js(103,14): error TS1064: The return type of an async function or method must be the global Promise<T> type. Did you mean to write 'Promise<any>'?
ai-platform/web/simplebeacon-dashboard/js-es2018/services/securityService.js(113,31): error TS2339: Property 'success' does not exist on type 'unknown'.
ai-platform/web/simplebeacon-dashboard/js-es2018/services/themeService.js(22,9): error TS2584: Cannot find name 'document'. Do you need to change your target library? Try changing the 'lib' compiler option to include 'dom'.
ai-platform/web/simplebeacon-dashboard/js-es2018/services/themeService.js(23,21): error TS2584: Cannot find name 'document'. Do you need to change your target library? Try changing the 'lib' compiler option to include 'dom'.
ai-platform/web/simplebeacon-dashboard/js-es2018/services/themeService.js(30,57): error TS2339: Property 'lucide' does not exist on type 'typeof window'.
ai-platform/web/simplebeacon-dashboard/js-es2018/services/themeService.js(30,81): error TS2339: Property 'lucide' does not exist on type 'typeof window'.
ai-platform/web/simplebeacon-dashboard/js-es2018/services/themeService.js(31,24): error TS2339: Property 'lucide' does not exist on type 'typeof window'.
ai-platform/web/simplebeacon-dashboard/js-es2018/utils-dom.js(26,16): error TS2584: Cannot find name 'document'. Do you need to change your target library? Try changing the 'lib' compiler option to include 'dom'.
ai-platform/web/simplebeacon-dashboard/js-es2018/utils-dom.js(27,23): error TS2584: Cannot find name 'document'. Do you need to change your target library? Try changing the 'lib' compiler option to include 'dom'.
ai-platform/web/simplebeacon-dashboard/js-es2018/utils-dom.js(38,23): error TS2584: Cannot find name 'document'. Do you need to change your target library? Try changing the 'lib' compiler option to include 'dom'.
ai-platform/web/simplebeacon-dashboard/js-es2018/utils-dom.js(63,16): error TS2584: Cannot find name 'document'. Do you need to change your target library? Try changing the 'lib' compiler option to include 'dom'.
ai-platform/web/simplebeacon-dashboard/js-es2018/utils-dom.js(63,45): error TS2584: Cannot find name 'document'. Do you need to change your target library? Try changing the 'lib' compiler option to include 'dom'.
ai-platform/web/simplebeacon-dashboard/js-es2018/utils-dom.js(67,21): error TS2584: Cannot find name 'document'. Do you need to change your target library? Try changing the 'lib' compiler option to include 'dom'.
ai-platform/web/simplebeacon-dashboard/js-es2018/utils-dom.js(69,21): error TS2584: Cannot find name 'document'. Do you need to change your target library? Try changing the 'lib' compiler option to include 'dom'.
ai-platform/web/simplebeacon-dashboard/js-es2018/utils-dom.js(72,9): error TS2584: Cannot find name 'document'. Do you need to change your target library? Try changing the 'lib' compiler option to include 'dom'.
ai-platform/web/simplebeacon-dashboard/js-es2018/utils-dom.js(81,19): error TS2584: Cannot find name 'document'. Do you need to change your target library? Try changing the 'lib' compiler option to include 'dom'.
ai-platform/web/simplebeacon-dashboard/js-es2018/utils-dom.js(103,16): error TS2584: Cannot find name 'document'. Do you need to change your target library? Try changing the 'lib' compiler option to include 'dom'.
ai-platform/web/simplebeacon-dashboard/js-es2018/utils-dom.js(104,23): error TS2584: Cannot find name 'document'. Do you need to change your target library? Try changing the 'lib' compiler option to include 'dom'.
ai-platform/web/simplebeacon-dashboard/js-es2018/utils-dom.js(123,20): error TS2584: Cannot find name 'document'. Do you need to change your target library? Try changing the 'lib' compiler option to include 'dom'.
ai-platform/web/simplebeacon-dashboard/js-es2018/utils-dom.js(123,49): error TS2584: Cannot find name 'document'. Do you need to change your target library? Try changing the 'lib' compiler option to include 'dom'.
ai-platform/web/simplebeacon-dashboard/js-es2018/utils-dom.js(127,19): error TS2584: Cannot find name 'document'. Do you need to change your target library? Try changing the 'lib' compiler option to include 'dom'.
ai-platform/web/simplebeacon-dashboard/js-es2018/utils-dom.js(131,9): error TS2584: Cannot find name 'document'. Do you need to change your target library? Try changing the 'lib' compiler option to include 'dom'.
ai-platform/web/simplebeacon-dashboard/js-es2018/utils-dom.js(141,56): error TS2339: Property 'acquireVsCodeApi' does not exist on type 'typeof window'.
ai-platform/web/simplebeacon-dashboard/js-es2018/utils-dom.js(142,31): error TS2339: Property 'acquireVsCodeApi' does not exist on type 'typeof window'.
ai-platform/web/simplebeacon-dashboard/js-es2018/utils-dom.js(143,28): error TS2304: Cannot find name 'FileReader'.
ai-platform/web/simplebeacon-dashboard/js-es2018/utils-dom.js(211,55): error TS2304: Cannot find name 'HTMLElement'.
ai-platform/web/simplebeacon-dashboard/js-es2018/utils-dom.js(240,54): error TS2304: Cannot find name 'CSS'.
ai-platform/web/simplebeacon-dashboard/js-es2018/utils-dom.js(373,57): error TS2339: Property 'onLine' does not exist on type 'Navigator'.
ai-platform/web/simplebeacon-dashboard/js-es2018/utils-dom.js(741,61): error TS2536: Type 'K' cannot be used to index type '{}'.
ai-platform/web/simplebeacon-dashboard/js-es2018/utils-dom.js(741,75): error TS2536: Type 'K' cannot be used to index type 'T & object'.
ai-platform/web/simplebeacon-dashboard/js-es2018/utils-dom.js(760,25): error TS2345: Argument of type 'string' is not assignable to parameter of type 'K'.
  'K' could be instantiated with an arbitrary type which could be unrelated to 'string'.
ai-platform/web/simplebeacon-dashboard/js-es2018/utils-dom.js(817,59): error TS2339: Property 'clipboard' does not exist on type 'Navigator'.
ai-platform/web/simplebeacon-dashboard/js-es2018/utils-dom.js(818,29): error TS2339: Property 'clipboard' does not exist on type 'Navigator'.
ai-platform/web/simplebeacon-dashboard/js-es2018/utils-dom.js(821,20): error TS2584: Cannot find name 'document'. Do you need to change your target library? Try changing the 'lib' compiler option to include 'dom'.
ai-platform/web/simplebeacon-dashboard/js-es2018/utils-dom.js(821,48): error TS2584: Cannot find name 'document'. Do you need to change your target library? Try changing the 'lib' compiler option to include 'dom'.
ai-platform/web/simplebeacon-dashboard/js-es2018/utils-dom.js(822,24): error TS2584: Cannot find name 'document'. Do you need to change your target library? Try changing the 'lib' compiler option to include 'dom'.
ai-platform/web/simplebeacon-dashboard/js-es2018/utils-dom.js(826,13): error TS2584: Cannot find name 'document'. Do you need to change your target library? Try changing the 'lib' compiler option to include 'dom'.
ai-platform/web/simplebeacon-dashboard/js-es2018/utils-dom.js(828,24): error TS2584: Cannot find name 'document'. Do you need to change your target library? Try changing the 'lib' compiler option to include 'dom'.
ai-platform/web/simplebeacon-dashboard/js-es2018/utils-dom.js(863,50): error TS2339: Property 'localStorage' does not exist on type 'typeof window'.
ai-platform/web/simplebeacon-dashboard/js-es2018/utils-dom.js(865,28): error TS2339: Property 'localStorage' does not exist on type 'typeof window'.
ai-platform/web/simplebeacon-dashboard/js-es2018/utils-dom.js(880,50): error TS2339: Property 'localStorage' does not exist on type 'typeof window'.
ai-platform/web/simplebeacon-dashboard/js-es2018/utils-dom.js(882,16): error TS2339: Property 'localStorage' does not exist on type 'typeof window'.
ai-platform/web/simplebeacon-dashboard/js-es2018/utils-dom.js(895,50): error TS2339: Property 'localStorage' does not exist on type 'typeof window'.
ai-platform/web/simplebeacon-dashboard/js-es2018/utils-dom.js(897,16): error TS2339: Property 'localStorage' does not exist on type 'typeof window'.
ai-platform/web/simplebeacon-dashboard/js-es2018/utils-dom.js(912,50): error TS2339: Property 'sessionStorage' does not exist on type 'typeof window'.
ai-platform/web/simplebeacon-dashboard/js-es2018/utils-dom.js(914,28): error TS2339: Property 'sessionStorage' does not exist on type 'typeof window'.
ai-platform/web/simplebeacon-dashboard/js-es2018/utils-dom.js(929,50): error TS2339: Property 'sessionStorage' does not exist on type 'typeof window'.
ai-platform/web/simplebeacon-dashboard/js-es2018/utils-dom.js(931,16): error TS2339: Property 'sessionStorage' does not exist on type 'typeof window'.
ai-platform/web/simplebeacon-dashboard/js-es2018/utils-dom.js(944,50): error TS2339: Property 'sessionStorage' does not exist on type 'typeof window'.
ai-platform/web/simplebeacon-dashboard/js-es2018/utils-dom.js(946,16): error TS2339: Property 'sessionStorage' does not exist on type 'typeof window'.
ai-platform/web/simplebeacon-dashboard/js-es2018/utils-dom.js(958,50): error TS2339: Property 'matchMedia' does not exist on type 'typeof window'.
ai-platform/web/simplebeacon-dashboard/js-es2018/utils-dom.js(959,19): error TS2339: Property 'matchMedia' does not exist on type 'typeof window'.
ai-platform/web/simplebeacon-dashboard/js-es2018/utils-dom.js(967,50): error TS2339: Property 'matchMedia' does not exist on type 'typeof window'.
ai-platform/web/simplebeacon-dashboard/js-es2018/utils-dom.js(968,19): error TS2339: Property 'matchMedia' does not exist on type 'typeof window'.
ai-platform/web/simplebeacon-dashboard/js-es2018/utils-dom.js(1120,5): error TS2322: Type '{}' is not assignable to type 'Record<string, T>'.
  Index signature for type 'string' is missing in type '{}'.
ai-platform/web/simplebeacon-dashboard/js-es2018/utils-lib/__tests__.mjs(7,16): error TS1378: Top-level 'await' expressions are only allowed when the 'module' option is set to 'es2022', 'esnext', 'system', 'node16', 'node18', 'node20', 'nodenext', or 'preserve', and the 'target' option is set to 'es2017' or higher.
ai-platform/web/simplebeacon-dashboard/js-es2018/utils-lib/__tests__.mjs(27,16): error TS1378: Top-level 'await' expressions are only allowed when the 'module' option is set to 'es2022', 'esnext', 'system', 'node16', 'node18', 'node20', 'nodenext', or 'preserve', and the 'target' option is set to 'es2017' or higher.
ai-platform/web/simplebeacon-dashboard/js-es2018/utils-lib/__tests__.mjs(51,16): error TS1378: Top-level 'await' expressions are only allowed when the 'module' option is set to 'es2022', 'esnext', 'system', 'node16', 'node18', 'node20', 'nodenext', or 'preserve', and the 'target' option is set to 'es2017' or higher.
ai-platform/web/simplebeacon-dashboard/js-es2018/utils-lib/__tests__.mjs(53,1): error TS1378: Top-level 'await' expressions are only allowed when the 'module' option is set to 'es2022', 'esnext', 'system', 'node16', 'node18', 'node20', 'nodenext', or 'preserve', and the 'target' option is set to 'es2017' or higher.
ai-platform/web/simplebeacon-dashboard/js-es2018/utils-lib/__tests__.mjs(55,20): error TS1378: Top-level 'await' expressions are only allowed when the 'module' option is set to 'es2022', 'esnext', 'system', 'node16', 'node18', 'node20', 'nodenext', or 'preserve', and the 'target' option is set to 'es2017' or higher.
ai-platform/web/simplebeacon-dashboard/js-es2018/utils-lib/__tests__.mjs(57,21): error TS1378: Top-level 'await' expressions are only allowed when the 'module' option is set to 'es2022', 'esnext', 'system', 'node16', 'node18', 'node20', 'nodenext', or 'preserve', and the 'target' option is set to 'es2017' or higher.
ai-platform/web/simplebeacon-dashboard/js-es2018/utils-lib/__tests__.mjs(71,1): error TS1378: Top-level 'await' expressions are only allowed when the 'module' option is set to 'es2022', 'esnext', 'system', 'node16', 'node18', 'node20', 'nodenext', or 'preserve', and the 'target' option is set to 'es2017' or higher.
ai-platform/web/simplebeacon-dashboard/js-es2018/utils-lib/__tests__.mjs(73,33): error TS2339: Property 'calls' does not exist on type '(...args: any[]) => any'.
ai-platform/web/simplebeacon-dashboard/js-es2018/utils-lib/__tests__.mjs(73,44): error TS2339: Property 'calls' does not exist on type '(...args: any[]) => any'.
ai-platform/web/simplebeacon-dashboard/js-es2018/utils-lib/__tests__.mjs(73,70): error TS2339: Property 'calls' does not exist on type '(...args: any[]) => any'.
ai-platform/web/simplebeacon-dashboard/js-es2018/utils-lib/__tests__.mjs(76,22): error TS2339: Property 'calls' does not exist on type '(...args: any[]) => any'.
ai-platform/web/simplebeacon-dashboard/js-es2018/utils-lib/__tests__.mjs(82,23): error TS1378: Top-level 'await' expressions are only allowed when the 'module' option is set to 'es2022', 'esnext', 'system', 'node16', 'node18', 'node20', 'nodenext', or 'preserve', and the 'target' option is set to 'es2017' or higher.
ai-platform/web/simplebeacon-dashboard/js-es2018/utils-lib/__tests__.mjs(85,5): error TS1378: Top-level 'await' expressions are only allowed when the 'module' option is set to 'es2022', 'esnext', 'system', 'node16', 'node18', 'node20', 'nodenext', or 'preserve', and the 'target' option is set to 'es2017' or higher.
ai-platform/web/simplebeacon-dashboard/js-es2018/utils-lib/__tests__.mjs(92,20): error TS1378: Top-level 'await' expressions are only allowed when the 'module' option is set to 'es2022', 'esnext', 'system', 'node16', 'node18', 'node20', 'nodenext', or 'preserve', and the 'target' option is set to 'es2017' or higher.
ai-platform/web/simplebeacon-dashboard/js-es2018/utils-lib/__tests__.mjs(104,15): error TS1378: Top-level 'await' expressions are only allowed when the 'module' option is set to 'es2022', 'esnext', 'system', 'node16', 'node18', 'node20', 'nodenext', or 'preserve', and the 'target' option is set to 'es2017' or higher.
ai-platform/web/simplebeacon-dashboard/js-es2018/utils-lib/__tests__.mjs(131,16): error TS1378: Top-level 'await' expressions are only allowed when the 'module' option is set to 'es2022', 'esnext', 'system', 'node16', 'node18', 'node20', 'nodenext', or 'preserve', and the 'target' option is set to 'es2017' or higher.
ai-platform/web/simplebeacon-dashboard/js-es2018/utils-lib/__tests__.mjs(154,13): error TS1378: Top-level 'await' expressions are only allowed when the 'module' option is set to 'es2022', 'esnext', 'system', 'node16', 'node18', 'node20', 'nodenext', or 'preserve', and the 'target' option is set to 'es2017' or higher.
ai-platform/web/simplebeacon-dashboard/js-es2018/utils-lib/__tests__.mjs(163,14): error TS1378: Top-level 'await' expressions are only allowed when the 'module' option is set to 'es2022', 'esnext', 'system', 'node16', 'node18', 'node20', 'nodenext', or 'preserve', and the 'target' option is set to 'es2017' or higher.
ai-platform/web/simplebeacon-dashboard/js-es2018/utils-lib/accessibility.js(9,50): error TS2339: Property 'matchMedia' does not exist on type 'typeof window'.
ai-platform/web/simplebeacon-dashboard/js-es2018/utils-lib/accessibility.js(11,19): error TS2339: Property 'matchMedia' does not exist on type 'typeof window'.
ai-platform/web/simplebeacon-dashboard/js-es2018/utils-lib/accessibility.js(18,50): error TS2339: Property 'matchMedia' does not exist on type 'typeof window'.
ai-platform/web/simplebeacon-dashboard/js-es2018/utils-lib/accessibility.js(20,19): error TS2339: Property 'matchMedia' does not exist on type 'typeof window'.
ai-platform/web/simplebeacon-dashboard/js-es2018/utils-lib/array.js(257,5): error TS2322: Type '{}' is not assignable to type 'Record<string, T>'.
  Index signature for type 'string' is missing in type '{}'.
ai-platform/web/simplebeacon-dashboard/js-es2018/utils-lib/clipboard.js(14,59): error TS2339: Property 'clipboard' does not exist on type 'Navigator'.
ai-platform/web/simplebeacon-dashboard/js-es2018/utils-lib/clipboard.js(15,29): error TS2339: Property 'clipboard' does not exist on type 'Navigator'.
ai-platform/web/simplebeacon-dashboard/js-es2018/utils-lib/clipboard.js(18,20): error TS2584: Cannot find name 'document'. Do you need to change your target library? Try changing the 'lib' compiler option to include 'dom'.
ai-platform/web/simplebeacon-dashboard/js-es2018/utils-lib/clipboard.js(18,48): error TS2584: Cannot find name 'document'. Do you need to change your target library? Try changing the 'lib' compiler option to include 'dom'.
ai-platform/web/simplebeacon-dashboard/js-es2018/utils-lib/clipboard.js(19,24): error TS2584: Cannot find name 'document'. Do you need to change your target library? Try changing the 'lib' compiler option to include 'dom'.
ai-platform/web/simplebeacon-dashboard/js-es2018/utils-lib/clipboard.js(23,13): error TS2584: Cannot find name 'document'. Do you need to change your target library? Try changing the 'lib' compiler option to include 'dom'.
ai-platform/web/simplebeacon-dashboard/js-es2018/utils-lib/clipboard.js(25,24): error TS2584: Cannot find name 'document'. Do you need to change your target library? Try changing the 'lib' compiler option to include 'dom'.
ai-platform/web/simplebeacon-dashboard/js-es2018/utils-lib/dom.js(5,19): error TS2584: Cannot find name 'document'. Do you need to change your target library? Try changing the 'lib' compiler option to include 'dom'.
ai-platform/web/simplebeacon-dashboard/js-es2018/utils-lib/dom.js(16,16): error TS2584: Cannot find name 'document'. Do you need to change your target library? Try changing the 'lib' compiler option to include 'dom'.
ai-platform/web/simplebeacon-dashboard/js-es2018/utils-lib/dom.js(16,45): error TS2584: Cannot find name 'document'. Do you need to change your target library? Try changing the 'lib' compiler option to include 'dom'.
ai-platform/web/simplebeacon-dashboard/js-es2018/utils-lib/dom.js(18,23): error TS2584: Cannot find name 'document'. Do you need to change your target library? Try changing the 'lib' compiler option to include 'dom'.
ai-platform/web/simplebeacon-dashboard/js-es2018/utils-lib/dom.js(19,20): error TS2584: Cannot find name 'document'. Do you need to change your target library? Try changing the 'lib' compiler option to include 'dom'.
ai-platform/web/simplebeacon-dashboard/js-es2018/utils-lib/dom.js(22,9): error TS2584: Cannot find name 'document'. Do you need to change your target library? Try changing the 'lib' compiler option to include 'dom'.
ai-platform/web/simplebeacon-dashboard/js-es2018/utils-lib/dom.js(33,16): error TS2584: Cannot find name 'document'. Do you need to change your target library? Try changing the 'lib' compiler option to include 'dom'.
ai-platform/web/simplebeacon-dashboard/js-es2018/utils-lib/dom.js(35,23): error TS2584: Cannot find name 'document'. Do you need to change your target library? Try changing the 'lib' compiler option to include 'dom'.
ai-platform/web/simplebeacon-dashboard/js-es2018/utils-lib/dom.js(47,16): error TS2584: Cannot find name 'document'. Do you need to change your target library? Try changing the 'lib' compiler option to include 'dom'.
ai-platform/web/simplebeacon-dashboard/js-es2018/utils-lib/dom.js(51,15): error TS2584: Cannot find name 'document'. Do you need to change your target library? Try changing the 'lib' compiler option to include 'dom'.
ai-platform/web/simplebeacon-dashboard/js-es2018/utils-lib/dom.js(54,5): error TS2584: Cannot find name 'document'. Do you need to change your target library? Try changing the 'lib' compiler option to include 'dom'.
ai-platform/web/simplebeacon-dashboard/js-es2018/utils-lib/dom.js(92,56): error TS2339: Property 'acquireVsCodeApi' does not exist on type 'typeof window'.
ai-platform/web/simplebeacon-dashboard/js-es2018/utils-lib/dom.js(94,35): error TS2339: Property 'acquireVsCodeApi' does not exist on type 'typeof window'.
ai-platform/web/simplebeacon-dashboard/js-es2018/utils-lib/dom.js(95,32): error TS2304: Cannot find name 'FileReader'.
ai-platform/web/simplebeacon-dashboard/js-es2018/utils-lib/dom.js(128,16): error TS2584: Cannot find name 'document'. Do you need to change your target library? Try changing the 'lib' compiler option to include 'dom'.
ai-platform/web/simplebeacon-dashboard/js-es2018/utils-lib/dom.js(128,45): error TS2584: Cannot find name 'document'. Do you need to change your target library? Try changing the 'lib' compiler option to include 'dom'.
ai-platform/web/simplebeacon-dashboard/js-es2018/utils-lib/dom.js(132,15): error TS2584: Cannot find name 'document'. Do you need to change your target library? Try changing the 'lib' compiler option to include 'dom'.
ai-platform/web/simplebeacon-dashboard/js-es2018/utils-lib/dom.js(136,5): error TS2584: Cannot find name 'document'. Do you need to change your target library? Try changing the 'lib' compiler option to include 'dom'.
ai-platform/web/simplebeacon-dashboard/js-es2018/utils-lib/dom.js(148,19): error TS2304: Cannot find name 'BlobPart'.
ai-platform/web/simplebeacon-dashboard/js-es2018/utils-lib/dom.js(187,12): error TS2304: Cannot find name 'HTMLElement'.
ai-platform/web/simplebeacon-dashboard/js-es2018/utils-lib/dom.js(198,12): error TS2304: Cannot find name 'HTMLElement'.
ai-platform/web/simplebeacon-dashboard/js-es2018/utils-lib/dom.js(211,12): error TS2304: Cannot find name 'HTMLElement'.
ai-platform/web/simplebeacon-dashboard/js-es2018/utils-lib/dom.js(224,12): error TS2304: Cannot find name 'HTMLElement'.
ai-platform/web/simplebeacon-dashboard/js-es2018/utils-lib/dom.js(240,12): error TS2304: Cannot find name 'HTMLElement'.
ai-platform/web/simplebeacon-dashboard/js-es2018/utils-lib/dom.js(241,14): error TS2304: Cannot find name 'HTMLElement'.
ai-platform/web/simplebeacon-dashboard/js-es2018/utils-lib/dom.js(244,39): error TS2584: Cannot find name 'document'. Do you need to change your target library? Try changing the 'lib' compiler option to include 'dom'.
ai-platform/web/simplebeacon-dashboard/js-es2018/utils-lib/dom.js(244,66): error TS2584: Cannot find name 'document'. Do you need to change your target library? Try changing the 'lib' compiler option to include 'dom'.
ai-platform/web/simplebeacon-dashboard/js-es2018/utils-lib/dom.js(258,12): error TS2304: Cannot find name 'HTMLElement'.
ai-platform/web/simplebeacon-dashboard/js-es2018/utils-lib/dom.js(267,16): error TS2584: Cannot find name 'document'. Do you need to change your target library? Try changing the 'lib' compiler option to include 'dom'.
ai-platform/web/simplebeacon-dashboard/js-es2018/utils-lib/dom.js(276,20): error TS2304: Cannot find name 'HTMLElement'.
ai-platform/web/simplebeacon-dashboard/js-es2018/utils-lib/dom.js(277,14): error TS2304: Cannot find name 'HTMLElement'.
ai-platform/web/simplebeacon-dashboard/js-es2018/utils-lib/dom.js(280,16): error TS2584: Cannot find name 'document'. Do you need to change your target library? Try changing the 'lib' compiler option to include 'dom'.
ai-platform/web/simplebeacon-dashboard/js-es2018/utils-lib/dom.js(282,16): error TS2584: Cannot find name 'document'. Do you need to change your target library? Try changing the 'lib' compiler option to include 'dom'.
ai-platform/web/simplebeacon-dashboard/js-es2018/utils-lib/dom.js(300,52): error TS2584: Cannot find name 'document'. Do you need to change your target library? Try changing the 'lib' compiler option to include 'dom'.
ai-platform/web/simplebeacon-dashboard/js-es2018/utils-lib/dom.js(306,12): error TS2304: Cannot find name 'HTMLElement'.
ai-platform/web/simplebeacon-dashboard/js-es2018/utils-lib/dom.js(323,16): error TS2584: Cannot find name 'document'. Do you need to change your target library? Try changing the 'lib' compiler option to include 'dom'.
ai-platform/web/simplebeacon-dashboard/js-es2018/utils-lib/dom.js(325,16): error TS2584: Cannot find name 'document'. Do you need to change your target library? Try changing the 'lib' compiler option to include 'dom'.
ai-platform/web/simplebeacon-dashboard/js-es2018/utils-lib/dom.js(334,12): error TS2304: Cannot find name 'HTMLElement'.
ai-platform/web/simplebeacon-dashboard/js-es2018/utils-lib/dom.js(341,70): error TS2339: Property 'innerHeight' does not exist on type 'typeof window'.
ai-platform/web/simplebeacon-dashboard/js-es2018/utils-lib/dom.js(341,85): error TS2584: Cannot find name 'document'. Do you need to change your target library? Try changing the 'lib' compiler option to include 'dom'.
ai-platform/web/simplebeacon-dashboard/js-es2018/utils-lib/dom.js(341,149): error TS2339: Property 'innerWidth' does not exist on type 'typeof window'.
ai-platform/web/simplebeacon-dashboard/js-es2018/utils-lib/dom.js(341,163): error TS2584: Cannot find name 'document'. Do you need to change your target library? Try changing the 'lib' compiler option to include 'dom'.
ai-platform/web/simplebeacon-dashboard/js-es2018/utils-lib/dom.js(345,12): error TS2304: Cannot find name 'HTMLElement'.
ai-platform/web/simplebeacon-dashboard/js-es2018/utils-lib/dom.js(346,20): error TS2304: Cannot find name 'IntersectionObserverEntry'.
ai-platform/web/simplebeacon-dashboard/js-es2018/utils-lib/dom.js(347,12): error TS2304: Cannot find name 'IntersectionObserverInit'.
ai-platform/web/simplebeacon-dashboard/js-es2018/utils-lib/dom.js(348,14): error TS2304: Cannot find name 'IntersectionObserver'.
ai-platform/web/simplebeacon-dashboard/js-es2018/utils-lib/dom.js(351,50): error TS2339: Property 'IntersectionObserver' does not exist on type 'typeof window'.
ai-platform/web/simplebeacon-dashboard/js-es2018/utils-lib/dom.js(353,26): error TS2304: Cannot find name 'IntersectionObserver'.
ai-platform/web/simplebeacon-dashboard/js-es2018/utils-lib/dom.js(364,22): error TS2304: Cannot find name 'HTMLImageElement'.
ai-platform/web/simplebeacon-dashboard/js-es2018/utils-lib/dom.js(372,25): error TS2304: Cannot find name 'Image'.
ai-platform/web/simplebeacon-dashboard/js-es2018/utils-lib/dom.js(382,55): error TS2339: Property 'clipboard' does not exist on type 'Navigator'.
ai-platform/web/simplebeacon-dashboard/js-es2018/utils-lib/dom.js(382,78): error TS2339: Property 'clipboard' does not exist on type 'Navigator'.
ai-platform/web/simplebeacon-dashboard/js-es2018/utils-lib/dom.js(384,36): error TS2339: Property 'clipboard' does not exist on type 'Navigator'.
ai-platform/web/simplebeacon-dashboard/js-es2018/utils-lib/dom.js(390,16): error TS2584: Cannot find name 'document'. Do you need to change your target library? Try changing the 'lib' compiler option to include 'dom'.
ai-platform/web/simplebeacon-dashboard/js-es2018/utils-lib/dom.js(390,45): error TS2584: Cannot find name 'document'. Do you need to change your target library? Try changing the 'lib' compiler option to include 'dom'.
ai-platform/web/simplebeacon-dashboard/js-es2018/utils-lib/dom.js(393,16): error TS2584: Cannot find name 'document'. Do you need to change your target library? Try changing the 'lib' compiler option to include 'dom'.
ai-platform/web/simplebeacon-dashboard/js-es2018/utils-lib/dom.js(396,5): error TS2584: Cannot find name 'document'. Do you need to change your target library? Try changing the 'lib' compiler option to include 'dom'.
ai-platform/web/simplebeacon-dashboard/js-es2018/utils-lib/dom.js(400,20): error TS2584: Cannot find name 'document'. Do you need to change your target library? Try changing the 'lib' compiler option to include 'dom'.
ai-platform/web/simplebeacon-dashboard/js-es2018/utils-lib/dom.js(408,56): error TS2304: Cannot find name 'HTMLElement'.
ai-platform/web/simplebeacon-dashboard/js-es2018/utils-lib/dom.js(439,54): error TS2304: Cannot find name 'CSS'.
ai-platform/web/simplebeacon-dashboard/js-es2018/utils-lib/download.js(18,20): error TS2584: Cannot find name 'document'. Do you need to change your target library? Try changing the 'lib' compiler option to include 'dom'.
ai-platform/web/simplebeacon-dashboard/js-es2018/utils-lib/download.js(18,49): error TS2584: Cannot find name 'document'. Do you need to change your target library? Try changing the 'lib' compiler option to include 'dom'.
ai-platform/web/simplebeacon-dashboard/js-es2018/utils-lib/download.js(22,19): error TS2584: Cannot find name 'document'. Do you need to change your target library? Try changing the 'lib' compiler option to include 'dom'.
ai-platform/web/simplebeacon-dashboard/js-es2018/utils-lib/download.js(26,9): error TS2584: Cannot find name 'document'. Do you need to change your target library? Try changing the 'lib' compiler option to include 'dom'.
ai-platform/web/simplebeacon-dashboard/js-es2018/utils-lib/download.js(35,56): error TS2339: Property 'acquireVsCodeApi' does not exist on type 'typeof window'.
ai-platform/web/simplebeacon-dashboard/js-es2018/utils-lib/download.js(36,31): error TS2339: Property 'acquireVsCodeApi' does not exist on type 'typeof window'.
ai-platform/web/simplebeacon-dashboard/js-es2018/utils-lib/download.js(37,28): error TS2304: Cannot find name 'FileReader'.
ai-platform/web/simplebeacon-dashboard/js-es2018/utils-lib/event.js(87,20): error TS2339: Property 'addEventListener' does not exist on type 'typeof window'.
ai-platform/web/simplebeacon-dashboard/js-es2018/utils-lib/event.js(91,20): error TS2339: Property 'removeEventListener' does not exist on type 'typeof window'.
ai-platform/web/simplebeacon-dashboard/js-es2018/utils-lib/number.js(206,24): error TS2345: Argument of type 'unknown' is not assignable to parameter of type 'string'.
ai-platform/web/simplebeacon-dashboard/js-es2018/utils-lib/number.js(216,26): error TS2345: Argument of type 'unknown' is not assignable to parameter of type 'string'.
ai-platform/web/simplebeacon-dashboard/js-es2018/utils-lib/object.js(45,25): error TS2351: This expression is not constructable.
  Type 'Function' has no construct signatures.
ai-platform/web/simplebeacon-dashboard/js-es2018/utils-lib/object.js(165,9): error TS2322: Type '{}' is not assignable to type 'Pick<T, K>'.
ai-platform/web/simplebeacon-dashboard/js-es2018/utils-lib/object.js(168,9): error TS2322: Type '{}' is not assignable to type 'Pick<T, K>'.
ai-platform/web/simplebeacon-dashboard/js-es2018/utils-lib/object.js(170,32): error TS2345: Argument of type 'K' is not assignable to parameter of type 'PropertyKey'.
ai-platform/web/simplebeacon-dashboard/js-es2018/utils-lib/object.js(171,13): error TS2536: Type 'K' cannot be used to index type '{}'.
ai-platform/web/simplebeacon-dashboard/js-es2018/utils-lib/object.js(171,27): error TS2536: Type 'K' cannot be used to index type 'T & object'.
ai-platform/web/simplebeacon-dashboard/js-es2018/utils-lib/object.js(173,5): error TS2322: Type '{}' is not assignable to type 'Pick<T, K>'.
ai-platform/web/simplebeacon-dashboard/js-es2018/utils-lib/object.js(348,5): error TS2322: Type '{}' is not assignable to type '{ [x: string]: unknown; }'.
  Index signature for type 'string' is missing in type '{}'.
ai-platform/web/simplebeacon-dashboard/js-es2018/utils-lib/object.js(385,13): error TS2322: Type 'T' is not assignable to type 'Record<string, T>'.
ai-platform/web/simplebeacon-dashboard/js-es2018/utils-lib/object.js(391,5): error TS2322: Type 'Record<string, T>[]' is not assignable to type 'T[]'.
  Type 'Record<string, T>' is not assignable to type 'T'.
    'T' could be instantiated with an arbitrary type which could be unrelated to 'Record<string, T>'.
ai-platform/web/simplebeacon-dashboard/js-es2018/utils-lib/object.js(407,9): error TS2322: Type 'unknown' is not assignable to type 'Record<string, unknown>'.
  Index signature for type 'string' is missing in type '{}'.
ai-platform/web/simplebeacon-dashboard/js-es2018/utils-lib/object.js(437,30): error TS2345: Argument of type 'object' is not assignable to parameter of type 'Record<string, unknown>'.
  Index signature for type 'string' is missing in type '{}'.
ai-platform/web/simplebeacon-dashboard/js-es2018/utils-lib/storage.js(10,50): error TS2339: Property 'localStorage' does not exist on type 'typeof window'.
ai-platform/web/simplebeacon-dashboard/js-es2018/utils-lib/storage.js(13,28): error TS2339: Property 'localStorage' does not exist on type 'typeof window'.
ai-platform/web/simplebeacon-dashboard/js-es2018/utils-lib/storage.js(29,50): error TS2339: Property 'localStorage' does not exist on type 'typeof window'.
ai-platform/web/simplebeacon-dashboard/js-es2018/utils-lib/storage.js(32,16): error TS2339: Property 'localStorage' does not exist on type 'typeof window'.
ai-platform/web/simplebeacon-dashboard/js-es2018/utils-lib/storage.js(45,50): error TS2339: Property 'localStorage' does not exist on type 'typeof window'.
ai-platform/web/simplebeacon-dashboard/js-es2018/utils-lib/storage.js(48,16): error TS2339: Property 'localStorage' does not exist on type 'typeof window'.
ai-platform/web/simplebeacon-dashboard/js-es2018/utils-lib/storage.js(62,50): error TS2339: Property 'localStorage' does not exist on type 'typeof window'.
ai-platform/web/simplebeacon-dashboard/js-es2018/utils-lib/storage.js(65,28): error TS2339: Property 'localStorage' does not exist on type 'typeof window'.
ai-platform/web/simplebeacon-dashboard/js-es2018/utils-lib/storage.js(81,50): error TS2339: Property 'localStorage' does not exist on type 'typeof window'.
ai-platform/web/simplebeacon-dashboard/js-es2018/utils-lib/storage.js(84,16): error TS2339: Property 'localStorage' does not exist on type 'typeof window'.
ai-platform/web/simplebeacon-dashboard/js-es2018/utils-lib/storage.js(99,50): error TS2339: Property 'sessionStorage' does not exist on type 'typeof window'.
ai-platform/web/simplebeacon-dashboard/js-es2018/utils-lib/storage.js(102,28): error TS2339: Property 'sessionStorage' does not exist on type 'typeof window'.
ai-platform/web/simplebeacon-dashboard/js-es2018/utils-lib/storage.js(118,50): error TS2339: Property 'sessionStorage' does not exist on type 'typeof window'.
ai-platform/web/simplebeacon-dashboard/js-es2018/utils-lib/storage.js(121,16): error TS2339: Property 'sessionStorage' does not exist on type 'typeof window'.
ai-platform/web/simplebeacon-dashboard/js-es2018/utils-lib/storage.js(134,50): error TS2339: Property 'sessionStorage' does not exist on type 'typeof window'.
ai-platform/web/simplebeacon-dashboard/js-es2018/utils-lib/storage.js(137,16): error TS2339: Property 'sessionStorage' does not exist on type 'typeof window'.
ai-platform/web/simplebeacon-dashboard/js-es2018/utils-lib/theme.js(71,16): error TS2584: Cannot find name 'document'. Do you need to change your target library? Try changing the 'lib' compiler option to include 'dom'.
ai-platform/web/simplebeacon-dashboard/js-es2018/utils-lib/theme.js(71,45): error TS2584: Cannot find name 'document'. Do you need to change your target library? Try changing the 'lib' compiler option to include 'dom'.
ai-platform/web/simplebeacon-dashboard/js-es2018/utils-lib/theme.js(73,17): error TS2304: Cannot find name 'getComputedStyle'.
ai-platform/web/simplebeacon-dashboard/js-es2018/utils-lib/theme.js(73,34): error TS2584: Cannot find name 'document'. Do you need to change your target library? Try changing the 'lib' compiler option to include 'dom'.
ai-platform/web/simplebeacon-dashboard/js-es2018/utils-lib/theme.js(83,16): error TS2584: Cannot find name 'document'. Do you need to change your target library? Try changing the 'lib' compiler option to include 'dom'.
ai-platform/web/simplebeacon-dashboard/js-es2018/utils-lib/theme.js(83,45): error TS2584: Cannot find name 'document'. Do you need to change your target library? Try changing the 'lib' compiler option to include 'dom'.
ai-platform/web/simplebeacon-dashboard/js-es2018/utils-lib/theme.js(85,5): error TS2584: Cannot find name 'document'. Do you need to change your target library? Try changing the 'lib' compiler option to include 'dom'.
ai-platform/web/simplebeacon-dashboard/js-es2018/utils-lib/theme.js(92,50): error TS2339: Property 'matchMedia' does not exist on type 'typeof window'.
ai-platform/web/simplebeacon-dashboard/js-es2018/utils-lib/theme.js(94,19): error TS2339: Property 'matchMedia' does not exist on type 'typeof window'.
ai-platform/web/simplebeacon-dashboard/js-es2018/utils-lib/theme.js(101,50): error TS2339: Property 'matchMedia' does not exist on type 'typeof window'.
ai-platform/web/simplebeacon-dashboard/js-es2018/utils-lib/theme.js(103,19): error TS2339: Property 'matchMedia' does not exist on type 'typeof window'.
ai-platform/web/simplebeacon-dashboard/js-es2018/utils-lib/type.js(157,57): error TS2339: Property 'onLine' does not exist on type 'Navigator'.
ai-platform/web/simplebeacon-dashboard/js-es2018/utils-lib/type.js(164,59): error TS2339: Property 'acquireVsCodeApi' does not exist on type 'typeof window'.
ai-platform/web/simplebeacon-dashboard/js-es2018/utils-lib/type.js(178,56): error TS2339: Property 'acquireVsCodeApi' does not exist on type 'typeof window'.
ai-platform/web/simplebeacon-dashboard/js-es2018/utils-lib/type.js(180,27): error TS2339: Property 'acquireVsCodeApi' does not exist on type 'typeof window'.
ai-platform/web/simplebeacon-dashboard/js-es2018/utils-lib/url.js(6,16): error TS2584: Cannot find name 'document'. Do you need to change your target library? Try changing the 'lib' compiler option to include 'dom'.
ai-platform/web/simplebeacon-dashboard/js-es2018/utils-lib/url.js(7,22): error TS2584: Cannot find name 'document'. Do you need to change your target library? Try changing the 'lib' compiler option to include 'dom'.
ai-platform/web/simplebeacon-dashboard/js-es2018/utils-lib/url.js(62,26): error TS2339: Property 'acceptNon2xx' does not exist on type 'RequestInit'.
ai-platform/web/simplebeacon-dashboard/js-es2018/utils-lib/url.js(101,9): error TS2322: Type '{}' is not assignable to type 'Record<string, string | string[]>'.
  Index signature for type 'string' is missing in type '{}'.
ai-platform/web/simplebeacon-dashboard/js-es2018/utils-lib/url.js(127,5): error TS2322: Type '{}' is not assignable to type 'Record<string, string | string[]>'.
  Index signature for type 'string' is missing in type '{}'.
ai-platform/web/simplebeacon-dashboard/js-es2018/utils-lib/url.js(159,50): error TS2339: Property 'location' does not exist on type 'typeof window'.
ai-platform/web/simplebeacon-dashboard/js-es2018/utils-lib/url.js(161,47): error TS2339: Property 'location' does not exist on type 'typeof window'.
ai-platform/web/simplebeacon-dashboard/js-es2018/utils-lib/url.js(172,50): error TS2339: Property 'location' does not exist on type 'typeof window'.
ai-platform/web/simplebeacon-dashboard/js-es2018/utils-lib/url.js(173,62): error TS2339: Property 'location' does not exist on type 'typeof window'.
ai-platform/web/simplebeacon-dashboard/js-es2018/utils-lib/url.js(175,32): error TS2339: Property 'location' does not exist on type 'typeof window'.
ai-platform/web/simplebeacon-dashboard/js-es2018/utils-lib/vscode.js(9,59): error TS2339: Property 'acquireVsCodeApi' does not exist on type 'typeof window'.
ai-platform/web/simplebeacon-dashboard/js-es2018/utils-lib/vscode.js(23,56): error TS2339: Property 'acquireVsCodeApi' does not exist on type 'typeof window'.
ai-platform/web/simplebeacon-dashboard/js-es2018/utils-lib/vscode.js(25,27): error TS2339: Property 'acquireVsCodeApi' does not exist on type 'typeof window'.
ai-platform/web/simplebeacon-dashboard/js-es2018/utils-network.js(119,14): error TS2322: Type '{}' is not assignable to type 'Record<string, string>'.
  Index signature for type 'string' is missing in type '{}'.
ai-platform/web/simplebeacon-dashboard/js-es2018/utils-network.js(127,5): error TS2322: Type '{}' is not assignable to type 'Record<string, string>'.
  Index signature for type 'string' is missing in type '{}'.
ai-platform/web/simplebeacon-dashboard/js-es2018/utils-path.js(127,59): error TS2339: Property 'acquireVsCodeApi' does not exist on type 'typeof window'.
ai-platform/web/simplebeacon-dashboard/js-es2018/utils-path.js(143,56): error TS2339: Property 'acquireVsCodeApi' does not exist on type 'typeof window'.
ai-platform/web/simplebeacon-dashboard/js-es2018/utils-path.js(145,27): error TS2339: Property 'acquireVsCodeApi' does not exist on type 'typeof window'.
ai-platform/web/simplebeacon-dashboard/js-es2018/utils.js(698,87): error TS2554: Expected 2 arguments, but got 1.
ai-platform/web/simplebeacon-dashboard/js-es2018/utils.js(930,28): error TS2584: Cannot find name 'document'. Do you need to change your target library? Try changing the 'lib' compiler option to include 'dom'.
ai-platform/web/simplebeacon-dashboard/js-es2018/utils.js(930,55): error TS2584: Cannot find name 'document'. Do you need to change your target library? Try changing the 'lib' compiler option to include 'dom'.
ai-platform/web/simplebeacon-dashboard/js-es2018/utils.test.mjs(16,14): error TS2339: Property 'onceInline' does not exist on type 'typeof import("C:/Users/Trevor/CascadeProjects/ai-platform/web/simplebeacon-dashboard/js-es2018/utils")'.
ai-platform/web/simplebeacon-dashboard/js-es2018/utils.test.mjs(16,26): error TS2339: Property 'match' does not exist on type 'typeof import("C:/Users/Trevor/CascadeProjects/ai-platform/web/simplebeacon-dashboard/js-es2018/utils")'.
ai-platform/web/simplebeacon-dashboard/js-es2018/utils.test.mjs(16,33): error TS2339: Property 'replace' does not exist on type 'typeof import("C:/Users/Trevor/CascadeProjects/ai-platform/web/simplebeacon-dashboard/js-es2018/utils")'.
ai-platform/web/simplebeacon-dashboard/js-es2018/utils.test.mjs(16,42): error TS2339: Property 'trim' does not exist on type 'typeof import("C:/Users/Trevor/CascadeProjects/ai-platform/web/simplebeacon-dashboard/js-es2018/utils")'.
ai-platform/web/simplebeacon-dashboard/js-es2018/utils.test.mjs(16,48): error TS2339: Property 'toLower' does not exist on type 'typeof import("C:/Users/Trevor/CascadeProjects/ai-platform/web/simplebeacon-dashboard/js-es2018/utils")'.
ai-platform/web/simplebeacon-dashboard/js-es2018/utils.test.mjs(16,57): error TS2339: Property 'toUpper' does not exist on type 'typeof import("C:/Users/Trevor/CascadeProjects/ai-platform/web/simplebeacon-dashboard/js-es2018/utils")'.
ai-platform/web/simplebeacon-dashboard/js-es2018/utils.test.mjs(17,3): error TS2339: Property 'startsWith' does not exist on type 'typeof import("C:/Users/Trevor/CascadeProjects/ai-platform/web/simplebeacon-dashboard/js-es2018/utils")'.
ai-platform/web/simplebeacon-dashboard/js-es2018/utils.test.mjs(17,15): error TS2339: Property 'endsWith' does not exist on type 'typeof import("C:/Users/Trevor/CascadeProjects/ai-platform/web/simplebeacon-dashboard/js-es2018/utils")'.
ai-platform/web/simplebeacon-dashboard/js-es2018/utils.test.mjs(17,25): error TS2339: Property 'includes' does not exist on type 'typeof import("C:/Users/Trevor/CascadeProjects/ai-platform/web/simplebeacon-dashboard/js-es2018/utils")'.
ai-platform/web/simplebeacon-dashboard/js-es2018/utils.test.mjs(17,35): error TS2339: Property 'split' does not exist on type 'typeof import("C:/Users/Trevor/CascadeProjects/ai-platform/web/simplebeacon-dashboard/js-es2018/utils")'.
ai-platform/web/simplebeacon-dashboard/js-es2018/utils.test.mjs(17,42): error TS2339: Property 'join' does not exist on type 'typeof import("C:/Users/Trevor/CascadeProjects/ai-platform/web/simplebeacon-dashboard/js-es2018/utils")'.
ai-platform/web/simplebeacon-dashboard/js-es2018/utils.test.mjs(17,48): error TS2339: Property 'reverseInline' does not exist on type 'typeof import("C:/Users/Trevor/CascadeProjects/ai-platform/web/simplebeacon-dashboard/js-es2018/utils")'.
ai-platform/web/simplebeacon-dashboard/js-es2018/utils.test.mjs(17,63): error TS2339: Property 'sort' does not exist on type 'typeof import("C:/Users/Trevor/CascadeProjects/ai-platform/web/simplebeacon-dashboard/js-es2018/utils")'.
ai-platform/web/simplebeacon-dashboard/js-es2018/utils.test.mjs(18,3): error TS2339: Property 'sortByInline' does not exist on type 'typeof import("C:/Users/Trevor/CascadeProjects/ai-platform/web/simplebeacon-dashboard/js-es2018/utils")'.
ai-platform/web/simplebeacon-dashboard/js-es2018/utils.test.mjs(18,17): error TS2339: Property 'uniqBy' does not exist on type 'typeof import("C:/Users/Trevor/CascadeProjects/ai-platform/web/simplebeacon-dashboard/js-es2018/utils")'.
ai-platform/web/simplebeacon-dashboard/js-es2018/utils.test.mjs(18,25): error TS2339: Property 'flattenInline' does not exist on type 'typeof import("C:/Users/Trevor/CascadeProjects/ai-platform/web/simplebeacon-dashboard/js-es2018/utils")'.
ai-platform/web/simplebeacon-dashboard/js-es2018/utils.test.mjs(18,40): error TS2339: Property 'zip' does not exist on type 'typeof import("C:/Users/Trevor/CascadeProjects/ai-platform/web/simplebeacon-dashboard/js-es2018/utils")'.
ai-platform/web/simplebeacon-dashboard/js-es2018/utils.test.mjs(18,45): error TS2339: Property 'unzip' does not exist on type 'typeof import("C:/Users/Trevor/CascadeProjects/ai-platform/web/simplebeacon-dashboard/js-es2018/utils")'.
ai-platform/web/simplebeacon-dashboard/js-es2018/utils.test.mjs(19,3): error TS2339: Property 'isWeakMap' does not exist on type 'typeof import("C:/Users/Trevor/CascadeProjects/ai-platform/web/simplebeacon-dashboard/js-es2018/utils")'.
ai-platform/web/simplebeacon-dashboard/js-es2018/utils.test.mjs(19,14): error TS2339: Property 'isWeakSet' does not exist on type 'typeof import("C:/Users/Trevor/CascadeProjects/ai-platform/web/simplebeacon-dashboard/js-es2018/utils")'.
ai-platform/web/simplebeacon-dashboard/js-es2018/utils.test.mjs(19,25): error TS2339: Property 'isArrayBuffer' does not exist on type 'typeof import("C:/Users/Trevor/CascadeProjects/ai-platform/web/simplebeacon-dashboard/js-es2018/utils")'.
ai-platform/web/simplebeacon-dashboard/js-es2018/utils.test.mjs(19,40): error TS2339: Property 'isSharedArrayBuffer' does not exist on type 'typeof import("C:/Users/Trevor/CascadeProjects/ai-platform/web/simplebeacon-dashboard/js-es2018/utils")'.
ai-platform/web/simplebeacon-dashboard/js-es2018/utils.test.mjs(19,61): error TS2339: Property 'isDataView' does not exist on type 'typeof import("C:/Users/Trevor/CascadeProjects/ai-platform/web/simplebeacon-dashboard/js-es2018/utils")'.
ai-platform/web/simplebeacon-dashboard/js-es2018/utils.test.mjs(20,3): error TS2339: Property 'isTypedArray' does not exist on type 'typeof import("C:/Users/Trevor/CascadeProjects/ai-platform/web/simplebeacon-dashboard/js-es2018/utils")'.
ai-platform/web/simplebeacon-dashboard/js-es2018/utils.test.mjs(20,17): error TS2339: Property 'isGenerator' does not exist on type 'typeof import("C:/Users/Trevor/CascadeProjects/ai-platform/web/simplebeacon-dashboard/js-es2018/utils")'.
ai-platform/web/simplebeacon-dashboard/js-es2018/utils.test.mjs(20,30): error TS2339: Property 'isAsyncGenerator' does not exist on type 'typeof import("C:/Users/Trevor/CascadeProjects/ai-platform/web/simplebeacon-dashboard/js-es2018/utils")'.
ai-platform/web/simplebeacon-dashboard/js-es2018/utils.test.mjs(20,48): error TS2339: Property 'isIterable' does not exist on type 'typeof import("C:/Users/Trevor/CascadeProjects/ai-platform/web/simplebeacon-dashboard/js-es2018/utils")'.
ai-platform/web/simplebeacon-dashboard/js-es2018/utils.test.mjs(20,60): error TS2339: Property 'isAsyncIterable' does not exist on type 'typeof import("C:/Users/Trevor/CascadeProjects/ai-platform/web/simplebeacon-dashboard/js-es2018/utils")'.
ai-platform/web/simplebeacon-dashboard/js-es2018/utils.test.mjs(22,5): error TS1378: Top-level 'await' expressions are only allowed when the 'module' option is set to 'es2022', 'esnext', 'system', 'node16', 'node18', 'node20', 'nodenext', or 'preserve', and the 'target' option is set to 'es2017' or higher.
ai-platform/web/simplebeacon-dashboard/js-es2018/utils/ai-problem-analyzer-export.browser.js(195,59): error TS2339: Property 'includes' does not exist on type 'never'.
ai-platform/web/simplebeacon-dashboard/js-es2018/utils/ai-problem-analyzer-export.browser.js(222,33): error TS2740: Type '{}' is missing the following properties from type 'any[]': length, pop, push, concat, and 29 more.
ai-platform/web/simplebeacon-dashboard/js-es2018/utils/ai-problem-analyzer-export.browser.js(223,17): error TS2339: Property 'critical' does not exist on type 'any[]'.
ai-platform/web/simplebeacon-dashboard/js-es2018/utils/ai-problem-analyzer-export.browser.js(225,17): error TS2339: Property 'high' does not exist on type 'any[]'.
ai-platform/web/simplebeacon-dashboard/js-es2018/utils/ai-problem-analyzer-export.browser.js(227,17): error TS2339: Property 'medium' does not exist on type 'any[]'.
ai-platform/web/simplebeacon-dashboard/js-es2018/utils/ai-problem-analyzer-export.browser.js(229,17): error TS2339: Property 'low' does not exist on type 'any[]'.
ai-platform/web/simplebeacon-dashboard/js-es2018/utils/ai-problem-analyzer-export.browser.js(490,103): error TS2339: Property 'analyzerResults' does not exist on type 'number'.
ai-platform/web/simplebeacon-dashboard/js-es2018/utils/analyze-mode-file-results.browser.js(64,61): error TS2339: Property 'filePath' does not exist on type 'boolean'.
ai-platform/web/simplebeacon-dashboard/js-es2018/utils/analyze-mode-file-results.browser.js(65,61): error TS2339: Property 'file' does not exist on type 'boolean'.
ai-platform/web/simplebeacon-dashboard/js-es2018/utils/analyze-mode-file-results.browser.js(66,66): error TS2339: Property 'filePaths' does not exist on type 'boolean'.
ai-platform/web/simplebeacon-dashboard/js-es2018/utils/analyze-mode-file-results.browser.js(67,66): error TS2339: Property 'affectedFiles' does not exist on type 'boolean'.
ai-platform/web/simplebeacon-dashboard/js-es2018/utils/analyze-mode-file-results.browser.js(141,27): error TS2339: Property 'rawIssues' does not exist on type 'number'.
ai-platform/web/simplebeacon-dashboard/js-es2018/utils/analyze-mode-file-results.browser.js(141,47): error TS2339: Property 'detectedIssues' does not exist on type 'number'.
ai-platform/web/simplebeacon-dashboard/js-es2018/utils/analyze-mode-file-results.browser.js(143,32): error TS2339: Property 'euAiActSummary' does not exist on type 'number'.
ai-platform/web/simplebeacon-dashboard/js-es2018/utils/analyze-mode-file-results.browser.js(177,27): error TS2339: Property 'rawIssues' does not exist on type 'number'.
ai-platform/web/simplebeacon-dashboard/js-es2018/utils/analyze-mode-file-results.browser.js(177,47): error TS2339: Property 'detectedIssues' does not exist on type 'number'.
ai-platform/web/simplebeacon-dashboard/js-es2018/utils/analyze-mode-file-results.browser.js(188,38): error TS2339: Property 'euAiActSummary' does not exist on type 'number'.
ai-platform/web/simplebeacon-dashboard/js-es2018/utils/analyze-mode-file-results.browser.js(198,33): error TS2339: Property 'ruleScopedFilesAnalyzed' does not exist on type 'number'.
ai-platform/web/simplebeacon-dashboard/js-es2018/utils/analyze-mode-file-results.browser.js(198,104): error TS2339: Property 'scanScope' does not exist on type 'number'.
ai-platform/web/simplebeacon-dashboard/js-es2018/utils/analyze-mode-file-results.browser.js(207,43): error TS2339: Property 'repositoryFilesTotal' does not exist on type 'number'.
ai-platform/web/simplebeacon-dashboard/js-es2018/utils/analyze-mode-file-results.browser.js(207,111): error TS2339: Property 'scanScope' does not exist on type 'number'.
ai-platform/web/simplebeacon-dashboard/js-es2018/utils/analyze-mode-file-results.browser.js(362,77): error TS2339: Property 'kind' does not exist on type 'string'.
ai-platform/web/simplebeacon-dashboard/js-es2018/utils/analyze-mode-file-results.browser.js(363,39): error TS2339: Property 'steps' does not exist on type 'string'.
ai-platform/web/simplebeacon-dashboard/js-es2018/utils/analyze-mode-file-results.browser.js(378,85): error TS2339: Property 'kind' does not exist on type 'string'.
ai-platform/web/simplebeacon-dashboard/js-es2018/utils/analyze-mode-file-results.browser.js(379,59): error TS2339: Property 'report' does not exist on type 'string'.
ai-platform/web/simplebeacon-dashboard/js-es2018/utils/analyze-mode-file-results.browser.js(380,85): error TS2339: Property 'kind' does not exist on type 'string'.
ai-platform/web/simplebeacon-dashboard/js-es2018/utils/analyze-mode-file-results.browser.js(382,73): error TS2339: Property 'type' does not exist on type 'number'.
ai-platform/web/simplebeacon-dashboard/js-es2018/utils/analyze-mode-file-results.browser.js(386,85): error TS2339: Property 'kind' does not exist on type 'string'.
ai-platform/web/simplebeacon-dashboard/js-es2018/utils/analyze-mode-file-results.browser.js(387,65): error TS2339: Property 'sprint' does not exist on type 'string'.
ai-platform/web/simplebeacon-dashboard/js-es2018/utils/analyze-mode-file-results.browser.js(388,85): error TS2339: Property 'kind' does not exist on type 'string'.
ai-platform/web/simplebeacon-dashboard/js-es2018/utils/analyze-mode-file-results.browser.js(392,85): error TS2339: Property 'kind' does not exist on type 'string'.
ai-platform/web/simplebeacon-dashboard/js-es2018/utils/analyze-mode-file-results.browser.js(396,84): error TS2339: Property 'report' does not exist on type 'string'.
ai-platform/web/simplebeacon-dashboard/js-es2018/utils/analyze-mode-file-results.browser.js(397,62): error TS2339: Property 'report' does not exist on type 'string'.
ai-platform/web/simplebeacon-dashboard/js-es2018/utils/analyze-mode-file-results.browser.js(397,89): error TS2339: Property 'fictionIssues' does not exist on type 'string'.
ai-platform/web/simplebeacon-dashboard/js-es2018/utils/analyze-mode-file-results.browser.js(400,85): error TS2339: Property 'kind' does not exist on type 'string'.
ai-platform/web/simplebeacon-dashboard/js-es2018/utils/analyze-mode-file-results.browser.js(401,66): error TS2339: Property 'scan' does not exist on type 'string'.
ai-platform/web/simplebeacon-dashboard/js-es2018/utils/analyze-mode-file-results.browser.js(402,85): error TS2339: Property 'kind' does not exist on type 'string'.
ai-platform/web/simplebeacon-dashboard/js-es2018/utils/analyze-mode-file-results.browser.js(406,85): error TS2339: Property 'kind' does not exist on type 'string'.
ai-platform/web/simplebeacon-dashboard/js-es2018/utils/analyze-mode-file-results.browser.js(407,61): error TS2339: Property 'scan' does not exist on type 'string'.
ai-platform/web/simplebeacon-dashboard/js-es2018/utils/analyze-mode-file-results.browser.js(408,85): error TS2339: Property 'kind' does not exist on type 'string'.
ai-platform/web/simplebeacon-dashboard/js-es2018/utils/analyze-mode-file-results.browser.js(413,85): error TS2339: Property 'kind' does not exist on type 'string'.
ai-platform/web/simplebeacon-dashboard/js-es2018/utils/analyze-mode-file-results.browser.js(414,60): error TS2339: Property 'scan' does not exist on type 'string'.
ai-platform/web/simplebeacon-dashboard/js-es2018/utils/analyze-mode-file-results.browser.js(415,85): error TS2339: Property 'kind' does not exist on type 'string'.
ai-platform/web/simplebeacon-dashboard/js-es2018/utils/analyze-mode-file-results.browser.js(419,85): error TS2339: Property 'kind' does not exist on type 'string'.
ai-platform/web/simplebeacon-dashboard/js-es2018/utils/analyze-mode-file-results.browser.js(420,67): error TS2339: Property 'brief' does not exist on type 'string'.
ai-platform/web/simplebeacon-dashboard/js-es2018/utils/analyze-mode-file-results.browser.js(421,85): error TS2339: Property 'kind' does not exist on type 'string'.
ai-platform/web/simplebeacon-dashboard/js-es2018/utils/analyze-mode-file-results.browser.js(425,85): error TS2339: Property 'kind' does not exist on type 'string'.
ai-platform/web/simplebeacon-dashboard/js-es2018/utils/analyze-mode-file-results.browser.js(426,68): error TS2339: Property 'checklist' does not exist on type 'string'.
ai-platform/web/simplebeacon-dashboard/js-es2018/utils/analyze-mode-file-results.browser.js(427,85): error TS2339: Property 'kind' does not exist on type 'string'.
ai-platform/web/simplebeacon-dashboard/js-es2018/utils/analyze-mode-file-results.browser.js(431,85): error TS2339: Property 'kind' does not exist on type 'string'.
ai-platform/web/simplebeacon-dashboard/js-es2018/utils/analyze-mode-file-results.browser.js(432,60): error TS2339: Property 'npmAudit' does not exist on type 'string'.
ai-platform/web/simplebeacon-dashboard/js-es2018/utils/analyze-mode-file-results.browser.js(433,85): error TS2339: Property 'kind' does not exist on type 'string'.
ai-platform/web/simplebeacon-dashboard/js-es2018/utils/analyze-mode-file-results.browser.js(437,85): error TS2339: Property 'kind' does not exist on type 'string'.
ai-platform/web/simplebeacon-dashboard/js-es2018/utils/analyze-mode-file-results.browser.js(438,60): error TS2339: Property 'data' does not exist on type 'string'.
ai-platform/web/simplebeacon-dashboard/js-es2018/utils/analyze-mode-file-results.browser.js(439,85): error TS2339: Property 'kind' does not exist on type 'string'.
ai-platform/web/simplebeacon-dashboard/js-es2018/utils/analyze-mode-file-results.browser.js(443,85): error TS2339: Property 'kind' does not exist on type 'string'.
ai-platform/web/simplebeacon-dashboard/js-es2018/utils/analyze-mode-file-results.browser.js(444,62): error TS2339: Property 'steps' does not exist on type 'string'.
ai-platform/web/simplebeacon-dashboard/js-es2018/utils/analyze-mode-file-results.browser.js(447,103): error TS2339: Property 'kind' does not exist on type 'string'.
ai-platform/web/simplebeacon-dashboard/js-es2018/utils/analyze-mode-file-results.browser.js(581,9): error TS2367: This comparison appears to be unintentional because the types 'any[]' and 'string' have no overlap.
ai-platform/web/simplebeacon-dashboard/js-es2018/utils/analyze-mode-file-results.browser.js(583,9): error TS2367: This comparison appears to be unintentional because the types 'any[]' and 'string' have no overlap.
ai-platform/web/simplebeacon-dashboard/js-es2018/utils/analyze-mode-file-results.browser.js(585,9): error TS2367: This comparison appears to be unintentional because the types 'any[]' and 'string' have no overlap.
ai-platform/web/simplebeacon-dashboard/js-es2018/utils/analyze-mode-file-results.browser.js(587,9): error TS2367: This comparison appears to be unintentional because the types 'any[]' and 'string' have no overlap.
ai-platform/web/simplebeacon-dashboard/js-es2018/utils/analyze-mode-file-results.browser.js(610,55): error TS2322: Type '{}' is not assignable to type 'string'.
ai-platform/web/simplebeacon-dashboard/js-es2018/utils/analyze-mode-file-results.browser.js(611,55): error TS2339: Property 'lastResult' does not exist on type 'string'.
ai-platform/web/simplebeacon-dashboard/js-es2018/utils/analyze-mode-file-results.browser.js(611,75): error TS2339: Property 'report' does not exist on type 'string'.
ai-platform/web/simplebeacon-dashboard/js-es2018/utils/analyze-mode-file-scope.browser.js(76,30): error TS2322: Type '{}' is not assignable to type 'string'.
ai-platform/web/simplebeacon-dashboard/js-es2018/utils/analyze-mode-file-scope.browser.js(78,13): error TS2339: Property 'config' does not exist on type 'String'.
ai-platform/web/simplebeacon-dashboard/js-es2018/utils/analyze-mode-file-scope.browser.js(78,21): error TS2339: Property 'report' does not exist on type 'String'.
ai-platform/web/simplebeacon-dashboard/js-es2018/utils/analyze-mode-file-scope.browser.js(78,29): error TS2339: Property 'projectPath' does not exist on type 'String'.
ai-platform/web/simplebeacon-dashboard/js-es2018/utils/analyze-mode-file-scope.browser.js(78,42): error TS2339: Property 'lastResult' does not exist on type 'String'.
ai-platform/web/simplebeacon-dashboard/js-es2018/utils/analyze-mode-file-scope.browser.js(82,21): error TS1003: Identifier expected.
ai-platform/web/simplebeacon-dashboard/js-es2018/utils/analyze-mode-file-scope.browser.js(368,53): error TS2322: Type '{}' is not assignable to type 'string'.
ai-platform/web/simplebeacon-dashboard/js-es2018/utils/assessment-export.browser.js(115,49): error TS2339: Property 'ruleScopedFilesAnalyzed' does not exist on type 'number'.
ai-platform/web/simplebeacon-dashboard/js-es2018/utils/assessment-export.browser.js(115,126): error TS2339: Property 'scanScope' does not exist on type 'number'.
ai-platform/web/simplebeacon-dashboard/js-es2018/utils/assessment-export.browser.js(122,55): error TS2339: Property 'gate' does not exist on type 'number'.
ai-platform/web/simplebeacon-dashboard/js-es2018/utils/benchmark-gate-issue-filter.browser.js(43,34): error TS2339: Property 'pattern' does not exist on type 'true'.
ai-platform/web/simplebeacon-dashboard/js-es2018/utils/benchmark-gate-issue-filter.browser.js(43,58): error TS2339: Property 'metadata' does not exist on type 'true'.
ai-platform/web/simplebeacon-dashboard/js-es2018/utils/benchmark-gate-issue-filter.browser.js(44,35): error TS2339: Property 'category' does not exist on type 'true'.
ai-platform/web/simplebeacon-dashboard/js-es2018/utils/benchmark-gate-issue-filter.browser.js(44,60): error TS2339: Property 'metadata' does not exist on type 'true'.
ai-platform/web/simplebeacon-dashboard/js-es2018/utils/benchmark-gate-issue-filter.browser.js(45,31): error TS2339: Property 'type' does not exist on type 'true'.
ai-platform/web/simplebeacon-dashboard/js-es2018/utils/benchmark-gate-issue-filter.browser.js(61,40): error TS2339: Property 'metadata' does not exist on type 'true'.
ai-platform/web/simplebeacon-dashboard/js-es2018/utils/benchmark-gate-issue-filter.browser.js(61,107): error TS2339: Property 'intent' does not exist on type 'true'.
ai-platform/web/simplebeacon-dashboard/js-es2018/utils/benchmark-gate-issue-filter.browser.js(64,47): error TS2339: Property 'type' does not exist on type 'true'.
ai-platform/web/simplebeacon-dashboard/js-es2018/utils/benchmark-gate-issue-filter.browser.js(66,28): error TS2339: Property 'filePath' does not exist on type 'true'.
ai-platform/web/simplebeacon-dashboard/js-es2018/utils/benchmark-gate-issue-filter.browser.js(66,46): error TS2339: Property 'file' does not exist on type 'true'.
ai-platform/web/simplebeacon-dashboard/js-es2018/utils/benchmark-gate-issue-filter.browser.js(66,67): error TS2339: Property 'filePaths' does not exist on type 'true'.
ai-platform/web/simplebeacon-dashboard/js-es2018/utils/benchmark-gate-issue-filter.browser.js(123,27): error TS2339: Property 'type' does not exist on type 'number'.
ai-platform/web/simplebeacon-dashboard/js-es2018/utils/benchmark-gate-issue-filter.browser.js(125,59): error TS2339: Property 'projectRoot' does not exist on type 'number'.
ai-platform/web/simplebeacon-dashboard/js-es2018/utils/benchmark-gate-issue-filter.browser.js(129,40): error TS2339: Property 'rawIssues' does not exist on type 'number'.
ai-platform/web/simplebeacon-dashboard/js-es2018/utils/benchmark-gate-issue-filter.browser.js(129,108): error TS2339: Property 'rawIssues' does not exist on type 'number'.
ai-platform/web/simplebeacon-dashboard/js-es2018/utils/benchmark-gate-issue-filter.browser.js(129,128): error TS2339: Property 'detectedIssues' does not exist on type 'number'.
ai-platform/web/simplebeacon-dashboard/js-es2018/utils/benchmark-gate-issue-filter.browser.js(144,31): error TS2339: Property 'gate' does not exist on type 'number'.
ai-platform/web/simplebeacon-dashboard/js-es2018/utils/benchmark-gate-issue-filter.browser.js(144,53): error TS2339: Property 'scanScope' does not exist on type 'number'.
ai-platform/web/simplebeacon-dashboard/js-es2018/utils/benchmark-gate-issue-filter.browser.js(150,9): error TS2698: Spread types may only be created from object types.
ai-platform/web/simplebeacon-dashboard/js-es2018/utils/benchmark-gate-issue-filter.browser.js(151,43): error TS2339: Property 'projectRoot' does not exist on type 'number'.
ai-platform/web/simplebeacon-dashboard/js-es2018/utils/benchmark-gate-issue-filter.browser.js(162,24): error TS2339: Property 'scanScope' does not exist on type 'number'.
ai-platform/web/simplebeacon-dashboard/js-es2018/utils/cleanup-brief-export.browser.js(93,150): error TS2362: The left-hand side of an arithmetic operation must be of type 'any', 'number', 'bigint' or an enum type.
ai-platform/web/simplebeacon-dashboard/js-es2018/utils/cleanup-brief-export.browser.js(259,42): error TS2740: Type '{}' is missing the following properties from type 'any[]': length, pop, push, concat, and 29 more.
ai-platform/web/simplebeacon-dashboard/js-es2018/utils/cleanup-brief-export.browser.js(259,61): error TS2740: Type '{}' is missing the following properties from type 'any[]': length, pop, push, concat, and 29 more.
ai-platform/web/simplebeacon-dashboard/js-es2018/utils/cleanup-brief-export.browser.js(261,34): error TS2339: Property 'artifactProfile' does not exist on type 'any[]'.
ai-platform/web/simplebeacon-dashboard/js-es2018/utils/cleanup-brief-export.browser.js(262,29): error TS2339: Property 'fileReduction' does not exist on type 'any[]'.
ai-platform/web/simplebeacon-dashboard/js-es2018/utils/cleanup-brief-export.browser.js(263,49): error TS2339: Property 'investigate' does not exist on type 'any[]'.
ai-platform/web/simplebeacon-dashboard/js-es2018/utils/cleanup-brief-export.browser.js(265,106): error TS2339: Property 'safeNow' does not exist on type 'any[]'.
ai-platform/web/simplebeacon-dashboard/js-es2018/utils/cleanup-brief-export.browser.js(266,79): error TS2339: Property 'reviewFirst' does not exist on type 'any[]'.
ai-platform/web/simplebeacon-dashboard/js-es2018/utils/cleanupAssistant.js(5,43): error TS2307: Cannot find module './completeScanAnalysis.js?v=20260527cleanup1' or its corresponding type declarations.
ai-platform/web/simplebeacon-dashboard/js-es2018/utils/cleanupAssistant.js(219,20): error TS8024: JSDoc '@param' tag has name 'fileReduction', but there is no parameter with that name.
ai-platform/web/simplebeacon-dashboard/js-es2018/utils/cleanupAssistant.js(220,17): error TS8024: JSDoc '@param' tag has name 'dataQuality', but there is no parameter with that name.
ai-platform/web/simplebeacon-dashboard/js-es2018/utils/cleanupAssistant.js(266,46): error TS2339: Property 'projectPath' does not exist on type '{ policy?: any; }'.
ai-platform/web/simplebeacon-dashboard/js-es2018/utils/cleanupAssistant.js(266,59): error TS2339: Property 'fileReduction' does not exist on type '{ policy?: any; }'.
ai-platform/web/simplebeacon-dashboard/js-es2018/utils/cleanupAssistant.js(266,74): error TS2339: Property 'dataQuality' does not exist on type '{ policy?: any; }'.
ai-platform/web/simplebeacon-dashboard/js-es2018/utils/cleanupAssistant.js(266,87): error TS2339: Property 'repositoryInventory' does not exist on type '{ policy?: any; }'.
ai-platform/web/simplebeacon-dashboard/js-es2018/utils/cleanupAssistant.js(342,54): error TS2345: Argument of type '{ projectPath: any; policy: any; inventory: { totalFiles: any; totalFolders: any; }; projectedInventory: { totalFiles: number; totalFolders: any; }; estimatedReduction: { files: number; bytes: number; percentOfInventory: number; }; tiers: { ...; }; analysis: any; }' is not assignable to parameter of type 'string'.
ai-platform/web/simplebeacon-dashboard/js-es2018/utils/cleanupAssistant.js(389,20): error TS2339: Property 'kind' does not exist on type 'string'.
ai-platform/web/simplebeacon-dashboard/js-es2018/utils/cleanupAssistant.js(389,68): error TS2339: Property 'steps' does not exist on type 'string'.
ai-platform/web/simplebeacon-dashboard/js-es2018/utils/cleanupAssistant.js(390,40): error TS2339: Property 'steps' does not exist on type 'string'.
ai-platform/web/simplebeacon-dashboard/js-es2018/utils/cleanupAssistant.js(391,46): error TS2339: Property 'steps' does not exist on type 'string'.
ai-platform/web/simplebeacon-dashboard/js-es2018/utils/cleanupAssistant.js(392,44): error TS2339: Property 'steps' does not exist on type 'string'.
ai-platform/web/simplebeacon-dashboard/js-es2018/utils/cleanupAssistant.js(394,37): error TS2339: Property 'projectPath' does not exist on type 'string'.
ai-platform/web/simplebeacon-dashboard/js-es2018/utils/cleanupAssistant.js(397,140): error TS2339: Property 'repositoryInventory' does not exist on type 'string'.
ai-platform/web/simplebeacon-dashboard/js-es2018/utils/cleanupAssistant.js(398,114): error TS2339: Property 'policy' does not exist on type 'string'.
ai-platform/web/simplebeacon-dashboard/js-es2018/utils/cleanupAssistant.js(402,33): error TS2339: Property 'projectPath' does not exist on type 'string'.
ai-platform/web/simplebeacon-dashboard/js-es2018/utils/cleanupAssistant.js(403,35): error TS2339: Property 'fileReduction' does not exist on type 'string'.
ai-platform/web/simplebeacon-dashboard/js-es2018/utils/cleanupAssistant.js(404,33): error TS2339: Property 'dataQuality' does not exist on type 'string'.
ai-platform/web/simplebeacon-dashboard/js-es2018/utils/cleanupAssistant.js(405,41): error TS2339: Property 'repositoryInventory' does not exist on type 'string'.
ai-platform/web/simplebeacon-dashboard/js-es2018/utils/cleanupAssistant.js(406,28): error TS2339: Property 'policy' does not exist on type 'string'.
ai-platform/web/simplebeacon-dashboard/js-es2018/utils/cleanupAssistant.js(420,9): error TS2353: Object literal may only specify known properties, and 'projectPath' does not exist in type '{ policy?: any; }'.
ai-platform/web/simplebeacon-dashboard/js-es2018/utils/cleanupAssistant.js(435,61): error TS2339: Property 'policy' does not exist on type 'string'.
ai-platform/web/simplebeacon-dashboard/js-es2018/utils/cleanupAssistant.js(437,17): error TS2339: Property 'policy' does not exist on type 'string'.
ai-platform/web/simplebeacon-dashboard/js-es2018/utils/cleanupAssistant.js(440,17): error TS2339: Property 'policy' does not exist on type 'string'.
ai-platform/web/simplebeacon-dashboard/js-es2018/utils/cleanupAssistant.js(443,62): error TS2339: Property 'estimatedReduction' does not exist on type 'string'.
ai-platform/web/simplebeacon-dashboard/js-es2018/utils/cleanupAssistant.js(443,118): error TS2339: Property 'estimatedReduction' does not exist on type 'string'.
ai-platform/web/simplebeacon-dashboard/js-es2018/utils/cleanupAssistant.js(450,17): error TS8024: JSDoc '@param' tag has name 'estimatedReduction', but there is no parameter with that name.
ai-platform/web/simplebeacon-dashboard/js-es2018/utils/cleanupAssistant.js(451,17): error TS8024: JSDoc '@param' tag has name 'inventory', but there is no parameter with that name.
ai-platform/web/simplebeacon-dashboard/js-es2018/utils/cleanupAssistant.js(452,17): error TS8024: JSDoc '@param' tag has name 'projectedInventory', but there is no parameter with that name.
ai-platform/web/simplebeacon-dashboard/js-es2018/utils/cleanupAssistant.js(453,17): error TS8024: JSDoc '@param' tag has name 'policy', but there is no parameter with that name.
ai-platform/web/simplebeacon-dashboard/js-es2018/utils/codebase-export.browser.js(119,19): error TS2339: Property 'projectRoot' does not exist on type 'number'.
ai-platform/web/simplebeacon-dashboard/js-es2018/utils/codebase-export.browser.js(120,19): error TS2339: Property 'platformRoot' does not exist on type 'number'.
ai-platform/web/simplebeacon-dashboard/js-es2018/utils/codebase-export.browser.js(135,101): error TS2339: Property 'projectRoot' does not exist on type 'number'.
ai-platform/web/simplebeacon-dashboard/js-es2018/utils/codebase-export.browser.js(135,173): error TS2339: Property 'projectPath' does not exist on type 'number'.
ai-platform/web/simplebeacon-dashboard/js-es2018/utils/codebase-export.browser.js(138,68): error TS2339: Property 'scanTargetRoot' does not exist on type 'number'.
ai-platform/web/simplebeacon-dashboard/js-es2018/utils/codebase-export.browser.js(139,68): error TS2339: Property 'requestedScanRoot' does not exist on type 'number'.
ai-platform/web/simplebeacon-dashboard/js-es2018/utils/codebase-export.browser.js(193,30): error TS2339: Property 'findings' does not exist on type 'number'.
ai-platform/web/simplebeacon-dashboard/js-es2018/utils/codebase-export.browser.js(194,37): error TS2339: Property 'findings' does not exist on type 'number'.
ai-platform/web/simplebeacon-dashboard/js-es2018/utils/codebase-export.browser.js(202,9): error TS2698: Spread types may only be created from object types.
ai-platform/web/simplebeacon-dashboard/js-es2018/utils/codebase-export.browser.js(205,23): error TS2339: Property 'categories' does not exist on type 'number'.
ai-platform/web/simplebeacon-dashboard/js-es2018/utils/codebase-export.browser.js(208,23): error TS2339: Property 'summary' does not exist on type 'number'.
ai-platform/web/simplebeacon-dashboard/js-es2018/utils/codebase-export.browser.js(211,57): error TS2339: Property 'summary' does not exist on type 'number'.
ai-platform/web/simplebeacon-dashboard/js-es2018/utils/codebase-export.browser.js(212,60): error TS2339: Property 'summary' does not exist on type 'number'.
ai-platform/web/simplebeacon-dashboard/js-es2018/utils/codebase-export.browser.js(221,24): error TS2339: Property 'exportNotes' does not exist on type 'number'.
ai-platform/web/simplebeacon-dashboard/js-es2018/utils/codebase-export.browser.js(286,46): error TS2339: Property 'projectRoot' does not exist on type 'number'.
ai-platform/web/simplebeacon-dashboard/js-es2018/utils/codebase-export.browser.js(286,68): error TS2339: Property 'scanTargetRoot' does not exist on type 'number'.
ai-platform/web/simplebeacon-dashboard/js-es2018/utils/codebase-export.browser.js(286,93): error TS2339: Property 'requestedScanRoot' does not exist on type 'number'.
ai-platform/web/simplebeacon-dashboard/js-es2018/utils/codebase-export.browser.js(295,9): error TS2698: Spread types may only be created from object types.
ai-platform/web/simplebeacon-dashboard/js-es2018/utils/codebase-export.browser.js(296,57): error TS2339: Property 'projectRoot' does not exist on type 'number'.
ai-platform/web/simplebeacon-dashboard/js-es2018/utils/codebase-export.browser.js(297,20): error TS2339: Property 'scanTargetRoot' does not exist on type 'number'.
ai-platform/web/simplebeacon-dashboard/js-es2018/utils/codebase-export.browser.js(298,68): error TS2339: Property 'scanTargetRoot' does not exist on type 'number'.
ai-platform/web/simplebeacon-dashboard/js-es2018/utils/codebase-export.browser.js(300,20): error TS2339: Property 'requestedScanRoot' does not exist on type 'number'.
ai-platform/web/simplebeacon-dashboard/js-es2018/utils/codebase-export.browser.js(301,71): error TS2339: Property 'requestedScanRoot' does not exist on type 'number'.
ai-platform/web/simplebeacon-dashboard/js-es2018/utils/codebase-export.browser.js(303,20): error TS2339: Property 'platformRoot' does not exist on type 'number'.
ai-platform/web/simplebeacon-dashboard/js-es2018/utils/codebase-export.browser.js(304,66): error TS2339: Property 'platformRoot' does not exist on type 'number'.
ai-platform/web/simplebeacon-dashboard/js-es2018/utils/codebase-export.browser.js(306,20): error TS2339: Property 'codeAnalysisRoot' does not exist on type 'number'.
ai-platform/web/simplebeacon-dashboard/js-es2018/utils/codebase-export.browser.js(307,70): error TS2339: Property 'codeAnalysisRoot' does not exist on type 'number'.
ai-platform/web/simplebeacon-dashboard/js-es2018/utils/codebase-export.browser.js(309,20): error TS2339: Property 'productPlatformRoot' does not exist on type 'number'.
ai-platform/web/simplebeacon-dashboard/js-es2018/utils/codebase-export.browser.js(310,73): error TS2339: Property 'productPlatformRoot' does not exist on type 'number'.
ai-platform/web/simplebeacon-dashboard/js-es2018/utils/codebase-export.browser.js(312,20): error TS2339: Property 'repositoryInventory' does not exist on type 'number'.
ai-platform/web/simplebeacon-dashboard/js-es2018/utils/codebase-export.browser.js(315,31): error TS2339: Property 'repositoryInventory' does not exist on type 'number'.
ai-platform/web/simplebeacon-dashboard/js-es2018/utils/codebase-export.browser.js(316,69): error TS2339: Property 'repositoryInventory' does not exist on type 'number'.
ai-platform/web/simplebeacon-dashboard/js-es2018/utils/codebase-export.browser.js(342,22): error TS2339: Property 'benchmarkScan' does not exist on type 'string'.
ai-platform/web/simplebeacon-dashboard/js-es2018/utils/codebase-export.browser.js(355,17): error TS2339: Property 'benchmarkScan' does not exist on type 'string'.
ai-platform/web/simplebeacon-dashboard/js-es2018/utils/codebase-export.browser.js(357,21): error TS2339: Property 'eslintSource' does not exist on type 'string'.
ai-platform/web/simplebeacon-dashboard/js-es2018/utils/codebase-export.browser.js(361,18): error TS2339: Property 'benchmarkScan' does not exist on type 'string'.
ai-platform/web/simplebeacon-dashboard/js-es2018/utils/codebase-export.browser.js(361,43): error TS2339: Property 'eslintSkipped' does not exist on type 'string'.
ai-platform/web/simplebeacon-dashboard/js-es2018/utils/codebase-export.browser.js(362,47): error TS2339: Property 'eslintSkipped' does not exist on type 'string'.
ai-platform/web/simplebeacon-dashboard/js-es2018/utils/codebase-export.browser.js(411,396): error TS2339: Property 'hygieneSummary' does not exist on type 'number'.
ai-platform/web/simplebeacon-dashboard/js-es2018/utils/codebase-export.browser.js(412,322): error TS2339: Property 'hygieneSummary' does not exist on type 'number'.
ai-platform/web/simplebeacon-dashboard/js-es2018/utils/codebase-export.browser.js(413,499): error TS2339: Property 'hygieneSummary' does not exist on type 'number'.
ai-platform/web/simplebeacon-dashboard/js-es2018/utils/codebase-export.browser.js(414,166): error TS2339: Property 'scanScope' does not exist on type 'number'.
ai-platform/web/simplebeacon-dashboard/js-es2018/utils/codebase-export.browser.js(414,286): error TS2339: Property 'hygieneSummary' does not exist on type 'number'.
ai-platform/web/simplebeacon-dashboard/js-es2018/utils/codebase-export.browser.js(421,260): error TS2339: Property 'hygieneSummary' does not exist on type 'number'.
ai-platform/web/simplebeacon-dashboard/js-es2018/utils/codebase-export.browser.js(422,344): error TS2339: Property 'hygieneSummary' does not exist on type 'number'.
ai-platform/web/simplebeacon-dashboard/js-es2018/utils/codebase-export.browser.js(431,50): error TS2322: Type '{}' is not assignable to type 'string'.
ai-platform/web/simplebeacon-dashboard/js-es2018/utils/codebase-export.browser.js(437,40): error TS2339: Property 'summary' does not exist on type 'number'.
ai-platform/web/simplebeacon-dashboard/js-es2018/utils/codebase-export.browser.js(437,120): error TS2339: Property 'eslintSummary' does not exist on type 'number'.
ai-platform/web/simplebeacon-dashboard/js-es2018/utils/codebase-export.browser.js(438,50): error TS2339: Property 'summary' does not exist on type 'number'.
ai-platform/web/simplebeacon-dashboard/js-es2018/utils/codebase-export.browser.js(439,55): error TS2339: Property 'summary' does not exist on type 'number'.
ai-platform/web/simplebeacon-dashboard/js-es2018/utils/codebase-export.browser.js(442,74): error TS2339: Property 'summary' does not exist on type 'number'.
ai-platform/web/simplebeacon-dashboard/js-es2018/utils/codebase-export.browser.js(442,202): error TS2339: Property 'summary' does not exist on type 'number'.
ai-platform/web/simplebeacon-dashboard/js-es2018/utils/codebase-export.browser.js(444,36): error TS2339: Property 'summary' does not exist on type 'number'.
ai-platform/web/simplebeacon-dashboard/js-es2018/utils/codebase-export.browser.js(445,43): error TS2339: Property 'repositoryInventory' does not exist on type 'number'.
ai-platform/web/simplebeacon-dashboard/js-es2018/utils/codebase-export.browser.js(445,162): error TS2339: Property 'summary' does not exist on type 'number'.
ai-platform/web/simplebeacon-dashboard/js-es2018/utils/codebase-export.browser.js(449,29): error TS2339: Property 'summary' does not exist on type 'number'.
ai-platform/web/simplebeacon-dashboard/js-es2018/utils/codebase-export.browser.js(455,39): error TS2339: Property 'repositoryInventory' does not exist on type 'number'.
ai-platform/web/simplebeacon-dashboard/js-es2018/utils/codebase-export.browser.js(469,67): error TS2339: Property 'hygieneSummary' does not exist on type 'number'.
ai-platform/web/simplebeacon-dashboard/js-es2018/utils/codebase-export.browser.js(472,45): error TS2339: Property 'summary' does not exist on type 'number'.
ai-platform/web/simplebeacon-dashboard/js-es2018/utils/codebase-export.browser.js(473,43): error TS2339: Property 'summary' does not exist on type 'number'.
ai-platform/web/simplebeacon-dashboard/js-es2018/utils/codebase-export.browser.js(474,53): error TS2339: Property 'summary' does not exist on type 'number'.
ai-platform/web/simplebeacon-dashboard/js-es2018/utils/codebase-export.browser.js(478,42): error TS2339: Property 'structureInsights' does not exist on type 'number'.
ai-platform/web/simplebeacon-dashboard/js-es2018/utils/codebase-export.browser.js(483,16): error TS2339: Property 'aiSummaryProvider' does not exist on type 'number'.
ai-platform/web/simplebeacon-dashboard/js-es2018/utils/codebase-export.browser.js(484,44): error TS2339: Property 'aiSummaryProvider' does not exist on type 'number'.
ai-platform/web/simplebeacon-dashboard/js-es2018/utils/codebase-export.browser.js(496,28): error TS2339: Property 'summary' does not exist on type 'number'.
ai-platform/web/simplebeacon-dashboard/js-es2018/utils/codebase-export.browser.js(499,49): error TS2339: Property 'repositoryInventory' does not exist on type 'number'.
ai-platform/web/simplebeacon-dashboard/js-es2018/utils/codebase-export.browser.js(522,61): error TS2339: Property 'eslintSummary' does not exist on type 'number'.
ai-platform/web/simplebeacon-dashboard/js-es2018/utils/codebase-export.browser.js(523,107): error TS2339: Property 'eslintSummary' does not exist on type 'number'.
ai-platform/web/simplebeacon-dashboard/js-es2018/utils/codebase-export.browser.js(526,71): error TS2339: Property 'hygieneSummary' does not exist on type 'number'.
ai-platform/web/simplebeacon-dashboard/js-es2018/utils/codebase-export.browser.js(541,25): error TS2339: Property 'scanScope' does not exist on type 'number'.
ai-platform/web/simplebeacon-dashboard/js-es2018/utils/codebase-export.browser.js(558,105): error TS2339: Property 'samples' does not exist on type 'any[]'.
ai-platform/web/simplebeacon-dashboard/js-es2018/utils/codebase-export.browser.js(560,43): error TS2339: Property 'samples' does not exist on type 'any[]'.
ai-platform/web/simplebeacon-dashboard/js-es2018/utils/codebase-export.browser.js(561,44): error TS2339: Property 'summary' does not exist on type 'any[]'.
ai-platform/web/simplebeacon-dashboard/js-es2018/utils/codebase-export.browser.js(569,46): error TS2339: Property 'summary' does not exist on type 'any[]'.
ai-platform/web/simplebeacon-dashboard/js-es2018/utils/codebase-export.browser.js(570,55): error TS2339: Property 'summary' does not exist on type 'any[]'.
ai-platform/web/simplebeacon-dashboard/js-es2018/utils/codebase-export.browser.js(570,169): error TS2339: Property 'samples' does not exist on type 'any[]'.
ai-platform/web/simplebeacon-dashboard/js-es2018/utils/codebase-export.browser.js(578,35): error TS2339: Property 'summary' does not exist on type 'any[]'.
ai-platform/web/simplebeacon-dashboard/js-es2018/utils/codebase-export.browser.js(591,27): error TS2339: Property 'type' does not exist on type 'number'.
ai-platform/web/simplebeacon-dashboard/js-es2018/utils/codebase-export.browser.js(643,91): error TS2345: Argument of type '{ benchmarkScan: any; eslintSource: any; eslintSkipped: any; }' is not assignable to parameter of type 'string'.
ai-platform/web/simplebeacon-dashboard/js-es2018/utils/codebase-export.browser.js(689,66): error TS2345: Argument of type '{ repositoryFilesTotal: any; gateRepositoryFilesTotal: any; gateReport: any; }' is not assignable to parameter of type 'string'.
ai-platform/web/simplebeacon-dashboard/js-es2018/utils/complete-scan-artifact-profile.browser.js(65,46): error TS2740: Type '{}' is missing the following properties from type 'any[]': length, pop, push, concat, and 29 more.
ai-platform/web/simplebeacon-dashboard/js-es2018/utils/complete-scan-artifact-profile.browser.js(66,25): error TS2339: Property 'fileReduction' does not exist on type 'any[]'.
ai-platform/web/simplebeacon-dashboard/js-es2018/utils/complete-scan-artifact-profile.browser.js(72,33): error TS2339: Property 'priorityActions' does not exist on type 'any[]'.
ai-platform/web/simplebeacon-dashboard/js-es2018/utils/completeScanAnalysis.js(6,44): error TS2307: Cannot find module './cleanup-brief-export.browser.js?v=20260601cleanupbrief9' or its corresponding type declarations.
ai-platform/web/simplebeacon-dashboard/js-es2018/utils/completeScanAnalysis.js(7,49): error TS2307: Cannot find module './data-cleanup-export.browser.js?v=20260601datacleanup8' or its corresponding type declarations.
ai-platform/web/simplebeacon-dashboard/js-es2018/utils/completeScanAnalysis.js(8,46): error TS2307: Cannot find module './codebase-export.browser.js?v=20260601codebase8' or its corresponding type declarations.
ai-platform/web/simplebeacon-dashboard/js-es2018/utils/completeScanAnalysis.js(9,72): error TS2307: Cannot find module './roadmap-export.browser.js?v=20260601roadmap10' or its corresponding type declarations.
ai-platform/web/simplebeacon-dashboard/js-es2018/utils/completeScanAnalysis.js(10,80): error TS2307: Cannot find module './consolidation-export.browser.js?v=20260601consolidation11' or its corresponding type declarations.
ai-platform/web/simplebeacon-dashboard/js-es2018/utils/completeScanAnalysis.js(11,40): error TS2307: Cannot find module './npm-audit-export.browser.js?v=20260601npmaudit5' or its corresponding type declarations.
ai-platform/web/simplebeacon-dashboard/js-es2018/utils/completeScanAnalysis.js(12,48): error TS2307: Cannot find module './compliance-export.browser.js?v=20260601complianceexport7' or its corresponding type declarations.
ai-platform/web/simplebeacon-dashboard/js-es2018/utils/completeScanAnalysis.js(13,50): error TS2307: Cannot find module './simplebeacon-report-export.browser.js?v=20260601gateexport17' or its corresponding type declarations.
ai-platform/web/simplebeacon-dashboard/js-es2018/utils/completeScanAnalysis.js(37,17): error TS8024: JSDoc '@param' tag has name 'dataQuality', but there is no parameter with that name.
ai-platform/web/simplebeacon-dashboard/js-es2018/utils/completeScanAnalysis.js(38,20): error TS8024: JSDoc '@param' tag has name 'projectPath', but there is no parameter with that name.
ai-platform/web/simplebeacon-dashboard/js-es2018/utils/completeScanAnalysis.js(96,61): error TS2345: Argument of type '{ projectPath: any; fileReduction: { safeToDeleteBytes: any; reviewBeforeDeleteBytes: any; immediateSavingsBytes: any; duplicateAssetBytes: any; unusedFileCandidates: any; topSafeDirectories: any; skippedArtifactDirectories: any; benchmarkDirsExcluded: any; reviewLogs: any; summaryTable: any; }; dataQuality: { ...; ...' is not assignable to parameter of type 'any[]'.
  Type '{ projectPath: any; fileReduction: { safeToDeleteBytes: any; reviewBeforeDeleteBytes: any; immediateSavingsBytes: any; duplicateAssetBytes: any; unusedFileCandidates: any; topSafeDirectories: any; skippedArtifactDirectories: any; benchmarkDirsExcluded: any; reviewLogs: any; summaryTable: any; }; dataQuality: { ...; ...' is missing the following properties from type 'any[]': length, pop, push, concat, and 29 more.
ai-platform/web/simplebeacon-dashboard/js-es2018/utils/completeScanAnalysis.js(108,25): error TS2339: Property 'fileReduction' does not exist on type 'any[]'.
ai-platform/web/simplebeacon-dashboard/js-es2018/utils/completeScanAnalysis.js(109,25): error TS2339: Property 'dataQuality' does not exist on type 'any[]'.
ai-platform/web/simplebeacon-dashboard/js-es2018/utils/completeScanAnalysis.js(110,38): error TS2339: Property 'artifactProfile' does not exist on type 'any[]'.
ai-platform/web/simplebeacon-dashboard/js-es2018/utils/completeScanAnalysis.js(111,30): error TS2339: Property 'priorityActions' does not exist on type 'any[]'.
ai-platform/web/simplebeacon-dashboard/js-es2018/utils/completeScanAnalysis.js(159,21): error TS2339: Property 'notes' does not exist on type 'any[]'.
ai-platform/web/simplebeacon-dashboard/js-es2018/utils/completeScanAnalysis.js(160,84): error TS2339: Property 'notes' does not exist on type 'any[]'.
ai-platform/web/simplebeacon-dashboard/js-es2018/utils/completeScanAnalysis.js(305,81): error TS2322: Type '{}' is not assignable to type 'string'.
ai-platform/web/simplebeacon-dashboard/js-es2018/utils/completeScanAnalysis.js(309,13): error TS2339: Property 'benchmarkScan' does not exist on type 'String'.
ai-platform/web/simplebeacon-dashboard/js-es2018/utils/completeScanAnalysis.js(309,28): error TS2339: Property 'hollowGate' does not exist on type 'String'.
ai-platform/web/simplebeacon-dashboard/js-es2018/utils/completeScanAnalysis.js(309,40): error TS2339: Property 'productPlatformRoot' does not exist on type 'String'.
ai-platform/web/simplebeacon-dashboard/js-es2018/utils/completeScanAnalysis.js(325,103): error TS2339: Property 'ruleScopedFilesAnalyzed' does not exist on type 'number'.
ai-platform/web/simplebeacon-dashboard/js-es2018/utils/completeScanAnalysis.js(325,234): error TS2339: Property 'scanScope' does not exist on type 'number'.
ai-platform/web/simplebeacon-dashboard/js-es2018/utils/completeScanAnalysis.js(398,38): error TS2362: The left-hand side of an arithmetic operation must be of type 'any', 'number', 'bigint' or an enum type.
ai-platform/web/simplebeacon-dashboard/js-es2018/utils/completeScanAnalysis.js(577,116): error TS2345: Argument of type '{ benchmarkScan: any; hollowGate: any; productPlatformRoot: any; }' is not assignable to parameter of type 'string'.
ai-platform/web/simplebeacon-dashboard/js-es2018/utils/compliance-audit-export.browser.js(4,50): error TS2307: Cannot find module './simplebeacon-report-export.browser.js?v=20260601gateexport17' or its corresponding type declarations.
ai-platform/web/simplebeacon-dashboard/js-es2018/utils/compliance-audit-export.browser.js(5,168): error TS2307: Cannot find module './quality-export.browser.js?v=20260531qualityexport8' or its corresponding type declarations.
ai-platform/web/simplebeacon-dashboard/js-es2018/utils/compliance-audit-export.browser.js(74,32): error TS2339: Property 'jestSummary' does not exist on type 'number'.
ai-platform/web/simplebeacon-dashboard/js-es2018/utils/compliance-audit-export.browser.js(75,16): error TS2339: Property 'jestBaselineChecked' does not exist on type 'number'.
ai-platform/web/simplebeacon-dashboard/js-es2018/utils/compliance-audit-export.browser.js(273,29): error TS2740: Type '{}' is missing the following properties from type 'any[]': length, pop, push, concat, and 29 more.
ai-platform/web/simplebeacon-dashboard/js-es2018/utils/compliance-audit-export.browser.js(412,40): error TS2339: Property 'rawIssues' does not exist on type 'number'.
ai-platform/web/simplebeacon-dashboard/js-es2018/utils/compliance-audit-export.browser.js(412,108): error TS2339: Property 'rawIssues' does not exist on type 'number'.
ai-platform/web/simplebeacon-dashboard/js-es2018/utils/compliance-audit-export.browser.js(412,128): error TS2339: Property 'detectedIssues' does not exist on type 'number'.
ai-platform/web/simplebeacon-dashboard/js-es2018/utils/compliance-audit-export.browser.js(414,24): error TS2339: Property 'severityCounts' does not exist on type 'number'.
ai-platform/web/simplebeacon-dashboard/js-es2018/utils/compliance-audit-export.browser.js(417,36): error TS2339: Property 'productionLeakFindings' does not exist on type 'number'.
ai-platform/web/simplebeacon-dashboard/js-es2018/utils/compliance-audit-export.browser.js(429,39): error TS2339: Property 'gate' does not exist on type 'number'.
ai-platform/web/simplebeacon-dashboard/js-es2018/utils/compliance-audit-export.browser.js(433,53): error TS2339: Property 'gate' does not exist on type 'number'.
ai-platform/web/simplebeacon-dashboard/js-es2018/utils/compliance-audit-export.browser.js(434,52): error TS2339: Property 'gate' does not exist on type 'number'.
ai-platform/web/simplebeacon-dashboard/js-es2018/utils/compliance-audit-export.browser.js(451,29): error TS2339: Property 'projectRoot' does not exist on type 'number'.
ai-platform/web/simplebeacon-dashboard/js-es2018/utils/compliance-audit-export.browser.js(514,25): error TS2339: Property 'gate' does not exist on type 'any[]'.
ai-platform/web/simplebeacon-dashboard/js-es2018/utils/compliance-audit-export.browser.js(519,14): error TS2339: Property 'jestBaseline' does not exist on type '{ gate: any; length: number; toString(): string; toLocaleString(): string; toLocaleString(locales: string | string[], options?: NumberFormatOptions & DateTimeFormatOptions): string; ... 31 more ...; [Symbol.unscopables]: { ...; }; }'.
ai-platform/web/simplebeacon-dashboard/js-es2018/utils/compliance-audit-export.browser.js(520,33): error TS2339: Property 'jestBaseline' does not exist on type '{ gate: any; length: number; toString(): string; toLocaleString(): string; toLocaleString(locales: string | string[], options?: NumberFormatOptions & DateTimeFormatOptions): string; ... 31 more ...; [Symbol.unscopables]: { ...; }; }'.
ai-platform/web/simplebeacon-dashboard/js-es2018/utils/compliance-audit-export.browser.js(521,14): error TS2339: Property 'jestBaseline' does not exist on type '{ gate: any; length: number; toString(): string; toLocaleString(): string; toLocaleString(locales: string | string[], options?: NumberFormatOptions & DateTimeFormatOptions): string; ... 31 more ...; [Symbol.unscopables]: { ...; }; }'.
ai-platform/web/simplebeacon-dashboard/js-es2018/utils/compliance-audit-export.browser.js(522,21): error TS2339: Property 'jestBaseline' does not exist on type '{ gate: any; length: number; toString(): string; toLocaleString(): string; toLocaleString(locales: string | string[], options?: NumberFormatOptions & DateTimeFormatOptions): string; ... 31 more ...; [Symbol.unscopables]: { ...; }; }'.
ai-platform/web/simplebeacon-dashboard/js-es2018/utils/compliance-audit-export.browser.js(524,73): error TS2339: Property 'jestBaseline' does not exist on type '{ gate: any; length: number; toString(): string; toLocaleString(): string; toLocaleString(locales: string | string[], options?: NumberFormatOptions & DateTimeFormatOptions): string; ... 31 more ...; [Symbol.unscopables]: { ...; }; }'.
ai-platform/web/simplebeacon-dashboard/js-es2018/utils/compliance-audit-export.browser.js(608,43): error TS2322: Type '{}' is not assignable to type 'string'.
ai-platform/web/simplebeacon-dashboard/js-es2018/utils/compliance-audit-export.browser.js(612,31): error TS2339: Property 'jestTestsLabel' does not exist on type 'string'.
ai-platform/web/simplebeacon-dashboard/js-es2018/utils/compliance-audit-export.browser.js(710,58): error TS2345: Argument of type '{ jestTestsLabel: any; }' is not assignable to parameter of type 'string'.
ai-platform/web/simplebeacon-dashboard/js-es2018/utils/compliance-audit-export.browser.js(780,37): error TS2740: Type '{}' is missing the following properties from type 'any[]': length, pop, push, concat, and 29 more.
ai-platform/web/simplebeacon-dashboard/js-es2018/utils/compliance-audit-export.browser.js(833,17): error TS8024: JSDoc '@param' tag has name 'assessment', but there is no parameter with that name.
ai-platform/web/simplebeacon-dashboard/js-es2018/utils/compliance-audit-export.browser.js(834,17): error TS8024: JSDoc '@param' tag has name 'npmAudit', but there is no parameter with that name.
ai-platform/web/simplebeacon-dashboard/js-es2018/utils/compliance-audit-export.browser.js(835,17): error TS8024: JSDoc '@param' tag has name 'summary', but there is no parameter with that name.
ai-platform/web/simplebeacon-dashboard/js-es2018/utils/compliance-export.browser.js(4,40): error TS2307: Cannot find module './npm-audit-export.browser.js?v=20260601npmaudit5' or its corresponding type declarations.
ai-platform/web/simplebeacon-dashboard/js-es2018/utils/compliance-export.browser.js(57,58): error TS2322: Type '{}' is not assignable to type 'string'.
ai-platform/web/simplebeacon-dashboard/js-es2018/utils/compliance-export.browser.js(58,41): error TS2339: Property 'productPlatformRoot' does not exist on type 'string'.
ai-platform/web/simplebeacon-dashboard/js-es2018/utils/compliance-export.browser.js(106,91): error TS2339: Property 'ruleScopedFilesAnalyzed' does not exist on type 'number'.
ai-platform/web/simplebeacon-dashboard/js-es2018/utils/compliance-export.browser.js(106,222): error TS2339: Property 'scanScope' does not exist on type 'number'.
ai-platform/web/simplebeacon-dashboard/js-es2018/utils/compliance-export.browser.js(115,93): error TS2339: Property 'gate' does not exist on type 'number'.
ai-platform/web/simplebeacon-dashboard/js-es2018/utils/compliance-export.browser.js(124,100): error TS2339: Property 'schemaChecked' does not exist on type 'number'.
ai-platform/web/simplebeacon-dashboard/js-es2018/utils/compliance-export.browser.js(124,215): error TS2339: Property 'pageSampleSchemaChecked' does not exist on type 'number'.
ai-platform/web/simplebeacon-dashboard/js-es2018/utils/compliance-export.browser.js(125,99): error TS2339: Property 'schemaPassed' does not exist on type 'number'.
ai-platform/web/simplebeacon-dashboard/js-es2018/utils/compliance-export.browser.js(125,213): error TS2339: Property 'pageSampleSchemaPassed' does not exist on type 'number'.
ai-platform/web/simplebeacon-dashboard/js-es2018/utils/compliance-export.browser.js(138,27): error TS2339: Property 'gate' does not exist on type 'number'.
ai-platform/web/simplebeacon-dashboard/js-es2018/utils/compliance-export.browser.js(140,51): error TS2339: Property 'gate' does not exist on type 'number'.
ai-platform/web/simplebeacon-dashboard/js-es2018/utils/compliance-export.browser.js(140,156): error TS2339: Property 'issueCount' does not exist on type 'number'.
ai-platform/web/simplebeacon-dashboard/js-es2018/utils/compliance-export.browser.js(143,27): error TS2339: Property 'productionLeakFindings' does not exist on type 'number'.
ai-platform/web/simplebeacon-dashboard/js-es2018/utils/compliance-export.browser.js(189,50): error TS2339: Property 'schemaChecked' does not exist on type 'number'.
ai-platform/web/simplebeacon-dashboard/js-es2018/utils/compliance-export.browser.js(189,109): error TS2339: Property 'pageSampleSchemaChecked' does not exist on type 'number'.
ai-platform/web/simplebeacon-dashboard/js-es2018/utils/compliance-export.browser.js(190,49): error TS2339: Property 'schemaPassed' does not exist on type 'number'.
ai-platform/web/simplebeacon-dashboard/js-es2018/utils/compliance-export.browser.js(190,107): error TS2339: Property 'pageSampleSchemaPassed' does not exist on type 'number'.
ai-platform/web/simplebeacon-dashboard/js-es2018/utils/compliance-export.browser.js(200,57): error TS2339: Property 'gate' does not exist on type 'number'.
ai-platform/web/simplebeacon-dashboard/js-es2018/utils/compliance-export.browser.js(206,57): error TS2339: Property 'productionLeakFindings' does not exist on type 'number'.
ai-platform/web/simplebeacon-dashboard/js-es2018/utils/compliance-export.browser.js(210,55): error TS2339: Property 'productionLeakScanned' does not exist on type 'number'.
ai-platform/web/simplebeacon-dashboard/js-es2018/utils/compliance-export.browser.js(228,42): error TS2339: Property 'generatedAt' does not exist on type 'number'.
ai-platform/web/simplebeacon-dashboard/js-es2018/utils/compliance-export.browser.js(229,42): error TS2339: Property 'generatedAt' does not exist on type 'number'.
ai-platform/web/simplebeacon-dashboard/js-es2018/utils/compliance-export.browser.js(299,17): error TS2339: Property 'benchmarkScan' does not exist on type 'string'.
ai-platform/web/simplebeacon-dashboard/js-es2018/utils/compliance-export.browser.js(299,42): error TS2339: Property 'hollowGate' does not exist on type 'string'.
ai-platform/web/simplebeacon-dashboard/js-es2018/utils/compliance-export.browser.js(331,116): error TS2339: Property 'scanScope' does not exist on type 'number'.
ai-platform/web/simplebeacon-dashboard/js-es2018/utils/compliance-export.browser.js(332,108): error TS2339: Property 'repositoryFilesTotal' does not exist on type 'number'.
ai-platform/web/simplebeacon-dashboard/js-es2018/utils/compliance-export.browser.js(332,236): error TS2339: Property 'repositoryInventory' does not exist on type 'number'.
ai-platform/web/simplebeacon-dashboard/js-es2018/utils/compliance-export.browser.js(333,116): error TS2339: Property 'credentialScanned' does not exist on type 'number'.
ai-platform/web/simplebeacon-dashboard/js-es2018/utils/compliance-export.browser.js(333,241): error TS2339: Property 'scanScope' does not exist on type 'number'.
ai-platform/web/simplebeacon-dashboard/js-es2018/utils/compliance-export.browser.js(334,131): error TS2339: Property 'scanScope' does not exist on type 'number'.
ai-platform/web/simplebeacon-dashboard/js-es2018/utils/compliance-export.browser.js(334,370): error TS2339: Property 'scanScope' does not exist on type 'number'.
ai-platform/web/simplebeacon-dashboard/js-es2018/utils/compliance-export.browser.js(334,602): error TS2339: Property 'credentialScanned' does not exist on type 'number'.
ai-platform/web/simplebeacon-dashboard/js-es2018/utils/compliance-export.browser.js(337,35): error TS2339: Property 'benchmarkScan' does not exist on type 'string'.
ai-platform/web/simplebeacon-dashboard/js-es2018/utils/compliance-export.browser.js(337,79): error TS2339: Property 'hollowGate' does not exist on type 'string'.
ai-platform/web/simplebeacon-dashboard/js-es2018/utils/compliance-export.browser.js(349,120): error TS2339: Property 'fictionJsonFilesScanned' does not exist on type 'number'.
ai-platform/web/simplebeacon-dashboard/js-es2018/utils/compliance-export.browser.js(349,251): error TS2339: Property 'scanScope' does not exist on type 'number'.
ai-platform/web/simplebeacon-dashboard/js-es2018/utils/compliance-export.browser.js(350,124): error TS2339: Property 'fictionSampleFilesScanned' does not exist on type 'number'.
ai-platform/web/simplebeacon-dashboard/js-es2018/utils/compliance-export.browser.js(350,260): error TS2339: Property 'scanScope' does not exist on type 'number'.
ai-platform/web/simplebeacon-dashboard/js-es2018/utils/compliance-export.browser.js(354,81): error TS2339: Property 'jestBaselineChecked' does not exist on type 'number'.
ai-platform/web/simplebeacon-dashboard/js-es2018/utils/compliance-export.browser.js(369,183): error TS2339: Property 'repositoryFilesTotal' does not exist on type 'number'.
ai-platform/web/simplebeacon-dashboard/js-es2018/utils/compliance-export.browser.js(369,311): error TS2339: Property 'repositoryInventory' does not exist on type 'number'.
ai-platform/web/simplebeacon-dashboard/js-es2018/utils/compliance-export.browser.js(370,116): error TS2339: Property 'scanScope' does not exist on type 'number'.
ai-platform/web/simplebeacon-dashboard/js-es2018/utils/compliance-export.browser.js(394,18): error TS2339: Property 'benchmarkScan' does not exist on type 'string'.
ai-platform/web/simplebeacon-dashboard/js-es2018/utils/compliance-export.browser.js(398,17): error TS2339: Property 'benchmarkScan' does not exist on type 'string'.
ai-platform/web/simplebeacon-dashboard/js-es2018/utils/compliance-export.browser.js(401,17): error TS2339: Property 'hollowGate' does not exist on type 'string'.
ai-platform/web/simplebeacon-dashboard/js-es2018/utils/compliance-export.browser.js(404,77): error TS2339: Property 'jestBaselineChecked' does not exist on type 'number'.
ai-platform/web/simplebeacon-dashboard/js-es2018/utils/compliance-export.browser.js(411,48): error TS2339: Property 'benchmarkScan' does not exist on type 'string'.
ai-platform/web/simplebeacon-dashboard/js-es2018/utils/compliance-export.browser.js(411,74): error TS2339: Property 'hollowGate' does not exist on type 'string'.
ai-platform/web/simplebeacon-dashboard/js-es2018/utils/compliance-export.browser.js(414,102): error TS2339: Property 'repositoryFilesTotal' does not exist on type 'number'.
ai-platform/web/simplebeacon-dashboard/js-es2018/utils/compliance-export.browser.js(414,230): error TS2339: Property 'repositoryInventory' does not exist on type 'number'.
ai-platform/web/simplebeacon-dashboard/js-es2018/utils/compliance-export.browser.js(415,110): error TS2339: Property 'credentialScanned' does not exist on type 'number'.
ai-platform/web/simplebeacon-dashboard/js-es2018/utils/compliance-export.browser.js(415,229): error TS2339: Property 'productionLeakScanned' does not exist on type 'number'.
ai-platform/web/simplebeacon-dashboard/js-es2018/utils/compliance-export.browser.js(415,358): error TS2339: Property 'scanScope' does not exist on type 'number'.
ai-platform/web/simplebeacon-dashboard/js-es2018/utils/compliance-export.browser.js(420,98): error TS2339: Property 'fictionJsonFilesScanned' does not exist on type 'number'.
ai-platform/web/simplebeacon-dashboard/js-es2018/utils/compliance-export.browser.js(420,229): error TS2339: Property 'scanScope' does not exist on type 'number'.
ai-platform/web/simplebeacon-dashboard/js-es2018/utils/compliance-export.browser.js(421,101): error TS2339: Property 'fictionSampleFilesScanned' does not exist on type 'number'.
ai-platform/web/simplebeacon-dashboard/js-es2018/utils/compliance-export.browser.js(421,234): error TS2339: Property 'scanScope' does not exist on type 'number'.
ai-platform/web/simplebeacon-dashboard/js-es2018/utils/compliance-export.browser.js(427,125): error TS2339: Property 'euAiActSummary' does not exist on type 'number'.
ai-platform/web/simplebeacon-dashboard/js-es2018/utils/compliance-export.browser.js(430,116): error TS2339: Property 'scanScope' does not exist on type 'number'.
ai-platform/web/simplebeacon-dashboard/js-es2018/utils/compliance-export.browser.js(434,38): error TS2339: Property 'benchmarkScan' does not exist on type 'string'.
ai-platform/web/simplebeacon-dashboard/js-es2018/utils/compliance-export.browser.js(434,82): error TS2339: Property 'hollowGate' does not exist on type 'string'.
ai-platform/web/simplebeacon-dashboard/js-es2018/utils/compliance-export.browser.js(435,116): error TS2339: Property 'gate' does not exist on type 'number'.
ai-platform/web/simplebeacon-dashboard/js-es2018/utils/compliance-export.browser.js(442,55): error TS2339: Property 'gate' does not exist on type 'number'.
ai-platform/web/simplebeacon-dashboard/js-es2018/utils/compliance-export.browser.js(442,160): error TS2339: Property 'issueCount' does not exist on type 'number'.
ai-platform/web/simplebeacon-dashboard/js-es2018/utils/compliance-export.browser.js(461,35): error TS2339: Property 'benchmarkScan' does not exist on type 'string'.
ai-platform/web/simplebeacon-dashboard/js-es2018/utils/compliance-export.browser.js(462,32): error TS2339: Property 'hollowGate' does not exist on type 'string'.
ai-platform/web/simplebeacon-dashboard/js-es2018/utils/compliance-export.browser.js(463,71): error TS2339: Property 'gateReport' does not exist on type 'string'.
ai-platform/web/simplebeacon-dashboard/js-es2018/utils/compliance-export.browser.js(465,17): error TS2339: Property 'npmAudit' does not exist on type 'string'.
ai-platform/web/simplebeacon-dashboard/js-es2018/utils/compliance-export.browser.js(466,71): error TS2339: Property 'npmAudit' does not exist on type 'string'.
ai-platform/web/simplebeacon-dashboard/js-es2018/utils/compliance-export.browser.js(534,89): error TS2345: Argument of type '{ benchmarkScan: any; hollowGate: any; productPlatformRoot: any; projectPath: any; gateReport: any; npmAudit: any; }' is not assignable to parameter of type 'string'.
ai-platform/web/simplebeacon-dashboard/js-es2018/utils/compliance-export.browser.js(535,75): error TS2345: Argument of type '{ benchmarkScan: any; hollowGate: any; productPlatformRoot: any; projectPath: any; gateReport: any; npmAudit: any; }' is not assignable to parameter of type 'string'.
ai-platform/web/simplebeacon-dashboard/js-es2018/utils/compliance-export.browser.js(539,73): error TS2345: Argument of type '{ benchmarkScan: any; hollowGate: any; productPlatformRoot: any; projectPath: any; gateReport: any; npmAudit: any; }' is not assignable to parameter of type 'string'.
ai-platform/web/simplebeacon-dashboard/js-es2018/utils/compliance-export.browser.js(541,91): error TS2345: Argument of type '{ benchmarkScan: any; hollowGate: any; productPlatformRoot: any; projectPath: any; gateReport: any; npmAudit: any; }' is not assignable to parameter of type 'string'.
ai-platform/web/simplebeacon-dashboard/js-es2018/utils/compliance-export.browser.js(598,97): error TS2345: Argument of type '{ benchmarkScan: any; hollowGate: any; productPlatformRoot: any; projectPath: any; gateReport: any; npmAudit: any; }' is not assignable to parameter of type 'string'.
ai-platform/web/simplebeacon-dashboard/js-es2018/utils/compliance-export.browser.js(599,69): error TS2345: Argument of type '{ benchmarkScan: any; hollowGate: any; productPlatformRoot: any; projectPath: any; gateReport: any; npmAudit: any; }' is not assignable to parameter of type 'string'.
ai-platform/web/simplebeacon-dashboard/js-es2018/utils/compliance-export.browser.js(601,73): error TS2345: Argument of type '{ benchmarkScan: any; hollowGate: any; productPlatformRoot: any; projectPath: any; gateReport: any; npmAudit: any; }' is not assignable to parameter of type 'string'.
ai-platform/web/simplebeacon-dashboard/js-es2018/utils/compliance-export.browser.js(627,72): error TS2345: Argument of type '{ benchmarkScan: any; hollowGate: any; productPlatformRoot: any; projectPath: any; gateReport: any; npmAudit: any; }' is not assignable to parameter of type 'string'.
ai-platform/web/simplebeacon-dashboard/js-es2018/utils/consolidation-export.browser.js(366,108): error TS2339: Property 'intentionalPairsExcluded' does not exist on type 'any[]'.
ai-platform/web/simplebeacon-dashboard/js-es2018/utils/consolidation-export.browser.js(451,85): error TS2339: Property 'files' does not exist on type 'string'.
ai-platform/web/simplebeacon-dashboard/js-es2018/utils/consolidation-export.browser.js(542,119): error TS2339: Property 'intentionalPairsExcluded' does not exist on type 'any[]'.
ai-platform/web/simplebeacon-dashboard/js-es2018/utils/consolidation-export.browser.js(598,85): error TS2339: Property 'files' does not exist on type 'string'.
ai-platform/web/simplebeacon-dashboard/js-es2018/utils/consolidation-export.browser.js(613,57): error TS2339: Property 'fuzzyNearDuplicates' does not exist on type 'any[]'.
ai-platform/web/simplebeacon-dashboard/js-es2018/utils/consolidation-export.browser.js(616,44): error TS2339: Property 'patternConsolidation' does not exist on type 'any[]'.
ai-platform/web/simplebeacon-dashboard/js-es2018/utils/consolidation-export.browser.js(622,25): error TS2339: Property 'fuzzyNearDuplicates' does not exist on type 'any[]'.
ai-platform/web/simplebeacon-dashboard/js-es2018/utils/consolidation-export.browser.js(627,25): error TS2339: Property 'patternConsolidation' does not exist on type 'any[]'.
ai-platform/web/simplebeacon-dashboard/js-es2018/utils/consolidation-export.browser.js(741,72): error TS2322: Type '{}' is not assignable to type 'string'.
ai-platform/web/simplebeacon-dashboard/js-es2018/utils/consolidation-export.browser.js(925,133): error TS2345: Argument of type '{ repositoryFilesTotal: any; gateReport: any; }' is not assignable to parameter of type 'string'.
ai-platform/web/simplebeacon-dashboard/js-es2018/utils/dashboard-export.browser.js(4,101): error TS2307: Cannot find module '../services/analyzeService.js?v=20260710inventory1' or its corresponding type declarations.
ai-platform/web/simplebeacon-dashboard/js-es2018/utils/dashboard-export.browser.js(5,50): error TS2307: Cannot find module './simplebeacon-report-export.browser.js?v=20260601gateexport17' or its corresponding type declarations.
ai-platform/web/simplebeacon-dashboard/js-es2018/utils/dashboard-export.browser.js(6,152): error TS2307: Cannot find module './quality-export.browser.js?v=20260531qualityexport8' or its corresponding type declarations.
ai-platform/web/simplebeacon-dashboard/js-es2018/utils/dashboard-export.browser.js(24,81): error TS2339: Property 'projectRoot' does not exist on type 'number'.
ai-platform/web/simplebeacon-dashboard/js-es2018/utils/dashboard-export.browser.js(25,76): error TS2339: Property 'benchmarkScan' does not exist on type 'number'.
ai-platform/web/simplebeacon-dashboard/js-es2018/utils/dashboard-export.browser.js(25,150): error TS2339: Property 'scanTargetProfile' does not exist on type 'number'.
ai-platform/web/simplebeacon-dashboard/js-es2018/utils/dashboard-export.browser.js(35,85): error TS2339: Property 'productPlatformRoot' does not exist on type 'number'.
ai-platform/web/simplebeacon-dashboard/js-es2018/utils/dashboard-export.browser.js(35,165): error TS2339: Property 'platformRoot' does not exist on type 'number'.
ai-platform/web/simplebeacon-dashboard/js-es2018/utils/dashboard-export.browser.js(38,86): error TS2339: Property 'projectRoot' does not exist on type 'number'.
ai-platform/web/simplebeacon-dashboard/js-es2018/utils/dashboard-export.browser.js(116,81): error TS2339: Property 'pageSampleSchemaChecked' does not exist on type 'number'.
ai-platform/web/simplebeacon-dashboard/js-es2018/utils/dashboard-export.browser.js(117,27): error TS2339: Property 'pageSampleSchemaPassed' does not exist on type 'number'.
ai-platform/web/simplebeacon-dashboard/js-es2018/utils/dashboard-export.browser.js(117,96): error TS2339: Property 'pageSampleSchemaChecked' does not exist on type 'number'.
ai-platform/web/simplebeacon-dashboard/js-es2018/utils/dashboard-export.browser.js(137,81): error TS2339: Property 'pageSampleSchemaChecked' does not exist on type 'number'.
ai-platform/web/simplebeacon-dashboard/js-es2018/utils/dashboard-export.browser.js(138,27): error TS2339: Property 'pageSampleSchemaPassed' does not exist on type 'number'.
ai-platform/web/simplebeacon-dashboard/js-es2018/utils/dashboard-export.browser.js(138,96): error TS2339: Property 'pageSampleSchemaChecked' does not exist on type 'number'.
ai-platform/web/simplebeacon-dashboard/js-es2018/utils/dashboard-export.browser.js(157,111): error TS2339: Property 'scanScope' does not exist on type 'number'.
ai-platform/web/simplebeacon-dashboard/js-es2018/utils/dashboard-export.browser.js(159,74): error TS2339: Property 'scanScope' does not exist on type 'number'.
ai-platform/web/simplebeacon-dashboard/js-es2018/utils/dashboard-export.browser.js(160,68): error TS2339: Property 'jestBaselineChecked' does not exist on type 'number'.
ai-platform/web/simplebeacon-dashboard/js-es2018/utils/dashboard-export.browser.js(175,180): error TS2362: The left-hand side of an arithmetic operation must be of type 'any', 'number', 'bigint' or an enum type.
ai-platform/web/simplebeacon-dashboard/js-es2018/utils/dashboard-export.browser.js(196,24): error TS2367: This comparison appears to be unintentional because the types 'number' and 'any[]' have no overlap.
ai-platform/web/simplebeacon-dashboard/js-es2018/utils/dashboard-export.browser.js(226,80): error TS2339: Property 'jestSummary' does not exist on type 'number'.
ai-platform/web/simplebeacon-dashboard/js-es2018/utils/dashboard-export.browser.js(227,65): error TS2339: Property 'jestBaselineChecked' does not exist on type 'number'.
ai-platform/web/simplebeacon-dashboard/js-es2018/utils/dashboard-export.browser.js(248,30): error TS2339: Property 'detectedIssues' does not exist on type 'number'.
ai-platform/web/simplebeacon-dashboard/js-es2018/utils/dashboard-export.browser.js(248,56): error TS2339: Property 'detectedIssues' does not exist on type 'number'.
ai-platform/web/simplebeacon-dashboard/js-es2018/utils/dashboard-export.browser.js(249,23): error TS2339: Property 'detectedIssues' does not exist on type 'number'.
ai-platform/web/simplebeacon-dashboard/js-es2018/utils/dashboard-export.browser.js(251,19): error TS2339: Property 'rawIssues' does not exist on type 'number'.
ai-platform/web/simplebeacon-dashboard/js-es2018/utils/dashboard-export.browser.js(275,36): error TS2339: Property 'credentialFindings' does not exist on type 'number'.
ai-platform/web/simplebeacon-dashboard/js-es2018/utils/dashboard-export.browser.js(277,36): error TS2339: Property 'productionLeakFindings' does not exist on type 'number'.
ai-platform/web/simplebeacon-dashboard/js-es2018/utils/dashboard-export.browser.js(304,73): error TS2339: Property 'severityCounts' does not exist on type 'number'.
ai-platform/web/simplebeacon-dashboard/js-es2018/utils/dashboard-export.browser.js(305,74): error TS2339: Property 'gate' does not exist on type 'number'.
ai-platform/web/simplebeacon-dashboard/js-es2018/utils/dashboard-export.browser.js(368,29): error TS2339: Property 'projectRoot' does not exist on type 'number'.
ai-platform/web/simplebeacon-dashboard/js-es2018/utils/dashboard-export.browser.js(421,53): error TS2322: Type '{}' is not assignable to type 'string'.
ai-platform/web/simplebeacon-dashboard/js-es2018/utils/dashboard-export.browser.js(428,31): error TS2339: Property 'repositoryFilesTotal' does not exist on type 'string'.
ai-platform/web/simplebeacon-dashboard/js-es2018/utils/dashboard-export.browser.js(429,36): error TS2339: Property 'pageSpecsLabel' does not exist on type 'string'.
ai-platform/web/simplebeacon-dashboard/js-es2018/utils/dashboard-export.browser.js(430,36): error TS2339: Property 'jestTests' does not exist on type 'string'.
ai-platform/web/simplebeacon-dashboard/js-es2018/utils/dashboard-export.browser.js(438,41): error TS2339: Property 'benchmarkScan' does not exist on type 'string'.
ai-platform/web/simplebeacon-dashboard/js-es2018/utils/dashboard-export.browser.js(480,43): error TS2322: Type '{}' is not assignable to type 'string'.
ai-platform/web/simplebeacon-dashboard/js-es2018/utils/dashboard-export.browser.js(484,36): error TS2339: Property 'pageSpecsLabel' does not exist on type 'string'.
ai-platform/web/simplebeacon-dashboard/js-es2018/utils/dashboard-export.browser.js(522,17): error TS8024: JSDoc '@param' tag has name 'baseline', but there is no parameter with that name.
ai-platform/web/simplebeacon-dashboard/js-es2018/utils/dashboard-export.browser.js(523,17): error TS8024: JSDoc '@param' tag has name 'dashboardHome', but there is no parameter with that name.
ai-platform/web/simplebeacon-dashboard/js-es2018/utils/dashboard-export.browser.js(524,17): error TS8024: JSDoc '@param' tag has name 'history', but there is no parameter with that name.
ai-platform/web/simplebeacon-dashboard/js-es2018/utils/dashboard-export.browser.js(537,41): error TS2339: Property 'report' does not exist on type '{ projectLabel?: string; benchmarkScan?: boolean; productPlatformRoot?: null; }'.
ai-platform/web/simplebeacon-dashboard/js-es2018/utils/dashboard-export.browser.js(537,49): error TS2339: Property 'baseline' does not exist on type '{ projectLabel?: string; benchmarkScan?: boolean; productPlatformRoot?: null; }'.
ai-platform/web/simplebeacon-dashboard/js-es2018/utils/dashboard-export.browser.js(537,59): error TS2339: Property 'dashboardHome' does not exist on type '{ projectLabel?: string; benchmarkScan?: boolean; productPlatformRoot?: null; }'.
ai-platform/web/simplebeacon-dashboard/js-es2018/utils/dashboard-export.browser.js(537,74): error TS2339: Property 'history' does not exist on type '{ projectLabel?: string; benchmarkScan?: boolean; productPlatformRoot?: null; }'.
ai-platform/web/simplebeacon-dashboard/js-es2018/utils/dashboard-export.browser.js(537,83): error TS2339: Property 'scanConclusion' does not exist on type '{ projectLabel?: string; benchmarkScan?: boolean; productPlatformRoot?: null; }'.
ai-platform/web/simplebeacon-dashboard/js-es2018/utils/dashboard-export.browser.js(588,46): error TS2339: Property 'report' does not exist on type '{}'.
ai-platform/web/simplebeacon-dashboard/js-es2018/utils/dashboard-export.browser.js(588,54): error TS2339: Property 'baseline' does not exist on type '{}'.
ai-platform/web/simplebeacon-dashboard/js-es2018/utils/dashboard-export.browser.js(588,64): error TS2339: Property 'config' does not exist on type '{}'.
ai-platform/web/simplebeacon-dashboard/js-es2018/utils/dashboard-export.browser.js(588,72): error TS2339: Property 'history' does not exist on type '{}'.
ai-platform/web/simplebeacon-dashboard/js-es2018/utils/dashboard-export.browser.js(588,81): error TS2339: Property 'dashboardHome' does not exist on type '{}'.
ai-platform/web/simplebeacon-dashboard/js-es2018/utils/dashboard-export.browser.js(588,96): error TS2339: Property 'scanConclusion' does not exist on type '{}'.
ai-platform/web/simplebeacon-dashboard/js-es2018/utils/dashboard-export.browser.js(588,112): error TS2339: Property 'exportFilename' does not exist on type '{}'.
ai-platform/web/simplebeacon-dashboard/js-es2018/utils/dashboard-export.browser.js(598,9): error TS2353: Object literal may only specify known properties, and 'report' does not exist in type '{ projectLabel?: string; benchmarkScan?: boolean; productPlatformRoot?: any; }'.
ai-platform/web/simplebeacon-dashboard/js-es2018/utils/dashboard-export.browser.js(657,52): error TS2345: Argument of type '{ pageSpecsLabel: any; }' is not assignable to parameter of type 'string'.
ai-platform/web/simplebeacon-dashboard/js-es2018/utils/dashboard-export.browser.js(660,67): error TS2345: Argument of type '{ benchmarkScan: any; repositoryFilesTotal: any; pageSpecsLabel: any; jestTests: any; }' is not assignable to parameter of type 'string'.
ai-platform/web/simplebeacon-dashboard/js-es2018/utils/dashboard-export.browser.js(707,47): error TS2554: Expected 0-1 arguments, but got 2.
ai-platform/web/simplebeacon-dashboard/js-es2018/utils/dashboard-export.browser.js(766,76): error TS2339: Property 'detectedIssues' does not exist on type 'number'.
ai-platform/web/simplebeacon-dashboard/js-es2018/utils/dashboard-export.browser.js(793,17): error TS8024: JSDoc '@param' tag has name 'history', but there is no parameter with that name.
ai-platform/web/simplebeacon-dashboard/js-es2018/utils/dashboard-export.browser.js(794,20): error TS8024: JSDoc '@param' tag has name 'report', but there is no parameter with that name.
ai-platform/web/simplebeacon-dashboard/js-es2018/utils/dashboard-export.browser.js(795,17): error TS8024: JSDoc '@param' tag has name 'summary', but there is no parameter with that name.
ai-platform/web/simplebeacon-dashboard/js-es2018/utils/data-cleanup-export.browser.js(4,49): error TS2307: Cannot find module './cleanup-brief-export.browser.js?v=20260601cleanupbrief9' or its corresponding type declarations.
ai-platform/web/simplebeacon-dashboard/js-es2018/utils/data-cleanup-export.browser.js(5,44): error TS2307: Cannot find module './quality-export.browser.js?v=20260531qualityexport8' or its corresponding type declarations.
ai-platform/web/simplebeacon-dashboard/js-es2018/utils/data-cleanup-export.browser.js(47,9): error TS2698: Spread types may only be created from object types.
ai-platform/web/simplebeacon-dashboard/js-es2018/utils/data-cleanup-export.browser.js(49,20): error TS2339: Property 'projectPath' does not exist on type 'number'.
ai-platform/web/simplebeacon-dashboard/js-es2018/utils/data-cleanup-export.browser.js(74,81): error TS2339: Property 'projectRoot' does not exist on type 'number'.
ai-platform/web/simplebeacon-dashboard/js-es2018/utils/data-cleanup-export.browser.js(74,153): error TS2339: Property 'projectPath' does not exist on type 'number'.
ai-platform/web/simplebeacon-dashboard/js-es2018/utils/data-cleanup-export.browser.js(124,48): error TS2339: Property 'fileReductionPlan' does not exist on type 'number'.
ai-platform/web/simplebeacon-dashboard/js-es2018/utils/data-cleanup-export.browser.js(125,39): error TS2339: Property 'summary' does not exist on type 'number'.
ai-platform/web/simplebeacon-dashboard/js-es2018/utils/data-cleanup-export.browser.js(126,42): error TS2339: Property 'summary' does not exist on type 'number'.
ai-platform/web/simplebeacon-dashboard/js-es2018/utils/data-cleanup-export.browser.js(203,335): error TS2339: Property 'inventory' does not exist on type 'number'.
ai-platform/web/simplebeacon-dashboard/js-es2018/utils/data-cleanup-export.browser.js(203,454): error TS2339: Property 'hygieneSummary' does not exist on type 'number'.
ai-platform/web/simplebeacon-dashboard/js-es2018/utils/data-cleanup-export.browser.js(203,582): error TS2339: Property 'scanScope' does not exist on type 'number'.
ai-platform/web/simplebeacon-dashboard/js-es2018/utils/data-cleanup-export.browser.js(204,322): error TS2339: Property 'hygieneSummary' does not exist on type 'number'.
ai-platform/web/simplebeacon-dashboard/js-es2018/utils/data-cleanup-export.browser.js(205,499): error TS2339: Property 'hygieneSummary' does not exist on type 'number'.
ai-platform/web/simplebeacon-dashboard/js-es2018/utils/data-cleanup-export.browser.js(206,166): error TS2339: Property 'scanScope' does not exist on type 'number'.
ai-platform/web/simplebeacon-dashboard/js-es2018/utils/data-cleanup-export.browser.js(206,286): error TS2339: Property 'hygieneSummary' does not exist on type 'number'.
ai-platform/web/simplebeacon-dashboard/js-es2018/utils/data-cleanup-export.browser.js(213,262): error TS2339: Property 'hygieneSummary' does not exist on type 'number'.
ai-platform/web/simplebeacon-dashboard/js-es2018/utils/data-cleanup-export.browser.js(214,347): error TS2339: Property 'hygieneSummary' does not exist on type 'number'.
ai-platform/web/simplebeacon-dashboard/js-es2018/utils/data-cleanup-export.browser.js(227,47): error TS2339: Property 'inventory' does not exist on type 'number'.
ai-platform/web/simplebeacon-dashboard/js-es2018/utils/data-cleanup-export.browser.js(229,41): error TS2339: Property 'dataQualityStatus' does not exist on type 'number'.
ai-platform/web/simplebeacon-dashboard/js-es2018/utils/data-cleanup-export.browser.js(230,43): error TS2339: Property 'summary' does not exist on type 'number'.
ai-platform/web/simplebeacon-dashboard/js-es2018/utils/data-cleanup-export.browser.js(240,58): error TS2339: Property 'scanners' does not exist on type 'number'.
ai-platform/web/simplebeacon-dashboard/js-es2018/utils/data-cleanup-export.browser.js(240,240): error TS2339: Property 'scanners' does not exist on type 'number'.
ai-platform/web/simplebeacon-dashboard/js-es2018/utils/data-cleanup-export.browser.js(241,50): error TS2339: Property 'scanners' does not exist on type 'number'.
ai-platform/web/simplebeacon-dashboard/js-es2018/utils/data-cleanup-export.browser.js(242,53): error TS2339: Property 'scanners' does not exist on type 'number'.
ai-platform/web/simplebeacon-dashboard/js-es2018/utils/data-cleanup-export.browser.js(243,64): error TS2339: Property 'scanners' does not exist on type 'number'.
ai-platform/web/simplebeacon-dashboard/js-es2018/utils/data-cleanup-export.browser.js(243,241): error TS2339: Property 'metadata' does not exist on type 'number'.
ai-platform/web/simplebeacon-dashboard/js-es2018/utils/data-cleanup-export.browser.js(244,59): error TS2339: Property 'scanners' does not exist on type 'number'.
ai-platform/web/simplebeacon-dashboard/js-es2018/utils/data-cleanup-export.browser.js(245,53): error TS2339: Property 'metadata' does not exist on type 'number'.
ai-platform/web/simplebeacon-dashboard/js-es2018/utils/data-cleanup-export.browser.js(249,71): error TS2339: Property 'hygieneSummary' does not exist on type 'number'.
ai-platform/web/simplebeacon-dashboard/js-es2018/utils/data-cleanup-export.browser.js(269,51): error TS2339: Property 'enabledScanners' does not exist on type 'number'.
ai-platform/web/simplebeacon-dashboard/js-es2018/utils/data-cleanup-export.browser.js(269,77): error TS2339: Property 'enabledScanners' does not exist on type 'number'.
ai-platform/web/simplebeacon-dashboard/js-es2018/utils/data-cleanup-export.browser.js(285,47): error TS2339: Property 'inventory' does not exist on type 'number'.
ai-platform/web/simplebeacon-dashboard/js-es2018/utils/data-cleanup-export.browser.js(286,58): error TS2339: Property 'scanners' does not exist on type 'number'.
ai-platform/web/simplebeacon-dashboard/js-es2018/utils/data-cleanup-export.browser.js(286,237): error TS2339: Property 'fileReductionPlan' does not exist on type 'number'.
ai-platform/web/simplebeacon-dashboard/js-es2018/utils/data-cleanup-export.browser.js(287,56): error TS2339: Property 'metadata' does not exist on type 'number'.
ai-platform/web/simplebeacon-dashboard/js-es2018/utils/data-cleanup-export.browser.js(287,219): error TS2339: Property 'scanners' does not exist on type 'number'.
ai-platform/web/simplebeacon-dashboard/js-es2018/utils/data-cleanup-export.browser.js(289,43): error TS2339: Property 'fileReductionStatus' does not exist on type 'number'.
ai-platform/web/simplebeacon-dashboard/js-es2018/utils/data-cleanup-export.browser.js(299,59): error TS2339: Property 'fileReductionPlan' does not exist on type 'number'.
ai-platform/web/simplebeacon-dashboard/js-es2018/utils/data-cleanup-export.browser.js(299,237): error TS2339: Property 'scanners' does not exist on type 'number'.
ai-platform/web/simplebeacon-dashboard/js-es2018/utils/data-cleanup-export.browser.js(300,61): error TS2339: Property 'fileReductionPlan' does not exist on type 'number'.
ai-platform/web/simplebeacon-dashboard/js-es2018/utils/data-cleanup-export.browser.js(300,241): error TS2339: Property 'scanners' does not exist on type 'number'.
ai-platform/web/simplebeacon-dashboard/js-es2018/utils/data-cleanup-export.browser.js(301,50): error TS2339: Property 'summary' does not exist on type 'number'.
ai-platform/web/simplebeacon-dashboard/js-es2018/utils/data-cleanup-export.browser.js(303,53): error TS2339: Property 'scanners' does not exist on type 'number'.
ai-platform/web/simplebeacon-dashboard/js-es2018/utils/data-cleanup-export.browser.js(305,51): error TS2339: Property 'enabledScanners' does not exist on type 'number'.
ai-platform/web/simplebeacon-dashboard/js-es2018/utils/data-cleanup-export.browser.js(305,77): error TS2339: Property 'enabledScanners' does not exist on type 'number'.
ai-platform/web/simplebeacon-dashboard/js-es2018/utils/data-cleanup-export.browser.js(309,71): error TS2339: Property 'hygieneSummary' does not exist on type 'number'.
ai-platform/web/simplebeacon-dashboard/js-es2018/utils/data-cleanup-export.browser.js(330,51): error TS2339: Property 'enabledScanners' does not exist on type 'number'.
ai-platform/web/simplebeacon-dashboard/js-es2018/utils/data-cleanup-export.browser.js(330,77): error TS2339: Property 'enabledScanners' does not exist on type 'number'.
ai-platform/web/simplebeacon-dashboard/js-es2018/utils/data-cleanup-export.browser.js(335,30): error TS2339: Property 'scanScope' does not exist on type 'number'.
ai-platform/web/simplebeacon-dashboard/js-es2018/utils/data-cleanup-export.browser.js(351,22): error TS2339: Property 'inventory' does not exist on type 'number'.
ai-platform/web/simplebeacon-dashboard/js-es2018/utils/data-cleanup-export.browser.js(352,34): error TS2339: Property 'inventory' does not exist on type 'number'.
ai-platform/web/simplebeacon-dashboard/js-es2018/utils/data-cleanup-export.browser.js(367,45): error TS2339: Property 'scanners' does not exist on type 'number'.
ai-platform/web/simplebeacon-dashboard/js-es2018/utils/data-cleanup-export.browser.js(371,48): error TS2339: Property 'fileReductionPlan' does not exist on type 'number'.
ai-platform/web/simplebeacon-dashboard/js-es2018/utils/data-cleanup-export.browser.js(372,40): error TS2339: Property 'fileReductionPlan' does not exist on type 'number'.
ai-platform/web/simplebeacon-dashboard/js-es2018/utils/data-cleanup-export.browser.js(377,39): error TS2339: Property 'summary' does not exist on type 'number'.
ai-platform/web/simplebeacon-dashboard/js-es2018/utils/data-cleanup-export.browser.js(381,53): error TS2339: Property 'fileReductionPlan' does not exist on type 'number'.
ai-platform/web/simplebeacon-dashboard/js-es2018/utils/data-cleanup-export.browser.js(381,233): error TS2339: Property 'scanners' does not exist on type 'number'.
ai-platform/web/simplebeacon-dashboard/js-es2018/utils/data-cleanup-export.browser.js(385,50): error TS2339: Property 'fileReductionPlan' does not exist on type 'number'.
ai-platform/web/simplebeacon-dashboard/js-es2018/utils/data-cleanup-export.browser.js(389,23): error TS2339: Property 'summary' does not exist on type 'number'.
ai-platform/web/simplebeacon-dashboard/js-es2018/utils/data-cleanup-export.browser.js(390,53): error TS2339: Property 'summary' does not exist on type 'number'.
ai-platform/web/simplebeacon-dashboard/js-es2018/utils/data-cleanup-export.browser.js(392,16): error TS2339: Property 'compact' does not exist on type 'number'.
ai-platform/web/simplebeacon-dashboard/js-es2018/utils/data-cleanup-export.browser.js(396,58): error TS2339: Property 'scanners' does not exist on type 'number'.
ai-platform/web/simplebeacon-dashboard/js-es2018/utils/data-cleanup-export.browser.js(396,237): error TS2339: Property 'fileReductionPlan' does not exist on type 'number'.
ai-platform/web/simplebeacon-dashboard/js-es2018/utils/data-cleanup-export.browser.js(397,47): error TS2339: Property 'inventory' does not exist on type 'number'.
ai-platform/web/simplebeacon-dashboard/js-es2018/utils/data-cleanup-export.browser.js(399,149): error TS2339: Property 'metadata' does not exist on type 'number'.
ai-platform/web/simplebeacon-dashboard/js-es2018/utils/data-cleanup-export.browser.js(399,312): error TS2339: Property 'scanners' does not exist on type 'number'.
ai-platform/web/simplebeacon-dashboard/js-es2018/utils/data-cleanup-export.browser.js(405,31): error TS2339: Property 'summary' does not exist on type 'number'.
ai-platform/web/simplebeacon-dashboard/js-es2018/utils/data-cleanup-export.browser.js(406,20): error TS2339: Property 'fileReductionStatus' does not exist on type 'number'.
ai-platform/web/simplebeacon-dashboard/js-es2018/utils/data-cleanup-export.browser.js(406,78): error TS2339: Property 'fileReductionStatus' does not exist on type 'number'.
ai-platform/web/simplebeacon-dashboard/js-es2018/utils/data-cleanup-export.browser.js(471,93): error TS2339: Property 'findings' does not exist on type 'number'.
ai-platform/web/simplebeacon-dashboard/js-es2018/utils/data-cleanup-export.browser.js(504,38): error TS2339: Property 'summary' does not exist on type 'number'.
ai-platform/web/simplebeacon-dashboard/js-es2018/utils/data-cleanup-export.browser.js(505,47): error TS2339: Property 'aggregation' does not exist on type 'number'.
ai-platform/web/simplebeacon-dashboard/js-es2018/utils/data-cleanup-export.browser.js(506,43): error TS2339: Property 'aggregation' does not exist on type 'number'.
ai-platform/web/simplebeacon-dashboard/js-es2018/utils/data-cleanup-export.browser.js(525,22): error TS2339: Property 'inventory' does not exist on type 'number'.
ai-platform/web/simplebeacon-dashboard/js-es2018/utils/data-cleanup-export.browser.js(526,34): error TS2339: Property 'inventory' does not exist on type 'number'.
ai-platform/web/simplebeacon-dashboard/js-es2018/utils/data-cleanup-export.browser.js(533,46): error TS2339: Property 'scanners' does not exist on type 'number'.
ai-platform/web/simplebeacon-dashboard/js-es2018/utils/data-cleanup-export.browser.js(534,41): error TS2339: Property 'inventory' does not exist on type 'number'.
ai-platform/web/simplebeacon-dashboard/js-es2018/utils/data-cleanup-export.browser.js(538,53): error TS2339: Property 'scanners' does not exist on type 'number'.
ai-platform/web/simplebeacon-dashboard/js-es2018/utils/data-cleanup-export.browser.js(538,230): error TS2339: Property 'metadata' does not exist on type 'number'.
ai-platform/web/simplebeacon-dashboard/js-es2018/utils/data-cleanup-export.browser.js(544,55): error TS2339: Property 'scanners' does not exist on type 'number'.
ai-platform/web/simplebeacon-dashboard/js-es2018/utils/data-cleanup-export.browser.js(544,237): error TS2339: Property 'scanners' does not exist on type 'number'.
ai-platform/web/simplebeacon-dashboard/js-es2018/utils/data-cleanup-export.browser.js(548,52): error TS2339: Property 'scanners' does not exist on type 'number'.
ai-platform/web/simplebeacon-dashboard/js-es2018/utils/data-cleanup-export.browser.js(548,233): error TS2339: Property 'findings' does not exist on type 'number'.
ai-platform/web/simplebeacon-dashboard/js-es2018/utils/data-cleanup-export.browser.js(549,51): error TS2339: Property 'scanners' does not exist on type 'number'.
ai-platform/web/simplebeacon-dashboard/js-es2018/utils/data-cleanup-export.browser.js(549,235): error TS2339: Property 'findings' does not exist on type 'number'.
ai-platform/web/simplebeacon-dashboard/js-es2018/utils/data-cleanup-export.browser.js(556,23): error TS2339: Property 'summary' does not exist on type 'number'.
ai-platform/web/simplebeacon-dashboard/js-es2018/utils/data-cleanup-export.browser.js(557,53): error TS2339: Property 'summary' does not exist on type 'number'.
ai-platform/web/simplebeacon-dashboard/js-es2018/utils/data-cleanup-export.browser.js(559,16): error TS2339: Property 'compact' does not exist on type 'number'.
ai-platform/web/simplebeacon-dashboard/js-es2018/utils/data-cleanup-export.browser.js(562,47): error TS2339: Property 'metadata' does not exist on type 'number'.
ai-platform/web/simplebeacon-dashboard/js-es2018/utils/data-cleanup-export.browser.js(567,48): error TS2339: Property 'metadata' does not exist on type 'number'.
ai-platform/web/simplebeacon-dashboard/js-es2018/utils/data-cleanup-export.browser.js(576,67): error TS2339: Property 'hygieneSummary' does not exist on type 'number'.
ai-platform/web/simplebeacon-dashboard/js-es2018/utils/data-cleanup-export.browser.js(579,29): error TS2339: Property 'summary' does not exist on type 'number'.
ai-platform/web/simplebeacon-dashboard/js-es2018/utils/data-cleanup-export.browser.js(582,48): error TS2339: Property 'scanners' does not exist on type 'number'.
ai-platform/web/simplebeacon-dashboard/js-es2018/utils/data-cleanup-export.browser.js(583,56): error TS2339: Property 'scanners' does not exist on type 'number'.
ai-platform/web/simplebeacon-dashboard/js-es2018/utils/data-cleanup-export.browser.js(612,43): error TS2339: Property 'fileReductionPlan' does not exist on type 'number'.
ai-platform/web/simplebeacon-dashboard/js-es2018/utils/data-cleanup-export.browser.js(614,23): error TS2339: Property 'findings' does not exist on type 'number'.
ai-platform/web/simplebeacon-dashboard/js-es2018/utils/data-cleanup-export.browser.js(620,37): error TS2339: Property 'findings' does not exist on type 'number'.
ai-platform/web/simplebeacon-dashboard/js-es2018/utils/data-cleanup-export.browser.js(625,28): error TS2339: Property 'findings' does not exist on type 'number'.
ai-platform/web/simplebeacon-dashboard/js-es2018/utils/data-cleanup-export.browser.js(627,19): error TS2339: Property 'findings' does not exist on type 'number'.
ai-platform/web/simplebeacon-dashboard/js-es2018/utils/data-cleanup-export.browser.js(635,38): error TS2339: Property 'findings' does not exist on type 'number'.
ai-platform/web/simplebeacon-dashboard/js-es2018/utils/data-cleanup-export.browser.js(648,23): error TS2339: Property 'aggregation' does not exist on type 'number'.
ai-platform/web/simplebeacon-dashboard/js-es2018/utils/data-cleanup-export.browser.js(649,25): error TS2339: Property 'aggregation' does not exist on type 'number'.
ai-platform/web/simplebeacon-dashboard/js-es2018/utils/data-cleanup-export.browser.js(659,27): error TS2339: Property 'type' does not exist on type 'number'.
ai-platform/web/simplebeacon-dashboard/js-es2018/utils/data-cleanup-export.browser.js(661,55): error TS2339: Property 'projectRoot' does not exist on type 'number'.
ai-platform/web/simplebeacon-dashboard/js-es2018/utils/data-cleanup-export.browser.js(661,77): error TS2339: Property 'projectPath' does not exist on type 'number'.
ai-platform/web/simplebeacon-dashboard/js-es2018/utils/data-cleanup-export.browser.js(663,28): error TS2339: Property 'scanProfile' does not exist on type 'number'.
ai-platform/web/simplebeacon-dashboard/js-es2018/utils/data-cleanup-export.browser.js(666,9): error TS2698: Spread types may only be created from object types.
ai-platform/web/simplebeacon-dashboard/js-es2018/utils/eu-ai-act-export.browser.js(4,50): error TS2307: Cannot find module './simplebeacon-report-export.browser.js?v=20260601gateexport17' or its corresponding type declarations.
ai-platform/web/simplebeacon-dashboard/js-es2018/utils/eu-ai-act-export.browser.js(5,59): error TS2307: Cannot find module './compliance-export.browser.js?v=20260601complianceexport7' or its corresponding type declarations.
ai-platform/web/simplebeacon-dashboard/js-es2018/utils/eu-ai-act-export.browser.js(6,75): error TS2307: Cannot find module './quality-export.browser.js?v=20260531qualityexport8' or its corresponding type declarations.
ai-platform/web/simplebeacon-dashboard/js-es2018/utils/eu-ai-act-export.browser.js(392,56): error TS2345: Argument of type 'boolean' is not assignable to parameter of type 'any[]'.
ai-platform/web/simplebeacon-dashboard/js-es2018/utils/eu-ai-act-export.browser.js(661,35): error TS2339: Property 'projectRoot' does not exist on type 'number'.
ai-platform/web/simplebeacon-dashboard/js-es2018/utils/eu-ai-act-export.browser.js(1039,78): error TS2339: Property 'scanScope' does not exist on type 'number'.
ai-platform/web/simplebeacon-dashboard/js-es2018/utils/eu-ai-act-export.browser.js(1041,44): error TS2339: Property 'productionLeakScanned' does not exist on type 'number'.
ai-platform/web/simplebeacon-dashboard/js-es2018/utils/eu-ai-act-export.browser.js(1041,113): error TS2339: Property 'scanScope' does not exist on type 'number'.
ai-platform/web/simplebeacon-dashboard/js-es2018/utils/eu-ai-act-export.browser.js(1042,46): error TS2339: Property 'sourceCodeFilesScanned' does not exist on type 'number'.
ai-platform/web/simplebeacon-dashboard/js-es2018/utils/eu-ai-act-export.browser.js(1042,116): error TS2339: Property 'scanScope' does not exist on type 'number'.
ai-platform/web/simplebeacon-dashboard/js-es2018/utils/eu-ai-act-export.browser.js(1043,32): error TS2339: Property 'scanScope' does not exist on type 'number'.
ai-platform/web/simplebeacon-dashboard/js-es2018/utils/eu-ai-act-export.browser.js(1050,9): error TS2698: Spread types may only be created from object types.
ai-platform/web/simplebeacon-dashboard/js-es2018/utils/eu-ai-act-export.browser.js(1052,23): error TS2339: Property 'scanScope' does not exist on type 'number'.
ai-platform/web/simplebeacon-dashboard/js-es2018/utils/eu-ai-act-export.browser.js(1239,17): error TS8024: JSDoc '@param' tag has name 'documentationFound', but there is no parameter with that name.
ai-platform/web/simplebeacon-dashboard/js-es2018/utils/eu-ai-act-export.browser.js(1240,17): error TS8024: JSDoc '@param' tag has name 'summary', but there is no parameter with that name.
ai-platform/web/simplebeacon-dashboard/js-es2018/utils/fiction-digest-export.browser.js(4,44): error TS2307: Cannot find module './quality-export.browser.js?v=20260531qualityexport8' or its corresponding type declarations.
ai-platform/web/simplebeacon-dashboard/js-es2018/utils/fiction-digest-export.browser.js(101,34): error TS2339: Property 'pattern' does not exist on type 'true'.
ai-platform/web/simplebeacon-dashboard/js-es2018/utils/fiction-digest-export.browser.js(101,58): error TS2339: Property 'metadata' does not exist on type 'true'.
ai-platform/web/simplebeacon-dashboard/js-es2018/utils/fiction-digest-export.browser.js(102,35): error TS2339: Property 'category' does not exist on type 'true'.
ai-platform/web/simplebeacon-dashboard/js-es2018/utils/fiction-digest-export.browser.js(102,60): error TS2339: Property 'metadata' does not exist on type 'true'.
ai-platform/web/simplebeacon-dashboard/js-es2018/utils/fiction-digest-export.browser.js(103,31): error TS2339: Property 'type' does not exist on type 'true'.
ai-platform/web/simplebeacon-dashboard/js-es2018/utils/fiction-digest-export.browser.js(119,40): error TS2339: Property 'metadata' does not exist on type 'true'.
ai-platform/web/simplebeacon-dashboard/js-es2018/utils/fiction-digest-export.browser.js(119,107): error TS2339: Property 'intent' does not exist on type 'true'.
ai-platform/web/simplebeacon-dashboard/js-es2018/utils/fiction-digest-export.browser.js(122,47): error TS2339: Property 'type' does not exist on type 'true'.
ai-platform/web/simplebeacon-dashboard/js-es2018/utils/fiction-digest-export.browser.js(124,28): error TS2339: Property 'filePath' does not exist on type 'true'.
ai-platform/web/simplebeacon-dashboard/js-es2018/utils/fiction-digest-export.browser.js(124,46): error TS2339: Property 'file' does not exist on type 'true'.
ai-platform/web/simplebeacon-dashboard/js-es2018/utils/fiction-digest-export.browser.js(165,102): error TS2339: Property 'repositoryFilesTotal' does not exist on type 'number'.
ai-platform/web/simplebeacon-dashboard/js-es2018/utils/fiction-digest-export.browser.js(165,236): error TS2339: Property 'scanScope' does not exist on type 'number'.
ai-platform/web/simplebeacon-dashboard/js-es2018/utils/fiction-digest-export.browser.js(166,109): error TS2339: Property 'ruleScopedFilesAnalyzed' does not exist on type 'number'.
ai-platform/web/simplebeacon-dashboard/js-es2018/utils/fiction-digest-export.browser.js(166,246): error TS2339: Property 'scanScope' does not exist on type 'number'.
ai-platform/web/simplebeacon-dashboard/js-es2018/utils/fiction-digest-export.browser.js(167,104): error TS2339: Property 'fictionJsonFilesScanned' does not exist on type 'number'.
ai-platform/web/simplebeacon-dashboard/js-es2018/utils/fiction-digest-export.browser.js(167,241): error TS2339: Property 'scanScope' does not exist on type 'number'.
ai-platform/web/simplebeacon-dashboard/js-es2018/utils/fiction-digest-export.browser.js(193,16): error TS2339: Property 'fullDirectoryScan' does not exist on type 'number'.
ai-platform/web/simplebeacon-dashboard/js-es2018/utils/fiction-digest-export.browser.js(193,51): error TS2339: Property 'scanScope' does not exist on type 'number'.
ai-platform/web/simplebeacon-dashboard/js-es2018/utils/fiction-digest-export.browser.js(196,37): error TS2339: Property 'mockSampleFiles' does not exist on type 'number'.
ai-platform/web/simplebeacon-dashboard/js-es2018/utils/fiction-digest-export.browser.js(196,94): error TS2339: Property 'totalFiles' does not exist on type 'number'.
ai-platform/web/simplebeacon-dashboard/js-es2018/utils/fiction-digest-export.browser.js(197,36): error TS2339: Property 'repositoryFilesTotal' does not exist on type 'number'.
ai-platform/web/simplebeacon-dashboard/js-es2018/utils/fiction-digest-export.browser.js(203,27): error TS2339: Property 'scanPaths' does not exist on type 'number'.
ai-platform/web/simplebeacon-dashboard/js-es2018/utils/fiction-digest-export.browser.js(204,39): error TS2339: Property 'projectRoot' does not exist on type 'number'.
ai-platform/web/simplebeacon-dashboard/js-es2018/utils/fiction-digest-export.browser.js(227,58): error TS2322: Type '{}' is not assignable to type 'number'.
ai-platform/web/simplebeacon-dashboard/js-es2018/utils/fiction-digest-export.browser.js(229,37): error TS2339: Property 'fullDirectoryScan' does not exist on type 'number'.
ai-platform/web/simplebeacon-dashboard/js-es2018/utils/fiction-digest-export.browser.js(233,43): error TS2339: Property 'ruleScopedFilesAnalyzed' does not exist on type 'number'.
ai-platform/web/simplebeacon-dashboard/js-es2018/utils/fiction-digest-export.browser.js(234,48): error TS2339: Property 'mockSampleFiles' does not exist on type 'number'.
ai-platform/web/simplebeacon-dashboard/js-es2018/utils/fiction-digest-export.browser.js(234,105): error TS2339: Property 'totalFiles' does not exist on type 'number'.
ai-platform/web/simplebeacon-dashboard/js-es2018/utils/fiction-digest-export.browser.js(235,47): error TS2339: Property 'fictionSampleFilesScanned' does not exist on type 'number'.
ai-platform/web/simplebeacon-dashboard/js-es2018/utils/fiction-digest-export.browser.js(244,48): error TS2339: Property 'fictionJsonFilesScanned' does not exist on type 'number'.
ai-platform/web/simplebeacon-dashboard/js-es2018/utils/fiction-digest-export.browser.js(330,42): error TS2339: Property 'repositoryFilesTotal' does not exist on type 'number'.
ai-platform/web/simplebeacon-dashboard/js-es2018/utils/fiction-digest-export.browser.js(330,110): error TS2339: Property 'repositoryInventory' does not exist on type 'number'.
ai-platform/web/simplebeacon-dashboard/js-es2018/utils/fiction-digest-export.browser.js(331,43): error TS2339: Property 'ruleScopedFilesAnalyzed' does not exist on type 'number'.
ai-platform/web/simplebeacon-dashboard/js-es2018/utils/fiction-digest-export.browser.js(331,114): error TS2339: Property 'scanScope' does not exist on type 'number'.
ai-platform/web/simplebeacon-dashboard/js-es2018/utils/fiction-digest-export.browser.js(333,51): error TS2339: Property 'llmSlopScanRaw' does not exist on type 'number'.
ai-platform/web/simplebeacon-dashboard/js-es2018/utils/fiction-digest-export.browser.js(333,113): error TS2339: Property 'scanScope' does not exist on type 'number'.
ai-platform/web/simplebeacon-dashboard/js-es2018/utils/fiction-digest-export.browser.js(333,220): error TS2339: Property 'llmSlopFilesScanned' does not exist on type 'number'.
ai-platform/web/simplebeacon-dashboard/js-es2018/utils/fiction-digest-export.browser.js(333,287): error TS2339: Property 'scanScope' does not exist on type 'number'.
ai-platform/web/simplebeacon-dashboard/js-es2018/utils/fiction-digest-export.browser.js(337,20): error TS2339: Property 'scanScope' does not exist on type 'number'.
ai-platform/web/simplebeacon-dashboard/js-es2018/utils/fiction-digest-export.browser.js(343,9): error TS2698: Spread types may only be created from object types.
ai-platform/web/simplebeacon-dashboard/js-es2018/utils/fiction-digest-export.browser.js(360,42): error TS2339: Property 'repositoryFilesTotal' does not exist on type 'number'.
ai-platform/web/simplebeacon-dashboard/js-es2018/utils/fiction-digest-export.browser.js(360,110): error TS2339: Property 'repositoryInventory' does not exist on type 'number'.
ai-platform/web/simplebeacon-dashboard/js-es2018/utils/fiction-digest-export.browser.js(361,104): error TS2339: Property 'llmSlopFilesScanned' does not exist on type 'number'.
ai-platform/web/simplebeacon-dashboard/js-es2018/utils/fiction-digest-export.browser.js(362,92): error TS2339: Property 'llmSlopScanRaw' does not exist on type 'number'.
ai-platform/web/simplebeacon-dashboard/js-es2018/utils/fiction-digest-export.browser.js(363,103): error TS2339: Property 'llmSlopScanReconciled' does not exist on type 'number'.
ai-platform/web/simplebeacon-dashboard/js-es2018/utils/fiction-digest-export.browser.js(380,22): error TS2339: Property 'gateAttestation' does not exist on type 'number'.
ai-platform/web/simplebeacon-dashboard/js-es2018/utils/fiction-digest-export.browser.js(382,49): error TS2339: Property 'ruleScopedFilesAnalyzed' does not exist on type 'number'.
ai-platform/web/simplebeacon-dashboard/js-es2018/utils/fiction-digest-export.browser.js(382,126): error TS2339: Property 'scanScope' does not exist on type 'number'.
ai-platform/web/simplebeacon-dashboard/js-es2018/utils/fiction-digest-export.browser.js(383,29): error TS2339: Property 'gate' does not exist on type 'number'.
ai-platform/web/simplebeacon-dashboard/js-es2018/utils/fiction-digest-export.browser.js(385,29): error TS2339: Property 'gate' does not exist on type 'number'.
ai-platform/web/simplebeacon-dashboard/js-es2018/utils/fiction-digest-export.browser.js(396,93): error TS2339: Property 'scanScope' does not exist on type 'number'.
ai-platform/web/simplebeacon-dashboard/js-es2018/utils/fiction-digest-export.browser.js(397,108): error TS2339: Property 'repositoryFilesTotal' does not exist on type 'number'.
ai-platform/web/simplebeacon-dashboard/js-es2018/utils/fiction-digest-export.browser.js(398,169): error TS2339: Property 'llmSlopFilesScanned' does not exist on type 'number'.
ai-platform/web/simplebeacon-dashboard/js-es2018/utils/fiction-digest-export.browser.js(399,154): error TS2339: Property 'llmSlopScanRaw' does not exist on type 'number'.
ai-platform/web/simplebeacon-dashboard/js-es2018/utils/fiction-digest-export.browser.js(400,165): error TS2339: Property 'llmSlopScanReconciled' does not exist on type 'number'.
ai-platform/web/simplebeacon-dashboard/js-es2018/utils/fiction-digest-export.browser.js(404,119): error TS2339: Property 'fictionJsonFilesScanned' does not exist on type 'number'.
ai-platform/web/simplebeacon-dashboard/js-es2018/utils/fiction-digest-export.browser.js(405,119): error TS2339: Property 'ruleScopedFilesAnalyzed' does not exist on type 'number'.
ai-platform/web/simplebeacon-dashboard/js-es2018/utils/fiction-digest-export.browser.js(422,49): error TS2339: Property 'ruleScopedFilesAnalyzed' does not exist on type 'number'.
ai-platform/web/simplebeacon-dashboard/js-es2018/utils/fiction-digest-export.browser.js(422,126): error TS2339: Property 'scanScope' does not exist on type 'number'.
ai-platform/web/simplebeacon-dashboard/js-es2018/utils/fiction-digest-export.browser.js(423,29): error TS2339: Property 'gate' does not exist on type 'number'.
ai-platform/web/simplebeacon-dashboard/js-es2018/utils/fiction-digest-export.browser.js(425,29): error TS2339: Property 'gate' does not exist on type 'number'.
ai-platform/web/simplebeacon-dashboard/js-es2018/utils/fiction-digest-export.browser.js(427,29): error TS2339: Property 'gate' does not exist on type 'number'.
ai-platform/web/simplebeacon-dashboard/js-es2018/utils/fiction-digest-export.browser.js(438,111): error TS2339: Property 'scanScope' does not exist on type 'number'.
ai-platform/web/simplebeacon-dashboard/js-es2018/utils/fiction-digest-export.browser.js(438,349): error TS2339: Property 'fullDirectoryStats' does not exist on type 'number'.
ai-platform/web/simplebeacon-dashboard/js-es2018/utils/fiction-digest-export.browser.js(451,93): error TS2339: Property 'scanScope' does not exist on type 'number'.
ai-platform/web/simplebeacon-dashboard/js-es2018/utils/fiction-digest-export.browser.js(457,170): error TS2339: Property 'productionLeakFindings' does not exist on type 'number'.
ai-platform/web/simplebeacon-dashboard/js-es2018/utils/fiction-digest-export.browser.js(481,107): error TS2339: Property 'gate' does not exist on type 'number'.
ai-platform/web/simplebeacon-dashboard/js-es2018/utils/fiction-digest-export.browser.js(497,93): error TS2339: Property 'scanScope' does not exist on type 'number'.
ai-platform/web/simplebeacon-dashboard/js-es2018/utils/fiction-digest-export.browser.js(501,263): error TS2339: Property 'repositoryFilesTotal' does not exist on type 'number'.
ai-platform/web/simplebeacon-dashboard/js-es2018/utils/fiction-digest-export.browser.js(502,375): error TS2339: Property 'credentialScanned' does not exist on type 'number'.
ai-platform/web/simplebeacon-dashboard/js-es2018/utils/fiction-digest-export.browser.js(517,93): error TS2339: Property 'scanScope' does not exist on type 'number'.
ai-platform/web/simplebeacon-dashboard/js-es2018/utils/fiction-digest-export.browser.js(519,175): error TS2339: Property 'sourceCodeFilesScanned' does not exist on type 'number'.
ai-platform/web/simplebeacon-dashboard/js-es2018/utils/fiction-digest-export.browser.js(520,99): error TS2339: Property 'jestBaselineChecked' does not exist on type 'number'.
ai-platform/web/simplebeacon-dashboard/js-es2018/utils/fiction-digest-export.browser.js(528,104): error TS2339: Property 'gate' does not exist on type 'number'.
ai-platform/web/simplebeacon-dashboard/js-es2018/utils/fiction-digest-export.browser.js(529,109): error TS2339: Property 'gate' does not exist on type 'number'.
ai-platform/web/simplebeacon-dashboard/js-es2018/utils/fiction-digest-export.browser.js(531,119): error TS2339: Property 'ruleScopedFilesAnalyzed' does not exist on type 'number'.
ai-platform/web/simplebeacon-dashboard/js-es2018/utils/fiction-digest-export.browser.js(532,119): error TS2339: Property 'fictionJsonFilesScanned' does not exist on type 'number'.
ai-platform/web/simplebeacon-dashboard/js-es2018/utils/fiction-digest-export.browser.js(533,121): error TS2339: Property 'fictionSampleFilesScanned' does not exist on type 'number'.
ai-platform/web/simplebeacon-dashboard/js-es2018/utils/fiction-digest-export.browser.js(535,110): error TS2339: Property 'fullDirectoryScan' does not exist on type 'number'.
ai-platform/web/simplebeacon-dashboard/js-es2018/utils/fiction-digest-export.browser.js(558,93): error TS2339: Property 'scanScope' does not exist on type 'number'.
ai-platform/web/simplebeacon-dashboard/js-es2018/utils/fiction-digest-export.browser.js(564,110): error TS2339: Property 'fullDirectoryScan' does not exist on type 'number'.
ai-platform/web/simplebeacon-dashboard/js-es2018/utils/fiction-digest-export.browser.js(590,93): error TS2339: Property 'scanScope' does not exist on type 'number'.
ai-platform/web/simplebeacon-dashboard/js-es2018/utils/fiction-digest-export.browser.js(591,104): error TS2339: Property 'fictionJsonFilesScanned' does not exist on type 'number'.
ai-platform/web/simplebeacon-dashboard/js-es2018/utils/fiction-digest-export.browser.js(592,169): error TS2339: Property 'sourceCodeFilesScanned' does not exist on type 'number'.
ai-platform/web/simplebeacon-dashboard/js-es2018/utils/fiction-digest-export.browser.js(602,116): error TS2339: Property 'mockSampleFiles' does not exist on type 'number'.
ai-platform/web/simplebeacon-dashboard/js-es2018/utils/fiction-digest-export.browser.js(602,239): error TS2339: Property 'totalFiles' does not exist on type 'number'.
ai-platform/web/simplebeacon-dashboard/js-es2018/utils/fiction-digest-export.browser.js(603,113): error TS2339: Property 'fictionSampleFilesScanned' does not exist on type 'number'.
ai-platform/web/simplebeacon-dashboard/js-es2018/utils/fiction-digest-export.browser.js(609,109): error TS2339: Property 'ruleScopedFilesAnalyzed' does not exist on type 'number'.
ai-platform/web/simplebeacon-dashboard/js-es2018/utils/fiction-digest-export.browser.js(610,83): error TS2339: Property 'fullDirectoryScan' does not exist on type 'number'.
ai-platform/web/simplebeacon-dashboard/js-es2018/utils/fiction-digest-export.browser.js(613,89): error TS2339: Property 'gate' does not exist on type 'number'.
ai-platform/web/simplebeacon-dashboard/js-es2018/utils/fiction-digest-export.browser.js(616,94): error TS2339: Property 'gate' does not exist on type 'number'.
ai-platform/web/simplebeacon-dashboard/js-es2018/utils/fiction-digest-export.browser.js(619,94): error TS2339: Property 'gate' does not exist on type 'number'.
ai-platform/web/simplebeacon-dashboard/js-es2018/utils/fiction-digest-export.browser.js(620,51): error TS2339: Property 'gate' does not exist on type 'number'.
ai-platform/web/simplebeacon-dashboard/js-es2018/utils/fiction-digest-export.browser.js(625,163): error TS2339: Property 'scanScope' does not exist on type 'number'.
ai-platform/web/simplebeacon-dashboard/js-es2018/utils/fiction-digest-export.browser.js(647,39): error TS2339: Property 'type' does not exist on type 'number'.
ai-platform/web/simplebeacon-dashboard/js-es2018/utils/fiction-digest-export.browser.js(649,13): error TS2339: Property 'gateAttestation' does not exist on type 'Number'.
ai-platform/web/simplebeacon-dashboard/js-es2018/utils/fiction-digest-export.browser.js(649,51): error TS2700: Rest types may only be created from object types.
ai-platform/web/simplebeacon-dashboard/js-es2018/utils/fiction-digest-export.browser.js(650,54): error TS2339: Property 'fullDirectoryScan' does not exist on type 'number'.
ai-platform/web/simplebeacon-dashboard/js-es2018/utils/fiction-digest-export.browser.js(650,95): error TS2339: Property 'scanScope' does not exist on type 'number'.
ai-platform/web/simplebeacon-dashboard/js-es2018/utils/fiction-digest-export.browser.js(653,32): error TS2339: Property 'scanScope' does not exist on type 'number'.
ai-platform/web/simplebeacon-dashboard/js-es2018/utils/fiction-digest-export.browser.js(654,44): error TS2339: Property 'scanScope' does not exist on type 'number'.
ai-platform/web/simplebeacon-dashboard/js-es2018/utils/fiction-digest-export.browser.js(665,30): error TS2339: Property 'scanScope' does not exist on type 'number'.
ai-platform/web/simplebeacon-dashboard/js-es2018/utils/fiction-digest-export.browser.js(666,51): error TS2339: Property 'scanScope' does not exist on type 'number'.
ai-platform/web/simplebeacon-dashboard/js-es2018/utils/fiction-digest-export.browser.js(670,46): error TS2339: Property 'scanScope' does not exist on type 'number'.
ai-platform/web/simplebeacon-dashboard/js-es2018/utils/fiction-digest-export.browser.js(673,45): error TS2339: Property 'scanScope' does not exist on type 'number'.
ai-platform/web/simplebeacon-dashboard/js-es2018/utils/fiction-digest-export.browser.js(693,109): error TS2339: Property 'ruleScopedFilesAnalyzed' does not exist on type 'number'.
ai-platform/web/simplebeacon-dashboard/js-es2018/utils/fiction-digest-export.browser.js(693,246): error TS2339: Property 'scanScope' does not exist on type 'number'.
ai-platform/web/simplebeacon-dashboard/js-es2018/utils/fiction-digest-export.browser.js(694,89): error TS2339: Property 'gate' does not exist on type 'number'.
ai-platform/web/simplebeacon-dashboard/js-es2018/utils/fiction-digest-export.browser.js(706,27): error TS2339: Property 'type' does not exist on type 'number'.
ai-platform/web/simplebeacon-dashboard/js-es2018/utils/fiction-digest-export.browser.js(708,38): error TS2339: Property 'projectRoot' does not exist on type 'number'.
ai-platform/web/simplebeacon-dashboard/js-es2018/utils/fiction-digest-export.browser.js(710,40): error TS2339: Property 'rawIssues' does not exist on type 'number'.
ai-platform/web/simplebeacon-dashboard/js-es2018/utils/fiction-digest-export.browser.js(710,108): error TS2339: Property 'rawIssues' does not exist on type 'number'.
ai-platform/web/simplebeacon-dashboard/js-es2018/utils/fiction-digest-export.browser.js(710,128): error TS2339: Property 'detectedIssues' does not exist on type 'number'.
ai-platform/web/simplebeacon-dashboard/js-es2018/utils/fiction-digest-export.browser.js(728,31): error TS2339: Property 'gate' does not exist on type 'number'.
ai-platform/web/simplebeacon-dashboard/js-es2018/utils/fiction-digest-export.browser.js(728,53): error TS2339: Property 'scanScope' does not exist on type 'number'.
ai-platform/web/simplebeacon-dashboard/js-es2018/utils/fiction-digest-export.browser.js(735,43): error TS2339: Property 'ruleScopedFilesAnalyzed' does not exist on type 'number'.
ai-platform/web/simplebeacon-dashboard/js-es2018/utils/fiction-digest-export.browser.js(735,114): error TS2339: Property 'scanScope' does not exist on type 'number'.
ai-platform/web/simplebeacon-dashboard/js-es2018/utils/fiction-digest-export.browser.js(738,48): error TS2339: Property 'fullDirectoryScan' does not exist on type 'number'.
ai-platform/web/simplebeacon-dashboard/js-es2018/utils/fiction-digest-export.browser.js(738,83): error TS2339: Property 'scanScope' does not exist on type 'number'.
ai-platform/web/simplebeacon-dashboard/js-es2018/utils/fiction-digest-export.browser.js(754,38): error TS2339: Property 'scanScope' does not exist on type 'number'.
ai-platform/web/simplebeacon-dashboard/js-es2018/utils/fiction-digest-export.browser.js(759,61): error TS2339: Property 'scanScope' does not exist on type 'number'.
ai-platform/web/simplebeacon-dashboard/js-es2018/utils/fiction-digest-export.browser.js(762,28): error TS2339: Property 'scanScope' does not exist on type 'number'.
ai-platform/web/simplebeacon-dashboard/js-es2018/utils/npm-audit-export.browser.js(4,44): error TS2307: Cannot find module './quality-export.browser.js?v=20260531qualityexport8' or its corresponding type declarations.
ai-platform/web/simplebeacon-dashboard/js-es2018/utils/npm-audit-export.browser.js(125,45): error TS2322: Type '{}' is not assignable to type 'string'.
ai-platform/web/simplebeacon-dashboard/js-es2018/utils/npm-audit-export.browser.js(140,42): error TS2339: Property 'supplyChainStatus' does not exist on type 'string'.
ai-platform/web/simplebeacon-dashboard/js-es2018/utils/npm-audit-export.browser.js(141,47): error TS2339: Property 'packageJsonPath' does not exist on type 'string'.
ai-platform/web/simplebeacon-dashboard/js-es2018/utils/npm-audit-export.browser.js(185,42): error TS2322: Type '{}' is not assignable to type 'string'.
ai-platform/web/simplebeacon-dashboard/js-es2018/utils/npm-audit-export.browser.js(187,13): error TS2339: Property 'benchmarkScan' does not exist on type 'String'.
ai-platform/web/simplebeacon-dashboard/js-es2018/utils/npm-audit-export.browser.js(187,28): error TS2339: Property 'skipped' does not exist on type 'String'.
ai-platform/web/simplebeacon-dashboard/js-es2018/utils/npm-audit-export.browser.js(187,37): error TS2339: Property 'supplyChainStatus' does not exist on type 'String'.
ai-platform/web/simplebeacon-dashboard/js-es2018/utils/npm-audit-export.browser.js(187,56): error TS2339: Property 'deps' does not exist on type 'String'.
ai-platform/web/simplebeacon-dashboard/js-es2018/utils/npm-audit-export.browser.js(187,62): error TS2339: Property 'summary' does not exist on type 'String'.
ai-platform/web/simplebeacon-dashboard/js-es2018/utils/npm-audit-export.browser.js(189,29): error TS2339: Property 'gateReport' does not exist on type 'string'.
ai-platform/web/simplebeacon-dashboard/js-es2018/utils/npm-audit-export.browser.js(190,39): error TS2339: Property 'repositoryFilesTotal' does not exist on type 'string'.
ai-platform/web/simplebeacon-dashboard/js-es2018/utils/npm-audit-export.browser.js(198,28): error TS2339: Property 'scopeNote' does not exist on type 'string'.
ai-platform/web/simplebeacon-dashboard/js-es2018/utils/npm-audit-export.browser.js(314,60): error TS2345: Argument of type '{ benchmarkScan: any; skipped: boolean; supplyChainStatus: any; scopeNote: any; gateReport: any; repositoryFilesTotal: any; }' is not assignable to parameter of type 'string'.
ai-platform/web/simplebeacon-dashboard/js-es2018/utils/npm-audit-export.browser.js(333,56): error TS2345: Argument of type '{ benchmarkScan: any; skipped: boolean; supplyChainStatus: any; deps: any; summary: any; gateReport: any; repositoryFilesTotal: any; }' is not assignable to parameter of type 'string'.
ai-platform/web/simplebeacon-dashboard/js-es2018/utils/npm-audit-export.browser.js(339,65): error TS2345: Argument of type '{ supplyChainStatus: any; packageJsonPath: any; gateReport: any; repositoryFilesTotal: any; }' is not assignable to parameter of type 'string'.
ai-platform/web/simplebeacon-dashboard/js-es2018/utils/page-export.browser.js(5,33): error TS2307: Cannot find module '../services/platformService.js?v=20260531pageexport1' or its corresponding type declarations.
ai-platform/web/simplebeacon-dashboard/js-es2018/utils/page-export.browser.js(6,127): error TS2307: Cannot find module '../services/analyzeService.js?v=20260710inventory1' or its corresponding type declarations.
ai-platform/web/simplebeacon-dashboard/js-es2018/utils/page-export.browser.js(7,73): error TS2307: Cannot find module '../data/outreach-prospects.js?v=20260531pageexport1' or its corresponding type declarations.
ai-platform/web/simplebeacon-dashboard/js-es2018/utils/page-export.browser.js(33,17): error TS8024: JSDoc '@param' tag has name 'label', but there is no parameter with that name.
ai-platform/web/simplebeacon-dashboard/js-es2018/utils/page-export.browser.js(78,29): error TS2339: Property 'generatedAt' does not exist on type 'number'.
ai-platform/web/simplebeacon-dashboard/js-es2018/utils/page-export.browser.js(79,38): error TS2339: Property 'gate' does not exist on type 'number'.
ai-platform/web/simplebeacon-dashboard/js-es2018/utils/page-export.browser.js(80,34): error TS2339: Property 'issueCount' does not exist on type 'number'.
ai-platform/web/simplebeacon-dashboard/js-es2018/utils/page-export.browser.js(81,36): error TS2339: Property 'qualityScore' does not exist on type 'number'.
ai-platform/web/simplebeacon-dashboard/js-es2018/utils/page-export.browser.js(82,40): error TS2339: Property 'schemaCompliance' does not exist on type 'number'.
ai-platform/web/simplebeacon-dashboard/js-es2018/utils/page-export.browser.js(83,40): error TS2339: Property 'consistencyScore' does not exist on type 'number'.
ai-platform/web/simplebeacon-dashboard/js-es2018/utils/page-export.browser.js(84,42): error TS2339: Property 'credentialFindings' does not exist on type 'number'.
ai-platform/web/simplebeacon-dashboard/js-es2018/utils/page-export.browser.js(85,46): error TS2339: Property 'productionLeakFindings' does not exist on type 'number'.
ai-platform/web/simplebeacon-dashboard/js-es2018/utils/page-export.browser.js(121,103): error TS2339: Property 'totalFiles' does not exist on type 'number'.
ai-platform/web/simplebeacon-dashboard/js-es2018/utils/platform-export.browser.js(4,39): error TS2307: Cannot find module '../services/analyzeService.js?v=20260710inventory1' or its corresponding type declarations.
ai-platform/web/simplebeacon-dashboard/js-es2018/utils/platform-export.browser.js(5,50): error TS2307: Cannot find module './simplebeacon-report-export.browser.js?v=20260601gateexport17' or its corresponding type declarations.
ai-platform/web/simplebeacon-dashboard/js-es2018/utils/platform-export.browser.js(6,199): error TS2307: Cannot find module './quality-export.browser.js?v=20260531qualityexport8' or its corresponding type declarations.
ai-platform/web/simplebeacon-dashboard/js-es2018/utils/platform-export.browser.js(93,81): error TS2339: Property 'projectRoot' does not exist on type 'number'.
ai-platform/web/simplebeacon-dashboard/js-es2018/utils/platform-export.browser.js(94,76): error TS2339: Property 'benchmarkScan' does not exist on type 'number'.
ai-platform/web/simplebeacon-dashboard/js-es2018/utils/platform-export.browser.js(94,150): error TS2339: Property 'scanTargetProfile' does not exist on type 'number'.
ai-platform/web/simplebeacon-dashboard/js-es2018/utils/platform-export.browser.js(139,81): error TS2339: Property 'pageSampleSchemaChecked' does not exist on type 'number'.
ai-platform/web/simplebeacon-dashboard/js-es2018/utils/platform-export.browser.js(140,27): error TS2339: Property 'pageSampleSchemaPassed' does not exist on type 'number'.
ai-platform/web/simplebeacon-dashboard/js-es2018/utils/platform-export.browser.js(140,96): error TS2339: Property 'pageSampleSchemaChecked' does not exist on type 'number'.
ai-platform/web/simplebeacon-dashboard/js-es2018/utils/platform-export.browser.js(160,81): error TS2339: Property 'pageSampleSchemaChecked' does not exist on type 'number'.
ai-platform/web/simplebeacon-dashboard/js-es2018/utils/platform-export.browser.js(161,27): error TS2339: Property 'pageSampleSchemaPassed' does not exist on type 'number'.
ai-platform/web/simplebeacon-dashboard/js-es2018/utils/platform-export.browser.js(161,96): error TS2339: Property 'pageSampleSchemaChecked' does not exist on type 'number'.
ai-platform/web/simplebeacon-dashboard/js-es2018/utils/platform-export.browser.js(183,29): error TS2339: Property 'projectRoot' does not exist on type 'number'.
ai-platform/web/simplebeacon-dashboard/js-es2018/utils/platform-export.browser.js(183,51): error TS2339: Property 'platformRoot' does not exist on type 'number'.
ai-platform/web/simplebeacon-dashboard/js-es2018/utils/platform-export.browser.js(219,53): error TS2322: Type '{}' is not assignable to type 'string'.
ai-platform/web/simplebeacon-dashboard/js-es2018/utils/platform-export.browser.js(226,31): error TS2339: Property 'repositoryFilesTotal' does not exist on type 'string'.
ai-platform/web/simplebeacon-dashboard/js-es2018/utils/platform-export.browser.js(227,36): error TS2339: Property 'pageSpecsLabel' does not exist on type 'string'.
ai-platform/web/simplebeacon-dashboard/js-es2018/utils/platform-export.browser.js(235,41): error TS2339: Property 'benchmarkScan' does not exist on type 'string'.
ai-platform/web/simplebeacon-dashboard/js-es2018/utils/platform-export.browser.js(264,43): error TS2322: Type '{}' is not assignable to type 'string'.
ai-platform/web/simplebeacon-dashboard/js-es2018/utils/platform-export.browser.js(268,36): error TS2339: Property 'pageSpecsLabel' does not exist on type 'string'.
ai-platform/web/simplebeacon-dashboard/js-es2018/utils/platform-export.browser.js(309,91): error TS2339: Property 'mockSampleFiles' does not exist on type 'number'.
ai-platform/web/simplebeacon-dashboard/js-es2018/utils/platform-export.browser.js(309,196): error TS2339: Property 'totalFiles' does not exist on type 'number'.
ai-platform/web/simplebeacon-dashboard/js-es2018/utils/platform-export.browser.js(310,84): error TS2339: Property 'qualityScore' does not exist on type 'number'.
ai-platform/web/simplebeacon-dashboard/js-es2018/utils/platform-export.browser.js(311,86): error TS2339: Property 'schemaCompliance' does not exist on type 'number'.
ai-platform/web/simplebeacon-dashboard/js-es2018/utils/platform-export.browser.js(312,85): error TS2339: Property 'issueCount' does not exist on type 'number'.
ai-platform/web/simplebeacon-dashboard/js-es2018/utils/platform-export.browser.js(316,93): error TS2339: Property 'mockSampleFiles' does not exist on type 'number'.
ai-platform/web/simplebeacon-dashboard/js-es2018/utils/platform-export.browser.js(316,198): error TS2339: Property 'totalFiles' does not exist on type 'number'.
ai-platform/web/simplebeacon-dashboard/js-es2018/utils/platform-export.browser.js(330,55): error TS2339: Property 'jestTests' does not exist on type 'any[]'.
ai-platform/web/simplebeacon-dashboard/js-es2018/utils/platform-export.browser.js(330,176): error TS2339: Property 'jestTests' does not exist on type 'any[]'.
ai-platform/web/simplebeacon-dashboard/js-es2018/utils/platform-export.browser.js(334,30): error TS2339: Property 'sampleJsonFiles' does not exist on type 'any[]'.
ai-platform/web/simplebeacon-dashboard/js-es2018/utils/platform-export.browser.js(338,30): error TS2339: Property 'mockScanFiles' does not exist on type 'any[]'.
ai-platform/web/simplebeacon-dashboard/js-es2018/utils/platform-export.browser.js(342,30): error TS2339: Property 'schemaPassRate' does not exist on type 'any[]'.
ai-platform/web/simplebeacon-dashboard/js-es2018/utils/platform-export.browser.js(346,30): error TS2339: Property 'securityScore' does not exist on type 'any[]'.
ai-platform/web/simplebeacon-dashboard/js-es2018/utils/platform-export.browser.js(377,20): error TS8024: JSDoc '@param' tag has name 'report', but there is no parameter with that name.
ai-platform/web/simplebeacon-dashboard/js-es2018/utils/platform-export.browser.js(378,17): error TS8024: JSDoc '@param' tag has name 'baseline', but there is no parameter with that name.
ai-platform/web/simplebeacon-dashboard/js-es2018/utils/platform-export.browser.js(379,17): error TS8024: JSDoc '@param' tag has name 'coverage', but there is no parameter with that name.
ai-platform/web/simplebeacon-dashboard/js-es2018/utils/platform-export.browser.js(380,17): error TS8024: JSDoc '@param' tag has name 'security', but there is no parameter with that name.
ai-platform/web/simplebeacon-dashboard/js-es2018/utils/platform-export.browser.js(381,17): error TS8024: JSDoc '@param' tag has name 'quality', but there is no parameter with that name.
ai-platform/web/simplebeacon-dashboard/js-es2018/utils/platform-export.browser.js(396,45): error TS2339: Property 'dashboardHome' does not exist on type '{}'.
ai-platform/web/simplebeacon-dashboard/js-es2018/utils/platform-export.browser.js(396,60): error TS2339: Property 'report' does not exist on type '{}'.
ai-platform/web/simplebeacon-dashboard/js-es2018/utils/platform-export.browser.js(396,68): error TS2339: Property 'baseline' does not exist on type '{}'.
ai-platform/web/simplebeacon-dashboard/js-es2018/utils/platform-export.browser.js(396,78): error TS2339: Property 'config' does not exist on type '{}'.
ai-platform/web/simplebeacon-dashboard/js-es2018/utils/platform-export.browser.js(396,86): error TS2339: Property 'coverage' does not exist on type '{}'.
ai-platform/web/simplebeacon-dashboard/js-es2018/utils/platform-export.browser.js(396,96): error TS2339: Property 'security' does not exist on type '{}'.
ai-platform/web/simplebeacon-dashboard/js-es2018/utils/platform-export.browser.js(396,106): error TS2339: Property 'quality' does not exist on type '{}'.
ai-platform/web/simplebeacon-dashboard/js-es2018/utils/platform-export.browser.js(396,115): error TS2339: Property 'exportFilename' does not exist on type '{}'.
ai-platform/web/simplebeacon-dashboard/js-es2018/utils/platform-export.browser.js(485,67): error TS2345: Argument of type '{ benchmarkScan: any; repositoryFilesTotal: any; pageSpecsLabel: any; }' is not assignable to parameter of type 'string'.
ai-platform/web/simplebeacon-dashboard/js-es2018/utils/platform-export.browser.js(490,52): error TS2345: Argument of type '{ pageSpecsLabel: any; }' is not assignable to parameter of type 'string'.
ai-platform/web/simplebeacon-dashboard/js-es2018/utils/platform-export.browser.js(615,19): error TS8024: JSDoc '@param' tag has name 'comparativeRows', but there is no parameter with that name.
ai-platform/web/simplebeacon-dashboard/js-es2018/utils/platform-export.browser.js(616,17): error TS8024: JSDoc '@param' tag has name 'mockDataCategories', but there is no parameter with that name.
ai-platform/web/simplebeacon-dashboard/js-es2018/utils/quality-export.browser.js(6,40): error TS2307: Cannot find module './npm-audit-export.browser.js?v=20260601npmaudit5' or its corresponding type declarations.
ai-platform/web/simplebeacon-dashboard/js-es2018/utils/quality-export.browser.js(231,79): error TS2339: Property 'pageSampleSchemaChecked' does not exist on type 'number'.
ai-platform/web/simplebeacon-dashboard/js-es2018/utils/quality-export.browser.js(232,27): error TS2339: Property 'pageSampleSchemaPassed' does not exist on type 'number'.
ai-platform/web/simplebeacon-dashboard/js-es2018/utils/quality-export.browser.js(232,96): error TS2339: Property 'pageSampleSchemaChecked' does not exist on type 'number'.
ai-platform/web/simplebeacon-dashboard/js-es2018/utils/quality-export.browser.js(289,17): error TS8024: JSDoc '@param' tag has name 'security', but there is no parameter with that name.
ai-platform/web/simplebeacon-dashboard/js-es2018/utils/quality-export.browser.js(290,17): error TS8024: JSDoc '@param' tag has name 'quality', but there is no parameter with that name.
ai-platform/web/simplebeacon-dashboard/js-es2018/utils/quality-export.browser.js(291,17): error TS8024: JSDoc '@param' tag has name 'npmAudit', but there is no parameter with that name.
ai-platform/web/simplebeacon-dashboard/js-es2018/utils/quality-export.browser.js(305,17): error TS8024: JSDoc '@param' tag has name 'security', but there is no parameter with that name.
ai-platform/web/simplebeacon-dashboard/js-es2018/utils/quality-export.browser.js(306,17): error TS8024: JSDoc '@param' tag has name 'quality', but there is no parameter with that name.
ai-platform/web/simplebeacon-dashboard/js-es2018/utils/quality-export.browser.js(307,17): error TS8024: JSDoc '@param' tag has name 'npmAudit', but there is no parameter with that name.
ai-platform/web/simplebeacon-dashboard/js-es2018/utils/quality-export.browser.js(308,20): error TS8024: JSDoc '@param' tag has name 'report', but there is no parameter with that name.
ai-platform/web/simplebeacon-dashboard/js-es2018/utils/quality-export.browser.js(457,17): error TS8024: JSDoc '@param' tag has name 'npmAudit', but there is no parameter with that name.
ai-platform/web/simplebeacon-dashboard/js-es2018/utils/repository-health-export.browser.js(4,75): error TS2307: Cannot find module './quality-export.browser.js?v=20260531qualityexport8' or its corresponding type declarations.
ai-platform/web/simplebeacon-dashboard/js-es2018/utils/repository-health-export.browser.js(106,17): error TS8024: JSDoc '@param' tag has name 'preview', but there is no parameter with that name.
ai-platform/web/simplebeacon-dashboard/js-es2018/utils/repository-health-export.browser.js(251,17): error TS8024: JSDoc '@param' tag has name 'preview', but there is no parameter with that name.
ai-platform/web/simplebeacon-dashboard/js-es2018/utils/repository-health-export.browser.js(252,20): error TS8024: JSDoc '@param' tag has name 'candidatesScope', but there is no parameter with that name.
ai-platform/web/simplebeacon-dashboard/js-es2018/utils/repository-health-export.browser.js(282,20): error TS8024: JSDoc '@param' tag has name 'candidatesScope', but there is no parameter with that name.
ai-platform/web/simplebeacon-dashboard/js-es2018/utils/repository-health-export.browser.js(283,17): error TS8024: JSDoc '@param' tag has name 'preview', but there is no parameter with that name.
ai-platform/web/simplebeacon-dashboard/js-es2018/utils/repository-health-export.browser.js(340,53): error TS2339: Property 'health' does not exist on type '{}'.
ai-platform/web/simplebeacon-dashboard/js-es2018/utils/repository-health-export.browser.js(340,61): error TS2339: Property 'candidates' does not exist on type '{}'.
ai-platform/web/simplebeacon-dashboard/js-es2018/utils/repository-health-export.browser.js(340,73): error TS2339: Property 'preview' does not exist on type '{}'.
ai-platform/web/simplebeacon-dashboard/js-es2018/utils/repository-health-export.browser.js(340,82): error TS2339: Property 'candidatesProjectPath' does not exist on type '{}'.
ai-platform/web/simplebeacon-dashboard/js-es2018/utils/repository-health-export.browser.js(340,105): error TS2339: Property 'candidatesScope' does not exist on type '{}'.
ai-platform/web/simplebeacon-dashboard/js-es2018/utils/repository-health-export.browser.js(446,19): error TS8024: JSDoc '@param' tag has name 'recommendations', but there is no parameter with that name.
ai-platform/web/simplebeacon-dashboard/js-es2018/utils/repository-health-export.browser.js(447,17): error TS8024: JSDoc '@param' tag has name 'platform', but there is no parameter with that name.
ai-platform/web/simplebeacon-dashboard/js-es2018/utils/repository-health-export.browser.js(448,17): error TS8024: JSDoc '@param' tag has name 'monorepo', but there is no parameter with that name.
ai-platform/web/simplebeacon-dashboard/js-es2018/utils/roadmap-export.browser.js(4,44): error TS2307: Cannot find module './quality-export.browser.js?v=20260531qualityexport8' or its corresponding type declarations.
ai-platform/web/simplebeacon-dashboard/js-es2018/utils/roadmap-export.browser.js(166,31): error TS2339: Property 'totalLinesOfCode' does not exist on type 'any[]'.
ai-platform/web/simplebeacon-dashboard/js-es2018/utils/roadmap-export.browser.js(167,31): error TS2339: Property 'testCoverage' does not exist on type 'any[]'.
ai-platform/web/simplebeacon-dashboard/js-es2018/utils/roadmap-export.browser.js(168,38): error TS2339: Property 'documentation' does not exist on type 'any[]'.
ai-platform/web/simplebeacon-dashboard/js-es2018/utils/roadmap-export.browser.js(248,40): error TS2740: Type '{}' is missing the following properties from type 'any[]': length, pop, push, concat, and 29 more.
ai-platform/web/simplebeacon-dashboard/js-es2018/utils/roadmap-export.browser.js(249,17): error TS2339: Property 'testCoverage' does not exist on type 'any[]'.
ai-platform/web/simplebeacon-dashboard/js-es2018/utils/roadmap-export.browser.js(249,49): error TS2339: Property 'lineCoverage' does not exist on type 'any[]'.
ai-platform/web/simplebeacon-dashboard/js-es2018/utils/roadmap-export.browser.js(251,20): error TS2339: Property 'jestTests' does not exist on type 'any[]'.
ai-platform/web/simplebeacon-dashboard/js-es2018/utils/roadmap-export.browser.js(251,49): error TS2339: Property 'jestSuites' does not exist on type 'any[]'.
ai-platform/web/simplebeacon-dashboard/js-es2018/utils/roadmap-export.browser.js(291,119): error TS2339: Property 'repositoryFilesTotal' does not exist on type 'number'.
ai-platform/web/simplebeacon-dashboard/js-es2018/utils/roadmap-export.browser.js(291,247): error TS2339: Property 'repositoryInventory' does not exist on type 'number'.
ai-platform/web/simplebeacon-dashboard/js-es2018/utils/roadmap-export.browser.js(292,128): error TS2339: Property 'credentialScanned' does not exist on type 'number'.
ai-platform/web/simplebeacon-dashboard/js-es2018/utils/roadmap-export.browser.js(292,247): error TS2339: Property 'productionLeakScanned' does not exist on type 'number'.
ai-platform/web/simplebeacon-dashboard/js-es2018/utils/roadmap-export.browser.js(292,376): error TS2339: Property 'scanScope' does not exist on type 'number'.
ai-platform/web/simplebeacon-dashboard/js-es2018/utils/roadmap-export.browser.js(350,25): error TS2339: Property 'sourceMetrics' does not exist on type 'any[]'.
ai-platform/web/simplebeacon-dashboard/js-es2018/utils/roadmap-export.browser.js(354,18): error TS2339: Property 'executiveSummary' does not exist on type 'any[]'.
ai-platform/web/simplebeacon-dashboard/js-es2018/utils/roadmap-export.browser.js(355,18): error TS2339: Property 'llmSummary' does not exist on type 'any[]'.
ai-platform/web/simplebeacon-dashboard/js-es2018/utils/roadmap-export.browser.js(356,18): error TS2339: Property 'complianceNarrative' does not exist on type 'any[]'.
ai-platform/web/simplebeacon-dashboard/js-es2018/utils/roadmap-export.browser.js(357,29): error TS2339: Property 'riskAssessment' does not exist on type 'any[]'.
ai-platform/web/simplebeacon-dashboard/js-es2018/utils/roadmap-export.browser.js(374,14): error TS2339: Property 'sourceMetrics' does not exist on type '{ [n: number]: any; length: number; toString(): string; toLocaleString(): string; toLocaleString(locales: string | string[], options?: NumberFormatOptions & DateTimeFormatOptions): string; ... 31 more ...; [Symbol.unscopables]: { ...; }; }'.
ai-platform/web/simplebeacon-dashboard/js-es2018/utils/roadmap-export.browser.js(375,14): error TS2339: Property 'sourceMetrics' does not exist on type '{ [n: number]: any; length: number; toString(): string; toLocaleString(): string; toLocaleString(locales: string | string[], options?: NumberFormatOptions & DateTimeFormatOptions): string; ... 31 more ...; [Symbol.unscopables]: { ...; }; }'.
ai-platform/web/simplebeacon-dashboard/js-es2018/utils/roadmap-export.browser.js(376,21): error TS2339: Property 'sourceMetrics' does not exist on type '{ [n: number]: any; length: number; toString(): string; toLocaleString(): string; toLocaleString(locales: string | string[], options?: NumberFormatOptions & DateTimeFormatOptions): string; ... 31 more ...; [Symbol.unscopables]: { ...; }; }'.
ai-platform/web/simplebeacon-dashboard/js-es2018/utils/roadmap-export.browser.js(387,20): error TS2339: Property 'riskAssessment' does not exist on type '{ [n: number]: any; length: number; toString(): string; toLocaleString(): string; toLocaleString(locales: string | string[], options?: NumberFormatOptions & DateTimeFormatOptions): string; ... 31 more ...; [Symbol.unscopables]: { ...; }; }'.
ai-platform/web/simplebeacon-dashboard/js-es2018/utils/roadmap-export.browser.js(388,14): error TS2339: Property 'riskAssessment' does not exist on type '{ [n: number]: any; length: number; toString(): string; toLocaleString(): string; toLocaleString(locales: string | string[], options?: NumberFormatOptions & DateTimeFormatOptions): string; ... 31 more ...; [Symbol.unscopables]: { ...; }; }'.
ai-platform/web/simplebeacon-dashboard/js-es2018/utils/roadmap-export.browser.js(389,21): error TS2339: Property 'riskAssessment' does not exist on type '{ [n: number]: any; length: number; toString(): string; toLocaleString(): string; toLocaleString(locales: string | string[], options?: NumberFormatOptions & DateTimeFormatOptions): string; ... 31 more ...; [Symbol.unscopables]: { ...; }; }'.
ai-platform/web/simplebeacon-dashboard/js-es2018/utils/roadmap-export.browser.js(390,31): error TS2339: Property 'riskAssessment' does not exist on type '{ [n: number]: any; length: number; toString(): string; toLocaleString(): string; toLocaleString(locales: string | string[], options?: NumberFormatOptions & DateTimeFormatOptions): string; ... 31 more ...; [Symbol.unscopables]: { ...; }; }'.
ai-platform/web/simplebeacon-dashboard/js-es2018/utils/roadmap-export.browser.js(402,28): error TS2339: Property 'recommendations' does not exist on type '{ [n: number]: any; length: number; toString(): string; toLocaleString(): string; toLocaleString(locales: string | string[], options?: NumberFormatOptions & DateTimeFormatOptions): string; ... 31 more ...; [Symbol.unscopables]: { ...; }; }'.
ai-platform/web/simplebeacon-dashboard/js-es2018/utils/roadmap-export.browser.js(403,14): error TS2339: Property 'recommendations' does not exist on type '{ [n: number]: any; length: number; toString(): string; toLocaleString(): string; toLocaleString(locales: string | string[], options?: NumberFormatOptions & DateTimeFormatOptions): string; ... 31 more ...; [Symbol.unscopables]: { ...; }; }'.
ai-platform/web/simplebeacon-dashboard/js-es2018/utils/roadmap-export.browser.js(403,37): error TS2339: Property 'recommendations' does not exist on type '{ [n: number]: any; length: number; toString(): string; toLocaleString(): string; toLocaleString(locales: string | string[], options?: NumberFormatOptions & DateTimeFormatOptions): string; ... 31 more ...; [Symbol.unscopables]: { ...; }; }'.
ai-platform/web/simplebeacon-dashboard/js-es2018/utils/roadmap-export.browser.js(411,10): error TS2339: Property 'llmAdvisoryOnly' does not exist on type '{ [n: number]: any; length: number; toString(): string; toLocaleString(): string; toLocaleString(locales: string | string[], options?: NumberFormatOptions & DateTimeFormatOptions): string; ... 31 more ...; [Symbol.unscopables]: { ...; }; }'.
ai-platform/web/simplebeacon-dashboard/js-es2018/utils/roadmap-export.browser.js(412,36): error TS2339: Property 'llmDisclaimer' does not exist on type '{ [n: number]: any; length: number; toString(): string; toLocaleString(): string; toLocaleString(locales: string | string[], options?: NumberFormatOptions & DateTimeFormatOptions): string; ... 31 more ...; [Symbol.unscopables]: { ...; }; }'.
ai-platform/web/simplebeacon-dashboard/js-es2018/utils/roadmap-export.browser.js(413,10): error TS2339: Property 'llmDisclaimer' does not exist on type '{ [n: number]: any; length: number; toString(): string; toLocaleString(): string; toLocaleString(locales: string | string[], options?: NumberFormatOptions & DateTimeFormatOptions): string; ... 31 more ...; [Symbol.unscopables]: { ...; }; }'.
ai-platform/web/simplebeacon-dashboard/js-es2018/utils/roadmap-export.browser.js(464,53): error TS2322: Type '{}' is not assignable to type 'string'.
ai-platform/web/simplebeacon-dashboard/js-es2018/utils/roadmap-export.browser.js(472,13): error TS2339: Property 'repositoryFilesTotal' does not exist on type 'String'.
ai-platform/web/simplebeacon-dashboard/js-es2018/utils/roadmap-export.browser.js(472,46): error TS2339: Property 'credentialScanned' does not exist on type 'String'.
ai-platform/web/simplebeacon-dashboard/js-es2018/utils/roadmap-export.browser.js(472,65): error TS2339: Property 'contentScanned' does not exist on type 'String'.
ai-platform/web/simplebeacon-dashboard/js-es2018/utils/roadmap-export.browser.js(472,81): error TS2339: Property 'gateProfile' does not exist on type 'String'.
ai-platform/web/simplebeacon-dashboard/js-es2018/utils/roadmap-export.browser.js(472,94): error TS2339: Property 'fictionJsonFilesScanned' does not exist on type 'String'.
ai-platform/web/simplebeacon-dashboard/js-es2018/utils/roadmap-export.browser.js(472,119): error TS2339: Property 'fictionSampleFilesScanned' does not exist on type 'String'.
ai-platform/web/simplebeacon-dashboard/js-es2018/utils/roadmap-export.browser.js(472,146): error TS2339: Property 'gatePass' does not exist on type 'String'.
ai-platform/web/simplebeacon-dashboard/js-es2018/utils/roadmap-export.browser.js(472,156): error TS2339: Property 'blockingCount' does not exist on type 'String'.
ai-platform/web/simplebeacon-dashboard/js-es2018/utils/roadmap-export.browser.js(472,171): error TS2339: Property 'jestBaselineChecked' does not exist on type 'String'.
ai-platform/web/simplebeacon-dashboard/js-es2018/utils/roadmap-export.browser.js(502,59): error TS2322: Type '{}' is not assignable to type 'string'.
ai-platform/web/simplebeacon-dashboard/js-es2018/utils/roadmap-export.browser.js(504,13): error TS2339: Property 'repositoryFilesTotal' does not exist on type 'String'.
ai-platform/web/simplebeacon-dashboard/js-es2018/utils/roadmap-export.browser.js(504,46): error TS2339: Property 'gateProfile' does not exist on type 'String'.
ai-platform/web/simplebeacon-dashboard/js-es2018/utils/roadmap-export.browser.js(530,100): error TS2339: Property 'features' does not exist on type 'any[]'.
ai-platform/web/simplebeacon-dashboard/js-es2018/utils/roadmap-export.browser.js(560,50): error TS2322: Type '{}' is not assignable to type 'string'.
ai-platform/web/simplebeacon-dashboard/js-es2018/utils/roadmap-export.browser.js(575,37): error TS2339: Property 'repositoryFilesTotal' does not exist on type 'string'.
ai-platform/web/simplebeacon-dashboard/js-es2018/utils/roadmap-export.browser.js(577,45): error TS2339: Property 'credentialScanned' does not exist on type 'string'.
ai-platform/web/simplebeacon-dashboard/js-es2018/utils/roadmap-export.browser.js(578,39): error TS2339: Property 'gateProfile' does not exist on type 'string'.
ai-platform/web/simplebeacon-dashboard/js-es2018/utils/roadmap-export.browser.js(579,51): error TS2339: Property 'fictionJsonFilesScanned' does not exist on type 'string'.
ai-platform/web/simplebeacon-dashboard/js-es2018/utils/roadmap-export.browser.js(580,53): error TS2339: Property 'fictionSampleFilesScanned' does not exist on type 'string'.
ai-platform/web/simplebeacon-dashboard/js-es2018/utils/roadmap-export.browser.js(581,36): error TS2339: Property 'gatePass' does not exist on type 'string'.
ai-platform/web/simplebeacon-dashboard/js-es2018/utils/roadmap-export.browser.js(582,41): error TS2339: Property 'blockingCount' does not exist on type 'string'.
ai-platform/web/simplebeacon-dashboard/js-es2018/utils/roadmap-export.browser.js(583,41): error TS2339: Property 'jestBaselineChecked' does not exist on type 'string'.
ai-platform/web/simplebeacon-dashboard/js-es2018/utils/roadmap-export.browser.js(743,96): error TS2339: Property 'totalFiles' does not exist on type 'string'.
ai-platform/web/simplebeacon-dashboard/js-es2018/utils/roadmap-export.browser.js(745,42): error TS2339: Property 'totalFiles' does not exist on type 'string'.
ai-platform/web/simplebeacon-dashboard/js-es2018/utils/roadmap-export.browser.js(746,77): error TS2339: Property 'totalFiles' does not exist on type 'string'.
ai-platform/web/simplebeacon-dashboard/js-es2018/utils/roadmap-export.browser.js(748,9): error TS2698: Spread types may only be created from object types.
ai-platform/web/simplebeacon-dashboard/js-es2018/utils/roadmap-export.browser.js(749,31): error TS2339: Property 'totalFiles' does not exist on type 'string'.
ai-platform/web/simplebeacon-dashboard/js-es2018/utils/roadmap-export.browser.js(766,33): error TS2339: Property 'languages' does not exist on type 'string'.
ai-platform/web/simplebeacon-dashboard/js-es2018/utils/roadmap-export.browser.js(766,68): error TS2339: Property 'languages' does not exist on type 'string'.
ai-platform/web/simplebeacon-dashboard/js-es2018/utils/roadmap-export.browser.js(767,21): error TS2339: Property 'languages' does not exist on type 'string'.
ai-platform/web/simplebeacon-dashboard/js-es2018/utils/roadmap-export.browser.js(768,69): error TS2339: Property 'languages' does not exist on type 'any[]'.
ai-platform/web/simplebeacon-dashboard/js-es2018/utils/roadmap-export.browser.js(771,86): error TS2339: Property 'totalLinesOfCode' does not exist on type 'any[]'.
ai-platform/web/simplebeacon-dashboard/js-es2018/utils/roadmap-export.browser.js(774,80): error TS2339: Property 'complexity' does not exist on type 'any[]'.
ai-platform/web/simplebeacon-dashboard/js-es2018/utils/roadmap-export.browser.js(776,54): error TS2339: Property 'languages' does not exist on type 'string'.
ai-platform/web/simplebeacon-dashboard/js-es2018/utils/roadmap-export.browser.js(776,210): error TS2339: Property 'documentation' does not exist on type 'any[]'.
ai-platform/web/simplebeacon-dashboard/js-es2018/utils/roadmap-export.browser.js(777,46): error TS2339: Property 'languages' does not exist on type 'string'.
ai-platform/web/simplebeacon-dashboard/js-es2018/utils/roadmap-export.browser.js(943,65): error TS2339: Property 'recommendations' does not exist on type '{ [n: number]: any; length: number; toString(): string; toLocaleString(): string; toLocaleString(locales: string | string[], options?: NumberFormatOptions & DateTimeFormatOptions): string; ... 31 more ...; [Symbol.unscopables]: { ...; }; }'.
ai-platform/web/simplebeacon-dashboard/js-es2018/utils/roadmap-export.browser.js(944,14): error TS2339: Property 'recommendations' does not exist on type '{ [n: number]: any; length: number; toString(): string; toLocaleString(): string; toLocaleString(locales: string | string[], options?: NumberFormatOptions & DateTimeFormatOptions): string; ... 31 more ...; [Symbol.unscopables]: { ...; }; }'.
ai-platform/web/simplebeacon-dashboard/js-es2018/utils/roadmap-export.browser.js(954,18): error TS2339: Property 'riskAssessment' does not exist on type '{ [n: number]: any; length: number; toString(): string; toLocaleString(): string; toLocaleString(locales: string | string[], options?: NumberFormatOptions & DateTimeFormatOptions): string; ... 31 more ...; [Symbol.unscopables]: { ...; }; }'.
ai-platform/web/simplebeacon-dashboard/js-es2018/utils/roadmap-export.browser.js(960,35): error TS2339: Property 'riskAssessment' does not exist on type '{ [n: number]: any; length: number; toString(): string; toLocaleString(): string; toLocaleString(locales: string | string[], options?: NumberFormatOptions & DateTimeFormatOptions): string; ... 31 more ...; [Symbol.unscopables]: { ...; }; }'.
ai-platform/web/simplebeacon-dashboard/js-es2018/utils/roadmap-export.browser.js(964,18): error TS2339: Property 'riskAssessment' does not exist on type '{ [n: number]: any; length: number; toString(): string; toLocaleString(): string; toLocaleString(locales: string | string[], options?: NumberFormatOptions & DateTimeFormatOptions): string; ... 31 more ...; [Symbol.unscopables]: { ...; }; }'.
ai-platform/web/simplebeacon-dashboard/js-es2018/utils/roadmap-export.browser.js(965,25): error TS2339: Property 'riskAssessment' does not exist on type '{ [n: number]: any; length: number; toString(): string; toLocaleString(): string; toLocaleString(locales: string | string[], options?: NumberFormatOptions & DateTimeFormatOptions): string; ... 31 more ...; [Symbol.unscopables]: { ...; }; }'.
ai-platform/web/simplebeacon-dashboard/js-es2018/utils/roadmap-export.browser.js(966,52): error TS2339: Property 'riskAssessment' does not exist on type '{ [n: number]: any; length: number; toString(): string; toLocaleString(): string; toLocaleString(locales: string | string[], options?: NumberFormatOptions & DateTimeFormatOptions): string; ... 31 more ...; [Symbol.unscopables]: { ...; }; }'.
ai-platform/web/simplebeacon-dashboard/js-es2018/utils/roadmap-export.browser.js(977,18): error TS2339: Property 'sourceMetrics' does not exist on type '{ [n: number]: any; length: number; toString(): string; toLocaleString(): string; toLocaleString(locales: string | string[], options?: NumberFormatOptions & DateTimeFormatOptions): string; ... 31 more ...; [Symbol.unscopables]: { ...; }; }'.
ai-platform/web/simplebeacon-dashboard/js-es2018/utils/roadmap-export.browser.js(978,18): error TS2339: Property 'sourceMetrics' does not exist on type '{ [n: number]: any; length: number; toString(): string; toLocaleString(): string; toLocaleString(locales: string | string[], options?: NumberFormatOptions & DateTimeFormatOptions): string; ... 31 more ...; [Symbol.unscopables]: { ...; }; }'.
ai-platform/web/simplebeacon-dashboard/js-es2018/utils/roadmap-export.browser.js(979,25): error TS2339: Property 'sourceMetrics' does not exist on type '{ [n: number]: any; length: number; toString(): string; toLocaleString(): string; toLocaleString(locales: string | string[], options?: NumberFormatOptions & DateTimeFormatOptions): string; ... 31 more ...; [Symbol.unscopables]: { ...; }; }'.
ai-platform/web/simplebeacon-dashboard/js-es2018/utils/roadmap-export.browser.js(984,60): error TS2339: Property 'sourceMetrics' does not exist on type '{ [n: number]: any; length: number; toString(): string; toLocaleString(): string; toLocaleString(locales: string | string[], options?: NumberFormatOptions & DateTimeFormatOptions): string; ... 31 more ...; [Symbol.unscopables]: { ...; }; }'.
ai-platform/web/simplebeacon-dashboard/js-es2018/utils/roadmap-export.browser.js(985,60): error TS2339: Property 'sourceMetrics' does not exist on type '{ [n: number]: any; length: number; toString(): string; toLocaleString(): string; toLocaleString(locales: string | string[], options?: NumberFormatOptions & DateTimeFormatOptions): string; ... 31 more ...; [Symbol.unscopables]: { ...; }; }'.
ai-platform/web/simplebeacon-dashboard/js-es2018/utils/roadmap-export.browser.js(986,59): error TS2339: Property 'sourceMetrics' does not exist on type '{ [n: number]: any; length: number; toString(): string; toLocaleString(): string; toLocaleString(locales: string | string[], options?: NumberFormatOptions & DateTimeFormatOptions): string; ... 31 more ...; [Symbol.unscopables]: { ...; }; }'.
ai-platform/web/simplebeacon-dashboard/js-es2018/utils/roadmap-export.browser.js(994,40): error TS2339: Property 'llmDisclaimer' does not exist on type '{ [n: number]: any; length: number; toString(): string; toLocaleString(): string; toLocaleString(locales: string | string[], options?: NumberFormatOptions & DateTimeFormatOptions): string; ... 31 more ...; [Symbol.unscopables]: { ...; }; }'.
ai-platform/web/simplebeacon-dashboard/js-es2018/utils/roadmap-export.browser.js(995,14): error TS2339: Property 'llmDisclaimer' does not exist on type '{ [n: number]: any; length: number; toString(): string; toLocaleString(): string; toLocaleString(locales: string | string[], options?: NumberFormatOptions & DateTimeFormatOptions): string; ... 31 more ...; [Symbol.unscopables]: { ...; }; }'.
ai-platform/web/simplebeacon-dashboard/js-es2018/utils/roadmap-export.browser.js(1018,98): error TS2339: Property 'codeFiles' does not exist on type 'any[]'.
ai-platform/web/simplebeacon-dashboard/js-es2018/utils/roadmap-export.browser.js(1018,148): error TS2339: Property 'codeFiles' does not exist on type 'any[]'.
ai-platform/web/simplebeacon-dashboard/js-es2018/utils/roadmap-export.browser.js(1019,48): error TS2339: Property 'categories' does not exist on type 'any[]'.
ai-platform/web/simplebeacon-dashboard/js-es2018/utils/roadmap-export.browser.js(1022,25): error TS2339: Property 'metrics' does not exist on type 'any[]'.
ai-platform/web/simplebeacon-dashboard/js-es2018/utils/roadmap-export.browser.js(1023,95): error TS2339: Property 'codeFiles' does not exist on type 'any[]'.
ai-platform/web/simplebeacon-dashboard/js-es2018/utils/roadmap-export.browser.js(1024,40): error TS2339: Property 'testFiles' does not exist on type 'any[]'.
ai-platform/web/simplebeacon-dashboard/js-es2018/utils/roadmap-export.browser.js(1059,9): error TS2698: Spread types may only be created from object types.
ai-platform/web/simplebeacon-dashboard/js-es2018/utils/roadmap-export.browser.js(1060,34): error TS2339: Property 'totalFiles' does not exist on type 'string'.
ai-platform/web/simplebeacon-dashboard/js-es2018/utils/roadmap-export.browser.js(1076,28): error TS2339: Property 'features' does not exist on type '{ [n: number]: any; length: number; toString(): string; toLocaleString(): string; toLocaleString(locales: string | string[], options?: NumberFormatOptions & DateTimeFormatOptions): string; ... 31 more ...; [Symbol.unscopables]: { ...; }; }'.
ai-platform/web/simplebeacon-dashboard/js-es2018/utils/roadmap-export.browser.js(1078,18): error TS2339: Property 'features' does not exist on type '{ [n: number]: any; length: number; toString(): string; toLocaleString(): string; toLocaleString(locales: string | string[], options?: NumberFormatOptions & DateTimeFormatOptions): string; ... 31 more ...; [Symbol.unscopables]: { ...; }; }'.
ai-platform/web/simplebeacon-dashboard/js-es2018/utils/roadmap-export.browser.js(1079,18): error TS2339: Property 'featuresNote' does not exist on type '{ [n: number]: any; length: number; toString(): string; toLocaleString(): string; toLocaleString(locales: string | string[], options?: NumberFormatOptions & DateTimeFormatOptions): string; ... 31 more ...; [Symbol.unscopables]: { ...; }; }'.
ai-platform/web/simplebeacon-dashboard/js-es2018/utils/roadmap-export.browser.js(1082,18): error TS2339: Property 'features' does not exist on type '{ [n: number]: any; length: number; toString(): string; toLocaleString(): string; toLocaleString(locales: string | string[], options?: NumberFormatOptions & DateTimeFormatOptions): string; ... 31 more ...; [Symbol.unscopables]: { ...; }; }'.
ai-platform/web/simplebeacon-dashboard/js-es2018/utils/roadmap-export.browser.js(1082,34): error TS2339: Property 'features' does not exist on type '{ [n: number]: any; length: number; toString(): string; toLocaleString(): string; toLocaleString(locales: string | string[], options?: NumberFormatOptions & DateTimeFormatOptions): string; ... 31 more ...; [Symbol.unscopables]: { ...; }; }'.
ai-platform/web/simplebeacon-dashboard/js-es2018/utils/roadmap-export.browser.js(1088,23): error TS2339: Property 'features' does not exist on type '{ [n: number]: any; length: number; toString(): string; toLocaleString(): string; toLocaleString(locales: string | string[], options?: NumberFormatOptions & DateTimeFormatOptions): string; ... 31 more ...; [Symbol.unscopables]: { ...; }; }'.
ai-platform/web/simplebeacon-dashboard/js-es2018/utils/roadmap-export.browser.js(1089,22): error TS2339: Property 'featuresNote' does not exist on type '{ [n: number]: any; length: number; toString(): string; toLocaleString(): string; toLocaleString(locales: string | string[], options?: NumberFormatOptions & DateTimeFormatOptions): string; ... 31 more ...; [Symbol.unscopables]: { ...; }; }'.
ai-platform/web/simplebeacon-dashboard/js-es2018/utils/roadmap-export.browser.js(1093,36): error TS2339: Property 'phase2' does not exist on type '{ [n: number]: any; length: number; toString(): string; toLocaleString(): string; toLocaleString(locales: string | string[], options?: NumberFormatOptions & DateTimeFormatOptions): string; ... 31 more ...; [Symbol.unscopables]: { ...; }; }'.
ai-platform/web/simplebeacon-dashboard/js-es2018/utils/roadmap-export.browser.js(1095,14): error TS2339: Property 'phase2' does not exist on type '{ [n: number]: any; length: number; toString(): string; toLocaleString(): string; toLocaleString(locales: string | string[], options?: NumberFormatOptions & DateTimeFormatOptions): string; ... 31 more ...; [Symbol.unscopables]: { ...; }; }'.
ai-platform/web/simplebeacon-dashboard/js-es2018/utils/roadmap-export.browser.js(1096,21): error TS2339: Property 'phase2' does not exist on type '{ [n: number]: any; length: number; toString(): string; toLocaleString(): string; toLocaleString(locales: string | string[], options?: NumberFormatOptions & DateTimeFormatOptions): string; ... 31 more ...; [Symbol.unscopables]: { ...; }; }'.
ai-platform/web/simplebeacon-dashboard/js-es2018/utils/roadmap-export.browser.js(1098,25): error TS2339: Property 'phase2' does not exist on type '{ [n: number]: any; length: number; toString(): string; toLocaleString(): string; toLocaleString(locales: string | string[], options?: NumberFormatOptions & DateTimeFormatOptions): string; ... 31 more ...; [Symbol.unscopables]: { ...; }; }'.
ai-platform/web/simplebeacon-dashboard/js-es2018/utils/roadmap-export.browser.js(1145,104): error TS2339: Property 'codeFiles' does not exist on type 'any[]'.
ai-platform/web/simplebeacon-dashboard/js-es2018/utils/security-export.browser.js(91,33): error TS2367: This comparison appears to be unintentional because the types 'boolean' and 'string' have no overlap.
ai-platform/web/simplebeacon-dashboard/js-es2018/utils/security-export.browser.js(154,93): error TS2339: Property 'gate' does not exist on type 'number'.
ai-platform/web/simplebeacon-dashboard/js-es2018/utils/security-export.browser.js(200,85): error TS2339: Property 'productionLeakSuppressedIntent' does not exist on type 'number'.
ai-platform/web/simplebeacon-dashboard/js-es2018/utils/security-export.browser.js(204,96): error TS2339: Property 'gate' does not exist on type 'number'.
ai-platform/web/simplebeacon-dashboard/js-es2018/utils/security-export.browser.js(220,87): error TS2339: Property 'gate' does not exist on type 'number'.
ai-platform/web/simplebeacon-dashboard/js-es2018/utils/security-export.browser.js(235,90): error TS2339: Property 'generatedAt' does not exist on type 'number'.
ai-platform/web/simplebeacon-dashboard/js-es2018/utils/security-export.browser.js(239,85): error TS2339: Property 'generatedAt' does not exist on type 'number'.
ai-platform/web/simplebeacon-dashboard/js-es2018/utils/security-export.browser.js(305,93): error TS2339: Property 'credentialFindings' does not exist on type 'number'.
ai-platform/web/simplebeacon-dashboard/js-es2018/utils/security-export.browser.js(306,97): error TS2339: Property 'productionLeakFindings' does not exist on type 'number'.
ai-platform/web/simplebeacon-dashboard/js-es2018/utils/security-export.browser.js(308,89): error TS2339: Property 'credentialScanned' does not exist on type 'number'.
ai-platform/web/simplebeacon-dashboard/js-es2018/utils/security-export.browser.js(310,93): error TS2339: Property 'productionLeakScanned' does not exist on type 'number'.
ai-platform/web/simplebeacon-dashboard/js-es2018/utils/security-export.browser.js(312,102): error TS2339: Property 'productionLeakSuppressedIntent' does not exist on type 'number'.
ai-platform/web/simplebeacon-dashboard/js-es2018/utils/security-export.browser.js(315,92): error TS2339: Property 'gate' does not exist on type 'number'.
ai-platform/web/simplebeacon-dashboard/js-es2018/utils/security-export.browser.js(316,95): error TS2339: Property 'gate' does not exist on type 'number'.
ai-platform/web/simplebeacon-dashboard/js-es2018/utils/security-export.browser.js(317,83): error TS2339: Property 'generatedAt' does not exist on type 'number'.
ai-platform/web/simplebeacon-dashboard/js-es2018/utils/security-export.browser.js(335,54): error TS2339: Property 'projectRoot' does not exist on type 'number'.
ai-platform/web/simplebeacon-dashboard/js-es2018/utils/security-export.browser.js(339,50): error TS2339: Property 'scanPaths' does not exist on type 'number'.
ai-platform/web/simplebeacon-dashboard/js-es2018/utils/security-export.browser.js(339,68): error TS2339: Property 'projectRoot' does not exist on type 'number'.
ai-platform/web/simplebeacon-dashboard/js-es2018/utils/security-export.browser.js(353,39): error TS2339: Property 'generatedAt' does not exist on type 'number'.
ai-platform/web/simplebeacon-dashboard/js-es2018/utils/security-export.browser.js(354,60): error TS2339: Property 'projectRoot' does not exist on type 'number'.
ai-platform/web/simplebeacon-dashboard/js-es2018/utils/security-export.browser.js(356,32): error TS2339: Property 'gate' does not exist on type 'number'.
ai-platform/web/simplebeacon-dashboard/js-es2018/utils/security-export.browser.js(357,45): error TS2339: Property 'credentialScanned' does not exist on type 'number'.
ai-platform/web/simplebeacon-dashboard/js-es2018/utils/security-export.browser.js(358,49): error TS2339: Property 'productionLeakScanned' does not exist on type 'number'.
ai-platform/web/simplebeacon-dashboard/js-es2018/utils/security-export.browser.js(359,58): error TS2339: Property 'productionLeakSuppressedIntent' does not exist on type 'number'.
ai-platform/web/simplebeacon-dashboard/js-es2018/utils/security-export.browser.js(360,66): error TS2339: Property 'scanScope' does not exist on type 'number'.
ai-platform/web/simplebeacon-dashboard/js-es2018/utils/security-export.browser.js(397,38): error TS2339: Property 'generatedAt' does not exist on type 'number'.
ai-platform/web/simplebeacon-dashboard/js-es2018/utils/security-export.browser.js(397,60): error TS2339: Property 'gate' does not exist on type 'number'.
ai-platform/web/simplebeacon-dashboard/js-es2018/utils/security-export.browser.js(397,83): error TS2339: Property 'credentialScanned' does not exist on type 'number'.
ai-platform/web/simplebeacon-dashboard/js-es2018/utils/simplebeacon-report-export.browser.js(7,47): error TS2307: Cannot find module './quality-export.browser.js?v=20260531qualityexport8' or its corresponding type declarations.
ai-platform/web/simplebeacon-dashboard/js-es2018/utils/simplebeacon-report-export.browser.js(61,13): error TS2339: Property 'rawIssues' does not exist on type 'null'.
ai-platform/web/simplebeacon-dashboard/js-es2018/utils/simplebeacon-report-export.browser.js(61,36): error TS2339: Property 'sampleFiles' does not exist on type 'null'.
ai-platform/web/simplebeacon-dashboard/js-es2018/utils/simplebeacon-report-export.browser.js(61,63): error TS2339: Property 'benchmarkCloneNoiseIssues' does not exist on type 'null'.
ai-platform/web/simplebeacon-dashboard/js-es2018/utils/simplebeacon-report-export.browser.js(61,121): error TS2700: Rest types may only be created from object types.
ai-platform/web/simplebeacon-dashboard/js-es2018/utils/simplebeacon-report-export.browser.js(83,16): error TS2339: Property 'benchmarkScan' does not exist on type 'number'.
ai-platform/web/simplebeacon-dashboard/js-es2018/utils/simplebeacon-report-export.browser.js(83,40): error TS2339: Property 'projectRoot' does not exist on type 'number'.
ai-platform/web/simplebeacon-dashboard/js-es2018/utils/simplebeacon-report-export.browser.js(83,82): error TS2339: Property 'projectRoot' does not exist on type 'number'.
ai-platform/web/simplebeacon-dashboard/js-es2018/utils/simplebeacon-report-export.browser.js(84,30): error TS2339: Property 'projectRoot' does not exist on type 'number'.
ai-platform/web/simplebeacon-dashboard/js-es2018/utils/simplebeacon-report-export.browser.js(89,19): error TS2339: Property 'scanTargetRoot' does not exist on type 'number'.
ai-platform/web/simplebeacon-dashboard/js-es2018/utils/simplebeacon-report-export.browser.js(90,19): error TS2339: Property 'projectRoot' does not exist on type 'number'.
ai-platform/web/simplebeacon-dashboard/js-es2018/utils/simplebeacon-report-export.browser.js(91,19): error TS2339: Property 'platformRoot' does not exist on type 'number'.
ai-platform/web/simplebeacon-dashboard/js-es2018/utils/simplebeacon-report-export.browser.js(95,16): error TS2339: Property 'benchmarkScan' does not exist on type 'number'.
ai-platform/web/simplebeacon-dashboard/js-es2018/utils/simplebeacon-report-export.browser.js(115,61): error TS2339: Property 'scanTargetRoot' does not exist on type 'number'.
ai-platform/web/simplebeacon-dashboard/js-es2018/utils/simplebeacon-report-export.browser.js(115,86): error TS2339: Property 'projectRoot' does not exist on type 'number'.
ai-platform/web/simplebeacon-dashboard/js-es2018/utils/simplebeacon-report-export.browser.js(115,108): error TS2339: Property 'platformRoot' does not exist on type 'number'.
ai-platform/web/simplebeacon-dashboard/js-es2018/utils/simplebeacon-report-export.browser.js(232,104): error TS2339: Property 'llmSlopFilesScanned' does not exist on type 'number'.
ai-platform/web/simplebeacon-dashboard/js-es2018/utils/simplebeacon-report-export.browser.js(233,92): error TS2339: Property 'llmSlopScanRaw' does not exist on type 'number'.
ai-platform/web/simplebeacon-dashboard/js-es2018/utils/simplebeacon-report-export.browser.js(234,103): error TS2339: Property 'llmSlopScanReconciled' does not exist on type 'number'.
ai-platform/web/simplebeacon-dashboard/js-es2018/utils/simplebeacon-report-export.browser.js(250,32): error TS2339: Property 'jestSummary' does not exist on type 'number'.
ai-platform/web/simplebeacon-dashboard/js-es2018/utils/simplebeacon-report-export.browser.js(251,33): error TS2339: Property 'jestBaselineChecked' does not exist on type 'number'.
ai-platform/web/simplebeacon-dashboard/js-es2018/utils/simplebeacon-report-export.browser.js(252,26): error TS2339: Property 'scanScope' does not exist on type 'number'.
ai-platform/web/simplebeacon-dashboard/js-es2018/utils/simplebeacon-report-export.browser.js(256,53): error TS2339: Property 'repositoryFilesTotal' does not exist on type 'number'.
ai-platform/web/simplebeacon-dashboard/js-es2018/utils/simplebeacon-report-export.browser.js(256,121): error TS2339: Property 'repositoryInventory' does not exist on type 'number'.
ai-platform/web/simplebeacon-dashboard/js-es2018/utils/simplebeacon-report-export.browser.js(258,65): error TS2339: Property 'scanScope' does not exist on type 'number'.
ai-platform/web/simplebeacon-dashboard/js-es2018/utils/simplebeacon-report-export.browser.js(258,244): error TS2339: Property 'scanScope' does not exist on type 'number'.
ai-platform/web/simplebeacon-dashboard/js-es2018/utils/simplebeacon-report-export.browser.js(258,416): error TS2339: Property 'credentialScanned' does not exist on type 'number'.
ai-platform/web/simplebeacon-dashboard/js-es2018/utils/simplebeacon-report-export.browser.js(260,38): error TS2339: Property 'gate' does not exist on type 'number'.
ai-platform/web/simplebeacon-dashboard/js-es2018/utils/simplebeacon-report-export.browser.js(261,43): error TS2339: Property 'gate' does not exist on type 'number'.
ai-platform/web/simplebeacon-dashboard/js-es2018/utils/simplebeacon-report-export.browser.js(262,39): error TS2339: Property 'mockSampleFiles' does not exist on type 'number'.
ai-platform/web/simplebeacon-dashboard/js-es2018/utils/simplebeacon-report-export.browser.js(263,53): error TS2339: Property 'fictionJsonFilesScanned' does not exist on type 'number'.
ai-platform/web/simplebeacon-dashboard/js-es2018/utils/simplebeacon-report-export.browser.js(263,124): error TS2339: Property 'scanScope' does not exist on type 'number'.
ai-platform/web/simplebeacon-dashboard/js-es2018/utils/simplebeacon-report-export.browser.js(264,55): error TS2339: Property 'fictionSampleFilesScanned' does not exist on type 'number'.
ai-platform/web/simplebeacon-dashboard/js-es2018/utils/simplebeacon-report-export.browser.js(264,128): error TS2339: Property 'scanScope' does not exist on type 'number'.
ai-platform/web/simplebeacon-dashboard/js-es2018/utils/simplebeacon-report-export.browser.js(265,53): error TS2339: Property 'ruleScopedFilesAnalyzed' does not exist on type 'number'.
ai-platform/web/simplebeacon-dashboard/js-es2018/utils/simplebeacon-report-export.browser.js(265,124): error TS2339: Property 'scanScope' does not exist on type 'number'.
ai-platform/web/simplebeacon-dashboard/js-es2018/utils/simplebeacon-report-export.browser.js(268,47): error TS2339: Property 'credentialScanned' does not exist on type 'number'.
ai-platform/web/simplebeacon-dashboard/js-es2018/utils/simplebeacon-report-export.browser.js(268,106): error TS2339: Property 'productionLeakScanned' does not exist on type 'number'.
ai-platform/web/simplebeacon-dashboard/js-es2018/utils/simplebeacon-report-export.browser.js(273,48): error TS2339: Property 'llmSlopPatternHits' does not exist on type 'number'.
ai-platform/web/simplebeacon-dashboard/js-es2018/utils/simplebeacon-report-export.browser.js(273,114): error TS2339: Property 'scanScope' does not exist on type 'number'.
ai-platform/web/simplebeacon-dashboard/js-es2018/utils/simplebeacon-report-export.browser.js(274,36): error TS2339: Property 'qualityScore' does not exist on type 'number'.
ai-platform/web/simplebeacon-dashboard/js-es2018/utils/simplebeacon-report-export.browser.js(275,28): error TS2339: Property 'scanScope' does not exist on type 'number'.
ai-platform/web/simplebeacon-dashboard/js-es2018/utils/simplebeacon-report-export.browser.js(275,124): error TS2339: Property 'scanScope' does not exist on type 'number'.
ai-platform/web/simplebeacon-dashboard/js-es2018/utils/simplebeacon-report-export.browser.js(276,41): error TS2339: Property 'gate' does not exist on type 'number'.
ai-platform/web/simplebeacon-dashboard/js-es2018/utils/simplebeacon-report-export.browser.js(277,51): error TS2339: Property 'gate' does not exist on type 'number'.
ai-platform/web/simplebeacon-dashboard/js-es2018/utils/simplebeacon-report-export.browser.js(280,59): error TS2339: Property 'jestBaselinePassed' does not exist on type 'number'.
ai-platform/web/simplebeacon-dashboard/js-es2018/utils/simplebeacon-report-export.browser.js(293,38): error TS2339: Property 'mockSampleFiles' does not exist on type 'number'.
ai-platform/web/simplebeacon-dashboard/js-es2018/utils/simplebeacon-report-export.browser.js(293,95): error TS2339: Property 'totalFiles' does not exist on type 'number'.
ai-platform/web/simplebeacon-dashboard/js-es2018/utils/simplebeacon-report-export.browser.js(294,42): error TS2339: Property 'repositoryFilesTotal' does not exist on type 'number'.
ai-platform/web/simplebeacon-dashboard/js-es2018/utils/simplebeacon-report-export.browser.js(294,110): error TS2339: Property 'repositoryInventory' does not exist on type 'number'.
ai-platform/web/simplebeacon-dashboard/js-es2018/utils/simplebeacon-report-export.browser.js(295,17): error TS2339: Property 'totalSizeLabel' does not exist on type 'number'.
ai-platform/web/simplebeacon-dashboard/js-es2018/utils/simplebeacon-report-export.browser.js(309,27): error TS2339: Property 'llmSlopScanRaw' does not exist on type 'number'.
ai-platform/web/simplebeacon-dashboard/js-es2018/utils/simplebeacon-report-export.browser.js(310,40): error TS2339: Property 'llmSlopFilesScanned' does not exist on type 'number'.
ai-platform/web/simplebeacon-dashboard/js-es2018/utils/simplebeacon-report-export.browser.js(310,107): error TS2339: Property 'scanScope' does not exist on type 'number'.
ai-platform/web/simplebeacon-dashboard/js-es2018/utils/simplebeacon-report-export.browser.js(311,37): error TS2339: Property 'llmSlopScanReconciled' does not exist on type 'number'.
ai-platform/web/simplebeacon-dashboard/js-es2018/utils/simplebeacon-report-export.browser.js(311,106): error TS2339: Property 'scanScope' does not exist on type 'number'.
ai-platform/web/simplebeacon-dashboard/js-es2018/utils/simplebeacon-report-export.browser.js(313,38): error TS2339: Property 'gate' does not exist on type 'number'.
ai-platform/web/simplebeacon-dashboard/js-es2018/utils/simplebeacon-report-export.browser.js(314,43): error TS2339: Property 'gate' does not exist on type 'number'.
ai-platform/web/simplebeacon-dashboard/js-es2018/utils/simplebeacon-report-export.browser.js(315,46): error TS2339: Property 'productionLeakFindings' does not exist on type 'number'.
ai-platform/web/simplebeacon-dashboard/js-es2018/utils/simplebeacon-report-export.browser.js(316,45): error TS2339: Property 'mockSampleFiles' does not exist on type 'number'.
ai-platform/web/simplebeacon-dashboard/js-es2018/utils/simplebeacon-report-export.browser.js(316,102): error TS2339: Property 'totalFiles' does not exist on type 'number'.
ai-platform/web/simplebeacon-dashboard/js-es2018/utils/simplebeacon-report-export.browser.js(317,53): error TS2339: Property 'ruleScopedFilesAnalyzed' does not exist on type 'number'.
ai-platform/web/simplebeacon-dashboard/js-es2018/utils/simplebeacon-report-export.browser.js(317,124): error TS2339: Property 'scanScope' does not exist on type 'number'.
ai-platform/web/simplebeacon-dashboard/js-es2018/utils/simplebeacon-report-export.browser.js(318,50): error TS2339: Property 'repositoryFilesTotal' does not exist on type 'number'.
ai-platform/web/simplebeacon-dashboard/js-es2018/utils/simplebeacon-report-export.browser.js(318,118): error TS2339: Property 'repositoryInventory' does not exist on type 'number'.
ai-platform/web/simplebeacon-dashboard/js-es2018/utils/simplebeacon-report-export.browser.js(319,53): error TS2339: Property 'fictionJsonFilesScanned' does not exist on type 'number'.
ai-platform/web/simplebeacon-dashboard/js-es2018/utils/simplebeacon-report-export.browser.js(319,124): error TS2339: Property 'scanScope' does not exist on type 'number'.
ai-platform/web/simplebeacon-dashboard/js-es2018/utils/simplebeacon-report-export.browser.js(324,36): error TS2339: Property 'qualityScore' does not exist on type 'number'.
ai-platform/web/simplebeacon-dashboard/js-es2018/utils/simplebeacon-report-export.browser.js(325,57): error TS2339: Property 'scanScope' does not exist on type 'number'.
ai-platform/web/simplebeacon-dashboard/js-es2018/utils/simplebeacon-report-export.browser.js(336,71): error TS2322: Type '{}' is not assignable to type 'string'.
ai-platform/web/simplebeacon-dashboard/js-es2018/utils/simplebeacon-report-export.browser.js(373,9): error TS2365: Operator '>' cannot be applied to types 'number | any[]' and 'number'.
ai-platform/web/simplebeacon-dashboard/js-es2018/utils/simplebeacon-report-export.browser.js(384,42): error TS2339: Property 'repositoryFilesTotal' does not exist on type 'number'.
ai-platform/web/simplebeacon-dashboard/js-es2018/utils/simplebeacon-report-export.browser.js(384,110): error TS2339: Property 'repositoryInventory' does not exist on type 'number'.
ai-platform/web/simplebeacon-dashboard/js-es2018/utils/simplebeacon-report-export.browser.js(385,43): error TS2339: Property 'ruleScopedFilesAnalyzed' does not exist on type 'number'.
ai-platform/web/simplebeacon-dashboard/js-es2018/utils/simplebeacon-report-export.browser.js(385,114): error TS2339: Property 'scanScope' does not exist on type 'number'.
ai-platform/web/simplebeacon-dashboard/js-es2018/utils/simplebeacon-report-export.browser.js(387,39): error TS2339: Property 'llmSlopFilesScanned' does not exist on type 'number'.
ai-platform/web/simplebeacon-dashboard/js-es2018/utils/simplebeacon-report-export.browser.js(387,106): error TS2339: Property 'scanScope' does not exist on type 'number'.
ai-platform/web/simplebeacon-dashboard/js-es2018/utils/simplebeacon-report-export.browser.js(391,20): error TS2339: Property 'scanScope' does not exist on type 'number'.
ai-platform/web/simplebeacon-dashboard/js-es2018/utils/simplebeacon-report-export.browser.js(397,9): error TS2698: Spread types may only be created from object types.
ai-platform/web/simplebeacon-dashboard/js-es2018/utils/simplebeacon-report-export.browser.js(413,16): error TS2339: Property 'benchmarkScan' does not exist on type 'number'.
ai-platform/web/simplebeacon-dashboard/js-es2018/utils/simplebeacon-report-export.browser.js(414,31): error TS2339: Property 'benchmarkScan' does not exist on type 'number'.
ai-platform/web/simplebeacon-dashboard/js-es2018/utils/simplebeacon-report-export.browser.js(415,16): error TS2339: Property 'scanTargetProfile' does not exist on type 'number'.
ai-platform/web/simplebeacon-dashboard/js-es2018/utils/simplebeacon-report-export.browser.js(471,25): error TS2339: Property 'gate' does not exist on type 'number'.
ai-platform/web/simplebeacon-dashboard/js-es2018/utils/simplebeacon-report-export.browser.js(474,94): error TS2339: Property 'issueCount' does not exist on type 'number'.
ai-platform/web/simplebeacon-dashboard/js-es2018/utils/simplebeacon-report-export.browser.js(477,43): error TS2339: Property 'ruleScopedFilesAnalyzed' does not exist on type 'number'.
ai-platform/web/simplebeacon-dashboard/js-es2018/utils/simplebeacon-report-export.browser.js(477,114): error TS2339: Property 'scanScope' does not exist on type 'number'.
ai-platform/web/simplebeacon-dashboard/js-es2018/utils/simplebeacon-report-export.browser.js(507,26): error TS2339: Property 'scanScope' does not exist on type 'number'.
ai-platform/web/simplebeacon-dashboard/js-es2018/utils/simplebeacon-report-export.browser.js(508,52): error TS2339: Property 'fictionSampleFilesScanned' does not exist on type 'number'.
ai-platform/web/simplebeacon-dashboard/js-es2018/utils/simplebeacon-report-export.browser.js(509,43): error TS2339: Property 'fictionJsonFilesScanned' does not exist on type 'number'.
ai-platform/web/simplebeacon-dashboard/js-es2018/utils/simplebeacon-report-export.browser.js(510,42): error TS2339: Property 'fullDirectoryScan' does not exist on type 'number'.
ai-platform/web/simplebeacon-dashboard/js-es2018/utils/simplebeacon-report-export.browser.js(518,58): error TS2339: Property 'jestBaselineChecked' does not exist on type 'number'.
ai-platform/web/simplebeacon-dashboard/js-es2018/utils/simplebeacon-report-export.browser.js(521,21): error TS2339: Property 'jestBaselinePassed' does not exist on type 'number'.
ai-platform/web/simplebeacon-dashboard/js-es2018/utils/simplebeacon-report-export.browser.js(521,67): error TS2339: Property 'jestSummary' does not exist on type 'number'.
ai-platform/web/simplebeacon-dashboard/js-es2018/utils/simplebeacon-report-export.browser.js(522,44): error TS2339: Property 'jestSummary' does not exist on type 'number'.
ai-platform/web/simplebeacon-dashboard/js-es2018/utils/simplebeacon-report-export.browser.js(522,91): error TS2339: Property 'jestSummary' does not exist on type 'number'.
ai-platform/web/simplebeacon-dashboard/js-es2018/utils/simplebeacon-report-export.browser.js(522,125): error TS2339: Property 'jestSummary' does not exist on type 'number'.
ai-platform/web/simplebeacon-dashboard/js-es2018/utils/simplebeacon-report-export.browser.js(524,38): error TS2339: Property 'mockSampleFiles' does not exist on type 'number'.
ai-platform/web/simplebeacon-dashboard/js-es2018/utils/simplebeacon-report-export.browser.js(524,95): error TS2339: Property 'totalFiles' does not exist on type 'number'.
ai-platform/web/simplebeacon-dashboard/js-es2018/utils/simplebeacon-report-export.browser.js(525,47): error TS2339: Property 'fictionSampleFilesScanned' does not exist on type 'number'.
ai-platform/web/simplebeacon-dashboard/js-es2018/utils/simplebeacon-report-export.browser.js(530,36): error TS2339: Property 'repositoryFilesTotal' does not exist on type 'number'.
ai-platform/web/simplebeacon-dashboard/js-es2018/utils/simplebeacon-report-export.browser.js(530,104): error TS2339: Property 'repositoryInventory' does not exist on type 'number'.
ai-platform/web/simplebeacon-dashboard/js-es2018/utils/simplebeacon-report-export.browser.js(531,37): error TS2339: Property 'ruleScopedFilesAnalyzed' does not exist on type 'number'.
ai-platform/web/simplebeacon-dashboard/js-es2018/utils/simplebeacon-report-export.browser.js(532,37): error TS2339: Property 'fullDirectoryScan' does not exist on type 'number'.
ai-platform/web/simplebeacon-dashboard/js-es2018/utils/simplebeacon-report-export.browser.js(542,44): error TS2339: Property 'repositoryInventory' does not exist on type 'number'.
ai-platform/web/simplebeacon-dashboard/js-es2018/utils/simplebeacon-report-export.browser.js(546,16): error TS2339: Property 'filesAnalyzed' does not exist on type 'number'.
ai-platform/web/simplebeacon-dashboard/js-es2018/utils/simplebeacon-report-export.browser.js(546,69): error TS2339: Property 'filesAnalyzed' does not exist on type 'number'.
ai-platform/web/simplebeacon-dashboard/js-es2018/utils/simplebeacon-report-export.browser.js(550,23): error TS2339: Property 'gate' does not exist on type 'number'.
ai-platform/web/simplebeacon-dashboard/js-es2018/utils/simplebeacon-report-export.browser.js(550,92): error TS2339: Property 'issueCount' does not exist on type 'number'.
ai-platform/web/simplebeacon-dashboard/js-es2018/utils/simplebeacon-report-export.browser.js(553,23): error TS2339: Property 'gate' does not exist on type 'number'.
ai-platform/web/simplebeacon-dashboard/js-es2018/utils/simplebeacon-report-export.browser.js(554,51): error TS2339: Property 'gate' does not exist on type 'number'.
ai-platform/web/simplebeacon-dashboard/js-es2018/utils/simplebeacon-report-export.browser.js(554,152): error TS2339: Property 'issueCount' does not exist on type 'number'.
ai-platform/web/simplebeacon-dashboard/js-es2018/utils/simplebeacon-report-export.browser.js(557,28): error TS2339: Property 'euAiActSummary' does not exist on type 'number'.
ai-platform/web/simplebeacon-dashboard/js-es2018/utils/simplebeacon-report-export.browser.js(558,61): error TS2339: Property 'euAiActSummary' does not exist on type 'number'.
ai-platform/web/simplebeacon-dashboard/js-es2018/utils/simplebeacon-report-export.browser.js(566,300): error TS2339: Property 'credentialScanned' does not exist on type 'number'.
ai-platform/web/simplebeacon-dashboard/js-es2018/utils/simplebeacon-report-export.browser.js(567,50): error TS2339: Property 'credentialScanned' does not exist on type 'number'.
ai-platform/web/simplebeacon-dashboard/js-es2018/utils/simplebeacon-report-export.browser.js(577,38): error TS2339: Property 'fictionJsonFilesScanned' does not exist on type 'number'.
ai-platform/web/simplebeacon-dashboard/js-es2018/utils/simplebeacon-report-export.browser.js(582,40): error TS2339: Property 'llmSlopPatternHits' does not exist on type 'number'.
ai-platform/web/simplebeacon-dashboard/js-es2018/utils/simplebeacon-report-export.browser.js(584,46): error TS2339: Property 'gate' does not exist on type 'number'.
ai-platform/web/simplebeacon-dashboard/js-es2018/utils/simplebeacon-report-export.browser.js(587,44): error TS2339: Property 'productionLeakFindings' does not exist on type 'number'.
ai-platform/web/simplebeacon-dashboard/js-es2018/utils/simplebeacon-report-export.browser.js(588,103): error TS2339: Property 'productionLeakSuppressedIntent' does not exist on type 'number'.
ai-platform/web/simplebeacon-dashboard/js-es2018/utils/simplebeacon-report-export.browser.js(591,29): error TS2339: Property 'euAiActSummary' does not exist on type 'number'.
ai-platform/web/simplebeacon-dashboard/js-es2018/utils/simplebeacon-report-export.browser.js(602,48): error TS2322: Type '{}' is not assignable to type 'string'.
ai-platform/web/simplebeacon-dashboard/js-es2018/utils/simplebeacon-report-export.browser.js(605,47): error TS2339: Property 'scanScope' does not exist on type 'number'.
ai-platform/web/simplebeacon-dashboard/js-es2018/utils/simplebeacon-report-export.browser.js(605,173): error TS2339: Property 'benchmarkCloneNoiseIssues' does not exist on type 'number'.
ai-platform/web/simplebeacon-dashboard/js-es2018/utils/simplebeacon-report-export.browser.js(609,17): error TS2339: Property 'productMockPathsOmitted' does not exist on type 'string'.
ai-platform/web/simplebeacon-dashboard/js-es2018/utils/simplebeacon-report-export.browser.js(612,39): error TS2339: Property 'llmSlopScanRaw' does not exist on type 'number'.
ai-platform/web/simplebeacon-dashboard/js-es2018/utils/simplebeacon-report-export.browser.js(612,101): error TS2339: Property 'hygieneSummary' does not exist on type 'number'.
ai-platform/web/simplebeacon-dashboard/js-es2018/utils/simplebeacon-report-export.browser.js(612,230): error TS2339: Property 'scanScope' does not exist on type 'number'.
ai-platform/web/simplebeacon-dashboard/js-es2018/utils/simplebeacon-report-export.browser.js(613,37): error TS2339: Property 'llmSlopFilesScanned' does not exist on type 'number'.
ai-platform/web/simplebeacon-dashboard/js-es2018/utils/simplebeacon-report-export.browser.js(613,104): error TS2339: Property 'scanScope' does not exist on type 'number'.
ai-platform/web/simplebeacon-dashboard/js-es2018/utils/simplebeacon-report-export.browser.js(614,43): error TS2339: Property 'llmSlopScanReconciled' does not exist on type 'number'.
ai-platform/web/simplebeacon-dashboard/js-es2018/utils/simplebeacon-report-export.browser.js(614,112): error TS2339: Property 'scanScope' does not exist on type 'number'.
ai-platform/web/simplebeacon-dashboard/js-es2018/utils/simplebeacon-report-export.browser.js(614,234): error TS2339: Property 'hygieneSummary' does not exist on type 'number'.
ai-platform/web/simplebeacon-dashboard/js-es2018/utils/simplebeacon-report-export.browser.js(618,22): error TS2339: Property 'gate' does not exist on type 'number'.
ai-platform/web/simplebeacon-dashboard/js-es2018/utils/simplebeacon-report-export.browser.js(650,55): error TS2322: Type '{}' is not assignable to type 'string'.
ai-platform/web/simplebeacon-dashboard/js-es2018/utils/simplebeacon-report-export.browser.js(653,65): error TS2339: Property 'exportNotes' does not exist on type 'number'.
ai-platform/web/simplebeacon-dashboard/js-es2018/utils/simplebeacon-report-export.browser.js(679,17): error TS2339: Property 'productMockPathsOmitted' does not exist on type 'string'.
ai-platform/web/simplebeacon-dashboard/js-es2018/utils/simplebeacon-report-export.browser.js(700,27): error TS2339: Property 'benchmarkScan' does not exist on type 'number'.
ai-platform/web/simplebeacon-dashboard/js-es2018/utils/simplebeacon-report-export.browser.js(702,37): error TS2339: Property 'fullDirectoryScan' does not exist on type 'number'.
ai-platform/web/simplebeacon-dashboard/js-es2018/utils/simplebeacon-report-export.browser.js(702,72): error TS2339: Property 'scanScope' does not exist on type 'number'.
ai-platform/web/simplebeacon-dashboard/js-es2018/utils/simplebeacon-report-export.browser.js(705,30): error TS2339: Property 'scanScope' does not exist on type 'number'.
ai-platform/web/simplebeacon-dashboard/js-es2018/utils/simplebeacon-report-export.browser.js(707,43): error TS2339: Property 'ruleScopedFilesAnalyzed' does not exist on type 'number'.
ai-platform/web/simplebeacon-dashboard/js-es2018/utils/simplebeacon-report-export.browser.js(708,40): error TS2339: Property 'mockSampleFiles' does not exist on type 'number'.
ai-platform/web/simplebeacon-dashboard/js-es2018/utils/simplebeacon-report-export.browser.js(708,97): error TS2339: Property 'totalFiles' does not exist on type 'number'.
ai-platform/web/simplebeacon-dashboard/js-es2018/utils/simplebeacon-report-export.browser.js(709,47): error TS2339: Property 'fictionSampleFilesScanned' does not exist on type 'number'.
ai-platform/web/simplebeacon-dashboard/js-es2018/utils/simplebeacon-report-export.browser.js(730,9): error TS2698: Spread types may only be created from object types.
ai-platform/web/simplebeacon-dashboard/js-es2018/utils/simplebeacon-report-export.browser.js(742,44): error TS2322: Type '{}' is not assignable to type 'number'.
ai-platform/web/simplebeacon-dashboard/js-es2018/utils/simplebeacon-report-export.browser.js(744,48): error TS2339: Property 'fullDirectoryScan' does not exist on type 'number'.
ai-platform/web/simplebeacon-dashboard/js-es2018/utils/simplebeacon-report-export.browser.js(773,27): error TS2339: Property 'type' does not exist on type 'number'.
ai-platform/web/simplebeacon-dashboard/js-es2018/utils/simplebeacon-report-export.browser.js(809,61): error TS2345: Argument of type '{ productMockPathsOmitted: any; }' is not assignable to parameter of type 'string'.
ai-platform/web/simplebeacon-dashboard/js-es2018/utils/simplebeacon-report-export.browser.js(866,74): error TS2339: Property 'exportSanitized' does not exist on type 'number'.
ai-platform/web/simplebeacon-dashboard/js-es2018/utils/simplebeacon-report-export.browser.js(866,100): error TS2339: Property 'exportNormalized' does not exist on type 'number'.
ai-platform/web/simplebeacon-dashboard/js-es2018/utils/simplebeacon-report-export.browser.js(866,132): error TS2339: Property 'exportNotes' does not exist on type 'number'.
ai-platform/web/simplebeacon-dashboard/js-es2018/views/AboutView.js(135,20): error TS2584: Cannot find name 'document'. Do you need to change your target library? Try changing the 'lib' compiler option to include 'dom'.
ai-platform/web/simplebeacon-dashboard/js-es2018/views/AdminPanelView.js(34,36): error TS2339: Property 'users' does not exist on type 'unknown'.
ai-platform/web/simplebeacon-dashboard/js-es2018/views/AdminPanelView.js(35,42): error TS2339: Property 'sessions' does not exist on type 'unknown'.
ai-platform/web/simplebeacon-dashboard/js-es2018/views/AdminPanelView.js(46,14): error TS2304: Cannot find name 'confirm'.
ai-platform/web/simplebeacon-dashboard/js-es2018/views/AdminPanelView.js(54,13): error TS2304: Cannot find name 'alert'.
ai-platform/web/simplebeacon-dashboard/js-es2018/views/AdminPanelView.js(72,13): error TS2304: Cannot find name 'alert'.
ai-platform/web/simplebeacon-dashboard/js-es2018/views/AnalyzeDropZone.js(130,12): error TS2304: Cannot find name 'HTMLElement'.
ai-platform/web/simplebeacon-dashboard/js-es2018/views/AnalyzeDropZone.js(135,20): error TS2304: Cannot find name 'FileList'.
ai-platform/web/simplebeacon-dashboard/js-es2018/views/AnalyzeDropZone.js(148,50): error TS2339: Property 'app' does not exist on type '{ websiteMode: boolean; deriveFallbackBase: () => string; onSetPath: (resolvedPath: string, name: string, autoRun?: boolean) => void; onHandleFiles: (files: FileList) => void; }'.
ai-platform/web/simplebeacon-dashboard/js-es2018/views/AnalyzeDropZone.js(165,43): error TS2339: Property 'app' does not exist on type '{ websiteMode: boolean; deriveFallbackBase: () => string; onSetPath: (resolvedPath: string, name: string, autoRun?: boolean) => void; onHandleFiles: (files: FileList) => void; }'.
ai-platform/web/simplebeacon-dashboard/js-es2018/views/AnalyzeDropZone.js(219,12): error TS2304: Cannot find name 'HTMLElement'.
ai-platform/web/simplebeacon-dashboard/js-es2018/views/AnalyzeDropZone.js(221,20): error TS2304: Cannot find name 'FileList'.
ai-platform/web/simplebeacon-dashboard/js-es2018/views/AnalyzeDropZone.js(252,21): error TS2339: Property 'onLoadReport' does not exist on type '{ onHandleFiles: (files: FileList) => void; }'.
ai-platform/web/simplebeacon-dashboard/js-es2018/views/AnalyzeDropZone.js(270,12): error TS2304: Cannot find name 'HTMLElement'.
ai-platform/web/simplebeacon-dashboard/js-es2018/views/AnalyzeDropZone.js(272,20): error TS2304: Cannot find name 'FileList'.
ai-platform/web/simplebeacon-dashboard/js-es2018/views/AnalyzeDropZone.js(298,47): error TS2339: Property 'app' does not exist on type '{ onHandleFiles: (files: FileList) => void; onSetPath: (resolvedPath: string, name: string, autoRun?: boolean) => void; deriveFallbackBase: () => string; }'.
ai-platform/web/simplebeacon-dashboard/js-es2018/views/AnalyzeDropZone.js(326,12): error TS2304: Cannot find name 'HTMLElement'.
ai-platform/web/simplebeacon-dashboard/js-es2018/views/AnalyzePathSection.js(2,44): error TS2307: Cannot find module '../utils/snippetDiagnostic.js?v=20260531analyzers1' or its corresponding type declarations.
ai-platform/web/simplebeacon-dashboard/js-es2018/views/AnalyzeResultsPanel.js(2,36): error TS2307: Cannot find module '../services/analyzeService.js?v=20260710inventory1' or its corresponding type declarations.
ai-platform/web/simplebeacon-dashboard/js-es2018/views/AnalyzeResultsPanel.js(331,28): error TS2367: This comparison appears to be unintentional because the types 'any[]' and 'string' have no overlap.
ai-platform/web/simplebeacon-dashboard/js-es2018/views/AnalyzeResultsPanel.js(331,57): error TS2367: This comparison appears to be unintentional because the types 'any[]' and 'string' have no overlap.
ai-platform/web/simplebeacon-dashboard/js-es2018/views/AnalyzeResultsPanel.js(332,27): error TS2367: This comparison appears to be unintentional because the types 'any[]' and 'string' have no overlap.
ai-platform/web/simplebeacon-dashboard/js-es2018/views/AnalyzeResultsPanel.js(332,56): error TS2367: This comparison appears to be unintentional because the types 'any[]' and 'string' have no overlap.
ai-platform/web/simplebeacon-dashboard/js-es2018/views/AnalyzeResultsPanel.js(366,136): error TS2345: Argument of type 'string' is not assignable to parameter of type 'any[]'.
  Type 'string' is not assignable to type 'any[]'.
ai-platform/web/simplebeacon-dashboard/js-es2018/views/AnalyzeResultsPanel.js(368,132): error TS2345: Argument of type 'string' is not assignable to parameter of type 'any[]'.
  Type 'string' is not assignable to type 'any[]'.
ai-platform/web/simplebeacon-dashboard/js-es2018/views/AnalyzeResultsPanel.js(370,140): error TS2345: Argument of type 'string' is not assignable to parameter of type 'any[]'.
  Type 'string' is not assignable to type 'any[]'.
ai-platform/web/simplebeacon-dashboard/js-es2018/views/AnalyzeResultsPanel.js(372,125): error TS2345: Argument of type 'string' is not assignable to parameter of type 'any[]'.
  Type 'string' is not assignable to type 'any[]'.
ai-platform/web/simplebeacon-dashboard/js-es2018/views/AnalyzeRunProgress.js(11,48): error TS2322: Type 'number' is not assignable to type 'any[]'.
ai-platform/web/simplebeacon-dashboard/js-es2018/views/AnalyzeRunProgress.js(22,87): error TS2339: Property 'steps' does not exist on type 'string'.
ai-platform/web/simplebeacon-dashboard/js-es2018/views/AnalyzeRunProgress.js(23,98): error TS2339: Property 'enginesRun' does not exist on type 'string'.
ai-platform/web/simplebeacon-dashboard/js-es2018/views/AnalyzeRunProgress.js(24,22): error TS2339: Property 'enginesRun' does not exist on type 'string'.
ai-platform/web/simplebeacon-dashboard/js-es2018/views/AnalyzeRunProgress.js(25,91): error TS2339: Property 'analysisConfig' does not exist on type 'string'.
ai-platform/web/simplebeacon-dashboard/js-es2018/views/AnalyzeRunProgress.js(26,26): error TS2339: Property 'analysisConfig' does not exist on type 'string'.
ai-platform/web/simplebeacon-dashboard/js-es2018/views/AnalyzeView.js(3,34): error TS2307: Cannot find module '../services/localScanService.js?v=20260709noise3' or its corresponding type declarations.
ai-platform/web/simplebeacon-dashboard/js-es2018/views/AnalyzeView.js(5,252): error TS2307: Cannot find module '../services/localAgentService.js?v=20260711themefix1' or its corresponding type declarations.
ai-platform/web/simplebeacon-dashboard/js-es2018/views/AnalyzeView.js(6,78): error TS2307: Cannot find module '../services/browserSandboxScanService.js?v=20260711entropy1' or its corresponding type declarations.
ai-platform/web/simplebeacon-dashboard/js-es2018/views/AnalyzeView.js(8,1165): error TS2307: Cannot find module '../services/analyzeService.js?v=20260711reportv11' or its corresponding type declarations.
ai-platform/web/simplebeacon-dashboard/js-es2018/views/AnalyzeView.js(14,34): error TS2307: Cannot find module '../services/operatorService.js?v=20260531eupdf1' or its corresponding type declarations.
ai-platform/web/simplebeacon-dashboard/js-es2018/views/AnalyzeView.js(15,69): error TS2307: Cannot find module '../utils/analyze-mode-file-scope.browser.js?v=20260601roadmapscope1' or its corresponding type declarations.
ai-platform/web/simplebeacon-dashboard/js-es2018/views/AnalyzeView.js(16,44): error TS2307: Cannot find module '../utils/analyze-mode-file-results.browser.js?v=20260601filereconcile1' or its corresponding type declarations.
ai-platform/web/simplebeacon-dashboard/js-es2018/views/AnalyzeView.js(18,41): error TS2307: Cannot find module '../components/ScanStatus.js?v=20260711viewresults1' or its corresponding type declarations.
ai-platform/web/simplebeacon-dashboard/js-es2018/views/AnalyzeView.js(23,68): error TS2307: Cannot find module '../components/DataCleanupReport.js?v=20260527exec5' or its corresponding type declarations.
ai-platform/web/simplebeacon-dashboard/js-es2018/views/AnalyzeView.js(24,181): error TS2307: Cannot find module '../utils/completeScanAnalysis.js?v=20260601completescan1' or its corresponding type declarations.
ai-platform/web/simplebeacon-dashboard/js-es2018/views/AnalyzeView.js(25,40): error TS2307: Cannot find module '../utils/npm-audit-export.browser.js?v=20260601npmaudit5' or its corresponding type declarations.
ai-platform/web/simplebeacon-dashboard/js-es2018/views/AnalyzeView.js(26,98): error TS2307: Cannot find module '../utils/compliance-export.browser.js?v=20260601complianceexport7' or its corresponding type declarations.
ai-platform/web/simplebeacon-dashboard/js-es2018/views/AnalyzeView.js(27,253): error TS2307: Cannot find module '../utils/cleanupAssistant.js?v=20260601cleanupbrief9' or its corresponding type declarations.
ai-platform/web/simplebeacon-dashboard/js-es2018/views/AnalyzeView.js(28,44): error TS2307: Cannot find module '../utils/cleanup-brief-export.browser.js?v=20260601cleanupbrief9' or its corresponding type declarations.
ai-platform/web/simplebeacon-dashboard/js-es2018/views/AnalyzeView.js(29,49): error TS2307: Cannot find module '../utils/data-cleanup-export.browser.js?v=20260601datacleanup8' or its corresponding type declarations.
ai-platform/web/simplebeacon-dashboard/js-es2018/views/AnalyzeView.js(30,46): error TS2307: Cannot find module '../utils/codebase-export.browser.js?v=20260601codebase8' or its corresponding type declarations.
ai-platform/web/simplebeacon-dashboard/js-es2018/views/AnalyzeView.js(31,109): error TS2307: Cannot find module '../utils/ai-problem-analyzer-export.browser.js?v=20260531aianalyzerexport4' or its corresponding type declarations.
ai-platform/web/simplebeacon-dashboard/js-es2018/views/AnalyzeView.js(37,103): error TS2307: Cannot find module '../services/cliUploadService.js?v=20260711apibase1' or its corresponding type declarations.
ai-platform/web/simplebeacon-dashboard/js-es2018/views/AnalyzeView.js(75,275): error TS2307: Cannot find module '../utils/snippetDiagnostic.js?v=20260531analyzers1' or its corresponding type declarations.
ai-platform/web/simplebeacon-dashboard/js-es2018/views/AnalyzeView.js(84,58): error TS2339: Property 'location' does not exist on type 'typeof window'.
ai-platform/web/simplebeacon-dashboard/js-es2018/views/AnalyzeView.js(579,41): error TS2322: Type 'number' is not assignable to type 'any[]'.
ai-platform/web/simplebeacon-dashboard/js-es2018/views/AnalyzeView.js(589,87): error TS2339: Property 'steps' does not exist on type 'string'.
ai-platform/web/simplebeacon-dashboard/js-es2018/views/AnalyzeView.js(590,98): error TS2339: Property 'enginesRun' does not exist on type 'string'.
ai-platform/web/simplebeacon-dashboard/js-es2018/views/AnalyzeView.js(591,22): error TS2339: Property 'enginesRun' does not exist on type 'string'.
ai-platform/web/simplebeacon-dashboard/js-es2018/views/AnalyzeView.js(592,91): error TS2339: Property 'analysisConfig' does not exist on type 'string'.
ai-platform/web/simplebeacon-dashboard/js-es2018/views/AnalyzeView.js(593,26): error TS2339: Property 'analysisConfig' does not exist on type 'string'.
ai-platform/web/simplebeacon-dashboard/js-es2018/views/AnalyzeView.js(1000,28): error TS2367: This comparison appears to be unintentional because the types 'any[]' and 'string' have no overlap.
ai-platform/web/simplebeacon-dashboard/js-es2018/views/AnalyzeView.js(1000,57): error TS2367: This comparison appears to be unintentional because the types 'any[]' and 'string' have no overlap.
ai-platform/web/simplebeacon-dashboard/js-es2018/views/AnalyzeView.js(1001,27): error TS2367: This comparison appears to be unintentional because the types 'any[]' and 'string' have no overlap.
ai-platform/web/simplebeacon-dashboard/js-es2018/views/AnalyzeView.js(1001,56): error TS2367: This comparison appears to be unintentional because the types 'any[]' and 'string' have no overlap.
ai-platform/web/simplebeacon-dashboard/js-es2018/views/AnalyzeView.js(1035,136): error TS2345: Argument of type 'string' is not assignable to parameter of type 'any[]'.
  Type 'string' is not assignable to type 'any[]'.
ai-platform/web/simplebeacon-dashboard/js-es2018/views/AnalyzeView.js(1037,132): error TS2345: Argument of type 'string' is not assignable to parameter of type 'any[]'.
  Type 'string' is not assignable to type 'any[]'.
ai-platform/web/simplebeacon-dashboard/js-es2018/views/AnalyzeView.js(1039,140): error TS2345: Argument of type 'string' is not assignable to parameter of type 'any[]'.
  Type 'string' is not assignable to type 'any[]'.
ai-platform/web/simplebeacon-dashboard/js-es2018/views/AnalyzeView.js(1041,125): error TS2345: Argument of type 'string' is not assignable to parameter of type 'any[]'.
  Type 'string' is not assignable to type 'any[]'.
ai-platform/web/simplebeacon-dashboard/js-es2018/views/AnalyzeView.js(1325,16): error TS2365: Operator '<' cannot be applied to types 'any[]' and 'number'.
ai-platform/web/simplebeacon-dashboard/js-es2018/views/AnalyzeView.js(1327,29): error TS2362: The left-hand side of an arithmetic operation must be of type 'any', 'number', 'bigint' or an enum type.
ai-platform/web/simplebeacon-dashboard/js-es2018/views/AnalyzeView.js(1467,60): error TS2339: Property 'acquireVsCodeApi' does not exist on type 'typeof window'.
ai-platform/web/simplebeacon-dashboard/js-es2018/views/AnalyzeView.js(1472,46): error TS2339: Property 'acquireVsCodeApi' does not exist on type 'typeof window'.
ai-platform/web/simplebeacon-dashboard/js-es2018/views/AnalyzeView.js(1483,31): error TS2339: Property 'acquireVsCodeApi' does not exist on type 'typeof window'.
ai-platform/web/simplebeacon-dashboard/js-es2018/views/AnalyzeView.js(1491,60): error TS2339: Property 'acquireVsCodeApi' does not exist on type 'typeof window'.
ai-platform/web/simplebeacon-dashboard/js-es2018/views/AnalyzeView.js(1496,32): error TS2339: Property 'acquireVsCodeApi' does not exist on type 'typeof window'.
ai-platform/web/simplebeacon-dashboard/js-es2018/views/AnalyzeView.js(1533,20): error TS2584: Cannot find name 'document'. Do you need to change your target library? Try changing the 'lib' compiler option to include 'dom'.
ai-platform/web/simplebeacon-dashboard/js-es2018/views/AnalyzeView.js(1541,72): error TS2339: Property '__SIMPLEBEACON_DASHBOARD_BUILD__' does not exist on type 'typeof window'.
ai-platform/web/simplebeacon-dashboard/js-es2018/views/AnalyzeView.js(1687,9): error TS2304: Cannot find name 'requestAnimationFrame'.
ai-platform/web/simplebeacon-dashboard/js-es2018/views/AnalyzeView.js(1722,77): error TS2339: Property 'acquireVsCodeApi' does not exist on type 'typeof window'.
ai-platform/web/simplebeacon-dashboard/js-es2018/views/AnalyzeView.js(1816,26): error TS2584: Cannot find name 'document'. Do you need to change your target library? Try changing the 'lib' compiler option to include 'dom'.
ai-platform/web/simplebeacon-dashboard/js-es2018/views/AnalyzeView.js(1824,53): error TS2339: Property 'location' does not exist on type 'typeof window'.
ai-platform/web/simplebeacon-dashboard/js-es2018/views/AnalyzeView.js(1836,43): error TS2339: Property 'setInterval' does not exist on type 'typeof window'.
ai-platform/web/simplebeacon-dashboard/js-es2018/views/AnalyzeView.js(2312,13): error TS2353: Object literal may only specify known properties, and 'analysisType' does not exist in type 'any[]'.
ai-platform/web/simplebeacon-dashboard/js-es2018/views/AnalyzeView.js(2356,13): error TS2353: Object literal may only specify known properties, and 'analysisType' does not exist in type 'any[]'.
ai-platform/web/simplebeacon-dashboard/js-es2018/views/AnalyzeView.js(2380,13): error TS2353: Object literal may only specify known properties, and 'analysisType' does not exist in type 'any[]'.
ai-platform/web/simplebeacon-dashboard/js-es2018/views/AnalyzeView.js(2628,33): error TS2584: Cannot find name 'document'. Do you need to change your target library? Try changing the 'lib' compiler option to include 'dom'.
ai-platform/web/simplebeacon-dashboard/js-es2018/views/AnalyzeView.js(2628,72): error TS2584: Cannot find name 'document'. Do you need to change your target library? Try changing the 'lib' compiler option to include 'dom'.
ai-platform/web/simplebeacon-dashboard/js-es2018/views/AnalyzeView.js(2632,29): error TS2584: Cannot find name 'document'. Do you need to change your target library? Try changing the 'lib' compiler option to include 'dom'.
ai-platform/web/simplebeacon-dashboard/js-es2018/views/AnalyzeView.js(2643,9): error TS2304: Cannot find name 'requestAnimationFrame'.
ai-platform/web/simplebeacon-dashboard/js-es2018/views/AnalyzeView.js(2650,31): error TS2584: Cannot find name 'document'. Do you need to change your target library? Try changing the 'lib' compiler option to include 'dom'.
ai-platform/web/simplebeacon-dashboard/js-es2018/views/AnalyzeView.js(3415,60): error TS2345: Argument of type 'number' is not assignable to parameter of type 'any[]'.
ai-platform/web/simplebeacon-dashboard/js-es2018/views/AnalyzeView.js(3534,22): error TS1064: The return type of an async function or method must be the global Promise<T> type. Did you mean to write 'Promise<any>'?
ai-platform/web/simplebeacon-dashboard/js-es2018/views/AnalyzeView.js(3631,9): error TS2304: Cannot find name 'requestAnimationFrame'.
ai-platform/web/simplebeacon-dashboard/js-es2018/views/AnalyzeView.js(3724,41): error TS2345: Argument of type 'number' is not assignable to parameter of type 'any[]'.
ai-platform/web/simplebeacon-dashboard/js-es2018/views/AnalyzeView.js(3739,36): error TS2584: Cannot find name 'document'. Do you need to change your target library? Try changing the 'lib' compiler option to include 'dom'.
ai-platform/web/simplebeacon-dashboard/js-es2018/views/AnalyzeView.js(3826,29): error TS2339: Property 'typeSelect' does not exist on type '{}'.
ai-platform/web/simplebeacon-dashboard/js-es2018/views/AnalyzeView.js(3836,13): error TS2353: Object literal may only specify known properties, and 'analysisType' does not exist in type 'any[]'.
ai-platform/web/simplebeacon-dashboard/js-es2018/views/AnalyzeView.js(3861,33): error TS2584: Cannot find name 'document'. Do you need to change your target library? Try changing the 'lib' compiler option to include 'dom'.
ai-platform/web/simplebeacon-dashboard/js-es2018/views/AnalyzeView.js(3861,72): error TS2584: Cannot find name 'document'. Do you need to change your target library? Try changing the 'lib' compiler option to include 'dom'.
ai-platform/web/simplebeacon-dashboard/js-es2018/views/AnalyzeView.js(3865,29): error TS2584: Cannot find name 'document'. Do you need to change your target library? Try changing the 'lib' compiler option to include 'dom'.
ai-platform/web/simplebeacon-dashboard/js-es2018/views/AnalyzeView.js(3881,9): error TS2304: Cannot find name 'requestAnimationFrame'.
ai-platform/web/simplebeacon-dashboard/js-es2018/views/AnalyzeView.js(3888,31): error TS2584: Cannot find name 'document'. Do you need to change your target library? Try changing the 'lib' compiler option to include 'dom'.
ai-platform/web/simplebeacon-dashboard/js-es2018/views/AnalyzeView.js(4268,61): error TS2554: Expected 2 arguments, but got 3.
ai-platform/web/simplebeacon-dashboard/js-es2018/views/AnalyzeView.js(4325,70): error TS2345: Argument of type '{ projectRoot: any; }' is not assignable to parameter of type 'number'.
ai-platform/web/simplebeacon-dashboard/js-es2018/views/AnalyzeView.js(4362,50): error TS2345: Argument of type '{ projectRoot: any; }' is not assignable to parameter of type 'number'.
ai-platform/web/simplebeacon-dashboard/js-es2018/views/AnalyzeView.js(4387,112): error TS2339: Property 'location' does not exist on type 'typeof window'.
ai-platform/web/simplebeacon-dashboard/js-es2018/views/AnalyzeView.js(4445,26): error TS2584: Cannot find name 'document'. Do you need to change your target library? Try changing the 'lib' compiler option to include 'dom'.
ai-platform/web/simplebeacon-dashboard/js-es2018/views/AnalyzeView.js(4448,23): error TS2584: Cannot find name 'document'. Do you need to change your target library? Try changing the 'lib' compiler option to include 'dom'.
ai-platform/web/simplebeacon-dashboard/js-es2018/views/AnalyzeView.js(4453,26): error TS2584: Cannot find name 'document'. Do you need to change your target library? Try changing the 'lib' compiler option to include 'dom'.
ai-platform/web/simplebeacon-dashboard/js-es2018/views/AnalyzeView.js(4459,24): error TS2584: Cannot find name 'document'. Do you need to change your target library? Try changing the 'lib' compiler option to include 'dom'.
ai-platform/web/simplebeacon-dashboard/js-es2018/views/AnalyzeView.js(4489,24): error TS2584: Cannot find name 'document'. Do you need to change your target library? Try changing the 'lib' compiler option to include 'dom'.
ai-platform/web/simplebeacon-dashboard/js-es2018/views/AnalyzeView.js(4491,23): error TS2584: Cannot find name 'document'. Do you need to change your target library? Try changing the 'lib' compiler option to include 'dom'.
ai-platform/web/simplebeacon-dashboard/js-es2018/views/AnalyzeView.js(4495,26): error TS2584: Cannot find name 'document'. Do you need to change your target library? Try changing the 'lib' compiler option to include 'dom'.
ai-platform/web/simplebeacon-dashboard/js-es2018/views/AnalyzeView.js(4499,23): error TS2584: Cannot find name 'document'. Do you need to change your target library? Try changing the 'lib' compiler option to include 'dom'.
ai-platform/web/simplebeacon-dashboard/js-es2018/views/AnalyzeView.js(4501,30): error TS2584: Cannot find name 'document'. Do you need to change your target library? Try changing the 'lib' compiler option to include 'dom'.
ai-platform/web/simplebeacon-dashboard/js-es2018/views/AnalyzeView.js(4509,27): error TS2584: Cannot find name 'document'. Do you need to change your target library? Try changing the 'lib' compiler option to include 'dom'.
ai-platform/web/simplebeacon-dashboard/js-es2018/views/AnalyzeView.js(4523,23): error TS2584: Cannot find name 'document'. Do you need to change your target library? Try changing the 'lib' compiler option to include 'dom'.
ai-platform/web/simplebeacon-dashboard/js-es2018/views/AnalyzeView.js(4525,30): error TS2584: Cannot find name 'document'. Do you need to change your target library? Try changing the 'lib' compiler option to include 'dom'.
ai-platform/web/simplebeacon-dashboard/js-es2018/views/AnalyzeView.js(4530,23): error TS2584: Cannot find name 'document'. Do you need to change your target library? Try changing the 'lib' compiler option to include 'dom'.
ai-platform/web/simplebeacon-dashboard/js-es2018/views/AnalyzeView.js(4532,27): error TS2584: Cannot find name 'document'. Do you need to change your target library? Try changing the 'lib' compiler option to include 'dom'.
ai-platform/web/simplebeacon-dashboard/js-es2018/views/AnalyzeView.js(4546,25): error TS2584: Cannot find name 'document'. Do you need to change your target library? Try changing the 'lib' compiler option to include 'dom'.
ai-platform/web/simplebeacon-dashboard/js-es2018/views/AnalyzeView.js(4626,43): error TS2339: Property 'setInterval' does not exist on type 'typeof window'.
ai-platform/web/simplebeacon-dashboard/js-es2018/views/AnalyzeView.js(4644,17): error TS2353: Object literal may only specify known properties, and 'analysisType' does not exist in type 'any[]'.
ai-platform/web/simplebeacon-dashboard/js-es2018/views/AnalyzeView.js(4662,17): error TS2353: Object literal may only specify known properties, and 'analysisType' does not exist in type 'any[]'.
ai-platform/web/simplebeacon-dashboard/js-es2018/views/AnalyzeView.js(4672,17): error TS2353: Object literal may only specify known properties, and 'analysisType' does not exist in type 'any[]'.
ai-platform/web/simplebeacon-dashboard/js-es2018/views/AnalyzeView.js(4682,17): error TS2353: Object literal may only specify known properties, and 'analysisType' does not exist in type 'any[]'.
ai-platform/web/simplebeacon-dashboard/js-es2018/views/AnalyzeView.js(4750,81): error TS2339: Property 'acquireVsCodeApi' does not exist on type 'typeof window'.
ai-platform/web/simplebeacon-dashboard/js-es2018/views/AnalyzeView.js(4791,116): error TS2339: Property 'location' does not exist on type 'typeof window'.
ai-platform/web/simplebeacon-dashboard/js-es2018/views/AnalyzeView.js(4795,28): error TS2339: Property 'showDirectoryPicker' does not exist on type 'typeof window'.
ai-platform/web/simplebeacon-dashboard/js-es2018/views/AnalyzeView.js(4915,25): error TS2584: Cannot find name 'document'. Do you need to change your target library? Try changing the 'lib' compiler option to include 'dom'.
ai-platform/web/simplebeacon-dashboard/js-es2018/views/AnalyzeView.js(5098,107): error TS2353: Object literal may only specify known properties, and 'context' does not exist in type 'any[]'.
ai-platform/web/simplebeacon-dashboard/js-es2018/views/AnalyzeView.js(5320,32): error TS2584: Cannot find name 'document'. Do you need to change your target library? Try changing the 'lib' compiler option to include 'dom'.
ai-platform/web/simplebeacon-dashboard/js-es2018/views/AnalyzeView.js(5324,13): error TS2584: Cannot find name 'document'. Do you need to change your target library? Try changing the 'lib' compiler option to include 'dom'.
ai-platform/web/simplebeacon-dashboard/js-es2018/views/AnalyzeView.js(5373,33): error TS2584: Cannot find name 'document'. Do you need to change your target library? Try changing the 'lib' compiler option to include 'dom'.
ai-platform/web/simplebeacon-dashboard/js-es2018/views/AnalyzeView.js(5379,20): error TS2339: Property 'addEventListener' does not exist on type 'typeof window'.
ai-platform/web/simplebeacon-dashboard/js-es2018/views/AnalyzeView.js(5412,112): error TS2339: Property 'location' does not exist on type 'typeof window'.
ai-platform/web/simplebeacon-dashboard/js-es2018/views/AnalyzeView.js(5450,23): error TS2339: Property 'success' does not exist on type 'unknown'.
ai-platform/web/simplebeacon-dashboard/js-es2018/views/AnalyzeView.js(5451,93): error TS2339: Property 'error' does not exist on type 'unknown'.
ai-platform/web/simplebeacon-dashboard/js-es2018/views/AnalyzeView.js(5454,34): error TS2339: Property 'current' does not exist on type 'unknown'.
ai-platform/web/simplebeacon-dashboard/js-es2018/views/AnalyzeView.js(5457,23): error TS2339: Property 'directories' does not exist on type 'unknown'.
ai-platform/web/simplebeacon-dashboard/js-es2018/views/AnalyzeView.js(5457,43): error TS2339: Property 'directories' does not exist on type 'unknown'.
ai-platform/web/simplebeacon-dashboard/js-es2018/views/AnalyzeView.js(5461,37): error TS2339: Property 'parent' does not exist on type 'unknown'.
ai-platform/web/simplebeacon-dashboard/js-es2018/views/AnalyzeView.js(5462,79): error TS2339: Property 'parent' does not exist on type 'unknown'.
ai-platform/web/simplebeacon-dashboard/js-es2018/views/AnalyzeView.js(5466,32): error TS2339: Property 'directories' does not exist on type 'unknown'.
ai-platform/web/simplebeacon-dashboard/js-es2018/views/AnalyzeView.js(5504,34): error TS2339: Property 'process' does not exist on type 'typeof window'.
ai-platform/web/simplebeacon-dashboard/js-es2018/views/AnalyzeView.js(5511,21): error TS2339: Property 'showDirectoryPicker' does not exist on type 'typeof window'.
ai-platform/web/simplebeacon-dashboard/js-es2018/views/AnalyzeView.js(5514,44): error TS2339: Property 'showDirectoryPicker' does not exist on type 'typeof window'.
ai-platform/web/simplebeacon-dashboard/js-es2018/views/AnalyzeView.js(5687,25): error TS2584: Cannot find name 'document'. Do you need to change your target library? Try changing the 'lib' compiler option to include 'dom'.
ai-platform/web/simplebeacon-dashboard/js-es2018/views/AnalyzeView.js(5859,32): error TS2304: Cannot find name 'FileReader'.
ai-platform/web/simplebeacon-dashboard/js-es2018/views/AnalyzeView.js(5936,17): error TS2345: Argument of type 'string' is not assignable to parameter of type 'number'.
ai-platform/web/simplebeacon-dashboard/js-es2018/views/AnalyzeView.js(5944,22): error TS2345: Argument of type 'string' is not assignable to parameter of type 'number'.
ai-platform/web/simplebeacon-dashboard/js-es2018/views/AnalyzeView.js(5947,22): error TS2345: Argument of type 'string' is not assignable to parameter of type 'number'.
ai-platform/web/simplebeacon-dashboard/js-es2018/views/AnalyzeView.js(5952,26): error TS2345: Argument of type 'string' is not assignable to parameter of type 'number'.
ai-platform/web/simplebeacon-dashboard/js-es2018/views/AnalyzeView.js(5958,26): error TS2345: Argument of type 'string' is not assignable to parameter of type 'number'.
ai-platform/web/simplebeacon-dashboard/js-es2018/views/AnalyzeView.js(5967,26): error TS2345: Argument of type 'string' is not assignable to parameter of type 'number'.
ai-platform/web/simplebeacon-dashboard/js-es2018/views/AnalyzeView.js(5974,26): error TS2345: Argument of type 'string' is not assignable to parameter of type 'number'.
ai-platform/web/simplebeacon-dashboard/js-es2018/views/AnalyzeView.js(5979,21): error TS2345: Argument of type 'string' is not assignable to parameter of type 'number'.
ai-platform/web/simplebeacon-dashboard/js-es2018/views/AnalyzeView.js(5984,26): error TS2345: Argument of type 'string' is not assignable to parameter of type 'number'.
ai-platform/web/simplebeacon-dashboard/js-es2018/views/AnalyzeView.js(5989,22): error TS2345: Argument of type 'string' is not assignable to parameter of type 'number'.
ai-platform/web/simplebeacon-dashboard/js-es2018/views/AnalyzeView.js(6261,16): error TS2304: Cannot find name 'DragEvent'.
ai-platform/web/simplebeacon-dashboard/js-es2018/views/AnalyzeView.js(6315,16): error TS2304: Cannot find name 'FileList'.
ai-platform/web/simplebeacon-dashboard/js-es2018/views/AnalyzeView.js(6317,16): error TS2304: Cannot find name 'DragEvent'.
ai-platform/web/simplebeacon-dashboard/js-es2018/views/AnalyzeView.js(6318,16): error TS2304: Cannot find name 'FileSystemDirectoryHandle'.
ai-platform/web/simplebeacon-dashboard/js-es2018/views/AnalyzeView.js(6318,42): error TS2304: Cannot find name 'FileSystemDirectoryEntry'.
ai-platform/web/simplebeacon-dashboard/js-es2018/views/AnalyzeView.js(6369,20): error TS2339: Property 'showDirectoryPicker' does not exist on type 'typeof window'.
ai-platform/web/simplebeacon-dashboard/js-es2018/views/AnalyzeView.js(6479,63): error TS2584: Cannot find name 'document'. Do you need to change your target library? Try changing the 'lib' compiler option to include 'dom'.
ai-platform/web/simplebeacon-dashboard/js-es2018/views/AnalyzeView.js(6536,40): error TS2353: Object literal may only specify known properties, and 'analysisType' does not exist in type 'any[]'.
ai-platform/web/simplebeacon-dashboard/js-es2018/views/AnalyzeView.js(6583,26): error TS2304: Cannot find name 'FileList'.
ai-platform/web/simplebeacon-dashboard/js-es2018/views/AnalyzeView.js(6587,27): error TS2584: Cannot find name 'document'. Do you need to change your target library? Try changing the 'lib' compiler option to include 'dom'.
ai-platform/web/simplebeacon-dashboard/js-es2018/views/AnalyzeView.js(6608,13): error TS2584: Cannot find name 'document'. Do you need to change your target library? Try changing the 'lib' compiler option to include 'dom'.
ai-platform/web/simplebeacon-dashboard/js-es2018/views/AnalyzeView.js(6614,31): error TS2339: Property 'showDirectoryPicker' does not exist on type 'typeof window'.
ai-platform/web/simplebeacon-dashboard/js-es2018/views/AnalyzeView.js(6798,112): error TS2339: Property 'location' does not exist on type 'typeof window'.
ai-platform/web/simplebeacon-dashboard/js-es2018/views/AnalyzeView.js(6817,204): error TS2554: Expected 0-2 arguments, but got 3.
ai-platform/web/simplebeacon-dashboard/js-es2018/views/AnalyzeView.js(6827,25): error TS2339: Property 'showDirectoryPicker' does not exist on type 'typeof window'.
ai-platform/web/simplebeacon-dashboard/js-es2018/views/AnalyzeView.js(6837,190): error TS2554: Expected 0-2 arguments, but got 3.
ai-platform/web/simplebeacon-dashboard/js-es2018/views/AnalyzeView.js(6869,204): error TS2554: Expected 0-2 arguments, but got 3.
ai-platform/web/simplebeacon-dashboard/js-es2018/views/AnalyzeView.js(6934,28): error TS2353: Object literal may only specify known properties, and 'analysisType' does not exist in type 'any[]'.
ai-platform/web/simplebeacon-dashboard/js-es2018/views/AnalyzeView.js(6943,20): error TS2339: Property 'location' does not exist on type 'typeof window'.
ai-platform/web/simplebeacon-dashboard/js-es2018/views/AnalyzeView.js(7353,22): error TS1064: The return type of an async function or method must be the global Promise<T> type. Did you mean to write 'Promise<any>'?
ai-platform/web/simplebeacon-dashboard/js-es2018/views/AnalyzeView.js(8269,24): error TS2339: Property 'open' does not exist on type 'typeof window'.
ai-platform/web/simplebeacon-dashboard/js-es2018/views/AnalyzeView.js(8309,24): error TS2339: Property 'open' does not exist on type 'typeof window'.
ai-platform/web/simplebeacon-dashboard/js-es2018/views/AnalyzeView.js(8346,24): error TS2339: Property 'open' does not exist on type 'typeof window'.
ai-platform/web/simplebeacon-dashboard/js-es2018/views/AnalyzeView.js(8371,36): error TS2740: Type '{}' is missing the following properties from type 'any[]': length, pop, push, concat, and 29 more.
ai-platform/web/simplebeacon-dashboard/js-es2018/views/AnalyzeView.js(8380,57): error TS2339: Property 'category' does not exist on type 'any[]'.
ai-platform/web/simplebeacon-dashboard/js-es2018/views/AnalyzeView.js(8383,79): error TS2339: Property 'action' does not exist on type 'any[]'.
ai-platform/web/simplebeacon-dashboard/js-es2018/views/AnalyzeView.js(8384,53): error TS2339: Property 'effort' does not exist on type 'any[]'.
ai-platform/web/simplebeacon-dashboard/js-es2018/views/AnalyzeView.js(8392,61): error TS2353: Object literal may only specify known properties, and 'category' does not exist in type 'any[]'.
ai-platform/web/simplebeacon-dashboard/js-es2018/views/AnalyzeView.js(8394,66): error TS2353: Object literal may only specify known properties, and 'category' does not exist in type 'any[]'.
ai-platform/web/simplebeacon-dashboard/js-es2018/views/AnalyzeView.js(8396,60): error TS2353: Object literal may only specify known properties, and 'category' does not exist in type 'any[]'.
ai-platform/web/simplebeacon-dashboard/js-es2018/views/AnalyzeView.js(8398,56): error TS2353: Object literal may only specify known properties, and 'category' does not exist in type 'any[]'.
ai-platform/web/simplebeacon-dashboard/js-es2018/views/AnalyzeView.js(8404,61): error TS2353: Object literal may only specify known properties, and 'category' does not exist in type 'any[]'.
ai-platform/web/simplebeacon-dashboard/js-es2018/views/AnalyzeView.js(8406,59): error TS2353: Object literal may only specify known properties, and 'category' does not exist in type 'any[]'.
ai-platform/web/simplebeacon-dashboard/js-es2018/views/AnalyzeView.js(8408,59): error TS2353: Object literal may only specify known properties, and 'category' does not exist in type 'any[]'.
ai-platform/web/simplebeacon-dashboard/js-es2018/views/AnalyzeView.js(8423,27): error TS2353: Object literal may only specify known properties, and 'category' does not exist in type 'any[]'.
ai-platform/web/simplebeacon-dashboard/js-es2018/views/AnalyzeView.js(8427,61): error TS2353: Object literal may only specify known properties, and 'category' does not exist in type 'any[]'.
ai-platform/web/simplebeacon-dashboard/js-es2018/views/AnalyzeView.js(8439,28): error TS2353: Object literal may only specify known properties, and 'category' does not exist in type 'any[]'.
ai-platform/web/simplebeacon-dashboard/js-es2018/views/AnalyzeView.js(8445,33): error TS2353: Object literal may only specify known properties, and 'category' does not exist in type 'any[]'.
ai-platform/web/simplebeacon-dashboard/js-es2018/views/AnalyzeView.js(8459,28): error TS2353: Object literal may only specify known properties, and 'category' does not exist in type 'any[]'.
ai-platform/web/simplebeacon-dashboard/js-es2018/views/AnalyzeView.js(8629,17): error TS2353: Object literal may only specify known properties, and 'projectPath' does not exist in type '{ scanKind?: string; compliance?: any; }'.
ai-platform/web/simplebeacon-dashboard/js-es2018/views/AnalyzeView.js(8651,41): error TS2339: Property 'projectPath' does not exist on type '{ scanKind?: string; compliance?: any; }'.
ai-platform/web/simplebeacon-dashboard/js-es2018/views/AnalyzeView.js(8692,17): error TS2353: Object literal may only specify known properties, and 'projectPath' does not exist in type '{ scanKind?: string; compliance?: any; }'.
ai-platform/web/simplebeacon-dashboard/js-es2018/views/AnalyzeView.js(8858,65): error TS2345: Argument of type '{ projectRoot: any; }' is not assignable to parameter of type 'number'.
ai-platform/web/simplebeacon-dashboard/js-es2018/views/AnalyzeView.js(9407,22): error TS2584: Cannot find name 'document'. Do you need to change your target library? Try changing the 'lib' compiler option to include 'dom'.
ai-platform/web/simplebeacon-dashboard/js-es2018/views/AnalyzeView.js(9408,37): error TS2339: Property 'scrollY' does not exist on type 'typeof window'.
ai-platform/web/simplebeacon-dashboard/js-es2018/views/AnalyzeView.js(9408,55): error TS2339: Property 'pageYOffset' does not exist on type 'typeof window'.
ai-platform/web/simplebeacon-dashboard/js-es2018/views/AnalyzeView.js(9408,70): error TS2584: Cannot find name 'document'. Do you need to change your target library? Try changing the 'lib' compiler option to include 'dom'.
ai-platform/web/simplebeacon-dashboard/js-es2018/views/AnalyzeView.js(9417,9): error TS2304: Cannot find name 'requestAnimationFrame'.
ai-platform/web/simplebeacon-dashboard/js-es2018/views/AnalyzeView.js(9418,13): error TS2304: Cannot find name 'requestAnimationFrame'.
ai-platform/web/simplebeacon-dashboard/js-es2018/views/AnalyzeView.js(9419,24): error TS2339: Property 'scrollTo' does not exist on type 'typeof window'.
ai-platform/web/simplebeacon-dashboard/js-es2018/views/AnalyzeView.js(9475,56): error TS2584: Cannot find name 'document'. Do you need to change your target library? Try changing the 'lib' compiler option to include 'dom'.
ai-platform/web/simplebeacon-dashboard/js-es2018/views/AnalyzeView.js(9482,32): error TS2353: Object literal may only specify known properties, and 'analysisType' does not exist in type 'any[]'.
ai-platform/web/simplebeacon-dashboard/js-es2018/views/AnalyzeView.js(9554,173): error TS2339: Property 'location' does not exist on type 'typeof window'.
ai-platform/web/simplebeacon-dashboard/js-es2018/views/AnalyzeView.js(9573,169): error TS2339: Property 'location' does not exist on type 'typeof window'.
ai-platform/web/simplebeacon-dashboard/js-es2018/views/AnalyzeView.js(9580,26): error TS2339: Property 'success' does not exist on type 'unknown'.
ai-platform/web/simplebeacon-dashboard/js-es2018/views/AnalyzeView.js(9581,30): error TS2339: Property 'content' does not exist on type 'unknown'.
ai-platform/web/simplebeacon-dashboard/js-es2018/views/AnalyzeView.js(9583,45): error TS2339: Property 'clipboard' does not exist on type 'Navigator'.
ai-platform/web/simplebeacon-dashboard/js-es2018/views/AnalyzeView.js(9583,70): error TS2339: Property 'content' does not exist on type 'unknown'.
ai-platform/web/simplebeacon-dashboard/js-es2018/views/AnalyzeView.js(9595,50): error TS2339: Property 'error' does not exist on type 'unknown'.
ai-platform/web/simplebeacon-dashboard/js-es2018/views/AnalyzeView.js(9633,69): error TS2554: Expected 0 arguments, but got 1.
ai-platform/web/simplebeacon-dashboard/js-es2018/views/AnalyzeView.js(9776,22): error TS1064: The return type of an async function or method must be the global Promise<T> type. Did you mean to write 'Promise<any>'?
ai-platform/web/simplebeacon-dashboard/js-es2018/views/AnalyzeView.js(9789,37): error TS2339: Property 'clipboard' does not exist on type 'Navigator'.
ai-platform/web/simplebeacon-dashboard/js-es2018/views/AnalyzeView.js(9790,37): error TS2339: Property 'clipboard' does not exist on type 'Navigator'.
ai-platform/web/simplebeacon-dashboard/js-es2018/views/AnalyzeView.js(9793,38): error TS2584: Cannot find name 'document'. Do you need to change your target library? Try changing the 'lib' compiler option to include 'dom'.
ai-platform/web/simplebeacon-dashboard/js-es2018/views/AnalyzeView.js(9798,21): error TS2584: Cannot find name 'document'. Do you need to change your target library? Try changing the 'lib' compiler option to include 'dom'.
ai-platform/web/simplebeacon-dashboard/js-es2018/views/AnalyzeView.js(9800,21): error TS2584: Cannot find name 'document'. Do you need to change your target library? Try changing the 'lib' compiler option to include 'dom'.
ai-platform/web/simplebeacon-dashboard/js-es2018/views/AnalyzeView.js(9801,21): error TS2584: Cannot find name 'document'. Do you need to change your target library? Try changing the 'lib' compiler option to include 'dom'.
ai-platform/web/simplebeacon-dashboard/js-es2018/views/AnalyzeView.js(9971,33): error TS2339: Property 'clipboard' does not exist on type 'Navigator'.
ai-platform/web/simplebeacon-dashboard/js-es2018/views/AnalyzeView.js(10050,27): error TS2339: Property 'lucide' does not exist on type 'typeof window'.
ai-platform/web/simplebeacon-dashboard/js-es2018/views/AnalyzeView.js(10051,20): error TS2339: Property 'lucide' does not exist on type 'typeof window'.
ai-platform/web/simplebeacon-dashboard/js-es2018/views/AnalyzeView.js(10059,20): error TS2339: Property 'location' does not exist on type 'typeof window'.
ai-platform/web/simplebeacon-dashboard/js-es2018/views/AnalyzeView.js(10061,48): error TS2339: Property 'location' does not exist on type 'typeof window'.
ai-platform/web/simplebeacon-dashboard/js-es2018/views/AnalyzeView.js(10062,23): error TS2339: Property 'location' does not exist on type 'typeof window'.
ai-platform/web/simplebeacon-dashboard/js-es2018/views/AnalyzeView.js(10063,23): error TS2339: Property 'location' does not exist on type 'typeof window'.
ai-platform/web/simplebeacon-dashboard/js-es2018/views/AnalyzeView.js(10064,23): error TS2339: Property 'location' does not exist on type 'typeof window'.
ai-platform/web/simplebeacon-dashboard/js-es2018/views/AnalyzeView.js(10065,23): error TS2339: Property 'location' does not exist on type 'typeof window'.
ai-platform/web/simplebeacon-dashboard/js-es2018/views/AnalyzeView.js(10078,26): error TS2339: Property 'type' does not exist on type 'unknown'.
ai-platform/web/simplebeacon-dashboard/js-es2018/views/AnalyzeView.js(10078,72): error TS2339: Property 'results' does not exist on type 'unknown'.
ai-platform/web/simplebeacon-dashboard/js-es2018/views/AnalyzeView.js(10079,46): error TS2339: Property 'generatedAt' does not exist on type 'unknown'.
ai-platform/web/simplebeacon-dashboard/js-es2018/views/AnalyzeView.js(10079,73): error TS2339: Property 'report' does not exist on type 'unknown'.
ai-platform/web/simplebeacon-dashboard/js-es2018/views/AssessmentView.js(86,20): error TS2584: Cannot find name 'document'. Do you need to change your target library? Try changing the 'lib' compiler option to include 'dom'.
ai-platform/web/simplebeacon-dashboard/js-es2018/views/AssessmentView.js(150,33): error TS2554: Expected 0 arguments, but got 1.
ai-platform/web/simplebeacon-dashboard/js-es2018/views/AuditView.js(66,17): error TS2339: Property 'mockSampleFiles' does not exist on type 'any[]'.
ai-platform/web/simplebeacon-dashboard/js-es2018/views/AuditView.js(67,44): error TS2339: Property 'mockSampleFiles' does not exist on type 'any[]'.
ai-platform/web/simplebeacon-dashboard/js-es2018/views/AuditView.js(69,17): error TS2339: Property 'filesAnalyzed' does not exist on type 'any[]'.
ai-platform/web/simplebeacon-dashboard/js-es2018/views/AuditView.js(70,44): error TS2339: Property 'filesAnalyzed' does not exist on type 'any[]'.
ai-platform/web/simplebeacon-dashboard/js-es2018/views/AuditView.js(72,17): error TS2339: Property 'inventoryFiles' does not exist on type 'any[]'.
ai-platform/web/simplebeacon-dashboard/js-es2018/views/AuditView.js(73,44): error TS2339: Property 'inventoryFiles' does not exist on type 'any[]'.
ai-platform/web/simplebeacon-dashboard/js-es2018/views/AuditView.js(73,97): error TS2339: Property 'inventoryFolders' does not exist on type 'any[]'.
ai-platform/web/simplebeacon-dashboard/js-es2018/views/AuditView.js(77,26): error TS2339: Property 'lastScan' does not exist on type 'any[]'.
ai-platform/web/simplebeacon-dashboard/js-es2018/views/AuditView.js(78,41): error TS2339: Property 'lastScan' does not exist on type 'any[]'.
ai-platform/web/simplebeacon-dashboard/js-es2018/views/AuditView.js(106,60): error TS2339: Property 'acquireVsCodeApi' does not exist on type 'typeof window'.
ai-platform/web/simplebeacon-dashboard/js-es2018/views/AuditView.js(109,44): error TS2339: Property 'acquireVsCodeApi' does not exist on type 'typeof window'.
ai-platform/web/simplebeacon-dashboard/js-es2018/views/AuditView.js(271,20): error TS2584: Cannot find name 'document'. Do you need to change your target library? Try changing the 'lib' compiler option to include 'dom'.
ai-platform/web/simplebeacon-dashboard/js-es2018/views/AuditView.js(432,215): error TS2339: Property 'location' does not exist on type 'typeof window'.
ai-platform/web/simplebeacon-dashboard/js-es2018/views/AuditView.js(459,26): error TS2339: Property 'success' does not exist on type 'unknown'.
ai-platform/web/simplebeacon-dashboard/js-es2018/views/AuditView.js(459,42): error TS2339: Property 'content' does not exist on type 'unknown'.
ai-platform/web/simplebeacon-dashboard/js-es2018/views/AuditView.js(460,37): error TS2339: Property 'clipboard' does not exist on type 'Navigator'.
ai-platform/web/simplebeacon-dashboard/js-es2018/views/AuditView.js(460,62): error TS2339: Property 'content' does not exist on type 'unknown'.
ai-platform/web/simplebeacon-dashboard/js-es2018/views/AuditView.js(506,9): error TS2304: Cannot find name 'requestAnimationFrame'.
ai-platform/web/simplebeacon-dashboard/js-es2018/views/AuditView.js(508,19): error TS2584: Cannot find name 'document'. Do you need to change your target library? Try changing the 'lib' compiler option to include 'dom'.
ai-platform/web/simplebeacon-dashboard/js-es2018/views/ChatbotView.js(120,21): error TS2584: Cannot find name 'document'. Do you need to change your target library? Try changing the 'lib' compiler option to include 'dom'.
ai-platform/web/simplebeacon-dashboard/js-es2018/views/ChatbotView.js(121,22): error TS2584: Cannot find name 'document'. Do you need to change your target library? Try changing the 'lib' compiler option to include 'dom'.
ai-platform/web/simplebeacon-dashboard/js-es2018/views/ChatbotView.js(122,23): error TS2584: Cannot find name 'document'. Do you need to change your target library? Try changing the 'lib' compiler option to include 'dom'.
ai-platform/web/simplebeacon-dashboard/js-es2018/views/ChatbotView.js(123,25): error TS2584: Cannot find name 'document'. Do you need to change your target library? Try changing the 'lib' compiler option to include 'dom'.
ai-platform/web/simplebeacon-dashboard/js-es2018/views/ChatbotView.js(151,24): error TS2584: Cannot find name 'document'. Do you need to change your target library? Try changing the 'lib' compiler option to include 'dom'.
ai-platform/web/simplebeacon-dashboard/js-es2018/views/ChatbotView.js(168,24): error TS2584: Cannot find name 'document'. Do you need to change your target library? Try changing the 'lib' compiler option to include 'dom'.
ai-platform/web/simplebeacon-dashboard/js-es2018/views/ChatbotView.js(173,25): error TS2584: Cannot find name 'document'. Do you need to change your target library? Try changing the 'lib' compiler option to include 'dom'.
ai-platform/web/simplebeacon-dashboard/js-es2018/views/ChatbotView.js(174,23): error TS2584: Cannot find name 'document'. Do you need to change your target library? Try changing the 'lib' compiler option to include 'dom'.
ai-platform/web/simplebeacon-dashboard/js-es2018/views/ChatbotView.js(175,26): error TS2584: Cannot find name 'document'. Do you need to change your target library? Try changing the 'lib' compiler option to include 'dom'.
ai-platform/web/simplebeacon-dashboard/js-es2018/views/ChatbotView.js(176,32): error TS2584: Cannot find name 'document'. Do you need to change your target library? Try changing the 'lib' compiler option to include 'dom'.
ai-platform/web/simplebeacon-dashboard/js-es2018/views/ChatbotView.js(193,30): error TS2584: Cannot find name 'document'. Do you need to change your target library? Try changing the 'lib' compiler option to include 'dom'.
ai-platform/web/simplebeacon-dashboard/js-es2018/views/ChatbotView.js(194,29): error TS2584: Cannot find name 'document'. Do you need to change your target library? Try changing the 'lib' compiler option to include 'dom'.
ai-platform/web/simplebeacon-dashboard/js-es2018/views/ChatbotView.js(195,28): error TS2584: Cannot find name 'document'. Do you need to change your target library? Try changing the 'lib' compiler option to include 'dom'.
ai-platform/web/simplebeacon-dashboard/js-es2018/views/ChatbotView.js(196,29): error TS2584: Cannot find name 'document'. Do you need to change your target library? Try changing the 'lib' compiler option to include 'dom'.
ai-platform/web/simplebeacon-dashboard/js-es2018/views/ChatbotView.js(197,32): error TS2584: Cannot find name 'document'. Do you need to change your target library? Try changing the 'lib' compiler option to include 'dom'.
ai-platform/web/simplebeacon-dashboard/js-es2018/views/ChatbotView.js(234,32): error TS2584: Cannot find name 'document'. Do you need to change your target library? Try changing the 'lib' compiler option to include 'dom'.
ai-platform/web/simplebeacon-dashboard/js-es2018/views/ChatbotView.js(235,31): error TS2584: Cannot find name 'document'. Do you need to change your target library? Try changing the 'lib' compiler option to include 'dom'.
ai-platform/web/simplebeacon-dashboard/js-es2018/views/ChatbotView.js(236,30): error TS2584: Cannot find name 'document'. Do you need to change your target library? Try changing the 'lib' compiler option to include 'dom'.
ai-platform/web/simplebeacon-dashboard/js-es2018/views/ChatbotView.js(237,35): error TS2584: Cannot find name 'document'. Do you need to change your target library? Try changing the 'lib' compiler option to include 'dom'.
ai-platform/web/simplebeacon-dashboard/js-es2018/views/ChatbotView.js(238,39): error TS2584: Cannot find name 'document'. Do you need to change your target library? Try changing the 'lib' compiler option to include 'dom'.
ai-platform/web/simplebeacon-dashboard/js-es2018/views/ChatbotView.js(256,33): error TS2584: Cannot find name 'document'. Do you need to change your target library? Try changing the 'lib' compiler option to include 'dom'.
ai-platform/web/simplebeacon-dashboard/js-es2018/views/ChatbotView.js(257,31): error TS2584: Cannot find name 'document'. Do you need to change your target library? Try changing the 'lib' compiler option to include 'dom'.
ai-platform/web/simplebeacon-dashboard/js-es2018/views/ChatbotView.js(258,35): error TS2584: Cannot find name 'document'. Do you need to change your target library? Try changing the 'lib' compiler option to include 'dom'.
ai-platform/web/simplebeacon-dashboard/js-es2018/views/ChatbotView.js(259,35): error TS2584: Cannot find name 'document'. Do you need to change your target library? Try changing the 'lib' compiler option to include 'dom'.
ai-platform/web/simplebeacon-dashboard/js-es2018/views/ChatbotView.js(275,23): error TS2584: Cannot find name 'document'. Do you need to change your target library? Try changing the 'lib' compiler option to include 'dom'.
ai-platform/web/simplebeacon-dashboard/js-es2018/views/ChatbotView.js(278,9): error TS2584: Cannot find name 'document'. Do you need to change your target library? Try changing the 'lib' compiler option to include 'dom'.
ai-platform/web/simplebeacon-dashboard/js-es2018/views/ChatbotView.js(283,32): error TS2584: Cannot find name 'document'. Do you need to change your target library? Try changing the 'lib' compiler option to include 'dom'.
ai-platform/web/simplebeacon-dashboard/js-es2018/views/ChatbotView.js(291,26): error TS2339: Property 'prompt' does not exist on type 'unknown'.
ai-platform/web/simplebeacon-dashboard/js-es2018/views/ChatbotView.js(292,49): error TS2339: Property 'prompt' does not exist on type 'unknown'.
ai-platform/web/simplebeacon-dashboard/js-es2018/views/ChatbotView.js(305,24): error TS2584: Cannot find name 'document'. Do you need to change your target library? Try changing the 'lib' compiler option to include 'dom'.
ai-platform/web/simplebeacon-dashboard/js-es2018/views/ChatbotView.js(316,37): error TS2339: Property 'providers' does not exist on type 'unknown'.
ai-platform/web/simplebeacon-dashboard/js-es2018/views/ChatbotView.js(316,56): error TS2339: Property 'providers' does not exist on type 'unknown'.
ai-platform/web/simplebeacon-dashboard/js-es2018/views/ChatbotView.js(320,18): error TS2339: Property 'providers' does not exist on type 'unknown'.
ai-platform/web/simplebeacon-dashboard/js-es2018/views/ChatbotView.js(321,32): error TS2584: Cannot find name 'document'. Do you need to change your target library? Try changing the 'lib' compiler option to include 'dom'.
ai-platform/web/simplebeacon-dashboard/js-es2018/views/ChatbotView.js(327,41): error TS2339: Property 'providers' does not exist on type 'unknown'.
ai-platform/web/simplebeacon-dashboard/js-es2018/views/ChatbotView.js(340,32): error TS2584: Cannot find name 'document'. Do you need to change your target library? Try changing the 'lib' compiler option to include 'dom'.
ai-platform/web/simplebeacon-dashboard/js-es2018/views/ChatbotView.js(350,23): error TS2584: Cannot find name 'document'. Do you need to change your target library? Try changing the 'lib' compiler option to include 'dom'.
ai-platform/web/simplebeacon-dashboard/js-es2018/views/ChatbotView.js(392,31): error TS2584: Cannot find name 'document'. Do you need to change your target library? Try changing the 'lib' compiler option to include 'dom'.
ai-platform/web/simplebeacon-dashboard/js-es2018/views/ChatbotView.js(404,26): error TS2339: Property 'success' does not exist on type 'unknown'.
ai-platform/web/simplebeacon-dashboard/js-es2018/views/ChatbotView.js(405,84): error TS2339: Property 'response' does not exist on type 'unknown'.
ai-platform/web/simplebeacon-dashboard/js-es2018/views/ChatbotView.js(408,47): error TS2339: Property 'message' does not exist on type 'unknown'.
ai-platform/web/simplebeacon-dashboard/js-es2018/views/ChatbotView.js(433,16): error TS2304: Cannot find name 'HTMLElement'.
ai-platform/web/simplebeacon-dashboard/js-es2018/views/ChatbotView.js(458,47): error TS2584: Cannot find name 'document'. Do you need to change your target library? Try changing the 'lib' compiler option to include 'dom'.
ai-platform/web/simplebeacon-dashboard/js-es2018/views/ChatbotView.js(482,27): error TS2584: Cannot find name 'document'. Do you need to change your target library? Try changing the 'lib' compiler option to include 'dom'.
ai-platform/web/simplebeacon-dashboard/js-es2018/views/ChatbotView.js(607,21): error TS2584: Cannot find name 'document'. Do you need to change your target library? Try changing the 'lib' compiler option to include 'dom'.
ai-platform/web/simplebeacon-dashboard/js-es2018/views/ChatbotView.js(614,27): error TS2584: Cannot find name 'document'. Do you need to change your target library? Try changing the 'lib' compiler option to include 'dom'.
ai-platform/web/simplebeacon-dashboard/js-es2018/views/ChatbotView.js(617,27): error TS2584: Cannot find name 'document'. Do you need to change your target library? Try changing the 'lib' compiler option to include 'dom'.
ai-platform/web/simplebeacon-dashboard/js-es2018/views/ChatbotView.js(634,27): error TS2584: Cannot find name 'document'. Do you need to change your target library? Try changing the 'lib' compiler option to include 'dom'.
ai-platform/web/simplebeacon-dashboard/js-es2018/views/ChatbotView.js(695,19): error TS2339: Property 'clipboard' does not exist on type 'Navigator'.
ai-platform/web/simplebeacon-dashboard/js-es2018/views/ChatbotView.js(697,25): error TS2584: Cannot find name 'document'. Do you need to change your target library? Try changing the 'lib' compiler option to include 'dom'.
ai-platform/web/simplebeacon-dashboard/js-es2018/views/CodeMapView.js(2,29): error TS2307: Cannot find module '../services/scanService.js?v=20260711dedup2' or its corresponding type declarations.
ai-platform/web/simplebeacon-dashboard/js-es2018/views/CodeMapView.js(3,42): error TS2307: Cannot find module '../services/analyzeService.js?v=20260710inventory1' or its corresponding type declarations.
ai-platform/web/simplebeacon-dashboard/js-es2018/views/CodeMapView.js(125,92): error TS2448: Block-scoped variable 'totalFiles' used before its declaration.
ai-platform/web/simplebeacon-dashboard/js-es2018/views/CodeMapView.js(125,115): error TS2448: Block-scoped variable 'totalFiles' used before its declaration.
ai-platform/web/simplebeacon-dashboard/js-es2018/views/CodeMapView.js(125,142): error TS2448: Block-scoped variable 'totalFiles' used before its declaration.
ai-platform/web/simplebeacon-dashboard/js-es2018/views/CodeMapView.js(126,94): error TS2448: Block-scoped variable 'totalFolders' used before its declaration.
ai-platform/web/simplebeacon-dashboard/js-es2018/views/CodeMapView.js(126,119): error TS2448: Block-scoped variable 'totalFolders' used before its declaration.
ai-platform/web/simplebeacon-dashboard/js-es2018/views/CodeMapView.js(126,148): error TS2448: Block-scoped variable 'totalFolders' used before its declaration.
ai-platform/web/simplebeacon-dashboard/js-es2018/views/CodeMapView.js(127,85): error TS2448: Block-scoped variable 'qualityScore' used before its declaration.
ai-platform/web/simplebeacon-dashboard/js-es2018/views/CodeMapView.js(127,110): error TS2448: Block-scoped variable 'qualityScore' used before its declaration.
ai-platform/web/simplebeacon-dashboard/js-es2018/views/CodeMapView.js(127,139): error TS2448: Block-scoped variable 'qualityScore' used before its declaration.
ai-platform/web/simplebeacon-dashboard/js-es2018/views/CodeMapView.js(128,109): error TS2304: Cannot find name 'pass'.
ai-platform/web/simplebeacon-dashboard/js-es2018/views/CodeMapView.js(128,126): error TS2304: Cannot find name 'pass'.
ai-platform/web/simplebeacon-dashboard/js-es2018/views/CodeMapView.js(128,147): error TS2304: Cannot find name 'pass'.
ai-platform/web/simplebeacon-dashboard/js-es2018/views/DashboardView.js(2,146): error TS2307: Cannot find module '../services/analyzeService.js?v=20260710inventory1' or its corresponding type declarations.
ai-platform/web/simplebeacon-dashboard/js-es2018/views/DashboardView.js(3,98): error TS2307: Cannot find module '../components/ScanStatus.js?v=20260711viewresults1' or its corresponding type declarations.
ai-platform/web/simplebeacon-dashboard/js-es2018/views/DashboardView.js(5,54): error TS2307: Cannot find module '../components/QuickActions.js?v=20260711admin1' or its corresponding type declarations.
ai-platform/web/simplebeacon-dashboard/js-es2018/views/DashboardView.js(105,73): error TS2339: Property 'severityCounts' does not exist on type 'number'.
ai-platform/web/simplebeacon-dashboard/js-es2018/views/DashboardView.js(178,116): error TS2339: Property 'fictionKpiHits' does not exist on type 'number'.
ai-platform/web/simplebeacon-dashboard/js-es2018/views/DashboardView.js(179,111): error TS2339: Property 'schemaCompliance' does not exist on type 'number'.
ai-platform/web/simplebeacon-dashboard/js-es2018/views/DashboardView.js(181,111): error TS2339: Property 'consistencyScore' does not exist on type 'number'.
ai-platform/web/simplebeacon-dashboard/js-es2018/views/DashboardView.js(182,103): error TS2339: Property 'credentialFindings' does not exist on type 'number'.
ai-platform/web/simplebeacon-dashboard/js-es2018/views/DashboardView.js(183,103): error TS2339: Property 'productionLeakFindings' does not exist on type 'number'.
ai-platform/web/simplebeacon-dashboard/js-es2018/views/DashboardView.js(199,20): error TS2584: Cannot find name 'document'. Do you need to change your target library? Try changing the 'lib' compiler option to include 'dom'.
ai-platform/web/simplebeacon-dashboard/js-es2018/views/DashboardView.js(441,85): error TS2339: Property 'acquireVsCodeApi' does not exist on type 'typeof window'.
ai-platform/web/simplebeacon-dashboard/js-es2018/views/DashboardView.js(444,47): error TS2339: Property 'acquireVsCodeApi' does not exist on type 'typeof window'.
ai-platform/web/simplebeacon-dashboard/js-es2018/views/DashboardView.js(448,97): error TS2339: Property 'location' does not exist on type 'typeof window'.
ai-platform/web/simplebeacon-dashboard/js-es2018/views/DashboardView.js(466,93): error TS2339: Property 'location' does not exist on type 'typeof window'.
ai-platform/web/simplebeacon-dashboard/js-es2018/views/DashboardView.js(473,30): error TS2339: Property 'success' does not exist on type 'unknown'.
ai-platform/web/simplebeacon-dashboard/js-es2018/views/DashboardView.js(474,34): error TS2339: Property 'content' does not exist on type 'unknown'.
ai-platform/web/simplebeacon-dashboard/js-es2018/views/DashboardView.js(476,49): error TS2339: Property 'clipboard' does not exist on type 'Navigator'.
ai-platform/web/simplebeacon-dashboard/js-es2018/views/DashboardView.js(476,74): error TS2339: Property 'content' does not exist on type 'unknown'.
ai-platform/web/simplebeacon-dashboard/js-es2018/views/DashboardView.js(488,54): error TS2339: Property 'error' does not exist on type 'unknown'.
ai-platform/web/simplebeacon-dashboard/js-es2018/views/DashboardView.js(523,30): error TS2584: Cannot find name 'document'. Do you need to change your target library? Try changing the 'lib' compiler option to include 'dom'.
ai-platform/web/simplebeacon-dashboard/js-es2018/views/DashboardView.js(537,26): error TS2584: Cannot find name 'document'. Do you need to change your target library? Try changing the 'lib' compiler option to include 'dom'.
ai-platform/web/simplebeacon-dashboard/js-es2018/views/DashboardView.js(575,9): error TS2304: Cannot find name 'requestAnimationFrame'.
ai-platform/web/simplebeacon-dashboard/js-es2018/views/DashboardView.js(579,27): error TS2339: Property 'lucide' does not exist on type 'typeof window'.
ai-platform/web/simplebeacon-dashboard/js-es2018/views/DashboardView.js(580,20): error TS2339: Property 'lucide' does not exist on type 'typeof window'.
ai-platform/web/simplebeacon-dashboard/js-es2018/views/HelpView.js(4,152): error TS2307: Cannot find module '../services/analyzeService.js?v=20260710inventory1' or its corresponding type declarations.
ai-platform/web/simplebeacon-dashboard/js-es2018/views/HelpView.js(106,37): error TS2339: Property 'gate' does not exist on type 'number'.
ai-platform/web/simplebeacon-dashboard/js-es2018/views/HelpView.js(113,60): error TS2339: Property 'gate' does not exist on type 'number'.
ai-platform/web/simplebeacon-dashboard/js-es2018/views/HelpView.js(115,128): error TS2339: Property 'totalFiles' does not exist on type 'number'.
ai-platform/web/simplebeacon-dashboard/js-es2018/views/HelpView.js(141,20): error TS2584: Cannot find name 'document'. Do you need to change your target library? Try changing the 'lib' compiler option to include 'dom'.
ai-platform/web/simplebeacon-dashboard/js-es2018/views/HelpView.js(354,33): error TS2339: Property 'clipboard' does not exist on type 'Navigator'.
ai-platform/web/simplebeacon-dashboard/js-es2018/views/HelpView.js(396,20): error TS2584: Cannot find name 'document'. Do you need to change your target library? Try changing the 'lib' compiler option to include 'dom'.
ai-platform/web/simplebeacon-dashboard/js-es2018/views/PlatformView.js(2,84): error TS2307: Cannot find module '../services/analyzeService.js?v=20260710inventory1' or its corresponding type declarations.
ai-platform/web/simplebeacon-dashboard/js-es2018/views/PlatformView.js(54,91): error TS2339: Property 'mockSampleFiles' does not exist on type 'number'.
ai-platform/web/simplebeacon-dashboard/js-es2018/views/PlatformView.js(54,196): error TS2339: Property 'totalFiles' does not exist on type 'number'.
ai-platform/web/simplebeacon-dashboard/js-es2018/views/PlatformView.js(55,84): error TS2339: Property 'qualityScore' does not exist on type 'number'.
ai-platform/web/simplebeacon-dashboard/js-es2018/views/PlatformView.js(56,86): error TS2339: Property 'schemaCompliance' does not exist on type 'number'.
ai-platform/web/simplebeacon-dashboard/js-es2018/views/PlatformView.js(57,85): error TS2339: Property 'issueCount' does not exist on type 'number'.
ai-platform/web/simplebeacon-dashboard/js-es2018/views/PlatformView.js(61,93): error TS2339: Property 'mockSampleFiles' does not exist on type 'number'.
ai-platform/web/simplebeacon-dashboard/js-es2018/views/PlatformView.js(61,198): error TS2339: Property 'totalFiles' does not exist on type 'number'.
ai-platform/web/simplebeacon-dashboard/js-es2018/views/PlatformView.js(75,55): error TS2339: Property 'jestTests' does not exist on type 'any[]'.
ai-platform/web/simplebeacon-dashboard/js-es2018/views/PlatformView.js(75,176): error TS2339: Property 'jestTests' does not exist on type 'any[]'.
ai-platform/web/simplebeacon-dashboard/js-es2018/views/PlatformView.js(79,30): error TS2339: Property 'sampleJsonFiles' does not exist on type 'any[]'.
ai-platform/web/simplebeacon-dashboard/js-es2018/views/PlatformView.js(83,30): error TS2339: Property 'mockScanFiles' does not exist on type 'any[]'.
ai-platform/web/simplebeacon-dashboard/js-es2018/views/PlatformView.js(87,30): error TS2339: Property 'schemaPassRate' does not exist on type 'any[]'.
ai-platform/web/simplebeacon-dashboard/js-es2018/views/PlatformView.js(91,30): error TS2339: Property 'securityScore' does not exist on type 'any[]'.
ai-platform/web/simplebeacon-dashboard/js-es2018/views/PlatformView.js(135,20): error TS2584: Cannot find name 'document'. Do you need to change your target library? Try changing the 'lib' compiler option to include 'dom'.
ai-platform/web/simplebeacon-dashboard/js-es2018/views/ProfileView.js(105,26): error TS2584: Cannot find name 'document'. Do you need to change your target library? Try changing the 'lib' compiler option to include 'dom'.
ai-platform/web/simplebeacon-dashboard/js-es2018/views/ProfileView.js(316,41): error TS2304: Cannot find name 'prompt'.
ai-platform/web/simplebeacon-dashboard/js-es2018/views/ProfileView.js(350,35): error TS2584: Cannot find name 'document'. Do you need to change your target library? Try changing the 'lib' compiler option to include 'dom'.
ai-platform/web/simplebeacon-dashboard/js-es2018/views/ProfileView.js(353,20): error TS2339: Property 'location' does not exist on type 'typeof window'.
ai-platform/web/simplebeacon-dashboard/js-es2018/views/ProfileView.js(391,31): error TS2339: Property 'clipboard' does not exist on type 'Navigator'.
ai-platform/web/simplebeacon-dashboard/js-es2018/views/ProfileView.js(391,54): error TS2339: Property 'clipboard' does not exist on type 'Navigator'.
ai-platform/web/simplebeacon-dashboard/js-es2018/views/ProfileView.js(393,41): error TS2339: Property 'clipboard' does not exist on type 'Navigator'.
ai-platform/web/simplebeacon-dashboard/js-es2018/views/ProfileView.js(407,34): error TS2584: Cannot find name 'document'. Do you need to change your target library? Try changing the 'lib' compiler option to include 'dom'.
ai-platform/web/simplebeacon-dashboard/js-es2018/views/ProfileView.js(430,134): error TS2304: Cannot find name 'alert'.
ai-platform/web/simplebeacon-dashboard/js-es2018/views/QualityView.js(2,39): error TS2307: Cannot find module '../services/analyzeService.js?v=20260710inventory1' or its corresponding type declarations.
ai-platform/web/simplebeacon-dashboard/js-es2018/views/QualityView.js(79,60): error TS2339: Property 'acquireVsCodeApi' does not exist on type 'typeof window'.
ai-platform/web/simplebeacon-dashboard/js-es2018/views/QualityView.js(82,44): error TS2339: Property 'acquireVsCodeApi' does not exist on type 'typeof window'.
ai-platform/web/simplebeacon-dashboard/js-es2018/views/QualityView.js(99,20): error TS2584: Cannot find name 'document'. Do you need to change your target library? Try changing the 'lib' compiler option to include 'dom'.
ai-platform/web/simplebeacon-dashboard/js-es2018/views/QualityView.js(179,71): error TS2339: Property 'location' does not exist on type 'typeof window'.
ai-platform/web/simplebeacon-dashboard/js-es2018/views/QualityView.js(206,26): error TS2339: Property 'success' does not exist on type 'unknown'.
ai-platform/web/simplebeacon-dashboard/js-es2018/views/QualityView.js(206,42): error TS2339: Property 'content' does not exist on type 'unknown'.
ai-platform/web/simplebeacon-dashboard/js-es2018/views/QualityView.js(207,37): error TS2339: Property 'clipboard' does not exist on type 'Navigator'.
ai-platform/web/simplebeacon-dashboard/js-es2018/views/QualityView.js(207,62): error TS2339: Property 'content' does not exist on type 'unknown'.
ai-platform/web/simplebeacon-dashboard/js-es2018/views/QualityView.js(290,21): error TS2584: Cannot find name 'document'. Do you need to change your target library? Try changing the 'lib' compiler option to include 'dom'.
ai-platform/web/simplebeacon-dashboard/js-es2018/views/QualityView.js(297,22): error TS2584: Cannot find name 'document'. Do you need to change your target library? Try changing the 'lib' compiler option to include 'dom'.
ai-platform/web/simplebeacon-dashboard/js-es2018/views/QualityView.js(303,22): error TS2584: Cannot find name 'document'. Do you need to change your target library? Try changing the 'lib' compiler option to include 'dom'.
ai-platform/web/simplebeacon-dashboard/js-es2018/views/RemediationRoadmapView.js(9,25): error TS2339: Property 'type' does not exist on type 'boolean'.
ai-platform/web/simplebeacon-dashboard/js-es2018/views/RemediationRoadmapView.js(10,27): error TS2339: Property 'ruleId' does not exist on type 'boolean'.
ai-platform/web/simplebeacon-dashboard/js-es2018/views/RemediationRoadmapView.js(10,43): error TS2339: Property 'id' does not exist on type 'boolean'.
ai-platform/web/simplebeacon-dashboard/js-es2018/views/RemediationRoadmapView.js(11,32): error TS2339: Property 'description' does not exist on type 'boolean'.
ai-platform/web/simplebeacon-dashboard/js-es2018/views/RemediationRoadmapView.js(57,28): error TS2339: Property 'recommendedAction' does not exist on type 'boolean'.
ai-platform/web/simplebeacon-dashboard/js-es2018/views/RemediationRoadmapView.js(351,19): error TS2584: Cannot find name 'document'. Do you need to change your target library? Try changing the 'lib' compiler option to include 'dom'.
ai-platform/web/simplebeacon-dashboard/js-es2018/views/RemediationRoadmapView.js(354,9): error TS2584: Cannot find name 'document'. Do you need to change your target library? Try changing the 'lib' compiler option to include 'dom'.
ai-platform/web/simplebeacon-dashboard/js-es2018/views/RemediationRoadmapView.js(361,28): error TS2304: Cannot find name 'FileReader'.
ai-platform/web/simplebeacon-dashboard/js-es2018/views/RemediationRoadmapView.js(373,27): error TS2339: Property 'JSZip' does not exist on type 'typeof window'.
ai-platform/web/simplebeacon-dashboard/js-es2018/views/RemediationRoadmapView.js(378,38): error TS2339: Property 'JSZip' does not exist on type 'typeof window'.
ai-platform/web/simplebeacon-dashboard/js-es2018/views/RemediationRoadmapView.js(574,13): error TS2584: Cannot find name 'document'. Do you need to change your target library? Try changing the 'lib' compiler option to include 'dom'.
ai-platform/web/simplebeacon-dashboard/js-es2018/views/RemediationRoadmapView.js(577,25): error TS2584: Cannot find name 'document'. Do you need to change your target library? Try changing the 'lib' compiler option to include 'dom'.
ai-platform/web/simplebeacon-dashboard/js-es2018/views/RemediationRoadmapView.js(580,23): error TS2584: Cannot find name 'document'. Do you need to change your target library? Try changing the 'lib' compiler option to include 'dom'.
ai-platform/web/simplebeacon-dashboard/js-es2018/views/RemediationRoadmapView.js(602,9): error TS2584: Cannot find name 'document'. Do you need to change your target library? Try changing the 'lib' compiler option to include 'dom'.
ai-platform/web/simplebeacon-dashboard/js-es2018/views/RemediationRoadmapView.js(754,20): error TS2584: Cannot find name 'document'. Do you need to change your target library? Try changing the 'lib' compiler option to include 'dom'.
ai-platform/web/simplebeacon-dashboard/js-es2018/views/RemediationRoadmapView.js(932,19): error TS2339: Property 'clipboard' does not exist on type 'Navigator'.
ai-platform/web/simplebeacon-dashboard/js-es2018/views/RemediationRoadmapView.js(949,19): error TS2339: Property 'clipboard' does not exist on type 'Navigator'.
ai-platform/web/simplebeacon-dashboard/js-es2018/views/RemediationRoadmapView.js(970,26): error TS1064: The return type of an async function or method must be the global Promise<T> type. Did you mean to write 'Promise<any>'?
ai-platform/web/simplebeacon-dashboard/js-es2018/views/RemediationRoadmapView.js(981,26): error TS2339: Property 'id' does not exist on type 'unknown'.
ai-platform/web/simplebeacon-dashboard/js-es2018/views/RemediationRoadmapView.js(981,58): error TS2339: Property 'data' does not exist on type 'unknown'.
ai-platform/web/simplebeacon-dashboard/js-es2018/views/RemediationRoadmapView.js(982,33): error TS2339: Property 'data' does not exist on type 'unknown'.
ai-platform/web/simplebeacon-dashboard/js-es2018/views/RemediationRoadmapView.js(985,26): error TS2339: Property 'roadmap' does not exist on type 'unknown'.
ai-platform/web/simplebeacon-dashboard/js-es2018/views/RemediationRoadmapView.js(985,43): error TS2339: Property 'type' does not exist on type 'unknown'.
ai-platform/web/simplebeacon-dashboard/js-es2018/views/RemediationRoadmapView.js(985,71): error TS2339: Property 'issues' does not exist on type 'unknown'.
ai-platform/web/simplebeacon-dashboard/js-es2018/views/RemediationRoadmapView.js(985,102): error TS2339: Property 'phases' does not exist on type 'unknown'.
ai-platform/web/simplebeacon-dashboard/js-es2018/views/RemediationRoadmapView.js(986,33): error TS2339: Property 'roadmap' does not exist on type 'unknown'.
ai-platform/web/simplebeacon-dashboard/js-es2018/views/RemediationRoadmapView.js(989,26): error TS2339: Property 'type' does not exist on type 'unknown'.
ai-platform/web/simplebeacon-dashboard/js-es2018/views/RemediationRoadmapView.js(989,79): error TS2339: Property 'results' does not exist on type 'unknown'.
ai-platform/web/simplebeacon-dashboard/js-es2018/views/RemediationRoadmapView.js(990,42): error TS2339: Property 'results' does not exist on type 'unknown'.
ai-platform/web/simplebeacon-dashboard/js-es2018/views/RemediationRoadmapView.js(992,91): error TS2339: Property 'summary' does not exist on type 'unknown'.
ai-platform/web/simplebeacon-dashboard/js-es2018/views/RemediationRoadmapView.js(995,102): error TS2339: Property 'summary' does not exist on type 'unknown'.
ai-platform/web/simplebeacon-dashboard/js-es2018/views/RemediationRoadmapView.js(998,105): error TS2339: Property 'summary' does not exist on type 'unknown'.
ai-platform/web/simplebeacon-dashboard/js-es2018/views/RemediationRoadmapView.js(1001,87): error TS2339: Property 'generatedAt' does not exist on type 'unknown'.
ai-platform/web/simplebeacon-dashboard/js-es2018/views/RemediationRoadmapView.js(1005,26): error TS2339: Property 'type' does not exist on type 'unknown'.
ai-platform/web/simplebeacon-dashboard/js-es2018/views/RemediationRoadmapView.js(1006,54): error TS2339: Property 'rawIssues' does not exist on type 'unknown'.
ai-platform/web/simplebeacon-dashboard/js-es2018/views/RemediationRoadmapView.js(1006,120): error TS2339: Property 'rawIssues' does not exist on type 'unknown'.
ai-platform/web/simplebeacon-dashboard/js-es2018/views/RemediationRoadmapView.js(1006,138): error TS2339: Property 'detectedIssues' does not exist on type 'unknown'.
ai-platform/web/simplebeacon-dashboard/js-es2018/views/RemediationRoadmapView.js(1008,85): error TS2339: Property 'generatedAt' does not exist on type 'unknown'.
ai-platform/web/simplebeacon-dashboard/js-es2018/views/RemediationRoadmapView.js(1008,105): error TS2339: Property 'scannedAt' does not exist on type 'unknown'.
ai-platform/web/simplebeacon-dashboard/js-es2018/views/RemediationRoadmapView.js(1012,26): error TS2339: Property 'type' does not exist on type 'unknown'.
ai-platform/web/simplebeacon-dashboard/js-es2018/views/RemediationRoadmapView.js(1012,73): error TS2339: Property 'issues' does not exist on type 'unknown'.
ai-platform/web/simplebeacon-dashboard/js-es2018/views/RemediationRoadmapView.js(1012,89): error TS2339: Property 'phases' does not exist on type 'unknown'.
ai-platform/web/simplebeacon-dashboard/js-es2018/views/RemediationRoadmapView.js(1013,43): error TS2339: Property 'results' does not exist on type 'unknown'.
ai-platform/web/simplebeacon-dashboard/js-es2018/views/RemediationRoadmapView.js(1017,89): error TS2339: Property 'generatedAt' does not exist on type 'unknown'.
ai-platform/web/simplebeacon-dashboard/js-es2018/views/RemediationRoadmapView.js(1021,40): error TS2339: Property 'issues' does not exist on type 'unknown'.
ai-platform/web/simplebeacon-dashboard/js-es2018/views/RemediationRoadmapView.js(1021,56): error TS2339: Property 'issues' does not exist on type 'unknown'.
ai-platform/web/simplebeacon-dashboard/js-es2018/views/RemediationRoadmapView.js(1022,35): error TS2339: Property 'issues' does not exist on type 'unknown'.
ai-platform/web/simplebeacon-dashboard/js-es2018/views/RemediationRoadmapView.js(1023,49): error TS2339: Property 'metadata' does not exist on type 'unknown'.
ai-platform/web/simplebeacon-dashboard/js-es2018/views/RemediationRoadmapView.js(1025,45): error TS2339: Property 'phases' does not exist on type 'unknown'.
ai-platform/web/simplebeacon-dashboard/js-es2018/views/RemediationRoadmapView.js(1025,61): error TS2339: Property 'phases' does not exist on type 'unknown'.
ai-platform/web/simplebeacon-dashboard/js-es2018/views/RemediationRoadmapView.js(1026,66): error TS2339: Property 'phases' does not exist on type 'unknown'.
ai-platform/web/simplebeacon-dashboard/js-es2018/views/RemediationRoadmapView.js(1026,79): error TS2339: Property 'summary' does not exist on type 'unknown'.
ai-platform/web/simplebeacon-dashboard/js-es2018/views/RemediationRoadmapView.js(1030,45): error TS2339: Property 'developmentPhases' does not exist on type 'unknown'.
ai-platform/web/simplebeacon-dashboard/js-es2018/views/RemediationRoadmapView.js(1030,72): error TS2339: Property 'developmentPhases' does not exist on type 'unknown'.
ai-platform/web/simplebeacon-dashboard/js-es2018/views/RemediationRoadmapView.js(1031,66): error TS2339: Property 'developmentPhases' does not exist on type 'unknown'.
ai-platform/web/simplebeacon-dashboard/js-es2018/views/RemediationRoadmapView.js(1031,90): error TS2339: Property 'summary' does not exist on type 'unknown'.
ai-platform/web/simplebeacon-dashboard/js-es2018/views/RemediationRoadmapView.js(1035,45): error TS2339: Property 'implementationPhases' does not exist on type 'unknown'.
ai-platform/web/simplebeacon-dashboard/js-es2018/views/RemediationRoadmapView.js(1035,75): error TS2339: Property 'implementationPhases' does not exist on type 'unknown'.
ai-platform/web/simplebeacon-dashboard/js-es2018/views/RemediationRoadmapView.js(1036,66): error TS2339: Property 'implementationPhases' does not exist on type 'unknown'.
ai-platform/web/simplebeacon-dashboard/js-es2018/views/RemediationRoadmapView.js(1036,93): error TS2339: Property 'summary' does not exist on type 'unknown'.
ai-platform/web/simplebeacon-dashboard/js-es2018/views/RemediationRoadmapView.js(1066,28): error TS2339: Property 'location' does not exist on type 'typeof window'.
ai-platform/web/simplebeacon-dashboard/js-es2018/views/RemediationRoadmapView.js(1068,56): error TS2339: Property 'location' does not exist on type 'typeof window'.
ai-platform/web/simplebeacon-dashboard/js-es2018/views/RemediationRoadmapView.js(1069,31): error TS2339: Property 'location' does not exist on type 'typeof window'.
ai-platform/web/simplebeacon-dashboard/js-es2018/views/RemediationRoadmapView.js(1070,31): error TS2339: Property 'location' does not exist on type 'typeof window'.
ai-platform/web/simplebeacon-dashboard/js-es2018/views/RemediationRoadmapView.js(1071,31): error TS2339: Property 'location' does not exist on type 'typeof window'.
ai-platform/web/simplebeacon-dashboard/js-es2018/views/RepositoryHealthView.js(17,36): error TS2339: Property 'headers' does not exist on type 'any[]'.
ai-platform/web/simplebeacon-dashboard/js-es2018/views/RepositoryHealthView.js(42,14): error TS1064: The return type of an async function or method must be the global Promise<T> type. Did you mean to write 'Promise<any>'?
ai-platform/web/simplebeacon-dashboard/js-es2018/views/RepositoryHealthView.js(55,14): error TS1064: The return type of an async function or method must be the global Promise<T> type. Did you mean to write 'Promise<any>'?
ai-platform/web/simplebeacon-dashboard/js-es2018/views/RepositoryHealthView.js(60,30): error TS2339: Property 'json' does not exist on type 'any[]'.
ai-platform/web/simplebeacon-dashboard/js-es2018/views/RepositoryHealthView.js(65,14): error TS1064: The return type of an async function or method must be the global Promise<T> type. Did you mean to write 'Promise<any>'?
ai-platform/web/simplebeacon-dashboard/js-es2018/views/RepositoryHealthView.js(69,25): error TS2345: Argument of type 'Response' is not assignable to parameter of type 'any[]'.
  Type 'Response' is missing the following properties from type 'any[]': length, pop, push, concat, and 29 more.
ai-platform/web/simplebeacon-dashboard/js-es2018/views/RepositoryHealthView.js(96,25): error TS2339: Property 'success' does not exist on type 'unknown'.
ai-platform/web/simplebeacon-dashboard/js-es2018/views/RepositoryHealthView.js(97,30): error TS2339: Property 'error' does not exist on type 'unknown'.
ai-platform/web/simplebeacon-dashboard/js-es2018/views/RepositoryHealthView.js(97,44): error TS2339: Property 'message' does not exist on type 'unknown'.
ai-platform/web/simplebeacon-dashboard/js-es2018/views/RepositoryHealthView.js(350,22): error TS1064: The return type of an async function or method must be the global Promise<T> type. Did you mean to write 'Promise<any>'?
ai-platform/web/simplebeacon-dashboard/js-es2018/views/RepositoryHealthView.js(355,54): error TS2345: Argument of type 'Response' is not assignable to parameter of type 'any[]'.
  Type 'Response' is missing the following properties from type 'any[]': length, pop, push, concat, and 29 more.
ai-platform/web/simplebeacon-dashboard/js-es2018/views/RepositoryHealthView.js(404,9): error TS2304: Cannot find name 'requestAnimationFrame'.
ai-platform/web/simplebeacon-dashboard/js-es2018/views/RepositoryHealthView.js(437,50): error TS2345: Argument of type 'Response' is not assignable to parameter of type 'any[]'.
  Type 'Response' is missing the following properties from type 'any[]': length, pop, push, concat, and 29 more.
ai-platform/web/simplebeacon-dashboard/js-es2018/views/RepositoryHealthView.js(459,60): error TS2339: Property 'acquireVsCodeApi' does not exist on type 'typeof window'.
ai-platform/web/simplebeacon-dashboard/js-es2018/views/RepositoryHealthView.js(462,44): error TS2339: Property 'acquireVsCodeApi' does not exist on type 'typeof window'.
ai-platform/web/simplebeacon-dashboard/js-es2018/views/RepositoryHealthView.js(483,54): error TS2345: Argument of type 'Response' is not assignable to parameter of type 'any[]'.
  Type 'Response' is missing the following properties from type 'any[]': length, pop, push, concat, and 29 more.
ai-platform/web/simplebeacon-dashboard/js-es2018/views/RepositoryHealthView.js(519,54): error TS2345: Argument of type 'Response' is not assignable to parameter of type 'any[]'.
  Type 'Response' is missing the following properties from type 'any[]': length, pop, push, concat, and 29 more.
ai-platform/web/simplebeacon-dashboard/js-es2018/views/RepositoryHealthView.js(544,115): error TS2339: Property 'location' does not exist on type 'typeof window'.
ai-platform/web/simplebeacon-dashboard/js-es2018/views/RepositoryHealthView.js(576,26): error TS2339: Property 'success' does not exist on type 'unknown'.
ai-platform/web/simplebeacon-dashboard/js-es2018/views/RepositoryHealthView.js(576,42): error TS2339: Property 'content' does not exist on type 'unknown'.
ai-platform/web/simplebeacon-dashboard/js-es2018/views/RepositoryHealthView.js(577,37): error TS2339: Property 'clipboard' does not exist on type 'Navigator'.
ai-platform/web/simplebeacon-dashboard/js-es2018/views/RepositoryHealthView.js(577,62): error TS2339: Property 'content' does not exist on type 'unknown'.
ai-platform/web/simplebeacon-dashboard/js-es2018/views/ResultsView.js(2,57): error TS2307: Cannot find module '../services/analyzeService.js?v=20260710inventory1' or its corresponding type declarations.
ai-platform/web/simplebeacon-dashboard/js-es2018/views/ResultsView.js(87,20): error TS2584: Cannot find name 'document'. Do you need to change your target library? Try changing the 'lib' compiler option to include 'dom'.
ai-platform/web/simplebeacon-dashboard/js-es2018/views/ResultsView.js(184,28): error TS2584: Cannot find name 'document'. Do you need to change your target library? Try changing the 'lib' compiler option to include 'dom'.
ai-platform/web/simplebeacon-dashboard/js-es2018/views/ResultsView.js(265,81): error TS2339: Property 'acquireVsCodeApi' does not exist on type 'typeof window'.
ai-platform/web/simplebeacon-dashboard/js-es2018/views/ResultsView.js(268,43): error TS2339: Property 'acquireVsCodeApi' does not exist on type 'typeof window'.
ai-platform/web/simplebeacon-dashboard/js-es2018/views/ResultsView.js(272,93): error TS2339: Property 'location' does not exist on type 'typeof window'.
ai-platform/web/simplebeacon-dashboard/js-es2018/views/ResultsView.js(290,89): error TS2339: Property 'location' does not exist on type 'typeof window'.
ai-platform/web/simplebeacon-dashboard/js-es2018/views/ResultsView.js(297,26): error TS2339: Property 'success' does not exist on type 'unknown'.
ai-platform/web/simplebeacon-dashboard/js-es2018/views/ResultsView.js(298,30): error TS2339: Property 'content' does not exist on type 'unknown'.
ai-platform/web/simplebeacon-dashboard/js-es2018/views/ResultsView.js(300,45): error TS2339: Property 'clipboard' does not exist on type 'Navigator'.
ai-platform/web/simplebeacon-dashboard/js-es2018/views/ResultsView.js(300,70): error TS2339: Property 'content' does not exist on type 'unknown'.
ai-platform/web/simplebeacon-dashboard/js-es2018/views/ResultsView.js(312,50): error TS2339: Property 'error' does not exist on type 'unknown'.
ai-platform/web/simplebeacon-dashboard/js-es2018/views/SecurityView.js(18,60): error TS2339: Property 'acquireVsCodeApi' does not exist on type 'typeof window'.
ai-platform/web/simplebeacon-dashboard/js-es2018/views/SecurityView.js(21,44): error TS2339: Property 'acquireVsCodeApi' does not exist on type 'typeof window'.
ai-platform/web/simplebeacon-dashboard/js-es2018/views/SecurityView.js(83,20): error TS2584: Cannot find name 'document'. Do you need to change your target library? Try changing the 'lib' compiler option to include 'dom'.
ai-platform/web/simplebeacon-dashboard/js-es2018/views/SecurityView.js(243,181): error TS2339: Property 'location' does not exist on type 'typeof window'.
ai-platform/web/simplebeacon-dashboard/js-es2018/views/SecurityView.js(267,26): error TS2339: Property 'success' does not exist on type 'unknown'.
ai-platform/web/simplebeacon-dashboard/js-es2018/views/SecurityView.js(267,42): error TS2339: Property 'content' does not exist on type 'unknown'.
ai-platform/web/simplebeacon-dashboard/js-es2018/views/SecurityView.js(268,37): error TS2339: Property 'clipboard' does not exist on type 'Navigator'.
ai-platform/web/simplebeacon-dashboard/js-es2018/views/SecurityView.js(268,62): error TS2339: Property 'content' does not exist on type 'unknown'.
ai-platform/web/simplebeacon-dashboard/js-es2018/views/SettingsView.js(2,62): error TS2307: Cannot find module '../services/analyzeService.js?v=20260710inventory1' or its corresponding type declarations.
ai-platform/web/simplebeacon-dashboard/js-es2018/views/SettingsView.js(4,29): error TS2307: Cannot find module '../services/scanService.js?v=20260711dedup2' or its corresponding type declarations.
ai-platform/web/simplebeacon-dashboard/js-es2018/views/SettingsView.js(6,108): error TS2307: Cannot find module '../services/aiKeysService.js?v=20260711cachefix1' or its corresponding type declarations.
ai-platform/web/simplebeacon-dashboard/js-es2018/views/SettingsView.js(275,34): error TS2339: Property 'ollamaBaseUrl' does not exist on type '{}'.
ai-platform/web/simplebeacon-dashboard/js-es2018/views/SettingsView.js(276,32): error TS2339: Property 'ollamaModel' does not exist on type '{}'.
ai-platform/web/simplebeacon-dashboard/js-es2018/views/SettingsView.js(284,20): error TS2584: Cannot find name 'document'. Do you need to change your target library? Try changing the 'lib' compiler option to include 'dom'.
ai-platform/web/simplebeacon-dashboard/js-es2018/views/SettingsView.js(352,17): error TS2367: This comparison appears to be unintentional because the types 'boolean' and 'string' have no overlap.
ai-platform/web/simplebeacon-dashboard/js-es2018/views/SettingsView.js(355,17): error TS2367: This comparison appears to be unintentional because the types 'boolean' and 'string' have no overlap.
ai-platform/web/simplebeacon-dashboard/js-es2018/views/SettingsView.js(436,15): error TS2367: This comparison appears to be unintentional because the types 'boolean' and 'string' have no overlap.
ai-platform/web/simplebeacon-dashboard/js-es2018/views/SettingsView.js(439,15): error TS2367: This comparison appears to be unintentional because the types 'boolean' and 'string' have no overlap.
ai-platform/web/simplebeacon-dashboard/js-es2018/views/SettingsView.js(508,15): error TS2367: This comparison appears to be unintentional because the types 'boolean' and 'string' have no overlap.
ai-platform/web/simplebeacon-dashboard/js-es2018/views/SettingsView.js(665,30): error TS2339: Property 'prompt' does not exist on type 'typeof window'.
ai-platform/web/simplebeacon-dashboard/js-es2018/views/SettingsView.js(688,18): error TS2339: Property 'saveVault' does not exist on type 'SettingsView'.
ai-platform/web/simplebeacon-dashboard/js-es2018/views/SettingsView.js(928,15): error TS2367: This comparison appears to be unintentional because the types 'boolean' and 'string' have no overlap.
ai-platform/web/simplebeacon-dashboard/js-es2018/views/SettingsView.js(931,15): error TS2367: This comparison appears to be unintentional because the types 'boolean' and 'string' have no overlap.
ai-platform/web/simplebeacon-dashboard/js-es2018/views/SettingsView.js(974,35): error TS2367: This comparison appears to be unintentional because the types 'boolean' and 'string' have no overlap.
ai-platform/web/simplebeacon-dashboard/js-es2018/views/SettingsView.js(978,35): error TS2367: This comparison appears to be unintentional because the types 'boolean' and 'string' have no overlap.
ai-platform/web/simplebeacon-dashboard/js-es2018/views/SettingsView.js(986,34): error TS2339: Property 'ollamaBaseUrl' does not exist on type '{}'.
ai-platform/web/simplebeacon-dashboard/js-es2018/views/SettingsView.js(987,32): error TS2339: Property 'ollamaModel' does not exist on type '{}'.
ai-platform/web/simplebeacon-dashboard/js-es2018/views/SettingsView.js(1004,9): error TS2322: Type 'string' is not assignable to type 'boolean'.
ai-platform/web/simplebeacon-dashboard/js-es2018/views/SettingsView.js(1027,9): error TS2322: Type 'string' is not assignable to type 'boolean'.
ai-platform/web/simplebeacon-dashboard/js-es2018/views/SettingsView.js(1056,9): error TS2322: Type 'string' is not assignable to type 'boolean'.
ai-platform/web/simplebeacon-dashboard/js-es2018/views/SettingsView.js(1259,20): error TS2339: Property 'open' does not exist on type 'typeof window'.
ai-platform/web/simplebeacon-dashboard/js-es2018/views/SettingsView.js(1264,20): error TS2339: Property 'open' does not exist on type 'typeof window'.
ai-platform/web/simplebeacon-dashboard/js-es2018/views/SettingsView.js(1358,9): error TS2322: Type 'string' is not assignable to type 'boolean'.
ai-platform/web/simplebeacon-dashboard/js-es2018/views/SettingsView.js(1377,9): error TS2322: Type 'string' is not assignable to type 'boolean'.
ai-platform/web/simplebeacon-dashboard/js-es2018/views/SettingsView.js(1420,9): error TS2322: Type 'string' is not assignable to type 'boolean'.
ai-platform/web/simplebeacon-dashboard/js-es2018/views/SettingsView.js(1452,9): error TS2322: Type 'string' is not assignable to type 'boolean'.
ai-platform/web/simplebeacon-dashboard/js-es2018/views/SettingsView.js(1476,9): error TS2322: Type 'string' is not assignable to type 'boolean'.
ai-platform/web/simplebeacon-dashboard/js-es2018/views/SignInView.js(95,54): error TS2339: Property 'location' does not exist on type 'typeof window'.
ai-platform/web/simplebeacon-dashboard/js-es2018/views/SignInView.js(291,25): error TS2584: Cannot find name 'document'. Do you need to change your target library? Try changing the 'lib' compiler option to include 'dom'.
ai-platform/web/simplebeacon-dashboard/js-es2018/views/SignInView.js(308,9): error TS2584: Cannot find name 'document'. Do you need to change your target library? Try changing the 'lib' compiler option to include 'dom'.
ai-platform/web/simplebeacon-dashboard/js-es2018/views/SignInView.js(353,21): error TS2339: Property 'PublicKeyCredential' does not exist on type 'typeof window'.
ai-platform/web/simplebeacon-dashboard/js-es2018/views/ToolsView.js(2,152): error TS2307: Cannot find module '../services/analyzeService.js?v=20260710inventory1' or its corresponding type declarations.
ai-platform/web/simplebeacon-dashboard/js-es2018/views/ToolsView.js(3,29): error TS2307: Cannot find module '../services/scanService.js?v=20260711dedup2' or its corresponding type declarations.
ai-platform/web/simplebeacon-dashboard/js-es2018/views/ToolsView.js(43,58): error TS2339: Property 'gate' does not exist on type 'number'.
ai-platform/web/simplebeacon-dashboard/js-es2018/views/ToolsView.js(43,146): error TS2339: Property 'gate' does not exist on type 'number'.
ai-platform/web/simplebeacon-dashboard/js-es2018/views/ToolsView.js(45,126): error TS2339: Property 'totalFiles' does not exist on type 'number'.
ai-platform/web/simplebeacon-dashboard/js-es2018/views/ToolsView.js(48,63): error TS2339: Property 'schemaCompliance' does not exist on type 'number'.
ai-platform/web/simplebeacon-dashboard/js-es2018/views/ToolsView.js(122,20): error TS2584: Cannot find name 'document'. Do you need to change your target library? Try changing the 'lib' compiler option to include 'dom'.
ai-platform/web/simplebeacon-dashboard/js-es2018/views/TrustView.js(27,14): error TS1064: The return type of an async function or method must be the global Promise<T> type. Did you mean to write 'Promise<any>'?
ai-platform/web/simplebeacon-dashboard/js-es2018/views/TrustView.js(69,14): error TS1064: The return type of an async function or method must be the global Promise<T> type. Did you mean to write 'Promise<any>'?
ai-platform/web/simplebeacon-dashboard/js-es2018/views/TrustView.js(204,60): error TS2339: Property 'acquireVsCodeApi' does not exist on type 'typeof window'.
ai-platform/web/simplebeacon-dashboard/js-es2018/views/TrustView.js(207,44): error TS2339: Property 'acquireVsCodeApi' does not exist on type 'typeof window'.
ai-platform/web/simplebeacon-dashboard/js-es2018/views/TrustView.js(324,115): error TS2339: Property 'location' does not exist on type 'typeof window'.
ai-platform/web/simplebeacon-dashboard/js-es2018/views/TrustView.js(341,19): error TS2584: Cannot find name 'document'. Do you need to change your target library? Try changing the 'lib' compiler option to include 'dom'.
ai-platform/web/simplebeacon-dashboard/js-es2018/views/TrustView.js(344,9): error TS2584: Cannot find name 'document'. Do you need to change your target library? Try changing the 'lib' compiler option to include 'dom'.
ai-platform/web/simplebeacon-dashboard/js-es2018/views/TrustView.js(373,75): error TS2339: Property 'location' does not exist on type 'typeof window'.
ai-platform/web/simplebeacon-dashboard/js-es2018/views/TrustView.js(399,30): error TS2339: Property 'success' does not exist on type 'unknown'.
ai-platform/web/simplebeacon-dashboard/js-es2018/views/TrustView.js(399,46): error TS2339: Property 'content' does not exist on type 'unknown'.
ai-platform/web/simplebeacon-dashboard/js-es2018/views/TrustView.js(400,41): error TS2339: Property 'clipboard' does not exist on type 'Navigator'.
ai-platform/web/simplebeacon-dashboard/js-es2018/views/TrustView.js(400,66): error TS2339: Property 'content' does not exist on type 'unknown'.
ai-platform/web/simplebeacon-dashboard/js-es2018/views/UploadView.js(90,26): error TS2339: Property 'licenseToken' does not exist on type 'unknown'.
ai-platform/web/simplebeacon-dashboard/js-es2018/views/UploadView.js(91,47): error TS2339: Property 'licenseToken' does not exist on type 'unknown'.
ai-platform/web/simplebeacon-dashboard/js-es2018/views/UploadView.js(174,28): error TS2339: Property 'success' does not exist on type 'unknown'.
ai-platform/web/simplebeacon-dashboard/js-es2018/views/UploadView.js(175,104): error TS2339: Property 'deliveryId' does not exist on type 'unknown'.
ai-platform/web/simplebeacon-dashboard/js-es2018/views/UploadView.js(178,52): error TS2339: Property 'error' does not exist on type 'unknown'.
ai-platform/web/simplebeacon-dashboard/js-es2018/views/UploadView.js(191,28): error TS2584: Cannot find name 'document'. Do you need to change your target library? Try changing the 'lib' compiler option to include 'dom'.
ai-platform/web/simplebeacon-dashboard/js-es2018/views/UploadView.js(196,28): error TS2304: Cannot find name 'FileReader'.
ai-platform/web/simplebeacon-dashboard/js-es2018/views/UploadView.js(205,32): error TS2584: Cannot find name 'document'. Do you need to change your target library? Try changing the 'lib' compiler option to include 'dom'.
ai-platform/web/simplebeacon-dashboard/js-es2018/workers/scan-wasm-bridge.js(8,74): error TS1343: The 'import.meta' meta-property is only allowed when the '--module' option is 'es2020', 'es2022', 'esnext', 'system', 'node16', 'node18', 'node20', or 'nodenext'.
ai-platform/web/simplebeacon-dashboard/js-es2018/workers/scan-wasm-bridge.js(56,43): error TS2554: Expected 0-1 arguments, but got 2.
ai-platform/web/simplebeacon-dashboard/js-es2018/workers/scan-wasm-bridge.js(68,51): error TS2554: Expected 0-1 arguments, but got 2.
ai-platform/web/simplebeacon-dashboard/js-es2018/workers/scan-wasm-bridge.js(158,43): error TS7036: Dynamic import's specifier must be of type 'string', but here has type 'URL'.
ai-platform/web/simplebeacon-dashboard/js-es2018/workers/scan-worker.js(8,53): error TS2307: Cannot find module './scan-wasm-bridge.js?v=20260709noise3' or its corresponding type declarations.
ai-platform/web/simplebeacon-dashboard/js-es2018/workers/scan-worker.js(230,22): error TS2551: Property 'postMessage' does not exist on type 'typeof self'. Did you mean 'onmessage'?
ai-platform/web/simplebeacon-dashboard/js-es2018/workers/scan-worker.js(237,10): error TS2551: Property 'postMessage' does not exist on type 'typeof self'. Did you mean 'onmessage'?
ai-platform/web/simplebeacon-dashboard/js-es2018/workers/scan-worker.js(243,14): error TS2551: Property 'postMessage' does not exist on type 'typeof self'. Did you mean 'onmessage'?
ai-platform/web/simplebeacon-dashboard/js-es2018/workers/scan-worker.js(246,18): error TS2551: Property 'postMessage' does not exist on type 'typeof self'. Did you mean 'onmessage'?
ai-platform/web/simplebeacon-dashboard/js-es2018/workers/scan-worker.js(249,18): error TS2551: Property 'postMessage' does not exist on type 'typeof self'. Did you mean 'onmessage'?
ai-platform/web/simplebeacon-dashboard/js/__tests__/utils.test.mjs(9,43): error TS2614: Module '"../utils.js"' has no exported member 'freezeNamespace'. Did you mean to use 'import freezeNamespace from "../utils.js"' instead?
ai-platform/web/simplebeacon-dashboard/js/__tests__/utils.test.mjs(281,42): error TS2345: Argument of type '{ headers: { get: () => string; }; text: () => Promise<string>; }' is not assignable to parameter of type 'Response'.
  Type '{ headers: { get: () => string; }; text: () => Promise<string>; }' is missing the following properties from type 'Response': ok, status, statusText, type, and 10 more.
ai-platform/web/simplebeacon-dashboard/js/__tests__/utils.test.mjs(290,42): error TS2345: Argument of type '{ headers: { get: () => string; }; text: () => Promise<string>; }' is not assignable to parameter of type 'Response'.
  Type '{ headers: { get: () => string; }; text: () => Promise<string>; }' is missing the following properties from type 'Response': ok, status, statusText, type, and 10 more.
ai-platform/web/simplebeacon-dashboard/js/__tests__/utils.test.mjs(299,42): error TS2345: Argument of type '{ headers: { get: () => string; }; text: () => Promise<string>; }' is not assignable to parameter of type 'Response'.
  Type '{ headers: { get: () => string; }; text: () => Promise<string>; }' is missing the following properties from type 'Response': ok, status, statusText, type, and 10 more.
ai-platform/web/simplebeacon-dashboard/js/__tests__/utils.test.mjs(308,42): error TS2345: Argument of type '{ headers: { get: () => string; }; text: () => Promise<string>; }' is not assignable to parameter of type 'Response'.
  Type '{ headers: { get: () => string; }; text: () => Promise<string>; }' is missing the following properties from type 'Response': ok, status, statusText, type, and 10 more.
ai-platform/web/simplebeacon-dashboard/js/components/CodebaseReport.js(18,17): error TS8024: JSDoc '@param' tag has name 'loading', but there is no parameter with that name.
ai-platform/web/simplebeacon-dashboard/js/components/CodebaseReport.js(19,17): error TS8024: JSDoc '@param' tag has name 'error', but there is no parameter with that name.
ai-platform/web/simplebeacon-dashboard/js/components/ConsolidationReport.js(6,17): error TS8024: JSDoc '@param' tag has name 'loading', but there is no parameter with that name.
ai-platform/web/simplebeacon-dashboard/js/components/ConsolidationReport.js(7,17): error TS8024: JSDoc '@param' tag has name 'error', but there is no parameter with that name.
ai-platform/web/simplebeacon-dashboard/js/components/DataCleanupReport.js(88,27): error TS2339: Property 'buildArtifacts' does not exist on type 'any[]'.
ai-platform/web/simplebeacon-dashboard/js/components/DataCleanupReport.js(147,27): error TS2339: Property 'assetConsolidation' does not exist on type 'any[]'.
ai-platform/web/simplebeacon-dashboard/js/components/DataCleanupReport.js(183,27): error TS2339: Property 'unusedFiles' does not exist on type 'any[]'.
ai-platform/web/simplebeacon-dashboard/js/components/DataCleanupReport.js(219,27): error TS2339: Property 'directoryBloat' does not exist on type 'any[]'.
ai-platform/web/simplebeacon-dashboard/js/components/DataCleanupReport.js(560,20): error TS8024: JSDoc '@param' tag has name 'profile', but there is no parameter with that name.
ai-platform/web/simplebeacon-dashboard/js/components/DataCleanupReport.js(561,17): error TS8024: JSDoc '@param' tag has name 'loading', but there is no parameter with that name.
ai-platform/web/simplebeacon-dashboard/js/components/DataCleanupReport.js(562,17): error TS8024: JSDoc '@param' tag has name 'error', but there is no parameter with that name.
ai-platform/web/simplebeacon-dashboard/js/components/DownloadCredentialsModal.js(10,46): error TS2739: Type '{}' is missing the following properties from type '{ title: string; submitLabel: string; onSubmit: Function; defaults?: any; }': title, submitLabel, onSubmit
ai-platform/web/simplebeacon-dashboard/js/components/DownloadCredentialsModal.js(11,20): error TS2584: Cannot find name 'document'. Do you need to change your target library? Try changing the 'lib' compiler option to include 'dom'.
ai-platform/web/simplebeacon-dashboard/js/components/DownloadCredentialsModal.js(14,19): error TS2584: Cannot find name 'document'. Do you need to change your target library? Try changing the 'lib' compiler option to include 'dom'.
ai-platform/web/simplebeacon-dashboard/js/components/DownloadCredentialsModal.js(17,17): error TS2584: Cannot find name 'document'. Do you need to change your target library? Try changing the 'lib' compiler option to include 'dom'.
ai-platform/web/simplebeacon-dashboard/js/components/DownloadCredentialsModal.js(22,18): error TS2584: Cannot find name 'document'. Do you need to change your target library? Try changing the 'lib' compiler option to include 'dom'.
ai-platform/web/simplebeacon-dashboard/js/components/DownloadCredentialsModal.js(24,19): error TS2584: Cannot find name 'document'. Do you need to change your target library? Try changing the 'lib' compiler option to include 'dom'.
ai-platform/web/simplebeacon-dashboard/js/components/DownloadCredentialsModal.js(27,16): error TS2584: Cannot find name 'document'. Do you need to change your target library? Try changing the 'lib' compiler option to include 'dom'.
ai-platform/web/simplebeacon-dashboard/js/components/DownloadCredentialsModal.js(32,16): error TS2584: Cannot find name 'document'. Do you need to change your target library? Try changing the 'lib' compiler option to include 'dom'.
ai-platform/web/simplebeacon-dashboard/js/components/DownloadCredentialsModal.js(44,17): error TS2584: Cannot find name 'document'. Do you need to change your target library? Try changing the 'lib' compiler option to include 'dom'.
ai-platform/web/simplebeacon-dashboard/js/components/DownloadCredentialsModal.js(48,17): error TS2584: Cannot find name 'document'. Do you need to change your target library? Try changing the 'lib' compiler option to include 'dom'.
ai-platform/web/simplebeacon-dashboard/js/components/DownloadCredentialsModal.js(60,18): error TS2584: Cannot find name 'document'. Do you need to change your target library? Try changing the 'lib' compiler option to include 'dom'.
ai-platform/web/simplebeacon-dashboard/js/components/DownloadCredentialsModal.js(65,21): error TS2584: Cannot find name 'document'. Do you need to change your target library? Try changing the 'lib' compiler option to include 'dom'.
ai-platform/web/simplebeacon-dashboard/js/components/DownloadCredentialsModal.js(70,21): error TS2584: Cannot find name 'document'. Do you need to change your target library? Try changing the 'lib' compiler option to include 'dom'.
ai-platform/web/simplebeacon-dashboard/js/components/DownloadCredentialsModal.js(82,3): error TS2584: Cannot find name 'document'. Do you need to change your target library? Try changing the 'lib' compiler option to include 'dom'.
ai-platform/web/simplebeacon-dashboard/js/components/IssueCard.js(10,16): error TS2584: Cannot find name 'document'. Do you need to change your target library? Try changing the 'lib' compiler option to include 'dom'.
ai-platform/web/simplebeacon-dashboard/js/components/IssueCard.js(17,16): error TS2584: Cannot find name 'document'. Do you need to change your target library? Try changing the 'lib' compiler option to include 'dom'.
ai-platform/web/simplebeacon-dashboard/js/components/IssueCard.js(21,19): error TS2584: Cannot find name 'document'. Do you need to change your target library? Try changing the 'lib' compiler option to include 'dom'.
ai-platform/web/simplebeacon-dashboard/js/components/IssueCard.js(23,17): error TS2584: Cannot find name 'document'. Do you need to change your target library? Try changing the 'lib' compiler option to include 'dom'.
ai-platform/web/simplebeacon-dashboard/js/components/IssueCard.js(26,17): error TS2584: Cannot find name 'document'. Do you need to change your target library? Try changing the 'lib' compiler option to include 'dom'.
ai-platform/web/simplebeacon-dashboard/js/components/IssueCard.js(32,20): error TS2584: Cannot find name 'document'. Do you need to change your target library? Try changing the 'lib' compiler option to include 'dom'.
ai-platform/web/simplebeacon-dashboard/js/components/IssueCard.js(49,19): error TS2584: Cannot find name 'document'. Do you need to change your target library? Try changing the 'lib' compiler option to include 'dom'.
ai-platform/web/simplebeacon-dashboard/js/components/LoginModal.js(10,20): error TS2584: Cannot find name 'document'. Do you need to change your target library? Try changing the 'lib' compiler option to include 'dom'.
ai-platform/web/simplebeacon-dashboard/js/components/LoginModal.js(13,19): error TS2584: Cannot find name 'document'. Do you need to change your target library? Try changing the 'lib' compiler option to include 'dom'.
ai-platform/web/simplebeacon-dashboard/js/components/LoginModal.js(16,17): error TS2584: Cannot find name 'document'. Do you need to change your target library? Try changing the 'lib' compiler option to include 'dom'.
ai-platform/web/simplebeacon-dashboard/js/components/LoginModal.js(20,18): error TS2584: Cannot find name 'document'. Do you need to change your target library? Try changing the 'lib' compiler option to include 'dom'.
ai-platform/web/simplebeacon-dashboard/js/components/LoginModal.js(22,17): error TS2584: Cannot find name 'document'. Do you need to change your target library? Try changing the 'lib' compiler option to include 'dom'.
ai-platform/web/simplebeacon-dashboard/js/components/LoginModal.js(25,16): error TS2584: Cannot find name 'document'. Do you need to change your target library? Try changing the 'lib' compiler option to include 'dom'.
ai-platform/web/simplebeacon-dashboard/js/components/LoginModal.js(30,16): error TS2584: Cannot find name 'document'. Do you need to change your target library? Try changing the 'lib' compiler option to include 'dom'.
ai-platform/web/simplebeacon-dashboard/js/components/LoginModal.js(33,17): error TS2584: Cannot find name 'document'. Do you need to change your target library? Try changing the 'lib' compiler option to include 'dom'.
ai-platform/web/simplebeacon-dashboard/js/components/LoginModal.js(37,17): error TS2584: Cannot find name 'document'. Do you need to change your target library? Try changing the 'lib' compiler option to include 'dom'.
ai-platform/web/simplebeacon-dashboard/js/components/LoginModal.js(45,25): error TS2584: Cannot find name 'document'. Do you need to change your target library? Try changing the 'lib' compiler option to include 'dom'.
ai-platform/web/simplebeacon-dashboard/js/components/LoginModal.js(49,25): error TS2584: Cannot find name 'document'. Do you need to change your target library? Try changing the 'lib' compiler option to include 'dom'.
ai-platform/web/simplebeacon-dashboard/js/components/LoginModal.js(55,17): error TS2584: Cannot find name 'document'. Do you need to change your target library? Try changing the 'lib' compiler option to include 'dom'.
ai-platform/web/simplebeacon-dashboard/js/components/LoginModal.js(60,21): error TS2584: Cannot find name 'document'. Do you need to change your target library? Try changing the 'lib' compiler option to include 'dom'.
ai-platform/web/simplebeacon-dashboard/js/components/LoginModal.js(65,23): error TS2584: Cannot find name 'document'. Do you need to change your target library? Try changing the 'lib' compiler option to include 'dom'.
ai-platform/web/simplebeacon-dashboard/js/components/LoginModal.js(81,3): error TS2584: Cannot find name 'document'. Do you need to change your target library? Try changing the 'lib' compiler option to include 'dom'.
ai-platform/web/simplebeacon-dashboard/js/components/LoginModal.js(102,14): error TS2339: Property 'location' does not exist on type 'typeof window'.
ai-platform/web/simplebeacon-dashboard/js/components/LoginModal.js(144,26): error TS2584: Cannot find name 'document'. Do you need to change your target library? Try changing the 'lib' compiler option to include 'dom'.
ai-platform/web/simplebeacon-dashboard/js/components/LoginModal.js(147,24): error TS2584: Cannot find name 'document'. Do you need to change your target library? Try changing the 'lib' compiler option to include 'dom'.
ai-platform/web/simplebeacon-dashboard/js/components/LoginModal.js(154,24): error TS2584: Cannot find name 'document'. Do you need to change your target library? Try changing the 'lib' compiler option to include 'dom'.
ai-platform/web/simplebeacon-dashboard/js/components/LoginModal.js(162,19): error TS2584: Cannot find name 'document'. Do you need to change your target library? Try changing the 'lib' compiler option to include 'dom'.
ai-platform/web/simplebeacon-dashboard/js/components/LoginModal.js(169,24): error TS2584: Cannot find name 'document'. Do you need to change your target library? Try changing the 'lib' compiler option to include 'dom'.
ai-platform/web/simplebeacon-dashboard/js/components/LoginModal.js(176,21): error TS2584: Cannot find name 'document'. Do you need to change your target library? Try changing the 'lib' compiler option to include 'dom'.
ai-platform/web/simplebeacon-dashboard/js/components/LoginModal.js(184,21): error TS2584: Cannot find name 'document'. Do you need to change your target library? Try changing the 'lib' compiler option to include 'dom'.
ai-platform/web/simplebeacon-dashboard/js/components/LoginModal.js(216,28): error TS2339: Property 'success' does not exist on type 'unknown'.
ai-platform/web/simplebeacon-dashboard/js/components/LoginModal.js(221,45): error TS2339: Property 'error' does not exist on type 'unknown'.
ai-platform/web/simplebeacon-dashboard/js/components/Onboarding.js(24,19): error TS2584: Cannot find name 'document'. Do you need to change your target library? Try changing the 'lib' compiler option to include 'dom'.
ai-platform/web/simplebeacon-dashboard/js/components/Onboarding.js(27,17): error TS2584: Cannot find name 'document'. Do you need to change your target library? Try changing the 'lib' compiler option to include 'dom'.
ai-platform/web/simplebeacon-dashboard/js/components/Onboarding.js(31,17): error TS2584: Cannot find name 'document'. Do you need to change your target library? Try changing the 'lib' compiler option to include 'dom'.
ai-platform/web/simplebeacon-dashboard/js/components/Onboarding.js(34,16): error TS2584: Cannot find name 'document'. Do you need to change your target library? Try changing the 'lib' compiler option to include 'dom'.
ai-platform/web/simplebeacon-dashboard/js/components/Onboarding.js(36,16): error TS2584: Cannot find name 'document'. Do you need to change your target library? Try changing the 'lib' compiler option to include 'dom'.
ai-platform/web/simplebeacon-dashboard/js/components/Onboarding.js(44,16): error TS2584: Cannot find name 'document'. Do you need to change your target library? Try changing the 'lib' compiler option to include 'dom'.
ai-platform/web/simplebeacon-dashboard/js/components/Onboarding.js(48,19): error TS2584: Cannot find name 'document'. Do you need to change your target library? Try changing the 'lib' compiler option to include 'dom'.
ai-platform/web/simplebeacon-dashboard/js/components/Onboarding.js(50,20): error TS2584: Cannot find name 'document'. Do you need to change your target library? Try changing the 'lib' compiler option to include 'dom'.
ai-platform/web/simplebeacon-dashboard/js/components/Onboarding.js(54,22): error TS2584: Cannot find name 'document'. Do you need to change your target library? Try changing the 'lib' compiler option to include 'dom'.
ai-platform/web/simplebeacon-dashboard/js/components/Onboarding.js(72,17): error TS8024: JSDoc '@param' tag has name 'onDismiss', but there is no parameter with that name.
ai-platform/web/simplebeacon-dashboard/js/components/PathHealthDashboard.js(11,21): error TS2584: Cannot find name 'document'. Do you need to change your target library? Try changing the 'lib' compiler option to include 'dom'.
ai-platform/web/simplebeacon-dashboard/js/components/PathHealthDashboard.js(15,18): error TS2584: Cannot find name 'document'. Do you need to change your target library? Try changing the 'lib' compiler option to include 'dom'.
ai-platform/web/simplebeacon-dashboard/js/components/PathHealthDashboard.js(17,16): error TS2584: Cannot find name 'document'. Do you need to change your target library? Try changing the 'lib' compiler option to include 'dom'.
ai-platform/web/simplebeacon-dashboard/js/components/PathHealthDashboard.js(19,17): error TS2584: Cannot find name 'document'. Do you need to change your target library? Try changing the 'lib' compiler option to include 'dom'.
ai-platform/web/simplebeacon-dashboard/js/components/PathHealthDashboard.js(22,22): error TS2584: Cannot find name 'document'. Do you need to change your target library? Try changing the 'lib' compiler option to include 'dom'.
ai-platform/web/simplebeacon-dashboard/js/components/PathHealthDashboard.js(29,16): error TS2584: Cannot find name 'document'. Do you need to change your target library? Try changing the 'lib' compiler option to include 'dom'.
ai-platform/web/simplebeacon-dashboard/js/components/PathHealthDashboard.js(36,16): error TS2584: Cannot find name 'document'. Do you need to change your target library? Try changing the 'lib' compiler option to include 'dom'.
ai-platform/web/simplebeacon-dashboard/js/components/PathHealthDashboard.js(38,19): error TS2584: Cannot find name 'document'. Do you need to change your target library? Try changing the 'lib' compiler option to include 'dom'.
ai-platform/web/simplebeacon-dashboard/js/components/PathHealthDashboard.js(40,19): error TS2584: Cannot find name 'document'. Do you need to change your target library? Try changing the 'lib' compiler option to include 'dom'.
ai-platform/web/simplebeacon-dashboard/js/components/PathHealthDashboard.js(80,14): error TS1064: The return type of an async function or method must be the global Promise<T> type. Did you mean to write 'Promise<any>'?
ai-platform/web/simplebeacon-dashboard/js/components/QuickActions.js(4,20): error TS8024: JSDoc '@param' tag has name '_onExport', but there is no parameter with that name.
ai-platform/web/simplebeacon-dashboard/js/components/QuickActions.js(5,17): error TS8024: JSDoc '@param' tag has name '_onLegacy', but there is no parameter with that name.
ai-platform/web/simplebeacon-dashboard/js/components/QuickActions.js(41,83): error TS2339: Property 'onRunScan' does not exist on type 'any[]'.
ai-platform/web/simplebeacon-dashboard/js/components/QuickActions.js(42,81): error TS2339: Property 'onExport' does not exist on type 'any[]'.
ai-platform/web/simplebeacon-dashboard/js/components/QuickActions.js(43,82): error TS2339: Property 'onSendAi' does not exist on type 'any[]'.
ai-platform/web/simplebeacon-dashboard/js/components/QuickActions.js(44,81): error TS2339: Property 'onLegacy' does not exist on type 'any[]'.
ai-platform/web/simplebeacon-dashboard/js/components/ScanPaywall.js(63,19): error TS2339: Property 'publicSummary' does not exist on type 'string'.
ai-platform/web/simplebeacon-dashboard/js/components/ScanPaywall.js(63,52): error TS2339: Property 'publicSummary' does not exist on type 'string'.
ai-platform/web/simplebeacon-dashboard/js/components/ScanPaywall.js(64,36): error TS2339: Property 'steps' does not exist on type 'string'.
ai-platform/web/simplebeacon-dashboard/js/components/ScanPaywall.js(65,20): error TS2339: Property 'report' does not exist on type 'string'.
ai-platform/web/simplebeacon-dashboard/js/components/ScanPaywall.js(66,32): error TS2339: Property 'steps' does not exist on type 'string'.
ai-platform/web/simplebeacon-dashboard/js/components/ScanPaywall.js(67,20): error TS2339: Property 'scan' does not exist on type 'string'.
ai-platform/web/simplebeacon-dashboard/js/components/ScanPaywall.js(102,21): error TS2339: Property 'hasAuditDeliverableAccess' does not exist on type 'any[]'.
ai-platform/web/simplebeacon-dashboard/js/components/ScanPaywall.js(102,64): error TS2339: Property 'bypass' does not exist on type 'any[]'.
ai-platform/web/simplebeacon-dashboard/js/components/ScanPaywall.js(103,21): error TS2339: Property 'publicGateLocked' does not exist on type 'any[]'.
ai-platform/web/simplebeacon-dashboard/js/components/ScanPaywall.js(104,30): error TS2339: Property 'publicGateLocked' does not exist on type 'string'.
ai-platform/web/simplebeacon-dashboard/js/components/ScanStatus.js(15,37): error TS2339: Property 'projectRoot' does not exist on type 'number'.
ai-platform/web/simplebeacon-dashboard/js/components/ScanStatus.js(15,60): error TS2339: Property 'platformRoot' does not exist on type 'number'.
ai-platform/web/simplebeacon-dashboard/js/components/ScanStatus.js(32,51): error TS2339: Property 'lastProjectPath' does not exist on type '{}'.
ai-platform/web/simplebeacon-dashboard/js/components/ScanStatus.js(111,50): error TS2339: Property 'scanPaths' does not exist on type 'number'.
ai-platform/web/simplebeacon-dashboard/js/components/ScanStatus.js(168,24): error TS2339: Property 'gate' does not exist on type 'number'.
ai-platform/web/simplebeacon-dashboard/js/components/ScanStatus.js(181,65): error TS2339: Property 'generatedAt' does not exist on type 'number'.
ai-platform/web/simplebeacon-dashboard/js/components/ScanStatus.js(181,95): error TS2339: Property 'generatedAt' does not exist on type 'number'.
ai-platform/web/simplebeacon-dashboard/js/components/ScanStatus.js(238,21): error TS2584: Cannot find name 'document'. Do you need to change your target library? Try changing the 'lib' compiler option to include 'dom'.
ai-platform/web/simplebeacon-dashboard/js/components/ScanStatus.js(267,21): error TS2584: Cannot find name 'document'. Do you need to change your target library? Try changing the 'lib' compiler option to include 'dom'.
ai-platform/web/simplebeacon-dashboard/js/components/ScanStatus.js(367,23): error TS2584: Cannot find name 'document'. Do you need to change your target library? Try changing the 'lib' compiler option to include 'dom'.
ai-platform/web/simplebeacon-dashboard/js/components/ScanStatus.js(369,23): error TS2584: Cannot find name 'document'. Do you need to change your target library? Try changing the 'lib' compiler option to include 'dom'.
ai-platform/web/simplebeacon-dashboard/js/components/ScanStatus.js(390,19): error TS2584: Cannot find name 'document'. Do you need to change your target library? Try changing the 'lib' compiler option to include 'dom'.
ai-platform/web/simplebeacon-dashboard/js/components/ScanStatus.js(392,19): error TS2584: Cannot find name 'document'. Do you need to change your target library? Try changing the 'lib' compiler option to include 'dom'.
ai-platform/web/simplebeacon-dashboard/js/components/ScanStatus.js(404,13): error TS2339: Property 'process' does not exist on type 'typeof window'.
ai-platform/web/simplebeacon-dashboard/js/components/ScanStatus.js(411,16): error TS2339: Property 'showDirectoryPicker' does not exist on type 'typeof window'.
ai-platform/web/simplebeacon-dashboard/js/components/ScanStatus.js(413,40): error TS2339: Property 'showDirectoryPicker' does not exist on type 'typeof window'.
ai-platform/web/simplebeacon-dashboard/js/components/ScanStatus.js(422,23): error TS2584: Cannot find name 'document'. Do you need to change your target library? Try changing the 'lib' compiler option to include 'dom'.
ai-platform/web/simplebeacon-dashboard/js/components/ScanStatus.js(424,23): error TS2584: Cannot find name 'document'. Do you need to change your target library? Try changing the 'lib' compiler option to include 'dom'.
ai-platform/web/simplebeacon-dashboard/js/components/ScanStatus.js(519,25): error TS2584: Cannot find name 'document'. Do you need to change your target library? Try changing the 'lib' compiler option to include 'dom'.
ai-platform/web/simplebeacon-dashboard/js/components/ScanStatus.js(521,25): error TS2584: Cannot find name 'document'. Do you need to change your target library? Try changing the 'lib' compiler option to include 'dom'.
ai-platform/web/simplebeacon-dashboard/js/components/TrendChart.js(12,24): error TS2339: Property 'devicePixelRatio' does not exist on type 'typeof window'.
ai-platform/web/simplebeacon-dashboard/js/components/TrendChart.js(23,20): error TS2304: Cannot find name 'getComputedStyle'.
ai-platform/web/simplebeacon-dashboard/js/components/TrendChart.js(23,37): error TS2584: Cannot find name 'document'. Do you need to change your target library? Try changing the 'lib' compiler option to include 'dom'.
ai-platform/web/simplebeacon-dashboard/js/components/TrendChart.js(145,10): error TS2339: Property 'addEventListener' does not exist on type 'typeof window'.
ai-platform/web/simplebeacon-dashboard/js/components/TrendChart.js(146,23): error TS2339: Property 'removeEventListener' does not exist on type 'typeof window'.
ai-platform/web/simplebeacon-dashboard/js/components/UpgradeModal.js(9,19): error TS2584: Cannot find name 'document'. Do you need to change your target library? Try changing the 'lib' compiler option to include 'dom'.
ai-platform/web/simplebeacon-dashboard/js/components/UpgradeModal.js(12,17): error TS2584: Cannot find name 'document'. Do you need to change your target library? Try changing the 'lib' compiler option to include 'dom'.
ai-platform/web/simplebeacon-dashboard/js/components/UpgradeModal.js(17,18): error TS2584: Cannot find name 'document'. Do you need to change your target library? Try changing the 'lib' compiler option to include 'dom'.
ai-platform/web/simplebeacon-dashboard/js/components/UpgradeModal.js(19,17): error TS2584: Cannot find name 'document'. Do you need to change your target library? Try changing the 'lib' compiler option to include 'dom'.
ai-platform/web/simplebeacon-dashboard/js/components/UpgradeModal.js(23,20): error TS2584: Cannot find name 'document'. Do you need to change your target library? Try changing the 'lib' compiler option to include 'dom'.
ai-platform/web/simplebeacon-dashboard/js/components/UpgradeModal.js(31,16): error TS2584: Cannot find name 'document'. Do you need to change your target library? Try changing the 'lib' compiler option to include 'dom'.
ai-platform/web/simplebeacon-dashboard/js/components/UpgradeModal.js(35,24): error TS2584: Cannot find name 'document'. Do you need to change your target library? Try changing the 'lib' compiler option to include 'dom'.
ai-platform/web/simplebeacon-dashboard/js/components/UpgradeModal.js(38,17): error TS2584: Cannot find name 'document'. Do you need to change your target library? Try changing the 'lib' compiler option to include 'dom'.
ai-platform/web/simplebeacon-dashboard/js/components/UpgradeModal.js(40,17): error TS2584: Cannot find name 'document'. Do you need to change your target library? Try changing the 'lib' compiler option to include 'dom'.
ai-platform/web/simplebeacon-dashboard/js/components/UpgradeModal.js(45,19): error TS2584: Cannot find name 'document'. Do you need to change your target library? Try changing the 'lib' compiler option to include 'dom'.
ai-platform/web/simplebeacon-dashboard/js/components/UpgradeModal.js(47,22): error TS2584: Cannot find name 'document'. Do you need to change your target library? Try changing the 'lib' compiler option to include 'dom'.
ai-platform/web/simplebeacon-dashboard/js/components/UpgradeModal.js(51,22): error TS2584: Cannot find name 'document'. Do you need to change your target library? Try changing the 'lib' compiler option to include 'dom'.
ai-platform/web/simplebeacon-dashboard/js/components/UpgradeModal.js(57,20): error TS2584: Cannot find name 'document'. Do you need to change your target library? Try changing the 'lib' compiler option to include 'dom'.
ai-platform/web/simplebeacon-dashboard/js/components/UpgradeModal.js(80,12): error TS2339: Property 'location' does not exist on type 'typeof window'.
ai-platform/web/simplebeacon-dashboard/js/components/UpgradeModal.js(95,20): error TS2584: Cannot find name 'document'. Do you need to change your target library? Try changing the 'lib' compiler option to include 'dom'.
ai-platform/web/simplebeacon-dashboard/js/components/UpgradeModal.js(98,3): error TS2584: Cannot find name 'document'. Do you need to change your target library? Try changing the 'lib' compiler option to include 'dom'.
ai-platform/web/simplebeacon-dashboard/js/components/ZscriptReport.js(10,33): error TS2339: Property 'report' does not exist on type 'number'.
ai-platform/web/simplebeacon-dashboard/js/components/ZscriptReport.js(98,33): error TS2339: Property 'report' does not exist on type 'number'.
ai-platform/web/simplebeacon-dashboard/js/config.js(6,54): error TS2339: Property '__SIMPLEBEACON_ENV__' does not exist on type 'typeof window'.
ai-platform/web/simplebeacon-dashboard/js/demoMode.js(16,23): error TS2339: Property 'location' does not exist on type 'typeof window'.
ai-platform/web/simplebeacon-dashboard/js/demoMode.js(25,23): error TS2339: Property 'location' does not exist on type 'typeof window'.
ai-platform/web/simplebeacon-dashboard/js/demoMode.js(31,23): error TS2339: Property 'location' does not exist on type 'typeof window'.
ai-platform/web/simplebeacon-dashboard/js/lib/analyzePathAllowlist.js(1,61): error TS2307: Cannot find module '../services/analyzeService.js?v=20260531pathfix1' or its corresponding type declarations.
ai-platform/web/simplebeacon-dashboard/js/lib/analyzePathAllowlist.js(53,14): error TS1064: The return type of an async function or method must be the global Promise<T> type. Did you mean to write 'Promise<any>'?
ai-platform/web/simplebeacon-dashboard/js/lib/analyzePathAllowlist.js(78,14): error TS1064: The return type of an async function or method must be the global Promise<T> type. Did you mean to write 'Promise<any>'?
ai-platform/web/simplebeacon-dashboard/js/lib/analyzePathAllowlist.js(128,14): error TS1064: The return type of an async function or method must be the global Promise<T> type. Did you mean to write 'Promise<any>'?
ai-platform/web/simplebeacon-dashboard/js/lib/analyzePathSuggestions.js(145,20): error TS2584: Cannot find name 'document'. Do you need to change your target library? Try changing the 'lib' compiler option to include 'dom'.
ai-platform/web/simplebeacon-dashboard/js/lib/analyzePathSuggestions.js(149,17): error TS2584: Cannot find name 'document'. Do you need to change your target library? Try changing the 'lib' compiler option to include 'dom'.
ai-platform/web/simplebeacon-dashboard/js/lib/pageRepoScan.js(57,75): error TS2584: Cannot find name 'document'. Do you need to change your target library? Try changing the 'lib' compiler option to include 'dom'.
ai-platform/web/simplebeacon-dashboard/js/lib/pageRepoScan.js(150,79): error TS2584: Cannot find name 'document'. Do you need to change your target library? Try changing the 'lib' compiler option to include 'dom'.
ai-platform/web/simplebeacon-dashboard/js/lib/pageRepoScan.js(212,16): error TS2339: Property 'projectRoot' does not exist on type 'number'.
ai-platform/web/simplebeacon-dashboard/js/lib/pageRepoScan.js(213,41): error TS2339: Property 'projectRoot' does not exist on type 'number'.
ai-platform/web/simplebeacon-dashboard/js/lib/pageRepoScan.js(273,71): error TS2345: Argument of type '{ projectRoot: any; }' is not assignable to parameter of type 'number'.
ai-platform/web/simplebeacon-dashboard/js/lib/recoverable-fetch.js(26,14): error TS1064: The return type of an async function or method must be the global Promise<T> type. Did you mean to write 'Promise<any>'?
ai-platform/web/simplebeacon-dashboard/js/lib/recoverable-fetch.js(42,14): error TS1064: The return type of an async function or method must be the global Promise<T> type. Did you mean to write 'Promise<any>'?
ai-platform/web/simplebeacon-dashboard/js/main.js(1,29): error TS2307: Cannot find module './services/scanService.js?v=20260709reportimport1' or its corresponding type declarations.
ai-platform/web/simplebeacon-dashboard/js/main.js(2,33): error TS2307: Cannot find module './services/platformService.js?v=20260525jsonguard1' or its corresponding type declarations.
ai-platform/web/simplebeacon-dashboard/js/main.js(3,32): error TS2307: Cannot find module './services/billingService.js?v=20260525jsonfixbilling1' or its corresponding type declarations.
ai-platform/web/simplebeacon-dashboard/js/main.js(4,29): error TS2307: Cannot find module './services/authService.js?v=20260709tokenfix1' or its corresponding type declarations.
ai-platform/web/simplebeacon-dashboard/js/main.js(7,27): error TS2307: Cannot find module './views/TrustView.js?v=20260525statictrust2' or its corresponding type declarations.
ai-platform/web/simplebeacon-dashboard/js/main.js(8,38): error TS2307: Cannot find module './views/RepositoryHealthView.js?v=20260525mergepreview1' or its corresponding type declarations.
ai-platform/web/simplebeacon-dashboard/js/main.js(9,31): error TS2307: Cannot find module './views/DashboardView.js?v=20260710dragfix1' or its corresponding type declarations.
ai-platform/web/simplebeacon-dashboard/js/main.js(11,30): error TS2307: Cannot find module './views/SettingsView.js?v=20260709ollama3' or its corresponding type declarations.
ai-platform/web/simplebeacon-dashboard/js/main.js(13,30): error TS2307: Cannot find module './views/PlatformView.js?v=20260601platformmetrics1' or its corresponding type declarations.
ai-platform/web/simplebeacon-dashboard/js/main.js(16,27): error TS2307: Cannot find module './views/AuditView.js?v=20260618renderfix1' or its corresponding type declarations.
ai-platform/web/simplebeacon-dashboard/js/main.js(17,29): error TS2307: Cannot find module './views/AnalyzeView.js?v=20260711dropfix1' or its corresponding type declarations.
ai-platform/web/simplebeacon-dashboard/js/main.js(18,30): error TS2307: Cannot find module './views/SecurityView.js?v=20260611fixexport1' or its corresponding type declarations.
ai-platform/web/simplebeacon-dashboard/js/main.js(22,28): error TS2307: Cannot find module './views/SignInView.js?v=20260711signinfix1' or its corresponding type declarations.
ai-platform/web/simplebeacon-dashboard/js/main.js(30,32): error TS2307: Cannot find module './components/LoginModal.js?v=20260609token4' or its corresponding type declarations.
ai-platform/web/simplebeacon-dashboard/js/main.js(45,34): error TS2339: Property 'SIMPLEBEACON_VAULT_PASSWORD' does not exist on type 'typeof window'.
ai-platform/web/simplebeacon-dashboard/js/main.js(175,12): error TS2339: Property 'addEventListener' does not exist on type 'typeof window'.
ai-platform/web/simplebeacon-dashboard/js/main.js(178,14): error TS2339: Property 'location' does not exist on type 'typeof window'.
ai-platform/web/simplebeacon-dashboard/js/main.js(182,7): error TS2584: Cannot find name 'document'. Do you need to change your target library? Try changing the 'lib' compiler option to include 'dom'.
ai-platform/web/simplebeacon-dashboard/js/main.js(200,9): error TS2584: Cannot find name 'document'. Do you need to change your target library? Try changing the 'lib' compiler option to include 'dom'.
ai-platform/web/simplebeacon-dashboard/js/main.js(201,17): error TS2584: Cannot find name 'document'. Do you need to change your target library? Try changing the 'lib' compiler option to include 'dom'.
ai-platform/web/simplebeacon-dashboard/js/main.js(204,18): error TS2584: Cannot find name 'document'. Do you need to change your target library? Try changing the 'lib' compiler option to include 'dom'.
ai-platform/web/simplebeacon-dashboard/js/main.js(207,15): error TS2584: Cannot find name 'document'. Do you need to change your target library? Try changing the 'lib' compiler option to include 'dom'.
ai-platform/web/simplebeacon-dashboard/js/main.js(215,5): error TS2584: Cannot find name 'document'. Do you need to change your target library? Try changing the 'lib' compiler option to include 'dom'.
ai-platform/web/simplebeacon-dashboard/js/main.js(219,9): error TS2584: Cannot find name 'document'. Do you need to change your target library? Try changing the 'lib' compiler option to include 'dom'.
ai-platform/web/simplebeacon-dashboard/js/main.js(220,17): error TS2584: Cannot find name 'document'. Do you need to change your target library? Try changing the 'lib' compiler option to include 'dom'.
ai-platform/web/simplebeacon-dashboard/js/main.js(225,18): error TS2584: Cannot find name 'document'. Do you need to change your target library? Try changing the 'lib' compiler option to include 'dom'.
ai-platform/web/simplebeacon-dashboard/js/main.js(228,15): error TS2584: Cannot find name 'document'. Do you need to change your target library? Try changing the 'lib' compiler option to include 'dom'.
ai-platform/web/simplebeacon-dashboard/js/main.js(236,5): error TS2584: Cannot find name 'document'. Do you need to change your target library? Try changing the 'lib' compiler option to include 'dom'.
ai-platform/web/simplebeacon-dashboard/js/main.js(240,9): error TS2584: Cannot find name 'document'. Do you need to change your target library? Try changing the 'lib' compiler option to include 'dom'.
ai-platform/web/simplebeacon-dashboard/js/main.js(241,34): error TS2339: Property 'location' does not exist on type 'typeof window'.
ai-platform/web/simplebeacon-dashboard/js/main.js(241,61): error TS2339: Property 'location' does not exist on type 'typeof window'.
ai-platform/web/simplebeacon-dashboard/js/main.js(242,17): error TS2584: Cannot find name 'document'. Do you need to change your target library? Try changing the 'lib' compiler option to include 'dom'.
ai-platform/web/simplebeacon-dashboard/js/main.js(245,18): error TS2584: Cannot find name 'document'. Do you need to change your target library? Try changing the 'lib' compiler option to include 'dom'.
ai-platform/web/simplebeacon-dashboard/js/main.js(248,15): error TS2584: Cannot find name 'document'. Do you need to change your target library? Try changing the 'lib' compiler option to include 'dom'.
ai-platform/web/simplebeacon-dashboard/js/main.js(254,5): error TS2584: Cannot find name 'document'. Do you need to change your target library? Try changing the 'lib' compiler option to include 'dom'.
ai-platform/web/simplebeacon-dashboard/js/main.js(258,9): error TS2584: Cannot find name 'document'. Do you need to change your target library? Try changing the 'lib' compiler option to include 'dom'.
ai-platform/web/simplebeacon-dashboard/js/main.js(260,21): error TS2584: Cannot find name 'document'. Do you need to change your target library? Try changing the 'lib' compiler option to include 'dom'.
ai-platform/web/simplebeacon-dashboard/js/main.js(308,5): error TS2584: Cannot find name 'document'. Do you need to change your target library? Try changing the 'lib' compiler option to include 'dom'.
ai-platform/web/simplebeacon-dashboard/js/main.js(411,18): error TS2584: Cannot find name 'document'. Do you need to change your target library? Try changing the 'lib' compiler option to include 'dom'.
ai-platform/web/simplebeacon-dashboard/js/main.js(595,5): error TS2584: Cannot find name 'document'. Do you need to change your target library? Try changing the 'lib' compiler option to include 'dom'.
ai-platform/web/simplebeacon-dashboard/js/main.js(600,5): error TS2584: Cannot find name 'document'. Do you need to change your target library? Try changing the 'lib' compiler option to include 'dom'.
ai-platform/web/simplebeacon-dashboard/js/main.js(612,38): error TS2339: Property 'error' does not exist on type 'unknown'.
ai-platform/web/simplebeacon-dashboard/js/main.js(616,7): error TS2584: Cannot find name 'document'. Do you need to change your target library? Try changing the 'lib' compiler option to include 'dom'.
ai-platform/web/simplebeacon-dashboard/js/main.js(645,23): error TS2584: Cannot find name 'document'. Do you need to change your target library? Try changing the 'lib' compiler option to include 'dom'.
ai-platform/web/simplebeacon-dashboard/js/main.js(646,24): error TS2584: Cannot find name 'document'. Do you need to change your target library? Try changing the 'lib' compiler option to include 'dom'.
ai-platform/web/simplebeacon-dashboard/js/main.js(649,30): error TS2584: Cannot find name 'document'. Do you need to change your target library? Try changing the 'lib' compiler option to include 'dom'.
ai-platform/web/simplebeacon-dashboard/js/main.js(651,25): error TS2584: Cannot find name 'document'. Do you need to change your target library? Try changing the 'lib' compiler option to include 'dom'.
ai-platform/web/simplebeacon-dashboard/js/main.js(655,27): error TS2584: Cannot find name 'document'. Do you need to change your target library? Try changing the 'lib' compiler option to include 'dom'.
ai-platform/web/simplebeacon-dashboard/js/main.js(659,17): error TS1003: Identifier expected.
ai-platform/web/simplebeacon-dashboard/js/main.js(696,25): error TS2339: Property 'location' does not exist on type 'typeof window'.
ai-platform/web/simplebeacon-dashboard/js/main.js(766,5): error TS2584: Cannot find name 'document'. Do you need to change your target library? Try changing the 'lib' compiler option to include 'dom'.
ai-platform/web/simplebeacon-dashboard/js/main.js(770,5): error TS2584: Cannot find name 'document'. Do you need to change your target library? Try changing the 'lib' compiler option to include 'dom'.
ai-platform/web/simplebeacon-dashboard/js/main.js(774,5): error TS2584: Cannot find name 'document'. Do you need to change your target library? Try changing the 'lib' compiler option to include 'dom'.
ai-platform/web/simplebeacon-dashboard/js/main.js(785,5): error TS2584: Cannot find name 'document'. Do you need to change your target library? Try changing the 'lib' compiler option to include 'dom'.
ai-platform/web/simplebeacon-dashboard/js/main.js(789,5): error TS2584: Cannot find name 'document'. Do you need to change your target library? Try changing the 'lib' compiler option to include 'dom'.
ai-platform/web/simplebeacon-dashboard/js/main.js(801,20): error TS2584: Cannot find name 'document'. Do you need to change your target library? Try changing the 'lib' compiler option to include 'dom'.
ai-platform/web/simplebeacon-dashboard/js/main.js(814,25): error TS2584: Cannot find name 'document'. Do you need to change your target library? Try changing the 'lib' compiler option to include 'dom'.
ai-platform/web/simplebeacon-dashboard/js/main.js(823,5): error TS2584: Cannot find name 'document'. Do you need to change your target library? Try changing the 'lib' compiler option to include 'dom'.
ai-platform/web/simplebeacon-dashboard/js/main.js(827,9): error TS2584: Cannot find name 'document'. Do you need to change your target library? Try changing the 'lib' compiler option to include 'dom'.
ai-platform/web/simplebeacon-dashboard/js/main.js(848,13): error TS2584: Cannot find name 'document'. Do you need to change your target library? Try changing the 'lib' compiler option to include 'dom'.
ai-platform/web/simplebeacon-dashboard/js/main.js(849,9): error TS2584: Cannot find name 'document'. Do you need to change your target library? Try changing the 'lib' compiler option to include 'dom'.
ai-platform/web/simplebeacon-dashboard/js/main.js(856,20): error TS2584: Cannot find name 'document'. Do you need to change your target library? Try changing the 'lib' compiler option to include 'dom'.
ai-platform/web/simplebeacon-dashboard/js/main.js(857,17): error TS2584: Cannot find name 'document'. Do you need to change your target library? Try changing the 'lib' compiler option to include 'dom'.
ai-platform/web/simplebeacon-dashboard/js/main.js(858,21): error TS2584: Cannot find name 'document'. Do you need to change your target library? Try changing the 'lib' compiler option to include 'dom'.
ai-platform/web/simplebeacon-dashboard/js/main.js(868,5): error TS2584: Cannot find name 'document'. Do you need to change your target library? Try changing the 'lib' compiler option to include 'dom'.
ai-platform/web/simplebeacon-dashboard/js/main.js(869,5): error TS2584: Cannot find name 'document'. Do you need to change your target library? Try changing the 'lib' compiler option to include 'dom'.
ai-platform/web/simplebeacon-dashboard/js/main.js(882,7): error TS2584: Cannot find name 'document'. Do you need to change your target library? Try changing the 'lib' compiler option to include 'dom'.
ai-platform/web/simplebeacon-dashboard/js/main.js(962,18): error TS2584: Cannot find name 'document'. Do you need to change your target library? Try changing the 'lib' compiler option to include 'dom'.
ai-platform/web/simplebeacon-dashboard/js/main.js(982,7): error TS2584: Cannot find name 'document'. Do you need to change your target library? Try changing the 'lib' compiler option to include 'dom'.
ai-platform/web/simplebeacon-dashboard/js/main.js(993,20): error TS2339: Property 'location' does not exist on type 'typeof window'.
ai-platform/web/simplebeacon-dashboard/js/main.js(996,20): error TS2339: Property 'location' does not exist on type 'typeof window'.
ai-platform/web/simplebeacon-dashboard/js/main.js(1057,68): error TS2339: Property 'acquireVsCodeApi' does not exist on type 'typeof window'.
ai-platform/web/simplebeacon-dashboard/js/main.js(1059,33): error TS2339: Property 'acquireVsCodeApi' does not exist on type 'typeof window'.
ai-platform/web/simplebeacon-dashboard/js/main.js(1091,5): error TS2304: Cannot find name 'requestAnimationFrame'.
ai-platform/web/simplebeacon-dashboard/js/main.js(1093,20): error TS2584: Cannot find name 'document'. Do you need to change your target library? Try changing the 'lib' compiler option to include 'dom'.
ai-platform/web/simplebeacon-dashboard/js/main.js(1155,5): error TS2584: Cannot find name 'document'. Do you need to change your target library? Try changing the 'lib' compiler option to include 'dom'.
ai-platform/web/simplebeacon-dashboard/js/main.js(1163,1): error TS2584: Cannot find name 'document'. Do you need to change your target library? Try changing the 'lib' compiler option to include 'dom'.
ai-platform/web/simplebeacon-dashboard/js/main.js(1172,18): error TS2584: Cannot find name 'document'. Do you need to change your target library? Try changing the 'lib' compiler option to include 'dom'.
ai-platform/web/simplebeacon-dashboard/js/main.js(1175,20): error TS2584: Cannot find name 'document'. Do you need to change your target library? Try changing the 'lib' compiler option to include 'dom'.
ai-platform/web/simplebeacon-dashboard/js/main.js(1177,17): error TS2584: Cannot find name 'document'. Do you need to change your target library? Try changing the 'lib' compiler option to include 'dom'.
ai-platform/web/simplebeacon-dashboard/js/router.js(17,12): error TS2339: Property 'addEventListener' does not exist on type 'typeof window'.
ai-platform/web/simplebeacon-dashboard/js/router.js(18,12): error TS2339: Property 'addEventListener' does not exist on type 'typeof window'.
ai-platform/web/simplebeacon-dashboard/js/router.js(22,12): error TS2339: Property 'removeEventListener' does not exist on type 'typeof window'.
ai-platform/web/simplebeacon-dashboard/js/router.js(23,12): error TS2339: Property 'removeEventListener' does not exist on type 'typeof window'.
ai-platform/web/simplebeacon-dashboard/js/router.js(27,60): error TS2339: Property '__SB_INITIAL_ROUTE__' does not exist on type 'typeof window'.
ai-platform/web/simplebeacon-dashboard/js/router.js(29,21): error TS2339: Property '__SB_INITIAL_ROUTE__' does not exist on type 'typeof window'.
ai-platform/web/simplebeacon-dashboard/js/router.js(36,16): error TS2339: Property 'location' does not exist on type 'typeof window'.
ai-platform/web/simplebeacon-dashboard/js/router.js(36,40): error TS2339: Property 'location' does not exist on type 'typeof window'.
ai-platform/web/simplebeacon-dashboard/js/router.js(49,16): error TS2339: Property 'location' does not exist on type 'typeof window'.
ai-platform/web/simplebeacon-dashboard/js/router.js(53,29): error TS2339: Property 'location' does not exist on type 'typeof window'.
ai-platform/web/simplebeacon-dashboard/js/router.js(64,27): error TS2339: Property 'location' does not exist on type 'typeof window'.
ai-platform/web/simplebeacon-dashboard/js/router.js(84,25): error TS2339: Property 'location' does not exist on type 'typeof window'.
ai-platform/web/simplebeacon-dashboard/js/router.js(114,18): error TS2339: Property 'location' does not exist on type 'typeof window'.
ai-platform/web/simplebeacon-dashboard/js/router.js(114,45): error TS2339: Property 'location' does not exist on type 'typeof window'.
ai-platform/web/simplebeacon-dashboard/js/router.js(115,16): error TS2339: Property 'history' does not exist on type 'typeof window'.
ai-platform/web/simplebeacon-dashboard/js/router.js(127,5): error TS2584: Cannot find name 'document'. Do you need to change your target library? Try changing the 'lib' compiler option to include 'dom'.
ai-platform/web/simplebeacon-dashboard/js/services/aiKeysService.js(57,14): error TS1064: The return type of an async function or method must be the global Promise<T> type. Did you mean to write 'Promise<any>'?
ai-platform/web/simplebeacon-dashboard/js/services/aiKeysService.js(85,14): error TS1064: The return type of an async function or method must be the global Promise<T> type. Did you mean to write 'Promise<any>'?
ai-platform/web/simplebeacon-dashboard/js/services/aiKeysService.js(112,14): error TS1064: The return type of an async function or method must be the global Promise<T> type. Did you mean to write 'Promise<any>'?
ai-platform/web/simplebeacon-dashboard/js/services/aiKeysService.js(134,20): error TS8024: JSDoc '@param' tag has name 'ollamaBaseUrl', but there is no parameter with that name.
ai-platform/web/simplebeacon-dashboard/js/services/aiKeysService.js(148,63): error TS2339: Property 'location' does not exist on type 'typeof window'.
ai-platform/web/simplebeacon-dashboard/js/services/aiKeysService.js(170,41): error TS2339: Property 'models' does not exist on type 'unknown'.
ai-platform/web/simplebeacon-dashboard/js/services/aiKeysService.js(170,56): error TS2339: Property 'models' does not exist on type 'unknown'.
ai-platform/web/simplebeacon-dashboard/js/services/aiKeysService.js(193,30): error TS2339: Property 'error' does not exist on type 'unknown'.
ai-platform/web/simplebeacon-dashboard/js/services/aiKeysService.js(193,44): error TS2339: Property 'message' does not exist on type 'unknown'.
ai-platform/web/simplebeacon-dashboard/js/services/aiKeysService.js(195,41): error TS2339: Property 'models' does not exist on type 'unknown'.
ai-platform/web/simplebeacon-dashboard/js/services/aiKeysService.js(195,56): error TS2339: Property 'models' does not exist on type 'unknown'.
ai-platform/web/simplebeacon-dashboard/js/services/aiProblemAnalyzerSuite.mjs(68,127): error TS2322: Type 'string' is not assignable to type 'any[]'.
ai-platform/web/simplebeacon-dashboard/js/services/aiProblemAnalyzerSuite.mjs(87,499): error TS2345: Argument of type 'string' is not assignable to parameter of type 'any[]'.
ai-platform/web/simplebeacon-dashboard/js/services/aiProblemAnalyzerSuite.mjs(88,494): error TS2345: Argument of type 'string' is not assignable to parameter of type 'any[]'.
ai-platform/web/simplebeacon-dashboard/js/services/aiProblemAnalyzerSuite.mjs(89,470): error TS2345: Argument of type 'string' is not assignable to parameter of type 'any[]'.
ai-platform/web/simplebeacon-dashboard/js/services/aiProblemAnalyzerSuite.mjs(90,418): error TS2345: Argument of type 'string' is not assignable to parameter of type 'any[]'.
ai-platform/web/simplebeacon-dashboard/js/services/aiProblemAnalyzerSuite.mjs(91,439): error TS2345: Argument of type 'string' is not assignable to parameter of type 'any[]'.
ai-platform/web/simplebeacon-dashboard/js/services/aiProblemAnalyzerSuite.mjs(92,419): error TS2345: Argument of type 'string' is not assignable to parameter of type 'any[]'.
ai-platform/web/simplebeacon-dashboard/js/services/aiProblemAnalyzerSuite.mjs(93,437): error TS2345: Argument of type 'string' is not assignable to parameter of type 'any[]'.
ai-platform/web/simplebeacon-dashboard/js/services/aiProblemAnalyzerSuite.mjs(94,451): error TS2345: Argument of type 'string' is not assignable to parameter of type 'any[]'.
ai-platform/web/simplebeacon-dashboard/js/services/aiProblemAnalyzerSuite.mjs(96,460): error TS2345: Argument of type 'string' is not assignable to parameter of type 'any[]'.
ai-platform/web/simplebeacon-dashboard/js/services/aiProblemAnalyzerSuite.mjs(97,430): error TS2345: Argument of type 'string' is not assignable to parameter of type 'any[]'.
ai-platform/web/simplebeacon-dashboard/js/services/aiProblemAnalyzerSuite.mjs(98,471): error TS2345: Argument of type 'string' is not assignable to parameter of type 'any[]'.
ai-platform/web/simplebeacon-dashboard/js/services/aiProblemAnalyzerSuite.mjs(99,449): error TS2345: Argument of type 'string' is not assignable to parameter of type 'any[]'.
ai-platform/web/simplebeacon-dashboard/js/services/aiProblemAnalyzerSuite.mjs(100,437): error TS2345: Argument of type 'string' is not assignable to parameter of type 'any[]'.
ai-platform/web/simplebeacon-dashboard/js/services/aiProblemAnalyzerSuite.mjs(101,473): error TS2345: Argument of type 'string' is not assignable to parameter of type 'any[]'.
ai-platform/web/simplebeacon-dashboard/js/services/aiProblemAnalyzerSuite.mjs(102,475): error TS2345: Argument of type 'string' is not assignable to parameter of type 'any[]'.
ai-platform/web/simplebeacon-dashboard/js/services/aiProblemAnalyzerSuite.mjs(103,450): error TS2345: Argument of type 'string' is not assignable to parameter of type 'any[]'.
ai-platform/web/simplebeacon-dashboard/js/services/aiProblemAnalyzerSuite.mjs(105,453): error TS2345: Argument of type 'string' is not assignable to parameter of type 'any[]'.
ai-platform/web/simplebeacon-dashboard/js/services/aiProblemAnalyzerSuite.mjs(106,453): error TS2345: Argument of type 'string' is not assignable to parameter of type 'any[]'.
ai-platform/web/simplebeacon-dashboard/js/services/aiProblemAnalyzerSuite.mjs(107,457): error TS2345: Argument of type 'string' is not assignable to parameter of type 'any[]'.
ai-platform/web/simplebeacon-dashboard/js/services/aiProblemAnalyzerSuite.mjs(108,453): error TS2345: Argument of type 'string' is not assignable to parameter of type 'any[]'.
ai-platform/web/simplebeacon-dashboard/js/services/aiProblemAnalyzerSuite.mjs(109,447): error TS2345: Argument of type 'string' is not assignable to parameter of type 'any[]'.
ai-platform/web/simplebeacon-dashboard/js/services/aiProblemAnalyzerSuite.mjs(110,457): error TS2345: Argument of type 'string' is not assignable to parameter of type 'any[]'.
ai-platform/web/simplebeacon-dashboard/js/services/aiProblemAnalyzerSuite.mjs(112,467): error TS2345: Argument of type 'string' is not assignable to parameter of type 'any[]'.
ai-platform/web/simplebeacon-dashboard/js/services/aiProblemAnalyzerSuite.mjs(113,446): error TS2345: Argument of type 'string' is not assignable to parameter of type 'any[]'.
ai-platform/web/simplebeacon-dashboard/js/services/aiProblemAnalyzerSuite.mjs(114,460): error TS2345: Argument of type 'string' is not assignable to parameter of type 'any[]'.
ai-platform/web/simplebeacon-dashboard/js/services/aiProblemAnalyzerSuite.mjs(115,439): error TS2345: Argument of type 'string' is not assignable to parameter of type 'any[]'.
ai-platform/web/simplebeacon-dashboard/js/services/aiProblemAnalyzerSuite.mjs(116,458): error TS2345: Argument of type 'string' is not assignable to parameter of type 'any[]'.
ai-platform/web/simplebeacon-dashboard/js/services/aiProblemAnalyzerSuite.mjs(118,455): error TS2345: Argument of type 'string' is not assignable to parameter of type 'any[]'.
ai-platform/web/simplebeacon-dashboard/js/services/aiProblemAnalyzerSuite.mjs(119,427): error TS2345: Argument of type 'string' is not assignable to parameter of type 'any[]'.
ai-platform/web/simplebeacon-dashboard/js/services/aiProblemAnalyzerSuite.mjs(120,420): error TS2345: Argument of type 'string' is not assignable to parameter of type 'any[]'.
ai-platform/web/simplebeacon-dashboard/js/services/aiProblemAnalyzerSuite.mjs(121,413): error TS2345: Argument of type 'string' is not assignable to parameter of type 'any[]'.
ai-platform/web/simplebeacon-dashboard/js/services/aiProblemAnalyzerSuite.mjs(122,458): error TS2345: Argument of type 'string' is not assignable to parameter of type 'any[]'.
ai-platform/web/simplebeacon-dashboard/js/services/aiProblemAnalyzerSuite.mjs(124,405): error TS2345: Argument of type 'string' is not assignable to parameter of type 'any[]'.
ai-platform/web/simplebeacon-dashboard/js/services/aiProblemAnalyzerSuite.mjs(125,445): error TS2345: Argument of type 'string' is not assignable to parameter of type 'any[]'.
ai-platform/web/simplebeacon-dashboard/js/services/aiProblemAnalyzerSuite.mjs(126,428): error TS2345: Argument of type 'string' is not assignable to parameter of type 'any[]'.
ai-platform/web/simplebeacon-dashboard/js/services/aiProblemAnalyzerSuite.mjs(127,423): error TS2345: Argument of type 'string' is not assignable to parameter of type 'any[]'.
ai-platform/web/simplebeacon-dashboard/js/services/aiProblemAnalyzerSuite.mjs(128,460): error TS2345: Argument of type 'string' is not assignable to parameter of type 'any[]'.
ai-platform/web/simplebeacon-dashboard/js/services/aiProblemAnalyzerSuite.mjs(130,440): error TS2345: Argument of type 'string' is not assignable to parameter of type 'any[]'.
ai-platform/web/simplebeacon-dashboard/js/services/aiProblemAnalyzerSuite.mjs(131,432): error TS2345: Argument of type 'string' is not assignable to parameter of type 'any[]'.
ai-platform/web/simplebeacon-dashboard/js/services/aiProblemAnalyzerSuite.mjs(132,448): error TS2345: Argument of type 'string' is not assignable to parameter of type 'any[]'.
ai-platform/web/simplebeacon-dashboard/js/services/aiProblemAnalyzerSuite.mjs(133,445): error TS2345: Argument of type 'string' is not assignable to parameter of type 'any[]'.
ai-platform/web/simplebeacon-dashboard/js/services/aiProblemAnalyzerSuite.mjs(134,453): error TS2345: Argument of type 'string' is not assignable to parameter of type 'any[]'.
ai-platform/web/simplebeacon-dashboard/js/services/aiProblemAnalyzerSuite.mjs(136,425): error TS2345: Argument of type 'string' is not assignable to parameter of type 'any[]'.
ai-platform/web/simplebeacon-dashboard/js/services/aiProblemAnalyzerSuite.mjs(137,448): error TS2345: Argument of type 'string' is not assignable to parameter of type 'any[]'.
ai-platform/web/simplebeacon-dashboard/js/services/aiProblemAnalyzerSuite.mjs(138,445): error TS2345: Argument of type 'string' is not assignable to parameter of type 'any[]'.
ai-platform/web/simplebeacon-dashboard/js/services/aiProblemAnalyzerSuite.mjs(139,471): error TS2345: Argument of type 'string' is not assignable to parameter of type 'any[]'.
ai-platform/web/simplebeacon-dashboard/js/services/aiProblemAnalyzerSuite.mjs(140,472): error TS2345: Argument of type 'string' is not assignable to parameter of type 'any[]'.
ai-platform/web/simplebeacon-dashboard/js/services/aiProblemAnalyzerSuite.mjs(141,574): error TS2345: Argument of type 'string' is not assignable to parameter of type 'any[]'.
ai-platform/web/simplebeacon-dashboard/js/services/aiProblemAnalyzerSuite.mjs(3264,28): error TS2554: Expected 0 arguments, but got 1.
ai-platform/web/simplebeacon-dashboard/js/services/aiProblemAnalyzerSuite.mjs(4255,27): error TS2322: Type '{}' is not assignable to type 'string'.
ai-platform/web/simplebeacon-dashboard/js/services/aiProblemAnalyzerSuite.mjs(4256,29): error TS2339: Property 'scanIssues' does not exist on type 'string'.
ai-platform/web/simplebeacon-dashboard/js/services/aiProblemAnalyzerSuite.mjs(4256,52): error TS2339: Property 'scanIssues' does not exist on type 'string'.
ai-platform/web/simplebeacon-dashboard/js/services/aiProblemAnalyzerSuite.mjs(4256,86): error TS2339: Property 'scanIssues' does not exist on type 'string'.
ai-platform/web/simplebeacon-dashboard/js/services/aiProblemAnalyzerSuite.mjs(4257,29): error TS2339: Property 'rawIssues' does not exist on type 'string'.
ai-platform/web/simplebeacon-dashboard/js/services/aiProblemAnalyzerSuite.mjs(4257,51): error TS2339: Property 'rawIssues' does not exist on type 'string'.
ai-platform/web/simplebeacon-dashboard/js/services/aiProblemAnalyzerSuite.mjs(4257,84): error TS2339: Property 'rawIssues' does not exist on type 'string'.
ai-platform/web/simplebeacon-dashboard/js/services/aiProblemAnalyzerSuite.mjs(4258,29): error TS2339: Property 'issues' does not exist on type 'string'.
ai-platform/web/simplebeacon-dashboard/js/services/aiProblemAnalyzerSuite.mjs(4258,48): error TS2339: Property 'issues' does not exist on type 'string'.
ai-platform/web/simplebeacon-dashboard/js/services/aiProblemAnalyzerSuite.mjs(4258,78): error TS2339: Property 'issues' does not exist on type 'string'.
ai-platform/web/simplebeacon-dashboard/js/services/aiProblemAnalyzerSuite.mjs(4295,33): error TS2322: Type '{}' is not assignable to type 'string'.
ai-platform/web/simplebeacon-dashboard/js/services/aiProblemAnalyzerSuite.mjs(4296,29): error TS2339: Property 'subgroupOutcomes' does not exist on type 'string'.
ai-platform/web/simplebeacon-dashboard/js/services/aiProblemAnalyzerSuite.mjs(4296,58): error TS2339: Property 'subgroupOutcomes' does not exist on type 'string'.
ai-platform/web/simplebeacon-dashboard/js/services/aiProblemAnalyzerSuite.mjs(4297,20): error TS2339: Property 'subgroupOutcomes' does not exist on type 'string'.
ai-platform/web/simplebeacon-dashboard/js/services/aiProblemAnalyzerSuite.mjs(4311,34): error TS2322: Type '{}' is not assignable to type 'string'.
ai-platform/web/simplebeacon-dashboard/js/services/aiProblemAnalyzerSuite.mjs(4312,29): error TS2339: Property 'claims' does not exist on type 'string'.
ai-platform/web/simplebeacon-dashboard/js/services/aiProblemAnalyzerSuite.mjs(4312,48): error TS2339: Property 'claims' does not exist on type 'string'.
ai-platform/web/simplebeacon-dashboard/js/services/aiProblemAnalyzerSuite.mjs(4312,78): error TS2339: Property 'claims' does not exist on type 'string'.
ai-platform/web/simplebeacon-dashboard/js/services/aiProblemAnalyzerSuite.mjs(4314,13): error TS2339: Property 'aiSummary' does not exist on type 'string'.
ai-platform/web/simplebeacon-dashboard/js/services/aiProblemAnalyzerSuite.mjs(4315,13): error TS2339: Property 'conclusion' does not exist on type 'string'.
ai-platform/web/simplebeacon-dashboard/js/services/aiProblemAnalyzerSuite.mjs(4316,13): error TS2339: Property 'backlogSnippet' does not exist on type 'string'.
ai-platform/web/simplebeacon-dashboard/js/services/aiProblemAnalyzerSuite.mjs(4317,13): error TS2339: Property 'scanSummary' does not exist on type 'string'.
ai-platform/web/simplebeacon-dashboard/js/services/aiProblemAnalyzerSuite.mjs(4318,13): error TS2339: Property 'responseText' does not exist on type 'string'.
ai-platform/web/simplebeacon-dashboard/js/services/aiProblemAnalyzerSuite.mjs(4337,32): error TS2339: Property 'responseConfidence' does not exist on type 'string'.
ai-platform/web/simplebeacon-dashboard/js/services/aiProblemAnalyzerSuite.mjs(4349,34): error TS2322: Type '{}' is not assignable to type 'string'.
ai-platform/web/simplebeacon-dashboard/js/services/aiProblemAnalyzerSuite.mjs(4350,29): error TS2339: Property 'traces' does not exist on type 'string'.
ai-platform/web/simplebeacon-dashboard/js/services/aiProblemAnalyzerSuite.mjs(4350,48): error TS2339: Property 'traces' does not exist on type 'string'.
ai-platform/web/simplebeacon-dashboard/js/services/aiProblemAnalyzerSuite.mjs(4350,78): error TS2339: Property 'traces' does not exist on type 'string'.
ai-platform/web/simplebeacon-dashboard/js/services/aiProblemAnalyzerSuite.mjs(4352,28): error TS2339: Property 'codeUnderstanding' does not exist on type 'string'.
ai-platform/web/simplebeacon-dashboard/js/services/aiProblemAnalyzerSuite.mjs(4368,31): error TS2339: Property 'responseText' does not exist on type 'string'.
ai-platform/web/simplebeacon-dashboard/js/services/aiProblemAnalyzerSuite.mjs(4368,55): error TS2339: Property 'aiSummary' does not exist on type 'string'.
ai-platform/web/simplebeacon-dashboard/js/services/aiProblemAnalyzerSuite.mjs(4387,31): error TS2322: Type '{}' is not assignable to type 'string'.
ai-platform/web/simplebeacon-dashboard/js/services/aiProblemAnalyzerSuite.mjs(4388,29): error TS2339: Property 'datasetSamples' does not exist on type 'string'.
ai-platform/web/simplebeacon-dashboard/js/services/aiProblemAnalyzerSuite.mjs(4388,56): error TS2339: Property 'datasetSamples' does not exist on type 'string'.
ai-platform/web/simplebeacon-dashboard/js/services/aiProblemAnalyzerSuite.mjs(4388,94): error TS2339: Property 'datasetSamples' does not exist on type 'string'.
ai-platform/web/simplebeacon-dashboard/js/services/aiProblemAnalyzerSuite.mjs(4404,35): error TS2322: Type '{}' is not assignable to type 'string'.
ai-platform/web/simplebeacon-dashboard/js/services/aiProblemAnalyzerSuite.mjs(4405,28): error TS2339: Property 'scalabilityMetrics' does not exist on type 'string'.
ai-platform/web/simplebeacon-dashboard/js/services/aiProblemAnalyzerSuite.mjs(4405,58): error TS2339: Property 'metrics' does not exist on type 'string'.
ai-platform/web/simplebeacon-dashboard/js/services/aiProblemAnalyzerSuite.mjs(4407,15): error TS2339: Property 'fileReduction' does not exist on type 'string'.
ai-platform/web/simplebeacon-dashboard/js/services/aiProblemAnalyzerSuite.mjs(4408,38): error TS2339: Property 'fileReduction' does not exist on type 'string'.
ai-platform/web/simplebeacon-dashboard/js/services/aiProblemAnalyzerSuite.mjs(4409,17): error TS2339: Property 'fileReduction' does not exist on type 'string'.
ai-platform/web/simplebeacon-dashboard/js/services/aiProblemAnalyzerSuite.mjs(4410,38): error TS2339: Property 'fileReduction' does not exist on type 'string'.
ai-platform/web/simplebeacon-dashboard/js/services/aiProblemAnalyzerSuite.mjs(4413,15): error TS2339: Property 'dataQuality' does not exist on type 'string'.
ai-platform/web/simplebeacon-dashboard/js/services/aiProblemAnalyzerSuite.mjs(4414,49): error TS2339: Property 'dataQuality' does not exist on type 'string'.
ai-platform/web/simplebeacon-dashboard/js/services/aiProblemAnalyzerSuite.mjs(4416,15): error TS2339: Property 'scan' does not exist on type 'string'.
ai-platform/web/simplebeacon-dashboard/js/services/aiProblemAnalyzerSuite.mjs(4417,40): error TS2339: Property 'scan' does not exist on type 'string'.
ai-platform/web/simplebeacon-dashboard/js/services/aiProblemAnalyzerSuite.mjs(4419,15): error TS2339: Property 'scan' does not exist on type 'string'.
ai-platform/web/simplebeacon-dashboard/js/services/aiProblemAnalyzerSuite.mjs(4419,77): error TS2339: Property 'scan' does not exist on type 'string'.
ai-platform/web/simplebeacon-dashboard/js/services/aiProblemAnalyzerSuite.mjs(4420,15): error TS2339: Property 'scan' does not exist on type 'string'.
ai-platform/web/simplebeacon-dashboard/js/services/aiProblemAnalyzerSuite.mjs(4420,75): error TS2339: Property 'scan' does not exist on type 'string'.
ai-platform/web/simplebeacon-dashboard/js/services/aiProblemAnalyzerSuite.mjs(4421,25): error TS2339: Property 'responseText' does not exist on type 'string'.
ai-platform/web/simplebeacon-dashboard/js/services/aiProblemAnalyzerSuite.mjs(4421,47): error TS2339: Property 'aiSummary' does not exist on type 'string'.
ai-platform/web/simplebeacon-dashboard/js/services/aiProblemAnalyzerSuite.mjs(4432,27): error TS2322: Type '{}' is not assignable to type 'string'.
ai-platform/web/simplebeacon-dashboard/js/services/aiProblemAnalyzerSuite.mjs(4433,15): error TS2339: Property 'benchmarks' does not exist on type 'string'.
ai-platform/web/simplebeacon-dashboard/js/services/aiProblemAnalyzerSuite.mjs(4433,49): error TS2339: Property 'benchmarks' does not exist on type 'string'.
ai-platform/web/simplebeacon-dashboard/js/services/aiProblemAnalyzerSuite.mjs(4433,84): error TS2339: Property 'benchmarks' does not exist on type 'string'.
ai-platform/web/simplebeacon-dashboard/js/services/aiProblemAnalyzerSuite.mjs(4434,28): error TS2339: Property 'healthScore' does not exist on type 'string'.
ai-platform/web/simplebeacon-dashboard/js/services/aiProblemAnalyzerSuite.mjs(4434,51): error TS2339: Property 'scan' does not exist on type 'string'.
ai-platform/web/simplebeacon-dashboard/js/services/aiProblemAnalyzerSuite.mjs(4434,80): error TS2339: Property 'report' does not exist on type 'string'.
ai-platform/web/simplebeacon-dashboard/js/services/aiProblemAnalyzerSuite.mjs(4442,31): error TS2339: Property 'responseText' does not exist on type 'string'.
ai-platform/web/simplebeacon-dashboard/js/services/aiProblemAnalyzerSuite.mjs(4442,55): error TS2339: Property 'aiSummary' does not exist on type 'string'.
ai-platform/web/simplebeacon-dashboard/js/services/aiProblemAnalyzerSuite.mjs(4472,26): error TS2322: Type '{}' is not assignable to type 'string'.
ai-platform/web/simplebeacon-dashboard/js/services/aiProblemAnalyzerSuite.mjs(4473,29): error TS2339: Property 'responses' does not exist on type 'string'.
ai-platform/web/simplebeacon-dashboard/js/services/aiProblemAnalyzerSuite.mjs(4473,51): error TS2339: Property 'responses' does not exist on type 'string'.
ai-platform/web/simplebeacon-dashboard/js/services/aiProblemAnalyzerSuite.mjs(4474,20): error TS2339: Property 'responses' does not exist on type 'string'.
ai-platform/web/simplebeacon-dashboard/js/services/aiProblemAnalyzerSuite.mjs(4477,13): error TS2339: Property 'aiSummary' does not exist on type 'string'.
ai-platform/web/simplebeacon-dashboard/js/services/aiProblemAnalyzerSuite.mjs(4478,13): error TS2339: Property 'conclusion' does not exist on type 'string'.
ai-platform/web/simplebeacon-dashboard/js/services/aiProblemAnalyzerSuite.mjs(4479,13): error TS2339: Property 'backlogSnippet' does not exist on type 'string'.
ai-platform/web/simplebeacon-dashboard/js/services/aiProblemAnalyzerSuite.mjs(4480,13): error TS2339: Property 'scanSummary' does not exist on type 'string'.
ai-platform/web/simplebeacon-dashboard/js/services/aiProblemAnalyzerSuite.mjs(4481,13): error TS2339: Property 'responseText' does not exist on type 'string'.
ai-platform/web/simplebeacon-dashboard/js/services/aiProblemAnalyzerSuite.mjs(4482,13): error TS2339: Property 'aiResponse' does not exist on type 'string'.
ai-platform/web/simplebeacon-dashboard/js/services/aiProblemAnalyzerSuite.mjs(4489,15): error TS2339: Property 'responseText' does not exist on type 'string'.
ai-platform/web/simplebeacon-dashboard/js/services/aiProblemAnalyzerSuite.mjs(4490,15): error TS2339: Property 'aiSummary' does not exist on type 'string'.
ai-platform/web/simplebeacon-dashboard/js/services/aiProblemAnalyzerSuite.mjs(4491,15): error TS2339: Property 'backlogSnippet' does not exist on type 'string'.
ai-platform/web/simplebeacon-dashboard/js/services/aiProblemAnalyzerSuite.mjs(4492,15): error TS2339: Property 'scanSummary' does not exist on type 'string'.
ai-platform/web/simplebeacon-dashboard/js/services/aiProblemAnalyzerSuite.mjs(4507,31): error TS2322: Type '{}' is not assignable to type 'string'.
ai-platform/web/simplebeacon-dashboard/js/services/aiProblemAnalyzerSuite.mjs(4509,13): error TS2339: Property 'responseText' does not exist on type 'string'.
ai-platform/web/simplebeacon-dashboard/js/services/aiProblemAnalyzerSuite.mjs(4510,13): error TS2339: Property 'aiSummary' does not exist on type 'string'.
ai-platform/web/simplebeacon-dashboard/js/services/aiProblemAnalyzerSuite.mjs(4511,13): error TS2339: Property 'conclusion' does not exist on type 'string'.
ai-platform/web/simplebeacon-dashboard/js/services/aiProblemAnalyzerSuite.mjs(4512,13): error TS2339: Property 'backlogSnippet' does not exist on type 'string'.
ai-platform/web/simplebeacon-dashboard/js/services/aiProblemAnalyzerSuite.mjs(4513,13): error TS2339: Property 'scanSummary' does not exist on type 'string'.
ai-platform/web/simplebeacon-dashboard/js/services/aiProblemAnalyzerSuite.mjs(4514,13): error TS2339: Property 'logs' does not exist on type 'string'.
ai-platform/web/simplebeacon-dashboard/js/services/aiProblemAnalyzerSuite.mjs(4523,35): error TS2322: Type '{}' is not assignable to type 'string'.
ai-platform/web/simplebeacon-dashboard/js/services/aiProblemAnalyzerSuite.mjs(4524,29): error TS2339: Property 'calibrationRecords' does not exist on type 'string'.
ai-platform/web/simplebeacon-dashboard/js/services/aiProblemAnalyzerSuite.mjs(4524,60): error TS2339: Property 'calibrationRecords' does not exist on type 'string'.
ai-platform/web/simplebeacon-dashboard/js/services/aiProblemAnalyzerSuite.mjs(4524,102): error TS2339: Property 'calibrationRecords' does not exist on type 'string'.
ai-platform/web/simplebeacon-dashboard/js/services/aiProblemAnalyzerSuite.mjs(4542,35): error TS2322: Type '{}' is not assignable to type 'string'.
ai-platform/web/simplebeacon-dashboard/js/services/aiProblemAnalyzerSuite.mjs(4543,29): error TS2339: Property 'contextCheckpoints' does not exist on type 'string'.
ai-platform/web/simplebeacon-dashboard/js/services/aiProblemAnalyzerSuite.mjs(4543,60): error TS2339: Property 'contextCheckpoints' does not exist on type 'string'.
ai-platform/web/simplebeacon-dashboard/js/services/aiProblemAnalyzerSuite.mjs(4544,20): error TS2339: Property 'contextCheckpoints' does not exist on type 'string'.
ai-platform/web/simplebeacon-dashboard/js/services/aiProblemAnalyzerSuite.mjs(4547,13): error TS2339: Property 'responseText' does not exist on type 'string'.
ai-platform/web/simplebeacon-dashboard/js/services/aiProblemAnalyzerSuite.mjs(4548,13): error TS2339: Property 'aiSummary' does not exist on type 'string'.
ai-platform/web/simplebeacon-dashboard/js/services/aiProblemAnalyzerSuite.mjs(4549,13): error TS2339: Property 'conclusion' does not exist on type 'string'.
ai-platform/web/simplebeacon-dashboard/js/services/aiProblemAnalyzerSuite.mjs(4550,13): error TS2339: Property 'backlogSnippet' does not exist on type 'string'.
ai-platform/web/simplebeacon-dashboard/js/services/aiProblemAnalyzerSuite.mjs(4566,31): error TS2322: Type '{}' is not assignable to type 'string'.
ai-platform/web/simplebeacon-dashboard/js/services/aiProblemAnalyzerSuite.mjs(4567,29): error TS2339: Property 'freshnessTests' does not exist on type 'string'.
ai-platform/web/simplebeacon-dashboard/js/services/aiProblemAnalyzerSuite.mjs(4567,56): error TS2339: Property 'freshnessTests' does not exist on type 'string'.
ai-platform/web/simplebeacon-dashboard/js/services/aiProblemAnalyzerSuite.mjs(4567,94): error TS2339: Property 'freshnessTests' does not exist on type 'string'.
ai-platform/web/simplebeacon-dashboard/js/services/aiProblemAnalyzerSuite.mjs(4570,32): error TS2339: Property 'scannedAt' does not exist on type 'string'.
ai-platform/web/simplebeacon-dashboard/js/services/aiProblemAnalyzerSuite.mjs(4573,28): error TS2339: Property 'scannedAt' does not exist on type 'string'.
ai-platform/web/simplebeacon-dashboard/js/services/aiProblemAnalyzerSuite.mjs(4583,31): error TS2322: Type '{}' is not assignable to type 'string'.
ai-platform/web/simplebeacon-dashboard/js/services/aiProblemAnalyzerSuite.mjs(4584,29): error TS2339: Property 'reasoningTasks' does not exist on type 'string'.
ai-platform/web/simplebeacon-dashboard/js/services/aiProblemAnalyzerSuite.mjs(4584,56): error TS2339: Property 'reasoningTasks' does not exist on type 'string'.
ai-platform/web/simplebeacon-dashboard/js/services/aiProblemAnalyzerSuite.mjs(4584,94): error TS2339: Property 'reasoningTasks' does not exist on type 'string'.
ai-platform/web/simplebeacon-dashboard/js/services/aiProblemAnalyzerSuite.mjs(4602,35): error TS2322: Type '{}' is not assignable to type 'string'.
ai-platform/web/simplebeacon-dashboard/js/services/aiProblemAnalyzerSuite.mjs(4603,29): error TS2339: Property 'complianceControls' does not exist on type 'string'.
ai-platform/web/simplebeacon-dashboard/js/services/aiProblemAnalyzerSuite.mjs(4603,60): error TS2339: Property 'complianceControls' does not exist on type 'string'.
ai-platform/web/simplebeacon-dashboard/js/services/aiProblemAnalyzerSuite.mjs(4603,102): error TS2339: Property 'complianceControls' does not exist on type 'string'.
ai-platform/web/simplebeacon-dashboard/js/services/aiProblemAnalyzerSuite.mjs(4618,37): error TS2322: Type '{}' is not assignable to type 'string'.
ai-platform/web/simplebeacon-dashboard/js/services/aiProblemAnalyzerSuite.mjs(4619,29): error TS2339: Property 'classificationLabels' does not exist on type 'string'.
ai-platform/web/simplebeacon-dashboard/js/services/aiProblemAnalyzerSuite.mjs(4619,62): error TS2339: Property 'classificationLabels' does not exist on type 'string'.
ai-platform/web/simplebeacon-dashboard/js/services/aiProblemAnalyzerSuite.mjs(4620,20): error TS2339: Property 'classificationLabels' does not exist on type 'string'.
ai-platform/web/simplebeacon-dashboard/js/services/aiProblemAnalyzerSuite.mjs(4639,31): error TS2322: Type '{}' is not assignable to type 'string'.
ai-platform/web/simplebeacon-dashboard/js/services/aiProblemAnalyzerSuite.mjs(4640,29): error TS2339: Property 'latencySamples' does not exist on type 'string'.
ai-platform/web/simplebeacon-dashboard/js/services/aiProblemAnalyzerSuite.mjs(4640,56): error TS2339: Property 'latencySamples' does not exist on type 'string'.
ai-platform/web/simplebeacon-dashboard/js/services/aiProblemAnalyzerSuite.mjs(4640,94): error TS2339: Property 'latencySamples' does not exist on type 'string'.
ai-platform/web/simplebeacon-dashboard/js/services/aiProblemAnalyzerSuite.mjs(4659,38): error TS2322: Type '{}' is not assignable to type 'string'.
ai-platform/web/simplebeacon-dashboard/js/services/aiProblemAnalyzerSuite.mjs(4660,29): error TS2339: Property 'errorCases' does not exist on type 'string'.
ai-platform/web/simplebeacon-dashboard/js/services/aiProblemAnalyzerSuite.mjs(4660,52): error TS2339: Property 'errorCases' does not exist on type 'string'.
ai-platform/web/simplebeacon-dashboard/js/services/aiProblemAnalyzerSuite.mjs(4661,20): error TS2339: Property 'errorCases' does not exist on type 'string'.
ai-platform/web/simplebeacon-dashboard/js/services/aiProblemAnalyzerSuite.mjs(4687,47): error TS2322: Type '{}' is not assignable to type 'string'.
ai-platform/web/simplebeacon-dashboard/js/services/aiProblemAnalyzerSuite.mjs(4688,18): error TS2698: Spread types may only be created from object types.
ai-platform/web/simplebeacon-dashboard/js/services/aiProblemAnalyzerSuite.mjs(4746,46): error TS2322: Type '{}' is not assignable to type 'string'.
ai-platform/web/simplebeacon-dashboard/js/services/aiProblemAnalyzerSuite.mjs(4759,33): error TS2740: Type '{}' is missing the following properties from type 'any[]': length, pop, push, concat, and 29 more.
ai-platform/web/simplebeacon-dashboard/js/services/aiProblemAnalyzerSuite.mjs(4760,11): error TS2339: Property 'context' does not exist on type 'any[]'.
ai-platform/web/simplebeacon-dashboard/js/services/aiProblemAnalyzerSuite.mjs(4760,35): error TS2339: Property 'default' does not exist on type 'any[]'.
ai-platform/web/simplebeacon-dashboard/js/services/aiProblemAnalyzerSuite.mjs(4777,39): error TS2322: Type '{}' is not assignable to type 'string'.
ai-platform/web/simplebeacon-dashboard/js/services/aiProblemAnalyzerSuite.mjs(4994,33): error TS2322: Type '{}' is not assignable to type 'string'.
ai-platform/web/simplebeacon-dashboard/js/services/aiProblemAnalyzerSuite.mjs(4995,58): error TS2353: Object literal may only specify known properties, and 'context' does not exist in type 'any[]'.
ai-platform/web/simplebeacon-dashboard/js/services/aiProblemAnalyzerSuite.mjs(4999,3): error TS2353: Object literal may only specify known properties, and 'clampScore' does not exist in type 'any[]'.
ai-platform/web/simplebeacon-dashboard/js/services/aiProblemAnalyzerSuite.mjs(5196,55): error TS2322: Type '{}' is not assignable to type 'string'.
ai-platform/web/simplebeacon-dashboard/js/services/aiProblemAnalyzerSuite.mjs(5197,18): error TS2698: Spread types may only be created from object types.
ai-platform/web/simplebeacon-dashboard/js/services/aiProblemAnalyzerSuite.mjs(5198,33): error TS2339: Property 'codeUnderstanding' does not exist on type 'string'.
ai-platform/web/simplebeacon-dashboard/js/services/aiProblemAnalyzerSuite.mjs(5199,26): error TS2339: Property 'zscriptReport' does not exist on type 'string'.
ai-platform/web/simplebeacon-dashboard/js/services/aiProblemAnalyzerSuite.mjs(5199,59): error TS2339: Property 'zscriptReport' does not exist on type 'string'.
ai-platform/web/simplebeacon-dashboard/js/services/aiProblemAnalyzerSuite.mjs(5248,68): error TS2740: Type '{}' is missing the following properties from type 'any[]': length, pop, push, concat, and 29 more.
ai-platform/web/simplebeacon-dashboard/js/services/analyzeService.js(18,14): error TS1064: The return type of an async function or method must be the global Promise<T> type. Did you mean to write 'Promise<any>'?
ai-platform/web/simplebeacon-dashboard/js/services/analyzeService.js(21,34): error TS2339: Property 'headers' does not exist on type 'any[]'.
ai-platform/web/simplebeacon-dashboard/js/services/analyzeService.js(25,26): error TS2339: Property 'text' does not exist on type 'any[]'.
ai-platform/web/simplebeacon-dashboard/js/services/analyzeService.js(47,57): error TS2339: Property 'location' does not exist on type 'typeof window'.
ai-platform/web/simplebeacon-dashboard/js/services/analyzeService.js(50,59): error TS2554: Expected 1-2 arguments, but got 3.
ai-platform/web/simplebeacon-dashboard/js/services/analyzeService.js(65,8): error TS2554: Expected 1-2 arguments, but got 3.
ai-platform/web/simplebeacon-dashboard/js/services/analyzeService.js(69,41): error TS2345: Argument of type 'Response' is not assignable to parameter of type 'any[]'.
  Type 'Response' is missing the following properties from type 'any[]': length, pop, push, concat, and 29 more.
ai-platform/web/simplebeacon-dashboard/js/services/analyzeService.js(83,14): error TS1064: The return type of an async function or method must be the global Promise<T> type. Did you mean to write 'Promise<any>'?
ai-platform/web/simplebeacon-dashboard/js/services/analyzeService.js(85,60): error TS2322: Type 'number' is not assignable to type 'any[]'.
ai-platform/web/simplebeacon-dashboard/js/services/analyzeService.js(88,11): error TS2365: Operator '>' cannot be applied to types 'any[]' and 'number'.
ai-platform/web/simplebeacon-dashboard/js/services/analyzeService.js(89,49): error TS2554: Expected 1-2 arguments, but got 3.
ai-platform/web/simplebeacon-dashboard/js/services/analyzeService.js(95,36): error TS2345: Argument of type 'Response' is not assignable to parameter of type 'any[]'.
  Type 'Response' is missing the following properties from type 'any[]': length, pop, push, concat, and 29 more.
ai-platform/web/simplebeacon-dashboard/js/services/analyzeService.js(148,16): error TS2339: Property 'id' does not exist on type 'string'.
ai-platform/web/simplebeacon-dashboard/js/services/analyzeService.js(149,29): error TS2339: Property 'configured' does not exist on type 'string'.
ai-platform/web/simplebeacon-dashboard/js/services/analyzeService.js(149,52): error TS2339: Property 'model' does not exist on type 'string'.
ai-platform/web/simplebeacon-dashboard/js/services/analyzeService.js(151,27): error TS2339: Property 'configured' does not exist on type 'string'.
ai-platform/web/simplebeacon-dashboard/js/services/analyzeService.js(157,14): error TS1064: The return type of an async function or method must be the global Promise<T> type. Did you mean to write 'Promise<any>'?
ai-platform/web/simplebeacon-dashboard/js/services/analyzeService.js(181,14): error TS1064: The return type of an async function or method must be the global Promise<T> type. Did you mean to write 'Promise<any>'?
ai-platform/web/simplebeacon-dashboard/js/services/analyzeService.js(235,14): error TS1064: The return type of an async function or method must be the global Promise<T> type. Did you mean to write 'Promise<any>'?
ai-platform/web/simplebeacon-dashboard/js/services/analyzeService.js(339,14): error TS1064: The return type of an async function or method must be the global Promise<T> type. Did you mean to write 'Promise<any>'?
ai-platform/web/simplebeacon-dashboard/js/services/analyzeService.js(351,49): error TS2339: Property 'type' does not exist on type 'number'.
ai-platform/web/simplebeacon-dashboard/js/services/analyzeService.js(357,36): error TS2345: Argument of type 'Response' is not assignable to parameter of type 'any[]'.
  Type 'Response' is missing the following properties from type 'any[]': length, pop, push, concat, and 29 more.
ai-platform/web/simplebeacon-dashboard/js/services/analyzeService.js(380,19): error TS18047: 'exportPayload' is possibly 'null'.
ai-platform/web/simplebeacon-dashboard/js/services/analyzeService.js(484,11): error TS18047: 'exportPayload' is possibly 'null'.
ai-platform/web/simplebeacon-dashboard/js/services/analyzeService.js(485,14): error TS18047: 'exportPayload' is possibly 'null'.
ai-platform/web/simplebeacon-dashboard/js/services/analyzeService.js(486,18): error TS18047: 'exportPayload' is possibly 'null'.
ai-platform/web/simplebeacon-dashboard/js/services/analyzeService.js(487,18): error TS18047: 'exportPayload' is possibly 'null'.
ai-platform/web/simplebeacon-dashboard/js/services/analyzeService.js(488,21): error TS18047: 'exportPayload' is possibly 'null'.
ai-platform/web/simplebeacon-dashboard/js/services/analyzeService.js(488,53): error TS18047: 'exportPayload' is possibly 'null'.
ai-platform/web/simplebeacon-dashboard/js/services/analyzeService.js(489,14): error TS18047: 'exportPayload' is possibly 'null'.
ai-platform/web/simplebeacon-dashboard/js/services/analyzeService.js(490,12): error TS18047: 'exportPayload' is possibly 'null'.
ai-platform/web/simplebeacon-dashboard/js/services/analyzeService.js(546,7): error TS18047: 'exportPayload' is possibly 'null'.
ai-platform/web/simplebeacon-dashboard/js/services/analyzeService.js(546,46): error TS18047: 'exportPayload' is possibly 'null'.
ai-platform/web/simplebeacon-dashboard/js/services/analyzeService.js(549,7): error TS18047: 'exportPayload' is possibly 'null'.
ai-platform/web/simplebeacon-dashboard/js/services/analyzeService.js(550,21): error TS18047: 'exportPayload' is possibly 'null'.
ai-platform/web/simplebeacon-dashboard/js/services/analyzeService.js(554,16): error TS18047: 'exportPayload' is possibly 'null'.
ai-platform/web/simplebeacon-dashboard/js/services/analyzeService.js(555,20): error TS18047: 'exportPayload' is possibly 'null'.
ai-platform/web/simplebeacon-dashboard/js/services/analyzeService.js(556,20): error TS18047: 'exportPayload' is possibly 'null'.
ai-platform/web/simplebeacon-dashboard/js/services/analyzeService.js(556,49): error TS18047: 'exportPayload' is possibly 'null'.
ai-platform/web/simplebeacon-dashboard/js/services/analyzeService.js(557,23): error TS18047: 'exportPayload' is possibly 'null'.
ai-platform/web/simplebeacon-dashboard/js/services/analyzeService.js(560,30): error TS18047: 'exportPayload' is possibly 'null'.
ai-platform/web/simplebeacon-dashboard/js/services/analyzeService.js(561,32): error TS18047: 'exportPayload' is possibly 'null'.
ai-platform/web/simplebeacon-dashboard/js/services/analyzeService.js(693,14): error TS1064: The return type of an async function or method must be the global Promise<T> type. Did you mean to write 'Promise<any>'?
ai-platform/web/simplebeacon-dashboard/js/services/analyzeService.js(725,6): error TS2554: Expected 1-2 arguments, but got 3.
ai-platform/web/simplebeacon-dashboard/js/services/analyzeService.js(726,36): error TS2345: Argument of type 'Response' is not assignable to parameter of type 'any[]'.
  Type 'Response' is missing the following properties from type 'any[]': length, pop, push, concat, and 29 more.
ai-platform/web/simplebeacon-dashboard/js/services/analyzeService.js(729,9): error TS2339: Property 'code' does not exist on type 'Error'.
ai-platform/web/simplebeacon-dashboard/js/services/analyzeService.js(730,9): error TS2339: Property 'checkoutUrl' does not exist on type 'Error'.
ai-platform/web/simplebeacon-dashboard/js/services/analyzeService.js(745,14): error TS1064: The return type of an async function or method must be the global Promise<T> type. Did you mean to write 'Promise<any>'?
ai-platform/web/simplebeacon-dashboard/js/services/analyzeService.js(763,6): error TS2554: Expected 1-2 arguments, but got 3.
ai-platform/web/simplebeacon-dashboard/js/services/analyzeService.js(764,36): error TS2345: Argument of type 'Response' is not assignable to parameter of type 'any[]'.
  Type 'Response' is missing the following properties from type 'any[]': length, pop, push, concat, and 29 more.
ai-platform/web/simplebeacon-dashboard/js/services/analyzeService.js(767,9): error TS2339: Property 'code' does not exist on type 'Error'.
ai-platform/web/simplebeacon-dashboard/js/services/analyzeService.js(768,9): error TS2339: Property 'checkoutUrl' does not exist on type 'Error'.
ai-platform/web/simplebeacon-dashboard/js/services/analyzeService.js(797,14): error TS1064: The return type of an async function or method must be the global Promise<T> type. Did you mean to write 'Promise<any>'?
ai-platform/web/simplebeacon-dashboard/js/services/analyzeService.js(830,6): error TS2554: Expected 1-2 arguments, but got 3.
ai-platform/web/simplebeacon-dashboard/js/services/analyzeService.js(833,38): error TS2345: Argument of type 'Response' is not assignable to parameter of type 'any[]'.
  Type 'Response' is missing the following properties from type 'any[]': length, pop, push, concat, and 29 more.
ai-platform/web/simplebeacon-dashboard/js/services/analyzeService.js(835,9): error TS2339: Property 'code' does not exist on type 'Error'.
ai-platform/web/simplebeacon-dashboard/js/services/analyzeService.js(836,9): error TS2339: Property 'checkoutUrl' does not exist on type 'Error'.
ai-platform/web/simplebeacon-dashboard/js/services/analyzeService.js(840,38): error TS2345: Argument of type 'Response' is not assignable to parameter of type 'any[]'.
  Type 'Response' is missing the following properties from type 'any[]': length, pop, push, concat, and 29 more.
ai-platform/web/simplebeacon-dashboard/js/services/analyzeService.js(842,9): error TS2339: Property 'code' does not exist on type 'Error'.
ai-platform/web/simplebeacon-dashboard/js/services/analyzeService.js(843,9): error TS2339: Property 'warnings' does not exist on type 'Error'.
ai-platform/web/simplebeacon-dashboard/js/services/analyzeService.js(847,38): error TS2345: Argument of type 'Response' is not assignable to parameter of type 'any[]'.
  Type 'Response' is missing the following properties from type 'any[]': length, pop, push, concat, and 29 more.
ai-platform/web/simplebeacon-dashboard/js/services/analyzeService.js(871,14): error TS2584: Cannot find name 'document'. Do you need to change your target library? Try changing the 'lib' compiler option to include 'dom'.
ai-platform/web/simplebeacon-dashboard/js/services/analyzeService.js(871,43): error TS2584: Cannot find name 'document'. Do you need to change your target library? Try changing the 'lib' compiler option to include 'dom'.
ai-platform/web/simplebeacon-dashboard/js/services/analyzeService.js(877,16): error TS2584: Cannot find name 'document'. Do you need to change your target library? Try changing the 'lib' compiler option to include 'dom'.
ai-platform/web/simplebeacon-dashboard/js/services/analyzeService.js(881,3): error TS2584: Cannot find name 'document'. Do you need to change your target library? Try changing the 'lib' compiler option to include 'dom'.
ai-platform/web/simplebeacon-dashboard/js/services/analyzeService.js(894,14): error TS1064: The return type of an async function or method must be the global Promise<T> type. Did you mean to write 'Promise<any>'?
ai-platform/web/simplebeacon-dashboard/js/services/analyzeService.js(896,54): error TS2322: Type 'number' is not assignable to type 'any[]'.
ai-platform/web/simplebeacon-dashboard/js/services/analyzeService.js(906,38): error TS2345: Argument of type 'Response' is not assignable to parameter of type 'any[]'.
  Type 'Response' is missing the following properties from type 'any[]': length, pop, push, concat, and 29 more.
ai-platform/web/simplebeacon-dashboard/js/services/analyzeService.js(919,14): error TS1064: The return type of an async function or method must be the global Promise<T> type. Did you mean to write 'Promise<any>'?
ai-platform/web/simplebeacon-dashboard/js/services/analyzeService.js(921,54): error TS2322: Type 'number' is not assignable to type 'any[]'.
ai-platform/web/simplebeacon-dashboard/js/services/analyzeService.js(932,38): error TS2345: Argument of type 'Response' is not assignable to parameter of type 'any[]'.
  Type 'Response' is missing the following properties from type 'any[]': length, pop, push, concat, and 29 more.
ai-platform/web/simplebeacon-dashboard/js/services/analyzeService.js(955,32): error TS2339: Property 'open' does not exist on type 'typeof window'.
ai-platform/web/simplebeacon-dashboard/js/services/analyzeService.js(971,14): error TS1064: The return type of an async function or method must be the global Promise<T> type. Did you mean to write 'Promise<any>'?
ai-platform/web/simplebeacon-dashboard/js/services/analyzeService.js(1014,14): error TS1064: The return type of an async function or method must be the global Promise<T> type. Did you mean to write 'Promise<any>'?
ai-platform/web/simplebeacon-dashboard/js/services/analyzeService.js(1112,14): error TS1064: The return type of an async function or method must be the global Promise<T> type. Did you mean to write 'Promise<any>'?
ai-platform/web/simplebeacon-dashboard/js/services/analyzeService.js(1133,14): error TS1064: The return type of an async function or method must be the global Promise<T> type. Did you mean to write 'Promise<any>'?
ai-platform/web/simplebeacon-dashboard/js/services/analyzeService.js(1177,14): error TS1064: The return type of an async function or method must be the global Promise<T> type. Did you mean to write 'Promise<any>'?
ai-platform/web/simplebeacon-dashboard/js/services/analyzeService.js(1261,5): error TS2698: Spread types may only be created from object types.
ai-platform/web/simplebeacon-dashboard/js/services/analyzeService.js(1262,26): error TS18047: 'report' is possibly 'null'.
ai-platform/web/simplebeacon-dashboard/js/services/analyzeService.js(1263,9): error TS18047: 'report' is possibly 'null'.
ai-platform/web/simplebeacon-dashboard/js/services/analyzeService.js(1265,27): error TS18047: 'report' is possibly 'null'.
ai-platform/web/simplebeacon-dashboard/js/services/analyzeService.js(1266,29): error TS18047: 'report' is possibly 'null'.
ai-platform/web/simplebeacon-dashboard/js/services/analyzeService.js(1267,20): error TS18047: 'report' is possibly 'null'.
ai-platform/web/simplebeacon-dashboard/js/services/analyzeService.js(1267,51): error TS18047: 'report' is possibly 'null'.
ai-platform/web/simplebeacon-dashboard/js/services/analyzeService.js(1289,14): error TS1064: The return type of an async function or method must be the global Promise<T> type. Did you mean to write 'Promise<any>'?
ai-platform/web/simplebeacon-dashboard/js/services/analyzeService.js(1303,8): error TS2554: Expected 1-2 arguments, but got 3.
ai-platform/web/simplebeacon-dashboard/js/services/analyzeService.js(1309,36): error TS2345: Argument of type 'Response' is not assignable to parameter of type 'any[]'.
  Type 'Response' is missing the following properties from type 'any[]': length, pop, push, concat, and 29 more.
ai-platform/web/simplebeacon-dashboard/js/services/analyzeService.js(1348,26): error TS2339: Property 'severityBand' does not exist on type 'boolean'.
ai-platform/web/simplebeacon-dashboard/js/services/analyzeService.js(1348,48): error TS2339: Property 'severity' does not exist on type 'boolean'.
ai-platform/web/simplebeacon-dashboard/js/services/analyzeService.js(1382,25): error TS2339: Property 'type' does not exist on type 'number'.
ai-platform/web/simplebeacon-dashboard/js/services/analyzeService.js(1383,31): error TS2339: Property 'rawIssues' does not exist on type 'number'.
ai-platform/web/simplebeacon-dashboard/js/services/analyzeService.js(1383,58): error TS2339: Property 'rawIssues' does not exist on type 'number'.
ai-platform/web/simplebeacon-dashboard/js/services/analyzeService.js(1383,78): error TS2339: Property 'detectedIssues' does not exist on type 'number'.
ai-platform/web/simplebeacon-dashboard/js/services/analyzeService.js(1385,29): error TS2339: Property 'gate' does not exist on type 'number'.
ai-platform/web/simplebeacon-dashboard/js/services/analyzeService.js(1385,44): error TS2339: Property 'scanScope' does not exist on type 'number'.
ai-platform/web/simplebeacon-dashboard/js/services/analyzeService.js(1392,28): error TS2339: Property 'repositoryFilesTotal' does not exist on type 'number'.
ai-platform/web/simplebeacon-dashboard/js/services/analyzeService.js(1392,59): error TS2339: Property 'repositoryInventory' does not exist on type 'number'.
ai-platform/web/simplebeacon-dashboard/js/services/analyzeService.js(1393,58): error TS2339: Property 'mockSampleFiles' does not exist on type 'number'.
ai-platform/web/simplebeacon-dashboard/js/services/analyzeService.js(1393,84): error TS2339: Property 'totalFiles' does not exist on type 'number'.
ai-platform/web/simplebeacon-dashboard/js/services/analyzeService.js(1396,5): error TS2698: Spread types may only be created from object types.
ai-platform/web/simplebeacon-dashboard/js/services/analyzeService.js(1407,18): error TS2339: Property 'scanScope' does not exist on type 'number'.
ai-platform/web/simplebeacon-dashboard/js/services/analyzeService.js(1412,19): error TS2339: Property 'scanScope' does not exist on type 'number'.
ai-platform/web/simplebeacon-dashboard/js/services/analyzeService.js(1415,27): error TS2339: Property 'scanScope' does not exist on type 'number'.
ai-platform/web/simplebeacon-dashboard/js/services/analyzeService.js(1482,14): error TS1064: The return type of an async function or method must be the global Promise<T> type. Did you mean to write 'Promise<any>'?
ai-platform/web/simplebeacon-dashboard/js/services/analyzeService.js(1486,18): error TS2698: Spread types may only be created from object types.
ai-platform/web/simplebeacon-dashboard/js/services/analyzeService.js(1518,16): error TS2339: Property 'generatedAt' does not exist on type 'number'.
ai-platform/web/simplebeacon-dashboard/js/services/analyzeService.js(1520,35): error TS2339: Property 'repositoryInventory' does not exist on type 'number'.
ai-platform/web/simplebeacon-dashboard/js/services/analyzeService.js(1521,14): error TS2339: Property 'repositoryInventory' does not exist on type 'number'.
ai-platform/web/simplebeacon-dashboard/js/services/analyzeService.js(1524,16): error TS2339: Property 'scanTargetRoot' does not exist on type 'number'.
ai-platform/web/simplebeacon-dashboard/js/services/analyzeService.js(1525,16): error TS2339: Property 'platformRoot' does not exist on type 'number'.
ai-platform/web/simplebeacon-dashboard/js/services/analyzeService.js(1526,16): error TS2339: Property 'projectRoot' does not exist on type 'number'.
ai-platform/web/simplebeacon-dashboard/js/services/analyzeService.js(1530,13): error TS2339: Property 'generatedAt' does not exist on type 'number'.
ai-platform/web/simplebeacon-dashboard/js/services/analyzeService.js(1554,34): error TS2339: Property 'repositoryFilesTotal' does not exist on type 'number'.
ai-platform/web/simplebeacon-dashboard/js/services/analyzeService.js(1556,34): error TS2339: Property 'repositoryFoldersTotal' does not exist on type 'number'.
ai-platform/web/simplebeacon-dashboard/js/services/analyzeService.js(1558,16): error TS2339: Property 'ruleScopedFilesAnalyzed' does not exist on type 'number'.
ai-platform/web/simplebeacon-dashboard/js/services/analyzeService.js(1558,51): error TS2339: Property 'scanScope' does not exist on type 'number'.
ai-platform/web/simplebeacon-dashboard/js/services/analyzeService.js(1560,48): error TS2339: Property 'generatedAt' does not exist on type 'number'.
ai-platform/web/simplebeacon-dashboard/js/services/analyzeService.js(1574,44): error TS2339: Property 'generatedAt' does not exist on type 'number'.
ai-platform/web/simplebeacon-dashboard/js/services/analyzeService.js(1578,39): error TS2339: Property 'generatedAt' does not exist on type 'number'.
ai-platform/web/simplebeacon-dashboard/js/services/analyzeService.js(1665,16): error TS2339: Property 'platformRoot' does not exist on type 'number'.
ai-platform/web/simplebeacon-dashboard/js/services/analyzeService.js(1665,41): error TS2339: Property 'projectRoot' does not exist on type 'number'.
ai-platform/web/simplebeacon-dashboard/js/services/analyzeService.js(1666,35): error TS2339: Property 'platformRoot' does not exist on type 'number'.
ai-platform/web/simplebeacon-dashboard/js/services/analyzeService.js(1666,81): error TS2339: Property 'projectRoot' does not exist on type 'number'.
ai-platform/web/simplebeacon-dashboard/js/services/analyzeService.js(1669,28): error TS2339: Property 'repositoryFilesTotal' does not exist on type 'number'.
ai-platform/web/simplebeacon-dashboard/js/services/analyzeService.js(1669,59): error TS2339: Property 'repositoryInventory' does not exist on type 'number'.
ai-platform/web/simplebeacon-dashboard/js/services/analyzeService.js(1670,30): error TS2339: Property 'fictionJsonFilesScanned' does not exist on type 'number'.
ai-platform/web/simplebeacon-dashboard/js/services/analyzeService.js(1670,64): error TS2339: Property 'scanScope' does not exist on type 'number'.
ai-platform/web/simplebeacon-dashboard/js/services/analyzeService.js(1726,14): error TS2339: Property 'reportVersion' does not exist on type 'number'.
ai-platform/web/simplebeacon-dashboard/js/services/analyzeService.js(1726,46): error TS2339: Property 'reportVersion' does not exist on type 'number'.
ai-platform/web/simplebeacon-dashboard/js/services/analyzeService.js(1727,31): error TS2339: Property 'projectRoot' does not exist on type 'number'.
ai-platform/web/simplebeacon-dashboard/js/services/analyzeService.js(1728,56): error TS2339: Property 'projectRoot' does not exist on type 'number'.
ai-platform/web/simplebeacon-dashboard/js/services/analyzeService.js(1729,32): error TS2339: Property 'repositoryInventory' does not exist on type 'number'.
ai-platform/web/simplebeacon-dashboard/js/services/analyzeService.js(1731,33): error TS2339: Property 'scanTargetRoot' does not exist on type 'number'.
ai-platform/web/simplebeacon-dashboard/js/services/analyzeService.js(1731,58): error TS2339: Property 'platformRoot' does not exist on type 'number'.
ai-platform/web/simplebeacon-dashboard/js/services/analyzeService.js(1744,16): error TS2339: Property 'repositoryInventory' does not exist on type 'number'.
ai-platform/web/simplebeacon-dashboard/js/services/analyzeService.js(1757,7): error TS18047: 'report' is possibly 'null'.
ai-platform/web/simplebeacon-dashboard/js/services/analyzeService.js(1758,29): error TS18047: 'report' is possibly 'null'.
ai-platform/web/simplebeacon-dashboard/js/services/analyzeService.js(1759,10): error TS18047: 'report' is possibly 'null'.
ai-platform/web/simplebeacon-dashboard/js/services/analyzeService.js(1761,23): error TS18047: 'report' is possibly 'null'.
ai-platform/web/simplebeacon-dashboard/js/services/analyzeService.js(1762,10): error TS18047: 'report' is possibly 'null'.
ai-platform/web/simplebeacon-dashboard/js/services/analyzeService.js(1763,10): error TS18047: 'report' is possibly 'null'.
ai-platform/web/simplebeacon-dashboard/js/services/analyzeService.js(1768,26): error TS18047: 'report' is possibly 'null'.
ai-platform/web/simplebeacon-dashboard/js/services/analyzeService.js(1772,26): error TS18047: 'report' is possibly 'null'.
ai-platform/web/simplebeacon-dashboard/js/services/analyzeService.js(1773,12): error TS18047: 'report' is possibly 'null'.
ai-platform/web/simplebeacon-dashboard/js/services/analyzeService.js(1775,23): error TS18047: 'report' is possibly 'null'.
ai-platform/web/simplebeacon-dashboard/js/services/analyzeService.js(1779,27): error TS18047: 'report' is possibly 'null'.
ai-platform/web/simplebeacon-dashboard/js/services/analyzeService.js(1780,35): error TS18047: 'report' is possibly 'null'.
ai-platform/web/simplebeacon-dashboard/js/services/analyzeService.js(1780,69): error TS18047: 'report' is possibly 'null'.
ai-platform/web/simplebeacon-dashboard/js/services/analyzeService.js(1781,27): error TS18047: 'report' is possibly 'null'.
ai-platform/web/simplebeacon-dashboard/js/services/analyzeService.js(1788,30): error TS18047: 'report' is possibly 'null'.
ai-platform/web/simplebeacon-dashboard/js/services/analyzeService.js(1788,64): error TS18047: 'report' is possibly 'null'.
ai-platform/web/simplebeacon-dashboard/js/services/analyzeService.js(1789,24): error TS18047: 'report' is possibly 'null'.
ai-platform/web/simplebeacon-dashboard/js/services/analyzeService.js(1790,28): error TS18047: 'report' is possibly 'null'.
ai-platform/web/simplebeacon-dashboard/js/services/analyzeService.js(1792,24): error TS18047: 'report' is possibly 'null'.
ai-platform/web/simplebeacon-dashboard/js/services/analyzeService.js(1793,47): error TS18047: 'report' is possibly 'null'.
ai-platform/web/simplebeacon-dashboard/js/services/analyzeService.js(1804,17): error TS2339: Property 'consistencyScore' does not exist on type 'number'.
ai-platform/web/simplebeacon-dashboard/js/services/analyzeService.js(1804,44): error TS2339: Property 'schemaCompliance' does not exist on type 'number'.
ai-platform/web/simplebeacon-dashboard/js/services/analyzeService.js(1804,71): error TS2339: Property 'qualityScore' does not exist on type 'number'.
ai-platform/web/simplebeacon-dashboard/js/services/analyzeService.js(1837,31): error TS2339: Property 'jestSummary' does not exist on type 'number'.
ai-platform/web/simplebeacon-dashboard/js/services/analyzeService.js(1846,15): error TS2339: Property 'jestBaselineChecked' does not exist on type 'number'.
ai-platform/web/simplebeacon-dashboard/js/services/analyzeService.js(1859,15): error TS2339: Property 'pageSampleSchemaChecked' does not exist on type 'number'.
ai-platform/web/simplebeacon-dashboard/js/services/analyzeService.js(1860,22): error TS2339: Property 'pageSampleSchemaPassed' does not exist on type 'number'.
ai-platform/web/simplebeacon-dashboard/js/services/analyzeService.js(1860,60): error TS2339: Property 'pageSampleSchemaChecked' does not exist on type 'number'.
ai-platform/web/simplebeacon-dashboard/js/services/analyzeService.js(1885,21): error TS2554: Expected 3 arguments, but got 2.
ai-platform/web/simplebeacon-dashboard/js/services/analyzeService.js(1970,15): error TS2339: Property 'totalSizeLabel' does not exist on type 'number'.
ai-platform/web/simplebeacon-dashboard/js/services/analyzeService.js(1971,23): error TS2339: Property 'totalSizeLabel' does not exist on type 'number'.
ai-platform/web/simplebeacon-dashboard/js/services/analyzeService.js(1994,25): error TS2339: Property 'scanScope' does not exist on type 'number'.
ai-platform/web/simplebeacon-dashboard/js/services/analyzeService.js(2010,84): error TS2339: Property 'mockSampleFiles' does not exist on type 'number'.
ai-platform/web/simplebeacon-dashboard/js/services/analyzeService.js(2011,66): error TS2339: Property 'pageSampleSchemaChecked' does not exist on type 'number'.
ai-platform/web/simplebeacon-dashboard/js/services/analyzeService.js(2012,78): error TS2339: Property 'productionLeakScanned' does not exist on type 'number'.
ai-platform/web/simplebeacon-dashboard/js/services/analyzeService.js(2103,18): error TS2339: Property 'rawIssues' does not exist on type 'number'.
ai-platform/web/simplebeacon-dashboard/js/services/analyzeService.js(2103,39): error TS2339: Property 'detectedIssues' does not exist on type 'number'.
ai-platform/web/simplebeacon-dashboard/js/services/analyzeService.js(2176,30): error TS2339: Property 'repositoryFilesTotal' does not exist on type 'number'.
ai-platform/web/simplebeacon-dashboard/js/services/analyzeService.js(2176,61): error TS2339: Property 'scanScope' does not exist on type 'number'.
ai-platform/web/simplebeacon-dashboard/js/services/analyzeService.js(2177,31): error TS2339: Property 'ruleScopedFilesAnalyzed' does not exist on type 'number'.
ai-platform/web/simplebeacon-dashboard/js/services/analyzeService.js(2177,65): error TS2339: Property 'scanScope' does not exist on type 'number'.
ai-platform/web/simplebeacon-dashboard/js/services/analyzeService.js(2178,32): error TS2339: Property 'fictionJsonFilesScanned' does not exist on type 'number'.
ai-platform/web/simplebeacon-dashboard/js/services/analyzeService.js(2178,66): error TS2339: Property 'scanScope' does not exist on type 'number'.
ai-platform/web/simplebeacon-dashboard/js/services/analyzeService.js(2217,34): error TS2339: Property 'fictionJsonFilesScanned' does not exist on type 'number'.
ai-platform/web/simplebeacon-dashboard/js/services/analyzeService.js(2217,68): error TS2339: Property 'scanScope' does not exist on type 'number'.
ai-platform/web/simplebeacon-dashboard/js/services/analyzeService.js(2218,36): error TS2339: Property 'fictionSampleFilesScanned' does not exist on type 'number'.
ai-platform/web/simplebeacon-dashboard/js/services/analyzeService.js(2218,72): error TS2339: Property 'mockSampleFiles' does not exist on type 'number'.
ai-platform/web/simplebeacon-dashboard/js/services/analyzeService.js(2232,28): error TS2339: Property 'repositoryFilesTotal' does not exist on type 'number'.
ai-platform/web/simplebeacon-dashboard/js/services/analyzeService.js(2232,59): error TS2339: Property 'repositoryInventory' does not exist on type 'number'.
ai-platform/web/simplebeacon-dashboard/js/services/analyzeService.js(2233,29): error TS2339: Property 'ruleScopedFilesAnalyzed' does not exist on type 'number'.
ai-platform/web/simplebeacon-dashboard/js/services/analyzeService.js(2234,30): error TS2339: Property 'fictionJsonFilesScanned' does not exist on type 'number'.
ai-platform/web/simplebeacon-dashboard/js/services/analyzeService.js(2234,64): error TS2339: Property 'scanScope' does not exist on type 'number'.
ai-platform/web/simplebeacon-dashboard/js/services/analyzeService.js(2235,27): error TS2339: Property 'jestBaselineChecked' does not exist on type 'number'.
ai-platform/web/simplebeacon-dashboard/js/services/analyzeService.js(2235,67): error TS2339: Property 'scanScope' does not exist on type 'number'.
ai-platform/web/simplebeacon-dashboard/js/services/analyzeService.js(2240,29): error TS2339: Property 'gate' does not exist on type 'number'.
ai-platform/web/simplebeacon-dashboard/js/services/analyzeService.js(2242,60): error TS2339: Property 'gate' does not exist on type 'number'.
ai-platform/web/simplebeacon-dashboard/js/services/analyzeService.js(2244,16): error TS2339: Property 'gate' does not exist on type 'number'.
ai-platform/web/simplebeacon-dashboard/js/services/analyzeService.js(2250,33): error TS2339: Property 'scanScope' does not exist on type 'number'.
ai-platform/web/simplebeacon-dashboard/js/services/analyzeService.js(2256,24): error TS2339: Property 'scanScope' does not exist on type 'number'.
ai-platform/web/simplebeacon-dashboard/js/services/analyzeService.js(2261,27): error TS2339: Property 'gate' does not exist on type 'number'.
ai-platform/web/simplebeacon-dashboard/js/services/analyzeService.js(2263,14): error TS2339: Property 'gate' does not exist on type 'number'.
ai-platform/web/simplebeacon-dashboard/js/services/analyzeService.js(2283,53): error TS2339: Property 'projectRoot' does not exist on type 'number'.
ai-platform/web/simplebeacon-dashboard/js/services/analyzeService.js(2284,57): error TS2554: Expected 1 arguments, but got 2.
ai-platform/web/simplebeacon-dashboard/js/services/analyzeService.js(2298,6): error TS2554: Expected 1 arguments, but got 2.
ai-platform/web/simplebeacon-dashboard/js/services/analyzeService.js(2327,14): error TS1064: The return type of an async function or method must be the global Promise<T> type. Did you mean to write 'Promise<any>'?
ai-platform/web/simplebeacon-dashboard/js/services/analyzeService.js(2332,23): error TS2339: Property 'text' does not exist on type 'string'.
ai-platform/web/simplebeacon-dashboard/js/services/analyzeService.js(2346,14): error TS1064: The return type of an async function or method must be the global Promise<T> type. Did you mean to write 'Promise<any>'?
ai-platform/web/simplebeacon-dashboard/js/services/analyzeService.js(2350,43): error TS2339: Property 'name' does not exist on type 'string'.
ai-platform/web/simplebeacon-dashboard/js/services/analyzeService.js(2350,71): error TS2339: Property 'type' does not exist on type 'string'.
ai-platform/web/simplebeacon-dashboard/js/services/analyzeService.js(2356,45): error TS2339: Property 'name' does not exist on type 'string'.
ai-platform/web/simplebeacon-dashboard/js/services/analyzeService.js(2369,14): error TS1064: The return type of an async function or method must be the global Promise<T> type. Did you mean to write 'Promise<any>'?
ai-platform/web/simplebeacon-dashboard/js/services/analyzeService.js(2384,6): error TS2554: Expected 1-2 arguments, but got 3.
ai-platform/web/simplebeacon-dashboard/js/services/analyzeService.js(2385,49): error TS2345: Argument of type 'Response' is not assignable to parameter of type 'any[]'.
  Type 'Response' is missing the following properties from type 'any[]': length, pop, push, concat, and 29 more.
ai-platform/web/simplebeacon-dashboard/js/services/analyzeService.js(2396,14): error TS1064: The return type of an async function or method must be the global Promise<T> type. Did you mean to write 'Promise<any>'?
ai-platform/web/simplebeacon-dashboard/js/services/analyzeService.js(2413,14): error TS1064: The return type of an async function or method must be the global Promise<T> type. Did you mean to write 'Promise<any>'?
ai-platform/web/simplebeacon-dashboard/js/services/analyzeService.js(2430,14): error TS1064: The return type of an async function or method must be the global Promise<T> type. Did you mean to write 'Promise<any>'?
ai-platform/web/simplebeacon-dashboard/js/services/analyzeService.js(2453,14): error TS1064: The return type of an async function or method must be the global Promise<T> type. Did you mean to write 'Promise<any>'?
ai-platform/web/simplebeacon-dashboard/js/services/analyzeService.js(2470,14): error TS1064: The return type of an async function or method must be the global Promise<T> type. Did you mean to write 'Promise<any>'?
ai-platform/web/simplebeacon-dashboard/js/services/analyzeService.js(2495,39): error TS2339: Property 'generatedAt' does not exist on type 'number'.
ai-platform/web/simplebeacon-dashboard/js/services/analyzeService.js(2522,12): error TS2304: Cannot find name 'FileList'.
ai-platform/web/simplebeacon-dashboard/js/services/analyzeService.js(2528,56): error TS2741: Property 'analysisType' is missing in type '{}' but required in type '{ analysisType: string; timeoutMs?: number; }'.
ai-platform/web/simplebeacon-dashboard/js/services/analyzeService.js(2547,6): error TS2345: Argument of type 'number' is not assignable to parameter of type 'any[]'.
ai-platform/web/simplebeacon-dashboard/js/services/assessmentService.js(60,11): error TS2339: Property 'status' does not exist on type 'Error'.
ai-platform/web/simplebeacon-dashboard/js/services/authService.js(22,13): error TS2584: Cannot find name 'document'. Do you need to change your target library? Try changing the 'lib' compiler option to include 'dom'.
ai-platform/web/simplebeacon-dashboard/js/services/authService.js(33,3): error TS2584: Cannot find name 'document'. Do you need to change your target library? Try changing the 'lib' compiler option to include 'dom'.
ai-platform/web/simplebeacon-dashboard/js/services/authService.js(41,3): error TS2584: Cannot find name 'document'. Do you need to change your target library? Try changing the 'lib' compiler option to include 'dom'.
ai-platform/web/simplebeacon-dashboard/js/services/authService.js(97,14): error TS2339: Property 'addEventListener' does not exist on type 'typeof window'.
ai-platform/web/simplebeacon-dashboard/js/services/authService.js(107,14): error TS2339: Property 'dispatchEvent' does not exist on type 'typeof window'.
ai-platform/web/simplebeacon-dashboard/js/services/authService.js(167,49): error TS2339: Property 'parent' does not exist on type 'typeof window'.
ai-platform/web/simplebeacon-dashboard/js/services/authService.js(170,14): error TS2339: Property 'parent' does not exist on type 'typeof window'.
ai-platform/web/simplebeacon-dashboard/js/services/authService.js(187,49): error TS2339: Property 'parent' does not exist on type 'typeof window'.
ai-platform/web/simplebeacon-dashboard/js/services/authService.js(188,14): error TS2339: Property 'parent' does not exist on type 'typeof window'.
ai-platform/web/simplebeacon-dashboard/js/services/authService.js(247,40): error TS2339: Property 'authRequired' does not exist on type 'object'.
ai-platform/web/simplebeacon-dashboard/js/services/authService.js(349,50): error TS2339: Property 'location' does not exist on type 'typeof window'.
ai-platform/web/simplebeacon-dashboard/js/services/authService.js(349,94): error TS2339: Property 'location' does not exist on type 'typeof window'.
ai-platform/web/simplebeacon-dashboard/js/services/authService.js(502,27): error TS2339: Property 'password' does not exist on type '{}'.
ai-platform/web/simplebeacon-dashboard/js/services/billingService.js(148,9): error TS2339: Property 'code' does not exist on type 'Error'.
ai-platform/web/simplebeacon-dashboard/js/services/billingService.js(159,9): error TS2339: Property 'code' does not exist on type 'Error'.
ai-platform/web/simplebeacon-dashboard/js/services/extendedAnalyzers.mjs(8,5): error TS2339: Property 'clampScore' does not exist on type 'any[]'.
ai-platform/web/simplebeacon-dashboard/js/services/extendedAnalyzers.mjs(9,5): error TS2339: Property 'finalizeRiskAssessment' does not exist on type 'any[]'.
ai-platform/web/simplebeacon-dashboard/js/services/extendedAnalyzers.mjs(10,5): error TS2339: Property 'buildHigherBetterResult' does not exist on type 'any[]'.
ai-platform/web/simplebeacon-dashboard/js/services/extendedAnalyzers.mjs(11,5): error TS2339: Property 'buildLowerBetterResult' does not exist on type 'any[]'.
ai-platform/web/simplebeacon-dashboard/js/services/extendedAnalyzers.mjs(12,5): error TS2339: Property 'buildInsufficientResult' does not exist on type 'any[]'.
ai-platform/web/simplebeacon-dashboard/js/services/extendedAnalyzers.mjs(13,5): error TS2339: Property 'collectSocietalImpactText' does not exist on type 'any[]'.
ai-platform/web/simplebeacon-dashboard/js/services/extendedAnalyzers.mjs(14,5): error TS2339: Property 'collectMarketShares' does not exist on type 'any[]'.
ai-platform/web/simplebeacon-dashboard/js/services/extendedAnalyzers.mjs(15,5): error TS2339: Property 'computeHhi' does not exist on type 'any[]'.
ai-platform/web/simplebeacon-dashboard/js/services/extendedAnalyzers.mjs(16,5): error TS2339: Property 'MARKET_LOCKIN_MARKERS' does not exist on type 'any[]'.
ai-platform/web/simplebeacon-dashboard/js/services/extendedAnalyzers.mjs(17,5): error TS2339: Property 'isScanReportContext' does not exist on type 'any[]'.
ai-platform/web/simplebeacon-dashboard/js/services/fingerprintService.js(240,9): error TS2353: Object literal may only specify known properties, and 'id' does not exist in type '{ name: string; confidence: number; profile: string; totalFiles: number; metadata: any; }'.
ai-platform/web/simplebeacon-dashboard/js/services/fingerprintService.js(255,5): error TS2353: Object literal may only specify known properties, and 'id' does not exist in type '{ name: string; confidence: number; profile: string; totalFiles: number; metadata: any; }'.
ai-platform/web/simplebeacon-dashboard/js/services/fingerprintService.js(268,12): error TS2304: Cannot find name 'FileSystemDirectoryHandle'.
ai-platform/web/simplebeacon-dashboard/js/services/fingerprintService.js(268,38): error TS2304: Cannot find name 'FileSystemDirectoryEntry'.
ai-platform/web/simplebeacon-dashboard/js/services/localAgentService.js(72,40): error TS2339: Property 'success' does not exist on type 'unknown'.
ai-platform/web/simplebeacon-dashboard/js/services/localAgentService.js(73,40): error TS2339: Property 'scannerAvailable' does not exist on type 'unknown'.
ai-platform/web/simplebeacon-dashboard/js/services/localAgentService.js(74,32): error TS2339: Property 'scannerLoadError' does not exist on type 'unknown'.
ai-platform/web/simplebeacon-dashboard/js/services/localAgentService.js(75,23): error TS2339: Property 'version' does not exist on type 'unknown'.
ai-platform/web/simplebeacon-dashboard/js/services/localAgentService.js(102,14): error TS2339: Property 'location' does not exist on type 'typeof window'.
ai-platform/web/simplebeacon-dashboard/js/services/localAgentService.js(114,17): error TS2339: Property 'location' does not exist on type 'typeof window'.
ai-platform/web/simplebeacon-dashboard/js/services/localAgentService.js(136,31): error TS2339: Property 'success' does not exist on type 'unknown'.
ai-platform/web/simplebeacon-dashboard/js/services/localAgentService.js(137,28): error TS2339: Property 'error' does not exist on type 'unknown'.
ai-platform/web/simplebeacon-dashboard/js/services/localAgentService.js(139,17): error TS2339: Property 'inventory' does not exist on type 'unknown'.
ai-platform/web/simplebeacon-dashboard/js/services/localAgentService.js(165,31): error TS2339: Property 'success' does not exist on type 'unknown'.
ai-platform/web/simplebeacon-dashboard/js/services/localAgentService.js(166,28): error TS2339: Property 'error' does not exist on type 'unknown'.
ai-platform/web/simplebeacon-dashboard/js/services/localAgentService.js(168,17): error TS2339: Property 'report' does not exist on type 'unknown'.
ai-platform/web/simplebeacon-dashboard/js/services/localAgentService.js(210,48): error TS2339: Property 'navigator' does not exist on type 'typeof window'.
ai-platform/web/simplebeacon-dashboard/js/services/localAgentService.js(211,21): error TS2339: Property 'navigator' does not exist on type 'typeof window'.
ai-platform/web/simplebeacon-dashboard/js/services/localScanService.js(3,74): error TS1343: The 'import.meta' meta-property is only allowed when the '--module' option is 'es2020', 'es2022', 'esnext', 'system', 'node16', 'node18', 'node20', or 'nodenext'.
ai-platform/web/simplebeacon-dashboard/js/services/localScanService.js(10,12): error TS2304: Cannot find name 'FileSystemDirectoryHandle'.
ai-platform/web/simplebeacon-dashboard/js/services/localScanService.js(12,39): error TS2304: Cannot find name 'FileSystemFileHandle'.
ai-platform/web/simplebeacon-dashboard/js/services/localScanService.js(13,49): error TS2304: Cannot find name 'FileSystemFileHandle'.
ai-platform/web/simplebeacon-dashboard/js/services/localScanService.js(92,15): error TS2339: Property 'showDirectoryPicker' does not exist on type 'typeof window'.
ai-platform/web/simplebeacon-dashboard/js/services/localScanService.js(95,34): error TS2339: Property 'showDirectoryPicker' does not exist on type 'typeof window'.
ai-platform/web/simplebeacon-dashboard/js/services/localScanService.js(104,24): error TS2304: Cannot find name 'Worker'.
ai-platform/web/simplebeacon-dashboard/js/services/operatorService.js(27,14): error TS1064: The return type of an async function or method must be the global Promise<T> type. Did you mean to write 'Promise<any>'?
ai-platform/web/simplebeacon-dashboard/js/services/operatorService.js(47,14): error TS1064: The return type of an async function or method must be the global Promise<T> type. Did you mean to write 'Promise<any>'?
ai-platform/web/simplebeacon-dashboard/js/services/operatorService.js(55,14): error TS1064: The return type of an async function or method must be the global Promise<T> type. Did you mean to write 'Promise<any>'?
ai-platform/web/simplebeacon-dashboard/js/services/operatorService.js(64,14): error TS1064: The return type of an async function or method must be the global Promise<T> type. Did you mean to write 'Promise<any>'?
ai-platform/web/simplebeacon-dashboard/js/services/operatorService.js(76,14): error TS1064: The return type of an async function or method must be the global Promise<T> type. Did you mean to write 'Promise<any>'?
ai-platform/web/simplebeacon-dashboard/js/services/operatorService.js(85,14): error TS1064: The return type of an async function or method must be the global Promise<T> type. Did you mean to write 'Promise<any>'?
ai-platform/web/simplebeacon-dashboard/js/services/pathHealthService.js(8,14): error TS1064: The return type of an async function or method must be the global Promise<T> type. Did you mean to write 'Promise<any>'?
ai-platform/web/simplebeacon-dashboard/js/services/pathHealthService.js(23,14): error TS2339: Property 'status' does not exist on type 'unknown'.
ai-platform/web/simplebeacon-dashboard/js/services/pathHealthService.js(24,28): error TS2339: Property 'message' does not exist on type 'unknown'.
ai-platform/web/simplebeacon-dashboard/js/services/pathHealthService.js(40,14): error TS1064: The return type of an async function or method must be the global Promise<T> type. Did you mean to write 'Promise<any>'?
ai-platform/web/simplebeacon-dashboard/js/services/pathHealthService.js(49,14): error TS1064: The return type of an async function or method must be the global Promise<T> type. Did you mean to write 'Promise<any>'?
ai-platform/web/simplebeacon-dashboard/js/services/pathHealthService.js(58,14): error TS1064: The return type of an async function or method must be the global Promise<T> type. Did you mean to write 'Promise<any>'?
ai-platform/web/simplebeacon-dashboard/js/services/platformService.js(39,14): error TS1064: The return type of an async function or method must be the global Promise<T> type. Did you mean to write 'Promise<any>'?
ai-platform/web/simplebeacon-dashboard/js/services/platformService.js(41,31): error TS2322: Type 'number' is not assignable to type 'any[]'.
ai-platform/web/simplebeacon-dashboard/js/services/platformService.js(44,91): error TS2554: Expected 1-2 arguments, but got 3.
ai-platform/web/simplebeacon-dashboard/js/services/platformService.js(121,79): error TS2345: Argument of type 'number' is not assignable to parameter of type 'any[]'.
ai-platform/web/simplebeacon-dashboard/js/services/scanService.js(6,44): error TS2307: Cannot find module '../utils/dashboard-export.browser.js?v=20260616demodashboard1' or its corresponding type declarations.
ai-platform/web/simplebeacon-dashboard/js/services/scanService.js(33,14): error TS1064: The return type of an async function or method must be the global Promise<T> type. Did you mean to write 'Promise<any>'?
ai-platform/web/simplebeacon-dashboard/js/services/scanService.js(39,92): error TS2554: Expected 1-2 arguments, but got 3.
ai-platform/web/simplebeacon-dashboard/js/services/scanService.js(51,11): error TS2339: Property 'code' does not exist on type 'Error'.
ai-platform/web/simplebeacon-dashboard/js/services/scanService.js(56,11): error TS2339: Property 'code' does not exist on type 'Error'.
ai-platform/web/simplebeacon-dashboard/js/services/scanService.js(60,9): error TS2339: Property 'code' does not exist on type 'Error'.
ai-platform/web/simplebeacon-dashboard/js/services/scanService.js(61,9): error TS2339: Property 'details' does not exist on type 'Error'.
ai-platform/web/simplebeacon-dashboard/js/services/scanService.js(66,9): error TS2339: Property 'code' does not exist on type 'Error'.
ai-platform/web/simplebeacon-dashboard/js/services/scanService.js(276,9): error TS2554: Expected 1-2 arguments, but got 3.
ai-platform/web/simplebeacon-dashboard/js/services/scanService.js(292,11): error TS2339: Property 'code' does not exist on type 'Error'.
ai-platform/web/simplebeacon-dashboard/js/services/scanService.js(382,127): error TS2554: Expected 2 arguments, but got 3.
ai-platform/web/simplebeacon-dashboard/js/services/securityService.js(11,52): error TS2339: Property 'type' does not exist on type 'boolean'.
ai-platform/web/simplebeacon-dashboard/js/services/securityService.js(21,26): error TS2339: Property 'filePath' does not exist on type 'boolean'.
ai-platform/web/simplebeacon-dashboard/js/services/securityService.js(22,14): error TS2339: Property 'filePaths' does not exist on type 'boolean'.
ai-platform/web/simplebeacon-dashboard/js/services/securityService.js(23,14): error TS2339: Property 'metadata' does not exist on type 'boolean'.
ai-platform/web/simplebeacon-dashboard/js/services/securityService.js(24,14): error TS2339: Property 'affectedFiles' does not exist on type 'boolean'.
ai-platform/web/simplebeacon-dashboard/js/services/securityService.js(28,15): error TS2339: Property 'id' does not exist on type 'boolean'.
ai-platform/web/simplebeacon-dashboard/js/services/securityService.js(28,30): error TS2339: Property 'severity' does not exist on type 'boolean'.
ai-platform/web/simplebeacon-dashboard/js/services/securityService.js(28,48): error TS2339: Property 'type' does not exist on type 'boolean'.
ai-platform/web/simplebeacon-dashboard/js/services/securityService.js(29,21): error TS2339: Property 'severity' does not exist on type 'boolean'.
ai-platform/web/simplebeacon-dashboard/js/services/securityService.js(29,39): error TS2339: Property 'severityBand' does not exist on type 'boolean'.
ai-platform/web/simplebeacon-dashboard/js/services/securityService.js(30,17): error TS2339: Property 'type' does not exist on type 'boolean'.
ai-platform/web/simplebeacon-dashboard/js/services/securityService.js(32,24): error TS2339: Property 'description' does not exist on type 'boolean'.
ai-platform/web/simplebeacon-dashboard/js/services/securityService.js(33,27): error TS2339: Property 'recommendedAction' does not exist on type 'boolean'.
ai-platform/web/simplebeacon-dashboard/js/services/securityService.js(33,54): error TS2339: Property 'recommendation' does not exist on type 'boolean'.
ai-platform/web/simplebeacon-dashboard/js/services/securityService.js(34,18): error TS2339: Property 'count' does not exist on type 'boolean'.
ai-platform/web/simplebeacon-dashboard/js/services/securityService.js(44,23): error TS2339: Property 'rawIssues' does not exist on type 'number'.
ai-platform/web/simplebeacon-dashboard/js/services/securityService.js(44,44): error TS2339: Property 'detectedIssues' does not exist on type 'number'.
ai-platform/web/simplebeacon-dashboard/js/services/securityService.js(66,38): error TS2339: Property 'credentialFindings' does not exist on type 'number'.
ai-platform/web/simplebeacon-dashboard/js/services/securityService.js(68,42): error TS2339: Property 'productionLeakFindings' does not exist on type 'number'.
ai-platform/web/simplebeacon-dashboard/js/services/securityService.js(72,32): error TS2339: Property 'credentialScanned' does not exist on type 'number'.
ai-platform/web/simplebeacon-dashboard/js/services/securityService.js(74,36): error TS2339: Property 'productionLeakScanned' does not exist on type 'number'.
ai-platform/web/simplebeacon-dashboard/js/services/securityService.js(78,23): error TS2339: Property 'gate' does not exist on type 'number'.
ai-platform/web/simplebeacon-dashboard/js/services/securityService.js(79,26): error TS2339: Property 'generatedAt' does not exist on type 'number'.
ai-platform/web/simplebeacon-dashboard/js/services/securityService.js(108,14): error TS1064: The return type of an async function or method must be the global Promise<T> type. Did you mean to write 'Promise<any>'?
ai-platform/web/simplebeacon-dashboard/js/services/securityService.js(118,29): error TS2339: Property 'success' does not exist on type 'unknown'.
ai-platform/web/simplebeacon-dashboard/js/services/themeService.js(27,5): error TS2584: Cannot find name 'document'. Do you need to change your target library? Try changing the 'lib' compiler option to include 'dom'.
ai-platform/web/simplebeacon-dashboard/js/services/themeService.js(28,17): error TS2584: Cannot find name 'document'. Do you need to change your target library? Try changing the 'lib' compiler option to include 'dom'.
ai-platform/web/simplebeacon-dashboard/js/services/themeService.js(35,51): error TS2339: Property 'lucide' does not exist on type 'typeof window'.
ai-platform/web/simplebeacon-dashboard/js/services/themeService.js(35,75): error TS2339: Property 'lucide' does not exist on type 'typeof window'.
ai-platform/web/simplebeacon-dashboard/js/services/themeService.js(36,16): error TS2339: Property 'lucide' does not exist on type 'typeof window'.
ai-platform/web/simplebeacon-dashboard/js/utils-lib/__tests__.mjs(9,16): error TS1378: Top-level 'await' expressions are only allowed when the 'module' option is set to 'es2022', 'esnext', 'system', 'node16', 'node18', 'node20', 'nodenext', or 'preserve', and the 'target' option is set to 'es2017' or higher.
ai-platform/web/simplebeacon-dashboard/js/utils-lib/__tests__.mjs(30,16): error TS1378: Top-level 'await' expressions are only allowed when the 'module' option is set to 'es2022', 'esnext', 'system', 'node16', 'node18', 'node20', 'nodenext', or 'preserve', and the 'target' option is set to 'es2017' or higher.
ai-platform/web/simplebeacon-dashboard/js/utils-lib/__tests__.mjs(55,16): error TS1378: Top-level 'await' expressions are only allowed when the 'module' option is set to 'es2022', 'esnext', 'system', 'node16', 'node18', 'node20', 'nodenext', or 'preserve', and the 'target' option is set to 'es2017' or higher.
ai-platform/web/simplebeacon-dashboard/js/utils-lib/__tests__.mjs(57,1): error TS1378: Top-level 'await' expressions are only allowed when the 'module' option is set to 'es2022', 'esnext', 'system', 'node16', 'node18', 'node20', 'nodenext', or 'preserve', and the 'target' option is set to 'es2017' or higher.
ai-platform/web/simplebeacon-dashboard/js/utils-lib/__tests__.mjs(59,20): error TS1378: Top-level 'await' expressions are only allowed when the 'module' option is set to 'es2022', 'esnext', 'system', 'node16', 'node18', 'node20', 'nodenext', or 'preserve', and the 'target' option is set to 'es2017' or higher.
ai-platform/web/simplebeacon-dashboard/js/utils-lib/__tests__.mjs(62,21): error TS1378: Top-level 'await' expressions are only allowed when the 'module' option is set to 'es2022', 'esnext', 'system', 'node16', 'node18', 'node20', 'nodenext', or 'preserve', and the 'target' option is set to 'es2017' or higher.
ai-platform/web/simplebeacon-dashboard/js/utils-lib/__tests__.mjs(74,1): error TS1378: Top-level 'await' expressions are only allowed when the 'module' option is set to 'es2022', 'esnext', 'system', 'node16', 'node18', 'node20', 'nodenext', or 'preserve', and the 'target' option is set to 'es2017' or higher.
ai-platform/web/simplebeacon-dashboard/js/utils-lib/__tests__.mjs(77,33): error TS2339: Property 'calls' does not exist on type '(...args: any[]) => any'.
ai-platform/web/simplebeacon-dashboard/js/utils-lib/__tests__.mjs(77,44): error TS2339: Property 'calls' does not exist on type '(...args: any[]) => any'.
ai-platform/web/simplebeacon-dashboard/js/utils-lib/__tests__.mjs(77,70): error TS2339: Property 'calls' does not exist on type '(...args: any[]) => any'.
ai-platform/web/simplebeacon-dashboard/js/utils-lib/__tests__.mjs(79,22): error TS2339: Property 'calls' does not exist on type '(...args: any[]) => any'.
ai-platform/web/simplebeacon-dashboard/js/utils-lib/__tests__.mjs(87,23): error TS1378: Top-level 'await' expressions are only allowed when the 'module' option is set to 'es2022', 'esnext', 'system', 'node16', 'node18', 'node20', 'nodenext', or 'preserve', and the 'target' option is set to 'es2017' or higher.
ai-platform/web/simplebeacon-dashboard/js/utils-lib/__tests__.mjs(91,3): error TS1378: Top-level 'await' expressions are only allowed when the 'module' option is set to 'es2022', 'esnext', 'system', 'node16', 'node18', 'node20', 'nodenext', or 'preserve', and the 'target' option is set to 'es2017' or higher.
ai-platform/web/simplebeacon-dashboard/js/utils-lib/__tests__.mjs(98,20): error TS1378: Top-level 'await' expressions are only allowed when the 'module' option is set to 'es2022', 'esnext', 'system', 'node16', 'node18', 'node20', 'nodenext', or 'preserve', and the 'target' option is set to 'es2017' or higher.
ai-platform/web/simplebeacon-dashboard/js/utils-lib/__tests__.mjs(113,15): error TS1378: Top-level 'await' expressions are only allowed when the 'module' option is set to 'es2022', 'esnext', 'system', 'node16', 'node18', 'node20', 'nodenext', or 'preserve', and the 'target' option is set to 'es2017' or higher.
ai-platform/web/simplebeacon-dashboard/js/utils-lib/__tests__.mjs(141,16): error TS1378: Top-level 'await' expressions are only allowed when the 'module' option is set to 'es2022', 'esnext', 'system', 'node16', 'node18', 'node20', 'nodenext', or 'preserve', and the 'target' option is set to 'es2017' or higher.
ai-platform/web/simplebeacon-dashboard/js/utils-lib/__tests__.mjs(165,13): error TS1378: Top-level 'await' expressions are only allowed when the 'module' option is set to 'es2022', 'esnext', 'system', 'node16', 'node18', 'node20', 'nodenext', or 'preserve', and the 'target' option is set to 'es2017' or higher.
ai-platform/web/simplebeacon-dashboard/js/utils-lib/__tests__.mjs(175,14): error TS1378: Top-level 'await' expressions are only allowed when the 'module' option is set to 'es2022', 'esnext', 'system', 'node16', 'node18', 'node20', 'nodenext', or 'preserve', and the 'target' option is set to 'es2017' or higher.
ai-platform/web/simplebeacon-dashboard/js/utils-lib/accessibility.js(10,48): error TS2339: Property 'matchMedia' does not exist on type 'typeof window'.
ai-platform/web/simplebeacon-dashboard/js/utils-lib/accessibility.js(11,17): error TS2339: Property 'matchMedia' does not exist on type 'typeof window'.
ai-platform/web/simplebeacon-dashboard/js/utils-lib/accessibility.js(19,48): error TS2339: Property 'matchMedia' does not exist on type 'typeof window'.
ai-platform/web/simplebeacon-dashboard/js/utils-lib/accessibility.js(20,17): error TS2339: Property 'matchMedia' does not exist on type 'typeof window'.
ai-platform/web/simplebeacon-dashboard/js/utils-lib/array.js(243,3): error TS2322: Type '{}' is not assignable to type 'Record<string, T>'.
  Index signature for type 'string' is missing in type '{}'.
ai-platform/web/simplebeacon-dashboard/js/utils-lib/clipboard.js(14,55): error TS2339: Property 'clipboard' does not exist on type 'Navigator'.
ai-platform/web/simplebeacon-dashboard/js/utils-lib/clipboard.js(15,23): error TS2339: Property 'clipboard' does not exist on type 'Navigator'.
ai-platform/web/simplebeacon-dashboard/js/utils-lib/clipboard.js(18,16): error TS2584: Cannot find name 'document'. Do you need to change your target library? Try changing the 'lib' compiler option to include 'dom'.
ai-platform/web/simplebeacon-dashboard/js/utils-lib/clipboard.js(18,44): error TS2584: Cannot find name 'document'. Do you need to change your target library? Try changing the 'lib' compiler option to include 'dom'.
ai-platform/web/simplebeacon-dashboard/js/utils-lib/clipboard.js(19,18): error TS2584: Cannot find name 'document'. Do you need to change your target library? Try changing the 'lib' compiler option to include 'dom'.
ai-platform/web/simplebeacon-dashboard/js/utils-lib/clipboard.js(23,7): error TS2584: Cannot find name 'document'. Do you need to change your target library? Try changing the 'lib' compiler option to include 'dom'.
ai-platform/web/simplebeacon-dashboard/js/utils-lib/clipboard.js(25,18): error TS2584: Cannot find name 'document'. Do you need to change your target library? Try changing the 'lib' compiler option to include 'dom'.
ai-platform/web/simplebeacon-dashboard/js/utils-lib/dom.js(7,17): error TS2584: Cannot find name 'document'. Do you need to change your target library? Try changing the 'lib' compiler option to include 'dom'.
ai-platform/web/simplebeacon-dashboard/js/utils-lib/dom.js(19,14): error TS2584: Cannot find name 'document'. Do you need to change your target library? Try changing the 'lib' compiler option to include 'dom'.
ai-platform/web/simplebeacon-dashboard/js/utils-lib/dom.js(19,43): error TS2584: Cannot find name 'document'. Do you need to change your target library? Try changing the 'lib' compiler option to include 'dom'.
ai-platform/web/simplebeacon-dashboard/js/utils-lib/dom.js(20,21): error TS2584: Cannot find name 'document'. Do you need to change your target library? Try changing the 'lib' compiler option to include 'dom'.
ai-platform/web/simplebeacon-dashboard/js/utils-lib/dom.js(21,16): error TS2584: Cannot find name 'document'. Do you need to change your target library? Try changing the 'lib' compiler option to include 'dom'.
ai-platform/web/simplebeacon-dashboard/js/utils-lib/dom.js(24,5): error TS2584: Cannot find name 'document'. Do you need to change your target library? Try changing the 'lib' compiler option to include 'dom'.
ai-platform/web/simplebeacon-dashboard/js/utils-lib/dom.js(36,14): error TS2584: Cannot find name 'document'. Do you need to change your target library? Try changing the 'lib' compiler option to include 'dom'.
ai-platform/web/simplebeacon-dashboard/js/utils-lib/dom.js(37,21): error TS2584: Cannot find name 'document'. Do you need to change your target library? Try changing the 'lib' compiler option to include 'dom'.
ai-platform/web/simplebeacon-dashboard/js/utils-lib/dom.js(49,14): error TS2584: Cannot find name 'document'. Do you need to change your target library? Try changing the 'lib' compiler option to include 'dom'.
ai-platform/web/simplebeacon-dashboard/js/utils-lib/dom.js(52,13): error TS2584: Cannot find name 'document'. Do you need to change your target library? Try changing the 'lib' compiler option to include 'dom'.
ai-platform/web/simplebeacon-dashboard/js/utils-lib/dom.js(55,3): error TS2584: Cannot find name 'document'. Do you need to change your target library? Try changing the 'lib' compiler option to include 'dom'.
ai-platform/web/simplebeacon-dashboard/js/utils-lib/dom.js(94,54): error TS2339: Property 'acquireVsCodeApi' does not exist on type 'typeof window'.
ai-platform/web/simplebeacon-dashboard/js/utils-lib/dom.js(96,29): error TS2339: Property 'acquireVsCodeApi' does not exist on type 'typeof window'.
ai-platform/web/simplebeacon-dashboard/js/utils-lib/dom.js(97,26): error TS2304: Cannot find name 'FileReader'.
ai-platform/web/simplebeacon-dashboard/js/utils-lib/dom.js(127,14): error TS2584: Cannot find name 'document'. Do you need to change your target library? Try changing the 'lib' compiler option to include 'dom'.
ai-platform/web/simplebeacon-dashboard/js/utils-lib/dom.js(127,43): error TS2584: Cannot find name 'document'. Do you need to change your target library? Try changing the 'lib' compiler option to include 'dom'.
ai-platform/web/simplebeacon-dashboard/js/utils-lib/dom.js(131,13): error TS2584: Cannot find name 'document'. Do you need to change your target library? Try changing the 'lib' compiler option to include 'dom'.
ai-platform/web/simplebeacon-dashboard/js/utils-lib/dom.js(135,3): error TS2584: Cannot find name 'document'. Do you need to change your target library? Try changing the 'lib' compiler option to include 'dom'.
ai-platform/web/simplebeacon-dashboard/js/utils-lib/dom.js(147,19): error TS2304: Cannot find name 'BlobPart'.
ai-platform/web/simplebeacon-dashboard/js/utils-lib/dom.js(188,12): error TS2304: Cannot find name 'HTMLElement'.
ai-platform/web/simplebeacon-dashboard/js/utils-lib/dom.js(199,12): error TS2304: Cannot find name 'HTMLElement'.
ai-platform/web/simplebeacon-dashboard/js/utils-lib/dom.js(211,12): error TS2304: Cannot find name 'HTMLElement'.
ai-platform/web/simplebeacon-dashboard/js/utils-lib/dom.js(223,12): error TS2304: Cannot find name 'HTMLElement'.
ai-platform/web/simplebeacon-dashboard/js/utils-lib/dom.js(239,12): error TS2304: Cannot find name 'HTMLElement'.
ai-platform/web/simplebeacon-dashboard/js/utils-lib/dom.js(240,14): error TS2304: Cannot find name 'HTMLElement'.
ai-platform/web/simplebeacon-dashboard/js/utils-lib/dom.js(243,37): error TS2584: Cannot find name 'document'. Do you need to change your target library? Try changing the 'lib' compiler option to include 'dom'.
ai-platform/web/simplebeacon-dashboard/js/utils-lib/dom.js(243,64): error TS2584: Cannot find name 'document'. Do you need to change your target library? Try changing the 'lib' compiler option to include 'dom'.
ai-platform/web/simplebeacon-dashboard/js/utils-lib/dom.js(255,12): error TS2304: Cannot find name 'HTMLElement'.
ai-platform/web/simplebeacon-dashboard/js/utils-lib/dom.js(263,12): error TS2584: Cannot find name 'document'. Do you need to change your target library? Try changing the 'lib' compiler option to include 'dom'.
ai-platform/web/simplebeacon-dashboard/js/utils-lib/dom.js(272,20): error TS2304: Cannot find name 'HTMLElement'.
ai-platform/web/simplebeacon-dashboard/js/utils-lib/dom.js(273,14): error TS2304: Cannot find name 'HTMLElement'.
ai-platform/web/simplebeacon-dashboard/js/utils-lib/dom.js(276,14): error TS2584: Cannot find name 'document'. Do you need to change your target library? Try changing the 'lib' compiler option to include 'dom'.
ai-platform/web/simplebeacon-dashboard/js/utils-lib/dom.js(277,14): error TS2584: Cannot find name 'document'. Do you need to change your target library? Try changing the 'lib' compiler option to include 'dom'.
ai-platform/web/simplebeacon-dashboard/js/utils-lib/dom.js(291,48): error TS2584: Cannot find name 'document'. Do you need to change your target library? Try changing the 'lib' compiler option to include 'dom'.
ai-platform/web/simplebeacon-dashboard/js/utils-lib/dom.js(298,12): error TS2304: Cannot find name 'HTMLElement'.
ai-platform/web/simplebeacon-dashboard/js/utils-lib/dom.js(315,14): error TS2584: Cannot find name 'document'. Do you need to change your target library? Try changing the 'lib' compiler option to include 'dom'.
ai-platform/web/simplebeacon-dashboard/js/utils-lib/dom.js(316,14): error TS2584: Cannot find name 'document'. Do you need to change your target library? Try changing the 'lib' compiler option to include 'dom'.
ai-platform/web/simplebeacon-dashboard/js/utils-lib/dom.js(326,12): error TS2304: Cannot find name 'HTMLElement'.
ai-platform/web/simplebeacon-dashboard/js/utils-lib/dom.js(332,68): error TS2339: Property 'innerHeight' does not exist on type 'typeof window'.
ai-platform/web/simplebeacon-dashboard/js/utils-lib/dom.js(332,83): error TS2584: Cannot find name 'document'. Do you need to change your target library? Try changing the 'lib' compiler option to include 'dom'.
ai-platform/web/simplebeacon-dashboard/js/utils-lib/dom.js(332,147): error TS2339: Property 'innerWidth' does not exist on type 'typeof window'.
ai-platform/web/simplebeacon-dashboard/js/utils-lib/dom.js(332,161): error TS2584: Cannot find name 'document'. Do you need to change your target library? Try changing the 'lib' compiler option to include 'dom'.
ai-platform/web/simplebeacon-dashboard/js/utils-lib/dom.js(337,12): error TS2304: Cannot find name 'HTMLElement'.
ai-platform/web/simplebeacon-dashboard/js/utils-lib/dom.js(338,20): error TS2304: Cannot find name 'IntersectionObserverEntry'.
ai-platform/web/simplebeacon-dashboard/js/utils-lib/dom.js(339,12): error TS2304: Cannot find name 'IntersectionObserverInit'.
ai-platform/web/simplebeacon-dashboard/js/utils-lib/dom.js(340,14): error TS2304: Cannot find name 'IntersectionObserver'.
ai-platform/web/simplebeacon-dashboard/js/utils-lib/dom.js(343,48): error TS2339: Property 'IntersectionObserver' does not exist on type 'typeof window'.
ai-platform/web/simplebeacon-dashboard/js/utils-lib/dom.js(344,24): error TS2304: Cannot find name 'IntersectionObserver'.
ai-platform/web/simplebeacon-dashboard/js/utils-lib/dom.js(356,22): error TS2304: Cannot find name 'HTMLImageElement'.
ai-platform/web/simplebeacon-dashboard/js/utils-lib/dom.js(364,21): error TS2304: Cannot find name 'Image'.
ai-platform/web/simplebeacon-dashboard/js/utils-lib/dom.js(374,53): error TS2339: Property 'clipboard' does not exist on type 'Navigator'.
ai-platform/web/simplebeacon-dashboard/js/utils-lib/dom.js(374,76): error TS2339: Property 'clipboard' does not exist on type 'Navigator'.
ai-platform/web/simplebeacon-dashboard/js/utils-lib/dom.js(376,30): error TS2339: Property 'clipboard' does not exist on type 'Navigator'.
ai-platform/web/simplebeacon-dashboard/js/utils-lib/dom.js(381,14): error TS2584: Cannot find name 'document'. Do you need to change your target library? Try changing the 'lib' compiler option to include 'dom'.
ai-platform/web/simplebeacon-dashboard/js/utils-lib/dom.js(381,43): error TS2584: Cannot find name 'document'. Do you need to change your target library? Try changing the 'lib' compiler option to include 'dom'.
ai-platform/web/simplebeacon-dashboard/js/utils-lib/dom.js(384,14): error TS2584: Cannot find name 'document'. Do you need to change your target library? Try changing the 'lib' compiler option to include 'dom'.
ai-platform/web/simplebeacon-dashboard/js/utils-lib/dom.js(387,3): error TS2584: Cannot find name 'document'. Do you need to change your target library? Try changing the 'lib' compiler option to include 'dom'.
ai-platform/web/simplebeacon-dashboard/js/utils-lib/dom.js(391,16): error TS2584: Cannot find name 'document'. Do you need to change your target library? Try changing the 'lib' compiler option to include 'dom'.
ai-platform/web/simplebeacon-dashboard/js/utils-lib/dom.js(398,56): error TS2304: Cannot find name 'HTMLElement'.
ai-platform/web/simplebeacon-dashboard/js/utils-lib/dom.js(428,44): error TS2304: Cannot find name 'CSS'.
ai-platform/web/simplebeacon-dashboard/js/utils-lib/download.js(20,16): error TS2584: Cannot find name 'document'. Do you need to change your target library? Try changing the 'lib' compiler option to include 'dom'.
ai-platform/web/simplebeacon-dashboard/js/utils-lib/download.js(20,45): error TS2584: Cannot find name 'document'. Do you need to change your target library? Try changing the 'lib' compiler option to include 'dom'.
ai-platform/web/simplebeacon-dashboard/js/utils-lib/download.js(24,15): error TS2584: Cannot find name 'document'. Do you need to change your target library? Try changing the 'lib' compiler option to include 'dom'.
ai-platform/web/simplebeacon-dashboard/js/utils-lib/download.js(28,5): error TS2584: Cannot find name 'document'. Do you need to change your target library? Try changing the 'lib' compiler option to include 'dom'.
ai-platform/web/simplebeacon-dashboard/js/utils-lib/download.js(37,54): error TS2339: Property 'acquireVsCodeApi' does not exist on type 'typeof window'.
ai-platform/web/simplebeacon-dashboard/js/utils-lib/download.js(38,27): error TS2339: Property 'acquireVsCodeApi' does not exist on type 'typeof window'.
ai-platform/web/simplebeacon-dashboard/js/utils-lib/download.js(39,24): error TS2304: Cannot find name 'FileReader'.
ai-platform/web/simplebeacon-dashboard/js/utils-lib/event.js(77,14): error TS2339: Property 'addEventListener' does not exist on type 'typeof window'.
ai-platform/web/simplebeacon-dashboard/js/utils-lib/event.js(81,14): error TS2339: Property 'removeEventListener' does not exist on type 'typeof window'.
ai-platform/web/simplebeacon-dashboard/js/utils-lib/number.js(188,22): error TS2345: Argument of type 'unknown' is not assignable to parameter of type 'string'.
ai-platform/web/simplebeacon-dashboard/js/utils-lib/number.js(199,24): error TS2345: Argument of type 'unknown' is not assignable to parameter of type 'string'.
ai-platform/web/simplebeacon-dashboard/js/utils-lib/object.js(41,21): error TS2351: This expression is not constructable.
  Type 'Function' has no construct signatures.
ai-platform/web/simplebeacon-dashboard/js/utils-lib/object.js(147,40): error TS2322: Type '{}' is not assignable to type 'Pick<T, K>'.
ai-platform/web/simplebeacon-dashboard/js/utils-lib/object.js(149,89): error TS2322: Type '{}' is not assignable to type 'Pick<T, K>'.
ai-platform/web/simplebeacon-dashboard/js/utils-lib/object.js(151,28): error TS2345: Argument of type 'K' is not assignable to parameter of type 'PropertyKey'.
ai-platform/web/simplebeacon-dashboard/js/utils-lib/object.js(151,34): error TS2536: Type 'K' cannot be used to index type '{}'.
ai-platform/web/simplebeacon-dashboard/js/utils-lib/object.js(151,48): error TS2536: Type 'K' cannot be used to index type 'T & object'.
ai-platform/web/simplebeacon-dashboard/js/utils-lib/object.js(153,3): error TS2322: Type '{}' is not assignable to type 'Pick<T, K>'.
ai-platform/web/simplebeacon-dashboard/js/utils-lib/object.js(322,3): error TS2322: Type '{}' is not assignable to type '{ [x: string]: unknown; }'.
  Index signature for type 'string' is missing in type '{}'.
ai-platform/web/simplebeacon-dashboard/js/utils-lib/object.js(360,7): error TS2322: Type 'T' is not assignable to type 'Record<string, T>'.
ai-platform/web/simplebeacon-dashboard/js/utils-lib/object.js(365,3): error TS2322: Type 'Record<string, T>[]' is not assignable to type 'T[]'.
  Type 'Record<string, T>' is not assignable to type 'T'.
    'T' could be instantiated with an arbitrary type which could be unrelated to 'Record<string, T>'.
ai-platform/web/simplebeacon-dashboard/js/utils-lib/object.js(380,5): error TS2322: Type 'unknown' is not assignable to type 'Record<string, unknown>'.
  Index signature for type 'string' is missing in type '{}'.
ai-platform/web/simplebeacon-dashboard/js/utils-lib/object.js(409,22): error TS2345: Argument of type 'object' is not assignable to parameter of type 'Record<string, unknown>'.
  Index signature for type 'string' is missing in type '{}'.
ai-platform/web/simplebeacon-dashboard/js/utils-lib/storage.js(10,48): error TS2339: Property 'localStorage' does not exist on type 'typeof window'.
ai-platform/web/simplebeacon-dashboard/js/utils-lib/storage.js(12,24): error TS2339: Property 'localStorage' does not exist on type 'typeof window'.
ai-platform/web/simplebeacon-dashboard/js/utils-lib/storage.js(27,48): error TS2339: Property 'localStorage' does not exist on type 'typeof window'.
ai-platform/web/simplebeacon-dashboard/js/utils-lib/storage.js(29,12): error TS2339: Property 'localStorage' does not exist on type 'typeof window'.
ai-platform/web/simplebeacon-dashboard/js/utils-lib/storage.js(42,48): error TS2339: Property 'localStorage' does not exist on type 'typeof window'.
ai-platform/web/simplebeacon-dashboard/js/utils-lib/storage.js(44,12): error TS2339: Property 'localStorage' does not exist on type 'typeof window'.
ai-platform/web/simplebeacon-dashboard/js/utils-lib/storage.js(58,48): error TS2339: Property 'localStorage' does not exist on type 'typeof window'.
ai-platform/web/simplebeacon-dashboard/js/utils-lib/storage.js(60,24): error TS2339: Property 'localStorage' does not exist on type 'typeof window'.
ai-platform/web/simplebeacon-dashboard/js/utils-lib/storage.js(75,48): error TS2339: Property 'localStorage' does not exist on type 'typeof window'.
ai-platform/web/simplebeacon-dashboard/js/utils-lib/storage.js(77,12): error TS2339: Property 'localStorage' does not exist on type 'typeof window'.
ai-platform/web/simplebeacon-dashboard/js/utils-lib/storage.js(92,48): error TS2339: Property 'sessionStorage' does not exist on type 'typeof window'.
ai-platform/web/simplebeacon-dashboard/js/utils-lib/storage.js(94,24): error TS2339: Property 'sessionStorage' does not exist on type 'typeof window'.
ai-platform/web/simplebeacon-dashboard/js/utils-lib/storage.js(109,48): error TS2339: Property 'sessionStorage' does not exist on type 'typeof window'.
ai-platform/web/simplebeacon-dashboard/js/utils-lib/storage.js(111,12): error TS2339: Property 'sessionStorage' does not exist on type 'typeof window'.
ai-platform/web/simplebeacon-dashboard/js/utils-lib/storage.js(124,48): error TS2339: Property 'sessionStorage' does not exist on type 'typeof window'.
ai-platform/web/simplebeacon-dashboard/js/utils-lib/storage.js(126,12): error TS2339: Property 'sessionStorage' does not exist on type 'typeof window'.
ai-platform/web/simplebeacon-dashboard/js/utils-lib/theme.js(66,14): error TS2584: Cannot find name 'document'. Do you need to change your target library? Try changing the 'lib' compiler option to include 'dom'.
ai-platform/web/simplebeacon-dashboard/js/utils-lib/theme.js(66,43): error TS2584: Cannot find name 'document'. Do you need to change your target library? Try changing the 'lib' compiler option to include 'dom'.
ai-platform/web/simplebeacon-dashboard/js/utils-lib/theme.js(67,15): error TS2304: Cannot find name 'getComputedStyle'.
ai-platform/web/simplebeacon-dashboard/js/utils-lib/theme.js(67,32): error TS2584: Cannot find name 'document'. Do you need to change your target library? Try changing the 'lib' compiler option to include 'dom'.
ai-platform/web/simplebeacon-dashboard/js/utils-lib/theme.js(78,14): error TS2584: Cannot find name 'document'. Do you need to change your target library? Try changing the 'lib' compiler option to include 'dom'.
ai-platform/web/simplebeacon-dashboard/js/utils-lib/theme.js(78,43): error TS2584: Cannot find name 'document'. Do you need to change your target library? Try changing the 'lib' compiler option to include 'dom'.
ai-platform/web/simplebeacon-dashboard/js/utils-lib/theme.js(79,3): error TS2584: Cannot find name 'document'. Do you need to change your target library? Try changing the 'lib' compiler option to include 'dom'.
ai-platform/web/simplebeacon-dashboard/js/utils-lib/theme.js(87,48): error TS2339: Property 'matchMedia' does not exist on type 'typeof window'.
ai-platform/web/simplebeacon-dashboard/js/utils-lib/theme.js(88,17): error TS2339: Property 'matchMedia' does not exist on type 'typeof window'.
ai-platform/web/simplebeacon-dashboard/js/utils-lib/theme.js(96,48): error TS2339: Property 'matchMedia' does not exist on type 'typeof window'.
ai-platform/web/simplebeacon-dashboard/js/utils-lib/theme.js(97,17): error TS2339: Property 'matchMedia' does not exist on type 'typeof window'.
ai-platform/web/simplebeacon-dashboard/js/utils-lib/type.js(147,55): error TS2339: Property 'onLine' does not exist on type 'Navigator'.
ai-platform/web/simplebeacon-dashboard/js/utils-lib/type.js(155,57): error TS2339: Property 'acquireVsCodeApi' does not exist on type 'typeof window'.
ai-platform/web/simplebeacon-dashboard/js/utils-lib/type.js(171,54): error TS2339: Property 'acquireVsCodeApi' does not exist on type 'typeof window'.
ai-platform/web/simplebeacon-dashboard/js/utils-lib/type.js(173,21): error TS2339: Property 'acquireVsCodeApi' does not exist on type 'typeof window'.
ai-platform/web/simplebeacon-dashboard/js/utils-lib/url.js(6,14): error TS2584: Cannot find name 'document'. Do you need to change your target library? Try changing the 'lib' compiler option to include 'dom'.
ai-platform/web/simplebeacon-dashboard/js/utils-lib/url.js(7,18): error TS2584: Cannot find name 'document'. Do you need to change your target library? Try changing the 'lib' compiler option to include 'dom'.
ai-platform/web/simplebeacon-dashboard/js/utils-lib/url.js(63,18): error TS2339: Property 'acceptNon2xx' does not exist on type 'RequestInit'.
ai-platform/web/simplebeacon-dashboard/js/utils-lib/url.js(99,12): error TS2322: Type '{}' is not assignable to type 'Record<string, string | string[]>'.
  Index signature for type 'string' is missing in type '{}'.
ai-platform/web/simplebeacon-dashboard/js/utils-lib/url.js(120,3): error TS2322: Type '{}' is not assignable to type 'Record<string, string | string[]>'.
  Index signature for type 'string' is missing in type '{}'.
ai-platform/web/simplebeacon-dashboard/js/utils-lib/url.js(150,48): error TS2339: Property 'location' does not exist on type 'typeof window'.
ai-platform/web/simplebeacon-dashboard/js/utils-lib/url.js(151,45): error TS2339: Property 'location' does not exist on type 'typeof window'.
ai-platform/web/simplebeacon-dashboard/js/utils-lib/url.js(162,48): error TS2339: Property 'location' does not exist on type 'typeof window'.
ai-platform/web/simplebeacon-dashboard/js/utils-lib/url.js(163,51): error TS2339: Property 'location' does not exist on type 'typeof window'.
ai-platform/web/simplebeacon-dashboard/js/utils-lib/url.js(165,30): error TS2339: Property 'location' does not exist on type 'typeof window'.
ai-platform/web/simplebeacon-dashboard/js/utils-lib/vscode.js(10,57): error TS2339: Property 'acquireVsCodeApi' does not exist on type 'typeof window'.
ai-platform/web/simplebeacon-dashboard/js/utils-lib/vscode.js(26,54): error TS2339: Property 'acquireVsCodeApi' does not exist on type 'typeof window'.
ai-platform/web/simplebeacon-dashboard/js/utils-lib/vscode.js(28,21): error TS2339: Property 'acquireVsCodeApi' does not exist on type 'typeof window'.
ai-platform/web/simplebeacon-dashboard/js/utils.js(634,126): error TS2554: Expected 2 arguments, but got 1.
ai-platform/web/simplebeacon-dashboard/js/utils.js(786,24): error TS2584: Cannot find name 'document'. Do you need to change your target library? Try changing the 'lib' compiler option to include 'dom'.
ai-platform/web/simplebeacon-dashboard/js/utils.js(786,51): error TS2584: Cannot find name 'document'. Do you need to change your target library? Try changing the 'lib' compiler option to include 'dom'.
ai-platform/web/simplebeacon-dashboard/js/utils/ai-problem-analyzer-export.browser.js(196,55): error TS2339: Property 'includes' does not exist on type 'never'.
ai-platform/web/simplebeacon-dashboard/js/utils/ai-problem-analyzer-export.browser.js(223,33): error TS2740: Type '{}' is missing the following properties from type 'any[]': length, pop, push, concat, and 29 more.
ai-platform/web/simplebeacon-dashboard/js/utils/ai-problem-analyzer-export.browser.js(224,15): error TS2339: Property 'critical' does not exist on type 'any[]'.
ai-platform/web/simplebeacon-dashboard/js/utils/ai-problem-analyzer-export.browser.js(225,15): error TS2339: Property 'high' does not exist on type 'any[]'.
ai-platform/web/simplebeacon-dashboard/js/utils/ai-problem-analyzer-export.browser.js(226,15): error TS2339: Property 'medium' does not exist on type 'any[]'.
ai-platform/web/simplebeacon-dashboard/js/utils/ai-problem-analyzer-export.browser.js(227,15): error TS2339: Property 'low' does not exist on type 'any[]'.
ai-platform/web/simplebeacon-dashboard/js/utils/ai-problem-analyzer-export.browser.js(500,39): error TS2339: Property 'analyzerResults' does not exist on type 'number'.
ai-platform/web/simplebeacon-dashboard/js/utils/analyze-mode-file-results.browser.js(70,12): error TS2339: Property 'filePath' does not exist on type 'boolean'.
ai-platform/web/simplebeacon-dashboard/js/utils/analyze-mode-file-results.browser.js(71,12): error TS2339: Property 'file' does not exist on type 'boolean'.
ai-platform/web/simplebeacon-dashboard/js/utils/analyze-mode-file-results.browser.js(72,16): error TS2339: Property 'filePaths' does not exist on type 'boolean'.
ai-platform/web/simplebeacon-dashboard/js/utils/analyze-mode-file-results.browser.js(73,16): error TS2339: Property 'affectedFiles' does not exist on type 'boolean'.
ai-platform/web/simplebeacon-dashboard/js/utils/analyze-mode-file-results.browser.js(143,25): error TS2339: Property 'rawIssues' does not exist on type 'number'.
ai-platform/web/simplebeacon-dashboard/js/utils/analyze-mode-file-results.browser.js(143,45): error TS2339: Property 'detectedIssues' does not exist on type 'number'.
ai-platform/web/simplebeacon-dashboard/js/utils/analyze-mode-file-results.browser.js(145,23): error TS2339: Property 'euAiActSummary' does not exist on type 'number'.
ai-platform/web/simplebeacon-dashboard/js/utils/analyze-mode-file-results.browser.js(178,25): error TS2339: Property 'rawIssues' does not exist on type 'number'.
ai-platform/web/simplebeacon-dashboard/js/utils/analyze-mode-file-results.browser.js(178,45): error TS2339: Property 'detectedIssues' does not exist on type 'number'.
ai-platform/web/simplebeacon-dashboard/js/utils/analyze-mode-file-results.browser.js(189,29): error TS2339: Property 'euAiActSummary' does not exist on type 'number'.
ai-platform/web/simplebeacon-dashboard/js/utils/analyze-mode-file-results.browser.js(199,25): error TS2339: Property 'ruleScopedFilesAnalyzed' does not exist on type 'number'.
ai-platform/web/simplebeacon-dashboard/js/utils/analyze-mode-file-results.browser.js(199,59): error TS2339: Property 'scanScope' does not exist on type 'number'.
ai-platform/web/simplebeacon-dashboard/js/utils/analyze-mode-file-results.browser.js(208,31): error TS2339: Property 'repositoryFilesTotal' does not exist on type 'number'.
ai-platform/web/simplebeacon-dashboard/js/utils/analyze-mode-file-results.browser.js(208,62): error TS2339: Property 'scanScope' does not exist on type 'number'.
ai-platform/web/simplebeacon-dashboard/js/utils/analyze-mode-file-results.browser.js(362,19): error TS2339: Property 'kind' does not exist on type 'string'.
ai-platform/web/simplebeacon-dashboard/js/utils/analyze-mode-file-results.browser.js(363,23): error TS2339: Property 'steps' does not exist on type 'string'.
ai-platform/web/simplebeacon-dashboard/js/utils/analyze-mode-file-results.browser.js(378,23): error TS2339: Property 'kind' does not exist on type 'string'.
ai-platform/web/simplebeacon-dashboard/js/utils/analyze-mode-file-results.browser.js(378,97): error TS2339: Property 'report' does not exist on type 'string'.
ai-platform/web/simplebeacon-dashboard/js/utils/analyze-mode-file-results.browser.js(379,23): error TS2339: Property 'kind' does not exist on type 'string'.
ai-platform/web/simplebeacon-dashboard/js/utils/analyze-mode-file-results.browser.js(380,19): error TS2339: Property 'type' does not exist on type 'number'.
ai-platform/web/simplebeacon-dashboard/js/utils/analyze-mode-file-results.browser.js(383,23): error TS2339: Property 'kind' does not exist on type 'string'.
ai-platform/web/simplebeacon-dashboard/js/utils/analyze-mode-file-results.browser.js(383,87): error TS2339: Property 'sprint' does not exist on type 'string'.
ai-platform/web/simplebeacon-dashboard/js/utils/analyze-mode-file-results.browser.js(384,23): error TS2339: Property 'kind' does not exist on type 'string'.
ai-platform/web/simplebeacon-dashboard/js/utils/analyze-mode-file-results.browser.js(387,23): error TS2339: Property 'kind' does not exist on type 'string'.
ai-platform/web/simplebeacon-dashboard/js/utils/analyze-mode-file-results.browser.js(391,23): error TS2339: Property 'report' does not exist on type 'string'.
ai-platform/web/simplebeacon-dashboard/js/utils/analyze-mode-file-results.browser.js(391,76): error TS2339: Property 'report' does not exist on type 'string'.
ai-platform/web/simplebeacon-dashboard/js/utils/analyze-mode-file-results.browser.js(391,103): error TS2339: Property 'fictionIssues' does not exist on type 'string'.
ai-platform/web/simplebeacon-dashboard/js/utils/analyze-mode-file-results.browser.js(394,23): error TS2339: Property 'kind' does not exist on type 'string'.
ai-platform/web/simplebeacon-dashboard/js/utils/analyze-mode-file-results.browser.js(394,98): error TS2339: Property 'scan' does not exist on type 'string'.
ai-platform/web/simplebeacon-dashboard/js/utils/analyze-mode-file-results.browser.js(395,23): error TS2339: Property 'kind' does not exist on type 'string'.
ai-platform/web/simplebeacon-dashboard/js/utils/analyze-mode-file-results.browser.js(398,23): error TS2339: Property 'kind' does not exist on type 'string'.
ai-platform/web/simplebeacon-dashboard/js/utils/analyze-mode-file-results.browser.js(398,88): error TS2339: Property 'scan' does not exist on type 'string'.
ai-platform/web/simplebeacon-dashboard/js/utils/analyze-mode-file-results.browser.js(399,23): error TS2339: Property 'kind' does not exist on type 'string'.
ai-platform/web/simplebeacon-dashboard/js/utils/analyze-mode-file-results.browser.js(403,23): error TS2339: Property 'kind' does not exist on type 'string'.
ai-platform/web/simplebeacon-dashboard/js/utils/analyze-mode-file-results.browser.js(403,81): error TS2339: Property 'scan' does not exist on type 'string'.
ai-platform/web/simplebeacon-dashboard/js/utils/analyze-mode-file-results.browser.js(404,23): error TS2339: Property 'kind' does not exist on type 'string'.
ai-platform/web/simplebeacon-dashboard/js/utils/analyze-mode-file-results.browser.js(407,23): error TS2339: Property 'kind' does not exist on type 'string'.
ai-platform/web/simplebeacon-dashboard/js/utils/analyze-mode-file-results.browser.js(407,103): error TS2339: Property 'brief' does not exist on type 'string'.
ai-platform/web/simplebeacon-dashboard/js/utils/analyze-mode-file-results.browser.js(408,23): error TS2339: Property 'kind' does not exist on type 'string'.
ai-platform/web/simplebeacon-dashboard/js/utils/analyze-mode-file-results.browser.js(411,23): error TS2339: Property 'kind' does not exist on type 'string'.
ai-platform/web/simplebeacon-dashboard/js/utils/analyze-mode-file-results.browser.js(411,97): error TS2339: Property 'checklist' does not exist on type 'string'.
ai-platform/web/simplebeacon-dashboard/js/utils/analyze-mode-file-results.browser.js(412,23): error TS2339: Property 'kind' does not exist on type 'string'.
ai-platform/web/simplebeacon-dashboard/js/utils/analyze-mode-file-results.browser.js(415,23): error TS2339: Property 'kind' does not exist on type 'string'.
ai-platform/web/simplebeacon-dashboard/js/utils/analyze-mode-file-results.browser.js(415,88): error TS2339: Property 'npmAudit' does not exist on type 'string'.
ai-platform/web/simplebeacon-dashboard/js/utils/analyze-mode-file-results.browser.js(416,23): error TS2339: Property 'kind' does not exist on type 'string'.
ai-platform/web/simplebeacon-dashboard/js/utils/analyze-mode-file-results.browser.js(419,23): error TS2339: Property 'kind' does not exist on type 'string'.
ai-platform/web/simplebeacon-dashboard/js/utils/analyze-mode-file-results.browser.js(419,86): error TS2339: Property 'data' does not exist on type 'string'.
ai-platform/web/simplebeacon-dashboard/js/utils/analyze-mode-file-results.browser.js(420,23): error TS2339: Property 'kind' does not exist on type 'string'.
ai-platform/web/simplebeacon-dashboard/js/utils/analyze-mode-file-results.browser.js(423,23): error TS2339: Property 'kind' does not exist on type 'string'.
ai-platform/web/simplebeacon-dashboard/js/utils/analyze-mode-file-results.browser.js(423,89): error TS2339: Property 'steps' does not exist on type 'string'.
ai-platform/web/simplebeacon-dashboard/js/utils/analyze-mode-file-results.browser.js(427,21): error TS2339: Property 'kind' does not exist on type 'string'.
ai-platform/web/simplebeacon-dashboard/js/utils/analyze-mode-file-results.browser.js(554,7): error TS2367: This comparison appears to be unintentional because the types 'any[]' and 'string' have no overlap.
ai-platform/web/simplebeacon-dashboard/js/utils/analyze-mode-file-results.browser.js(555,7): error TS2367: This comparison appears to be unintentional because the types 'any[]' and 'string' have no overlap.
ai-platform/web/simplebeacon-dashboard/js/utils/analyze-mode-file-results.browser.js(556,7): error TS2367: This comparison appears to be unintentional because the types 'any[]' and 'string' have no overlap.
ai-platform/web/simplebeacon-dashboard/js/utils/analyze-mode-file-results.browser.js(557,7): error TS2367: This comparison appears to be unintentional because the types 'any[]' and 'string' have no overlap.
ai-platform/web/simplebeacon-dashboard/js/utils/analyze-mode-file-results.browser.js(581,55): error TS2322: Type '{}' is not assignable to type 'string'.
ai-platform/web/simplebeacon-dashboard/js/utils/analyze-mode-file-results.browser.js(582,53): error TS2339: Property 'lastResult' does not exist on type 'string'.
ai-platform/web/simplebeacon-dashboard/js/utils/analyze-mode-file-results.browser.js(582,73): error TS2339: Property 'report' does not exist on type 'string'.
ai-platform/web/simplebeacon-dashboard/js/utils/analyze-mode-file-scope.browser.js(72,30): error TS2322: Type '{}' is not assignable to type 'string'.
ai-platform/web/simplebeacon-dashboard/js/utils/analyze-mode-file-scope.browser.js(73,11): error TS2339: Property 'config' does not exist on type 'String'.
ai-platform/web/simplebeacon-dashboard/js/utils/analyze-mode-file-scope.browser.js(73,19): error TS2339: Property 'report' does not exist on type 'String'.
ai-platform/web/simplebeacon-dashboard/js/utils/analyze-mode-file-scope.browser.js(73,27): error TS2339: Property 'projectPath' does not exist on type 'String'.
ai-platform/web/simplebeacon-dashboard/js/utils/analyze-mode-file-scope.browser.js(73,40): error TS2339: Property 'lastResult' does not exist on type 'String'.
ai-platform/web/simplebeacon-dashboard/js/utils/analyze-mode-file-scope.browser.js(77,17): error TS1003: Identifier expected.
ai-platform/web/simplebeacon-dashboard/js/utils/analyze-mode-file-scope.browser.js(376,53): error TS2322: Type '{}' is not assignable to type 'string'.
ai-platform/web/simplebeacon-dashboard/js/utils/assessment-export.browser.js(117,35): error TS2339: Property 'ruleScopedFilesAnalyzed' does not exist on type 'number'.
ai-platform/web/simplebeacon-dashboard/js/utils/assessment-export.browser.js(118,21): error TS2339: Property 'scanScope' does not exist on type 'number'.
ai-platform/web/simplebeacon-dashboard/js/utils/assessment-export.browser.js(128,41): error TS2339: Property 'gate' does not exist on type 'number'.
ai-platform/web/simplebeacon-dashboard/js/utils/benchmark-gate-issue-filter.browser.js(44,32): error TS2339: Property 'pattern' does not exist on type 'true'.
ai-platform/web/simplebeacon-dashboard/js/utils/benchmark-gate-issue-filter.browser.js(44,49): error TS2339: Property 'metadata' does not exist on type 'true'.
ai-platform/web/simplebeacon-dashboard/js/utils/benchmark-gate-issue-filter.browser.js(45,33): error TS2339: Property 'category' does not exist on type 'true'.
ai-platform/web/simplebeacon-dashboard/js/utils/benchmark-gate-issue-filter.browser.js(45,51): error TS2339: Property 'metadata' does not exist on type 'true'.
ai-platform/web/simplebeacon-dashboard/js/utils/benchmark-gate-issue-filter.browser.js(46,29): error TS2339: Property 'type' does not exist on type 'true'.
ai-platform/web/simplebeacon-dashboard/js/utils/benchmark-gate-issue-filter.browser.js(59,31): error TS2339: Property 'metadata' does not exist on type 'true'.
ai-platform/web/simplebeacon-dashboard/js/utils/benchmark-gate-issue-filter.browser.js(59,57): error TS2339: Property 'intent' does not exist on type 'true'.
ai-platform/web/simplebeacon-dashboard/js/utils/benchmark-gate-issue-filter.browser.js(61,45): error TS2339: Property 'type' does not exist on type 'true'.
ai-platform/web/simplebeacon-dashboard/js/utils/benchmark-gate-issue-filter.browser.js(62,26): error TS2339: Property 'filePath' does not exist on type 'true'.
ai-platform/web/simplebeacon-dashboard/js/utils/benchmark-gate-issue-filter.browser.js(62,44): error TS2339: Property 'file' does not exist on type 'true'.
ai-platform/web/simplebeacon-dashboard/js/utils/benchmark-gate-issue-filter.browser.js(62,58): error TS2339: Property 'filePaths' does not exist on type 'true'.
ai-platform/web/simplebeacon-dashboard/js/utils/benchmark-gate-issue-filter.browser.js(119,25): error TS2339: Property 'type' does not exist on type 'number'.
ai-platform/web/simplebeacon-dashboard/js/utils/benchmark-gate-issue-filter.browser.js(120,57): error TS2339: Property 'projectRoot' does not exist on type 'number'.
ai-platform/web/simplebeacon-dashboard/js/utils/benchmark-gate-issue-filter.browser.js(124,31): error TS2339: Property 'rawIssues' does not exist on type 'number'.
ai-platform/web/simplebeacon-dashboard/js/utils/benchmark-gate-issue-filter.browser.js(124,58): error TS2339: Property 'rawIssues' does not exist on type 'number'.
ai-platform/web/simplebeacon-dashboard/js/utils/benchmark-gate-issue-filter.browser.js(124,78): error TS2339: Property 'detectedIssues' does not exist on type 'number'.
ai-platform/web/simplebeacon-dashboard/js/utils/benchmark-gate-issue-filter.browser.js(139,29): error TS2339: Property 'gate' does not exist on type 'number'.
ai-platform/web/simplebeacon-dashboard/js/utils/benchmark-gate-issue-filter.browser.js(139,44): error TS2339: Property 'scanScope' does not exist on type 'number'.
ai-platform/web/simplebeacon-dashboard/js/utils/benchmark-gate-issue-filter.browser.js(146,5): error TS2698: Spread types may only be created from object types.
ai-platform/web/simplebeacon-dashboard/js/utils/benchmark-gate-issue-filter.browser.js(147,39): error TS2339: Property 'projectRoot' does not exist on type 'number'.
ai-platform/web/simplebeacon-dashboard/js/utils/benchmark-gate-issue-filter.browser.js(158,18): error TS2339: Property 'scanScope' does not exist on type 'number'.
ai-platform/web/simplebeacon-dashboard/js/utils/cleanup-brief-export.browser.js(95,65): error TS2362: The left-hand side of an arithmetic operation must be of type 'any', 'number', 'bigint' or an enum type.
ai-platform/web/simplebeacon-dashboard/js/utils/cleanup-brief-export.browser.js(273,42): error TS2740: Type '{}' is missing the following properties from type 'any[]': length, pop, push, concat, and 29 more.
ai-platform/web/simplebeacon-dashboard/js/utils/cleanup-brief-export.browser.js(273,61): error TS2740: Type '{}' is missing the following properties from type 'any[]': length, pop, push, concat, and 29 more.
ai-platform/web/simplebeacon-dashboard/js/utils/cleanup-brief-export.browser.js(274,32): error TS2339: Property 'artifactProfile' does not exist on type 'any[]'.
ai-platform/web/simplebeacon-dashboard/js/utils/cleanup-brief-export.browser.js(275,27): error TS2339: Property 'fileReduction' does not exist on type 'any[]'.
ai-platform/web/simplebeacon-dashboard/js/utils/cleanup-brief-export.browser.js(276,29): error TS2339: Property 'investigate' does not exist on type 'any[]'.
ai-platform/web/simplebeacon-dashboard/js/utils/cleanup-brief-export.browser.js(278,55): error TS2339: Property 'safeNow' does not exist on type 'any[]'.
ai-platform/web/simplebeacon-dashboard/js/utils/cleanup-brief-export.browser.js(279,65): error TS2339: Property 'reviewFirst' does not exist on type 'any[]'.
ai-platform/web/simplebeacon-dashboard/js/utils/cleanupAssistant.js(6,43): error TS2307: Cannot find module './completeScanAnalysis.js?v=20260527cleanup1' or its corresponding type declarations.
ai-platform/web/simplebeacon-dashboard/js/utils/cleanupAssistant.js(239,20): error TS8024: JSDoc '@param' tag has name 'fileReduction', but there is no parameter with that name.
ai-platform/web/simplebeacon-dashboard/js/utils/cleanupAssistant.js(240,17): error TS8024: JSDoc '@param' tag has name 'dataQuality', but there is no parameter with that name.
ai-platform/web/simplebeacon-dashboard/js/utils/cleanupAssistant.js(277,3): error TS2339: Property 'projectPath' does not exist on type '{ policy?: any; }'.
ai-platform/web/simplebeacon-dashboard/js/utils/cleanupAssistant.js(278,3): error TS2339: Property 'fileReduction' does not exist on type '{ policy?: any; }'.
ai-platform/web/simplebeacon-dashboard/js/utils/cleanupAssistant.js(279,3): error TS2339: Property 'dataQuality' does not exist on type '{ policy?: any; }'.
ai-platform/web/simplebeacon-dashboard/js/utils/cleanupAssistant.js(280,3): error TS2339: Property 'repositoryInventory' does not exist on type '{ policy?: any; }'.
ai-platform/web/simplebeacon-dashboard/js/utils/cleanupAssistant.js(363,52): error TS2345: Argument of type '{ projectPath: any; policy: any; inventory: { totalFiles: any; totalFolders: any; }; projectedInventory: { totalFiles: number; totalFolders: any; }; estimatedReduction: { files: number; bytes: number; percentOfInventory: number; }; tiers: { ...; }; analysis: any; }' is not assignable to parameter of type 'string'.
ai-platform/web/simplebeacon-dashboard/js/utils/cleanupAssistant.js(413,18): error TS2339: Property 'kind' does not exist on type 'string'.
ai-platform/web/simplebeacon-dashboard/js/utils/cleanupAssistant.js(413,66): error TS2339: Property 'steps' does not exist on type 'string'.
ai-platform/web/simplebeacon-dashboard/js/utils/cleanupAssistant.js(414,36): error TS2339: Property 'steps' does not exist on type 'string'.
ai-platform/web/simplebeacon-dashboard/js/utils/cleanupAssistant.js(415,42): error TS2339: Property 'steps' does not exist on type 'string'.
ai-platform/web/simplebeacon-dashboard/js/utils/cleanupAssistant.js(416,40): error TS2339: Property 'steps' does not exist on type 'string'.
ai-platform/web/simplebeacon-dashboard/js/utils/cleanupAssistant.js(418,31): error TS2339: Property 'projectPath' does not exist on type 'string'.
ai-platform/web/simplebeacon-dashboard/js/utils/cleanupAssistant.js(421,75): error TS2339: Property 'repositoryInventory' does not exist on type 'string'.
ai-platform/web/simplebeacon-dashboard/js/utils/cleanupAssistant.js(422,49): error TS2339: Property 'policy' does not exist on type 'string'.
ai-platform/web/simplebeacon-dashboard/js/utils/cleanupAssistant.js(427,29): error TS2339: Property 'projectPath' does not exist on type 'string'.
ai-platform/web/simplebeacon-dashboard/js/utils/cleanupAssistant.js(428,31): error TS2339: Property 'fileReduction' does not exist on type 'string'.
ai-platform/web/simplebeacon-dashboard/js/utils/cleanupAssistant.js(429,29): error TS2339: Property 'dataQuality' does not exist on type 'string'.
ai-platform/web/simplebeacon-dashboard/js/utils/cleanupAssistant.js(430,37): error TS2339: Property 'repositoryInventory' does not exist on type 'string'.
ai-platform/web/simplebeacon-dashboard/js/utils/cleanupAssistant.js(431,24): error TS2339: Property 'policy' does not exist on type 'string'.
ai-platform/web/simplebeacon-dashboard/js/utils/cleanupAssistant.js(445,5): error TS2353: Object literal may only specify known properties, and 'projectPath' does not exist in type '{ policy?: any; }'.
ai-platform/web/simplebeacon-dashboard/js/utils/cleanupAssistant.js(461,57): error TS2339: Property 'policy' does not exist on type 'string'.
ai-platform/web/simplebeacon-dashboard/js/utils/cleanupAssistant.js(463,13): error TS2339: Property 'policy' does not exist on type 'string'.
ai-platform/web/simplebeacon-dashboard/js/utils/cleanupAssistant.js(466,13): error TS2339: Property 'policy' does not exist on type 'string'.
ai-platform/web/simplebeacon-dashboard/js/utils/cleanupAssistant.js(469,58): error TS2339: Property 'estimatedReduction' does not exist on type 'string'.
ai-platform/web/simplebeacon-dashboard/js/utils/cleanupAssistant.js(469,114): error TS2339: Property 'estimatedReduction' does not exist on type 'string'.
ai-platform/web/simplebeacon-dashboard/js/utils/cleanupAssistant.js(477,17): error TS8024: JSDoc '@param' tag has name 'estimatedReduction', but there is no parameter with that name.
ai-platform/web/simplebeacon-dashboard/js/utils/cleanupAssistant.js(478,17): error TS8024: JSDoc '@param' tag has name 'inventory', but there is no parameter with that name.
ai-platform/web/simplebeacon-dashboard/js/utils/cleanupAssistant.js(479,17): error TS8024: JSDoc '@param' tag has name 'projectedInventory', but there is no parameter with that name.
ai-platform/web/simplebeacon-dashboard/js/utils/cleanupAssistant.js(480,17): error TS8024: JSDoc '@param' tag has name 'policy', but there is no parameter with that name.
ai-platform/web/simplebeacon-dashboard/js/utils/codebase-export.browser.js(122,15): error TS2339: Property 'projectRoot' does not exist on type 'number'.
ai-platform/web/simplebeacon-dashboard/js/utils/codebase-export.browser.js(123,15): error TS2339: Property 'platformRoot' does not exist on type 'number'.
ai-platform/web/simplebeacon-dashboard/js/utils/codebase-export.browser.js(139,51): error TS2339: Property 'projectRoot' does not exist on type 'number'.
ai-platform/web/simplebeacon-dashboard/js/utils/codebase-export.browser.js(139,74): error TS2339: Property 'projectPath' does not exist on type 'number'.
ai-platform/web/simplebeacon-dashboard/js/utils/codebase-export.browser.js(143,16): error TS2339: Property 'scanTargetRoot' does not exist on type 'number'.
ai-platform/web/simplebeacon-dashboard/js/utils/codebase-export.browser.js(144,16): error TS2339: Property 'requestedScanRoot' does not exist on type 'number'.
ai-platform/web/simplebeacon-dashboard/js/utils/codebase-export.browser.js(197,28): error TS2339: Property 'findings' does not exist on type 'number'.
ai-platform/web/simplebeacon-dashboard/js/utils/codebase-export.browser.js(198,35): error TS2339: Property 'findings' does not exist on type 'number'.
ai-platform/web/simplebeacon-dashboard/js/utils/codebase-export.browser.js(207,5): error TS2698: Spread types may only be created from object types.
ai-platform/web/simplebeacon-dashboard/js/utils/codebase-export.browser.js(210,17): error TS2339: Property 'categories' does not exist on type 'number'.
ai-platform/web/simplebeacon-dashboard/js/utils/codebase-export.browser.js(213,17): error TS2339: Property 'summary' does not exist on type 'number'.
ai-platform/web/simplebeacon-dashboard/js/utils/codebase-export.browser.js(216,45): error TS2339: Property 'summary' does not exist on type 'number'.
ai-platform/web/simplebeacon-dashboard/js/utils/codebase-export.browser.js(217,48): error TS2339: Property 'summary' does not exist on type 'number'.
ai-platform/web/simplebeacon-dashboard/js/utils/codebase-export.browser.js(226,18): error TS2339: Property 'exportNotes' does not exist on type 'number'.
ai-platform/web/simplebeacon-dashboard/js/utils/codebase-export.browser.js(292,44): error TS2339: Property 'projectRoot' does not exist on type 'number'.
ai-platform/web/simplebeacon-dashboard/js/utils/codebase-export.browser.js(292,66): error TS2339: Property 'scanTargetRoot' does not exist on type 'number'.
ai-platform/web/simplebeacon-dashboard/js/utils/codebase-export.browser.js(292,91): error TS2339: Property 'requestedScanRoot' does not exist on type 'number'.
ai-platform/web/simplebeacon-dashboard/js/utils/codebase-export.browser.js(303,5): error TS2698: Spread types may only be created from object types.
ai-platform/web/simplebeacon-dashboard/js/utils/codebase-export.browser.js(304,53): error TS2339: Property 'projectRoot' does not exist on type 'number'.
ai-platform/web/simplebeacon-dashboard/js/utils/codebase-export.browser.js(305,16): error TS2339: Property 'scanTargetRoot' does not exist on type 'number'.
ai-platform/web/simplebeacon-dashboard/js/utils/codebase-export.browser.js(306,62): error TS2339: Property 'scanTargetRoot' does not exist on type 'number'.
ai-platform/web/simplebeacon-dashboard/js/utils/codebase-export.browser.js(308,16): error TS2339: Property 'requestedScanRoot' does not exist on type 'number'.
ai-platform/web/simplebeacon-dashboard/js/utils/codebase-export.browser.js(309,65): error TS2339: Property 'requestedScanRoot' does not exist on type 'number'.
ai-platform/web/simplebeacon-dashboard/js/utils/codebase-export.browser.js(311,16): error TS2339: Property 'platformRoot' does not exist on type 'number'.
ai-platform/web/simplebeacon-dashboard/js/utils/codebase-export.browser.js(312,60): error TS2339: Property 'platformRoot' does not exist on type 'number'.
ai-platform/web/simplebeacon-dashboard/js/utils/codebase-export.browser.js(314,16): error TS2339: Property 'codeAnalysisRoot' does not exist on type 'number'.
ai-platform/web/simplebeacon-dashboard/js/utils/codebase-export.browser.js(315,64): error TS2339: Property 'codeAnalysisRoot' does not exist on type 'number'.
ai-platform/web/simplebeacon-dashboard/js/utils/codebase-export.browser.js(317,16): error TS2339: Property 'productPlatformRoot' does not exist on type 'number'.
ai-platform/web/simplebeacon-dashboard/js/utils/codebase-export.browser.js(318,67): error TS2339: Property 'productPlatformRoot' does not exist on type 'number'.
ai-platform/web/simplebeacon-dashboard/js/utils/codebase-export.browser.js(320,16): error TS2339: Property 'repositoryInventory' does not exist on type 'number'.
ai-platform/web/simplebeacon-dashboard/js/utils/codebase-export.browser.js(323,21): error TS2339: Property 'repositoryInventory' does not exist on type 'number'.
ai-platform/web/simplebeacon-dashboard/js/utils/codebase-export.browser.js(325,20): error TS2339: Property 'repositoryInventory' does not exist on type 'number'.
ai-platform/web/simplebeacon-dashboard/js/utils/codebase-export.browser.js(356,18): error TS2339: Property 'benchmarkScan' does not exist on type 'string'.
ai-platform/web/simplebeacon-dashboard/js/utils/codebase-export.browser.js(365,15): error TS2339: Property 'benchmarkScan' does not exist on type 'string'.
ai-platform/web/simplebeacon-dashboard/js/utils/codebase-export.browser.js(367,17): error TS2339: Property 'eslintSource' does not exist on type 'string'.
ai-platform/web/simplebeacon-dashboard/js/utils/codebase-export.browser.js(372,16): error TS2339: Property 'benchmarkScan' does not exist on type 'string'.
ai-platform/web/simplebeacon-dashboard/js/utils/codebase-export.browser.js(372,41): error TS2339: Property 'eslintSkipped' does not exist on type 'string'.
ai-platform/web/simplebeacon-dashboard/js/utils/codebase-export.browser.js(373,43): error TS2339: Property 'eslintSkipped' does not exist on type 'string'.
ai-platform/web/simplebeacon-dashboard/js/utils/codebase-export.browser.js(423,15): error TS2339: Property 'hygieneSummary' does not exist on type 'number'.
ai-platform/web/simplebeacon-dashboard/js/utils/codebase-export.browser.js(428,15): error TS2339: Property 'hygieneSummary' does not exist on type 'number'.
ai-platform/web/simplebeacon-dashboard/js/utils/codebase-export.browser.js(433,15): error TS2339: Property 'hygieneSummary' does not exist on type 'number'.
ai-platform/web/simplebeacon-dashboard/js/utils/codebase-export.browser.js(436,15): error TS2339: Property 'scanScope' does not exist on type 'number'.
ai-platform/web/simplebeacon-dashboard/js/utils/codebase-export.browser.js(437,15): error TS2339: Property 'hygieneSummary' does not exist on type 'number'.
ai-platform/web/simplebeacon-dashboard/js/utils/codebase-export.browser.js(447,17): error TS2339: Property 'hygieneSummary' does not exist on type 'number'.
ai-platform/web/simplebeacon-dashboard/js/utils/codebase-export.browser.js(452,17): error TS2339: Property 'hygieneSummary' does not exist on type 'number'.
ai-platform/web/simplebeacon-dashboard/js/utils/codebase-export.browser.js(463,50): error TS2322: Type '{}' is not assignable to type 'string'.
ai-platform/web/simplebeacon-dashboard/js/utils/codebase-export.browser.js(468,31): error TS2339: Property 'summary' does not exist on type 'number'.
ai-platform/web/simplebeacon-dashboard/js/utils/codebase-export.browser.js(468,63): error TS2339: Property 'eslintSummary' does not exist on type 'number'.
ai-platform/web/simplebeacon-dashboard/js/utils/codebase-export.browser.js(469,41): error TS2339: Property 'summary' does not exist on type 'number'.
ai-platform/web/simplebeacon-dashboard/js/utils/codebase-export.browser.js(470,51): error TS2339: Property 'summary' does not exist on type 'number'.
ai-platform/web/simplebeacon-dashboard/js/utils/codebase-export.browser.js(472,58): error TS2339: Property 'summary' does not exist on type 'number'.
ai-platform/web/simplebeacon-dashboard/js/utils/codebase-export.browser.js(472,103): error TS2339: Property 'summary' does not exist on type 'number'.
ai-platform/web/simplebeacon-dashboard/js/utils/codebase-export.browser.js(474,28): error TS2339: Property 'summary' does not exist on type 'number'.
ai-platform/web/simplebeacon-dashboard/js/utils/codebase-export.browser.js(475,29): error TS2339: Property 'repositoryInventory' does not exist on type 'number'.
ai-platform/web/simplebeacon-dashboard/js/utils/codebase-export.browser.js(475,71): error TS2339: Property 'summary' does not exist on type 'number'.
ai-platform/web/simplebeacon-dashboard/js/utils/codebase-export.browser.js(481,15): error TS2339: Property 'summary' does not exist on type 'number'.
ai-platform/web/simplebeacon-dashboard/js/utils/codebase-export.browser.js(487,28): error TS2339: Property 'repositoryInventory' does not exist on type 'number'.
ai-platform/web/simplebeacon-dashboard/js/utils/codebase-export.browser.js(506,58): error TS2339: Property 'hygieneSummary' does not exist on type 'number'.
ai-platform/web/simplebeacon-dashboard/js/utils/codebase-export.browser.js(509,25): error TS2339: Property 'summary' does not exist on type 'number'.
ai-platform/web/simplebeacon-dashboard/js/utils/codebase-export.browser.js(510,23): error TS2339: Property 'summary' does not exist on type 'number'.
ai-platform/web/simplebeacon-dashboard/js/utils/codebase-export.browser.js(511,33): error TS2339: Property 'summary' does not exist on type 'number'.
ai-platform/web/simplebeacon-dashboard/js/utils/codebase-export.browser.js(515,33): error TS2339: Property 'structureInsights' does not exist on type 'number'.
ai-platform/web/simplebeacon-dashboard/js/utils/codebase-export.browser.js(522,14): error TS2339: Property 'aiSummaryProvider' does not exist on type 'number'.
ai-platform/web/simplebeacon-dashboard/js/utils/codebase-export.browser.js(523,40): error TS2339: Property 'aiSummaryProvider' does not exist on type 'number'.
ai-platform/web/simplebeacon-dashboard/js/utils/codebase-export.browser.js(535,26): error TS2339: Property 'summary' does not exist on type 'number'.
ai-platform/web/simplebeacon-dashboard/js/utils/codebase-export.browser.js(538,29): error TS2339: Property 'repositoryInventory' does not exist on type 'number'.
ai-platform/web/simplebeacon-dashboard/js/utils/codebase-export.browser.js(561,50): error TS2339: Property 'eslintSummary' does not exist on type 'number'.
ai-platform/web/simplebeacon-dashboard/js/utils/codebase-export.browser.js(562,54): error TS2339: Property 'eslintSummary' does not exist on type 'number'.
ai-platform/web/simplebeacon-dashboard/js/utils/codebase-export.browser.js(565,60): error TS2339: Property 'hygieneSummary' does not exist on type 'number'.
ai-platform/web/simplebeacon-dashboard/js/utils/codebase-export.browser.js(581,23): error TS2339: Property 'scanScope' does not exist on type 'number'.
ai-platform/web/simplebeacon-dashboard/js/utils/codebase-export.browser.js(598,27): error TS2339: Property 'samples' does not exist on type 'any[]'.
ai-platform/web/simplebeacon-dashboard/js/utils/codebase-export.browser.js(599,41): error TS2339: Property 'samples' does not exist on type 'any[]'.
ai-platform/web/simplebeacon-dashboard/js/utils/codebase-export.browser.js(600,35): error TS2339: Property 'summary' does not exist on type 'any[]'.
ai-platform/web/simplebeacon-dashboard/js/utils/codebase-export.browser.js(608,37): error TS2339: Property 'summary' does not exist on type 'any[]'.
ai-platform/web/simplebeacon-dashboard/js/utils/codebase-export.browser.js(609,39): error TS2339: Property 'summary' does not exist on type 'any[]'.
ai-platform/web/simplebeacon-dashboard/js/utils/codebase-export.browser.js(609,82): error TS2339: Property 'samples' does not exist on type 'any[]'.
ai-platform/web/simplebeacon-dashboard/js/utils/codebase-export.browser.js(616,29): error TS2339: Property 'summary' does not exist on type 'any[]'.
ai-platform/web/simplebeacon-dashboard/js/utils/codebase-export.browser.js(629,25): error TS2339: Property 'type' does not exist on type 'number'.
ai-platform/web/simplebeacon-dashboard/js/utils/codebase-export.browser.js(692,85): error TS2345: Argument of type '{ benchmarkScan: any; eslintSource: any; eslintSkipped: any; }' is not assignable to parameter of type 'string'.
ai-platform/web/simplebeacon-dashboard/js/utils/codebase-export.browser.js(741,62): error TS2345: Argument of type '{ repositoryFilesTotal: any; gateRepositoryFilesTotal: any; gateReport: any; }' is not assignable to parameter of type 'string'.
ai-platform/web/simplebeacon-dashboard/js/utils/complete-scan-artifact-profile.browser.js(77,46): error TS2740: Type '{}' is missing the following properties from type 'any[]': length, pop, push, concat, and 29 more.
ai-platform/web/simplebeacon-dashboard/js/utils/complete-scan-artifact-profile.browser.js(78,23): error TS2339: Property 'fileReduction' does not exist on type 'any[]'.
ai-platform/web/simplebeacon-dashboard/js/utils/complete-scan-artifact-profile.browser.js(84,31): error TS2339: Property 'priorityActions' does not exist on type 'any[]'.
ai-platform/web/simplebeacon-dashboard/js/utils/completeScanAnalysis.js(12,44): error TS2307: Cannot find module './cleanup-brief-export.browser.js?v=20260601cleanupbrief9' or its corresponding type declarations.
ai-platform/web/simplebeacon-dashboard/js/utils/completeScanAnalysis.js(13,49): error TS2307: Cannot find module './data-cleanup-export.browser.js?v=20260601datacleanup8' or its corresponding type declarations.
ai-platform/web/simplebeacon-dashboard/js/utils/completeScanAnalysis.js(14,46): error TS2307: Cannot find module './codebase-export.browser.js?v=20260601codebase8' or its corresponding type declarations.
ai-platform/web/simplebeacon-dashboard/js/utils/completeScanAnalysis.js(15,72): error TS2307: Cannot find module './roadmap-export.browser.js?v=20260601roadmap10' or its corresponding type declarations.
ai-platform/web/simplebeacon-dashboard/js/utils/completeScanAnalysis.js(16,80): error TS2307: Cannot find module './consolidation-export.browser.js?v=20260601consolidation11' or its corresponding type declarations.
ai-platform/web/simplebeacon-dashboard/js/utils/completeScanAnalysis.js(17,40): error TS2307: Cannot find module './npm-audit-export.browser.js?v=20260601npmaudit5' or its corresponding type declarations.
ai-platform/web/simplebeacon-dashboard/js/utils/completeScanAnalysis.js(18,48): error TS2307: Cannot find module './compliance-export.browser.js?v=20260601complianceexport7' or its corresponding type declarations.
ai-platform/web/simplebeacon-dashboard/js/utils/completeScanAnalysis.js(19,50): error TS2307: Cannot find module './simplebeacon-report-export.browser.js?v=20260601gateexport17' or its corresponding type declarations.
ai-platform/web/simplebeacon-dashboard/js/utils/completeScanAnalysis.js(41,17): error TS8024: JSDoc '@param' tag has name 'dataQuality', but there is no parameter with that name.
ai-platform/web/simplebeacon-dashboard/js/utils/completeScanAnalysis.js(42,20): error TS8024: JSDoc '@param' tag has name 'projectPath', but there is no parameter with that name.
ai-platform/web/simplebeacon-dashboard/js/utils/completeScanAnalysis.js(104,59): error TS2345: Argument of type '{ projectPath: any; fileReduction: { safeToDeleteBytes: any; reviewBeforeDeleteBytes: any; immediateSavingsBytes: any; duplicateAssetBytes: any; unusedFileCandidates: any; topSafeDirectories: any; skippedArtifactDirectories: any; benchmarkDirsExcluded: any; reviewLogs: any; summaryTable: any; }; dataQuality: { ...; ...' is not assignable to parameter of type 'any[]'.
  Type '{ projectPath: any; fileReduction: { safeToDeleteBytes: any; reviewBeforeDeleteBytes: any; immediateSavingsBytes: any; duplicateAssetBytes: any; unusedFileCandidates: any; topSafeDirectories: any; skippedArtifactDirectories: any; benchmarkDirsExcluded: any; reviewLogs: any; summaryTable: any; }; dataQuality: { ...; ...' is missing the following properties from type 'any[]': length, pop, push, concat, and 29 more.
ai-platform/web/simplebeacon-dashboard/js/utils/completeScanAnalysis.js(117,23): error TS2339: Property 'fileReduction' does not exist on type 'any[]'.
ai-platform/web/simplebeacon-dashboard/js/utils/completeScanAnalysis.js(118,23): error TS2339: Property 'dataQuality' does not exist on type 'any[]'.
ai-platform/web/simplebeacon-dashboard/js/utils/completeScanAnalysis.js(119,36): error TS2339: Property 'artifactProfile' does not exist on type 'any[]'.
ai-platform/web/simplebeacon-dashboard/js/utils/completeScanAnalysis.js(120,28): error TS2339: Property 'priorityActions' does not exist on type 'any[]'.
ai-platform/web/simplebeacon-dashboard/js/utils/completeScanAnalysis.js(172,21): error TS2339: Property 'notes' does not exist on type 'any[]'.
ai-platform/web/simplebeacon-dashboard/js/utils/completeScanAnalysis.js(173,84): error TS2339: Property 'notes' does not exist on type 'any[]'.
ai-platform/web/simplebeacon-dashboard/js/utils/completeScanAnalysis.js(317,81): error TS2322: Type '{}' is not assignable to type 'string'.
ai-platform/web/simplebeacon-dashboard/js/utils/completeScanAnalysis.js(319,11): error TS2339: Property 'benchmarkScan' does not exist on type 'String'.
ai-platform/web/simplebeacon-dashboard/js/utils/completeScanAnalysis.js(319,26): error TS2339: Property 'hollowGate' does not exist on type 'String'.
ai-platform/web/simplebeacon-dashboard/js/utils/completeScanAnalysis.js(319,38): error TS2339: Property 'productPlatformRoot' does not exist on type 'String'.
ai-platform/web/simplebeacon-dashboard/js/utils/completeScanAnalysis.js(334,34): error TS2339: Property 'ruleScopedFilesAnalyzed' does not exist on type 'number'.
ai-platform/web/simplebeacon-dashboard/js/utils/completeScanAnalysis.js(334,73): error TS2339: Property 'scanScope' does not exist on type 'number'.
ai-platform/web/simplebeacon-dashboard/js/utils/completeScanAnalysis.js(411,36): error TS2362: The left-hand side of an arithmetic operation must be of type 'any', 'number', 'bigint' or an enum type.
ai-platform/web/simplebeacon-dashboard/js/utils/completeScanAnalysis.js(603,7): error TS2345: Argument of type '{ benchmarkScan: any; hollowGate: any; productPlatformRoot: any; }' is not assignable to parameter of type 'string'.
ai-platform/web/simplebeacon-dashboard/js/utils/compliance-audit-export.browser.js(5,50): error TS2307: Cannot find module './simplebeacon-report-export.browser.js?v=20260601gateexport17' or its corresponding type declarations.
ai-platform/web/simplebeacon-dashboard/js/utils/compliance-audit-export.browser.js(13,8): error TS2307: Cannot find module './quality-export.browser.js?v=20260531qualityexport8' or its corresponding type declarations.
ai-platform/web/simplebeacon-dashboard/js/utils/compliance-audit-export.browser.js(84,30): error TS2339: Property 'jestSummary' does not exist on type 'number'.
ai-platform/web/simplebeacon-dashboard/js/utils/compliance-audit-export.browser.js(85,14): error TS2339: Property 'jestBaselineChecked' does not exist on type 'number'.
ai-platform/web/simplebeacon-dashboard/js/utils/compliance-audit-export.browser.js(287,29): error TS2740: Type '{}' is missing the following properties from type 'any[]': length, pop, push, concat, and 29 more.
ai-platform/web/simplebeacon-dashboard/js/utils/compliance-audit-export.browser.js(420,31): error TS2339: Property 'rawIssues' does not exist on type 'number'.
ai-platform/web/simplebeacon-dashboard/js/utils/compliance-audit-export.browser.js(420,58): error TS2339: Property 'rawIssues' does not exist on type 'number'.
ai-platform/web/simplebeacon-dashboard/js/utils/compliance-audit-export.browser.js(420,78): error TS2339: Property 'detectedIssues' does not exist on type 'number'.
ai-platform/web/simplebeacon-dashboard/js/utils/compliance-audit-export.browser.js(422,22): error TS2339: Property 'severityCounts' does not exist on type 'number'.
ai-platform/web/simplebeacon-dashboard/js/utils/compliance-audit-export.browser.js(426,26): error TS2339: Property 'productionLeakFindings' does not exist on type 'number'.
ai-platform/web/simplebeacon-dashboard/js/utils/compliance-audit-export.browser.js(443,26): error TS2339: Property 'gate' does not exist on type 'number'.
ai-platform/web/simplebeacon-dashboard/js/utils/compliance-audit-export.browser.js(447,29): error TS2339: Property 'gate' does not exist on type 'number'.
ai-platform/web/simplebeacon-dashboard/js/utils/compliance-audit-export.browser.js(448,28): error TS2339: Property 'gate' does not exist on type 'number'.
ai-platform/web/simplebeacon-dashboard/js/utils/compliance-audit-export.browser.js(464,25): error TS2339: Property 'projectRoot' does not exist on type 'number'.
ai-platform/web/simplebeacon-dashboard/js/utils/compliance-audit-export.browser.js(526,21): error TS2339: Property 'gate' does not exist on type 'any[]'.
ai-platform/web/simplebeacon-dashboard/js/utils/compliance-audit-export.browser.js(532,12): error TS2339: Property 'jestBaseline' does not exist on type '{ gate: any; length: number; toString(): string; toLocaleString(): string; toLocaleString(locales: string | string[], options?: NumberFormatOptions & DateTimeFormatOptions): string; ... 31 more ...; [Symbol.unscopables]: { ...; }; }'.
ai-platform/web/simplebeacon-dashboard/js/utils/compliance-audit-export.browser.js(533,29): error TS2339: Property 'jestBaseline' does not exist on type '{ gate: any; length: number; toString(): string; toLocaleString(): string; toLocaleString(locales: string | string[], options?: NumberFormatOptions & DateTimeFormatOptions): string; ... 31 more ...; [Symbol.unscopables]: { ...; }; }'.
ai-platform/web/simplebeacon-dashboard/js/utils/compliance-audit-export.browser.js(534,10): error TS2339: Property 'jestBaseline' does not exist on type '{ gate: any; length: number; toString(): string; toLocaleString(): string; toLocaleString(locales: string | string[], options?: NumberFormatOptions & DateTimeFormatOptions): string; ... 31 more ...; [Symbol.unscopables]: { ...; }; }'.
ai-platform/web/simplebeacon-dashboard/js/utils/compliance-audit-export.browser.js(535,15): error TS2339: Property 'jestBaseline' does not exist on type '{ gate: any; length: number; toString(): string; toLocaleString(): string; toLocaleString(locales: string | string[], options?: NumberFormatOptions & DateTimeFormatOptions): string; ... 31 more ...; [Symbol.unscopables]: { ...; }; }'.
ai-platform/web/simplebeacon-dashboard/js/utils/compliance-audit-export.browser.js(537,67): error TS2339: Property 'jestBaseline' does not exist on type '{ gate: any; length: number; toString(): string; toLocaleString(): string; toLocaleString(locales: string | string[], options?: NumberFormatOptions & DateTimeFormatOptions): string; ... 31 more ...; [Symbol.unscopables]: { ...; }; }'.
ai-platform/web/simplebeacon-dashboard/js/utils/compliance-audit-export.browser.js(628,43): error TS2322: Type '{}' is not assignable to type 'string'.
ai-platform/web/simplebeacon-dashboard/js/utils/compliance-audit-export.browser.js(631,29): error TS2339: Property 'jestTestsLabel' does not exist on type 'string'.
ai-platform/web/simplebeacon-dashboard/js/utils/compliance-audit-export.browser.js(728,54): error TS2345: Argument of type '{ jestTestsLabel: any; }' is not assignable to parameter of type 'string'.
ai-platform/web/simplebeacon-dashboard/js/utils/compliance-audit-export.browser.js(800,37): error TS2740: Type '{}' is missing the following properties from type 'any[]': length, pop, push, concat, and 29 more.
ai-platform/web/simplebeacon-dashboard/js/utils/compliance-audit-export.browser.js(854,17): error TS8024: JSDoc '@param' tag has name 'assessment', but there is no parameter with that name.
ai-platform/web/simplebeacon-dashboard/js/utils/compliance-audit-export.browser.js(855,17): error TS8024: JSDoc '@param' tag has name 'npmAudit', but there is no parameter with that name.
ai-platform/web/simplebeacon-dashboard/js/utils/compliance-audit-export.browser.js(856,17): error TS8024: JSDoc '@param' tag has name 'summary', but there is no parameter with that name.
ai-platform/web/simplebeacon-dashboard/js/utils/compliance-export.browser.js(5,40): error TS2307: Cannot find module './npm-audit-export.browser.js?v=20260601npmaudit5' or its corresponding type declarations.
ai-platform/web/simplebeacon-dashboard/js/utils/compliance-export.browser.js(60,58): error TS2322: Type '{}' is not assignable to type 'string'.
ai-platform/web/simplebeacon-dashboard/js/utils/compliance-export.browser.js(61,39): error TS2339: Property 'productPlatformRoot' does not exist on type 'string'.
ai-platform/web/simplebeacon-dashboard/js/utils/compliance-export.browser.js(111,22): error TS2339: Property 'ruleScopedFilesAnalyzed' does not exist on type 'number'.
ai-platform/web/simplebeacon-dashboard/js/utils/compliance-export.browser.js(112,20): error TS2339: Property 'scanScope' does not exist on type 'number'.
ai-platform/web/simplebeacon-dashboard/js/utils/compliance-export.browser.js(122,30): error TS2339: Property 'gate' does not exist on type 'number'.
ai-platform/web/simplebeacon-dashboard/js/utils/compliance-export.browser.js(131,31): error TS2339: Property 'schemaChecked' does not exist on type 'number'.
ai-platform/web/simplebeacon-dashboard/js/utils/compliance-export.browser.js(131,60): error TS2339: Property 'pageSampleSchemaChecked' does not exist on type 'number'.
ai-platform/web/simplebeacon-dashboard/js/utils/compliance-export.browser.js(132,30): error TS2339: Property 'schemaPassed' does not exist on type 'number'.
ai-platform/web/simplebeacon-dashboard/js/utils/compliance-export.browser.js(132,58): error TS2339: Property 'pageSampleSchemaPassed' does not exist on type 'number'.
ai-platform/web/simplebeacon-dashboard/js/utils/compliance-export.browser.js(144,18): error TS2339: Property 'gate' does not exist on type 'number'.
ai-platform/web/simplebeacon-dashboard/js/utils/compliance-export.browser.js(145,31): error TS2339: Property 'gate' does not exist on type 'number'.
ai-platform/web/simplebeacon-dashboard/js/utils/compliance-export.browser.js(145,65): error TS2339: Property 'issueCount' does not exist on type 'number'.
ai-platform/web/simplebeacon-dashboard/js/utils/compliance-export.browser.js(147,19): error TS2339: Property 'productionLeakFindings' does not exist on type 'number'.
ai-platform/web/simplebeacon-dashboard/js/utils/compliance-export.browser.js(190,36): error TS2339: Property 'schemaChecked' does not exist on type 'number'.
ai-platform/web/simplebeacon-dashboard/js/utils/compliance-export.browser.js(190,64): error TS2339: Property 'pageSampleSchemaChecked' does not exist on type 'number'.
ai-platform/web/simplebeacon-dashboard/js/utils/compliance-export.browser.js(191,35): error TS2339: Property 'schemaPassed' does not exist on type 'number'.
ai-platform/web/simplebeacon-dashboard/js/utils/compliance-export.browser.js(191,62): error TS2339: Property 'pageSampleSchemaPassed' does not exist on type 'number'.
ai-platform/web/simplebeacon-dashboard/js/utils/compliance-export.browser.js(199,46): error TS2339: Property 'gate' does not exist on type 'number'.
ai-platform/web/simplebeacon-dashboard/js/utils/compliance-export.browser.js(205,47): error TS2339: Property 'productionLeakFindings' does not exist on type 'number'.
ai-platform/web/simplebeacon-dashboard/js/utils/compliance-export.browser.js(209,41): error TS2339: Property 'productionLeakScanned' does not exist on type 'number'.
ai-platform/web/simplebeacon-dashboard/js/utils/compliance-export.browser.js(226,40): error TS2339: Property 'generatedAt' does not exist on type 'number'.
ai-platform/web/simplebeacon-dashboard/js/utils/compliance-export.browser.js(227,40): error TS2339: Property 'generatedAt' does not exist on type 'number'.
ai-platform/web/simplebeacon-dashboard/js/utils/compliance-export.browser.js(296,15): error TS2339: Property 'benchmarkScan' does not exist on type 'string'.
ai-platform/web/simplebeacon-dashboard/js/utils/compliance-export.browser.js(296,40): error TS2339: Property 'hollowGate' does not exist on type 'string'.
ai-platform/web/simplebeacon-dashboard/js/utils/compliance-export.browser.js(324,35): error TS2339: Property 'scanScope' does not exist on type 'number'.
ai-platform/web/simplebeacon-dashboard/js/utils/compliance-export.browser.js(328,33): error TS2339: Property 'repositoryFilesTotal' does not exist on type 'number'.
ai-platform/web/simplebeacon-dashboard/js/utils/compliance-export.browser.js(329,20): error TS2339: Property 'repositoryInventory' does not exist on type 'number'.
ai-platform/web/simplebeacon-dashboard/js/utils/compliance-export.browser.js(332,41): error TS2339: Property 'credentialScanned' does not exist on type 'number'.
ai-platform/web/simplebeacon-dashboard/js/utils/compliance-export.browser.js(333,20): error TS2339: Property 'scanScope' does not exist on type 'number'.
ai-platform/web/simplebeacon-dashboard/js/utils/compliance-export.browser.js(336,38): error TS2339: Property 'scanScope' does not exist on type 'number'.
ai-platform/web/simplebeacon-dashboard/js/utils/compliance-export.browser.js(337,20): error TS2339: Property 'scanScope' does not exist on type 'number'.
ai-platform/web/simplebeacon-dashboard/js/utils/compliance-export.browser.js(338,20): error TS2339: Property 'credentialScanned' does not exist on type 'number'.
ai-platform/web/simplebeacon-dashboard/js/utils/compliance-export.browser.js(343,31): error TS2339: Property 'benchmarkScan' does not exist on type 'string'.
ai-platform/web/simplebeacon-dashboard/js/utils/compliance-export.browser.js(343,75): error TS2339: Property 'hollowGate' does not exist on type 'string'.
ai-platform/web/simplebeacon-dashboard/js/utils/compliance-export.browser.js(355,42): error TS2339: Property 'fictionJsonFilesScanned' does not exist on type 'number'.
ai-platform/web/simplebeacon-dashboard/js/utils/compliance-export.browser.js(356,22): error TS2339: Property 'scanScope' does not exist on type 'number'.
ai-platform/web/simplebeacon-dashboard/js/utils/compliance-export.browser.js(359,44): error TS2339: Property 'fictionSampleFilesScanned' does not exist on type 'number'.
ai-platform/web/simplebeacon-dashboard/js/utils/compliance-export.browser.js(360,22): error TS2339: Property 'scanScope' does not exist on type 'number'.
ai-platform/web/simplebeacon-dashboard/js/utils/compliance-export.browser.js(366,21): error TS2339: Property 'jestBaselineChecked' does not exist on type 'number'.
ai-platform/web/simplebeacon-dashboard/js/utils/compliance-export.browser.js(382,20): error TS2339: Property 'repositoryFilesTotal' does not exist on type 'number'.
ai-platform/web/simplebeacon-dashboard/js/utils/compliance-export.browser.js(383,20): error TS2339: Property 'repositoryInventory' does not exist on type 'number'.
ai-platform/web/simplebeacon-dashboard/js/utils/compliance-export.browser.js(387,35): error TS2339: Property 'scanScope' does not exist on type 'number'.
ai-platform/web/simplebeacon-dashboard/js/utils/compliance-export.browser.js(414,16): error TS2339: Property 'benchmarkScan' does not exist on type 'string'.
ai-platform/web/simplebeacon-dashboard/js/utils/compliance-export.browser.js(418,15): error TS2339: Property 'benchmarkScan' does not exist on type 'string'.
ai-platform/web/simplebeacon-dashboard/js/utils/compliance-export.browser.js(421,15): error TS2339: Property 'hollowGate' does not exist on type 'string'.
ai-platform/web/simplebeacon-dashboard/js/utils/compliance-export.browser.js(424,19): error TS2339: Property 'jestBaselineChecked' does not exist on type 'number'.
ai-platform/web/simplebeacon-dashboard/js/utils/compliance-export.browser.js(431,46): error TS2339: Property 'benchmarkScan' does not exist on type 'string'.
ai-platform/web/simplebeacon-dashboard/js/utils/compliance-export.browser.js(431,72): error TS2339: Property 'hollowGate' does not exist on type 'string'.
ai-platform/web/simplebeacon-dashboard/js/utils/compliance-export.browser.js(434,33): error TS2339: Property 'repositoryFilesTotal' does not exist on type 'number'.
ai-platform/web/simplebeacon-dashboard/js/utils/compliance-export.browser.js(435,20): error TS2339: Property 'repositoryInventory' does not exist on type 'number'.
ai-platform/web/simplebeacon-dashboard/js/utils/compliance-export.browser.js(437,41): error TS2339: Property 'credentialScanned' does not exist on type 'number'.
ai-platform/web/simplebeacon-dashboard/js/utils/compliance-export.browser.js(438,20): error TS2339: Property 'productionLeakScanned' does not exist on type 'number'.
ai-platform/web/simplebeacon-dashboard/js/utils/compliance-export.browser.js(439,20): error TS2339: Property 'scanScope' does not exist on type 'number'.
ai-platform/web/simplebeacon-dashboard/js/utils/compliance-export.browser.js(446,35): error TS2339: Property 'fictionJsonFilesScanned' does not exist on type 'number'.
ai-platform/web/simplebeacon-dashboard/js/utils/compliance-export.browser.js(446,74): error TS2339: Property 'scanScope' does not exist on type 'number'.
ai-platform/web/simplebeacon-dashboard/js/utils/compliance-export.browser.js(447,38): error TS2339: Property 'fictionSampleFilesScanned' does not exist on type 'number'.
ai-platform/web/simplebeacon-dashboard/js/utils/compliance-export.browser.js(447,79): error TS2339: Property 'scanScope' does not exist on type 'number'.
ai-platform/web/simplebeacon-dashboard/js/utils/compliance-export.browser.js(454,61): error TS2339: Property 'euAiActSummary' does not exist on type 'number'.
ai-platform/web/simplebeacon-dashboard/js/utils/compliance-export.browser.js(459,35): error TS2339: Property 'scanScope' does not exist on type 'number'.
ai-platform/web/simplebeacon-dashboard/js/utils/compliance-export.browser.js(466,36): error TS2339: Property 'benchmarkScan' does not exist on type 'string'.
ai-platform/web/simplebeacon-dashboard/js/utils/compliance-export.browser.js(466,80): error TS2339: Property 'hollowGate' does not exist on type 'string'.
ai-platform/web/simplebeacon-dashboard/js/utils/compliance-export.browser.js(467,52): error TS2339: Property 'gate' does not exist on type 'number'.
ai-platform/web/simplebeacon-dashboard/js/utils/compliance-export.browser.js(474,33): error TS2339: Property 'gate' does not exist on type 'number'.
ai-platform/web/simplebeacon-dashboard/js/utils/compliance-export.browser.js(474,67): error TS2339: Property 'issueCount' does not exist on type 'number'.
ai-platform/web/simplebeacon-dashboard/js/utils/compliance-export.browser.js(495,33): error TS2339: Property 'benchmarkScan' does not exist on type 'string'.
ai-platform/web/simplebeacon-dashboard/js/utils/compliance-export.browser.js(496,30): error TS2339: Property 'hollowGate' does not exist on type 'string'.
ai-platform/web/simplebeacon-dashboard/js/utils/compliance-export.browser.js(497,69): error TS2339: Property 'gateReport' does not exist on type 'string'.
ai-platform/web/simplebeacon-dashboard/js/utils/compliance-export.browser.js(499,15): error TS2339: Property 'npmAudit' does not exist on type 'string'.
ai-platform/web/simplebeacon-dashboard/js/utils/compliance-export.browser.js(500,67): error TS2339: Property 'npmAudit' does not exist on type 'string'.
ai-platform/web/simplebeacon-dashboard/js/utils/compliance-export.browser.js(568,87): error TS2345: Argument of type '{ benchmarkScan: any; hollowGate: any; productPlatformRoot: any; projectPath: any; gateReport: any; npmAudit: any; }' is not assignable to parameter of type 'string'.
ai-platform/web/simplebeacon-dashboard/js/utils/compliance-export.browser.js(569,73): error TS2345: Argument of type '{ benchmarkScan: any; hollowGate: any; productPlatformRoot: any; projectPath: any; gateReport: any; npmAudit: any; }' is not assignable to parameter of type 'string'.
ai-platform/web/simplebeacon-dashboard/js/utils/compliance-export.browser.js(575,71): error TS2345: Argument of type '{ benchmarkScan: any; hollowGate: any; productPlatformRoot: any; projectPath: any; gateReport: any; npmAudit: any; }' is not assignable to parameter of type 'string'.
ai-platform/web/simplebeacon-dashboard/js/utils/compliance-export.browser.js(577,89): error TS2345: Argument of type '{ benchmarkScan: any; hollowGate: any; productPlatformRoot: any; projectPath: any; gateReport: any; npmAudit: any; }' is not assignable to parameter of type 'string'.
ai-platform/web/simplebeacon-dashboard/js/utils/compliance-export.browser.js(636,95): error TS2345: Argument of type '{ benchmarkScan: any; hollowGate: any; productPlatformRoot: any; projectPath: any; gateReport: any; npmAudit: any; }' is not assignable to parameter of type 'string'.
ai-platform/web/simplebeacon-dashboard/js/utils/compliance-export.browser.js(637,67): error TS2345: Argument of type '{ benchmarkScan: any; hollowGate: any; productPlatformRoot: any; projectPath: any; gateReport: any; npmAudit: any; }' is not assignable to parameter of type 'string'.
ai-platform/web/simplebeacon-dashboard/js/utils/compliance-export.browser.js(639,71): error TS2345: Argument of type '{ benchmarkScan: any; hollowGate: any; productPlatformRoot: any; projectPath: any; gateReport: any; npmAudit: any; }' is not assignable to parameter of type 'string'.
ai-platform/web/simplebeacon-dashboard/js/utils/compliance-export.browser.js(666,68): error TS2345: Argument of type '{ benchmarkScan: any; hollowGate: any; productPlatformRoot: any; projectPath: any; gateReport: any; npmAudit: any; }' is not assignable to parameter of type 'string'.
ai-platform/web/simplebeacon-dashboard/js/utils/consolidation-export.browser.js(363,37): error TS2339: Property 'intentionalPairsExcluded' does not exist on type 'any[]'.
ai-platform/web/simplebeacon-dashboard/js/utils/consolidation-export.browser.js(454,29): error TS2339: Property 'files' does not exist on type 'string'.
ai-platform/web/simplebeacon-dashboard/js/utils/consolidation-export.browser.js(540,21): error TS2339: Property 'intentionalPairsExcluded' does not exist on type 'any[]'.
ai-platform/web/simplebeacon-dashboard/js/utils/consolidation-export.browser.js(602,29): error TS2339: Property 'files' does not exist on type 'string'.
ai-platform/web/simplebeacon-dashboard/js/utils/consolidation-export.browser.js(616,48): error TS2339: Property 'fuzzyNearDuplicates' does not exist on type 'any[]'.
ai-platform/web/simplebeacon-dashboard/js/utils/consolidation-export.browser.js(619,35): error TS2339: Property 'patternConsolidation' does not exist on type 'any[]'.
ai-platform/web/simplebeacon-dashboard/js/utils/consolidation-export.browser.js(625,19): error TS2339: Property 'fuzzyNearDuplicates' does not exist on type 'any[]'.
ai-platform/web/simplebeacon-dashboard/js/utils/consolidation-export.browser.js(630,19): error TS2339: Property 'patternConsolidation' does not exist on type 'any[]'.
ai-platform/web/simplebeacon-dashboard/js/utils/consolidation-export.browser.js(769,72): error TS2322: Type '{}' is not assignable to type 'string'.
ai-platform/web/simplebeacon-dashboard/js/utils/consolidation-export.browser.js(978,7): error TS2345: Argument of type '{ repositoryFilesTotal: any; gateReport: any; }' is not assignable to parameter of type 'string'.
ai-platform/web/simplebeacon-dashboard/js/utils/dashboard-export.browser.js(11,50): error TS2307: Cannot find module './simplebeacon-report-export.browser.js?v=20260601gateexport17' or its corresponding type declarations.
ai-platform/web/simplebeacon-dashboard/js/utils/dashboard-export.browser.js(18,8): error TS2307: Cannot find module './quality-export.browser.js?v=20260531qualityexport8' or its corresponding type declarations.
ai-platform/web/simplebeacon-dashboard/js/utils/dashboard-export.browser.js(38,31): error TS2339: Property 'projectRoot' does not exist on type 'number'.
ai-platform/web/simplebeacon-dashboard/js/utils/dashboard-export.browser.js(39,26): error TS2339: Property 'benchmarkScan' does not exist on type 'number'.
ai-platform/web/simplebeacon-dashboard/js/utils/dashboard-export.browser.js(39,51): error TS2339: Property 'scanTargetProfile' does not exist on type 'number'.
ai-platform/web/simplebeacon-dashboard/js/utils/dashboard-export.browser.js(50,35): error TS2339: Property 'productPlatformRoot' does not exist on type 'number'.
ai-platform/web/simplebeacon-dashboard/js/utils/dashboard-export.browser.js(50,66): error TS2339: Property 'platformRoot' does not exist on type 'number'.
ai-platform/web/simplebeacon-dashboard/js/utils/dashboard-export.browser.js(52,36): error TS2339: Property 'projectRoot' does not exist on type 'number'.
ai-platform/web/simplebeacon-dashboard/js/utils/dashboard-export.browser.js(129,31): error TS2339: Property 'pageSampleSchemaChecked' does not exist on type 'number'.
ai-platform/web/simplebeacon-dashboard/js/utils/dashboard-export.browser.js(130,17): error TS2339: Property 'pageSampleSchemaPassed' does not exist on type 'number'.
ai-platform/web/simplebeacon-dashboard/js/utils/dashboard-export.browser.js(130,55): error TS2339: Property 'pageSampleSchemaChecked' does not exist on type 'number'.
ai-platform/web/simplebeacon-dashboard/js/utils/dashboard-export.browser.js(149,31): error TS2339: Property 'pageSampleSchemaChecked' does not exist on type 'number'.
ai-platform/web/simplebeacon-dashboard/js/utils/dashboard-export.browser.js(150,17): error TS2339: Property 'pageSampleSchemaPassed' does not exist on type 'number'.
ai-platform/web/simplebeacon-dashboard/js/utils/dashboard-export.browser.js(150,55): error TS2339: Property 'pageSampleSchemaChecked' does not exist on type 'number'.
ai-platform/web/simplebeacon-dashboard/js/utils/dashboard-export.browser.js(169,49): error TS2339: Property 'scanScope' does not exist on type 'number'.
ai-platform/web/simplebeacon-dashboard/js/utils/dashboard-export.browser.js(171,16): error TS2339: Property 'scanScope' does not exist on type 'number'.
ai-platform/web/simplebeacon-dashboard/js/utils/dashboard-export.browser.js(172,16): error TS2339: Property 'jestBaselineChecked' does not exist on type 'number'.
ai-platform/web/simplebeacon-dashboard/js/utils/dashboard-export.browser.js(187,79): error TS2362: The left-hand side of an arithmetic operation must be of type 'any', 'number', 'bigint' or an enum type.
ai-platform/web/simplebeacon-dashboard/js/utils/dashboard-export.browser.js(206,22): error TS2367: This comparison appears to be unintentional because the types 'number' and 'any[]' have no overlap.
ai-platform/web/simplebeacon-dashboard/js/utils/dashboard-export.browser.js(236,25): error TS2554: Expected 3 arguments, but got 2.
ai-platform/web/simplebeacon-dashboard/js/utils/dashboard-export.browser.js(237,31): error TS2339: Property 'jestSummary' does not exist on type 'number'.
ai-platform/web/simplebeacon-dashboard/js/utils/dashboard-export.browser.js(238,15): error TS2339: Property 'jestBaselineChecked' does not exist on type 'number'.
ai-platform/web/simplebeacon-dashboard/js/utils/dashboard-export.browser.js(259,28): error TS2339: Property 'detectedIssues' does not exist on type 'number'.
ai-platform/web/simplebeacon-dashboard/js/utils/dashboard-export.browser.js(259,54): error TS2339: Property 'detectedIssues' does not exist on type 'number'.
ai-platform/web/simplebeacon-dashboard/js/utils/dashboard-export.browser.js(260,19): error TS2339: Property 'detectedIssues' does not exist on type 'number'.
ai-platform/web/simplebeacon-dashboard/js/utils/dashboard-export.browser.js(262,17): error TS2339: Property 'rawIssues' does not exist on type 'number'.
ai-platform/web/simplebeacon-dashboard/js/utils/dashboard-export.browser.js(288,28): error TS2339: Property 'credentialFindings' does not exist on type 'number'.
ai-platform/web/simplebeacon-dashboard/js/utils/dashboard-export.browser.js(290,28): error TS2339: Property 'productionLeakFindings' does not exist on type 'number'.
ai-platform/web/simplebeacon-dashboard/js/utils/dashboard-export.browser.js(319,23): error TS2339: Property 'severityCounts' does not exist on type 'number'.
ai-platform/web/simplebeacon-dashboard/js/utils/dashboard-export.browser.js(320,24): error TS2339: Property 'gate' does not exist on type 'number'.
ai-platform/web/simplebeacon-dashboard/js/utils/dashboard-export.browser.js(382,25): error TS2339: Property 'projectRoot' does not exist on type 'number'.
ai-platform/web/simplebeacon-dashboard/js/utils/dashboard-export.browser.js(436,53): error TS2322: Type '{}' is not assignable to type 'string'.
ai-platform/web/simplebeacon-dashboard/js/utils/dashboard-export.browser.js(442,29): error TS2339: Property 'repositoryFilesTotal' does not exist on type 'string'.
ai-platform/web/simplebeacon-dashboard/js/utils/dashboard-export.browser.js(443,34): error TS2339: Property 'pageSpecsLabel' does not exist on type 'string'.
ai-platform/web/simplebeacon-dashboard/js/utils/dashboard-export.browser.js(444,34): error TS2339: Property 'jestTests' does not exist on type 'string'.
ai-platform/web/simplebeacon-dashboard/js/utils/dashboard-export.browser.js(452,33): error TS2339: Property 'benchmarkScan' does not exist on type 'string'.
ai-platform/web/simplebeacon-dashboard/js/utils/dashboard-export.browser.js(495,43): error TS2322: Type '{}' is not assignable to type 'string'.
ai-platform/web/simplebeacon-dashboard/js/utils/dashboard-export.browser.js(498,34): error TS2339: Property 'pageSpecsLabel' does not exist on type 'string'.
ai-platform/web/simplebeacon-dashboard/js/utils/dashboard-export.browser.js(537,17): error TS8024: JSDoc '@param' tag has name 'baseline', but there is no parameter with that name.
ai-platform/web/simplebeacon-dashboard/js/utils/dashboard-export.browser.js(538,17): error TS8024: JSDoc '@param' tag has name 'dashboardHome', but there is no parameter with that name.
ai-platform/web/simplebeacon-dashboard/js/utils/dashboard-export.browser.js(539,17): error TS8024: JSDoc '@param' tag has name 'history', but there is no parameter with that name.
ai-platform/web/simplebeacon-dashboard/js/utils/dashboard-export.browser.js(554,3): error TS2339: Property 'report' does not exist on type '{ projectLabel?: string; benchmarkScan?: boolean; productPlatformRoot?: null; }'.
ai-platform/web/simplebeacon-dashboard/js/utils/dashboard-export.browser.js(555,3): error TS2339: Property 'baseline' does not exist on type '{ projectLabel?: string; benchmarkScan?: boolean; productPlatformRoot?: null; }'.
ai-platform/web/simplebeacon-dashboard/js/utils/dashboard-export.browser.js(556,3): error TS2339: Property 'dashboardHome' does not exist on type '{ projectLabel?: string; benchmarkScan?: boolean; productPlatformRoot?: null; }'.
ai-platform/web/simplebeacon-dashboard/js/utils/dashboard-export.browser.js(557,3): error TS2339: Property 'history' does not exist on type '{ projectLabel?: string; benchmarkScan?: boolean; productPlatformRoot?: null; }'.
ai-platform/web/simplebeacon-dashboard/js/utils/dashboard-export.browser.js(558,3): error TS2339: Property 'scanConclusion' does not exist on type '{ projectLabel?: string; benchmarkScan?: boolean; productPlatformRoot?: null; }'.
ai-platform/web/simplebeacon-dashboard/js/utils/dashboard-export.browser.js(615,3): error TS2339: Property 'report' does not exist on type '{}'.
ai-platform/web/simplebeacon-dashboard/js/utils/dashboard-export.browser.js(616,3): error TS2339: Property 'baseline' does not exist on type '{}'.
ai-platform/web/simplebeacon-dashboard/js/utils/dashboard-export.browser.js(617,3): error TS2339: Property 'config' does not exist on type '{}'.
ai-platform/web/simplebeacon-dashboard/js/utils/dashboard-export.browser.js(618,3): error TS2339: Property 'history' does not exist on type '{}'.
ai-platform/web/simplebeacon-dashboard/js/utils/dashboard-export.browser.js(619,3): error TS2339: Property 'dashboardHome' does not exist on type '{}'.
ai-platform/web/simplebeacon-dashboard/js/utils/dashboard-export.browser.js(620,3): error TS2339: Property 'scanConclusion' does not exist on type '{}'.
ai-platform/web/simplebeacon-dashboard/js/utils/dashboard-export.browser.js(621,3): error TS2339: Property 'exportFilename' does not exist on type '{}'.
ai-platform/web/simplebeacon-dashboard/js/utils/dashboard-export.browser.js(631,5): error TS2353: Object literal may only specify known properties, and 'report' does not exist in type '{ projectLabel?: string; benchmarkScan?: boolean; productPlatformRoot?: any; }'.
ai-platform/web/simplebeacon-dashboard/js/utils/dashboard-export.browser.js(689,48): error TS2345: Argument of type '{ pageSpecsLabel: any; }' is not assignable to parameter of type 'string'.
ai-platform/web/simplebeacon-dashboard/js/utils/dashboard-export.browser.js(692,63): error TS2345: Argument of type '{ benchmarkScan: any; repositoryFilesTotal: any; pageSpecsLabel: any; jestTests: any; }' is not assignable to parameter of type 'string'.
ai-platform/web/simplebeacon-dashboard/js/utils/dashboard-export.browser.js(738,45): error TS2554: Expected 0-1 arguments, but got 2.
ai-platform/web/simplebeacon-dashboard/js/utils/dashboard-export.browser.js(793,26): error TS2339: Property 'detectedIssues' does not exist on type 'number'.
ai-platform/web/simplebeacon-dashboard/js/utils/dashboard-export.browser.js(818,17): error TS8024: JSDoc '@param' tag has name 'history', but there is no parameter with that name.
ai-platform/web/simplebeacon-dashboard/js/utils/dashboard-export.browser.js(819,20): error TS8024: JSDoc '@param' tag has name 'report', but there is no parameter with that name.
ai-platform/web/simplebeacon-dashboard/js/utils/dashboard-export.browser.js(820,17): error TS8024: JSDoc '@param' tag has name 'summary', but there is no parameter with that name.
ai-platform/web/simplebeacon-dashboard/js/utils/data-cleanup-export.browser.js(5,49): error TS2307: Cannot find module './cleanup-brief-export.browser.js?v=20260601cleanupbrief9' or its corresponding type declarations.
ai-platform/web/simplebeacon-dashboard/js/utils/data-cleanup-export.browser.js(6,44): error TS2307: Cannot find module './quality-export.browser.js?v=20260531qualityexport8' or its corresponding type declarations.
ai-platform/web/simplebeacon-dashboard/js/utils/data-cleanup-export.browser.js(49,5): error TS2698: Spread types may only be created from object types.
ai-platform/web/simplebeacon-dashboard/js/utils/data-cleanup-export.browser.js(51,16): error TS2339: Property 'projectPath' does not exist on type 'number'.
ai-platform/web/simplebeacon-dashboard/js/utils/data-cleanup-export.browser.js(80,31): error TS2339: Property 'projectRoot' does not exist on type 'number'.
ai-platform/web/simplebeacon-dashboard/js/utils/data-cleanup-export.browser.js(80,54): error TS2339: Property 'projectPath' does not exist on type 'number'.
ai-platform/web/simplebeacon-dashboard/js/utils/data-cleanup-export.browser.js(133,28): error TS2339: Property 'fileReductionPlan' does not exist on type 'number'.
ai-platform/web/simplebeacon-dashboard/js/utils/data-cleanup-export.browser.js(134,25): error TS2339: Property 'summary' does not exist on type 'number'.
ai-platform/web/simplebeacon-dashboard/js/utils/data-cleanup-export.browser.js(135,28): error TS2339: Property 'summary' does not exist on type 'number'.
ai-platform/web/simplebeacon-dashboard/js/utils/data-cleanup-export.browser.js(213,15): error TS2339: Property 'inventory' does not exist on type 'number'.
ai-platform/web/simplebeacon-dashboard/js/utils/data-cleanup-export.browser.js(214,15): error TS2339: Property 'hygieneSummary' does not exist on type 'number'.
ai-platform/web/simplebeacon-dashboard/js/utils/data-cleanup-export.browser.js(215,15): error TS2339: Property 'scanScope' does not exist on type 'number'.
ai-platform/web/simplebeacon-dashboard/js/utils/data-cleanup-export.browser.js(220,15): error TS2339: Property 'hygieneSummary' does not exist on type 'number'.
ai-platform/web/simplebeacon-dashboard/js/utils/data-cleanup-export.browser.js(225,15): error TS2339: Property 'hygieneSummary' does not exist on type 'number'.
ai-platform/web/simplebeacon-dashboard/js/utils/data-cleanup-export.browser.js(228,15): error TS2339: Property 'scanScope' does not exist on type 'number'.
ai-platform/web/simplebeacon-dashboard/js/utils/data-cleanup-export.browser.js(229,15): error TS2339: Property 'hygieneSummary' does not exist on type 'number'.
ai-platform/web/simplebeacon-dashboard/js/utils/data-cleanup-export.browser.js(239,17): error TS2339: Property 'hygieneSummary' does not exist on type 'number'.
ai-platform/web/simplebeacon-dashboard/js/utils/data-cleanup-export.browser.js(244,17): error TS2339: Property 'hygieneSummary' does not exist on type 'number'.
ai-platform/web/simplebeacon-dashboard/js/utils/data-cleanup-export.browser.js(259,33): error TS2339: Property 'inventory' does not exist on type 'number'.
ai-platform/web/simplebeacon-dashboard/js/utils/data-cleanup-export.browser.js(261,31): error TS2339: Property 'dataQualityStatus' does not exist on type 'number'.
ai-platform/web/simplebeacon-dashboard/js/utils/data-cleanup-export.browser.js(262,27): error TS2339: Property 'summary' does not exist on type 'number'.
ai-platform/web/simplebeacon-dashboard/js/utils/data-cleanup-export.browser.js(272,30): error TS2339: Property 'scanners' does not exist on type 'number'.
ai-platform/web/simplebeacon-dashboard/js/utils/data-cleanup-export.browser.js(273,17): error TS2339: Property 'scanners' does not exist on type 'number'.
ai-platform/web/simplebeacon-dashboard/js/utils/data-cleanup-export.browser.js(275,28): error TS2339: Property 'scanners' does not exist on type 'number'.
ai-platform/web/simplebeacon-dashboard/js/utils/data-cleanup-export.browser.js(276,31): error TS2339: Property 'scanners' does not exist on type 'number'.
ai-platform/web/simplebeacon-dashboard/js/utils/data-cleanup-export.browser.js(277,36): error TS2339: Property 'scanners' does not exist on type 'number'.
ai-platform/web/simplebeacon-dashboard/js/utils/data-cleanup-export.browser.js(278,17): error TS2339: Property 'metadata' does not exist on type 'number'.
ai-platform/web/simplebeacon-dashboard/js/utils/data-cleanup-export.browser.js(280,37): error TS2339: Property 'scanners' does not exist on type 'number'.
ai-platform/web/simplebeacon-dashboard/js/utils/data-cleanup-export.browser.js(281,37): error TS2339: Property 'metadata' does not exist on type 'number'.
ai-platform/web/simplebeacon-dashboard/js/utils/data-cleanup-export.browser.js(285,60): error TS2339: Property 'hygieneSummary' does not exist on type 'number'.
ai-platform/web/simplebeacon-dashboard/js/utils/data-cleanup-export.browser.js(306,47): error TS2339: Property 'enabledScanners' does not exist on type 'number'.
ai-platform/web/simplebeacon-dashboard/js/utils/data-cleanup-export.browser.js(306,73): error TS2339: Property 'enabledScanners' does not exist on type 'number'.
ai-platform/web/simplebeacon-dashboard/js/utils/data-cleanup-export.browser.js(323,33): error TS2339: Property 'inventory' does not exist on type 'number'.
ai-platform/web/simplebeacon-dashboard/js/utils/data-cleanup-export.browser.js(324,32): error TS2339: Property 'scanners' does not exist on type 'number'.
ai-platform/web/simplebeacon-dashboard/js/utils/data-cleanup-export.browser.js(325,15): error TS2339: Property 'fileReductionPlan' does not exist on type 'number'.
ai-platform/web/simplebeacon-dashboard/js/utils/data-cleanup-export.browser.js(327,30): error TS2339: Property 'metadata' does not exist on type 'number'.
ai-platform/web/simplebeacon-dashboard/js/utils/data-cleanup-export.browser.js(328,15): error TS2339: Property 'scanners' does not exist on type 'number'.
ai-platform/web/simplebeacon-dashboard/js/utils/data-cleanup-export.browser.js(331,33): error TS2339: Property 'fileReductionStatus' does not exist on type 'number'.
ai-platform/web/simplebeacon-dashboard/js/utils/data-cleanup-export.browser.js(341,31): error TS2339: Property 'fileReductionPlan' does not exist on type 'number'.
ai-platform/web/simplebeacon-dashboard/js/utils/data-cleanup-export.browser.js(342,17): error TS2339: Property 'scanners' does not exist on type 'number'.
ai-platform/web/simplebeacon-dashboard/js/utils/data-cleanup-export.browser.js(344,33): error TS2339: Property 'fileReductionPlan' does not exist on type 'number'.
ai-platform/web/simplebeacon-dashboard/js/utils/data-cleanup-export.browser.js(345,17): error TS2339: Property 'scanners' does not exist on type 'number'.
ai-platform/web/simplebeacon-dashboard/js/utils/data-cleanup-export.browser.js(347,34): error TS2339: Property 'summary' does not exist on type 'number'.
ai-platform/web/simplebeacon-dashboard/js/utils/data-cleanup-export.browser.js(349,31): error TS2339: Property 'scanners' does not exist on type 'number'.
ai-platform/web/simplebeacon-dashboard/js/utils/data-cleanup-export.browser.js(351,47): error TS2339: Property 'enabledScanners' does not exist on type 'number'.
ai-platform/web/simplebeacon-dashboard/js/utils/data-cleanup-export.browser.js(351,73): error TS2339: Property 'enabledScanners' does not exist on type 'number'.
ai-platform/web/simplebeacon-dashboard/js/utils/data-cleanup-export.browser.js(355,60): error TS2339: Property 'hygieneSummary' does not exist on type 'number'.
ai-platform/web/simplebeacon-dashboard/js/utils/data-cleanup-export.browser.js(376,47): error TS2339: Property 'enabledScanners' does not exist on type 'number'.
ai-platform/web/simplebeacon-dashboard/js/utils/data-cleanup-export.browser.js(376,73): error TS2339: Property 'enabledScanners' does not exist on type 'number'.
ai-platform/web/simplebeacon-dashboard/js/utils/data-cleanup-export.browser.js(381,17): error TS2339: Property 'scanScope' does not exist on type 'number'.
ai-platform/web/simplebeacon-dashboard/js/utils/data-cleanup-export.browser.js(397,14): error TS2339: Property 'inventory' does not exist on type 'number'.
ai-platform/web/simplebeacon-dashboard/js/utils/data-cleanup-export.browser.js(398,30): error TS2339: Property 'inventory' does not exist on type 'number'.
ai-platform/web/simplebeacon-dashboard/js/utils/data-cleanup-export.browser.js(417,31): error TS2339: Property 'scanners' does not exist on type 'number'.
ai-platform/web/simplebeacon-dashboard/js/utils/data-cleanup-export.browser.js(423,28): error TS2339: Property 'fileReductionPlan' does not exist on type 'number'.
ai-platform/web/simplebeacon-dashboard/js/utils/data-cleanup-export.browser.js(424,25): error TS2339: Property 'fileReductionPlan' does not exist on type 'number'.
ai-platform/web/simplebeacon-dashboard/js/utils/data-cleanup-export.browser.js(429,25): error TS2339: Property 'summary' does not exist on type 'number'.
ai-platform/web/simplebeacon-dashboard/js/utils/data-cleanup-export.browser.js(433,27): error TS2339: Property 'fileReductionPlan' does not exist on type 'number'.
ai-platform/web/simplebeacon-dashboard/js/utils/data-cleanup-export.browser.js(434,15): error TS2339: Property 'scanners' does not exist on type 'number'.
ai-platform/web/simplebeacon-dashboard/js/utils/data-cleanup-export.browser.js(439,30): error TS2339: Property 'fileReductionPlan' does not exist on type 'number'.
ai-platform/web/simplebeacon-dashboard/js/utils/data-cleanup-export.browser.js(443,14): error TS2339: Property 'summary' does not exist on type 'number'.
ai-platform/web/simplebeacon-dashboard/js/utils/data-cleanup-export.browser.js(444,49): error TS2339: Property 'summary' does not exist on type 'number'.
ai-platform/web/simplebeacon-dashboard/js/utils/data-cleanup-export.browser.js(446,14): error TS2339: Property 'compact' does not exist on type 'number'.
ai-platform/web/simplebeacon-dashboard/js/utils/data-cleanup-export.browser.js(450,32): error TS2339: Property 'scanners' does not exist on type 'number'.
ai-platform/web/simplebeacon-dashboard/js/utils/data-cleanup-export.browser.js(451,15): error TS2339: Property 'fileReductionPlan' does not exist on type 'number'.
ai-platform/web/simplebeacon-dashboard/js/utils/data-cleanup-export.browser.js(453,33): error TS2339: Property 'inventory' does not exist on type 'number'.
ai-platform/web/simplebeacon-dashboard/js/utils/data-cleanup-export.browser.js(456,112): error TS2339: Property 'metadata' does not exist on type 'number'.
ai-platform/web/simplebeacon-dashboard/js/utils/data-cleanup-export.browser.js(456,152): error TS2339: Property 'scanners' does not exist on type 'number'.
ai-platform/web/simplebeacon-dashboard/js/utils/data-cleanup-export.browser.js(463,15): error TS2339: Property 'summary' does not exist on type 'number'.
ai-platform/web/simplebeacon-dashboard/js/utils/data-cleanup-export.browser.js(464,16): error TS2339: Property 'fileReductionStatus' does not exist on type 'number'.
ai-platform/web/simplebeacon-dashboard/js/utils/data-cleanup-export.browser.js(464,74): error TS2339: Property 'fileReductionStatus' does not exist on type 'number'.
ai-platform/web/simplebeacon-dashboard/js/utils/data-cleanup-export.browser.js(529,35): error TS2339: Property 'findings' does not exist on type 'number'.
ai-platform/web/simplebeacon-dashboard/js/utils/data-cleanup-export.browser.js(568,24): error TS2339: Property 'summary' does not exist on type 'number'.
ai-platform/web/simplebeacon-dashboard/js/utils/data-cleanup-export.browser.js(569,27): error TS2339: Property 'aggregation' does not exist on type 'number'.
ai-platform/web/simplebeacon-dashboard/js/utils/data-cleanup-export.browser.js(570,23): error TS2339: Property 'aggregation' does not exist on type 'number'.
ai-platform/web/simplebeacon-dashboard/js/utils/data-cleanup-export.browser.js(587,14): error TS2339: Property 'inventory' does not exist on type 'number'.
ai-platform/web/simplebeacon-dashboard/js/utils/data-cleanup-export.browser.js(588,30): error TS2339: Property 'inventory' does not exist on type 'number'.
ai-platform/web/simplebeacon-dashboard/js/utils/data-cleanup-export.browser.js(598,32): error TS2339: Property 'scanners' does not exist on type 'number'.
ai-platform/web/simplebeacon-dashboard/js/utils/data-cleanup-export.browser.js(599,33): error TS2339: Property 'inventory' does not exist on type 'number'.
ai-platform/web/simplebeacon-dashboard/js/utils/data-cleanup-export.browser.js(605,33): error TS2339: Property 'scanners' does not exist on type 'number'.
ai-platform/web/simplebeacon-dashboard/js/utils/data-cleanup-export.browser.js(606,15): error TS2339: Property 'metadata' does not exist on type 'number'.
ai-platform/web/simplebeacon-dashboard/js/utils/data-cleanup-export.browser.js(613,35): error TS2339: Property 'scanners' does not exist on type 'number'.
ai-platform/web/simplebeacon-dashboard/js/utils/data-cleanup-export.browser.js(614,15): error TS2339: Property 'scanners' does not exist on type 'number'.
ai-platform/web/simplebeacon-dashboard/js/utils/data-cleanup-export.browser.js(620,26): error TS2339: Property 'scanners' does not exist on type 'number'.
ai-platform/web/simplebeacon-dashboard/js/utils/data-cleanup-export.browser.js(621,15): error TS2339: Property 'findings' does not exist on type 'number'.
ai-platform/web/simplebeacon-dashboard/js/utils/data-cleanup-export.browser.js(623,25): error TS2339: Property 'scanners' does not exist on type 'number'.
ai-platform/web/simplebeacon-dashboard/js/utils/data-cleanup-export.browser.js(624,15): error TS2339: Property 'findings' does not exist on type 'number'.
ai-platform/web/simplebeacon-dashboard/js/utils/data-cleanup-export.browser.js(634,14): error TS2339: Property 'summary' does not exist on type 'number'.
ai-platform/web/simplebeacon-dashboard/js/utils/data-cleanup-export.browser.js(636,40): error TS2339: Property 'summary' does not exist on type 'number'.
ai-platform/web/simplebeacon-dashboard/js/utils/data-cleanup-export.browser.js(639,14): error TS2339: Property 'compact' does not exist on type 'number'.
ai-platform/web/simplebeacon-dashboard/js/utils/data-cleanup-export.browser.js(642,33): error TS2339: Property 'metadata' does not exist on type 'number'.
ai-platform/web/simplebeacon-dashboard/js/utils/data-cleanup-export.browser.js(648,37): error TS2339: Property 'metadata' does not exist on type 'number'.
ai-platform/web/simplebeacon-dashboard/js/utils/data-cleanup-export.browser.js(657,58): error TS2339: Property 'hygieneSummary' does not exist on type 'number'.
ai-platform/web/simplebeacon-dashboard/js/utils/data-cleanup-export.browser.js(660,15): error TS2339: Property 'summary' does not exist on type 'number'.
ai-platform/web/simplebeacon-dashboard/js/utils/data-cleanup-export.browser.js(663,26): error TS2339: Property 'scanners' does not exist on type 'number'.
ai-platform/web/simplebeacon-dashboard/js/utils/data-cleanup-export.browser.js(664,33): error TS2339: Property 'scanners' does not exist on type 'number'.
ai-platform/web/simplebeacon-dashboard/js/utils/data-cleanup-export.browser.js(694,28): error TS2339: Property 'fileReductionPlan' does not exist on type 'number'.
ai-platform/web/simplebeacon-dashboard/js/utils/data-cleanup-export.browser.js(695,40): error TS2339: Property 'findings' does not exist on type 'number'.
ai-platform/web/simplebeacon-dashboard/js/utils/data-cleanup-export.browser.js(701,28): error TS2339: Property 'findings' does not exist on type 'number'.
ai-platform/web/simplebeacon-dashboard/js/utils/data-cleanup-export.browser.js(706,24): error TS2339: Property 'findings' does not exist on type 'number'.
ai-platform/web/simplebeacon-dashboard/js/utils/data-cleanup-export.browser.js(708,17): error TS2339: Property 'findings' does not exist on type 'number'.
ai-platform/web/simplebeacon-dashboard/js/utils/data-cleanup-export.browser.js(717,36): error TS2339: Property 'findings' does not exist on type 'number'.
ai-platform/web/simplebeacon-dashboard/js/utils/data-cleanup-export.browser.js(728,39): error TS2339: Property 'aggregation' does not exist on type 'number'.
ai-platform/web/simplebeacon-dashboard/js/utils/data-cleanup-export.browser.js(729,23): error TS2339: Property 'aggregation' does not exist on type 'number'.
ai-platform/web/simplebeacon-dashboard/js/utils/data-cleanup-export.browser.js(739,25): error TS2339: Property 'type' does not exist on type 'number'.
ai-platform/web/simplebeacon-dashboard/js/utils/data-cleanup-export.browser.js(741,53): error TS2339: Property 'projectRoot' does not exist on type 'number'.
ai-platform/web/simplebeacon-dashboard/js/utils/data-cleanup-export.browser.js(741,75): error TS2339: Property 'projectPath' does not exist on type 'number'.
ai-platform/web/simplebeacon-dashboard/js/utils/data-cleanup-export.browser.js(743,26): error TS2339: Property 'scanProfile' does not exist on type 'number'.
ai-platform/web/simplebeacon-dashboard/js/utils/data-cleanup-export.browser.js(747,5): error TS2698: Spread types may only be created from object types.
ai-platform/web/simplebeacon-dashboard/js/utils/eu-ai-act-export.browser.js(5,50): error TS2307: Cannot find module './simplebeacon-report-export.browser.js?v=20260601gateexport17' or its corresponding type declarations.
ai-platform/web/simplebeacon-dashboard/js/utils/eu-ai-act-export.browser.js(6,59): error TS2307: Cannot find module './compliance-export.browser.js?v=20260601complianceexport7' or its corresponding type declarations.
ai-platform/web/simplebeacon-dashboard/js/utils/eu-ai-act-export.browser.js(7,75): error TS2307: Cannot find module './quality-export.browser.js?v=20260531qualityexport8' or its corresponding type declarations.
ai-platform/web/simplebeacon-dashboard/js/utils/eu-ai-act-export.browser.js(405,52): error TS2345: Argument of type 'boolean' is not assignable to parameter of type 'any[]'.
ai-platform/web/simplebeacon-dashboard/js/utils/eu-ai-act-export.browser.js(688,31): error TS2339: Property 'projectRoot' does not exist on type 'number'.
ai-platform/web/simplebeacon-dashboard/js/utils/eu-ai-act-export.browser.js(1131,16): error TS2339: Property 'scanScope' does not exist on type 'number'.
ai-platform/web/simplebeacon-dashboard/js/utils/eu-ai-act-export.browser.js(1132,30): error TS2339: Property 'productionLeakScanned' does not exist on type 'number'.
ai-platform/web/simplebeacon-dashboard/js/utils/eu-ai-act-export.browser.js(1132,62): error TS2339: Property 'scanScope' does not exist on type 'number'.
ai-platform/web/simplebeacon-dashboard/js/utils/eu-ai-act-export.browser.js(1133,32): error TS2339: Property 'sourceCodeFilesScanned' does not exist on type 'number'.
ai-platform/web/simplebeacon-dashboard/js/utils/eu-ai-act-export.browser.js(1133,65): error TS2339: Property 'scanScope' does not exist on type 'number'.
ai-platform/web/simplebeacon-dashboard/js/utils/eu-ai-act-export.browser.js(1134,30): error TS2339: Property 'scanScope' does not exist on type 'number'.
ai-platform/web/simplebeacon-dashboard/js/utils/eu-ai-act-export.browser.js(1141,5): error TS2698: Spread types may only be created from object types.
ai-platform/web/simplebeacon-dashboard/js/utils/eu-ai-act-export.browser.js(1143,17): error TS2339: Property 'scanScope' does not exist on type 'number'.
ai-platform/web/simplebeacon-dashboard/js/utils/eu-ai-act-export.browser.js(1339,17): error TS8024: JSDoc '@param' tag has name 'documentationFound', but there is no parameter with that name.
ai-platform/web/simplebeacon-dashboard/js/utils/eu-ai-act-export.browser.js(1340,17): error TS8024: JSDoc '@param' tag has name 'summary', but there is no parameter with that name.
ai-platform/web/simplebeacon-dashboard/js/utils/fiction-digest-export.browser.js(5,44): error TS2307: Cannot find module './quality-export.browser.js?v=20260531qualityexport8' or its corresponding type declarations.
ai-platform/web/simplebeacon-dashboard/js/utils/fiction-digest-export.browser.js(107,32): error TS2339: Property 'pattern' does not exist on type 'true'.
ai-platform/web/simplebeacon-dashboard/js/utils/fiction-digest-export.browser.js(107,49): error TS2339: Property 'metadata' does not exist on type 'true'.
ai-platform/web/simplebeacon-dashboard/js/utils/fiction-digest-export.browser.js(108,33): error TS2339: Property 'category' does not exist on type 'true'.
ai-platform/web/simplebeacon-dashboard/js/utils/fiction-digest-export.browser.js(108,51): error TS2339: Property 'metadata' does not exist on type 'true'.
ai-platform/web/simplebeacon-dashboard/js/utils/fiction-digest-export.browser.js(109,29): error TS2339: Property 'type' does not exist on type 'true'.
ai-platform/web/simplebeacon-dashboard/js/utils/fiction-digest-export.browser.js(122,31): error TS2339: Property 'metadata' does not exist on type 'true'.
ai-platform/web/simplebeacon-dashboard/js/utils/fiction-digest-export.browser.js(122,57): error TS2339: Property 'intent' does not exist on type 'true'.
ai-platform/web/simplebeacon-dashboard/js/utils/fiction-digest-export.browser.js(124,45): error TS2339: Property 'type' does not exist on type 'true'.
ai-platform/web/simplebeacon-dashboard/js/utils/fiction-digest-export.browser.js(125,26): error TS2339: Property 'filePath' does not exist on type 'true'.
ai-platform/web/simplebeacon-dashboard/js/utils/fiction-digest-export.browser.js(125,44): error TS2339: Property 'file' does not exist on type 'true'.
ai-platform/web/simplebeacon-dashboard/js/utils/fiction-digest-export.browser.js(164,35): error TS2339: Property 'repositoryFilesTotal' does not exist on type 'number'.
ai-platform/web/simplebeacon-dashboard/js/utils/fiction-digest-export.browser.js(164,73): error TS2339: Property 'scanScope' does not exist on type 'number'.
ai-platform/web/simplebeacon-dashboard/js/utils/fiction-digest-export.browser.js(165,36): error TS2339: Property 'ruleScopedFilesAnalyzed' does not exist on type 'number'.
ai-platform/web/simplebeacon-dashboard/js/utils/fiction-digest-export.browser.js(165,77): error TS2339: Property 'scanScope' does not exist on type 'number'.
ai-platform/web/simplebeacon-dashboard/js/utils/fiction-digest-export.browser.js(166,37): error TS2339: Property 'fictionJsonFilesScanned' does not exist on type 'number'.
ai-platform/web/simplebeacon-dashboard/js/utils/fiction-digest-export.browser.js(166,78): error TS2339: Property 'scanScope' does not exist on type 'number'.
ai-platform/web/simplebeacon-dashboard/js/utils/fiction-digest-export.browser.js(192,14): error TS2339: Property 'fullDirectoryScan' does not exist on type 'number'.
ai-platform/web/simplebeacon-dashboard/js/utils/fiction-digest-export.browser.js(192,42): error TS2339: Property 'scanScope' does not exist on type 'number'.
ai-platform/web/simplebeacon-dashboard/js/utils/fiction-digest-export.browser.js(195,23): error TS2339: Property 'mockSampleFiles' does not exist on type 'number'.
ai-platform/web/simplebeacon-dashboard/js/utils/fiction-digest-export.browser.js(195,49): error TS2339: Property 'totalFiles' does not exist on type 'number'.
ai-platform/web/simplebeacon-dashboard/js/utils/fiction-digest-export.browser.js(196,28): error TS2339: Property 'repositoryFilesTotal' does not exist on type 'number'.
ai-platform/web/simplebeacon-dashboard/js/utils/fiction-digest-export.browser.js(202,25): error TS2339: Property 'scanPaths' does not exist on type 'number'.
ai-platform/web/simplebeacon-dashboard/js/utils/fiction-digest-export.browser.js(203,37): error TS2339: Property 'projectRoot' does not exist on type 'number'.
ai-platform/web/simplebeacon-dashboard/js/utils/fiction-digest-export.browser.js(227,58): error TS2322: Type '{}' is not assignable to type 'number'.
ai-platform/web/simplebeacon-dashboard/js/utils/fiction-digest-export.browser.js(228,35): error TS2339: Property 'fullDirectoryScan' does not exist on type 'number'.
ai-platform/web/simplebeacon-dashboard/js/utils/fiction-digest-export.browser.js(232,29): error TS2339: Property 'ruleScopedFilesAnalyzed' does not exist on type 'number'.
ai-platform/web/simplebeacon-dashboard/js/utils/fiction-digest-export.browser.js(233,34): error TS2339: Property 'mockSampleFiles' does not exist on type 'number'.
ai-platform/web/simplebeacon-dashboard/js/utils/fiction-digest-export.browser.js(233,60): error TS2339: Property 'totalFiles' does not exist on type 'number'.
ai-platform/web/simplebeacon-dashboard/js/utils/fiction-digest-export.browser.js(234,33): error TS2339: Property 'fictionSampleFilesScanned' does not exist on type 'number'.
ai-platform/web/simplebeacon-dashboard/js/utils/fiction-digest-export.browser.js(242,32): error TS2339: Property 'fictionJsonFilesScanned' does not exist on type 'number'.
ai-platform/web/simplebeacon-dashboard/js/utils/fiction-digest-export.browser.js(329,28): error TS2339: Property 'repositoryFilesTotal' does not exist on type 'number'.
ai-platform/web/simplebeacon-dashboard/js/utils/fiction-digest-export.browser.js(329,59): error TS2339: Property 'repositoryInventory' does not exist on type 'number'.
ai-platform/web/simplebeacon-dashboard/js/utils/fiction-digest-export.browser.js(330,29): error TS2339: Property 'ruleScopedFilesAnalyzed' does not exist on type 'number'.
ai-platform/web/simplebeacon-dashboard/js/utils/fiction-digest-export.browser.js(330,63): error TS2339: Property 'scanScope' does not exist on type 'number'.
ai-platform/web/simplebeacon-dashboard/js/utils/fiction-digest-export.browser.js(332,25): error TS2339: Property 'llmSlopScanRaw' does not exist on type 'number'.
ai-platform/web/simplebeacon-dashboard/js/utils/fiction-digest-export.browser.js(333,15): error TS2339: Property 'scanScope' does not exist on type 'number'.
ai-platform/web/simplebeacon-dashboard/js/utils/fiction-digest-export.browser.js(334,15): error TS2339: Property 'llmSlopFilesScanned' does not exist on type 'number'.
ai-platform/web/simplebeacon-dashboard/js/utils/fiction-digest-export.browser.js(335,15): error TS2339: Property 'scanScope' does not exist on type 'number'.
ai-platform/web/simplebeacon-dashboard/js/utils/fiction-digest-export.browser.js(339,16): error TS2339: Property 'scanScope' does not exist on type 'number'.
ai-platform/web/simplebeacon-dashboard/js/utils/fiction-digest-export.browser.js(345,5): error TS2698: Spread types may only be created from object types.
ai-platform/web/simplebeacon-dashboard/js/utils/fiction-digest-export.browser.js(361,28): error TS2339: Property 'repositoryFilesTotal' does not exist on type 'number'.
ai-platform/web/simplebeacon-dashboard/js/utils/fiction-digest-export.browser.js(361,59): error TS2339: Property 'repositoryInventory' does not exist on type 'number'.
ai-platform/web/simplebeacon-dashboard/js/utils/fiction-digest-export.browser.js(362,59): error TS2339: Property 'llmSlopFilesScanned' does not exist on type 'number'.
ai-platform/web/simplebeacon-dashboard/js/utils/fiction-digest-export.browser.js(363,53): error TS2339: Property 'llmSlopScanRaw' does not exist on type 'number'.
ai-platform/web/simplebeacon-dashboard/js/utils/fiction-digest-export.browser.js(364,64): error TS2339: Property 'llmSlopScanReconciled' does not exist on type 'number'.
ai-platform/web/simplebeacon-dashboard/js/utils/fiction-digest-export.browser.js(379,20): error TS2339: Property 'gateAttestation' does not exist on type 'number'.
ai-platform/web/simplebeacon-dashboard/js/utils/fiction-digest-export.browser.js(380,35): error TS2339: Property 'ruleScopedFilesAnalyzed' does not exist on type 'number'.
ai-platform/web/simplebeacon-dashboard/js/utils/fiction-digest-export.browser.js(380,75): error TS2339: Property 'scanScope' does not exist on type 'number'.
ai-platform/web/simplebeacon-dashboard/js/utils/fiction-digest-export.browser.js(381,20): error TS2339: Property 'gate' does not exist on type 'number'.
ai-platform/web/simplebeacon-dashboard/js/utils/fiction-digest-export.browser.js(382,20): error TS2339: Property 'gate' does not exist on type 'number'.
ai-platform/web/simplebeacon-dashboard/js/utils/fiction-digest-export.browser.js(392,31): error TS2339: Property 'scanScope' does not exist on type 'number'.
ai-platform/web/simplebeacon-dashboard/js/utils/fiction-digest-export.browser.js(393,35): error TS2339: Property 'repositoryFilesTotal' does not exist on type 'number'.
ai-platform/web/simplebeacon-dashboard/js/utils/fiction-digest-export.browser.js(394,65): error TS2339: Property 'llmSlopFilesScanned' does not exist on type 'number'.
ai-platform/web/simplebeacon-dashboard/js/utils/fiction-digest-export.browser.js(395,56): error TS2339: Property 'llmSlopScanRaw' does not exist on type 'number'.
ai-platform/web/simplebeacon-dashboard/js/utils/fiction-digest-export.browser.js(396,67): error TS2339: Property 'llmSlopScanReconciled' does not exist on type 'number'.
ai-platform/web/simplebeacon-dashboard/js/utils/fiction-digest-export.browser.js(400,44): error TS2339: Property 'fictionJsonFilesScanned' does not exist on type 'number'.
ai-platform/web/simplebeacon-dashboard/js/utils/fiction-digest-export.browser.js(401,44): error TS2339: Property 'ruleScopedFilesAnalyzed' does not exist on type 'number'.
ai-platform/web/simplebeacon-dashboard/js/utils/fiction-digest-export.browser.js(417,35): error TS2339: Property 'ruleScopedFilesAnalyzed' does not exist on type 'number'.
ai-platform/web/simplebeacon-dashboard/js/utils/fiction-digest-export.browser.js(417,75): error TS2339: Property 'scanScope' does not exist on type 'number'.
ai-platform/web/simplebeacon-dashboard/js/utils/fiction-digest-export.browser.js(418,20): error TS2339: Property 'gate' does not exist on type 'number'.
ai-platform/web/simplebeacon-dashboard/js/utils/fiction-digest-export.browser.js(419,20): error TS2339: Property 'gate' does not exist on type 'number'.
ai-platform/web/simplebeacon-dashboard/js/utils/fiction-digest-export.browser.js(420,20): error TS2339: Property 'gate' does not exist on type 'number'.
ai-platform/web/simplebeacon-dashboard/js/utils/fiction-digest-export.browser.js(430,32): error TS2339: Property 'scanScope' does not exist on type 'number'.
ai-platform/web/simplebeacon-dashboard/js/utils/fiction-digest-export.browser.js(431,22): error TS2339: Property 'fullDirectoryStats' does not exist on type 'number'.
ai-platform/web/simplebeacon-dashboard/js/utils/fiction-digest-export.browser.js(443,31): error TS2339: Property 'scanScope' does not exist on type 'number'.
ai-platform/web/simplebeacon-dashboard/js/utils/fiction-digest-export.browser.js(447,66): error TS2339: Property 'productionLeakFindings' does not exist on type 'number'.
ai-platform/web/simplebeacon-dashboard/js/utils/fiction-digest-export.browser.js(469,34): error TS2339: Property 'gate' does not exist on type 'number'.
ai-platform/web/simplebeacon-dashboard/js/utils/fiction-digest-export.browser.js(485,31): error TS2339: Property 'scanScope' does not exist on type 'number'.
ai-platform/web/simplebeacon-dashboard/js/utils/fiction-digest-export.browser.js(491,24): error TS2339: Property 'repositoryFilesTotal' does not exist on type 'number'.
ai-platform/web/simplebeacon-dashboard/js/utils/fiction-digest-export.browser.js(498,24): error TS2339: Property 'credentialScanned' does not exist on type 'number'.
ai-platform/web/simplebeacon-dashboard/js/utils/fiction-digest-export.browser.js(521,31): error TS2339: Property 'scanScope' does not exist on type 'number'.
ai-platform/web/simplebeacon-dashboard/js/utils/fiction-digest-export.browser.js(523,71): error TS2339: Property 'sourceCodeFilesScanned' does not exist on type 'number'.
ai-platform/web/simplebeacon-dashboard/js/utils/fiction-digest-export.browser.js(524,37): error TS2339: Property 'jestBaselineChecked' does not exist on type 'number'.
ai-platform/web/simplebeacon-dashboard/js/utils/fiction-digest-export.browser.js(532,29): error TS2339: Property 'gate' does not exist on type 'number'.
ai-platform/web/simplebeacon-dashboard/js/utils/fiction-digest-export.browser.js(533,34): error TS2339: Property 'gate' does not exist on type 'number'.
ai-platform/web/simplebeacon-dashboard/js/utils/fiction-digest-export.browser.js(535,44): error TS2339: Property 'ruleScopedFilesAnalyzed' does not exist on type 'number'.
ai-platform/web/simplebeacon-dashboard/js/utils/fiction-digest-export.browser.js(536,44): error TS2339: Property 'fictionJsonFilesScanned' does not exist on type 'number'.
ai-platform/web/simplebeacon-dashboard/js/utils/fiction-digest-export.browser.js(537,46): error TS2339: Property 'fictionSampleFilesScanned' does not exist on type 'number'.
ai-platform/web/simplebeacon-dashboard/js/utils/fiction-digest-export.browser.js(539,46): error TS2339: Property 'fullDirectoryScan' does not exist on type 'number'.
ai-platform/web/simplebeacon-dashboard/js/utils/fiction-digest-export.browser.js(562,31): error TS2339: Property 'scanScope' does not exist on type 'number'.
ai-platform/web/simplebeacon-dashboard/js/utils/fiction-digest-export.browser.js(568,46): error TS2339: Property 'fullDirectoryScan' does not exist on type 'number'.
ai-platform/web/simplebeacon-dashboard/js/utils/fiction-digest-export.browser.js(596,31): error TS2339: Property 'scanScope' does not exist on type 'number'.
ai-platform/web/simplebeacon-dashboard/js/utils/fiction-digest-export.browser.js(597,37): error TS2339: Property 'fictionJsonFilesScanned' does not exist on type 'number'.
ai-platform/web/simplebeacon-dashboard/js/utils/fiction-digest-export.browser.js(598,71): error TS2339: Property 'sourceCodeFilesScanned' does not exist on type 'number'.
ai-platform/web/simplebeacon-dashboard/js/utils/fiction-digest-export.browser.js(610,37): error TS2339: Property 'mockSampleFiles' does not exist on type 'number'.
ai-platform/web/simplebeacon-dashboard/js/utils/fiction-digest-export.browser.js(611,22): error TS2339: Property 'totalFiles' does not exist on type 'number'.
ai-platform/web/simplebeacon-dashboard/js/utils/fiction-digest-export.browser.js(614,40): error TS2339: Property 'fictionSampleFilesScanned' does not exist on type 'number'.
ai-platform/web/simplebeacon-dashboard/js/utils/fiction-digest-export.browser.js(623,36): error TS2339: Property 'ruleScopedFilesAnalyzed' does not exist on type 'number'.
ai-platform/web/simplebeacon-dashboard/js/utils/fiction-digest-export.browser.js(624,21): error TS2339: Property 'fullDirectoryScan' does not exist on type 'number'.
ai-platform/web/simplebeacon-dashboard/js/utils/fiction-digest-export.browser.js(629,21): error TS2339: Property 'gate' does not exist on type 'number'.
ai-platform/web/simplebeacon-dashboard/js/utils/fiction-digest-export.browser.js(633,28): error TS2339: Property 'gate' does not exist on type 'number'.
ai-platform/web/simplebeacon-dashboard/js/utils/fiction-digest-export.browser.js(635,28): error TS2339: Property 'gate' does not exist on type 'number'.
ai-platform/web/simplebeacon-dashboard/js/utils/fiction-digest-export.browser.js(636,35): error TS2339: Property 'gate' does not exist on type 'number'.
ai-platform/web/simplebeacon-dashboard/js/utils/fiction-digest-export.browser.js(643,48): error TS2339: Property 'scanScope' does not exist on type 'number'.
ai-platform/web/simplebeacon-dashboard/js/utils/fiction-digest-export.browser.js(667,37): error TS2339: Property 'type' does not exist on type 'number'.
ai-platform/web/simplebeacon-dashboard/js/utils/fiction-digest-export.browser.js(668,11): error TS2339: Property 'gateAttestation' does not exist on type 'Number'.
ai-platform/web/simplebeacon-dashboard/js/utils/fiction-digest-export.browser.js(668,49): error TS2700: Rest types may only be created from object types.
ai-platform/web/simplebeacon-dashboard/js/utils/fiction-digest-export.browser.js(669,52): error TS2339: Property 'fullDirectoryScan' does not exist on type 'number'.
ai-platform/web/simplebeacon-dashboard/js/utils/fiction-digest-export.browser.js(669,86): error TS2339: Property 'scanScope' does not exist on type 'number'.
ai-platform/web/simplebeacon-dashboard/js/utils/fiction-digest-export.browser.js(672,21): error TS2339: Property 'scanScope' does not exist on type 'number'.
ai-platform/web/simplebeacon-dashboard/js/utils/fiction-digest-export.browser.js(673,36): error TS2339: Property 'scanScope' does not exist on type 'number'.
ai-platform/web/simplebeacon-dashboard/js/utils/fiction-digest-export.browser.js(684,24): error TS2339: Property 'scanScope' does not exist on type 'number'.
ai-platform/web/simplebeacon-dashboard/js/utils/fiction-digest-export.browser.js(685,38): error TS2339: Property 'scanScope' does not exist on type 'number'.
ai-platform/web/simplebeacon-dashboard/js/utils/fiction-digest-export.browser.js(689,32): error TS2339: Property 'scanScope' does not exist on type 'number'.
ai-platform/web/simplebeacon-dashboard/js/utils/fiction-digest-export.browser.js(692,25): error TS2339: Property 'scanScope' does not exist on type 'number'.
ai-platform/web/simplebeacon-dashboard/js/utils/fiction-digest-export.browser.js(710,36): error TS2339: Property 'ruleScopedFilesAnalyzed' does not exist on type 'number'.
ai-platform/web/simplebeacon-dashboard/js/utils/fiction-digest-export.browser.js(710,77): error TS2339: Property 'scanScope' does not exist on type 'number'.
ai-platform/web/simplebeacon-dashboard/js/utils/fiction-digest-export.browser.js(711,21): error TS2339: Property 'gate' does not exist on type 'number'.
ai-platform/web/simplebeacon-dashboard/js/utils/fiction-digest-export.browser.js(722,25): error TS2339: Property 'type' does not exist on type 'number'.
ai-platform/web/simplebeacon-dashboard/js/utils/fiction-digest-export.browser.js(723,36): error TS2339: Property 'projectRoot' does not exist on type 'number'.
ai-platform/web/simplebeacon-dashboard/js/utils/fiction-digest-export.browser.js(725,31): error TS2339: Property 'rawIssues' does not exist on type 'number'.
ai-platform/web/simplebeacon-dashboard/js/utils/fiction-digest-export.browser.js(725,58): error TS2339: Property 'rawIssues' does not exist on type 'number'.
ai-platform/web/simplebeacon-dashboard/js/utils/fiction-digest-export.browser.js(725,78): error TS2339: Property 'detectedIssues' does not exist on type 'number'.
ai-platform/web/simplebeacon-dashboard/js/utils/fiction-digest-export.browser.js(744,29): error TS2339: Property 'gate' does not exist on type 'number'.
ai-platform/web/simplebeacon-dashboard/js/utils/fiction-digest-export.browser.js(744,44): error TS2339: Property 'scanScope' does not exist on type 'number'.
ai-platform/web/simplebeacon-dashboard/js/utils/fiction-digest-export.browser.js(751,29): error TS2339: Property 'ruleScopedFilesAnalyzed' does not exist on type 'number'.
ai-platform/web/simplebeacon-dashboard/js/utils/fiction-digest-export.browser.js(751,63): error TS2339: Property 'scanScope' does not exist on type 'number'.
ai-platform/web/simplebeacon-dashboard/js/utils/fiction-digest-export.browser.js(754,46): error TS2339: Property 'fullDirectoryScan' does not exist on type 'number'.
ai-platform/web/simplebeacon-dashboard/js/utils/fiction-digest-export.browser.js(754,74): error TS2339: Property 'scanScope' does not exist on type 'number'.
ai-platform/web/simplebeacon-dashboard/js/utils/fiction-digest-export.browser.js(770,21): error TS2339: Property 'scanScope' does not exist on type 'number'.
ai-platform/web/simplebeacon-dashboard/js/utils/fiction-digest-export.browser.js(775,47): error TS2339: Property 'scanScope' does not exist on type 'number'.
ai-platform/web/simplebeacon-dashboard/js/utils/fiction-digest-export.browser.js(778,16): error TS2339: Property 'scanScope' does not exist on type 'number'.
ai-platform/web/simplebeacon-dashboard/js/utils/npm-audit-export.browser.js(5,44): error TS2307: Cannot find module './quality-export.browser.js?v=20260531qualityexport8' or its corresponding type declarations.
ai-platform/web/simplebeacon-dashboard/js/utils/npm-audit-export.browser.js(153,45): error TS2322: Type '{}' is not assignable to type 'string'.
ai-platform/web/simplebeacon-dashboard/js/utils/npm-audit-export.browser.js(168,32): error TS2339: Property 'supplyChainStatus' does not exist on type 'string'.
ai-platform/web/simplebeacon-dashboard/js/utils/npm-audit-export.browser.js(169,31): error TS2339: Property 'packageJsonPath' does not exist on type 'string'.
ai-platform/web/simplebeacon-dashboard/js/utils/npm-audit-export.browser.js(214,42): error TS2322: Type '{}' is not assignable to type 'string'.
ai-platform/web/simplebeacon-dashboard/js/utils/npm-audit-export.browser.js(215,11): error TS2339: Property 'benchmarkScan' does not exist on type 'String'.
ai-platform/web/simplebeacon-dashboard/js/utils/npm-audit-export.browser.js(215,26): error TS2339: Property 'skipped' does not exist on type 'String'.
ai-platform/web/simplebeacon-dashboard/js/utils/npm-audit-export.browser.js(215,35): error TS2339: Property 'supplyChainStatus' does not exist on type 'String'.
ai-platform/web/simplebeacon-dashboard/js/utils/npm-audit-export.browser.js(215,54): error TS2339: Property 'deps' does not exist on type 'String'.
ai-platform/web/simplebeacon-dashboard/js/utils/npm-audit-export.browser.js(215,60): error TS2339: Property 'summary' does not exist on type 'String'.
ai-platform/web/simplebeacon-dashboard/js/utils/npm-audit-export.browser.js(217,25): error TS2339: Property 'gateReport' does not exist on type 'string'.
ai-platform/web/simplebeacon-dashboard/js/utils/npm-audit-export.browser.js(218,35): error TS2339: Property 'repositoryFilesTotal' does not exist on type 'string'.
ai-platform/web/simplebeacon-dashboard/js/utils/npm-audit-export.browser.js(228,24): error TS2339: Property 'scopeNote' does not exist on type 'string'.
ai-platform/web/simplebeacon-dashboard/js/utils/npm-audit-export.browser.js(369,56): error TS2345: Argument of type '{ benchmarkScan: any; skipped: boolean; supplyChainStatus: any; scopeNote: any; gateReport: any; repositoryFilesTotal: any; }' is not assignable to parameter of type 'string'.
ai-platform/web/simplebeacon-dashboard/js/utils/npm-audit-export.browser.js(391,54): error TS2345: Argument of type '{ benchmarkScan: any; skipped: boolean; supplyChainStatus: any; deps: any; summary: any; gateReport: any; repositoryFilesTotal: any; }' is not assignable to parameter of type 'string'.
ai-platform/web/simplebeacon-dashboard/js/utils/npm-audit-export.browser.js(399,61): error TS2345: Argument of type '{ supplyChainStatus: any; packageJsonPath: any; gateReport: any; repositoryFilesTotal: any; }' is not assignable to parameter of type 'string'.
ai-platform/web/simplebeacon-dashboard/js/utils/page-export.browser.js(6,33): error TS2307: Cannot find module '../services/platformService.js?v=20260531pageexport1' or its corresponding type declarations.
ai-platform/web/simplebeacon-dashboard/js/utils/page-export.browser.js(14,73): error TS2307: Cannot find module '../data/outreach-prospects.js?v=20260531pageexport1' or its corresponding type declarations.
ai-platform/web/simplebeacon-dashboard/js/utils/page-export.browser.js(43,17): error TS8024: JSDoc '@param' tag has name 'label', but there is no parameter with that name.
ai-platform/web/simplebeacon-dashboard/js/utils/page-export.browser.js(86,25): error TS2339: Property 'generatedAt' does not exist on type 'number'.
ai-platform/web/simplebeacon-dashboard/js/utils/page-export.browser.js(87,22): error TS2339: Property 'gate' does not exist on type 'number'.
ai-platform/web/simplebeacon-dashboard/js/utils/page-export.browser.js(88,24): error TS2339: Property 'issueCount' does not exist on type 'number'.
ai-platform/web/simplebeacon-dashboard/js/utils/page-export.browser.js(89,26): error TS2339: Property 'qualityScore' does not exist on type 'number'.
ai-platform/web/simplebeacon-dashboard/js/utils/page-export.browser.js(90,30): error TS2339: Property 'schemaCompliance' does not exist on type 'number'.
ai-platform/web/simplebeacon-dashboard/js/utils/page-export.browser.js(91,30): error TS2339: Property 'consistencyScore' does not exist on type 'number'.
ai-platform/web/simplebeacon-dashboard/js/utils/page-export.browser.js(92,32): error TS2339: Property 'credentialFindings' does not exist on type 'number'.
ai-platform/web/simplebeacon-dashboard/js/utils/page-export.browser.js(93,36): error TS2339: Property 'productionLeakFindings' does not exist on type 'number'.
ai-platform/web/simplebeacon-dashboard/js/utils/page-export.browser.js(125,16): error TS2554: Expected 3 arguments, but got 2.
ai-platform/web/simplebeacon-dashboard/js/utils/page-export.browser.js(127,56): error TS2339: Property 'totalFiles' does not exist on type 'number'.
ai-platform/web/simplebeacon-dashboard/js/utils/platform-export.browser.js(6,50): error TS2307: Cannot find module './simplebeacon-report-export.browser.js?v=20260601gateexport17' or its corresponding type declarations.
ai-platform/web/simplebeacon-dashboard/js/utils/platform-export.browser.js(15,8): error TS2307: Cannot find module './quality-export.browser.js?v=20260531qualityexport8' or its corresponding type declarations.
ai-platform/web/simplebeacon-dashboard/js/utils/platform-export.browser.js(80,25): error TS2554: Expected 3 arguments, but got 2.
ai-platform/web/simplebeacon-dashboard/js/utils/platform-export.browser.js(99,31): error TS2339: Property 'projectRoot' does not exist on type 'number'.
ai-platform/web/simplebeacon-dashboard/js/utils/platform-export.browser.js(100,26): error TS2339: Property 'benchmarkScan' does not exist on type 'number'.
ai-platform/web/simplebeacon-dashboard/js/utils/platform-export.browser.js(100,51): error TS2339: Property 'scanTargetProfile' does not exist on type 'number'.
ai-platform/web/simplebeacon-dashboard/js/utils/platform-export.browser.js(145,31): error TS2339: Property 'pageSampleSchemaChecked' does not exist on type 'number'.
ai-platform/web/simplebeacon-dashboard/js/utils/platform-export.browser.js(146,17): error TS2339: Property 'pageSampleSchemaPassed' does not exist on type 'number'.
ai-platform/web/simplebeacon-dashboard/js/utils/platform-export.browser.js(146,55): error TS2339: Property 'pageSampleSchemaChecked' does not exist on type 'number'.
ai-platform/web/simplebeacon-dashboard/js/utils/platform-export.browser.js(165,31): error TS2339: Property 'pageSampleSchemaChecked' does not exist on type 'number'.
ai-platform/web/simplebeacon-dashboard/js/utils/platform-export.browser.js(166,17): error TS2339: Property 'pageSampleSchemaPassed' does not exist on type 'number'.
ai-platform/web/simplebeacon-dashboard/js/utils/platform-export.browser.js(166,55): error TS2339: Property 'pageSampleSchemaChecked' does not exist on type 'number'.
ai-platform/web/simplebeacon-dashboard/js/utils/platform-export.browser.js(188,25): error TS2339: Property 'projectRoot' does not exist on type 'number'.
ai-platform/web/simplebeacon-dashboard/js/utils/platform-export.browser.js(188,47): error TS2339: Property 'platformRoot' does not exist on type 'number'.
ai-platform/web/simplebeacon-dashboard/js/utils/platform-export.browser.js(225,53): error TS2322: Type '{}' is not assignable to type 'string'.
ai-platform/web/simplebeacon-dashboard/js/utils/platform-export.browser.js(231,29): error TS2339: Property 'repositoryFilesTotal' does not exist on type 'string'.
ai-platform/web/simplebeacon-dashboard/js/utils/platform-export.browser.js(232,34): error TS2339: Property 'pageSpecsLabel' does not exist on type 'string'.
ai-platform/web/simplebeacon-dashboard/js/utils/platform-export.browser.js(240,33): error TS2339: Property 'benchmarkScan' does not exist on type 'string'.
ai-platform/web/simplebeacon-dashboard/js/utils/platform-export.browser.js(270,43): error TS2322: Type '{}' is not assignable to type 'string'.
ai-platform/web/simplebeacon-dashboard/js/utils/platform-export.browser.js(273,34): error TS2339: Property 'pageSpecsLabel' does not exist on type 'string'.
ai-platform/web/simplebeacon-dashboard/js/utils/platform-export.browser.js(314,28): error TS2339: Property 'mockSampleFiles' does not exist on type 'number'.
ai-platform/web/simplebeacon-dashboard/js/utils/platform-export.browser.js(314,55): error TS2339: Property 'totalFiles' does not exist on type 'number'.
ai-platform/web/simplebeacon-dashboard/js/utils/platform-export.browser.js(315,27): error TS2339: Property 'qualityScore' does not exist on type 'number'.
ai-platform/web/simplebeacon-dashboard/js/utils/platform-export.browser.js(316,29): error TS2339: Property 'schemaCompliance' does not exist on type 'number'.
ai-platform/web/simplebeacon-dashboard/js/utils/platform-export.browser.js(317,28): error TS2339: Property 'issueCount' does not exist on type 'number'.
ai-platform/web/simplebeacon-dashboard/js/utils/platform-export.browser.js(321,30): error TS2339: Property 'mockSampleFiles' does not exist on type 'number'.
ai-platform/web/simplebeacon-dashboard/js/utils/platform-export.browser.js(321,57): error TS2339: Property 'totalFiles' does not exist on type 'number'.
ai-platform/web/simplebeacon-dashboard/js/utils/platform-export.browser.js(335,37): error TS2339: Property 'jestTests' does not exist on type 'any[]'.
ai-platform/web/simplebeacon-dashboard/js/utils/platform-export.browser.js(335,87): error TS2339: Property 'jestTests' does not exist on type 'any[]'.
ai-platform/web/simplebeacon-dashboard/js/utils/platform-export.browser.js(339,24): error TS2339: Property 'sampleJsonFiles' does not exist on type 'any[]'.
ai-platform/web/simplebeacon-dashboard/js/utils/platform-export.browser.js(343,24): error TS2339: Property 'mockScanFiles' does not exist on type 'any[]'.
ai-platform/web/simplebeacon-dashboard/js/utils/platform-export.browser.js(347,24): error TS2339: Property 'schemaPassRate' does not exist on type 'any[]'.
ai-platform/web/simplebeacon-dashboard/js/utils/platform-export.browser.js(351,24): error TS2339: Property 'securityScore' does not exist on type 'any[]'.
ai-platform/web/simplebeacon-dashboard/js/utils/platform-export.browser.js(384,20): error TS8024: JSDoc '@param' tag has name 'report', but there is no parameter with that name.
ai-platform/web/simplebeacon-dashboard/js/utils/platform-export.browser.js(385,17): error TS8024: JSDoc '@param' tag has name 'baseline', but there is no parameter with that name.
ai-platform/web/simplebeacon-dashboard/js/utils/platform-export.browser.js(386,17): error TS8024: JSDoc '@param' tag has name 'coverage', but there is no parameter with that name.
ai-platform/web/simplebeacon-dashboard/js/utils/platform-export.browser.js(387,17): error TS8024: JSDoc '@param' tag has name 'security', but there is no parameter with that name.
ai-platform/web/simplebeacon-dashboard/js/utils/platform-export.browser.js(388,17): error TS8024: JSDoc '@param' tag has name 'quality', but there is no parameter with that name.
ai-platform/web/simplebeacon-dashboard/js/utils/platform-export.browser.js(405,3): error TS2339: Property 'dashboardHome' does not exist on type '{}'.
ai-platform/web/simplebeacon-dashboard/js/utils/platform-export.browser.js(406,3): error TS2339: Property 'report' does not exist on type '{}'.
ai-platform/web/simplebeacon-dashboard/js/utils/platform-export.browser.js(407,3): error TS2339: Property 'baseline' does not exist on type '{}'.
ai-platform/web/simplebeacon-dashboard/js/utils/platform-export.browser.js(408,3): error TS2339: Property 'config' does not exist on type '{}'.
ai-platform/web/simplebeacon-dashboard/js/utils/platform-export.browser.js(409,3): error TS2339: Property 'coverage' does not exist on type '{}'.
ai-platform/web/simplebeacon-dashboard/js/utils/platform-export.browser.js(410,3): error TS2339: Property 'security' does not exist on type '{}'.
ai-platform/web/simplebeacon-dashboard/js/utils/platform-export.browser.js(411,3): error TS2339: Property 'quality' does not exist on type '{}'.
ai-platform/web/simplebeacon-dashboard/js/utils/platform-export.browser.js(412,3): error TS2339: Property 'exportFilename' does not exist on type '{}'.
ai-platform/web/simplebeacon-dashboard/js/utils/platform-export.browser.js(427,25): error TS2554: Expected 3 arguments, but got 2.
ai-platform/web/simplebeacon-dashboard/js/utils/platform-export.browser.js(504,63): error TS2345: Argument of type '{ benchmarkScan: any; repositoryFilesTotal: any; pageSpecsLabel: any; }' is not assignable to parameter of type 'string'.
ai-platform/web/simplebeacon-dashboard/js/utils/platform-export.browser.js(509,48): error TS2345: Argument of type '{ pageSpecsLabel: any; }' is not assignable to parameter of type 'string'.
ai-platform/web/simplebeacon-dashboard/js/utils/platform-export.browser.js(630,19): error TS8024: JSDoc '@param' tag has name 'comparativeRows', but there is no parameter with that name.
ai-platform/web/simplebeacon-dashboard/js/utils/platform-export.browser.js(631,17): error TS8024: JSDoc '@param' tag has name 'mockDataCategories', but there is no parameter with that name.
ai-platform/web/simplebeacon-dashboard/js/utils/quality-export.browser.js(9,40): error TS2307: Cannot find module './npm-audit-export.browser.js?v=20260601npmaudit5' or its corresponding type declarations.
ai-platform/web/simplebeacon-dashboard/js/utils/quality-export.browser.js(390,29): error TS2339: Property 'pageSampleSchemaChecked' does not exist on type 'number'.
ai-platform/web/simplebeacon-dashboard/js/utils/quality-export.browser.js(392,17): error TS2339: Property 'pageSampleSchemaPassed' does not exist on type 'number'.
ai-platform/web/simplebeacon-dashboard/js/utils/quality-export.browser.js(392,55): error TS2339: Property 'pageSampleSchemaChecked' does not exist on type 'number'.
ai-platform/web/simplebeacon-dashboard/js/utils/quality-export.browser.js(496,17): error TS8024: JSDoc '@param' tag has name 'security', but there is no parameter with that name.
ai-platform/web/simplebeacon-dashboard/js/utils/quality-export.browser.js(497,17): error TS8024: JSDoc '@param' tag has name 'quality', but there is no parameter with that name.
ai-platform/web/simplebeacon-dashboard/js/utils/quality-export.browser.js(498,17): error TS8024: JSDoc '@param' tag has name 'npmAudit', but there is no parameter with that name.
ai-platform/web/simplebeacon-dashboard/js/utils/quality-export.browser.js(522,17): error TS8024: JSDoc '@param' tag has name 'security', but there is no parameter with that name.
ai-platform/web/simplebeacon-dashboard/js/utils/quality-export.browser.js(523,17): error TS8024: JSDoc '@param' tag has name 'quality', but there is no parameter with that name.
ai-platform/web/simplebeacon-dashboard/js/utils/quality-export.browser.js(524,17): error TS8024: JSDoc '@param' tag has name 'npmAudit', but there is no parameter with that name.
ai-platform/web/simplebeacon-dashboard/js/utils/quality-export.browser.js(525,20): error TS8024: JSDoc '@param' tag has name 'report', but there is no parameter with that name.
ai-platform/web/simplebeacon-dashboard/js/utils/quality-export.browser.js(815,17): error TS8024: JSDoc '@param' tag has name 'npmAudit', but there is no parameter with that name.
ai-platform/web/simplebeacon-dashboard/js/utils/repository-health-export.browser.js(5,75): error TS2307: Cannot find module './quality-export.browser.js?v=20260531qualityexport8' or its corresponding type declarations.
ai-platform/web/simplebeacon-dashboard/js/utils/repository-health-export.browser.js(105,17): error TS8024: JSDoc '@param' tag has name 'preview', but there is no parameter with that name.
ai-platform/web/simplebeacon-dashboard/js/utils/repository-health-export.browser.js(242,17): error TS8024: JSDoc '@param' tag has name 'preview', but there is no parameter with that name.
ai-platform/web/simplebeacon-dashboard/js/utils/repository-health-export.browser.js(243,20): error TS8024: JSDoc '@param' tag has name 'candidatesScope', but there is no parameter with that name.
ai-platform/web/simplebeacon-dashboard/js/utils/repository-health-export.browser.js(273,20): error TS8024: JSDoc '@param' tag has name 'candidatesScope', but there is no parameter with that name.
ai-platform/web/simplebeacon-dashboard/js/utils/repository-health-export.browser.js(274,17): error TS8024: JSDoc '@param' tag has name 'preview', but there is no parameter with that name.
ai-platform/web/simplebeacon-dashboard/js/utils/repository-health-export.browser.js(334,3): error TS2339: Property 'health' does not exist on type '{}'.
ai-platform/web/simplebeacon-dashboard/js/utils/repository-health-export.browser.js(335,3): error TS2339: Property 'candidates' does not exist on type '{}'.
ai-platform/web/simplebeacon-dashboard/js/utils/repository-health-export.browser.js(336,3): error TS2339: Property 'preview' does not exist on type '{}'.
ai-platform/web/simplebeacon-dashboard/js/utils/repository-health-export.browser.js(337,3): error TS2339: Property 'candidatesProjectPath' does not exist on type '{}'.
ai-platform/web/simplebeacon-dashboard/js/utils/repository-health-export.browser.js(338,3): error TS2339: Property 'candidatesScope' does not exist on type '{}'.
ai-platform/web/simplebeacon-dashboard/js/utils/repository-health-export.browser.js(448,19): error TS8024: JSDoc '@param' tag has name 'recommendations', but there is no parameter with that name.
ai-platform/web/simplebeacon-dashboard/js/utils/repository-health-export.browser.js(449,17): error TS8024: JSDoc '@param' tag has name 'platform', but there is no parameter with that name.
ai-platform/web/simplebeacon-dashboard/js/utils/repository-health-export.browser.js(450,17): error TS8024: JSDoc '@param' tag has name 'monorepo', but there is no parameter with that name.
ai-platform/web/simplebeacon-dashboard/js/utils/roadmap-export.browser.js(5,44): error TS2307: Cannot find module './quality-export.browser.js?v=20260531qualityexport8' or its corresponding type declarations.
ai-platform/web/simplebeacon-dashboard/js/utils/roadmap-export.browser.js(176,23): error TS2339: Property 'totalLinesOfCode' does not exist on type 'any[]'.
ai-platform/web/simplebeacon-dashboard/js/utils/roadmap-export.browser.js(177,23): error TS2339: Property 'testCoverage' does not exist on type 'any[]'.
ai-platform/web/simplebeacon-dashboard/js/utils/roadmap-export.browser.js(178,24): error TS2339: Property 'documentation' does not exist on type 'any[]'.
ai-platform/web/simplebeacon-dashboard/js/utils/roadmap-export.browser.js(261,40): error TS2740: Type '{}' is missing the following properties from type 'any[]': length, pop, push, concat, and 29 more.
ai-platform/web/simplebeacon-dashboard/js/utils/roadmap-export.browser.js(262,15): error TS2339: Property 'testCoverage' does not exist on type 'any[]'.
ai-platform/web/simplebeacon-dashboard/js/utils/roadmap-export.browser.js(262,47): error TS2339: Property 'lineCoverage' does not exist on type 'any[]'.
ai-platform/web/simplebeacon-dashboard/js/utils/roadmap-export.browser.js(263,18): error TS2339: Property 'jestTests' does not exist on type 'any[]'.
ai-platform/web/simplebeacon-dashboard/js/utils/roadmap-export.browser.js(263,47): error TS2339: Property 'jestSuites' does not exist on type 'any[]'.
ai-platform/web/simplebeacon-dashboard/js/utils/roadmap-export.browser.js(312,44): error TS2339: Property 'repositoryFilesTotal' does not exist on type 'number'.
ai-platform/web/simplebeacon-dashboard/js/utils/roadmap-export.browser.js(313,20): error TS2339: Property 'repositoryInventory' does not exist on type 'number'.
ai-platform/web/simplebeacon-dashboard/js/utils/roadmap-export.browser.js(316,41): error TS2339: Property 'credentialScanned' does not exist on type 'number'.
ai-platform/web/simplebeacon-dashboard/js/utils/roadmap-export.browser.js(317,20): error TS2339: Property 'productionLeakScanned' does not exist on type 'number'.
ai-platform/web/simplebeacon-dashboard/js/utils/roadmap-export.browser.js(318,20): error TS2339: Property 'scanScope' does not exist on type 'number'.
ai-platform/web/simplebeacon-dashboard/js/utils/roadmap-export.browser.js(403,23): error TS2339: Property 'sourceMetrics' does not exist on type 'any[]'.
ai-platform/web/simplebeacon-dashboard/js/utils/roadmap-export.browser.js(406,14): error TS2339: Property 'executiveSummary' does not exist on type 'any[]'.
ai-platform/web/simplebeacon-dashboard/js/utils/roadmap-export.browser.js(407,14): error TS2339: Property 'llmSummary' does not exist on type 'any[]'.
ai-platform/web/simplebeacon-dashboard/js/utils/roadmap-export.browser.js(408,14): error TS2339: Property 'complianceNarrative' does not exist on type 'any[]'.
ai-platform/web/simplebeacon-dashboard/js/utils/roadmap-export.browser.js(409,18): error TS2339: Property 'riskAssessment' does not exist on type 'any[]'.
ai-platform/web/simplebeacon-dashboard/js/utils/roadmap-export.browser.js(426,12): error TS2339: Property 'sourceMetrics' does not exist on type '{ [n: number]: any; length: number; toString(): string; toLocaleString(): string; toLocaleString(locales: string | string[], options?: NumberFormatOptions & DateTimeFormatOptions): string; ... 31 more ...; [Symbol.unscopables]: { ...; }; }'.
ai-platform/web/simplebeacon-dashboard/js/utils/roadmap-export.browser.js(427,10): error TS2339: Property 'sourceMetrics' does not exist on type '{ [n: number]: any; length: number; toString(): string; toLocaleString(): string; toLocaleString(locales: string | string[], options?: NumberFormatOptions & DateTimeFormatOptions): string; ... 31 more ...; [Symbol.unscopables]: { ...; }; }'.
ai-platform/web/simplebeacon-dashboard/js/utils/roadmap-export.browser.js(428,15): error TS2339: Property 'sourceMetrics' does not exist on type '{ [n: number]: any; length: number; toString(): string; toLocaleString(): string; toLocaleString(locales: string | string[], options?: NumberFormatOptions & DateTimeFormatOptions): string; ... 31 more ...; [Symbol.unscopables]: { ...; }; }'.
ai-platform/web/simplebeacon-dashboard/js/utils/roadmap-export.browser.js(441,12): error TS2339: Property 'riskAssessment' does not exist on type '{ [n: number]: any; length: number; toString(): string; toLocaleString(): string; toLocaleString(locales: string | string[], options?: NumberFormatOptions & DateTimeFormatOptions): string; ... 31 more ...; [Symbol.unscopables]: { ...; }; }'.
ai-platform/web/simplebeacon-dashboard/js/utils/roadmap-export.browser.js(442,10): error TS2339: Property 'riskAssessment' does not exist on type '{ [n: number]: any; length: number; toString(): string; toLocaleString(): string; toLocaleString(locales: string | string[], options?: NumberFormatOptions & DateTimeFormatOptions): string; ... 31 more ...; [Symbol.unscopables]: { ...; }; }'.
ai-platform/web/simplebeacon-dashboard/js/utils/roadmap-export.browser.js(443,15): error TS2339: Property 'riskAssessment' does not exist on type '{ [n: number]: any; length: number; toString(): string; toLocaleString(): string; toLocaleString(locales: string | string[], options?: NumberFormatOptions & DateTimeFormatOptions): string; ... 31 more ...; [Symbol.unscopables]: { ...; }; }'.
ai-platform/web/simplebeacon-dashboard/js/utils/roadmap-export.browser.js(444,25): error TS2339: Property 'riskAssessment' does not exist on type '{ [n: number]: any; length: number; toString(): string; toLocaleString(): string; toLocaleString(locales: string | string[], options?: NumberFormatOptions & DateTimeFormatOptions): string; ... 31 more ...; [Symbol.unscopables]: { ...; }; }'.
ai-platform/web/simplebeacon-dashboard/js/utils/roadmap-export.browser.js(456,26): error TS2339: Property 'recommendations' does not exist on type '{ [n: number]: any; length: number; toString(): string; toLocaleString(): string; toLocaleString(locales: string | string[], options?: NumberFormatOptions & DateTimeFormatOptions): string; ... 31 more ...; [Symbol.unscopables]: { ...; }; }'.
ai-platform/web/simplebeacon-dashboard/js/utils/roadmap-export.browser.js(457,10): error TS2339: Property 'recommendations' does not exist on type '{ [n: number]: any; length: number; toString(): string; toLocaleString(): string; toLocaleString(locales: string | string[], options?: NumberFormatOptions & DateTimeFormatOptions): string; ... 31 more ...; [Symbol.unscopables]: { ...; }; }'.
ai-platform/web/simplebeacon-dashboard/js/utils/roadmap-export.browser.js(457,33): error TS2339: Property 'recommendations' does not exist on type '{ [n: number]: any; length: number; toString(): string; toLocaleString(): string; toLocaleString(locales: string | string[], options?: NumberFormatOptions & DateTimeFormatOptions): string; ... 31 more ...; [Symbol.unscopables]: { ...; }; }'.
ai-platform/web/simplebeacon-dashboard/js/utils/roadmap-export.browser.js(464,8): error TS2339: Property 'llmAdvisoryOnly' does not exist on type '{ [n: number]: any; length: number; toString(): string; toLocaleString(): string; toLocaleString(locales: string | string[], options?: NumberFormatOptions & DateTimeFormatOptions): string; ... 31 more ...; [Symbol.unscopables]: { ...; }; }'.
ai-platform/web/simplebeacon-dashboard/js/utils/roadmap-export.browser.js(465,34): error TS2339: Property 'llmDisclaimer' does not exist on type '{ [n: number]: any; length: number; toString(): string; toLocaleString(): string; toLocaleString(locales: string | string[], options?: NumberFormatOptions & DateTimeFormatOptions): string; ... 31 more ...; [Symbol.unscopables]: { ...; }; }'.
ai-platform/web/simplebeacon-dashboard/js/utils/roadmap-export.browser.js(466,8): error TS2339: Property 'llmDisclaimer' does not exist on type '{ [n: number]: any; length: number; toString(): string; toLocaleString(): string; toLocaleString(locales: string | string[], options?: NumberFormatOptions & DateTimeFormatOptions): string; ... 31 more ...; [Symbol.unscopables]: { ...; }; }'.
ai-platform/web/simplebeacon-dashboard/js/utils/roadmap-export.browser.js(522,53): error TS2322: Type '{}' is not assignable to type 'string'.
ai-platform/web/simplebeacon-dashboard/js/utils/roadmap-export.browser.js(529,11): error TS2339: Property 'repositoryFilesTotal' does not exist on type 'String'.
ai-platform/web/simplebeacon-dashboard/js/utils/roadmap-export.browser.js(529,44): error TS2339: Property 'credentialScanned' does not exist on type 'String'.
ai-platform/web/simplebeacon-dashboard/js/utils/roadmap-export.browser.js(529,63): error TS2339: Property 'contentScanned' does not exist on type 'String'.
ai-platform/web/simplebeacon-dashboard/js/utils/roadmap-export.browser.js(529,79): error TS2339: Property 'gateProfile' does not exist on type 'String'.
ai-platform/web/simplebeacon-dashboard/js/utils/roadmap-export.browser.js(530,5): error TS2339: Property 'fictionJsonFilesScanned' does not exist on type 'String'.
ai-platform/web/simplebeacon-dashboard/js/utils/roadmap-export.browser.js(530,30): error TS2339: Property 'fictionSampleFilesScanned' does not exist on type 'String'.
ai-platform/web/simplebeacon-dashboard/js/utils/roadmap-export.browser.js(530,57): error TS2339: Property 'gatePass' does not exist on type 'String'.
ai-platform/web/simplebeacon-dashboard/js/utils/roadmap-export.browser.js(530,67): error TS2339: Property 'blockingCount' does not exist on type 'String'.
ai-platform/web/simplebeacon-dashboard/js/utils/roadmap-export.browser.js(530,82): error TS2339: Property 'jestBaselineChecked' does not exist on type 'String'.
ai-platform/web/simplebeacon-dashboard/js/utils/roadmap-export.browser.js(564,59): error TS2322: Type '{}' is not assignable to type 'string'.
ai-platform/web/simplebeacon-dashboard/js/utils/roadmap-export.browser.js(565,11): error TS2339: Property 'repositoryFilesTotal' does not exist on type 'String'.
ai-platform/web/simplebeacon-dashboard/js/utils/roadmap-export.browser.js(565,44): error TS2339: Property 'gateProfile' does not exist on type 'String'.
ai-platform/web/simplebeacon-dashboard/js/utils/roadmap-export.browser.js(591,38): error TS2339: Property 'features' does not exist on type 'any[]'.
ai-platform/web/simplebeacon-dashboard/js/utils/roadmap-export.browser.js(620,50): error TS2322: Type '{}' is not assignable to type 'string'.
ai-platform/web/simplebeacon-dashboard/js/utils/roadmap-export.browser.js(634,29): error TS2339: Property 'repositoryFilesTotal' does not exist on type 'string'.
ai-platform/web/simplebeacon-dashboard/js/utils/roadmap-export.browser.js(636,37): error TS2339: Property 'credentialScanned' does not exist on type 'string'.
ai-platform/web/simplebeacon-dashboard/js/utils/roadmap-export.browser.js(637,31): error TS2339: Property 'gateProfile' does not exist on type 'string'.
ai-platform/web/simplebeacon-dashboard/js/utils/roadmap-export.browser.js(638,43): error TS2339: Property 'fictionJsonFilesScanned' does not exist on type 'string'.
ai-platform/web/simplebeacon-dashboard/js/utils/roadmap-export.browser.js(639,45): error TS2339: Property 'fictionSampleFilesScanned' does not exist on type 'string'.
ai-platform/web/simplebeacon-dashboard/js/utils/roadmap-export.browser.js(640,28): error TS2339: Property 'gatePass' does not exist on type 'string'.
ai-platform/web/simplebeacon-dashboard/js/utils/roadmap-export.browser.js(641,33): error TS2339: Property 'blockingCount' does not exist on type 'string'.
ai-platform/web/simplebeacon-dashboard/js/utils/roadmap-export.browser.js(642,39): error TS2339: Property 'jestBaselineChecked' does not exist on type 'string'.
ai-platform/web/simplebeacon-dashboard/js/utils/roadmap-export.browser.js(818,40): error TS2339: Property 'totalFiles' does not exist on type 'string'.
ai-platform/web/simplebeacon-dashboard/js/utils/roadmap-export.browser.js(819,40): error TS2339: Property 'totalFiles' does not exist on type 'string'.
ai-platform/web/simplebeacon-dashboard/js/utils/roadmap-export.browser.js(820,75): error TS2339: Property 'totalFiles' does not exist on type 'string'.
ai-platform/web/simplebeacon-dashboard/js/utils/roadmap-export.browser.js(822,5): error TS2698: Spread types may only be created from object types.
ai-platform/web/simplebeacon-dashboard/js/utils/roadmap-export.browser.js(823,27): error TS2339: Property 'totalFiles' does not exist on type 'string'.
ai-platform/web/simplebeacon-dashboard/js/utils/roadmap-export.browser.js(839,31): error TS2339: Property 'languages' does not exist on type 'string'.
ai-platform/web/simplebeacon-dashboard/js/utils/roadmap-export.browser.js(839,66): error TS2339: Property 'languages' does not exist on type 'string'.
ai-platform/web/simplebeacon-dashboard/js/utils/roadmap-export.browser.js(840,17): error TS2339: Property 'languages' does not exist on type 'string'.
ai-platform/web/simplebeacon-dashboard/js/utils/roadmap-export.browser.js(841,16): error TS2339: Property 'languages' does not exist on type 'any[]'.
ai-platform/web/simplebeacon-dashboard/js/utils/roadmap-export.browser.js(844,32): error TS2339: Property 'totalLinesOfCode' does not exist on type 'any[]'.
ai-platform/web/simplebeacon-dashboard/js/utils/roadmap-export.browser.js(847,26): error TS2339: Property 'complexity' does not exist on type 'any[]'.
ai-platform/web/simplebeacon-dashboard/js/utils/roadmap-export.browser.js(849,30): error TS2339: Property 'languages' does not exist on type 'string'.
ai-platform/web/simplebeacon-dashboard/js/utils/roadmap-export.browser.js(849,61): error TS2339: Property 'documentation' does not exist on type 'any[]'.
ai-platform/web/simplebeacon-dashboard/js/utils/roadmap-export.browser.js(850,28): error TS2339: Property 'languages' does not exist on type 'string'.
ai-platform/web/simplebeacon-dashboard/js/utils/roadmap-export.browser.js(1025,61): error TS2339: Property 'recommendations' does not exist on type '{ [n: number]: any; length: number; toString(): string; toLocaleString(): string; toLocaleString(locales: string | string[], options?: NumberFormatOptions & DateTimeFormatOptions): string; ... 31 more ...; [Symbol.unscopables]: { ...; }; }'.
ai-platform/web/simplebeacon-dashboard/js/utils/roadmap-export.browser.js(1026,10): error TS2339: Property 'recommendations' does not exist on type '{ [n: number]: any; length: number; toString(): string; toLocaleString(): string; toLocaleString(locales: string | string[], options?: NumberFormatOptions & DateTimeFormatOptions): string; ... 31 more ...; [Symbol.unscopables]: { ...; }; }'.
ai-platform/web/simplebeacon-dashboard/js/utils/roadmap-export.browser.js(1039,14): error TS2339: Property 'riskAssessment' does not exist on type '{ [n: number]: any; length: number; toString(): string; toLocaleString(): string; toLocaleString(locales: string | string[], options?: NumberFormatOptions & DateTimeFormatOptions): string; ... 31 more ...; [Symbol.unscopables]: { ...; }; }'.
ai-platform/web/simplebeacon-dashboard/js/utils/roadmap-export.browser.js(1045,29): error TS2339: Property 'riskAssessment' does not exist on type '{ [n: number]: any; length: number; toString(): string; toLocaleString(): string; toLocaleString(locales: string | string[], options?: NumberFormatOptions & DateTimeFormatOptions): string; ... 31 more ...; [Symbol.unscopables]: { ...; }; }'.
ai-platform/web/simplebeacon-dashboard/js/utils/roadmap-export.browser.js(1049,12): error TS2339: Property 'riskAssessment' does not exist on type '{ [n: number]: any; length: number; toString(): string; toLocaleString(): string; toLocaleString(locales: string | string[], options?: NumberFormatOptions & DateTimeFormatOptions): string; ... 31 more ...; [Symbol.unscopables]: { ...; }; }'.
ai-platform/web/simplebeacon-dashboard/js/utils/roadmap-export.browser.js(1050,17): error TS2339: Property 'riskAssessment' does not exist on type '{ [n: number]: any; length: number; toString(): string; toLocaleString(): string; toLocaleString(locales: string | string[], options?: NumberFormatOptions & DateTimeFormatOptions): string; ... 31 more ...; [Symbol.unscopables]: { ...; }; }'.
ai-platform/web/simplebeacon-dashboard/js/utils/roadmap-export.browser.js(1051,44): error TS2339: Property 'riskAssessment' does not exist on type '{ [n: number]: any; length: number; toString(): string; toLocaleString(): string; toLocaleString(locales: string | string[], options?: NumberFormatOptions & DateTimeFormatOptions): string; ... 31 more ...; [Symbol.unscopables]: { ...; }; }'.
ai-platform/web/simplebeacon-dashboard/js/utils/roadmap-export.browser.js(1063,14): error TS2339: Property 'sourceMetrics' does not exist on type '{ [n: number]: any; length: number; toString(): string; toLocaleString(): string; toLocaleString(locales: string | string[], options?: NumberFormatOptions & DateTimeFormatOptions): string; ... 31 more ...; [Symbol.unscopables]: { ...; }; }'.
ai-platform/web/simplebeacon-dashboard/js/utils/roadmap-export.browser.js(1064,12): error TS2339: Property 'sourceMetrics' does not exist on type '{ [n: number]: any; length: number; toString(): string; toLocaleString(): string; toLocaleString(locales: string | string[], options?: NumberFormatOptions & DateTimeFormatOptions): string; ... 31 more ...; [Symbol.unscopables]: { ...; }; }'.
ai-platform/web/simplebeacon-dashboard/js/utils/roadmap-export.browser.js(1065,17): error TS2339: Property 'sourceMetrics' does not exist on type '{ [n: number]: any; length: number; toString(): string; toLocaleString(): string; toLocaleString(locales: string | string[], options?: NumberFormatOptions & DateTimeFormatOptions): string; ... 31 more ...; [Symbol.unscopables]: { ...; }; }'.
ai-platform/web/simplebeacon-dashboard/js/utils/roadmap-export.browser.js(1070,52): error TS2339: Property 'sourceMetrics' does not exist on type '{ [n: number]: any; length: number; toString(): string; toLocaleString(): string; toLocaleString(locales: string | string[], options?: NumberFormatOptions & DateTimeFormatOptions): string; ... 31 more ...; [Symbol.unscopables]: { ...; }; }'.
ai-platform/web/simplebeacon-dashboard/js/utils/roadmap-export.browser.js(1071,52): error TS2339: Property 'sourceMetrics' does not exist on type '{ [n: number]: any; length: number; toString(): string; toLocaleString(): string; toLocaleString(locales: string | string[], options?: NumberFormatOptions & DateTimeFormatOptions): string; ... 31 more ...; [Symbol.unscopables]: { ...; }; }'.
ai-platform/web/simplebeacon-dashboard/js/utils/roadmap-export.browser.js(1072,51): error TS2339: Property 'sourceMetrics' does not exist on type '{ [n: number]: any; length: number; toString(): string; toLocaleString(): string; toLocaleString(locales: string | string[], options?: NumberFormatOptions & DateTimeFormatOptions): string; ... 31 more ...; [Symbol.unscopables]: { ...; }; }'.
ai-platform/web/simplebeacon-dashboard/js/utils/roadmap-export.browser.js(1081,36): error TS2339: Property 'llmDisclaimer' does not exist on type '{ [n: number]: any; length: number; toString(): string; toLocaleString(): string; toLocaleString(locales: string | string[], options?: NumberFormatOptions & DateTimeFormatOptions): string; ... 31 more ...; [Symbol.unscopables]: { ...; }; }'.
ai-platform/web/simplebeacon-dashboard/js/utils/roadmap-export.browser.js(1082,10): error TS2339: Property 'llmDisclaimer' does not exist on type '{ [n: number]: any; length: number; toString(): string; toLocaleString(): string; toLocaleString(locales: string | string[], options?: NumberFormatOptions & DateTimeFormatOptions): string; ... 31 more ...; [Symbol.unscopables]: { ...; }; }'.
ai-platform/web/simplebeacon-dashboard/js/utils/roadmap-export.browser.js(1105,34): error TS2339: Property 'codeFiles' does not exist on type 'any[]'.
ai-platform/web/simplebeacon-dashboard/js/utils/roadmap-export.browser.js(1105,83): error TS2339: Property 'codeFiles' does not exist on type 'any[]'.
ai-platform/web/simplebeacon-dashboard/js/utils/roadmap-export.browser.js(1106,30): error TS2339: Property 'categories' does not exist on type 'any[]'.
ai-platform/web/simplebeacon-dashboard/js/utils/roadmap-export.browser.js(1109,19): error TS2339: Property 'metrics' does not exist on type 'any[]'.
ai-platform/web/simplebeacon-dashboard/js/utils/roadmap-export.browser.js(1110,31): error TS2339: Property 'codeFiles' does not exist on type 'any[]'.
ai-platform/web/simplebeacon-dashboard/js/utils/roadmap-export.browser.js(1111,26): error TS2339: Property 'testFiles' does not exist on type 'any[]'.
ai-platform/web/simplebeacon-dashboard/js/utils/roadmap-export.browser.js(1147,5): error TS2698: Spread types may only be created from object types.
ai-platform/web/simplebeacon-dashboard/js/utils/roadmap-export.browser.js(1148,30): error TS2339: Property 'totalFiles' does not exist on type 'string'.
ai-platform/web/simplebeacon-dashboard/js/utils/roadmap-export.browser.js(1163,26): error TS2339: Property 'features' does not exist on type '{ [n: number]: any; length: number; toString(): string; toLocaleString(): string; toLocaleString(locales: string | string[], options?: NumberFormatOptions & DateTimeFormatOptions): string; ... 31 more ...; [Symbol.unscopables]: { ...; }; }'.
ai-platform/web/simplebeacon-dashboard/js/utils/roadmap-export.browser.js(1165,12): error TS2339: Property 'features' does not exist on type '{ [n: number]: any; length: number; toString(): string; toLocaleString(): string; toLocaleString(locales: string | string[], options?: NumberFormatOptions & DateTimeFormatOptions): string; ... 31 more ...; [Symbol.unscopables]: { ...; }; }'.
ai-platform/web/simplebeacon-dashboard/js/utils/roadmap-export.browser.js(1166,12): error TS2339: Property 'featuresNote' does not exist on type '{ [n: number]: any; length: number; toString(): string; toLocaleString(): string; toLocaleString(locales: string | string[], options?: NumberFormatOptions & DateTimeFormatOptions): string; ... 31 more ...; [Symbol.unscopables]: { ...; }; }'.
ai-platform/web/simplebeacon-dashboard/js/utils/roadmap-export.browser.js(1168,12): error TS2339: Property 'features' does not exist on type '{ [n: number]: any; length: number; toString(): string; toLocaleString(): string; toLocaleString(locales: string | string[], options?: NumberFormatOptions & DateTimeFormatOptions): string; ... 31 more ...; [Symbol.unscopables]: { ...; }; }'.
ai-platform/web/simplebeacon-dashboard/js/utils/roadmap-export.browser.js(1168,28): error TS2339: Property 'features' does not exist on type '{ [n: number]: any; length: number; toString(): string; toLocaleString(): string; toLocaleString(locales: string | string[], options?: NumberFormatOptions & DateTimeFormatOptions): string; ... 31 more ...; [Symbol.unscopables]: { ...; }; }'.
ai-platform/web/simplebeacon-dashboard/js/utils/roadmap-export.browser.js(1173,17): error TS2339: Property 'features' does not exist on type '{ [n: number]: any; length: number; toString(): string; toLocaleString(): string; toLocaleString(locales: string | string[], options?: NumberFormatOptions & DateTimeFormatOptions): string; ... 31 more ...; [Symbol.unscopables]: { ...; }; }'.
ai-platform/web/simplebeacon-dashboard/js/utils/roadmap-export.browser.js(1174,14): error TS2339: Property 'featuresNote' does not exist on type '{ [n: number]: any; length: number; toString(): string; toLocaleString(): string; toLocaleString(locales: string | string[], options?: NumberFormatOptions & DateTimeFormatOptions): string; ... 31 more ...; [Symbol.unscopables]: { ...; }; }'.
ai-platform/web/simplebeacon-dashboard/js/utils/roadmap-export.browser.js(1178,22): error TS2339: Property 'phase2' does not exist on type '{ [n: number]: any; length: number; toString(): string; toLocaleString(): string; toLocaleString(locales: string | string[], options?: NumberFormatOptions & DateTimeFormatOptions): string; ... 31 more ...; [Symbol.unscopables]: { ...; }; }'.
ai-platform/web/simplebeacon-dashboard/js/utils/roadmap-export.browser.js(1180,10): error TS2339: Property 'phase2' does not exist on type '{ [n: number]: any; length: number; toString(): string; toLocaleString(): string; toLocaleString(locales: string | string[], options?: NumberFormatOptions & DateTimeFormatOptions): string; ... 31 more ...; [Symbol.unscopables]: { ...; }; }'.
ai-platform/web/simplebeacon-dashboard/js/utils/roadmap-export.browser.js(1181,15): error TS2339: Property 'phase2' does not exist on type '{ [n: number]: any; length: number; toString(): string; toLocaleString(): string; toLocaleString(locales: string | string[], options?: NumberFormatOptions & DateTimeFormatOptions): string; ... 31 more ...; [Symbol.unscopables]: { ...; }; }'.
ai-platform/web/simplebeacon-dashboard/js/utils/roadmap-export.browser.js(1183,17): error TS2339: Property 'phase2' does not exist on type '{ [n: number]: any; length: number; toString(): string; toLocaleString(): string; toLocaleString(locales: string | string[], options?: NumberFormatOptions & DateTimeFormatOptions): string; ... 31 more ...; [Symbol.unscopables]: { ...; }; }'.
ai-platform/web/simplebeacon-dashboard/js/utils/roadmap-export.browser.js(1231,37): error TS2339: Property 'codeFiles' does not exist on type 'any[]'.
ai-platform/web/simplebeacon-dashboard/js/utils/security-export.browser.js(158,31): error TS2367: This comparison appears to be unintentional because the types 'boolean' and 'string' have no overlap.
ai-platform/web/simplebeacon-dashboard/js/utils/security-export.browser.js(253,32): error TS2339: Property 'gate' does not exist on type 'number'.
ai-platform/web/simplebeacon-dashboard/js/utils/security-export.browser.js(332,30): error TS2339: Property 'productionLeakSuppressedIntent' does not exist on type 'number'.
ai-platform/web/simplebeacon-dashboard/js/utils/security-export.browser.js(344,40): error TS2339: Property 'gate' does not exist on type 'number'.
ai-platform/web/simplebeacon-dashboard/js/utils/security-export.browser.js(386,32): error TS2339: Property 'gate' does not exist on type 'number'.
ai-platform/web/simplebeacon-dashboard/js/utils/security-export.browser.js(416,41): error TS2339: Property 'generatedAt' does not exist on type 'number'.
ai-platform/web/simplebeacon-dashboard/js/utils/security-export.browser.js(422,83): error TS2339: Property 'generatedAt' does not exist on type 'number'.
ai-platform/web/simplebeacon-dashboard/js/utils/security-export.browser.js(531,38): error TS2339: Property 'credentialFindings' does not exist on type 'number'.
ai-platform/web/simplebeacon-dashboard/js/utils/security-export.browser.js(535,42): error TS2339: Property 'productionLeakFindings' does not exist on type 'number'.
ai-platform/web/simplebeacon-dashboard/js/utils/security-export.browser.js(543,32): error TS2339: Property 'credentialScanned' does not exist on type 'number'.
ai-platform/web/simplebeacon-dashboard/js/utils/security-export.browser.js(547,36): error TS2339: Property 'productionLeakScanned' does not exist on type 'number'.
ai-platform/web/simplebeacon-dashboard/js/utils/security-export.browser.js(551,45): error TS2339: Property 'productionLeakSuppressedIntent' does not exist on type 'number'.
ai-platform/web/simplebeacon-dashboard/js/utils/security-export.browser.js(557,23): error TS2339: Property 'gate' does not exist on type 'number'.
ai-platform/web/simplebeacon-dashboard/js/utils/security-export.browser.js(559,32): error TS2339: Property 'gate' does not exist on type 'number'.
ai-platform/web/simplebeacon-dashboard/js/utils/security-export.browser.js(561,26): error TS2339: Property 'generatedAt' does not exist on type 'number'.
ai-platform/web/simplebeacon-dashboard/js/utils/security-export.browser.js(588,52): error TS2339: Property 'projectRoot' does not exist on type 'number'.
ai-platform/web/simplebeacon-dashboard/js/utils/security-export.browser.js(596,48): error TS2339: Property 'scanPaths' does not exist on type 'number'.
ai-platform/web/simplebeacon-dashboard/js/utils/security-export.browser.js(596,66): error TS2339: Property 'projectRoot' does not exist on type 'number'.
ai-platform/web/simplebeacon-dashboard/js/utils/security-export.browser.js(626,27): error TS2339: Property 'generatedAt' does not exist on type 'number'.
ai-platform/web/simplebeacon-dashboard/js/utils/security-export.browser.js(628,54): error TS2339: Property 'projectRoot' does not exist on type 'number'.
ai-platform/web/simplebeacon-dashboard/js/utils/security-export.browser.js(632,20): error TS2339: Property 'gate' does not exist on type 'number'.
ai-platform/web/simplebeacon-dashboard/js/utils/security-export.browser.js(634,33): error TS2339: Property 'credentialScanned' does not exist on type 'number'.
ai-platform/web/simplebeacon-dashboard/js/utils/security-export.browser.js(636,37): error TS2339: Property 'productionLeakScanned' does not exist on type 'number'.
ai-platform/web/simplebeacon-dashboard/js/utils/security-export.browser.js(638,46): error TS2339: Property 'productionLeakSuppressedIntent' does not exist on type 'number'.
ai-platform/web/simplebeacon-dashboard/js/utils/security-export.browser.js(640,60): error TS2339: Property 'scanScope' does not exist on type 'number'.
ai-platform/web/simplebeacon-dashboard/js/utils/security-export.browser.js(711,36): error TS2339: Property 'generatedAt' does not exist on type 'number'.
ai-platform/web/simplebeacon-dashboard/js/utils/security-export.browser.js(711,58): error TS2339: Property 'gate' does not exist on type 'number'.
ai-platform/web/simplebeacon-dashboard/js/utils/security-export.browser.js(711,81): error TS2339: Property 'credentialScanned' does not exist on type 'number'.
ai-platform/web/simplebeacon-dashboard/js/utils/simplebeacon-report-export.browser.js(17,47): error TS2307: Cannot find module './quality-export.browser.js?v=20260531qualityexport8' or its corresponding type declarations.
ai-platform/web/simplebeacon-dashboard/js/utils/simplebeacon-report-export.browser.js(92,5): error TS2339: Property 'rawIssues' does not exist on type 'null'.
ai-platform/web/simplebeacon-dashboard/js/utils/simplebeacon-report-export.browser.js(93,5): error TS2339: Property 'sampleFiles' does not exist on type 'null'.
ai-platform/web/simplebeacon-dashboard/js/utils/simplebeacon-report-export.browser.js(94,5): error TS2339: Property 'benchmarkCloneNoiseIssues' does not exist on type 'null'.
ai-platform/web/simplebeacon-dashboard/js/utils/simplebeacon-report-export.browser.js(95,8): error TS2700: Rest types may only be created from object types.
ai-platform/web/simplebeacon-dashboard/js/utils/simplebeacon-report-export.browser.js(122,14): error TS2339: Property 'benchmarkScan' does not exist on type 'number'.
ai-platform/web/simplebeacon-dashboard/js/utils/simplebeacon-report-export.browser.js(122,38): error TS2339: Property 'projectRoot' does not exist on type 'number'.
ai-platform/web/simplebeacon-dashboard/js/utils/simplebeacon-report-export.browser.js(122,80): error TS2339: Property 'projectRoot' does not exist on type 'number'.
ai-platform/web/simplebeacon-dashboard/js/utils/simplebeacon-report-export.browser.js(123,26): error TS2339: Property 'projectRoot' does not exist on type 'number'.
ai-platform/web/simplebeacon-dashboard/js/utils/simplebeacon-report-export.browser.js(134,15): error TS2339: Property 'scanTargetRoot' does not exist on type 'number'.
ai-platform/web/simplebeacon-dashboard/js/utils/simplebeacon-report-export.browser.js(136,15): error TS2339: Property 'projectRoot' does not exist on type 'number'.
ai-platform/web/simplebeacon-dashboard/js/utils/simplebeacon-report-export.browser.js(138,15): error TS2339: Property 'platformRoot' does not exist on type 'number'.
ai-platform/web/simplebeacon-dashboard/js/utils/simplebeacon-report-export.browser.js(146,14): error TS2339: Property 'benchmarkScan' does not exist on type 'number'.
ai-platform/web/simplebeacon-dashboard/js/utils/simplebeacon-report-export.browser.js(178,35): error TS2339: Property 'scanTargetRoot' does not exist on type 'number'.
ai-platform/web/simplebeacon-dashboard/js/utils/simplebeacon-report-export.browser.js(178,60): error TS2339: Property 'projectRoot' does not exist on type 'number'.
ai-platform/web/simplebeacon-dashboard/js/utils/simplebeacon-report-export.browser.js(178,82): error TS2339: Property 'platformRoot' does not exist on type 'number'.
ai-platform/web/simplebeacon-dashboard/js/utils/simplebeacon-report-export.browser.js(319,59): error TS2339: Property 'llmSlopFilesScanned' does not exist on type 'number'.
ai-platform/web/simplebeacon-dashboard/js/utils/simplebeacon-report-export.browser.js(320,53): error TS2339: Property 'llmSlopScanRaw' does not exist on type 'number'.
ai-platform/web/simplebeacon-dashboard/js/utils/simplebeacon-report-export.browser.js(321,64): error TS2339: Property 'llmSlopScanReconciled' does not exist on type 'number'.
ai-platform/web/simplebeacon-dashboard/js/utils/simplebeacon-report-export.browser.js(336,30): error TS2339: Property 'jestSummary' does not exist on type 'number'.
ai-platform/web/simplebeacon-dashboard/js/utils/simplebeacon-report-export.browser.js(337,31): error TS2339: Property 'jestBaselineChecked' does not exist on type 'number'.
ai-platform/web/simplebeacon-dashboard/js/utils/simplebeacon-report-export.browser.js(338,15): error TS2339: Property 'scanScope' does not exist on type 'number'.
ai-platform/web/simplebeacon-dashboard/js/utils/simplebeacon-report-export.browser.js(342,39): error TS2339: Property 'repositoryFilesTotal' does not exist on type 'number'.
ai-platform/web/simplebeacon-dashboard/js/utils/simplebeacon-report-export.browser.js(342,70): error TS2339: Property 'repositoryInventory' does not exist on type 'number'.
ai-platform/web/simplebeacon-dashboard/js/utils/simplebeacon-report-export.browser.js(347,33): error TS2339: Property 'scanScope' does not exist on type 'number'.
ai-platform/web/simplebeacon-dashboard/js/utils/simplebeacon-report-export.browser.js(348,15): error TS2339: Property 'scanScope' does not exist on type 'number'.
ai-platform/web/simplebeacon-dashboard/js/utils/simplebeacon-report-export.browser.js(349,15): error TS2339: Property 'credentialScanned' does not exist on type 'number'.
ai-platform/web/simplebeacon-dashboard/js/utils/simplebeacon-report-export.browser.js(352,22): error TS2339: Property 'gate' does not exist on type 'number'.
ai-platform/web/simplebeacon-dashboard/js/utils/simplebeacon-report-export.browser.js(353,27): error TS2339: Property 'gate' does not exist on type 'number'.
ai-platform/web/simplebeacon-dashboard/js/utils/simplebeacon-report-export.browser.js(354,29): error TS2339: Property 'mockSampleFiles' does not exist on type 'number'.
ai-platform/web/simplebeacon-dashboard/js/utils/simplebeacon-report-export.browser.js(355,37): error TS2339: Property 'fictionJsonFilesScanned' does not exist on type 'number'.
ai-platform/web/simplebeacon-dashboard/js/utils/simplebeacon-report-export.browser.js(355,71): error TS2339: Property 'scanScope' does not exist on type 'number'.
ai-platform/web/simplebeacon-dashboard/js/utils/simplebeacon-report-export.browser.js(356,39): error TS2339: Property 'fictionSampleFilesScanned' does not exist on type 'number'.
ai-platform/web/simplebeacon-dashboard/js/utils/simplebeacon-report-export.browser.js(356,75): error TS2339: Property 'scanScope' does not exist on type 'number'.
ai-platform/web/simplebeacon-dashboard/js/utils/simplebeacon-report-export.browser.js(357,37): error TS2339: Property 'ruleScopedFilesAnalyzed' does not exist on type 'number'.
ai-platform/web/simplebeacon-dashboard/js/utils/simplebeacon-report-export.browser.js(357,71): error TS2339: Property 'scanScope' does not exist on type 'number'.
ai-platform/web/simplebeacon-dashboard/js/utils/simplebeacon-report-export.browser.js(360,31): error TS2339: Property 'credentialScanned' does not exist on type 'number'.
ai-platform/web/simplebeacon-dashboard/js/utils/simplebeacon-report-export.browser.js(360,59): error TS2339: Property 'productionLeakScanned' does not exist on type 'number'.
ai-platform/web/simplebeacon-dashboard/js/utils/simplebeacon-report-export.browser.js(365,32): error TS2339: Property 'llmSlopPatternHits' does not exist on type 'number'.
ai-platform/web/simplebeacon-dashboard/js/utils/simplebeacon-report-export.browser.js(365,61): error TS2339: Property 'scanScope' does not exist on type 'number'.
ai-platform/web/simplebeacon-dashboard/js/utils/simplebeacon-report-export.browser.js(366,26): error TS2339: Property 'qualityScore' does not exist on type 'number'.
ai-platform/web/simplebeacon-dashboard/js/utils/simplebeacon-report-export.browser.js(367,16): error TS2339: Property 'scanScope' does not exist on type 'number'.
ai-platform/web/simplebeacon-dashboard/js/utils/simplebeacon-report-export.browser.js(367,69): error TS2339: Property 'scanScope' does not exist on type 'number'.
ai-platform/web/simplebeacon-dashboard/js/utils/simplebeacon-report-export.browser.js(368,29): error TS2339: Property 'gate' does not exist on type 'number'.
ai-platform/web/simplebeacon-dashboard/js/utils/simplebeacon-report-export.browser.js(369,31): error TS2339: Property 'gate' does not exist on type 'number'.
ai-platform/web/simplebeacon-dashboard/js/utils/simplebeacon-report-export.browser.js(372,48): error TS2339: Property 'jestBaselinePassed' does not exist on type 'number'.
ai-platform/web/simplebeacon-dashboard/js/utils/simplebeacon-report-export.browser.js(385,24): error TS2339: Property 'mockSampleFiles' does not exist on type 'number'.
ai-platform/web/simplebeacon-dashboard/js/utils/simplebeacon-report-export.browser.js(385,50): error TS2339: Property 'totalFiles' does not exist on type 'number'.
ai-platform/web/simplebeacon-dashboard/js/utils/simplebeacon-report-export.browser.js(386,28): error TS2339: Property 'repositoryFilesTotal' does not exist on type 'number'.
ai-platform/web/simplebeacon-dashboard/js/utils/simplebeacon-report-export.browser.js(386,59): error TS2339: Property 'repositoryInventory' does not exist on type 'number'.
ai-platform/web/simplebeacon-dashboard/js/utils/simplebeacon-report-export.browser.js(387,15): error TS2339: Property 'totalSizeLabel' does not exist on type 'number'.
ai-platform/web/simplebeacon-dashboard/js/utils/simplebeacon-report-export.browser.js(400,25): error TS2339: Property 'llmSlopScanRaw' does not exist on type 'number'.
ai-platform/web/simplebeacon-dashboard/js/utils/simplebeacon-report-export.browser.js(401,26): error TS2339: Property 'llmSlopFilesScanned' does not exist on type 'number'.
ai-platform/web/simplebeacon-dashboard/js/utils/simplebeacon-report-export.browser.js(401,56): error TS2339: Property 'scanScope' does not exist on type 'number'.
ai-platform/web/simplebeacon-dashboard/js/utils/simplebeacon-report-export.browser.js(402,29): error TS2339: Property 'llmSlopScanReconciled' does not exist on type 'number'.
ai-platform/web/simplebeacon-dashboard/js/utils/simplebeacon-report-export.browser.js(402,61): error TS2339: Property 'scanScope' does not exist on type 'number'.
ai-platform/web/simplebeacon-dashboard/js/utils/simplebeacon-report-export.browser.js(404,22): error TS2339: Property 'gate' does not exist on type 'number'.
ai-platform/web/simplebeacon-dashboard/js/utils/simplebeacon-report-export.browser.js(405,27): error TS2339: Property 'gate' does not exist on type 'number'.
ai-platform/web/simplebeacon-dashboard/js/utils/simplebeacon-report-export.browser.js(406,36): error TS2339: Property 'productionLeakFindings' does not exist on type 'number'.
ai-platform/web/simplebeacon-dashboard/js/utils/simplebeacon-report-export.browser.js(407,29): error TS2339: Property 'mockSampleFiles' does not exist on type 'number'.
ai-platform/web/simplebeacon-dashboard/js/utils/simplebeacon-report-export.browser.js(407,55): error TS2339: Property 'totalFiles' does not exist on type 'number'.
ai-platform/web/simplebeacon-dashboard/js/utils/simplebeacon-report-export.browser.js(408,37): error TS2339: Property 'ruleScopedFilesAnalyzed' does not exist on type 'number'.
ai-platform/web/simplebeacon-dashboard/js/utils/simplebeacon-report-export.browser.js(408,71): error TS2339: Property 'scanScope' does not exist on type 'number'.
ai-platform/web/simplebeacon-dashboard/js/utils/simplebeacon-report-export.browser.js(409,34): error TS2339: Property 'repositoryFilesTotal' does not exist on type 'number'.
ai-platform/web/simplebeacon-dashboard/js/utils/simplebeacon-report-export.browser.js(409,65): error TS2339: Property 'repositoryInventory' does not exist on type 'number'.
ai-platform/web/simplebeacon-dashboard/js/utils/simplebeacon-report-export.browser.js(410,37): error TS2339: Property 'fictionJsonFilesScanned' does not exist on type 'number'.
ai-platform/web/simplebeacon-dashboard/js/utils/simplebeacon-report-export.browser.js(410,71): error TS2339: Property 'scanScope' does not exist on type 'number'.
ai-platform/web/simplebeacon-dashboard/js/utils/simplebeacon-report-export.browser.js(415,26): error TS2339: Property 'qualityScore' does not exist on type 'number'.
ai-platform/web/simplebeacon-dashboard/js/utils/simplebeacon-report-export.browser.js(416,41): error TS2339: Property 'scanScope' does not exist on type 'number'.
ai-platform/web/simplebeacon-dashboard/js/utils/simplebeacon-report-export.browser.js(428,71): error TS2322: Type '{}' is not assignable to type 'string'.
ai-platform/web/simplebeacon-dashboard/js/utils/simplebeacon-report-export.browser.js(473,7): error TS2365: Operator '>' cannot be applied to types 'number | any[]' and 'number'.
ai-platform/web/simplebeacon-dashboard/js/utils/simplebeacon-report-export.browser.js(488,28): error TS2339: Property 'repositoryFilesTotal' does not exist on type 'number'.
ai-platform/web/simplebeacon-dashboard/js/utils/simplebeacon-report-export.browser.js(488,59): error TS2339: Property 'repositoryInventory' does not exist on type 'number'.
ai-platform/web/simplebeacon-dashboard/js/utils/simplebeacon-report-export.browser.js(490,29): error TS2339: Property 'ruleScopedFilesAnalyzed' does not exist on type 'number'.
ai-platform/web/simplebeacon-dashboard/js/utils/simplebeacon-report-export.browser.js(490,63): error TS2339: Property 'scanScope' does not exist on type 'number'.
ai-platform/web/simplebeacon-dashboard/js/utils/simplebeacon-report-export.browser.js(494,25): error TS2339: Property 'llmSlopFilesScanned' does not exist on type 'number'.
ai-platform/web/simplebeacon-dashboard/js/utils/simplebeacon-report-export.browser.js(494,55): error TS2339: Property 'scanScope' does not exist on type 'number'.
ai-platform/web/simplebeacon-dashboard/js/utils/simplebeacon-report-export.browser.js(502,16): error TS2339: Property 'scanScope' does not exist on type 'number'.
ai-platform/web/simplebeacon-dashboard/js/utils/simplebeacon-report-export.browser.js(514,5): error TS2698: Spread types may only be created from object types.
ai-platform/web/simplebeacon-dashboard/js/utils/simplebeacon-report-export.browser.js(540,14): error TS2339: Property 'benchmarkScan' does not exist on type 'number'.
ai-platform/web/simplebeacon-dashboard/js/utils/simplebeacon-report-export.browser.js(540,59): error TS2339: Property 'benchmarkScan' does not exist on type 'number'.
ai-platform/web/simplebeacon-dashboard/js/utils/simplebeacon-report-export.browser.js(542,14): error TS2339: Property 'scanTargetProfile' does not exist on type 'number'.
ai-platform/web/simplebeacon-dashboard/js/utils/simplebeacon-report-export.browser.js(632,23): error TS2339: Property 'gate' does not exist on type 'number'.
ai-platform/web/simplebeacon-dashboard/js/utils/simplebeacon-report-export.browser.js(636,49): error TS2339: Property 'issueCount' does not exist on type 'number'.
ai-platform/web/simplebeacon-dashboard/js/utils/simplebeacon-report-export.browser.js(640,29): error TS2339: Property 'ruleScopedFilesAnalyzed' does not exist on type 'number'.
ai-platform/web/simplebeacon-dashboard/js/utils/simplebeacon-report-export.browser.js(640,63): error TS2339: Property 'scanScope' does not exist on type 'number'.
ai-platform/web/simplebeacon-dashboard/js/utils/simplebeacon-report-export.browser.js(680,24): error TS2339: Property 'scanScope' does not exist on type 'number'.
ai-platform/web/simplebeacon-dashboard/js/utils/simplebeacon-report-export.browser.js(681,38): error TS2339: Property 'fictionSampleFilesScanned' does not exist on type 'number'.
ai-platform/web/simplebeacon-dashboard/js/utils/simplebeacon-report-export.browser.js(682,35): error TS2339: Property 'fictionJsonFilesScanned' does not exist on type 'number'.
ai-platform/web/simplebeacon-dashboard/js/utils/simplebeacon-report-export.browser.js(683,40): error TS2339: Property 'fullDirectoryScan' does not exist on type 'number'.
ai-platform/web/simplebeacon-dashboard/js/utils/simplebeacon-report-export.browser.js(691,56): error TS2339: Property 'jestBaselineChecked' does not exist on type 'number'.
ai-platform/web/simplebeacon-dashboard/js/utils/simplebeacon-report-export.browser.js(693,21): error TS2339: Property 'jestBaselinePassed' does not exist on type 'number'.
ai-platform/web/simplebeacon-dashboard/js/utils/simplebeacon-report-export.browser.js(693,60): error TS2339: Property 'jestSummary' does not exist on type 'number'.
ai-platform/web/simplebeacon-dashboard/js/utils/simplebeacon-report-export.browser.js(695,31): error TS2339: Property 'jestSummary' does not exist on type 'number'.
ai-platform/web/simplebeacon-dashboard/js/utils/simplebeacon-report-export.browser.js(695,78): error TS2339: Property 'jestSummary' does not exist on type 'number'.
ai-platform/web/simplebeacon-dashboard/js/utils/simplebeacon-report-export.browser.js(695,112): error TS2339: Property 'jestSummary' does not exist on type 'number'.
ai-platform/web/simplebeacon-dashboard/js/utils/simplebeacon-report-export.browser.js(698,24): error TS2339: Property 'mockSampleFiles' does not exist on type 'number'.
ai-platform/web/simplebeacon-dashboard/js/utils/simplebeacon-report-export.browser.js(698,50): error TS2339: Property 'totalFiles' does not exist on type 'number'.
ai-platform/web/simplebeacon-dashboard/js/utils/simplebeacon-report-export.browser.js(699,33): error TS2339: Property 'fictionSampleFilesScanned' does not exist on type 'number'.
ai-platform/web/simplebeacon-dashboard/js/utils/simplebeacon-report-export.browser.js(704,28): error TS2339: Property 'repositoryFilesTotal' does not exist on type 'number'.
ai-platform/web/simplebeacon-dashboard/js/utils/simplebeacon-report-export.browser.js(704,59): error TS2339: Property 'repositoryInventory' does not exist on type 'number'.
ai-platform/web/simplebeacon-dashboard/js/utils/simplebeacon-report-export.browser.js(705,29): error TS2339: Property 'ruleScopedFilesAnalyzed' does not exist on type 'number'.
ai-platform/web/simplebeacon-dashboard/js/utils/simplebeacon-report-export.browser.js(706,35): error TS2339: Property 'fullDirectoryScan' does not exist on type 'number'.
ai-platform/web/simplebeacon-dashboard/js/utils/simplebeacon-report-export.browser.js(715,35): error TS2339: Property 'repositoryInventory' does not exist on type 'number'.
ai-platform/web/simplebeacon-dashboard/js/utils/simplebeacon-report-export.browser.js(721,14): error TS2339: Property 'filesAnalyzed' does not exist on type 'number'.
ai-platform/web/simplebeacon-dashboard/js/utils/simplebeacon-report-export.browser.js(721,67): error TS2339: Property 'filesAnalyzed' does not exist on type 'number'.
ai-platform/web/simplebeacon-dashboard/js/utils/simplebeacon-report-export.browser.js(725,14): error TS2339: Property 'gate' does not exist on type 'number'.
ai-platform/web/simplebeacon-dashboard/js/utils/simplebeacon-report-export.browser.js(725,36): error TS2339: Property 'issueCount' does not exist on type 'number'.
ai-platform/web/simplebeacon-dashboard/js/utils/simplebeacon-report-export.browser.js(728,14): error TS2339: Property 'gate' does not exist on type 'number'.
ai-platform/web/simplebeacon-dashboard/js/utils/simplebeacon-report-export.browser.js(729,29): error TS2339: Property 'gate' does not exist on type 'number'.
ai-platform/web/simplebeacon-dashboard/js/utils/simplebeacon-report-export.browser.js(729,59): error TS2339: Property 'issueCount' does not exist on type 'number'.
ai-platform/web/simplebeacon-dashboard/js/utils/simplebeacon-report-export.browser.js(732,14): error TS2339: Property 'euAiActSummary' does not exist on type 'number'.
ai-platform/web/simplebeacon-dashboard/js/utils/simplebeacon-report-export.browser.js(733,57): error TS2339: Property 'euAiActSummary' does not exist on type 'number'.
ai-platform/web/simplebeacon-dashboard/js/utils/simplebeacon-report-export.browser.js(743,15): error TS2339: Property 'credentialScanned' does not exist on type 'number'.
ai-platform/web/simplebeacon-dashboard/js/utils/simplebeacon-report-export.browser.js(745,36): error TS2339: Property 'credentialScanned' does not exist on type 'number'.
ai-platform/web/simplebeacon-dashboard/js/utils/simplebeacon-report-export.browser.js(755,30): error TS2339: Property 'fictionJsonFilesScanned' does not exist on type 'number'.
ai-platform/web/simplebeacon-dashboard/js/utils/simplebeacon-report-export.browser.js(760,26): error TS2339: Property 'llmSlopPatternHits' does not exist on type 'number'.
ai-platform/web/simplebeacon-dashboard/js/utils/simplebeacon-report-export.browser.js(762,30): error TS2339: Property 'gate' does not exist on type 'number'.
ai-platform/web/simplebeacon-dashboard/js/utils/simplebeacon-report-export.browser.js(765,35): error TS2339: Property 'productionLeakFindings' does not exist on type 'number'.
ai-platform/web/simplebeacon-dashboard/js/utils/simplebeacon-report-export.browser.js(766,92): error TS2339: Property 'productionLeakSuppressedIntent' does not exist on type 'number'.
ai-platform/web/simplebeacon-dashboard/js/utils/simplebeacon-report-export.browser.js(769,17): error TS2339: Property 'euAiActSummary' does not exist on type 'number'.
ai-platform/web/simplebeacon-dashboard/js/utils/simplebeacon-report-export.browser.js(783,48): error TS2322: Type '{}' is not assignable to type 'string'.
ai-platform/web/simplebeacon-dashboard/js/utils/simplebeacon-report-export.browser.js(787,27): error TS2339: Property 'scanScope' does not exist on type 'number'.
ai-platform/web/simplebeacon-dashboard/js/utils/simplebeacon-report-export.browser.js(789,15): error TS2339: Property 'benchmarkCloneNoiseIssues' does not exist on type 'number'.
ai-platform/web/simplebeacon-dashboard/js/utils/simplebeacon-report-export.browser.js(803,15): error TS2339: Property 'productMockPathsOmitted' does not exist on type 'string'.
ai-platform/web/simplebeacon-dashboard/js/utils/simplebeacon-report-export.browser.js(813,25): error TS2339: Property 'llmSlopScanRaw' does not exist on type 'number'.
ai-platform/web/simplebeacon-dashboard/js/utils/simplebeacon-report-export.browser.js(814,15): error TS2339: Property 'hygieneSummary' does not exist on type 'number'.
ai-platform/web/simplebeacon-dashboard/js/utils/simplebeacon-report-export.browser.js(815,15): error TS2339: Property 'scanScope' does not exist on type 'number'.
ai-platform/web/simplebeacon-dashboard/js/utils/simplebeacon-report-export.browser.js(816,29): error TS2339: Property 'llmSlopFilesScanned' does not exist on type 'number'.
ai-platform/web/simplebeacon-dashboard/js/utils/simplebeacon-report-export.browser.js(816,59): error TS2339: Property 'scanScope' does not exist on type 'number'.
ai-platform/web/simplebeacon-dashboard/js/utils/simplebeacon-report-export.browser.js(817,29): error TS2339: Property 'llmSlopScanReconciled' does not exist on type 'number'.
ai-platform/web/simplebeacon-dashboard/js/utils/simplebeacon-report-export.browser.js(818,15): error TS2339: Property 'scanScope' does not exist on type 'number'.
ai-platform/web/simplebeacon-dashboard/js/utils/simplebeacon-report-export.browser.js(819,16): error TS2339: Property 'hygieneSummary' does not exist on type 'number'.
ai-platform/web/simplebeacon-dashboard/js/utils/simplebeacon-report-export.browser.js(826,14): error TS2339: Property 'gate' does not exist on type 'number'.
ai-platform/web/simplebeacon-dashboard/js/utils/simplebeacon-report-export.browser.js(867,55): error TS2322: Type '{}' is not assignable to type 'string'.
ai-platform/web/simplebeacon-dashboard/js/utils/simplebeacon-report-export.browser.js(869,63): error TS2339: Property 'exportNotes' does not exist on type 'number'.
ai-platform/web/simplebeacon-dashboard/js/utils/simplebeacon-report-export.browser.js(899,15): error TS2339: Property 'productMockPathsOmitted' does not exist on type 'string'.
ai-platform/web/simplebeacon-dashboard/js/utils/simplebeacon-report-export.browser.js(937,25): error TS2339: Property 'benchmarkScan' does not exist on type 'number'.
ai-platform/web/simplebeacon-dashboard/js/utils/simplebeacon-report-export.browser.js(938,35): error TS2339: Property 'fullDirectoryScan' does not exist on type 'number'.
ai-platform/web/simplebeacon-dashboard/js/utils/simplebeacon-report-export.browser.js(938,63): error TS2339: Property 'scanScope' does not exist on type 'number'.
ai-platform/web/simplebeacon-dashboard/js/utils/simplebeacon-report-export.browser.js(941,28): error TS2339: Property 'scanScope' does not exist on type 'number'.
ai-platform/web/simplebeacon-dashboard/js/utils/simplebeacon-report-export.browser.js(943,29): error TS2339: Property 'ruleScopedFilesAnalyzed' does not exist on type 'number'.
ai-platform/web/simplebeacon-dashboard/js/utils/simplebeacon-report-export.browser.js(944,26): error TS2339: Property 'mockSampleFiles' does not exist on type 'number'.
ai-platform/web/simplebeacon-dashboard/js/utils/simplebeacon-report-export.browser.js(944,52): error TS2339: Property 'totalFiles' does not exist on type 'number'.
ai-platform/web/simplebeacon-dashboard/js/utils/simplebeacon-report-export.browser.js(945,33): error TS2339: Property 'fictionSampleFilesScanned' does not exist on type 'number'.
ai-platform/web/simplebeacon-dashboard/js/utils/simplebeacon-report-export.browser.js(968,5): error TS2698: Spread types may only be created from object types.
ai-platform/web/simplebeacon-dashboard/js/utils/simplebeacon-report-export.browser.js(981,44): error TS2322: Type '{}' is not assignable to type 'number'.
ai-platform/web/simplebeacon-dashboard/js/utils/simplebeacon-report-export.browser.js(982,46): error TS2339: Property 'fullDirectoryScan' does not exist on type 'number'.
ai-platform/web/simplebeacon-dashboard/js/utils/simplebeacon-report-export.browser.js(1014,25): error TS2339: Property 'type' does not exist on type 'number'.
ai-platform/web/simplebeacon-dashboard/js/utils/simplebeacon-report-export.browser.js(1086,55): error TS2345: Argument of type '{ productMockPathsOmitted: any; }' is not assignable to parameter of type 'string'.
ai-platform/web/simplebeacon-dashboard/js/utils/simplebeacon-report-export.browser.js(1196,16): error TS2339: Property 'exportSanitized' does not exist on type 'number'.
ai-platform/web/simplebeacon-dashboard/js/utils/simplebeacon-report-export.browser.js(1196,42): error TS2339: Property 'exportNormalized' does not exist on type 'number'.
ai-platform/web/simplebeacon-dashboard/js/utils/simplebeacon-report-export.browser.js(1196,74): error TS2339: Property 'exportNotes' does not exist on type 'number'.
ai-platform/web/simplebeacon-dashboard/js/views/AboutView.js(140,16): error TS2584: Cannot find name 'document'. Do you need to change your target library? Try changing the 'lib' compiler option to include 'dom'.
ai-platform/web/simplebeacon-dashboard/js/views/AnalyzeView.js(3,34): error TS2307: Cannot find module '../services/localScanService.js?v=20260709noise2' or its corresponding type declarations.
ai-platform/web/simplebeacon-dashboard/js/views/AnalyzeView.js(9,8): error TS2307: Cannot find module '../services/localAgentService.js?v=20260709noise3' or its corresponding type declarations.
ai-platform/web/simplebeacon-dashboard/js/views/AnalyzeView.js(59,8): error TS2307: Cannot find module '../services/analyzeService.js?v=20260531pathfix1' or its corresponding type declarations.
ai-platform/web/simplebeacon-dashboard/js/views/AnalyzeView.js(73,34): error TS2307: Cannot find module '../services/operatorService.js?v=20260531eupdf1' or its corresponding type declarations.
ai-platform/web/simplebeacon-dashboard/js/views/AnalyzeView.js(74,69): error TS2307: Cannot find module '../utils/analyze-mode-file-scope.browser.js?v=20260601roadmapscope1' or its corresponding type declarations.
ai-platform/web/simplebeacon-dashboard/js/views/AnalyzeView.js(75,44): error TS2307: Cannot find module '../utils/analyze-mode-file-results.browser.js?v=20260601filereconcile1' or its corresponding type declarations.
ai-platform/web/simplebeacon-dashboard/js/views/AnalyzeView.js(86,68): error TS2307: Cannot find module '../components/DataCleanupReport.js?v=20260527exec5' or its corresponding type declarations.
ai-platform/web/simplebeacon-dashboard/js/views/AnalyzeView.js(94,8): error TS2307: Cannot find module '../utils/completeScanAnalysis.js?v=20260601completescan1' or its corresponding type declarations.
ai-platform/web/simplebeacon-dashboard/js/views/AnalyzeView.js(95,40): error TS2307: Cannot find module '../utils/npm-audit-export.browser.js?v=20260601npmaudit5' or its corresponding type declarations.
ai-platform/web/simplebeacon-dashboard/js/views/AnalyzeView.js(96,98): error TS2307: Cannot find module '../utils/compliance-export.browser.js?v=20260601complianceexport7' or its corresponding type declarations.
ai-platform/web/simplebeacon-dashboard/js/views/AnalyzeView.js(107,8): error TS2307: Cannot find module '../utils/cleanupAssistant.js?v=20260601cleanupbrief9' or its corresponding type declarations.
ai-platform/web/simplebeacon-dashboard/js/views/AnalyzeView.js(108,44): error TS2307: Cannot find module '../utils/cleanup-brief-export.browser.js?v=20260601cleanupbrief9' or its corresponding type declarations.
ai-platform/web/simplebeacon-dashboard/js/views/AnalyzeView.js(109,49): error TS2307: Cannot find module '../utils/data-cleanup-export.browser.js?v=20260601datacleanup8' or its corresponding type declarations.
ai-platform/web/simplebeacon-dashboard/js/views/AnalyzeView.js(110,46): error TS2307: Cannot find module '../utils/codebase-export.browser.js?v=20260601codebase8' or its corresponding type declarations.
ai-platform/web/simplebeacon-dashboard/js/views/AnalyzeView.js(115,8): error TS2307: Cannot find module '../utils/ai-problem-analyzer-export.browser.js?v=20260531aianalyzerexport4' or its corresponding type declarations.
ai-platform/web/simplebeacon-dashboard/js/views/AnalyzeView.js(135,8): error TS2307: Cannot find module '../utils/snippetDiagnostic.js?v=20260531analyzers1' or its corresponding type declarations.
ai-platform/web/simplebeacon-dashboard/js/views/AnalyzeView.js(145,56): error TS2339: Property 'location' does not exist on type 'typeof window'.
ai-platform/web/simplebeacon-dashboard/js/views/AnalyzeView.js(615,41): error TS2322: Type 'number' is not assignable to type 'any[]'.
ai-platform/web/simplebeacon-dashboard/js/views/AnalyzeView.js(625,29): error TS2339: Property 'steps' does not exist on type 'string'.
ai-platform/web/simplebeacon-dashboard/js/views/AnalyzeView.js(626,34): error TS2339: Property 'enginesRun' does not exist on type 'string'.
ai-platform/web/simplebeacon-dashboard/js/views/AnalyzeView.js(627,18): error TS2339: Property 'enginesRun' does not exist on type 'string'.
ai-platform/web/simplebeacon-dashboard/js/views/AnalyzeView.js(628,19): error TS2339: Property 'analysisConfig' does not exist on type 'string'.
ai-platform/web/simplebeacon-dashboard/js/views/AnalyzeView.js(629,20): error TS2339: Property 'analysisConfig' does not exist on type 'string'.
ai-platform/web/simplebeacon-dashboard/js/views/AnalyzeView.js(1048,24): error TS2367: This comparison appears to be unintentional because the types 'any[]' and 'string' have no overlap.
ai-platform/web/simplebeacon-dashboard/js/views/AnalyzeView.js(1048,53): error TS2367: This comparison appears to be unintentional because the types 'any[]' and 'string' have no overlap.
ai-platform/web/simplebeacon-dashboard/js/views/AnalyzeView.js(1049,23): error TS2367: This comparison appears to be unintentional because the types 'any[]' and 'string' have no overlap.
ai-platform/web/simplebeacon-dashboard/js/views/AnalyzeView.js(1049,52): error TS2367: This comparison appears to be unintentional because the types 'any[]' and 'string' have no overlap.
ai-platform/web/simplebeacon-dashboard/js/views/AnalyzeView.js(1087,7): error TS2345: Argument of type 'string' is not assignable to parameter of type 'any[]'.
  Type 'string' is not assignable to type 'any[]'.
ai-platform/web/simplebeacon-dashboard/js/views/AnalyzeView.js(1095,7): error TS2345: Argument of type 'string' is not assignable to parameter of type 'any[]'.
  Type 'string' is not assignable to type 'any[]'.
ai-platform/web/simplebeacon-dashboard/js/views/AnalyzeView.js(1103,7): error TS2345: Argument of type 'string' is not assignable to parameter of type 'any[]'.
  Type 'string' is not assignable to type 'any[]'.
ai-platform/web/simplebeacon-dashboard/js/views/AnalyzeView.js(1111,7): error TS2345: Argument of type 'string' is not assignable to parameter of type 'any[]'.
  Type 'string' is not assignable to type 'any[]'.
ai-platform/web/simplebeacon-dashboard/js/views/AnalyzeView.js(1397,14): error TS2365: Operator '<' cannot be applied to types 'any[]' and 'number'.
ai-platform/web/simplebeacon-dashboard/js/views/AnalyzeView.js(1398,27): error TS2362: The left-hand side of an arithmetic operation must be of type 'any', 'number', 'bigint' or an enum type.
ai-platform/web/simplebeacon-dashboard/js/views/AnalyzeView.js(1477,56): error TS2339: Property 'acquireVsCodeApi' does not exist on type 'typeof window'.
ai-platform/web/simplebeacon-dashboard/js/views/AnalyzeView.js(1482,40): error TS2339: Property 'acquireVsCodeApi' does not exist on type 'typeof window'.
ai-platform/web/simplebeacon-dashboard/js/views/AnalyzeView.js(1492,27): error TS2339: Property 'acquireVsCodeApi' does not exist on type 'typeof window'.
ai-platform/web/simplebeacon-dashboard/js/views/AnalyzeView.js(1495,56): error TS2339: Property 'acquireVsCodeApi' does not exist on type 'typeof window'.
ai-platform/web/simplebeacon-dashboard/js/views/AnalyzeView.js(1500,26): error TS2339: Property 'acquireVsCodeApi' does not exist on type 'typeof window'.
ai-platform/web/simplebeacon-dashboard/js/views/AnalyzeView.js(1536,16): error TS2584: Cannot find name 'document'. Do you need to change your target library? Try changing the 'lib' compiler option to include 'dom'.
ai-platform/web/simplebeacon-dashboard/js/views/AnalyzeView.js(1543,72): error TS2339: Property '__SIMPLEBEACON_DASHBOARD_BUILD__' does not exist on type 'typeof window'.
ai-platform/web/simplebeacon-dashboard/js/views/AnalyzeView.js(1663,5): error TS2304: Cannot find name 'requestAnimationFrame'.
ai-platform/web/simplebeacon-dashboard/js/views/AnalyzeView.js(1699,73): error TS2339: Property 'acquireVsCodeApi' does not exist on type 'typeof window'.
ai-platform/web/simplebeacon-dashboard/js/views/AnalyzeView.js(2176,7): error TS2353: Object literal may only specify known properties, and 'analysisType' does not exist in type 'any[]'.
ai-platform/web/simplebeacon-dashboard/js/views/AnalyzeView.js(2220,7): error TS2353: Object literal may only specify known properties, and 'analysisType' does not exist in type 'any[]'.
ai-platform/web/simplebeacon-dashboard/js/views/AnalyzeView.js(2244,7): error TS2353: Object literal may only specify known properties, and 'analysisType' does not exist in type 'any[]'.
ai-platform/web/simplebeacon-dashboard/js/views/AnalyzeView.js(2484,29): error TS2584: Cannot find name 'document'. Do you need to change your target library? Try changing the 'lib' compiler option to include 'dom'.
ai-platform/web/simplebeacon-dashboard/js/views/AnalyzeView.js(2484,68): error TS2584: Cannot find name 'document'. Do you need to change your target library? Try changing the 'lib' compiler option to include 'dom'.
ai-platform/web/simplebeacon-dashboard/js/views/AnalyzeView.js(2488,25): error TS2584: Cannot find name 'document'. Do you need to change your target library? Try changing the 'lib' compiler option to include 'dom'.
ai-platform/web/simplebeacon-dashboard/js/views/AnalyzeView.js(2498,5): error TS2304: Cannot find name 'requestAnimationFrame'.
ai-platform/web/simplebeacon-dashboard/js/views/AnalyzeView.js(2503,23): error TS2584: Cannot find name 'document'. Do you need to change your target library? Try changing the 'lib' compiler option to include 'dom'.
ai-platform/web/simplebeacon-dashboard/js/views/AnalyzeView.js(3294,56): error TS2345: Argument of type 'number' is not assignable to parameter of type 'any[]'.
ai-platform/web/simplebeacon-dashboard/js/views/AnalyzeView.js(3421,14): error TS1064: The return type of an async function or method must be the global Promise<T> type. Did you mean to write 'Promise<any>'?
ai-platform/web/simplebeacon-dashboard/js/views/AnalyzeView.js(3521,5): error TS2304: Cannot find name 'requestAnimationFrame'.
ai-platform/web/simplebeacon-dashboard/js/views/AnalyzeView.js(3606,33): error TS2345: Argument of type 'number' is not assignable to parameter of type 'any[]'.
ai-platform/web/simplebeacon-dashboard/js/views/AnalyzeView.js(3621,26): error TS2584: Cannot find name 'document'. Do you need to change your target library? Try changing the 'lib' compiler option to include 'dom'.
ai-platform/web/simplebeacon-dashboard/js/views/AnalyzeView.js(3706,27): error TS2339: Property 'typeSelect' does not exist on type '{}'.
ai-platform/web/simplebeacon-dashboard/js/views/AnalyzeView.js(3715,7): error TS2353: Object literal may only specify known properties, and 'analysisType' does not exist in type 'any[]'.
ai-platform/web/simplebeacon-dashboard/js/views/AnalyzeView.js(3739,29): error TS2584: Cannot find name 'document'. Do you need to change your target library? Try changing the 'lib' compiler option to include 'dom'.
ai-platform/web/simplebeacon-dashboard/js/views/AnalyzeView.js(3739,68): error TS2584: Cannot find name 'document'. Do you need to change your target library? Try changing the 'lib' compiler option to include 'dom'.
ai-platform/web/simplebeacon-dashboard/js/views/AnalyzeView.js(3743,25): error TS2584: Cannot find name 'document'. Do you need to change your target library? Try changing the 'lib' compiler option to include 'dom'.
ai-platform/web/simplebeacon-dashboard/js/views/AnalyzeView.js(3758,5): error TS2304: Cannot find name 'requestAnimationFrame'.
ai-platform/web/simplebeacon-dashboard/js/views/AnalyzeView.js(3763,23): error TS2584: Cannot find name 'document'. Do you need to change your target library? Try changing the 'lib' compiler option to include 'dom'.
ai-platform/web/simplebeacon-dashboard/js/views/AnalyzeView.js(4155,57): error TS2554: Expected 2 arguments, but got 3.
ai-platform/web/simplebeacon-dashboard/js/views/AnalyzeView.js(4211,66): error TS2345: Argument of type '{ projectRoot: any; }' is not assignable to parameter of type 'number'.
ai-platform/web/simplebeacon-dashboard/js/views/AnalyzeView.js(4248,46): error TS2345: Argument of type '{ projectRoot: any; }' is not assignable to parameter of type 'number'.
ai-platform/web/simplebeacon-dashboard/js/views/AnalyzeView.js(4329,20): error TS2584: Cannot find name 'document'. Do you need to change your target library? Try changing the 'lib' compiler option to include 'dom'.
ai-platform/web/simplebeacon-dashboard/js/views/AnalyzeView.js(4332,19): error TS2584: Cannot find name 'document'. Do you need to change your target library? Try changing the 'lib' compiler option to include 'dom'.
ai-platform/web/simplebeacon-dashboard/js/views/AnalyzeView.js(4337,22): error TS2584: Cannot find name 'document'. Do you need to change your target library? Try changing the 'lib' compiler option to include 'dom'.
ai-platform/web/simplebeacon-dashboard/js/views/AnalyzeView.js(4342,19): error TS2584: Cannot find name 'document'. Do you need to change your target library? Try changing the 'lib' compiler option to include 'dom'.
ai-platform/web/simplebeacon-dashboard/js/views/AnalyzeView.js(4344,26): error TS2584: Cannot find name 'document'. Do you need to change your target library? Try changing the 'lib' compiler option to include 'dom'.
ai-platform/web/simplebeacon-dashboard/js/views/AnalyzeView.js(4352,23): error TS2584: Cannot find name 'document'. Do you need to change your target library? Try changing the 'lib' compiler option to include 'dom'.
ai-platform/web/simplebeacon-dashboard/js/views/AnalyzeView.js(4367,19): error TS2584: Cannot find name 'document'. Do you need to change your target library? Try changing the 'lib' compiler option to include 'dom'.
ai-platform/web/simplebeacon-dashboard/js/views/AnalyzeView.js(4369,26): error TS2584: Cannot find name 'document'. Do you need to change your target library? Try changing the 'lib' compiler option to include 'dom'.
ai-platform/web/simplebeacon-dashboard/js/views/AnalyzeView.js(4375,19): error TS2584: Cannot find name 'document'. Do you need to change your target library? Try changing the 'lib' compiler option to include 'dom'.
ai-platform/web/simplebeacon-dashboard/js/views/AnalyzeView.js(4377,23): error TS2584: Cannot find name 'document'. Do you need to change your target library? Try changing the 'lib' compiler option to include 'dom'.
ai-platform/web/simplebeacon-dashboard/js/views/AnalyzeView.js(4388,21): error TS2584: Cannot find name 'document'. Do you need to change your target library? Try changing the 'lib' compiler option to include 'dom'.
ai-platform/web/simplebeacon-dashboard/js/views/AnalyzeView.js(4455,9): error TS2353: Object literal may only specify known properties, and 'analysisType' does not exist in type 'any[]'.
ai-platform/web/simplebeacon-dashboard/js/views/AnalyzeView.js(4475,9): error TS2353: Object literal may only specify known properties, and 'analysisType' does not exist in type 'any[]'.
ai-platform/web/simplebeacon-dashboard/js/views/AnalyzeView.js(4485,9): error TS2353: Object literal may only specify known properties, and 'analysisType' does not exist in type 'any[]'.
ai-platform/web/simplebeacon-dashboard/js/views/AnalyzeView.js(4495,9): error TS2353: Object literal may only specify known properties, and 'analysisType' does not exist in type 'any[]'.
ai-platform/web/simplebeacon-dashboard/js/views/AnalyzeView.js(4561,75): error TS2339: Property 'acquireVsCodeApi' does not exist on type 'typeof window'.
ai-platform/web/simplebeacon-dashboard/js/views/AnalyzeView.js(4698,17): error TS2584: Cannot find name 'document'. Do you need to change your target library? Try changing the 'lib' compiler option to include 'dom'.
ai-platform/web/simplebeacon-dashboard/js/views/AnalyzeView.js(4862,11): error TS2353: Object literal may only specify known properties, and 'context' does not exist in type 'any[]'.
ai-platform/web/simplebeacon-dashboard/js/views/AnalyzeView.js(4903,9): error TS2554: Expected 2 arguments, but got 3.
ai-platform/web/simplebeacon-dashboard/js/views/AnalyzeView.js(5199,14): error TS2339: Property 'addEventListener' does not exist on type 'typeof window'.
ai-platform/web/simplebeacon-dashboard/js/views/AnalyzeView.js(5215,108): error TS2339: Property 'location' does not exist on type 'typeof window'.
ai-platform/web/simplebeacon-dashboard/js/views/AnalyzeView.js(5255,17): error TS2339: Property 'success' does not exist on type 'unknown'.
ai-platform/web/simplebeacon-dashboard/js/views/AnalyzeView.js(5256,85): error TS2339: Property 'error' does not exist on type 'unknown'.
ai-platform/web/simplebeacon-dashboard/js/views/AnalyzeView.js(5259,28): error TS2339: Property 'current' does not exist on type 'unknown'.
ai-platform/web/simplebeacon-dashboard/js/views/AnalyzeView.js(5262,17): error TS2339: Property 'directories' does not exist on type 'unknown'.
ai-platform/web/simplebeacon-dashboard/js/views/AnalyzeView.js(5262,37): error TS2339: Property 'directories' does not exist on type 'unknown'.
ai-platform/web/simplebeacon-dashboard/js/views/AnalyzeView.js(5266,31): error TS2339: Property 'parent' does not exist on type 'unknown'.
ai-platform/web/simplebeacon-dashboard/js/views/AnalyzeView.js(5267,71): error TS2339: Property 'parent' does not exist on type 'unknown'.
ai-platform/web/simplebeacon-dashboard/js/views/AnalyzeView.js(5271,26): error TS2339: Property 'directories' does not exist on type 'unknown'.
ai-platform/web/simplebeacon-dashboard/js/views/AnalyzeView.js(5314,15): error TS2339: Property 'process' does not exist on type 'typeof window'.
ai-platform/web/simplebeacon-dashboard/js/views/AnalyzeView.js(5316,17): error TS2339: Property 'showDirectoryPicker' does not exist on type 'typeof window'.
ai-platform/web/simplebeacon-dashboard/js/views/AnalyzeView.js(5318,38): error TS2339: Property 'showDirectoryPicker' does not exist on type 'typeof window'.
ai-platform/web/simplebeacon-dashboard/js/views/AnalyzeView.js(5362,17): error TS2584: Cannot find name 'document'. Do you need to change your target library? Try changing the 'lib' compiler option to include 'dom'.
ai-platform/web/simplebeacon-dashboard/js/views/AnalyzeView.js(5541,26): error TS2304: Cannot find name 'FileReader'.
ai-platform/web/simplebeacon-dashboard/js/views/AnalyzeView.js(5615,11): error TS2345: Argument of type 'string' is not assignable to parameter of type 'number'.
ai-platform/web/simplebeacon-dashboard/js/views/AnalyzeView.js(5625,14): error TS2345: Argument of type 'string' is not assignable to parameter of type 'number'.
ai-platform/web/simplebeacon-dashboard/js/views/AnalyzeView.js(5628,14): error TS2345: Argument of type 'string' is not assignable to parameter of type 'number'.
ai-platform/web/simplebeacon-dashboard/js/views/AnalyzeView.js(5632,16): error TS2345: Argument of type 'string' is not assignable to parameter of type 'number'.
ai-platform/web/simplebeacon-dashboard/js/views/AnalyzeView.js(5637,27): error TS2345: Argument of type 'string' is not assignable to parameter of type 'number'.
ai-platform/web/simplebeacon-dashboard/js/views/AnalyzeView.js(5647,16): error TS2345: Argument of type 'string' is not assignable to parameter of type 'number'.
ai-platform/web/simplebeacon-dashboard/js/views/AnalyzeView.js(5653,35): error TS2345: Argument of type 'string' is not assignable to parameter of type 'number'.
ai-platform/web/simplebeacon-dashboard/js/views/AnalyzeView.js(5658,32): error TS2345: Argument of type 'string' is not assignable to parameter of type 'number'.
ai-platform/web/simplebeacon-dashboard/js/views/AnalyzeView.js(5662,35): error TS2345: Argument of type 'string' is not assignable to parameter of type 'number'.
ai-platform/web/simplebeacon-dashboard/js/views/AnalyzeView.js(5667,37): error TS2345: Argument of type 'string' is not assignable to parameter of type 'number'.
ai-platform/web/simplebeacon-dashboard/js/views/AnalyzeView.js(5944,14): error TS2304: Cannot find name 'DragEvent'.
ai-platform/web/simplebeacon-dashboard/js/views/AnalyzeView.js(6004,14): error TS2304: Cannot find name 'FileList'.
ai-platform/web/simplebeacon-dashboard/js/views/AnalyzeView.js(6006,14): error TS2304: Cannot find name 'DragEvent'.
ai-platform/web/simplebeacon-dashboard/js/views/AnalyzeView.js(6007,14): error TS2304: Cannot find name 'FileSystemDirectoryHandle'.
ai-platform/web/simplebeacon-dashboard/js/views/AnalyzeView.js(6007,40): error TS2304: Cannot find name 'FileSystemDirectoryEntry'.
ai-platform/web/simplebeacon-dashboard/js/views/AnalyzeView.js(6052,34): error TS2339: Property 'showDirectoryPicker' does not exist on type 'typeof window'.
ai-platform/web/simplebeacon-dashboard/js/views/AnalyzeView.js(6173,51): error TS2584: Cannot find name 'document'. Do you need to change your target library? Try changing the 'lib' compiler option to include 'dom'.
ai-platform/web/simplebeacon-dashboard/js/views/AnalyzeView.js(6232,30): error TS2353: Object literal may only specify known properties, and 'analysisType' does not exist in type 'any[]'.
ai-platform/web/simplebeacon-dashboard/js/views/AnalyzeView.js(6280,17): error TS2339: Property 'showDirectoryPicker' does not exist on type 'typeof window'.
ai-platform/web/simplebeacon-dashboard/js/views/AnalyzeView.js(6359,19): error TS2339: Property 'showDirectoryPicker' does not exist on type 'typeof window'.
ai-platform/web/simplebeacon-dashboard/js/views/AnalyzeView.js(6451,24): error TS2353: Object literal may only specify known properties, and 'analysisType' does not exist in type 'any[]'.
ai-platform/web/simplebeacon-dashboard/js/views/AnalyzeView.js(6461,14): error TS2339: Property 'location' does not exist on type 'typeof window'.
ai-platform/web/simplebeacon-dashboard/js/views/AnalyzeView.js(6882,14): error TS1064: The return type of an async function or method must be the global Promise<T> type. Did you mean to write 'Promise<any>'?
ai-platform/web/simplebeacon-dashboard/js/views/AnalyzeView.js(7793,16): error TS2339: Property 'open' does not exist on type 'typeof window'.
ai-platform/web/simplebeacon-dashboard/js/views/AnalyzeView.js(7837,16): error TS2339: Property 'open' does not exist on type 'typeof window'.
ai-platform/web/simplebeacon-dashboard/js/views/AnalyzeView.js(7872,16): error TS2339: Property 'open' does not exist on type 'typeof window'.
ai-platform/web/simplebeacon-dashboard/js/views/AnalyzeView.js(7896,32): error TS2740: Type '{}' is missing the following properties from type 'any[]': length, pop, push, concat, and 29 more.
ai-platform/web/simplebeacon-dashboard/js/views/AnalyzeView.js(7903,47): error TS2339: Property 'category' does not exist on type 'any[]'.
ai-platform/web/simplebeacon-dashboard/js/views/AnalyzeView.js(7906,69): error TS2339: Property 'action' does not exist on type 'any[]'.
ai-platform/web/simplebeacon-dashboard/js/views/AnalyzeView.js(7907,43): error TS2339: Property 'effort' does not exist on type 'any[]'.
ai-platform/web/simplebeacon-dashboard/js/views/AnalyzeView.js(7915,88): error TS2353: Object literal may only specify known properties, and 'category' does not exist in type 'any[]'.
ai-platform/web/simplebeacon-dashboard/js/views/AnalyzeView.js(7916,103): error TS2353: Object literal may only specify known properties, and 'category' does not exist in type 'any[]'.
ai-platform/web/simplebeacon-dashboard/js/views/AnalyzeView.js(7917,91): error TS2353: Object literal may only specify known properties, and 'category' does not exist in type 'any[]'.
ai-platform/web/simplebeacon-dashboard/js/views/AnalyzeView.js(7918,78): error TS2353: Object literal may only specify known properties, and 'category' does not exist in type 'any[]'.
ai-platform/web/simplebeacon-dashboard/js/views/AnalyzeView.js(7923,88): error TS2353: Object literal may only specify known properties, and 'category' does not exist in type 'any[]'.
ai-platform/web/simplebeacon-dashboard/js/views/AnalyzeView.js(7924,84): error TS2353: Object literal may only specify known properties, and 'category' does not exist in type 'any[]'.
ai-platform/web/simplebeacon-dashboard/js/views/AnalyzeView.js(7925,89): error TS2353: Object literal may only specify known properties, and 'category' does not exist in type 'any[]'.
ai-platform/web/simplebeacon-dashboard/js/views/AnalyzeView.js(7937,18): error TS2353: Object literal may only specify known properties, and 'category' does not exist in type 'any[]'.
ai-platform/web/simplebeacon-dashboard/js/views/AnalyzeView.js(7940,88): error TS2353: Object literal may only specify known properties, and 'category' does not exist in type 'any[]'.
ai-platform/web/simplebeacon-dashboard/js/views/AnalyzeView.js(7952,18): error TS2353: Object literal may only specify known properties, and 'category' does not exist in type 'any[]'.
ai-platform/web/simplebeacon-dashboard/js/views/AnalyzeView.js(7957,27): error TS2353: Object literal may only specify known properties, and 'category' does not exist in type 'any[]'.
ai-platform/web/simplebeacon-dashboard/js/views/AnalyzeView.js(7971,18): error TS2353: Object literal may only specify known properties, and 'category' does not exist in type 'any[]'.
ai-platform/web/simplebeacon-dashboard/js/views/AnalyzeView.js(8147,9): error TS2353: Object literal may only specify known properties, and 'projectPath' does not exist in type '{ scanKind?: string; compliance?: any; }'.
ai-platform/web/simplebeacon-dashboard/js/views/AnalyzeView.js(8169,39): error TS2339: Property 'projectPath' does not exist on type '{ scanKind?: string; compliance?: any; }'.
ai-platform/web/simplebeacon-dashboard/js/views/AnalyzeView.js(8208,9): error TS2353: Object literal may only specify known properties, and 'projectPath' does not exist in type '{ scanKind?: string; compliance?: any; }'.
ai-platform/web/simplebeacon-dashboard/js/views/AnalyzeView.js(8988,18): error TS2584: Cannot find name 'document'. Do you need to change your target library? Try changing the 'lib' compiler option to include 'dom'.
ai-platform/web/simplebeacon-dashboard/js/views/AnalyzeView.js(8989,33): error TS2339: Property 'scrollY' does not exist on type 'typeof window'.
ai-platform/web/simplebeacon-dashboard/js/views/AnalyzeView.js(8989,51): error TS2339: Property 'pageYOffset' does not exist on type 'typeof window'.
ai-platform/web/simplebeacon-dashboard/js/views/AnalyzeView.js(8989,66): error TS2584: Cannot find name 'document'. Do you need to change your target library? Try changing the 'lib' compiler option to include 'dom'.
ai-platform/web/simplebeacon-dashboard/js/views/AnalyzeView.js(8998,5): error TS2304: Cannot find name 'requestAnimationFrame'.
ai-platform/web/simplebeacon-dashboard/js/views/AnalyzeView.js(8999,7): error TS2304: Cannot find name 'requestAnimationFrame'.
ai-platform/web/simplebeacon-dashboard/js/views/AnalyzeView.js(9000,16): error TS2339: Property 'scrollTo' does not exist on type 'typeof window'.
ai-platform/web/simplebeacon-dashboard/js/views/AnalyzeView.js(9059,44): error TS2584: Cannot find name 'document'. Do you need to change your target library? Try changing the 'lib' compiler option to include 'dom'.
ai-platform/web/simplebeacon-dashboard/js/views/AnalyzeView.js(9066,26): error TS2353: Object literal may only specify known properties, and 'analysisType' does not exist in type 'any[]'.
ai-platform/web/simplebeacon-dashboard/js/views/AnalyzeView.js(9141,111): error TS2339: Property 'location' does not exist on type 'typeof window'.
ai-platform/web/simplebeacon-dashboard/js/views/AnalyzeView.js(9160,109): error TS2339: Property 'location' does not exist on type 'typeof window'.
ai-platform/web/simplebeacon-dashboard/js/views/AnalyzeView.js(9167,18): error TS2339: Property 'success' does not exist on type 'unknown'.
ai-platform/web/simplebeacon-dashboard/js/views/AnalyzeView.js(9168,20): error TS2339: Property 'content' does not exist on type 'unknown'.
ai-platform/web/simplebeacon-dashboard/js/views/AnalyzeView.js(9170,31): error TS2339: Property 'clipboard' does not exist on type 'Navigator'.
ai-platform/web/simplebeacon-dashboard/js/views/AnalyzeView.js(9170,56): error TS2339: Property 'content' does not exist on type 'unknown'.
ai-platform/web/simplebeacon-dashboard/js/views/AnalyzeView.js(9179,40): error TS2339: Property 'error' does not exist on type 'unknown'.
ai-platform/web/simplebeacon-dashboard/js/views/AnalyzeView.js(9209,63): error TS2554: Expected 0 arguments, but got 1.
ai-platform/web/simplebeacon-dashboard/js/views/AnalyzeView.js(9368,14): error TS1064: The return type of an async function or method must be the global Promise<T> type. Did you mean to write 'Promise<any>'?
ai-platform/web/simplebeacon-dashboard/js/views/AnalyzeView.js(9380,23): error TS2339: Property 'clipboard' does not exist on type 'Navigator'.
ai-platform/web/simplebeacon-dashboard/js/views/AnalyzeView.js(9381,27): error TS2339: Property 'clipboard' does not exist on type 'Navigator'.
ai-platform/web/simplebeacon-dashboard/js/views/AnalyzeView.js(9383,28): error TS2584: Cannot find name 'document'. Do you need to change your target library? Try changing the 'lib' compiler option to include 'dom'.
ai-platform/web/simplebeacon-dashboard/js/views/AnalyzeView.js(9388,11): error TS2584: Cannot find name 'document'. Do you need to change your target library? Try changing the 'lib' compiler option to include 'dom'.
ai-platform/web/simplebeacon-dashboard/js/views/AnalyzeView.js(9390,11): error TS2584: Cannot find name 'document'. Do you need to change your target library? Try changing the 'lib' compiler option to include 'dom'.
ai-platform/web/simplebeacon-dashboard/js/views/AnalyzeView.js(9391,11): error TS2584: Cannot find name 'document'. Do you need to change your target library? Try changing the 'lib' compiler option to include 'dom'.
ai-platform/web/simplebeacon-dashboard/js/views/AnalyzeView.js(9568,25): error TS2339: Property 'clipboard' does not exist on type 'Navigator'.
ai-platform/web/simplebeacon-dashboard/js/views/AnalyzeView.js(9651,23): error TS2339: Property 'lucide' does not exist on type 'typeof window'.
ai-platform/web/simplebeacon-dashboard/js/views/AnalyzeView.js(9651,54): error TS2339: Property 'lucide' does not exist on type 'typeof window'.
ai-platform/web/simplebeacon-dashboard/js/views/AnalyzeView.js(9658,16): error TS2339: Property 'location' does not exist on type 'typeof window'.
ai-platform/web/simplebeacon-dashboard/js/views/AnalyzeView.js(9659,44): error TS2339: Property 'location' does not exist on type 'typeof window'.
ai-platform/web/simplebeacon-dashboard/js/views/AnalyzeView.js(9660,17): error TS2339: Property 'location' does not exist on type 'typeof window'.
ai-platform/web/simplebeacon-dashboard/js/views/AnalyzeView.js(9661,17): error TS2339: Property 'location' does not exist on type 'typeof window'.
ai-platform/web/simplebeacon-dashboard/js/views/AnalyzeView.js(9662,17): error TS2339: Property 'location' does not exist on type 'typeof window'.
ai-platform/web/simplebeacon-dashboard/js/views/AnalyzeView.js(9663,17): error TS2339: Property 'location' does not exist on type 'typeof window'.
ai-platform/web/simplebeacon-dashboard/js/views/AnalyzeView.js(9674,18): error TS2339: Property 'type' does not exist on type 'unknown'.
ai-platform/web/simplebeacon-dashboard/js/views/AnalyzeView.js(9674,64): error TS2339: Property 'results' does not exist on type 'unknown'.
ai-platform/web/simplebeacon-dashboard/js/views/AnalyzeView.js(9675,36): error TS2339: Property 'generatedAt' does not exist on type 'unknown'.
ai-platform/web/simplebeacon-dashboard/js/views/AnalyzeView.js(9675,56): error TS2339: Property 'report' does not exist on type 'unknown'.
ai-platform/web/simplebeacon-dashboard/js/views/AssessmentView.js(90,16): error TS2584: Cannot find name 'document'. Do you need to change your target library? Try changing the 'lib' compiler option to include 'dom'.
ai-platform/web/simplebeacon-dashboard/js/views/AssessmentView.js(160,29): error TS2554: Expected 0 arguments, but got 1.
ai-platform/web/simplebeacon-dashboard/js/views/AuditView.js(76,15): error TS2339: Property 'mockSampleFiles' does not exist on type 'any[]'.
ai-platform/web/simplebeacon-dashboard/js/views/AuditView.js(77,40): error TS2339: Property 'mockSampleFiles' does not exist on type 'any[]'.
ai-platform/web/simplebeacon-dashboard/js/views/AuditView.js(79,15): error TS2339: Property 'filesAnalyzed' does not exist on type 'any[]'.
ai-platform/web/simplebeacon-dashboard/js/views/AuditView.js(80,40): error TS2339: Property 'filesAnalyzed' does not exist on type 'any[]'.
ai-platform/web/simplebeacon-dashboard/js/views/AuditView.js(82,15): error TS2339: Property 'inventoryFiles' does not exist on type 'any[]'.
ai-platform/web/simplebeacon-dashboard/js/views/AuditView.js(83,40): error TS2339: Property 'inventoryFiles' does not exist on type 'any[]'.
ai-platform/web/simplebeacon-dashboard/js/views/AuditView.js(83,93): error TS2339: Property 'inventoryFolders' does not exist on type 'any[]'.
ai-platform/web/simplebeacon-dashboard/js/views/AuditView.js(87,24): error TS2339: Property 'lastScan' does not exist on type 'any[]'.
ai-platform/web/simplebeacon-dashboard/js/views/AuditView.js(88,37): error TS2339: Property 'lastScan' does not exist on type 'any[]'.
ai-platform/web/simplebeacon-dashboard/js/views/AuditView.js(118,56): error TS2339: Property 'acquireVsCodeApi' does not exist on type 'typeof window'.
ai-platform/web/simplebeacon-dashboard/js/views/AuditView.js(120,38): error TS2339: Property 'acquireVsCodeApi' does not exist on type 'typeof window'.
ai-platform/web/simplebeacon-dashboard/js/views/AuditView.js(285,16): error TS2584: Cannot find name 'document'. Do you need to change your target library? Try changing the 'lib' compiler option to include 'dom'.
ai-platform/web/simplebeacon-dashboard/js/views/AuditView.js(448,109): error TS2339: Property 'location' does not exist on type 'typeof window'.
ai-platform/web/simplebeacon-dashboard/js/views/AuditView.js(469,18): error TS2339: Property 'success' does not exist on type 'unknown'.
ai-platform/web/simplebeacon-dashboard/js/views/AuditView.js(469,34): error TS2339: Property 'content' does not exist on type 'unknown'.
ai-platform/web/simplebeacon-dashboard/js/views/AuditView.js(469,61): error TS2339: Property 'clipboard' does not exist on type 'Navigator'.
ai-platform/web/simplebeacon-dashboard/js/views/AuditView.js(469,86): error TS2339: Property 'content' does not exist on type 'unknown'.
ai-platform/web/simplebeacon-dashboard/js/views/AuditView.js(508,5): error TS2304: Cannot find name 'requestAnimationFrame'.
ai-platform/web/simplebeacon-dashboard/js/views/AuditView.js(509,7): error TS2584: Cannot find name 'document'. Do you need to change your target library? Try changing the 'lib' compiler option to include 'dom'.
ai-platform/web/simplebeacon-dashboard/js/views/ChatbotView.js(126,17): error TS2584: Cannot find name 'document'. Do you need to change your target library? Try changing the 'lib' compiler option to include 'dom'.
ai-platform/web/simplebeacon-dashboard/js/views/ChatbotView.js(127,18): error TS2584: Cannot find name 'document'. Do you need to change your target library? Try changing the 'lib' compiler option to include 'dom'.
ai-platform/web/simplebeacon-dashboard/js/views/ChatbotView.js(128,19): error TS2584: Cannot find name 'document'. Do you need to change your target library? Try changing the 'lib' compiler option to include 'dom'.
ai-platform/web/simplebeacon-dashboard/js/views/ChatbotView.js(129,21): error TS2584: Cannot find name 'document'. Do you need to change your target library? Try changing the 'lib' compiler option to include 'dom'.
ai-platform/web/simplebeacon-dashboard/js/views/ChatbotView.js(151,20): error TS2584: Cannot find name 'document'. Do you need to change your target library? Try changing the 'lib' compiler option to include 'dom'.
ai-platform/web/simplebeacon-dashboard/js/views/ChatbotView.js(168,20): error TS2584: Cannot find name 'document'. Do you need to change your target library? Try changing the 'lib' compiler option to include 'dom'.
ai-platform/web/simplebeacon-dashboard/js/views/ChatbotView.js(173,21): error TS2584: Cannot find name 'document'. Do you need to change your target library? Try changing the 'lib' compiler option to include 'dom'.
ai-platform/web/simplebeacon-dashboard/js/views/ChatbotView.js(174,19): error TS2584: Cannot find name 'document'. Do you need to change your target library? Try changing the 'lib' compiler option to include 'dom'.
ai-platform/web/simplebeacon-dashboard/js/views/ChatbotView.js(175,22): error TS2584: Cannot find name 'document'. Do you need to change your target library? Try changing the 'lib' compiler option to include 'dom'.
ai-platform/web/simplebeacon-dashboard/js/views/ChatbotView.js(176,28): error TS2584: Cannot find name 'document'. Do you need to change your target library? Try changing the 'lib' compiler option to include 'dom'.
ai-platform/web/simplebeacon-dashboard/js/views/ChatbotView.js(198,26): error TS2584: Cannot find name 'document'. Do you need to change your target library? Try changing the 'lib' compiler option to include 'dom'.
ai-platform/web/simplebeacon-dashboard/js/views/ChatbotView.js(199,25): error TS2584: Cannot find name 'document'. Do you need to change your target library? Try changing the 'lib' compiler option to include 'dom'.
ai-platform/web/simplebeacon-dashboard/js/views/ChatbotView.js(200,24): error TS2584: Cannot find name 'document'. Do you need to change your target library? Try changing the 'lib' compiler option to include 'dom'.
ai-platform/web/simplebeacon-dashboard/js/views/ChatbotView.js(201,25): error TS2584: Cannot find name 'document'. Do you need to change your target library? Try changing the 'lib' compiler option to include 'dom'.
ai-platform/web/simplebeacon-dashboard/js/views/ChatbotView.js(202,28): error TS2584: Cannot find name 'document'. Do you need to change your target library? Try changing the 'lib' compiler option to include 'dom'.
ai-platform/web/simplebeacon-dashboard/js/views/ChatbotView.js(242,28): error TS2584: Cannot find name 'document'. Do you need to change your target library? Try changing the 'lib' compiler option to include 'dom'.
ai-platform/web/simplebeacon-dashboard/js/views/ChatbotView.js(243,27): error TS2584: Cannot find name 'document'. Do you need to change your target library? Try changing the 'lib' compiler option to include 'dom'.
ai-platform/web/simplebeacon-dashboard/js/views/ChatbotView.js(244,26): error TS2584: Cannot find name 'document'. Do you need to change your target library? Try changing the 'lib' compiler option to include 'dom'.
ai-platform/web/simplebeacon-dashboard/js/views/ChatbotView.js(245,31): error TS2584: Cannot find name 'document'. Do you need to change your target library? Try changing the 'lib' compiler option to include 'dom'.
ai-platform/web/simplebeacon-dashboard/js/views/ChatbotView.js(246,35): error TS2584: Cannot find name 'document'. Do you need to change your target library? Try changing the 'lib' compiler option to include 'dom'.
ai-platform/web/simplebeacon-dashboard/js/views/ChatbotView.js(267,25): error TS2584: Cannot find name 'document'. Do you need to change your target library? Try changing the 'lib' compiler option to include 'dom'.
ai-platform/web/simplebeacon-dashboard/js/views/ChatbotView.js(268,23): error TS2584: Cannot find name 'document'. Do you need to change your target library? Try changing the 'lib' compiler option to include 'dom'.
ai-platform/web/simplebeacon-dashboard/js/views/ChatbotView.js(269,27): error TS2584: Cannot find name 'document'. Do you need to change your target library? Try changing the 'lib' compiler option to include 'dom'.
ai-platform/web/simplebeacon-dashboard/js/views/ChatbotView.js(270,27): error TS2584: Cannot find name 'document'. Do you need to change your target library? Try changing the 'lib' compiler option to include 'dom'.
ai-platform/web/simplebeacon-dashboard/js/views/ChatbotView.js(282,19): error TS2584: Cannot find name 'document'. Do you need to change your target library? Try changing the 'lib' compiler option to include 'dom'.
ai-platform/web/simplebeacon-dashboard/js/views/ChatbotView.js(285,5): error TS2584: Cannot find name 'document'. Do you need to change your target library? Try changing the 'lib' compiler option to include 'dom'.
ai-platform/web/simplebeacon-dashboard/js/views/ChatbotView.js(290,28): error TS2584: Cannot find name 'document'. Do you need to change your target library? Try changing the 'lib' compiler option to include 'dom'.
ai-platform/web/simplebeacon-dashboard/js/views/ChatbotView.js(297,18): error TS2339: Property 'prompt' does not exist on type 'unknown'.
ai-platform/web/simplebeacon-dashboard/js/views/ChatbotView.js(297,54): error TS2339: Property 'prompt' does not exist on type 'unknown'.
ai-platform/web/simplebeacon-dashboard/js/views/ChatbotView.js(309,20): error TS2584: Cannot find name 'document'. Do you need to change your target library? Try changing the 'lib' compiler option to include 'dom'.
ai-platform/web/simplebeacon-dashboard/js/views/ChatbotView.js(321,31): error TS2339: Property 'providers' does not exist on type 'unknown'.
ai-platform/web/simplebeacon-dashboard/js/views/ChatbotView.js(321,50): error TS2339: Property 'providers' does not exist on type 'unknown'.
ai-platform/web/simplebeacon-dashboard/js/views/ChatbotView.js(326,12): error TS2339: Property 'providers' does not exist on type 'unknown'.
ai-platform/web/simplebeacon-dashboard/js/views/ChatbotView.js(327,24): error TS2584: Cannot find name 'document'. Do you need to change your target library? Try changing the 'lib' compiler option to include 'dom'.
ai-platform/web/simplebeacon-dashboard/js/views/ChatbotView.js(334,35): error TS2339: Property 'providers' does not exist on type 'unknown'.
ai-platform/web/simplebeacon-dashboard/js/views/ChatbotView.js(343,24): error TS2584: Cannot find name 'document'. Do you need to change your target library? Try changing the 'lib' compiler option to include 'dom'.
ai-platform/web/simplebeacon-dashboard/js/views/ChatbotView.js(353,19): error TS2584: Cannot find name 'document'. Do you need to change your target library? Try changing the 'lib' compiler option to include 'dom'.
ai-platform/web/simplebeacon-dashboard/js/views/ChatbotView.js(404,25): error TS2584: Cannot find name 'document'. Do you need to change your target library? Try changing the 'lib' compiler option to include 'dom'.
ai-platform/web/simplebeacon-dashboard/js/views/ChatbotView.js(417,18): error TS2339: Property 'success' does not exist on type 'unknown'.
ai-platform/web/simplebeacon-dashboard/js/views/ChatbotView.js(418,74): error TS2339: Property 'response' does not exist on type 'unknown'.
ai-platform/web/simplebeacon-dashboard/js/views/ChatbotView.js(420,37): error TS2339: Property 'message' does not exist on type 'unknown'.
ai-platform/web/simplebeacon-dashboard/js/views/ChatbotView.js(444,14): error TS2304: Cannot find name 'HTMLElement'.
ai-platform/web/simplebeacon-dashboard/js/views/ChatbotView.js(473,33): error TS2584: Cannot find name 'document'. Do you need to change your target library? Try changing the 'lib' compiler option to include 'dom'.
ai-platform/web/simplebeacon-dashboard/js/views/ChatbotView.js(495,23): error TS2584: Cannot find name 'document'. Do you need to change your target library? Try changing the 'lib' compiler option to include 'dom'.
ai-platform/web/simplebeacon-dashboard/js/views/ChatbotView.js(643,17): error TS2584: Cannot find name 'document'. Do you need to change your target library? Try changing the 'lib' compiler option to include 'dom'.
ai-platform/web/simplebeacon-dashboard/js/views/ChatbotView.js(651,23): error TS2584: Cannot find name 'document'. Do you need to change your target library? Try changing the 'lib' compiler option to include 'dom'.
ai-platform/web/simplebeacon-dashboard/js/views/ChatbotView.js(654,23): error TS2584: Cannot find name 'document'. Do you need to change your target library? Try changing the 'lib' compiler option to include 'dom'.
ai-platform/web/simplebeacon-dashboard/js/views/ChatbotView.js(672,23): error TS2584: Cannot find name 'document'. Do you need to change your target library? Try changing the 'lib' compiler option to include 'dom'.
ai-platform/web/simplebeacon-dashboard/js/views/ChatbotView.js(734,15): error TS2339: Property 'clipboard' does not exist on type 'Navigator'.
ai-platform/web/simplebeacon-dashboard/js/views/ChatbotView.js(736,19): error TS2584: Cannot find name 'document'. Do you need to change your target library? Try changing the 'lib' compiler option to include 'dom'.
ai-platform/web/simplebeacon-dashboard/js/views/CodeMapView.js(134,36): error TS2448: Block-scoped variable 'totalFiles' used before its declaration.
ai-platform/web/simplebeacon-dashboard/js/views/CodeMapView.js(134,59): error TS2448: Block-scoped variable 'totalFiles' used before its declaration.
ai-platform/web/simplebeacon-dashboard/js/views/CodeMapView.js(134,86): error TS2448: Block-scoped variable 'totalFiles' used before its declaration.
ai-platform/web/simplebeacon-dashboard/js/views/CodeMapView.js(135,38): error TS2448: Block-scoped variable 'totalFolders' used before its declaration.
ai-platform/web/simplebeacon-dashboard/js/views/CodeMapView.js(135,63): error TS2448: Block-scoped variable 'totalFolders' used before its declaration.
ai-platform/web/simplebeacon-dashboard/js/views/CodeMapView.js(135,92): error TS2448: Block-scoped variable 'totalFolders' used before its declaration.
ai-platform/web/simplebeacon-dashboard/js/views/CodeMapView.js(136,35): error TS2448: Block-scoped variable 'qualityScore' used before its declaration.
ai-platform/web/simplebeacon-dashboard/js/views/CodeMapView.js(136,60): error TS2448: Block-scoped variable 'qualityScore' used before its declaration.
ai-platform/web/simplebeacon-dashboard/js/views/CodeMapView.js(136,89): error TS2448: Block-scoped variable 'qualityScore' used before its declaration.
ai-platform/web/simplebeacon-dashboard/js/views/CodeMapView.js(137,46): error TS2304: Cannot find name 'pass'.
ai-platform/web/simplebeacon-dashboard/js/views/CodeMapView.js(137,63): error TS2304: Cannot find name 'pass'.
ai-platform/web/simplebeacon-dashboard/js/views/CodeMapView.js(137,84): error TS2304: Cannot find name 'pass'.
ai-platform/web/simplebeacon-dashboard/js/views/DashboardView.js(10,98): error TS2307: Cannot find module '../components/ScanStatus.js?v=20260710dragfix1' or its corresponding type declarations.
ai-platform/web/simplebeacon-dashboard/js/views/DashboardView.js(26,23): error TS2339: Property 'severityCounts' does not exist on type 'number'.
ai-platform/web/simplebeacon-dashboard/js/views/DashboardView.js(46,45): error TS2554: Expected 3 arguments, but got 2.
ai-platform/web/simplebeacon-dashboard/js/views/DashboardView.js(100,63): error TS2339: Property 'fictionKpiHits' does not exist on type 'number'.
ai-platform/web/simplebeacon-dashboard/js/views/DashboardView.js(101,64): error TS2339: Property 'schemaCompliance' does not exist on type 'number'.
ai-platform/web/simplebeacon-dashboard/js/views/DashboardView.js(103,64): error TS2339: Property 'consistencyScore' does not exist on type 'number'.
ai-platform/web/simplebeacon-dashboard/js/views/DashboardView.js(104,50): error TS2339: Property 'credentialFindings' does not exist on type 'number'.
ai-platform/web/simplebeacon-dashboard/js/views/DashboardView.js(105,50): error TS2339: Property 'productionLeakFindings' does not exist on type 'number'.
ai-platform/web/simplebeacon-dashboard/js/views/DashboardView.js(123,16): error TS2584: Cannot find name 'document'. Do you need to change your target library? Try changing the 'lib' compiler option to include 'dom'.
ai-platform/web/simplebeacon-dashboard/js/views/DashboardView.js(204,49): error TS2554: Expected 3 arguments, but got 2.
ai-platform/web/simplebeacon-dashboard/js/views/DashboardView.js(286,7): error TS2353: Object literal may only specify known properties, and 'onRunScan' does not exist in type 'any[]'.
ai-platform/web/simplebeacon-dashboard/js/views/DashboardView.js(316,77): error TS2339: Property 'acquireVsCodeApi' does not exist on type 'typeof window'.
ai-platform/web/simplebeacon-dashboard/js/views/DashboardView.js(319,35): error TS2339: Property 'acquireVsCodeApi' does not exist on type 'typeof window'.
ai-platform/web/simplebeacon-dashboard/js/views/DashboardView.js(323,81): error TS2339: Property 'location' does not exist on type 'typeof window'.
ai-platform/web/simplebeacon-dashboard/js/views/DashboardView.js(341,79): error TS2339: Property 'location' does not exist on type 'typeof window'.
ai-platform/web/simplebeacon-dashboard/js/views/DashboardView.js(348,20): error TS2339: Property 'success' does not exist on type 'unknown'.
ai-platform/web/simplebeacon-dashboard/js/views/DashboardView.js(349,22): error TS2339: Property 'content' does not exist on type 'unknown'.
ai-platform/web/simplebeacon-dashboard/js/views/DashboardView.js(351,33): error TS2339: Property 'clipboard' does not exist on type 'Navigator'.
ai-platform/web/simplebeacon-dashboard/js/views/DashboardView.js(351,58): error TS2339: Property 'content' does not exist on type 'unknown'.
ai-platform/web/simplebeacon-dashboard/js/views/DashboardView.js(360,42): error TS2339: Property 'error' does not exist on type 'unknown'.
ai-platform/web/simplebeacon-dashboard/js/views/DashboardView.js(398,24): error TS2584: Cannot find name 'document'. Do you need to change your target library? Try changing the 'lib' compiler option to include 'dom'.
ai-platform/web/simplebeacon-dashboard/js/views/DashboardView.js(412,22): error TS2584: Cannot find name 'document'. Do you need to change your target library? Try changing the 'lib' compiler option to include 'dom'.
ai-platform/web/simplebeacon-dashboard/js/views/DashboardView.js(450,5): error TS2304: Cannot find name 'requestAnimationFrame'.
ai-platform/web/simplebeacon-dashboard/js/views/DashboardView.js(455,23): error TS2339: Property 'lucide' does not exist on type 'typeof window'.
ai-platform/web/simplebeacon-dashboard/js/views/DashboardView.js(455,54): error TS2339: Property 'lucide' does not exist on type 'typeof window'.
ai-platform/web/simplebeacon-dashboard/js/views/HelpView.js(117,28): error TS2339: Property 'gate' does not exist on type 'number'.
ai-platform/web/simplebeacon-dashboard/js/views/HelpView.js(118,21): error TS2554: Expected 3 arguments, but got 2.
ai-platform/web/simplebeacon-dashboard/js/views/HelpView.js(125,53): error TS2339: Property 'gate' does not exist on type 'number'.
ai-platform/web/simplebeacon-dashboard/js/views/HelpView.js(127,91): error TS2339: Property 'totalFiles' does not exist on type 'number'.
ai-platform/web/simplebeacon-dashboard/js/views/HelpView.js(155,16): error TS2584: Cannot find name 'document'. Do you need to change your target library? Try changing the 'lib' compiler option to include 'dom'.
ai-platform/web/simplebeacon-dashboard/js/views/HelpView.js(373,25): error TS2339: Property 'clipboard' does not exist on type 'Navigator'.
ai-platform/web/simplebeacon-dashboard/js/views/HelpView.js(424,16): error TS2584: Cannot find name 'document'. Do you need to change your target library? Try changing the 'lib' compiler option to include 'dom'.
ai-platform/web/simplebeacon-dashboard/js/views/PlatformView.js(56,28): error TS2339: Property 'mockSampleFiles' does not exist on type 'number'.
ai-platform/web/simplebeacon-dashboard/js/views/PlatformView.js(56,55): error TS2339: Property 'totalFiles' does not exist on type 'number'.
ai-platform/web/simplebeacon-dashboard/js/views/PlatformView.js(57,27): error TS2339: Property 'qualityScore' does not exist on type 'number'.
ai-platform/web/simplebeacon-dashboard/js/views/PlatformView.js(58,29): error TS2339: Property 'schemaCompliance' does not exist on type 'number'.
ai-platform/web/simplebeacon-dashboard/js/views/PlatformView.js(59,28): error TS2339: Property 'issueCount' does not exist on type 'number'.
ai-platform/web/simplebeacon-dashboard/js/views/PlatformView.js(63,30): error TS2339: Property 'mockSampleFiles' does not exist on type 'number'.
ai-platform/web/simplebeacon-dashboard/js/views/PlatformView.js(63,57): error TS2339: Property 'totalFiles' does not exist on type 'number'.
ai-platform/web/simplebeacon-dashboard/js/views/PlatformView.js(77,37): error TS2339: Property 'jestTests' does not exist on type 'any[]'.
ai-platform/web/simplebeacon-dashboard/js/views/PlatformView.js(77,87): error TS2339: Property 'jestTests' does not exist on type 'any[]'.
ai-platform/web/simplebeacon-dashboard/js/views/PlatformView.js(81,24): error TS2339: Property 'sampleJsonFiles' does not exist on type 'any[]'.
ai-platform/web/simplebeacon-dashboard/js/views/PlatformView.js(85,24): error TS2339: Property 'mockScanFiles' does not exist on type 'any[]'.
ai-platform/web/simplebeacon-dashboard/js/views/PlatformView.js(89,24): error TS2339: Property 'schemaPassRate' does not exist on type 'any[]'.
ai-platform/web/simplebeacon-dashboard/js/views/PlatformView.js(93,24): error TS2339: Property 'securityScore' does not exist on type 'any[]'.
ai-platform/web/simplebeacon-dashboard/js/views/PlatformView.js(140,16): error TS2584: Cannot find name 'document'. Do you need to change your target library? Try changing the 'lib' compiler option to include 'dom'.
ai-platform/web/simplebeacon-dashboard/js/views/ProfileView.js(96,22): error TS2584: Cannot find name 'document'. Do you need to change your target library? Try changing the 'lib' compiler option to include 'dom'.
ai-platform/web/simplebeacon-dashboard/js/views/ProfileView.js(309,33): error TS2304: Cannot find name 'prompt'.
ai-platform/web/simplebeacon-dashboard/js/views/ProfileView.js(347,29): error TS2584: Cannot find name 'document'. Do you need to change your target library? Try changing the 'lib' compiler option to include 'dom'.
ai-platform/web/simplebeacon-dashboard/js/views/ProfileView.js(350,14): error TS2339: Property 'location' does not exist on type 'typeof window'.
ai-platform/web/simplebeacon-dashboard/js/views/ProfileView.js(386,23): error TS2339: Property 'clipboard' does not exist on type 'Navigator'.
ai-platform/web/simplebeacon-dashboard/js/views/ProfileView.js(386,46): error TS2339: Property 'clipboard' does not exist on type 'Navigator'.
ai-platform/web/simplebeacon-dashboard/js/views/ProfileView.js(388,29): error TS2339: Property 'clipboard' does not exist on type 'Navigator'.
ai-platform/web/simplebeacon-dashboard/js/views/ProfileView.js(401,22): error TS2584: Cannot find name 'document'. Do you need to change your target library? Try changing the 'lib' compiler option to include 'dom'.
ai-platform/web/simplebeacon-dashboard/js/views/ProfileView.js(422,65): error TS2304: Cannot find name 'alert'.
ai-platform/web/simplebeacon-dashboard/js/views/QualityView.js(27,21): error TS2554: Expected 3 arguments, but got 2.
ai-platform/web/simplebeacon-dashboard/js/views/QualityView.js(82,56): error TS2339: Property 'acquireVsCodeApi' does not exist on type 'typeof window'.
ai-platform/web/simplebeacon-dashboard/js/views/QualityView.js(84,38): error TS2339: Property 'acquireVsCodeApi' does not exist on type 'typeof window'.
ai-platform/web/simplebeacon-dashboard/js/views/QualityView.js(105,16): error TS2584: Cannot find name 'document'. Do you need to change your target library? Try changing the 'lib' compiler option to include 'dom'.
ai-platform/web/simplebeacon-dashboard/js/views/QualityView.js(185,63): error TS2339: Property 'location' does not exist on type 'typeof window'.
ai-platform/web/simplebeacon-dashboard/js/views/QualityView.js(206,18): error TS2339: Property 'success' does not exist on type 'unknown'.
ai-platform/web/simplebeacon-dashboard/js/views/QualityView.js(206,34): error TS2339: Property 'content' does not exist on type 'unknown'.
ai-platform/web/simplebeacon-dashboard/js/views/QualityView.js(206,61): error TS2339: Property 'clipboard' does not exist on type 'Navigator'.
ai-platform/web/simplebeacon-dashboard/js/views/QualityView.js(206,86): error TS2339: Property 'content' does not exist on type 'unknown'.
ai-platform/web/simplebeacon-dashboard/js/views/QualityView.js(293,17): error TS2584: Cannot find name 'document'. Do you need to change your target library? Try changing the 'lib' compiler option to include 'dom'.
ai-platform/web/simplebeacon-dashboard/js/views/QualityView.js(301,18): error TS2584: Cannot find name 'document'. Do you need to change your target library? Try changing the 'lib' compiler option to include 'dom'.
ai-platform/web/simplebeacon-dashboard/js/views/QualityView.js(308,18): error TS2584: Cannot find name 'document'. Do you need to change your target library? Try changing the 'lib' compiler option to include 'dom'.
ai-platform/web/simplebeacon-dashboard/js/views/RemediationRoadmapView.js(11,23): error TS2339: Property 'type' does not exist on type 'boolean'.
ai-platform/web/simplebeacon-dashboard/js/views/RemediationRoadmapView.js(12,25): error TS2339: Property 'ruleId' does not exist on type 'boolean'.
ai-platform/web/simplebeacon-dashboard/js/views/RemediationRoadmapView.js(12,41): error TS2339: Property 'id' does not exist on type 'boolean'.
ai-platform/web/simplebeacon-dashboard/js/views/RemediationRoadmapView.js(13,30): error TS2339: Property 'description' does not exist on type 'boolean'.
ai-platform/web/simplebeacon-dashboard/js/views/RemediationRoadmapView.js(61,26): error TS2339: Property 'recommendedAction' does not exist on type 'boolean'.
ai-platform/web/simplebeacon-dashboard/js/views/RemediationRoadmapView.js(362,15): error TS2584: Cannot find name 'document'. Do you need to change your target library? Try changing the 'lib' compiler option to include 'dom'.
ai-platform/web/simplebeacon-dashboard/js/views/RemediationRoadmapView.js(365,5): error TS2584: Cannot find name 'document'. Do you need to change your target library? Try changing the 'lib' compiler option to include 'dom'.
ai-platform/web/simplebeacon-dashboard/js/views/RemediationRoadmapView.js(373,24): error TS2304: Cannot find name 'FileReader'.
ai-platform/web/simplebeacon-dashboard/js/views/RemediationRoadmapView.js(385,23): error TS2339: Property 'JSZip' does not exist on type 'typeof window'.
ai-platform/web/simplebeacon-dashboard/js/views/RemediationRoadmapView.js(390,32): error TS2339: Property 'JSZip' does not exist on type 'typeof window'.
ai-platform/web/simplebeacon-dashboard/js/views/RemediationRoadmapView.js(582,9): error TS2584: Cannot find name 'document'. Do you need to change your target library? Try changing the 'lib' compiler option to include 'dom'.
ai-platform/web/simplebeacon-dashboard/js/views/RemediationRoadmapView.js(585,21): error TS2584: Cannot find name 'document'. Do you need to change your target library? Try changing the 'lib' compiler option to include 'dom'.
ai-platform/web/simplebeacon-dashboard/js/views/RemediationRoadmapView.js(589,19): error TS2584: Cannot find name 'document'. Do you need to change your target library? Try changing the 'lib' compiler option to include 'dom'.
ai-platform/web/simplebeacon-dashboard/js/views/RemediationRoadmapView.js(613,5): error TS2584: Cannot find name 'document'. Do you need to change your target library? Try changing the 'lib' compiler option to include 'dom'.
ai-platform/web/simplebeacon-dashboard/js/views/RemediationRoadmapView.js(768,16): error TS2584: Cannot find name 'document'. Do you need to change your target library? Try changing the 'lib' compiler option to include 'dom'.
ai-platform/web/simplebeacon-dashboard/js/views/RemediationRoadmapView.js(954,15): error TS2339: Property 'clipboard' does not exist on type 'Navigator'.
ai-platform/web/simplebeacon-dashboard/js/views/RemediationRoadmapView.js(972,15): error TS2339: Property 'clipboard' does not exist on type 'Navigator'.
ai-platform/web/simplebeacon-dashboard/js/views/RemediationRoadmapView.js(997,14): error TS1064: The return type of an async function or method must be the global Promise<T> type. Did you mean to write 'Promise<any>'?
ai-platform/web/simplebeacon-dashboard/js/views/RemediationRoadmapView.js(1008,18): error TS2339: Property 'id' does not exist on type 'unknown'.
ai-platform/web/simplebeacon-dashboard/js/views/RemediationRoadmapView.js(1008,43): error TS2339: Property 'data' does not exist on type 'unknown'.
ai-platform/web/simplebeacon-dashboard/js/views/RemediationRoadmapView.js(1009,23): error TS2339: Property 'data' does not exist on type 'unknown'.
ai-platform/web/simplebeacon-dashboard/js/views/RemediationRoadmapView.js(1012,18): error TS2339: Property 'roadmap' does not exist on type 'unknown'.
ai-platform/web/simplebeacon-dashboard/js/views/RemediationRoadmapView.js(1012,35): error TS2339: Property 'type' does not exist on type 'unknown'.
ai-platform/web/simplebeacon-dashboard/js/views/RemediationRoadmapView.js(1012,63): error TS2339: Property 'issues' does not exist on type 'unknown'.
ai-platform/web/simplebeacon-dashboard/js/views/RemediationRoadmapView.js(1012,94): error TS2339: Property 'phases' does not exist on type 'unknown'.
ai-platform/web/simplebeacon-dashboard/js/views/RemediationRoadmapView.js(1013,23): error TS2339: Property 'roadmap' does not exist on type 'unknown'.
ai-platform/web/simplebeacon-dashboard/js/views/RemediationRoadmapView.js(1017,18): error TS2339: Property 'type' does not exist on type 'unknown'.
ai-platform/web/simplebeacon-dashboard/js/views/RemediationRoadmapView.js(1017,64): error TS2339: Property 'results' does not exist on type 'unknown'.
ai-platform/web/simplebeacon-dashboard/js/views/RemediationRoadmapView.js(1018,32): error TS2339: Property 'results' does not exist on type 'unknown'.
ai-platform/web/simplebeacon-dashboard/js/views/RemediationRoadmapView.js(1020,79): error TS2339: Property 'summary' does not exist on type 'unknown'.
ai-platform/web/simplebeacon-dashboard/js/views/RemediationRoadmapView.js(1022,90): error TS2339: Property 'summary' does not exist on type 'unknown'.
ai-platform/web/simplebeacon-dashboard/js/views/RemediationRoadmapView.js(1024,93): error TS2339: Property 'summary' does not exist on type 'unknown'.
ai-platform/web/simplebeacon-dashboard/js/views/RemediationRoadmapView.js(1026,75): error TS2339: Property 'generatedAt' does not exist on type 'unknown'.
ai-platform/web/simplebeacon-dashboard/js/views/RemediationRoadmapView.js(1031,18): error TS2339: Property 'type' does not exist on type 'unknown'.
ai-platform/web/simplebeacon-dashboard/js/views/RemediationRoadmapView.js(1032,37): error TS2339: Property 'rawIssues' does not exist on type 'unknown'.
ai-platform/web/simplebeacon-dashboard/js/views/RemediationRoadmapView.js(1032,62): error TS2339: Property 'rawIssues' does not exist on type 'unknown'.
ai-platform/web/simplebeacon-dashboard/js/views/RemediationRoadmapView.js(1032,80): error TS2339: Property 'detectedIssues' does not exist on type 'unknown'.
ai-platform/web/simplebeacon-dashboard/js/views/RemediationRoadmapView.js(1034,73): error TS2339: Property 'generatedAt' does not exist on type 'unknown'.
ai-platform/web/simplebeacon-dashboard/js/views/RemediationRoadmapView.js(1034,93): error TS2339: Property 'scannedAt' does not exist on type 'unknown'.
ai-platform/web/simplebeacon-dashboard/js/views/RemediationRoadmapView.js(1039,18): error TS2339: Property 'type' does not exist on type 'unknown'.
ai-platform/web/simplebeacon-dashboard/js/views/RemediationRoadmapView.js(1039,65): error TS2339: Property 'issues' does not exist on type 'unknown'.
ai-platform/web/simplebeacon-dashboard/js/views/RemediationRoadmapView.js(1039,81): error TS2339: Property 'phases' does not exist on type 'unknown'.
ai-platform/web/simplebeacon-dashboard/js/views/RemediationRoadmapView.js(1040,27): error TS2339: Property 'results' does not exist on type 'unknown'.
ai-platform/web/simplebeacon-dashboard/js/views/RemediationRoadmapView.js(1044,75): error TS2339: Property 'generatedAt' does not exist on type 'unknown'.
ai-platform/web/simplebeacon-dashboard/js/views/RemediationRoadmapView.js(1049,32): error TS2339: Property 'issues' does not exist on type 'unknown'.
ai-platform/web/simplebeacon-dashboard/js/views/RemediationRoadmapView.js(1049,48): error TS2339: Property 'issues' does not exist on type 'unknown'.
ai-platform/web/simplebeacon-dashboard/js/views/RemediationRoadmapView.js(1050,25): error TS2339: Property 'issues' does not exist on type 'unknown'.
ai-platform/web/simplebeacon-dashboard/js/views/RemediationRoadmapView.js(1051,33): error TS2339: Property 'metadata' does not exist on type 'unknown'.
ai-platform/web/simplebeacon-dashboard/js/views/RemediationRoadmapView.js(1052,39): error TS2339: Property 'phases' does not exist on type 'unknown'.
ai-platform/web/simplebeacon-dashboard/js/views/RemediationRoadmapView.js(1052,55): error TS2339: Property 'phases' does not exist on type 'unknown'.
ai-platform/web/simplebeacon-dashboard/js/views/RemediationRoadmapView.js(1053,56): error TS2339: Property 'phases' does not exist on type 'unknown'.
ai-platform/web/simplebeacon-dashboard/js/views/RemediationRoadmapView.js(1053,69): error TS2339: Property 'summary' does not exist on type 'unknown'.
ai-platform/web/simplebeacon-dashboard/js/views/RemediationRoadmapView.js(1056,39): error TS2339: Property 'developmentPhases' does not exist on type 'unknown'.
ai-platform/web/simplebeacon-dashboard/js/views/RemediationRoadmapView.js(1056,66): error TS2339: Property 'developmentPhases' does not exist on type 'unknown'.
ai-platform/web/simplebeacon-dashboard/js/views/RemediationRoadmapView.js(1057,56): error TS2339: Property 'developmentPhases' does not exist on type 'unknown'.
ai-platform/web/simplebeacon-dashboard/js/views/RemediationRoadmapView.js(1057,80): error TS2339: Property 'summary' does not exist on type 'unknown'.
ai-platform/web/simplebeacon-dashboard/js/views/RemediationRoadmapView.js(1060,39): error TS2339: Property 'implementationPhases' does not exist on type 'unknown'.
ai-platform/web/simplebeacon-dashboard/js/views/RemediationRoadmapView.js(1060,69): error TS2339: Property 'implementationPhases' does not exist on type 'unknown'.
ai-platform/web/simplebeacon-dashboard/js/views/RemediationRoadmapView.js(1061,56): error TS2339: Property 'implementationPhases' does not exist on type 'unknown'.
ai-platform/web/simplebeacon-dashboard/js/views/RemediationRoadmapView.js(1061,83): error TS2339: Property 'summary' does not exist on type 'unknown'.
ai-platform/web/simplebeacon-dashboard/js/views/RemediationRoadmapView.js(1092,20): error TS2339: Property 'location' does not exist on type 'typeof window'.
ai-platform/web/simplebeacon-dashboard/js/views/RemediationRoadmapView.js(1093,48): error TS2339: Property 'location' does not exist on type 'typeof window'.
ai-platform/web/simplebeacon-dashboard/js/views/RemediationRoadmapView.js(1094,21): error TS2339: Property 'location' does not exist on type 'typeof window'.
ai-platform/web/simplebeacon-dashboard/js/views/RemediationRoadmapView.js(1095,21): error TS2339: Property 'location' does not exist on type 'typeof window'.
ai-platform/web/simplebeacon-dashboard/js/views/RemediationRoadmapView.js(1096,21): error TS2339: Property 'location' does not exist on type 'typeof window'.
ai-platform/web/simplebeacon-dashboard/js/views/RepositoryHealthView.js(19,34): error TS2339: Property 'headers' does not exist on type 'any[]'.
ai-platform/web/simplebeacon-dashboard/js/views/RepositoryHealthView.js(45,14): error TS1064: The return type of an async function or method must be the global Promise<T> type. Did you mean to write 'Promise<any>'?
ai-platform/web/simplebeacon-dashboard/js/views/RepositoryHealthView.js(58,14): error TS1064: The return type of an async function or method must be the global Promise<T> type. Did you mean to write 'Promise<any>'?
ai-platform/web/simplebeacon-dashboard/js/views/RepositoryHealthView.js(62,28): error TS2339: Property 'json' does not exist on type 'any[]'.
ai-platform/web/simplebeacon-dashboard/js/views/RepositoryHealthView.js(68,14): error TS1064: The return type of an async function or method must be the global Promise<T> type. Did you mean to write 'Promise<any>'?
ai-platform/web/simplebeacon-dashboard/js/views/RepositoryHealthView.js(72,23): error TS2345: Argument of type 'Response' is not assignable to parameter of type 'any[]'.
  Type 'Response' is missing the following properties from type 'any[]': length, pop, push, concat, and 29 more.
ai-platform/web/simplebeacon-dashboard/js/views/RepositoryHealthView.js(97,23): error TS2339: Property 'success' does not exist on type 'unknown'.
ai-platform/web/simplebeacon-dashboard/js/views/RepositoryHealthView.js(98,26): error TS2339: Property 'error' does not exist on type 'unknown'.
ai-platform/web/simplebeacon-dashboard/js/views/RepositoryHealthView.js(98,40): error TS2339: Property 'message' does not exist on type 'unknown'.
ai-platform/web/simplebeacon-dashboard/js/views/RepositoryHealthView.js(360,14): error TS1064: The return type of an async function or method must be the global Promise<T> type. Did you mean to write 'Promise<any>'?
ai-platform/web/simplebeacon-dashboard/js/views/RepositoryHealthView.js(365,48): error TS2345: Argument of type 'Response' is not assignable to parameter of type 'any[]'.
  Type 'Response' is missing the following properties from type 'any[]': length, pop, push, concat, and 29 more.
ai-platform/web/simplebeacon-dashboard/js/views/RepositoryHealthView.js(418,5): error TS2304: Cannot find name 'requestAnimationFrame'.
ai-platform/web/simplebeacon-dashboard/js/views/RepositoryHealthView.js(453,44): error TS2345: Argument of type 'Response' is not assignable to parameter of type 'any[]'.
  Type 'Response' is missing the following properties from type 'any[]': length, pop, push, concat, and 29 more.
ai-platform/web/simplebeacon-dashboard/js/views/RepositoryHealthView.js(472,56): error TS2339: Property 'acquireVsCodeApi' does not exist on type 'typeof window'.
ai-platform/web/simplebeacon-dashboard/js/views/RepositoryHealthView.js(474,38): error TS2339: Property 'acquireVsCodeApi' does not exist on type 'typeof window'.
ai-platform/web/simplebeacon-dashboard/js/views/RepositoryHealthView.js(494,46): error TS2345: Argument of type 'Response' is not assignable to parameter of type 'any[]'.
  Type 'Response' is missing the following properties from type 'any[]': length, pop, push, concat, and 29 more.
ai-platform/web/simplebeacon-dashboard/js/views/RepositoryHealthView.js(524,46): error TS2345: Argument of type 'Response' is not assignable to parameter of type 'any[]'.
  Type 'Response' is missing the following properties from type 'any[]': length, pop, push, concat, and 29 more.
ai-platform/web/simplebeacon-dashboard/js/views/RepositoryHealthView.js(542,107): error TS2339: Property 'location' does not exist on type 'typeof window'.
ai-platform/web/simplebeacon-dashboard/js/views/RepositoryHealthView.js(573,18): error TS2339: Property 'success' does not exist on type 'unknown'.
ai-platform/web/simplebeacon-dashboard/js/views/RepositoryHealthView.js(573,34): error TS2339: Property 'content' does not exist on type 'unknown'.
ai-platform/web/simplebeacon-dashboard/js/views/RepositoryHealthView.js(574,27): error TS2339: Property 'clipboard' does not exist on type 'Navigator'.
ai-platform/web/simplebeacon-dashboard/js/views/RepositoryHealthView.js(574,52): error TS2339: Property 'content' does not exist on type 'unknown'.
ai-platform/web/simplebeacon-dashboard/js/views/ResultsView.js(94,16): error TS2584: Cannot find name 'document'. Do you need to change your target library? Try changing the 'lib' compiler option to include 'dom'.
ai-platform/web/simplebeacon-dashboard/js/views/ResultsView.js(192,20): error TS2584: Cannot find name 'document'. Do you need to change your target library? Try changing the 'lib' compiler option to include 'dom'.
ai-platform/web/simplebeacon-dashboard/js/views/ResultsView.js(275,75): error TS2339: Property 'acquireVsCodeApi' does not exist on type 'typeof window'.
ai-platform/web/simplebeacon-dashboard/js/views/ResultsView.js(278,33): error TS2339: Property 'acquireVsCodeApi' does not exist on type 'typeof window'.
ai-platform/web/simplebeacon-dashboard/js/views/ResultsView.js(282,79): error TS2339: Property 'location' does not exist on type 'typeof window'.
ai-platform/web/simplebeacon-dashboard/js/views/ResultsView.js(300,77): error TS2339: Property 'location' does not exist on type 'typeof window'.
ai-platform/web/simplebeacon-dashboard/js/views/ResultsView.js(307,18): error TS2339: Property 'success' does not exist on type 'unknown'.
ai-platform/web/simplebeacon-dashboard/js/views/ResultsView.js(308,20): error TS2339: Property 'content' does not exist on type 'unknown'.
ai-platform/web/simplebeacon-dashboard/js/views/ResultsView.js(310,31): error TS2339: Property 'clipboard' does not exist on type 'Navigator'.
ai-platform/web/simplebeacon-dashboard/js/views/ResultsView.js(310,56): error TS2339: Property 'content' does not exist on type 'unknown'.
ai-platform/web/simplebeacon-dashboard/js/views/ResultsView.js(319,40): error TS2339: Property 'error' does not exist on type 'unknown'.
ai-platform/web/simplebeacon-dashboard/js/views/SecurityView.js(24,56): error TS2339: Property 'acquireVsCodeApi' does not exist on type 'typeof window'.
ai-platform/web/simplebeacon-dashboard/js/views/SecurityView.js(26,38): error TS2339: Property 'acquireVsCodeApi' does not exist on type 'typeof window'.
ai-platform/web/simplebeacon-dashboard/js/views/SecurityView.js(93,16): error TS2584: Cannot find name 'document'. Do you need to change your target library? Try changing the 'lib' compiler option to include 'dom'.
ai-platform/web/simplebeacon-dashboard/js/views/SecurityView.js(254,75): error TS2339: Property 'location' does not exist on type 'typeof window'.
ai-platform/web/simplebeacon-dashboard/js/views/SecurityView.js(272,18): error TS2339: Property 'success' does not exist on type 'unknown'.
ai-platform/web/simplebeacon-dashboard/js/views/SecurityView.js(272,34): error TS2339: Property 'content' does not exist on type 'unknown'.
ai-platform/web/simplebeacon-dashboard/js/views/SecurityView.js(272,61): error TS2339: Property 'clipboard' does not exist on type 'Navigator'.
ai-platform/web/simplebeacon-dashboard/js/views/SecurityView.js(272,86): error TS2339: Property 'content' does not exist on type 'unknown'.
ai-platform/web/simplebeacon-dashboard/js/views/SettingsView.js(6,108): error TS2307: Cannot find module '../services/aiKeysService.js?v=20260709ollama3' or its corresponding type declarations.
ai-platform/web/simplebeacon-dashboard/js/views/SettingsView.js(275,28): error TS2339: Property 'ollamaBaseUrl' does not exist on type '{}'.
ai-platform/web/simplebeacon-dashboard/js/views/SettingsView.js(276,26): error TS2339: Property 'ollamaModel' does not exist on type '{}'.
ai-platform/web/simplebeacon-dashboard/js/views/SettingsView.js(285,16): error TS2584: Cannot find name 'document'. Do you need to change your target library? Try changing the 'lib' compiler option to include 'dom'.
ai-platform/web/simplebeacon-dashboard/js/views/SettingsView.js(355,17): error TS2367: This comparison appears to be unintentional because the types 'boolean' and 'string' have no overlap.
ai-platform/web/simplebeacon-dashboard/js/views/SettingsView.js(358,17): error TS2367: This comparison appears to be unintentional because the types 'boolean' and 'string' have no overlap.
ai-platform/web/simplebeacon-dashboard/js/views/SettingsView.js(423,78): error TS2554: Expected 3 arguments, but got 2.
ai-platform/web/simplebeacon-dashboard/js/views/SettingsView.js(439,15): error TS2367: This comparison appears to be unintentional because the types 'boolean' and 'string' have no overlap.
ai-platform/web/simplebeacon-dashboard/js/views/SettingsView.js(442,15): error TS2367: This comparison appears to be unintentional because the types 'boolean' and 'string' have no overlap.
ai-platform/web/simplebeacon-dashboard/js/views/SettingsView.js(513,15): error TS2367: This comparison appears to be unintentional because the types 'boolean' and 'string' have no overlap.
ai-platform/web/simplebeacon-dashboard/js/views/SettingsView.js(672,26): error TS2339: Property 'prompt' does not exist on type 'typeof window'.
ai-platform/web/simplebeacon-dashboard/js/views/SettingsView.js(696,12): error TS2339: Property 'saveVault' does not exist on type 'SettingsView'.
ai-platform/web/simplebeacon-dashboard/js/views/SettingsView.js(938,15): error TS2367: This comparison appears to be unintentional because the types 'boolean' and 'string' have no overlap.
ai-platform/web/simplebeacon-dashboard/js/views/SettingsView.js(941,15): error TS2367: This comparison appears to be unintentional because the types 'boolean' and 'string' have no overlap.
ai-platform/web/simplebeacon-dashboard/js/views/SettingsView.js(981,29): error TS2367: This comparison appears to be unintentional because the types 'boolean' and 'string' have no overlap.
ai-platform/web/simplebeacon-dashboard/js/views/SettingsView.js(985,29): error TS2367: This comparison appears to be unintentional because the types 'boolean' and 'string' have no overlap.
ai-platform/web/simplebeacon-dashboard/js/views/SettingsView.js(993,28): error TS2339: Property 'ollamaBaseUrl' does not exist on type '{}'.
ai-platform/web/simplebeacon-dashboard/js/views/SettingsView.js(994,26): error TS2339: Property 'ollamaModel' does not exist on type '{}'.
ai-platform/web/simplebeacon-dashboard/js/views/SettingsView.js(1010,5): error TS2322: Type 'string' is not assignable to type 'boolean'.
ai-platform/web/simplebeacon-dashboard/js/views/SettingsView.js(1032,5): error TS2322: Type 'string' is not assignable to type 'boolean'.
ai-platform/web/simplebeacon-dashboard/js/views/SettingsView.js(1058,5): error TS2322: Type 'string' is not assignable to type 'boolean'.
ai-platform/web/simplebeacon-dashboard/js/views/SettingsView.js(1269,14): error TS2339: Property 'open' does not exist on type 'typeof window'.
ai-platform/web/simplebeacon-dashboard/js/views/SettingsView.js(1274,14): error TS2339: Property 'open' does not exist on type 'typeof window'.
ai-platform/web/simplebeacon-dashboard/js/views/SettingsView.js(1375,5): error TS2322: Type 'string' is not assignable to type 'boolean'.
ai-platform/web/simplebeacon-dashboard/js/views/SettingsView.js(1396,5): error TS2322: Type 'string' is not assignable to type 'boolean'.
ai-platform/web/simplebeacon-dashboard/js/views/SettingsView.js(1438,5): error TS2322: Type 'string' is not assignable to type 'boolean'.
ai-platform/web/simplebeacon-dashboard/js/views/SettingsView.js(1468,5): error TS2322: Type 'string' is not assignable to type 'boolean'.
ai-platform/web/simplebeacon-dashboard/js/views/SettingsView.js(1491,5): error TS2322: Type 'string' is not assignable to type 'boolean'.
ai-platform/web/simplebeacon-dashboard/js/views/SignInView.js(95,50): error TS2339: Property 'location' does not exist on type 'typeof window'.
ai-platform/web/simplebeacon-dashboard/js/views/SignInView.js(286,21): error TS2584: Cannot find name 'document'. Do you need to change your target library? Try changing the 'lib' compiler option to include 'dom'.
ai-platform/web/simplebeacon-dashboard/js/views/SignInView.js(303,5): error TS2584: Cannot find name 'document'. Do you need to change your target library? Try changing the 'lib' compiler option to include 'dom'.
ai-platform/web/simplebeacon-dashboard/js/views/SignInView.js(326,18): error TS2339: Property 'success' does not exist on type 'unknown'.
ai-platform/web/simplebeacon-dashboard/js/views/SignInView.js(331,38): error TS2339: Property 'error' does not exist on type 'unknown'.
ai-platform/web/simplebeacon-dashboard/js/views/SignInView.js(345,17): error TS2339: Property 'PublicKeyCredential' does not exist on type 'typeof window'.
ai-platform/web/simplebeacon-dashboard/js/views/ToolsView.js(52,51): error TS2339: Property 'gate' does not exist on type 'number'.
ai-platform/web/simplebeacon-dashboard/js/views/ToolsView.js(52,91): error TS2339: Property 'gate' does not exist on type 'number'.
ai-platform/web/simplebeacon-dashboard/js/views/ToolsView.js(54,89): error TS2339: Property 'totalFiles' does not exist on type 'number'.
ai-platform/web/simplebeacon-dashboard/js/views/ToolsView.js(57,63): error TS2339: Property 'schemaCompliance' does not exist on type 'number'.
ai-platform/web/simplebeacon-dashboard/js/views/ToolsView.js(59,42): error TS2554: Expected 3 arguments, but got 2.
ai-platform/web/simplebeacon-dashboard/js/views/ToolsView.js(134,16): error TS2584: Cannot find name 'document'. Do you need to change your target library? Try changing the 'lib' compiler option to include 'dom'.
ai-platform/web/simplebeacon-dashboard/js/views/TrustView.js(28,14): error TS1064: The return type of an async function or method must be the global Promise<T> type. Did you mean to write 'Promise<any>'?
ai-platform/web/simplebeacon-dashboard/js/views/TrustView.js(70,14): error TS1064: The return type of an async function or method must be the global Promise<T> type. Did you mean to write 'Promise<any>'?
ai-platform/web/simplebeacon-dashboard/js/views/TrustView.js(206,56): error TS2339: Property 'acquireVsCodeApi' does not exist on type 'typeof window'.
ai-platform/web/simplebeacon-dashboard/js/views/TrustView.js(208,38): error TS2339: Property 'acquireVsCodeApi' does not exist on type 'typeof window'.
ai-platform/web/simplebeacon-dashboard/js/views/TrustView.js(326,115): error TS2339: Property 'location' does not exist on type 'typeof window'.
ai-platform/web/simplebeacon-dashboard/js/views/TrustView.js(343,15): error TS2584: Cannot find name 'document'. Do you need to change your target library? Try changing the 'lib' compiler option to include 'dom'.
ai-platform/web/simplebeacon-dashboard/js/views/TrustView.js(346,5): error TS2584: Cannot find name 'document'. Do you need to change your target library? Try changing the 'lib' compiler option to include 'dom'.
ai-platform/web/simplebeacon-dashboard/js/views/TrustView.js(369,65): error TS2339: Property 'location' does not exist on type 'typeof window'.
ai-platform/web/simplebeacon-dashboard/js/views/TrustView.js(389,20): error TS2339: Property 'success' does not exist on type 'unknown'.
ai-platform/web/simplebeacon-dashboard/js/views/TrustView.js(389,36): error TS2339: Property 'content' does not exist on type 'unknown'.
ai-platform/web/simplebeacon-dashboard/js/views/TrustView.js(389,63): error TS2339: Property 'clipboard' does not exist on type 'Navigator'.
ai-platform/web/simplebeacon-dashboard/js/views/TrustView.js(389,88): error TS2339: Property 'content' does not exist on type 'unknown'.
ai-platform/web/simplebeacon-dashboard/js/views/UploadView.js(94,20): error TS2339: Property 'licenseToken' does not exist on type 'unknown'.
ai-platform/web/simplebeacon-dashboard/js/views/UploadView.js(95,39): error TS2339: Property 'licenseToken' does not exist on type 'unknown'.
ai-platform/web/simplebeacon-dashboard/js/views/UploadView.js(184,20): error TS2339: Property 'success' does not exist on type 'unknown'.
ai-platform/web/simplebeacon-dashboard/js/views/UploadView.js(187,72): error TS2339: Property 'deliveryId' does not exist on type 'unknown'.
ai-platform/web/simplebeacon-dashboard/js/views/UploadView.js(191,42): error TS2339: Property 'error' does not exist on type 'unknown'.
ai-platform/web/simplebeacon-dashboard/js/views/UploadView.js(203,22): error TS2584: Cannot find name 'document'. Do you need to change your target library? Try changing the 'lib' compiler option to include 'dom'.
ai-platform/web/simplebeacon-dashboard/js/views/UploadView.js(208,24): error TS2304: Cannot find name 'FileReader'.
ai-platform/web/simplebeacon-dashboard/js/views/UploadView.js(216,24): error TS2584: Cannot find name 'document'. Do you need to change your target library? Try changing the 'lib' compiler option to include 'dom'.
ai-platform/web/simplebeacon-dashboard/js/workers/scan-wasm-bridge.js(9,74): error TS1343: The 'import.meta' meta-property is only allowed when the '--module' option is 'es2020', 'es2022', 'esnext', 'system', 'node16', 'node18', 'node20', or 'nodenext'.
ai-platform/web/simplebeacon-dashboard/js/workers/scan-wasm-bridge.js(64,37): error TS2554: Expected 0-1 arguments, but got 2.
ai-platform/web/simplebeacon-dashboard/js/workers/scan-wasm-bridge.js(74,43): error TS2554: Expected 0-1 arguments, but got 2.
ai-platform/web/simplebeacon-dashboard/js/workers/scan-wasm-bridge.js(175,35): error TS7036: Dynamic import's specifier must be of type 'string', but here has type 'URL'.
ai-platform/web/simplebeacon-dashboard/js/workers/scan-worker.js(9,53): error TS2307: Cannot find module './scan-wasm-bridge.js?v=20260709noise3' or its corresponding type declarations.
ai-platform/web/simplebeacon-dashboard/js/workers/scan-worker.js(241,14): error TS2551: Property 'postMessage' does not exist on type 'typeof self'. Did you mean 'onmessage'?
ai-platform/web/simplebeacon-dashboard/js/workers/scan-worker.js(247,8): error TS2551: Property 'postMessage' does not exist on type 'typeof self'. Did you mean 'onmessage'?
ai-platform/web/simplebeacon-dashboard/js/workers/scan-worker.js(254,10): error TS2551: Property 'postMessage' does not exist on type 'typeof self'. Did you mean 'onmessage'?
ai-platform/web/simplebeacon-dashboard/js/workers/scan-worker.js(257,12): error TS2551: Property 'postMessage' does not exist on type 'typeof self'. Did you mean 'onmessage'?
ai-platform/web/simplebeacon-dashboard/js/workers/scan-worker.js(259,12): error TS2551: Property 'postMessage' does not exist on type 'typeof self'. Did you mean 'onmessage'?
ai-platform/web/simplebeacon-dashboard/site-config.js(2,46): error TS2339: Property '__SB_SITE_CONFIG__' does not exist on type 'typeof window'.
ai-tools/index.js(256,13): error TS2353: Object literal may only specify known properties, and 'stderr' does not exist in type '{ ok: boolean; message?: string; error?: string; }'.
ai-tools/index.js(340,9): error TS2741: Property 'applied' is missing in type '{ ok: false; error: string; }' but required in type '{ ok: boolean; message?: string; error?: string; applied: number; stderr?: string; }'.
ai-tools/index.js(347,13): error TS2741: Property 'applied' is missing in type '{ ok: false; error: string; }' but required in type '{ ok: boolean; message?: string; error?: string; applied: number; stderr?: string; }'.
ai-tools/index.js(350,13): error TS2741: Property 'applied' is missing in type '{ ok: false; error: string; }' but required in type '{ ok: boolean; message?: string; error?: string; applied: number; stderr?: string; }'.
ai-tools/index.js(420,25): error TS2362: The left-hand side of an arithmetic operation must be of type 'any', 'number', 'bigint' or an enum type.
ai-tools/index.js(420,35): error TS2363: The right-hand side of an arithmetic operation must be of type 'any', 'number', 'bigint' or an enum type.
coming-soon/app-links.js(37,5): error TS2584: Cannot find name 'document'. Do you need to change your target library? Try changing the 'lib' compiler option to include 'dom'.
coming-soon/app-links.js(42,5): error TS2584: Cannot find name 'document'. Do you need to change your target library? Try changing the 'lib' compiler option to include 'dom'.
coming-soon/app-links.js(47,5): error TS2584: Cannot find name 'document'. Do you need to change your target library? Try changing the 'lib' compiler option to include 'dom'.
coming-soon/app-links.js(53,5): error TS2584: Cannot find name 'document'. Do you need to change your target library? Try changing the 'lib' compiler option to include 'dom'.
coming-soon/app-links.js(58,5): error TS2584: Cannot find name 'document'. Do you need to change your target library? Try changing the 'lib' compiler option to include 'dom'.
coming-soon/app-links.js(71,5): error TS2584: Cannot find name 'document'. Do you need to change your target library? Try changing the 'lib' compiler option to include 'dom'.
coming-soon/app-links.js(95,18): error TS2339: Property 'location' does not exist on type 'typeof window'.
coming-soon/app-links.js(97,18): error TS2339: Property 'location' does not exist on type 'typeof window'.
coming-soon/app-links.js(99,18): error TS2339: Property 'location' does not exist on type 'typeof window'.
coming-soon/app-links.js(109,5): error TS2584: Cannot find name 'document'. Do you need to change your target library? Try changing the 'lib' compiler option to include 'dom'.
coming-soon/app-links.js(117,46): error TS2339: Property 'location' does not exist on type 'typeof window'.
coming-soon/app-links.js(120,5): error TS2584: Cannot find name 'document'. Do you need to change your target library? Try changing the 'lib' compiler option to include 'dom'.
coming-soon/app-links.js(127,50): error TS2339: Property 'location' does not exist on type 'typeof window'.
coming-soon/app-links.js(130,7): error TS2584: Cannot find name 'document'. Do you need to change your target library? Try changing the 'lib' compiler option to include 'dom'.
coming-soon/app-links.js(146,5): error TS2584: Cannot find name 'document'. Do you need to change your target library? Try changing the 'lib' compiler option to include 'dom'.
coming-soon/app-links.js(149,5): error TS2584: Cannot find name 'document'. Do you need to change your target library? Try changing the 'lib' compiler option to include 'dom'.
coming-soon/app-links.js(162,5): error TS2584: Cannot find name 'document'. Do you need to change your target library? Try changing the 'lib' compiler option to include 'dom'.
coming-soon/app-links.js(180,9): error TS2584: Cannot find name 'document'. Do you need to change your target library? Try changing the 'lib' compiler option to include 'dom'.
coming-soon/app-links.js(182,18): error TS2584: Cannot find name 'document'. Do you need to change your target library? Try changing the 'lib' compiler option to include 'dom'.
coming-soon/app-links.js(190,5): error TS2584: Cannot find name 'document'. Do you need to change your target library? Try changing the 'lib' compiler option to include 'dom'.
coming-soon/app-links.js(190,40): error TS2584: Cannot find name 'document'. Do you need to change your target library? Try changing the 'lib' compiler option to include 'dom'.
coming-soon/app-links.js(191,5): error TS2584: Cannot find name 'document'. Do you need to change your target library? Try changing the 'lib' compiler option to include 'dom'.
coming-soon/app-links.js(202,5): error TS2584: Cannot find name 'document'. Do you need to change your target library? Try changing the 'lib' compiler option to include 'dom'.
coming-soon/contact.js(5,14): error TS2584: Cannot find name 'document'. Do you need to change your target library? Try changing the 'lib' compiler option to include 'dom'.
coming-soon/contact.js(11,23): error TS2584: Cannot find name 'document'. Do you need to change your target library? Try changing the 'lib' compiler option to include 'dom'.
coming-soon/contact.js(31,45): error TS2339: Property 'location' does not exist on type 'typeof window'.
coming-soon/contact.js(58,29): error TS2554: Expected 0 arguments, but got 1.
coming-soon/contact.js(127,32): error TS2339: Property 'error' does not exist on type 'unknown'.
coming-soon/contact.js(142,28): error TS2584: Cannot find name 'document'. Do you need to change your target library? Try changing the 'lib' compiler option to include 'dom'.
coming-soon/contact.js(143,24): error TS2584: Cannot find name 'document'. Do you need to change your target library? Try changing the 'lib' compiler option to include 'dom'.
coming-soon/contact.js(144,25): error TS2584: Cannot find name 'document'. Do you need to change your target library? Try changing the 'lib' compiler option to include 'dom'.
coming-soon/contact.js(145,28): error TS2584: Cannot find name 'document'. Do you need to change your target library? Try changing the 'lib' compiler option to include 'dom'.
coming-soon/contact.js(146,24): error TS2584: Cannot find name 'document'. Do you need to change your target library? Try changing the 'lib' compiler option to include 'dom'.
coming-soon/contact.js(147,22): error TS2584: Cannot find name 'document'. Do you need to change your target library? Try changing the 'lib' compiler option to include 'dom'.
coming-soon/contact.js(148,21): error TS2584: Cannot find name 'document'. Do you need to change your target library? Try changing the 'lib' compiler option to include 'dom'.
coming-soon/contact.js(149,27): error TS2584: Cannot find name 'document'. Do you need to change your target library? Try changing the 'lib' compiler option to include 'dom'.
coming-soon/contact.js(170,13): error TS2584: Cannot find name 'document'. Do you need to change your target library? Try changing the 'lib' compiler option to include 'dom'.
coming-soon/contact.js(171,14): error TS2584: Cannot find name 'document'. Do you need to change your target library? Try changing the 'lib' compiler option to include 'dom'.
coming-soon/contact.js(172,18): error TS2584: Cannot find name 'document'. Do you need to change your target library? Try changing the 'lib' compiler option to include 'dom'.
coming-soon/contact.js(173,16): error TS2584: Cannot find name 'document'. Do you need to change your target library? Try changing the 'lib' compiler option to include 'dom'.
coming-soon/contact.js(174,14): error TS2584: Cannot find name 'document'. Do you need to change your target library? Try changing the 'lib' compiler option to include 'dom'.
coming-soon/contact.js(183,16): error TS2584: Cannot find name 'document'. Do you need to change your target library? Try changing the 'lib' compiler option to include 'dom'.
coming-soon/contact.js(184,17): error TS2584: Cannot find name 'document'. Do you need to change your target library? Try changing the 'lib' compiler option to include 'dom'.
coming-soon/contact.js(202,32): error TS2584: Cannot find name 'document'. Do you need to change your target library? Try changing the 'lib' compiler option to include 'dom'.
coming-soon/contact.js(203,36): error TS2584: Cannot find name 'document'. Do you need to change your target library? Try changing the 'lib' compiler option to include 'dom'.
coming-soon/contact.js(204,34): error TS2584: Cannot find name 'document'. Do you need to change your target library? Try changing the 'lib' compiler option to include 'dom'.
coming-soon/contact.js(205,32): error TS2584: Cannot find name 'document'. Do you need to change your target library? Try changing the 'lib' compiler option to include 'dom'.
coming-soon/contact.js(211,45): error TS2339: Property 'location' does not exist on type 'typeof window'.
coming-soon/contact.js(213,16): error TS2584: Cannot find name 'document'. Do you need to change your target library? Try changing the 'lib' compiler option to include 'dom'.
coming-soon/contact.js(225,19): error TS2584: Cannot find name 'document'. Do you need to change your target library? Try changing the 'lib' compiler option to include 'dom'.
coming-soon/contact.js(249,22): error TS2584: Cannot find name 'document'. Do you need to change your target library? Try changing the 'lib' compiler option to include 'dom'.
coming-soon/contact.js(251,19): error TS2584: Cannot find name 'document'. Do you need to change your target library? Try changing the 'lib' compiler option to include 'dom'.
coming-soon/contact.js(252,21): error TS2584: Cannot find name 'document'. Do you need to change your target library? Try changing the 'lib' compiler option to include 'dom'.
coming-soon/contact.js(271,14): error TS2584: Cannot find name 'document'. Do you need to change your target library? Try changing the 'lib' compiler option to include 'dom'.
coming-soon/contact.js(276,24): error TS2584: Cannot find name 'document'. Do you need to change your target library? Try changing the 'lib' compiler option to include 'dom'.
coming-soon/contact.js(277,28): error TS2584: Cannot find name 'document'. Do you need to change your target library? Try changing the 'lib' compiler option to include 'dom'.
coming-soon/contact.js(278,26): error TS2584: Cannot find name 'document'. Do you need to change your target library? Try changing the 'lib' compiler option to include 'dom'.
coming-soon/contact.js(279,24): error TS2584: Cannot find name 'document'. Do you need to change your target library? Try changing the 'lib' compiler option to include 'dom'.
coming-soon/contact.js(285,27): error TS2339: Property 'location' does not exist on type 'typeof window'.
coming-soon/contact.js(324,15): error TS2339: Property 'clipboard' does not exist on type 'Navigator'.
coming-soon/contact.js(334,15): error TS2339: Property 'clipboard' does not exist on type 'Navigator'.
coming-soon/contact.js(346,13): error TS2584: Cannot find name 'document'. Do you need to change your target library? Try changing the 'lib' compiler option to include 'dom'.
coming-soon/contact.js(349,5): error TS2584: Cannot find name 'document'. Do you need to change your target library? Try changing the 'lib' compiler option to include 'dom'.
coming-soon/contact.js(361,24): error TS2584: Cannot find name 'document'. Do you need to change your target library? Try changing the 'lib' compiler option to include 'dom'.
coming-soon/dist/js/auth.js(26,17): error TS2584: Cannot find name 'document'. Do you need to change your target library? Try changing the 'lib' compiler option to include 'dom'.
coming-soon/dist/js/auth.js(38,16): error TS2339: Property 'location' does not exist on type 'typeof window'.
coming-soon/dist/js/auth.js(42,53): error TS2339: Property 'location' does not exist on type 'typeof window'.
coming-soon/dist/js/auth.js(46,25): error TS2584: Cannot find name 'document'. Do you need to change your target library? Try changing the 'lib' compiler option to include 'dom'.
coming-soon/dist/js/auth.js(59,12): error TS2339: Property 'SbAuth' does not exist on type 'typeof window'.
coming-soon/dist/js/dashboard/certificate-module.js(4,46): error TS2339: Property 'escapeHtml' does not exist on type 'typeof window'.
coming-soon/dist/js/dashboard/certificate-module.js(5,12): error TS2339: Property 'escapeHtml' does not exist on type 'typeof window'.
coming-soon/dist/js/dashboard/certificate-module.js(110,17): error TS2339: Property 'JSZip' does not exist on type 'typeof window'.
coming-soon/dist/js/dashboard/certificate-module.js(110,34): error TS2339: Property 'html2canvas' does not exist on type 'typeof window'.
coming-soon/dist/js/dashboard/certificate-module.js(119,21): error TS2304: Cannot find name 'JSZip'.
coming-soon/dist/js/dashboard/certificate-module.js(160,58): error TS2339: Property '_tokenPayload' does not exist on type 'typeof window'.
coming-soon/dist/js/dashboard/certificate-module.js(160,88): error TS2339: Property '_tokenPayload' does not exist on type 'typeof window'.
coming-soon/dist/js/dashboard/certificate-module.js(694,28): error TS2339: Property '_tokenPayload' does not exist on type 'typeof window'.
coming-soon/dist/js/dashboard/certificate-module.js(694,52): error TS2339: Property '_tokenPayload' does not exist on type 'typeof window'.
coming-soon/dist/js/dashboard/certificate-module.js(694,81): error TS2339: Property '_tokenPayload' does not exist on type 'typeof window'.
coming-soon/dist/js/dashboard/certificate-module.js(755,50): error TS2362: The left-hand side of an arithmetic operation must be of type 'any', 'number', 'bigint' or an enum type.
coming-soon/dist/js/dashboard/certificate-module.js(755,65): error TS2363: The right-hand side of an arithmetic operation must be of type 'any', 'number', 'bigint' or an enum type.
coming-soon/dist/js/dashboard/certificate-module.js(1032,19): error TS2584: Cannot find name 'document'. Do you need to change your target library? Try changing the 'lib' compiler option to include 'dom'.
coming-soon/dist/js/dashboard/certificate-module.js(1036,9): error TS2584: Cannot find name 'document'. Do you need to change your target library? Try changing the 'lib' compiler option to include 'dom'.
coming-soon/dist/js/dashboard/certificate-module.js(1041,20): error TS2339: Property 'open' does not exist on type 'typeof window'.
coming-soon/dist/js/dashboard/certificate-module.js(1058,24): error TS2584: Cannot find name 'document'. Do you need to change your target library? Try changing the 'lib' compiler option to include 'dom'.
coming-soon/dist/js/dashboard/certificate-module.js(1073,31): error TS2304: Cannot find name 'getCertificateCredentials'.
coming-soon/dist/js/dashboard/certificate-module.js(1073,75): error TS2304: Cannot find name 'getCertificateCredentials'.
coming-soon/dist/js/dashboard/certificate-module.js(1084,26): error TS2584: Cannot find name 'document'. Do you need to change your target library? Try changing the 'lib' compiler option to include 'dom'.
coming-soon/dist/js/dashboard/certificate-module.js(1087,26): error TS2584: Cannot find name 'document'. Do you need to change your target library? Try changing the 'lib' compiler option to include 'dom'.
coming-soon/dist/js/dashboard/certificate-module.js(1089,26): error TS2584: Cannot find name 'document'. Do you need to change your target library? Try changing the 'lib' compiler option to include 'dom'.
coming-soon/dist/js/dashboard/certificate-module.js(1091,25): error TS2584: Cannot find name 'document'. Do you need to change your target library? Try changing the 'lib' compiler option to include 'dom'.
coming-soon/dist/js/dashboard/certificate-module.js(1114,12): error TS2339: Property 'generateSovereignCertificate' does not exist on type 'typeof window'.
coming-soon/dist/js/dashboard/certificate-module.js(1115,12): error TS2339: Property 'doGenerateCertificate' does not exist on type 'typeof window'.
coming-soon/dist/js/dashboard/main.js(5,16): error TS2584: Cannot find name 'document'. Do you need to change your target library? Try changing the 'lib' compiler option to include 'dom'.
coming-soon/dist/js/dashboard/main.js(8,15): error TS2339: Property 'clipboard' does not exist on type 'Navigator'.
coming-soon/dist/js/dashboard/main.js(17,21): error TS2584: Cannot find name 'document'. Do you need to change your target library? Try changing the 'lib' compiler option to include 'dom'.
coming-soon/dist/js/dashboard/main.js(63,16): error TS2584: Cannot find name 'document'. Do you need to change your target library? Try changing the 'lib' compiler option to include 'dom'.
coming-soon/dist/js/dashboard/main.js(79,12): error TS2339: Property 'simpleHash' does not exist on type 'typeof window'.
coming-soon/dist/js/dashboard/main.js(93,19): error TS2304: Cannot find name 'location'.
coming-soon/dist/js/dashboard/main.js(93,56): error TS2304: Cannot find name 'location'.
coming-soon/dist/js/dashboard/main.js(93,93): error TS2304: Cannot find name 'location'.
coming-soon/dist/js/dashboard/main.js(94,23): error TS2304: Cannot find name 'location'.
coming-soon/dist/js/dashboard/main.js(94,60): error TS2304: Cannot find name 'location'.
coming-soon/dist/js/dashboard/main.js(102,21): error TS2304: Cannot find name 'location'.
coming-soon/dist/js/dashboard/main.js(102,58): error TS2304: Cannot find name 'location'.
coming-soon/dist/js/dashboard/main.js(104,34): error TS2304: Cannot find name 'location'.
coming-soon/dist/js/dashboard/main.js(106,16): error TS2304: Cannot find name 'location'.
coming-soon/dist/js/dashboard/main.js(109,16): error TS2304: Cannot find name 'location'.
coming-soon/dist/js/dashboard/main.js(114,19): error TS2584: Cannot find name 'document'. Do you need to change your target library? Try changing the 'lib' compiler option to include 'dom'.
coming-soon/dist/js/dashboard/main.js(115,16): error TS2584: Cannot find name 'document'. Do you need to change your target library? Try changing the 'lib' compiler option to include 'dom'.
coming-soon/dist/js/dashboard/main.js(116,21): error TS2584: Cannot find name 'document'. Do you need to change your target library? Try changing the 'lib' compiler option to include 'dom'.
coming-soon/dist/js/dashboard/main.js(117,18): error TS2584: Cannot find name 'document'. Do you need to change your target library? Try changing the 'lib' compiler option to include 'dom'.
coming-soon/dist/js/dashboard/main.js(118,24): error TS2584: Cannot find name 'document'. Do you need to change your target library? Try changing the 'lib' compiler option to include 'dom'.
coming-soon/dist/js/dashboard/main.js(129,16): error TS2584: Cannot find name 'document'. Do you need to change your target library? Try changing the 'lib' compiler option to include 'dom'.
coming-soon/dist/js/dashboard/main.js(130,20): error TS2584: Cannot find name 'document'. Do you need to change your target library? Try changing the 'lib' compiler option to include 'dom'.
coming-soon/dist/js/dashboard/main.js(131,17): error TS2584: Cannot find name 'document'. Do you need to change your target library? Try changing the 'lib' compiler option to include 'dom'.
coming-soon/dist/js/dashboard/main.js(132,21): error TS2584: Cannot find name 'document'. Do you need to change your target library? Try changing the 'lib' compiler option to include 'dom'.
coming-soon/dist/js/dashboard/main.js(134,27): error TS2584: Cannot find name 'document'. Do you need to change your target library? Try changing the 'lib' compiler option to include 'dom'.
coming-soon/dist/js/dashboard/main.js(135,24): error TS2584: Cannot find name 'document'. Do you need to change your target library? Try changing the 'lib' compiler option to include 'dom'.
coming-soon/dist/js/dashboard/main.js(136,23): error TS2584: Cannot find name 'document'. Do you need to change your target library? Try changing the 'lib' compiler option to include 'dom'.
coming-soon/dist/js/dashboard/main.js(137,24): error TS2584: Cannot find name 'document'. Do you need to change your target library? Try changing the 'lib' compiler option to include 'dom'.
coming-soon/dist/js/dashboard/main.js(138,25): error TS2584: Cannot find name 'document'. Do you need to change your target library? Try changing the 'lib' compiler option to include 'dom'.
coming-soon/dist/js/dashboard/main.js(140,31): error TS2584: Cannot find name 'document'. Do you need to change your target library? Try changing the 'lib' compiler option to include 'dom'.
coming-soon/dist/js/dashboard/main.js(141,24): error TS2584: Cannot find name 'document'. Do you need to change your target library? Try changing the 'lib' compiler option to include 'dom'.
coming-soon/dist/js/dashboard/main.js(142,22): error TS2584: Cannot find name 'document'. Do you need to change your target library? Try changing the 'lib' compiler option to include 'dom'.
coming-soon/dist/js/dashboard/main.js(158,28): error TS2304: Cannot find name 'ScanUtils'.
coming-soon/dist/js/dashboard/main.js(158,57): error TS2304: Cannot find name 'ScanUtils'.
coming-soon/dist/js/dashboard/main.js(159,11): error TS2304: Cannot find name 'ScanUtils'.
coming-soon/dist/js/dashboard/main.js(160,19): error TS2304: Cannot find name 'analyzeFolderSize'.
coming-soon/dist/js/dashboard/main.js(160,55): error TS2304: Cannot find name 'analyzeFolderSize'.
coming-soon/dist/js/dashboard/main.js(267,25): error TS2584: Cannot find name 'document'. Do you need to change your target library? Try changing the 'lib' compiler option to include 'dom'.
coming-soon/dist/js/dashboard/main.js(268,19): error TS2584: Cannot find name 'document'. Do you need to change your target library? Try changing the 'lib' compiler option to include 'dom'.
coming-soon/dist/js/dashboard/main.js(269,21): error TS2584: Cannot find name 'document'. Do you need to change your target library? Try changing the 'lib' compiler option to include 'dom'.
coming-soon/dist/js/dashboard/main.js(280,25): error TS2339: Property 'clipboard' does not exist on type 'Navigator'.
coming-soon/dist/js/dashboard/main.js(508,29): error TS2339: Property '_scanPreviewData' does not exist on type 'typeof window'.
coming-soon/dist/js/dashboard/main.js(510,33): error TS2339: Property '_tokenPayload' does not exist on type 'typeof window'.
coming-soon/dist/js/dashboard/main.js(510,63): error TS2339: Property '_tokenPayload' does not exist on type 'typeof window'.
coming-soon/dist/js/dashboard/main.js(521,43): error TS2339: Property '_scanPreviewModules' does not exist on type 'typeof window'.
coming-soon/dist/js/dashboard/main.js(531,23): error TS2584: Cannot find name 'document'. Do you need to change your target library? Try changing the 'lib' compiler option to include 'dom'.
coming-soon/dist/js/dashboard/main.js(534,13): error TS2584: Cannot find name 'document'. Do you need to change your target library? Try changing the 'lib' compiler option to include 'dom'.
coming-soon/dist/js/dashboard/main.js(541,29): error TS2339: Property '_scanPreviewModules' does not exist on type 'typeof window'.
coming-soon/dist/js/dashboard/main.js(880,19): error TS2584: Cannot find name 'document'. Do you need to change your target library? Try changing the 'lib' compiler option to include 'dom'.
coming-soon/dist/js/dashboard/main.js(883,9): error TS2584: Cannot find name 'document'. Do you need to change your target library? Try changing the 'lib' compiler option to include 'dom'.
coming-soon/dist/js/dashboard/main.js(908,26): error TS2339: Property '_tokenPayload' does not exist on type 'typeof window'.
coming-soon/dist/js/dashboard/main.js(947,23): error TS2584: Cannot find name 'document'. Do you need to change your target library? Try changing the 'lib' compiler option to include 'dom'.
coming-soon/dist/js/dashboard/main.js(950,19): error TS2584: Cannot find name 'document'. Do you need to change your target library? Try changing the 'lib' compiler option to include 'dom'.
coming-soon/dist/js/dashboard/main.js(1058,25): error TS2584: Cannot find name 'document'. Do you need to change your target library? Try changing the 'lib' compiler option to include 'dom'.
coming-soon/dist/js/dashboard/main.js(1134,22): error TS2584: Cannot find name 'document'. Do you need to change your target library? Try changing the 'lib' compiler option to include 'dom'.
coming-soon/dist/js/dashboard/main.js(1223,19): error TS2584: Cannot find name 'document'. Do you need to change your target library? Try changing the 'lib' compiler option to include 'dom'.
coming-soon/dist/js/dashboard/main.js(1309,20): error TS2584: Cannot find name 'document'. Do you need to change your target library? Try changing the 'lib' compiler option to include 'dom'.
coming-soon/dist/js/dashboard/main.js(1311,16): error TS2339: Property '_tokenPayload' does not exist on type 'typeof window'.
coming-soon/dist/js/dashboard/main.js(1318,26): error TS2584: Cannot find name 'document'. Do you need to change your target library? Try changing the 'lib' compiler option to include 'dom'.
coming-soon/dist/js/dashboard/main.js(1321,9): error TS2584: Cannot find name 'document'. Do you need to change your target library? Try changing the 'lib' compiler option to include 'dom'.
coming-soon/dist/js/dashboard/main.js(1322,9): error TS2584: Cannot find name 'document'. Do you need to change your target library? Try changing the 'lib' compiler option to include 'dom'.
coming-soon/dist/js/dashboard/main.js(1323,9): error TS2584: Cannot find name 'document'. Do you need to change your target library? Try changing the 'lib' compiler option to include 'dom'.
coming-soon/dist/js/dashboard/main.js(1324,9): error TS2584: Cannot find name 'document'. Do you need to change your target library? Try changing the 'lib' compiler option to include 'dom'.
coming-soon/dist/js/dashboard/main.js(1325,9): error TS2584: Cannot find name 'document'. Do you need to change your target library? Try changing the 'lib' compiler option to include 'dom'.
coming-soon/dist/js/dashboard/main.js(1333,16): error TS2339: Property '_tokenPayload' does not exist on type 'typeof window'.
coming-soon/dist/js/dashboard/main.js(1338,32): error TS2584: Cannot find name 'document'. Do you need to change your target library? Try changing the 'lib' compiler option to include 'dom'.
coming-soon/dist/js/dashboard/main.js(1341,29): error TS2584: Cannot find name 'document'. Do you need to change your target library? Try changing the 'lib' compiler option to include 'dom'.
coming-soon/dist/js/dashboard/main.js(1344,32): error TS2584: Cannot find name 'document'. Do you need to change your target library? Try changing the 'lib' compiler option to include 'dom'.
coming-soon/dist/js/dashboard/main.js(1347,29): error TS2584: Cannot find name 'document'. Do you need to change your target library? Try changing the 'lib' compiler option to include 'dom'.
coming-soon/dist/js/dashboard/main.js(1350,29): error TS2584: Cannot find name 'document'. Do you need to change your target library? Try changing the 'lib' compiler option to include 'dom'.
coming-soon/dist/js/dashboard/main.js(1355,31): error TS2584: Cannot find name 'document'. Do you need to change your target library? Try changing the 'lib' compiler option to include 'dom'.
coming-soon/dist/js/dashboard/main.js(1362,26): error TS2584: Cannot find name 'document'. Do you need to change your target library? Try changing the 'lib' compiler option to include 'dom'.
coming-soon/dist/js/dashboard/main.js(1365,13): error TS2584: Cannot find name 'document'. Do you need to change your target library? Try changing the 'lib' compiler option to include 'dom'.
coming-soon/dist/js/dashboard/main.js(1372,24): error TS2584: Cannot find name 'document'. Do you need to change your target library? Try changing the 'lib' compiler option to include 'dom'.
coming-soon/dist/js/dashboard/main.js(1379,28): error TS2584: Cannot find name 'document'. Do you need to change your target library? Try changing the 'lib' compiler option to include 'dom'.
coming-soon/dist/js/dashboard/main.js(1380,28): error TS2584: Cannot find name 'document'. Do you need to change your target library? Try changing the 'lib' compiler option to include 'dom'.
coming-soon/dist/js/dashboard/main.js(1381,28): error TS2584: Cannot find name 'document'. Do you need to change your target library? Try changing the 'lib' compiler option to include 'dom'.
coming-soon/dist/js/dashboard/main.js(1382,26): error TS2584: Cannot find name 'document'. Do you need to change your target library? Try changing the 'lib' compiler option to include 'dom'.
coming-soon/dist/js/dashboard/main.js(1418,46): error TS2339: Property 'location' does not exist on type 'typeof window'.
coming-soon/dist/js/dashboard/main.js(1434,5): error TS2584: Cannot find name 'document'. Do you need to change your target library? Try changing the 'lib' compiler option to include 'dom'.
coming-soon/dist/js/dashboard/main.js(1437,19): error TS2584: Cannot find name 'document'. Do you need to change your target library? Try changing the 'lib' compiler option to include 'dom'.
coming-soon/dist/js/dashboard/main.js(1438,21): error TS2584: Cannot find name 'document'. Do you need to change your target library? Try changing the 'lib' compiler option to include 'dom'.
coming-soon/dist/js/dashboard/main.js(1439,22): error TS2584: Cannot find name 'document'. Do you need to change your target library? Try changing the 'lib' compiler option to include 'dom'.
coming-soon/dist/js/dashboard/main.js(1458,24): error TS2339: Property 'success' does not exist on type 'unknown'.
coming-soon/dist/js/dashboard/main.js(1459,51): error TS2339: Property 'message' does not exist on type 'unknown'.
coming-soon/dist/js/dashboard/main.js(1462,29): error TS2339: Property 'redirectToPricing' does not exist on type 'unknown'.
coming-soon/dist/js/dashboard/main.js(1463,24): error TS2339: Property 'location' does not exist on type 'typeof window'.
coming-soon/dist/js/dashboard/main.js(1467,51): error TS2339: Property 'error' does not exist on type 'unknown'.
coming-soon/dist/js/dashboard/main.js(1482,20): error TS2584: Cannot find name 'document'. Do you need to change your target library? Try changing the 'lib' compiler option to include 'dom'.
coming-soon/dist/js/dashboard/main.js(1485,21): error TS2584: Cannot find name 'document'. Do you need to change your target library? Try changing the 'lib' compiler option to include 'dom'.
coming-soon/dist/js/dashboard/main.js(1487,24): error TS2584: Cannot find name 'document'. Do you need to change your target library? Try changing the 'lib' compiler option to include 'dom'.
coming-soon/dist/js/dashboard/main.js(1515,22): error TS2339: Property 'success' does not exist on type 'unknown'.
coming-soon/dist/js/dashboard/main.js(1515,38): error TS2339: Property 'token' does not exist on type 'unknown'.
coming-soon/dist/js/dashboard/main.js(1516,43): error TS2339: Property 'token' does not exist on type 'unknown'.
coming-soon/dist/js/dashboard/main.js(1517,44): error TS2339: Property 'token' does not exist on type 'unknown'.
coming-soon/dist/js/dashboard/main.js(1524,21): error TS2304: Cannot find name 'history'.
coming-soon/dist/js/dashboard/main.js(1524,88): error TS2339: Property 'token' does not exist on type 'unknown'.
coming-soon/dist/js/dashboard/main.js(1533,67): error TS2339: Property 'error' does not exist on type 'unknown'.
coming-soon/dist/js/dashboard/main.js(1549,24): error TS2584: Cannot find name 'document'. Do you need to change your target library? Try changing the 'lib' compiler option to include 'dom'.
coming-soon/dist/js/dashboard/main.js(1608,13): error TS2588: Cannot assign to 'accountTokens' because it is a constant.
coming-soon/dist/js/dashboard/main.js(1616,26): error TS2584: Cannot find name 'document'. Do you need to change your target library? Try changing the 'lib' compiler option to include 'dom'.
coming-soon/dist/js/dashboard/main.js(1650,21): error TS2584: Cannot find name 'document'. Do you need to change your target library? Try changing the 'lib' compiler option to include 'dom'.
coming-soon/dist/js/dashboard/main.js(1656,19): error TS2584: Cannot find name 'document'. Do you need to change your target library? Try changing the 'lib' compiler option to include 'dom'.
coming-soon/dist/js/dashboard/main.js(1657,19): error TS2584: Cannot find name 'document'. Do you need to change your target library? Try changing the 'lib' compiler option to include 'dom'.
coming-soon/dist/js/dashboard/main.js(1658,19): error TS2584: Cannot find name 'document'. Do you need to change your target library? Try changing the 'lib' compiler option to include 'dom'.
coming-soon/dist/js/dashboard/main.js(1659,19): error TS2584: Cannot find name 'document'. Do you need to change your target library? Try changing the 'lib' compiler option to include 'dom'.
coming-soon/dist/js/dashboard/main.js(1660,19): error TS2584: Cannot find name 'document'. Do you need to change your target library? Try changing the 'lib' compiler option to include 'dom'.
coming-soon/dist/js/dashboard/main.js(1777,31): error TS2339: Property 'renderPreview' does not exist on type 'typeof window'.
coming-soon/dist/js/dashboard/main.js(1778,24): error TS2339: Property 'renderPreview' does not exist on type 'typeof window'.
coming-soon/dist/js/dashboard/main.js(1785,34): error TS2584: Cannot find name 'document'. Do you need to change your target library? Try changing the 'lib' compiler option to include 'dom'.
coming-soon/dist/js/dashboard/main.js(1795,18): error TS2584: Cannot find name 'document'. Do you need to change your target library? Try changing the 'lib' compiler option to include 'dom'.
coming-soon/dist/js/dashboard/main.js(1800,16): error TS2339: Property '_scanPreviewData' does not exist on type 'typeof window'.
coming-soon/dist/js/dashboard/main.js(1801,16): error TS2339: Property '_scanPreviewModules' does not exist on type 'typeof window'.
coming-soon/dist/js/dashboard/main.js(1817,35): error TS2584: Cannot find name 'document'. Do you need to change your target library? Try changing the 'lib' compiler option to include 'dom'.
coming-soon/dist/js/dashboard/main.js(1821,29): error TS2584: Cannot find name 'document'. Do you need to change your target library? Try changing the 'lib' compiler option to include 'dom'.
coming-soon/dist/js/dashboard/main.js(1826,24): error TS2584: Cannot find name 'document'. Do you need to change your target library? Try changing the 'lib' compiler option to include 'dom'.
coming-soon/dist/js/dashboard/main.js(1856,27): error TS2584: Cannot find name 'document'. Do you need to change your target library? Try changing the 'lib' compiler option to include 'dom'.
coming-soon/dist/js/dashboard/main.js(1859,32): error TS2584: Cannot find name 'document'. Do you need to change your target library? Try changing the 'lib' compiler option to include 'dom'.
coming-soon/dist/js/dashboard/main.js(1868,32): error TS2584: Cannot find name 'document'. Do you need to change your target library? Try changing the 'lib' compiler option to include 'dom'.
coming-soon/dist/js/dashboard/main.js(1883,1): error TS2584: Cannot find name 'document'. Do you need to change your target library? Try changing the 'lib' compiler option to include 'dom'.
coming-soon/dist/js/dashboard/main.js(1902,23): error TS2584: Cannot find name 'document'. Do you need to change your target library? Try changing the 'lib' compiler option to include 'dom'.
coming-soon/dist/js/dashboard/main.js(1927,28): error TS2584: Cannot find name 'document'. Do you need to change your target library? Try changing the 'lib' compiler option to include 'dom'.
coming-soon/dist/js/dashboard/main.js(1928,28): error TS2584: Cannot find name 'document'. Do you need to change your target library? Try changing the 'lib' compiler option to include 'dom'.
coming-soon/dist/js/dashboard/main.js(1929,27): error TS2584: Cannot find name 'document'. Do you need to change your target library? Try changing the 'lib' compiler option to include 'dom'.
coming-soon/dist/js/dashboard/main.js(1934,24): error TS2584: Cannot find name 'document'. Do you need to change your target library? Try changing the 'lib' compiler option to include 'dom'.
coming-soon/dist/js/dashboard/main.js(1955,41): error TS2339: Property 'renderPreview' does not exist on type 'typeof window'.
coming-soon/dist/js/dashboard/main.js(1956,20): error TS2339: Property 'renderPreview' does not exist on type 'typeof window'.
coming-soon/dist/js/dashboard/main.js(1990,22): error TS2584: Cannot find name 'document'. Do you need to change your target library? Try changing the 'lib' compiler option to include 'dom'.
coming-soon/dist/js/dashboard/main.js(1991,21): error TS2584: Cannot find name 'document'. Do you need to change your target library? Try changing the 'lib' compiler option to include 'dom'.
coming-soon/dist/js/dashboard/main.js(1992,23): error TS2584: Cannot find name 'document'. Do you need to change your target library? Try changing the 'lib' compiler option to include 'dom'.
coming-soon/dist/js/dashboard/main.js(1993,22): error TS2584: Cannot find name 'document'. Do you need to change your target library? Try changing the 'lib' compiler option to include 'dom'.
coming-soon/dist/js/dashboard/main.js(2016,28): error TS2584: Cannot find name 'document'. Do you need to change your target library? Try changing the 'lib' compiler option to include 'dom'.
coming-soon/dist/js/dashboard/main.js(2017,26): error TS2584: Cannot find name 'document'. Do you need to change your target library? Try changing the 'lib' compiler option to include 'dom'.
coming-soon/dist/js/dashboard/main.js(2020,19): error TS2339: Property 'clipboard' does not exist on type 'Navigator'.
coming-soon/dist/js/dashboard/main.js(2028,25): error TS2584: Cannot find name 'document'. Do you need to change your target library? Try changing the 'lib' compiler option to include 'dom'.
coming-soon/dist/js/dashboard/main.js(2029,24): error TS2584: Cannot find name 'document'. Do you need to change your target library? Try changing the 'lib' compiler option to include 'dom'.
coming-soon/dist/js/dashboard/main.js(2030,26): error TS2584: Cannot find name 'document'. Do you need to change your target library? Try changing the 'lib' compiler option to include 'dom'.
coming-soon/dist/js/dashboard/main.js(2031,25): error TS2584: Cannot find name 'document'. Do you need to change your target library? Try changing the 'lib' compiler option to include 'dom'.
coming-soon/dist/js/dashboard/main.js(2065,43): error TS2339: Property 'isSecureContext' does not exist on type 'typeof window'.
coming-soon/dist/js/dashboard/main.js(2066,18): error TS2339: Property 'isSecureContext' does not exist on type 'typeof window'.
coming-soon/dist/js/dashboard/main.js(2067,11): error TS2304: Cannot find name 'location'.
coming-soon/dist/js/dashboard/main.js(2067,45): error TS2304: Cannot find name 'location'.
coming-soon/dist/js/dashboard/main.js(2067,82): error TS2304: Cannot find name 'location'.
coming-soon/dist/js/dashboard/main.js(2068,16): error TS2304: Cannot find name 'showDirectoryPicker'.
coming-soon/dist/js/dashboard/main.js(2077,9): error TS2304: Cannot find name 'showDirectoryPicker'.
coming-soon/dist/js/dashboard/main.js(2118,25): error TS2584: Cannot find name 'document'. Do you need to change your target library? Try changing the 'lib' compiler option to include 'dom'.
coming-soon/dist/js/dashboard/main.js(2159,31): error TS2584: Cannot find name 'document'. Do you need to change your target library? Try changing the 'lib' compiler option to include 'dom'.
coming-soon/dist/js/dashboard/main.js(2277,30): error TS2584: Cannot find name 'document'. Do you need to change your target library? Try changing the 'lib' compiler option to include 'dom'.
coming-soon/dist/js/dashboard/main.js(2337,39): error TS2584: Cannot find name 'document'. Do you need to change your target library? Try changing the 'lib' compiler option to include 'dom'.
coming-soon/dist/js/dashboard/main.js(2349,21): error TS2584: Cannot find name 'document'. Do you need to change your target library? Try changing the 'lib' compiler option to include 'dom'.
coming-soon/dist/js/dashboard/main.js(2352,13): error TS2584: Cannot find name 'document'. Do you need to change your target library? Try changing the 'lib' compiler option to include 'dom'.
coming-soon/dist/js/dashboard/main.js(2358,13): error TS2584: Cannot find name 'document'. Do you need to change your target library? Try changing the 'lib' compiler option to include 'dom'.
coming-soon/dist/js/dashboard/main.js(2396,20): error TS2339: Property '_scanPreviewData' does not exist on type 'typeof window'.
coming-soon/dist/js/dashboard/main.js(2397,20): error TS2339: Property '_scanPreviewModules' does not exist on type 'typeof window'.
coming-soon/dist/js/dashboard/main.js(2403,31): error TS2339: Property 'processLocalCLIScan' does not exist on type 'typeof window'.
coming-soon/dist/js/dashboard/main.js(2404,30): error TS2339: Property 'processLocalCLIScan' does not exist on type 'typeof window'.
coming-soon/dist/js/dashboard/main.js(2408,1): error TS2584: Cannot find name 'document'. Do you need to change your target library? Try changing the 'lib' compiler option to include 'dom'.
coming-soon/dist/js/dashboard/main.js(2411,26): error TS2584: Cannot find name 'document'. Do you need to change your target library? Try changing the 'lib' compiler option to include 'dom'.
coming-soon/dist/js/dashboard/main.js(2425,20): error TS2584: Cannot find name 'document'. Do you need to change your target library? Try changing the 'lib' compiler option to include 'dom'.
coming-soon/dist/js/dashboard/main.js(2426,19): error TS2584: Cannot find name 'document'. Do you need to change your target library? Try changing the 'lib' compiler option to include 'dom'.
coming-soon/dist/js/dashboard/main.js(2534,24): error TS2304: Cannot find name 'FileReader'.
coming-soon/dist/js/dashboard/main.js(2541,31): error TS2339: Property 'renderPreview' does not exist on type 'typeof window'.
coming-soon/dist/js/dashboard/main.js(2542,24): error TS2339: Property 'renderPreview' does not exist on type 'typeof window'.
coming-soon/dist/js/dashboard/main.js(2547,33): error TS2584: Cannot find name 'document'. Do you need to change your target library? Try changing the 'lib' compiler option to include 'dom'.
coming-soon/dist/js/dashboard/main.js(2558,13): error TS2584: Cannot find name 'document'. Do you need to change your target library? Try changing the 'lib' compiler option to include 'dom'.
coming-soon/dist/js/dashboard/main.js(2717,17): error TS2339: Property 'scanId' does not exist on type '{}'.
coming-soon/dist/js/dashboard/main.js(2728,22): error TS2339: Property 'status' does not exist on type 'unknown'.
coming-soon/dist/js/dashboard/main.js(2729,34): error TS2339: Property 'percent' does not exist on type 'unknown'.
coming-soon/dist/js/dashboard/main.js(2730,83): error TS2339: Property 'current' does not exist on type 'unknown'.
coming-soon/dist/js/dashboard/main.js(2730,111): error TS2339: Property 'total' does not exist on type 'unknown'.
coming-soon/dist/js/dashboard/main.js(2733,22): error TS2339: Property 'status' does not exist on type 'unknown'.
coming-soon/dist/js/dashboard/main.js(2734,67): error TS2339: Property 'error' does not exist on type 'unknown'.
coming-soon/dist/js/dashboard/main.js(2737,22): error TS2339: Property 'status' does not exist on type 'unknown'.
coming-soon/dist/js/dashboard/main.js(2739,26): error TS2339: Property 'reportJson' does not exist on type 'unknown'.
coming-soon/dist/js/dashboard/main.js(2740,39): error TS2339: Property 'reportJson' does not exist on type 'unknown'.
coming-soon/dist/js/dashboard/main.js(2741,39): error TS2339: Property 'renderPreview' does not exist on type 'typeof window'.
coming-soon/dist/js/dashboard/main.js(2742,32): error TS2339: Property 'renderPreview' does not exist on type 'typeof window'.
coming-soon/dist/js/dashboard/main.js(2746,37): error TS2584: Cannot find name 'document'. Do you need to change your target library? Try changing the 'lib' compiler option to include 'dom'.
coming-soon/dist/js/dashboard/main.js(2780,29): error TS2339: Property 'report' does not exist on type 'unknown'.
coming-soon/dist/js/dashboard/main.js(2783,16): error TS2339: Property '_scanPreviewData' does not exist on type 'typeof window'.
coming-soon/dist/js/dashboard/main.js(2784,16): error TS2339: Property '_scanPreviewModules' does not exist on type 'typeof window'.
coming-soon/dist/js/dashboard/main.js(2790,9): error TS2304: Cannot find name 'renderFullReport'.
coming-soon/dist/js/dashboard/main.js(2834,23): error TS2339: Property 'processLocalCLIScan' does not exist on type 'typeof window'.
coming-soon/dist/js/dashboard/main.js(2840,12): error TS2339: Property '_scanPreviewData' does not exist on type 'typeof window'.
coming-soon/dist/js/dashboard/main.js(2841,12): error TS2339: Property '_scanPreviewModules' does not exist on type 'typeof window'.
coming-soon/dist/js/dashboard/main.js(2849,22): error TS2339: Property 'processLocalCLIScan' does not exist on type 'typeof window'.
coming-soon/dist/js/dashboard/main.js(2867,20): error TS2339: Property 'processLocalCLIScan' does not exist on type 'typeof window'.
coming-soon/dist/js/dashboard/main.js(2945,31): error TS2339: Property 'renderPreview' does not exist on type 'typeof window'.
coming-soon/dist/js/dashboard/main.js(2946,24): error TS2339: Property 'renderPreview' does not exist on type 'typeof window'.
coming-soon/dist/js/dashboard/main.js(2969,25): error TS2584: Cannot find name 'document'. Do you need to change your target library? Try changing the 'lib' compiler option to include 'dom'.
coming-soon/dist/js/dashboard/main.js(2970,21): error TS2584: Cannot find name 'document'. Do you need to change your target library? Try changing the 'lib' compiler option to include 'dom'.
coming-soon/dist/js/dashboard/main.js(2971,22): error TS2584: Cannot find name 'document'. Do you need to change your target library? Try changing the 'lib' compiler option to include 'dom'.
coming-soon/dist/js/dashboard/main.js(2972,32): error TS2584: Cannot find name 'document'. Do you need to change your target library? Try changing the 'lib' compiler option to include 'dom'.
coming-soon/dist/js/dashboard/main.js(2973,26): error TS2584: Cannot find name 'document'. Do you need to change your target library? Try changing the 'lib' compiler option to include 'dom'.
coming-soon/dist/js/dashboard/main.js(2976,18): error TS2584: Cannot find name 'document'. Do you need to change your target library? Try changing the 'lib' compiler option to include 'dom'.
coming-soon/dist/js/dashboard/main.js(3025,20): error TS2304: Cannot find name 'openCertCredentialsModal'.
coming-soon/dist/js/dashboard/main.js(3026,13): error TS2304: Cannot find name 'openCertCredentialsModal'.
coming-soon/dist/js/dashboard/main.js(3032,23): error TS2584: Cannot find name 'document'. Do you need to change your target library? Try changing the 'lib' compiler option to include 'dom'.
coming-soon/dist/js/dashboard/main.js(3035,20): error TS2304: Cannot find name 'openCertCredentialsModal'.
coming-soon/dist/js/dashboard/main.js(3036,13): error TS2304: Cannot find name 'openCertCredentialsModal'.
coming-soon/dist/js/dashboard/main.js(3046,25): error TS2584: Cannot find name 'document'. Do you need to change your target library? Try changing the 'lib' compiler option to include 'dom'.
coming-soon/dist/js/dashboard/main.js(3050,25): error TS2304: Cannot find name 'confirm'.
coming-soon/dist/js/dashboard/main.js(3060,29): error TS2584: Cannot find name 'document'. Do you need to change your target library? Try changing the 'lib' compiler option to include 'dom'.
coming-soon/dist/js/dashboard/main.js(3080,21): error TS2584: Cannot find name 'document'. Do you need to change your target library? Try changing the 'lib' compiler option to include 'dom'.
coming-soon/dist/js/dashboard/main.js(3085,19): error TS2339: Property 'clipboard' does not exist on type 'Navigator'.
coming-soon/dist/js/dashboard/main.js(3093,28): error TS2584: Cannot find name 'document'. Do you need to change your target library? Try changing the 'lib' compiler option to include 'dom'.
coming-soon/dist/js/dashboard/main.js(3105,23): error TS2584: Cannot find name 'document'. Do you need to change your target library? Try changing the 'lib' compiler option to include 'dom'.
coming-soon/dist/js/dashboard/main.js(3111,1): error TS2584: Cannot find name 'document'. Do you need to change your target library? Try changing the 'lib' compiler option to include 'dom'.
coming-soon/dist/js/dashboard/main.js(3113,21): error TS2584: Cannot find name 'document'. Do you need to change your target library? Try changing the 'lib' compiler option to include 'dom'.
coming-soon/dist/js/dashboard/main.js(3120,1): error TS2584: Cannot find name 'document'. Do you need to change your target library? Try changing the 'lib' compiler option to include 'dom'.
coming-soon/dist/js/dashboard/main.js(3123,29): error TS2339: Property '_tokenPayload' does not exist on type 'typeof window'.
coming-soon/dist/js/dashboard/main.js(3123,59): error TS2339: Property '_tokenPayload' does not exist on type 'typeof window'.
coming-soon/dist/js/dashboard/main.js(3181,27): error TS2584: Cannot find name 'document'. Do you need to change your target library? Try changing the 'lib' compiler option to include 'dom'.
coming-soon/dist/js/dashboard/main.js(3199,26): error TS2584: Cannot find name 'document'. Do you need to change your target library? Try changing the 'lib' compiler option to include 'dom'.
coming-soon/dist/js/dashboard/main.js(3210,27): error TS2584: Cannot find name 'document'. Do you need to change your target library? Try changing the 'lib' compiler option to include 'dom'.
coming-soon/dist/js/dashboard/main.js(3213,30): error TS2584: Cannot find name 'document'. Do you need to change your target library? Try changing the 'lib' compiler option to include 'dom'.
coming-soon/dist/js/dashboard/main.js(3225,26): error TS2584: Cannot find name 'document'. Do you need to change your target library? Try changing the 'lib' compiler option to include 'dom'.
coming-soon/dist/js/dashboard/main.js(3244,38): error TS2584: Cannot find name 'document'. Do you need to change your target library? Try changing the 'lib' compiler option to include 'dom'.
coming-soon/dist/js/dashboard/main.js(3266,17): error TS2584: Cannot find name 'document'. Do you need to change your target library? Try changing the 'lib' compiler option to include 'dom'.
coming-soon/dist/js/dashboard/main.js(3285,27): error TS2339: Property 'renderPreview' does not exist on type 'typeof window'.
coming-soon/dist/js/dashboard/main.js(3286,20): error TS2339: Property 'renderPreview' does not exist on type 'typeof window'.
coming-soon/dist/js/dashboard/main.js(3290,124): error TS2339: Property 'totalFiles' does not exist on type 'unknown'.
coming-soon/dist/js/dashboard/main.js(3290,145): error TS2339: Property 'filesAnalyzed' does not exist on type 'unknown'.
coming-soon/dist/js/dashboard/main.js(3290,189): error TS2339: Property 'qualityScore' does not exist on type 'unknown'.
coming-soon/dist/js/dashboard/main.js(3290,219): error TS2339: Property 'qualityScore' does not exist on type 'unknown'.
coming-soon/dist/js/dashboard/main.js(3291,52): error TS2339: Property 'totalFiles' does not exist on type 'unknown'.
coming-soon/dist/js/dashboard/main.js(3291,73): error TS2339: Property 'filesAnalyzed' does not exist on type 'unknown'.
coming-soon/dist/js/dashboard/main.js(3309,34): error TS2304: Cannot find name 'location'.
coming-soon/dist/js/dashboard/main.js(3324,28): error TS2584: Cannot find name 'document'. Do you need to change your target library? Try changing the 'lib' compiler option to include 'dom'.
coming-soon/dist/js/dashboard/main.js(3325,26): error TS2584: Cannot find name 'document'. Do you need to change your target library? Try changing the 'lib' compiler option to include 'dom'.
coming-soon/dist/js/dashboard/main.js(3326,31): error TS2584: Cannot find name 'document'. Do you need to change your target library? Try changing the 'lib' compiler option to include 'dom'.
coming-soon/dist/js/dashboard/main.js(3342,18): error TS2584: Cannot find name 'document'. Do you need to change your target library? Try changing the 'lib' compiler option to include 'dom'.
coming-soon/dist/js/dashboard/main.js(3345,18): error TS2584: Cannot find name 'document'. Do you need to change your target library? Try changing the 'lib' compiler option to include 'dom'.
coming-soon/dist/js/dashboard/main.js(3370,23): error TS2584: Cannot find name 'document'. Do you need to change your target library? Try changing the 'lib' compiler option to include 'dom'.
coming-soon/dist/js/dashboard/main.js(3396,25): error TS2584: Cannot find name 'document'. Do you need to change your target library? Try changing the 'lib' compiler option to include 'dom'.
coming-soon/dist/js/dashboard/main.js(3397,25): error TS2584: Cannot find name 'document'. Do you need to change your target library? Try changing the 'lib' compiler option to include 'dom'.
coming-soon/dist/js/dashboard/main.js(3398,23): error TS2584: Cannot find name 'document'. Do you need to change your target library? Try changing the 'lib' compiler option to include 'dom'.
coming-soon/dist/js/dashboard/main.js(3399,18): error TS2584: Cannot find name 'document'. Do you need to change your target library? Try changing the 'lib' compiler option to include 'dom'.
coming-soon/dist/js/dashboard/main.js(3461,99): error TS2339: Property 'scanId' does not exist on type 'unknown'.
coming-soon/dist/js/dashboard/main.js(3476,120): error TS2339: Property 'totalFiles' does not exist on type 'unknown'.
coming-soon/dist/js/dashboard/main.js(3476,140): error TS2339: Property 'totalFiles' does not exist on type 'unknown'.
coming-soon/dist/js/dashboard/main.js(3476,197): error TS2339: Property 'qualityScore' does not exist on type 'unknown'.
coming-soon/dist/js/dashboard/main.js(3476,227): error TS2339: Property 'qualityScore' does not exist on type 'unknown'.
coming-soon/dist/js/dashboard/main.js(3478,27): error TS2339: Property 'renderPreview' does not exist on type 'typeof window'.
coming-soon/dist/js/dashboard/main.js(3479,20): error TS2339: Property 'renderPreview' does not exist on type 'typeof window'.
coming-soon/dist/js/dashboard/main.js(3483,50): error TS2339: Property 'totalFiles' does not exist on type 'unknown'.
coming-soon/dist/js/dashboard/main.js(3483,70): error TS2339: Property 'totalFiles' does not exist on type 'unknown'.
coming-soon/dist/js/dashboard/main.js(3494,19): error TS2584: Cannot find name 'document'. Do you need to change your target library? Try changing the 'lib' compiler option to include 'dom'.
coming-soon/dist/js/dashboard/main.js(3497,23): error TS2584: Cannot find name 'document'. Do you need to change your target library? Try changing the 'lib' compiler option to include 'dom'.
coming-soon/dist/js/dashboard/main.js(3501,5): error TS2584: Cannot find name 'document'. Do you need to change your target library? Try changing the 'lib' compiler option to include 'dom'.
coming-soon/dist/js/dashboard/main.js(3502,45): error TS2304: Cannot find name 'copyToClipboard'.
coming-soon/dist/js/dashboard/main.js(3504,40): error TS2584: Cannot find name 'document'. Do you need to change your target library? Try changing the 'lib' compiler option to include 'dom'.
coming-soon/dist/js/dashboard/main.js(3508,26): error TS2584: Cannot find name 'document'. Do you need to change your target library? Try changing the 'lib' compiler option to include 'dom'.
coming-soon/dist/js/dashboard/main.js(3513,26): error TS2584: Cannot find name 'document'. Do you need to change your target library? Try changing the 'lib' compiler option to include 'dom'.
coming-soon/dist/js/dashboard/main.js(3517,17): error TS2304: Cannot find name 'toggleModuleDropdown'.
coming-soon/dist/js/dashboard/main.js(3523,17): error TS2304: Cannot find name 'toggleModuleDropdown'.
coming-soon/dist/js/dashboard/main.js(3527,5): error TS2584: Cannot find name 'document'. Do you need to change your target library? Try changing the 'lib' compiler option to include 'dom'.
coming-soon/dist/js/dashboard/main.js(3532,28): error TS2584: Cannot find name 'document'. Do you need to change your target library? Try changing the 'lib' compiler option to include 'dom'.
coming-soon/dist/js/dashboard/main.js(3535,13): error TS2584: Cannot find name 'document'. Do you need to change your target library? Try changing the 'lib' compiler option to include 'dom'.
coming-soon/dist/js/dashboard/main.js(3536,13): error TS2584: Cannot find name 'document'. Do you need to change your target library? Try changing the 'lib' compiler option to include 'dom'.
coming-soon/dist/js/dashboard/main.js(3539,25): error TS2584: Cannot find name 'document'. Do you need to change your target library? Try changing the 'lib' compiler option to include 'dom'.
coming-soon/dist/js/dashboard/main.js(3550,17): error TS2584: Cannot find name 'document'. Do you need to change your target library? Try changing the 'lib' compiler option to include 'dom'.
coming-soon/dist/js/dashboard/main.js(3562,22): error TS2584: Cannot find name 'document'. Do you need to change your target library? Try changing the 'lib' compiler option to include 'dom'.
coming-soon/dist/js/dashboard/main.js(3571,5): error TS2584: Cannot find name 'document'. Do you need to change your target library? Try changing the 'lib' compiler option to include 'dom'.
coming-soon/dist/js/dashboard/main.js(3572,5): error TS2584: Cannot find name 'document'. Do you need to change your target library? Try changing the 'lib' compiler option to include 'dom'.
coming-soon/dist/js/dashboard/main.js(3582,41): error TS2339: Property 'currentReport' does not exist on type 'typeof window'.
coming-soon/dist/js/dashboard/main.js(3582,80): error TS2339: Property 'currentReport' does not exist on type 'typeof window'.
coming-soon/dist/js/dashboard/main.js(3582,120): error TS2339: Property 'lastScanReport' does not exist on type 'typeof window'.
coming-soon/dist/js/dashboard/main.js(3582,160): error TS2339: Property 'lastScanReport' does not exist on type 'typeof window'.
coming-soon/dist/js/dashboard/main.js(3589,31): error TS2339: Property '__postReportToVsCode' does not exist on type 'typeof window'.
coming-soon/dist/js/dashboard/main.js(3590,24): error TS2339: Property '__postReportToVsCode' does not exist on type 'typeof window'.
coming-soon/dist/js/dashboard/main.js(3604,51): error TS2339: Property 'location' does not exist on type 'typeof window'.
coming-soon/dist/js/dashboard/main.js(3617,31): error TS2339: Property 'renderPreview' does not exist on type 'typeof window'.
coming-soon/dist/js/dashboard/main.js(3618,24): error TS2339: Property 'renderPreview' does not exist on type 'typeof window'.
coming-soon/dist/js/dashboard/main.js(3619,33): error TS2584: Cannot find name 'document'. Do you need to change your target library? Try changing the 'lib' compiler option to include 'dom'.
coming-soon/dist/js/dashboard/phase-registry.js(153,12): error TS2339: Property 'PHASE_REGISTRY' does not exist on type 'typeof window'.
coming-soon/dist/js/dashboard/phase-registry.js(154,12): error TS2339: Property 'computePhaseMetrics' does not exist on type 'typeof window'.
coming-soon/dist/js/dashboard/scanner-engine.js(1207,12): error TS2339: Property '_scanPreviewData' does not exist on type 'typeof window'.
coming-soon/dist/js/dashboard/scanner-engine.js(1208,12): error TS2339: Property '_scanPreviewModules' does not exist on type 'typeof window'.
coming-soon/dist/js/dashboard/scanner-engine.js(1211,31): error TS2584: Cannot find name 'document'. Do you need to change your target library? Try changing the 'lib' compiler option to include 'dom'.
coming-soon/dist/js/dashboard/scanner-engine.js(1334,23): error TS2584: Cannot find name 'document'. Do you need to change your target library? Try changing the 'lib' compiler option to include 'dom'.
coming-soon/dist/js/dashboard/scanner-engine.js(1344,28): error TS2584: Cannot find name 'document'. Do you need to change your target library? Try changing the 'lib' compiler option to include 'dom'.
coming-soon/dist/js/dashboard/scanner-engine.js(1349,28): error TS2584: Cannot find name 'document'. Do you need to change your target library? Try changing the 'lib' compiler option to include 'dom'.
coming-soon/dist/js/dashboard/scanner-engine.js(1362,27): error TS2584: Cannot find name 'document'. Do you need to change your target library? Try changing the 'lib' compiler option to include 'dom'.
coming-soon/dist/js/dashboard/scanner-engine.js(1365,17): error TS2584: Cannot find name 'document'. Do you need to change your target library? Try changing the 'lib' compiler option to include 'dom'.
coming-soon/dist/js/dashboard/scanner-engine.js(1367,17): error TS2584: Cannot find name 'document'. Do you need to change your target library? Try changing the 'lib' compiler option to include 'dom'.
coming-soon/dist/js/dashboard/scanner-engine.js(1376,24): error TS2584: Cannot find name 'document'. Do you need to change your target library? Try changing the 'lib' compiler option to include 'dom'.
coming-soon/dist/js/dashboard/scanner-engine.js(1380,24): error TS2584: Cannot find name 'document'. Do you need to change your target library? Try changing the 'lib' compiler option to include 'dom'.
coming-soon/dist/js/dashboard/scanner-engine.js(1399,27): error TS2339: Property 'clipboard' does not exist on type 'Navigator'.
coming-soon/dist/js/dashboard/scanner-engine.js(1399,50): error TS2339: Property 'clipboard' does not exist on type 'Navigator'.
coming-soon/dist/js/dashboard/scanner-engine.js(1400,27): error TS2339: Property 'clipboard' does not exist on type 'Navigator'.
coming-soon/dist/js/dashboard/scanner-engine.js(1412,24): error TS2584: Cannot find name 'document'. Do you need to change your target library? Try changing the 'lib' compiler option to include 'dom'.
coming-soon/dist/js/dashboard/scanner-engine.js(1416,13): error TS2584: Cannot find name 'document'. Do you need to change your target library? Try changing the 'lib' compiler option to include 'dom'.
coming-soon/dist/js/dashboard/scanner-engine.js(1419,24): error TS2584: Cannot find name 'document'. Do you need to change your target library? Try changing the 'lib' compiler option to include 'dom'.
coming-soon/dist/js/dashboard/scanner-engine.js(1420,13): error TS2584: Cannot find name 'document'. Do you need to change your target library? Try changing the 'lib' compiler option to include 'dom'.
coming-soon/dist/js/dashboard/scanner-engine.js(1435,29): error TS2339: Property '_tokenPayload' does not exist on type 'typeof window'.
coming-soon/dist/js/dashboard/scanner-engine.js(1435,59): error TS2339: Property '_tokenPayload' does not exist on type 'typeof window'.
coming-soon/dist/js/dashboard/scanner-engine.js(1439,35): error TS2584: Cannot find name 'document'. Do you need to change your target library? Try changing the 'lib' compiler option to include 'dom'.
coming-soon/dist/js/dashboard/scanner-engine.js(1445,29): error TS2584: Cannot find name 'document'. Do you need to change your target library? Try changing the 'lib' compiler option to include 'dom'.
coming-soon/dist/js/dashboard/scanner-engine.js(1446,26): error TS2584: Cannot find name 'document'. Do you need to change your target library? Try changing the 'lib' compiler option to include 'dom'.
coming-soon/dist/js/dashboard/scanner-engine.js(1621,46): error TS2339: Property '_scanOptions' does not exist on type 'typeof window'.
coming-soon/dist/js/dashboard/scanner-engine.js(1678,31): error TS2584: Cannot find name 'document'. Do you need to change your target library? Try changing the 'lib' compiler option to include 'dom'.
coming-soon/dist/js/dashboard/scanner-engine.js(1738,50): error TS2304: Cannot find name 'Worker'.
coming-soon/dist/js/dashboard/scanner-engine.js(1740,34): error TS2304: Cannot find name 'Worker'.
coming-soon/dist/js/dashboard/scanner-engine.js(1839,36): error TS2304: Cannot find name 'FileReader'.
coming-soon/dist/js/dashboard/scanner-engine.js(2735,27): error TS2339: Property 'reportType' does not exist on type '{ label: string; help: string; note: string; reportType: string; title: string; checkAi: boolean; checkCredentials: boolean; checkDebug: number; checkGov: boolean; checkEuAi: boolean; checkAiResidue: boolean; } | { ...; }'.
  Property 'reportType' does not exist on type '{ label: string; checkAi: true; checkCredentials: true; checkDebug: boolean; checkGov: true; checkAiResidue: true; }'.
coming-soon/dist/js/dashboard/scanner-engine.js(2741,32): error TS2551: Property 'checkEuAi' does not exist on type '{ label: string; help: string; note: string; reportType: string; title: string; checkAi: boolean; checkCredentials: boolean; checkDebug: number; checkGov: boolean; checkEuAi: boolean; checkAiResidue: boolean; } | { ...; }'. Did you mean 'checkAi'?
  Property 'checkEuAi' does not exist on type '{ label: string; checkAi: true; checkCredentials: true; checkDebug: boolean; checkGov: true; checkAiResidue: true; }'.
coming-soon/dist/js/dashboard/scanner-engine.js(2919,13): error TS1117: An object literal cannot have multiple properties with the same name.
coming-soon/dist/js/dashboard/scanner-engine.js(3201,28): error TS2339: Property 'title' does not exist on type '{ label: string; help: string; note: string; reportType: string; title: string; checkAi: boolean; checkCredentials: boolean; checkDebug: number; checkGov: boolean; checkEuAi: boolean; checkAiResidue: boolean; } | { ...; }'.
  Property 'title' does not exist on type '{ label: string; checkAi: true; checkCredentials: true; checkDebug: boolean; checkGov: true; checkAiResidue: true; }'.
coming-soon/dist/js/dashboard/scanner-engine.js(3202,13): error TS1117: An object literal cannot have multiple properties with the same name.
coming-soon/dist/js/dashboard/scanner-engine.js(3210,13): error TS1117: An object literal cannot have multiple properties with the same name.
coming-soon/dist/js/dashboard/scanner-engine.js(3251,59): error TS2769: No overload matches this call.
  Overload 1 of 2, '(...items: ConcatArray<{ description: string; type: string; location: any; isStructured: boolean; }>[]): { description: string; type: string; location: any; isStructured: boolean; }[]', gave the following error.
    Argument of type '{ description: string; type: string; codeSnippet: string; isStructured: boolean; }[]' is not assignable to parameter of type 'ConcatArray<{ description: string; type: string; location: any; isStructured: boolean; }>'.
      The types returned by 'slice(...)' are incompatible between these types.
        Type '{ description: string; type: string; codeSnippet: string; isStructured: boolean; }[]' is not assignable to type '{ description: string; type: string; location: any; isStructured: boolean; }[]'.
          Property 'location' is missing in type '{ description: string; type: string; codeSnippet: string; isStructured: boolean; }' but required in type '{ description: string; type: string; location: any; isStructured: boolean; }'.
  Overload 2 of 2, '(...items: ({ description: string; type: string; location: any; isStructured: boolean; } | ConcatArray<{ description: string; type: string; location: any; isStructured: boolean; }>)[]): { ...; }[]', gave the following error.
    Argument of type '{ description: string; type: string; codeSnippet: string; isStructured: boolean; }[]' is not assignable to parameter of type '{ description: string; type: string; location: any; isStructured: boolean; } | ConcatArray<{ description: string; type: string; location: any; isStructured: boolean; }>'.
      Type '{ description: string; type: string; codeSnippet: string; isStructured: boolean; }[]' is not assignable to type 'ConcatArray<{ description: string; type: string; location: any; isStructured: boolean; }>'.
        The types returned by 'slice(...)' are incompatible between these types.
          Type '{ description: string; type: string; codeSnippet: string; isStructured: boolean; }[]' is not assignable to type '{ description: string; type: string; location: any; isStructured: boolean; }[]'.
            Property 'location' is missing in type '{ description: string; type: string; codeSnippet: string; isStructured: boolean; }' but required in type '{ description: string; type: string; location: any; isStructured: boolean; }'.
coming-soon/dist/js/dashboard/scanner-engine.js(3291,76): error TS2769: No overload matches this call.
  Overload 1 of 2, '(...items: ConcatArray<{ description: string; type: string; location: any; isStructured: boolean; }>[]): { description: string; type: string; location: any; isStructured: boolean; }[]', gave the following error.
    Argument of type '{ description: string; type: string; codeSnippet: string; isStructured: boolean; }[]' is not assignable to parameter of type 'ConcatArray<{ description: string; type: string; location: any; isStructured: boolean; }>'.
      The types returned by 'slice(...)' are incompatible between these types.
        Type '{ description: string; type: string; codeSnippet: string; isStructured: boolean; }[]' is not assignable to type '{ description: string; type: string; location: any; isStructured: boolean; }[]'.
          Property 'location' is missing in type '{ description: string; type: string; codeSnippet: string; isStructured: boolean; }' but required in type '{ description: string; type: string; location: any; isStructured: boolean; }'.
  Overload 2 of 2, '(...items: ({ description: string; type: string; location: any; isStructured: boolean; } | ConcatArray<{ description: string; type: string; location: any; isStructured: boolean; }>)[]): { ...; }[]', gave the following error.
    Argument of type '{ description: string; type: string; codeSnippet: string; isStructured: boolean; }[]' is not assignable to parameter of type '{ description: string; type: string; location: any; isStructured: boolean; } | ConcatArray<{ description: string; type: string; location: any; isStructured: boolean; }>'.
      Type '{ description: string; type: string; codeSnippet: string; isStructured: boolean; }[]' is not assignable to type 'ConcatArray<{ description: string; type: string; location: any; isStructured: boolean; }>'.
        The types returned by 'slice(...)' are incompatible between these types.
          Type '{ description: string; type: string; codeSnippet: string; isStructured: boolean; }[]' is not assignable to type '{ description: string; type: string; location: any; isStructured: boolean; }[]'.
            Property 'location' is missing in type '{ description: string; type: string; codeSnippet: string; isStructured: boolean; }' but required in type '{ description: string; type: string; location: any; isStructured: boolean; }'.
coming-soon/dist/js/dashboard/scanner-engine.js(3343,85): error TS2769: No overload matches this call.
  Overload 1 of 2, '(...items: ConcatArray<{ description: string; type: string; location: any; isStructured: boolean; }>[]): { description: string; type: string; location: any; isStructured: boolean; }[]', gave the following error.
    Argument of type '({ description: string; type: string; codeSnippet: string; isStructured: boolean; } | { description: string; type: string; isStructured: boolean; })[]' is not assignable to parameter of type 'ConcatArray<{ description: string; type: string; location: any; isStructured: boolean; }>'.
      The types returned by 'slice(...)' are incompatible between these types.
        Type '({ description: string; type: string; codeSnippet: string; isStructured: boolean; } | { description: string; type: string; isStructured: boolean; })[]' is not assignable to type '{ description: string; type: string; location: any; isStructured: boolean; }[]'.
          Type '{ description: string; type: string; codeSnippet: string; isStructured: boolean; } | { description: string; type: string; isStructured: boolean; }' is not assignable to type '{ description: string; type: string; location: any; isStructured: boolean; }'.
            Property 'location' is missing in type '{ description: string; type: string; codeSnippet: string; isStructured: boolean; }' but required in type '{ description: string; type: string; location: any; isStructured: boolean; }'.
  Overload 2 of 2, '(...items: ({ description: string; type: string; location: any; isStructured: boolean; } | ConcatArray<{ description: string; type: string; location: any; isStructured: boolean; }>)[]): { ...; }[]', gave the following error.
    Argument of type '({ description: string; type: string; codeSnippet: string; isStructured: boolean; } | { description: string; type: string; isStructured: boolean; })[]' is not assignable to parameter of type '{ description: string; type: string; location: any; isStructured: boolean; } | ConcatArray<{ description: string; type: string; location: any; isStructured: boolean; }>'.
      Type '({ description: string; type: string; codeSnippet: string; isStructured: boolean; } | { description: string; type: string; isStructured: boolean; })[]' is not assignable to type 'ConcatArray<{ description: string; type: string; location: any; isStructured: boolean; }>'.
        The types returned by 'slice(...)' are incompatible between these types.
          Type '({ description: string; type: string; codeSnippet: string; isStructured: boolean; } | { description: string; type: string; isStructured: boolean; })[]' is not assignable to type '{ description: string; type: string; location: any; isStructured: boolean; }[]'.
            Type '{ description: string; type: string; codeSnippet: string; isStructured: boolean; } | { description: string; type: string; isStructured: boolean; }' is not assignable to type '{ description: string; type: string; location: any; isStructured: boolean; }'.
              Property 'location' is missing in type '{ description: string; type: string; codeSnippet: string; isStructured: boolean; }' but required in type '{ description: string; type: string; location: any; isStructured: boolean; }'.
coming-soon/dist/js/dashboard/scanner-engine.js(3352,59): error TS2769: No overload matches this call.
  Overload 1 of 2, '(...items: ConcatArray<{ description: string; type: string; location: any; isStructured: boolean; }>[]): { description: string; type: string; location: any; isStructured: boolean; }[]', gave the following error.
    Argument of type '{ description: string; type: string; codeSnippet: string; isStructured: boolean; }[]' is not assignable to parameter of type 'ConcatArray<{ description: string; type: string; location: any; isStructured: boolean; }>'.
      The types returned by 'slice(...)' are incompatible between these types.
        Type '{ description: string; type: string; codeSnippet: string; isStructured: boolean; }[]' is not assignable to type '{ description: string; type: string; location: any; isStructured: boolean; }[]'.
          Property 'location' is missing in type '{ description: string; type: string; codeSnippet: string; isStructured: boolean; }' but required in type '{ description: string; type: string; location: any; isStructured: boolean; }'.
  Overload 2 of 2, '(...items: ({ description: string; type: string; location: any; isStructured: boolean; } | ConcatArray<{ description: string; type: string; location: any; isStructured: boolean; }>)[]): { ...; }[]', gave the following error.
    Argument of type '{ description: string; type: string; codeSnippet: string; isStructured: boolean; }[]' is not assignable to parameter of type '{ description: string; type: string; location: any; isStructured: boolean; } | ConcatArray<{ description: string; type: string; location: any; isStructured: boolean; }>'.
      Type '{ description: string; type: string; codeSnippet: string; isStructured: boolean; }[]' is not assignable to type 'ConcatArray<{ description: string; type: string; location: any; isStructured: boolean; }>'.
        The types returned by 'slice(...)' are incompatible between these types.
          Type '{ description: string; type: string; codeSnippet: string; isStructured: boolean; }[]' is not assignable to type '{ description: string; type: string; location: any; isStructured: boolean; }[]'.
            Property 'location' is missing in type '{ description: string; type: string; codeSnippet: string; isStructured: boolean; }' but required in type '{ description: string; type: string; location: any; isStructured: boolean; }'.
coming-soon/dist/js/dashboard/scanner-engine.js(3400,13): error TS2584: Cannot find name 'document'. Do you need to change your target library? Try changing the 'lib' compiler option to include 'dom'.
coming-soon/dist/js/dashboard/scanner-engine.js(3421,32): error TS2584: Cannot find name 'document'. Do you need to change your target library? Try changing the 'lib' compiler option to include 'dom'.
coming-soon/dist/js/dashboard/scanner-engine.js(3424,29): error TS2584: Cannot find name 'document'. Do you need to change your target library? Try changing the 'lib' compiler option to include 'dom'.
coming-soon/dist/js/dashboard/scanner-engine.js(3433,27): error TS2584: Cannot find name 'document'. Do you need to change your target library? Try changing the 'lib' compiler option to include 'dom'.
coming-soon/dist/js/dashboard/scanner-engine.js(3435,26): error TS2584: Cannot find name 'document'. Do you need to change your target library? Try changing the 'lib' compiler option to include 'dom'.
coming-soon/dist/js/dashboard/scanner-engine.js(3438,26): error TS2584: Cannot find name 'document'. Do you need to change your target library? Try changing the 'lib' compiler option to include 'dom'.
coming-soon/dist/js/dashboard/scanner-engine.js(3439,27): error TS2584: Cannot find name 'document'. Do you need to change your target library? Try changing the 'lib' compiler option to include 'dom'.
coming-soon/dist/js/dashboard/scanner-engine.js(3442,25): error TS2584: Cannot find name 'document'. Do you need to change your target library? Try changing the 'lib' compiler option to include 'dom'.
coming-soon/dist/js/dashboard/scanner-engine.js(3449,25): error TS2584: Cannot find name 'document'. Do you need to change your target library? Try changing the 'lib' compiler option to include 'dom'.
coming-soon/dist/js/dashboard/scanner-engine.js(3451,25): error TS2584: Cannot find name 'document'. Do you need to change your target library? Try changing the 'lib' compiler option to include 'dom'.
coming-soon/dist/js/dashboard/scanner-engine.js(3454,21): error TS2584: Cannot find name 'document'. Do you need to change your target library? Try changing the 'lib' compiler option to include 'dom'.
coming-soon/dist/js/dashboard/scanner-engine.js(3459,29): error TS2584: Cannot find name 'document'. Do you need to change your target library? Try changing the 'lib' compiler option to include 'dom'.
coming-soon/dist/js/dashboard/scanner-engine.js(3463,25): error TS2584: Cannot find name 'document'. Do you need to change your target library? Try changing the 'lib' compiler option to include 'dom'.
coming-soon/dist/js/dashboard/scanner-engine.js(3466,33): error TS2584: Cannot find name 'document'. Do you need to change your target library? Try changing the 'lib' compiler option to include 'dom'.
coming-soon/dist/js/dashboard/scanner-engine.js(3471,9): error TS2584: Cannot find name 'document'. Do you need to change your target library? Try changing the 'lib' compiler option to include 'dom'.
coming-soon/dist/js/dashboard/scanner-engine.js(3474,23): error TS2584: Cannot find name 'document'. Do you need to change your target library? Try changing the 'lib' compiler option to include 'dom'.
coming-soon/dist/js/dashboard/scanner-engine.js(3477,13): error TS2584: Cannot find name 'document'. Do you need to change your target library? Try changing the 'lib' compiler option to include 'dom'.
coming-soon/dist/js/dashboard/scanner-engine.js(3497,27): error TS2584: Cannot find name 'document'. Do you need to change your target library? Try changing the 'lib' compiler option to include 'dom'.
coming-soon/dist/js/dashboard/scanner-engine.js(3500,32): error TS2584: Cannot find name 'document'. Do you need to change your target library? Try changing the 'lib' compiler option to include 'dom'.
coming-soon/dist/js/dashboard/scanner-engine.js(3507,12): error TS2339: Property 'extractMatches' does not exist on type 'typeof window'.
coming-soon/dist/js/dashboard/scanner-engine.js(3508,12): error TS2339: Property 'processLocalCLIScan' does not exist on type 'typeof window'.
coming-soon/dist/js/dashboard/scanner-patterns.js(1609,12): error TS2339: Property 'LANGUAGE_REGISTRY' does not exist on type 'typeof window'.
coming-soon/dist/js/dashboard/scanner-patterns.js(1610,12): error TS2339: Property 'PATTERN_REGISTRY' does not exist on type 'typeof window'.
coming-soon/dist/js/dashboard/scanner-patterns.js(1611,12): error TS2339: Property 'ANALYZER_SCHEMA' does not exist on type 'typeof window'.
coming-soon/dist/js/dashboard/scanner-patterns.js(1612,12): error TS2339: Property 'EXCLUSION_RULES' does not exist on type 'typeof window'.
coming-soon/dist/js/dashboard/token-file-system.js(16,44): error TS2584: Cannot find name 'document'. Do you need to change your target library? Try changing the 'lib' compiler option to include 'dom'.
coming-soon/dist/js/dashboard/token-file-system.js(146,23): error TS2584: Cannot find name 'document'. Do you need to change your target library? Try changing the 'lib' compiler option to include 'dom'.
coming-soon/dist/js/dashboard/token-file-system.js(149,13): error TS2584: Cannot find name 'document'. Do you need to change your target library? Try changing the 'lib' compiler option to include 'dom'.
coming-soon/dist/js/dashboard/token-file-system.js(156,27): error TS2584: Cannot find name 'document'. Do you need to change your target library? Try changing the 'lib' compiler option to include 'dom'.
coming-soon/dist/js/dashboard/token-file-system.js(167,24): error TS2584: Cannot find name 'document'. Do you need to change your target library? Try changing the 'lib' compiler option to include 'dom'.
coming-soon/dist/js/dashboard/token-file-system.js(189,27): error TS2584: Cannot find name 'document'. Do you need to change your target library? Try changing the 'lib' compiler option to include 'dom'.
coming-soon/dist/js/dashboard/token-file-system.js(192,26): error TS2584: Cannot find name 'document'. Do you need to change your target library? Try changing the 'lib' compiler option to include 'dom'.
coming-soon/dist/js/dashboard/token-file-system.js(197,25): error TS2584: Cannot find name 'document'. Do you need to change your target library? Try changing the 'lib' compiler option to include 'dom'.
coming-soon/dist/js/dashboard/token-file-system.js(199,24): error TS2584: Cannot find name 'document'. Do you need to change your target library? Try changing the 'lib' compiler option to include 'dom'.
coming-soon/dist/js/dashboard/token-file-system.js(203,24): error TS2584: Cannot find name 'document'. Do you need to change your target library? Try changing the 'lib' compiler option to include 'dom'.
coming-soon/dist/js/dashboard/token-file-system.js(206,28): error TS2584: Cannot find name 'document'. Do you need to change your target library? Try changing the 'lib' compiler option to include 'dom'.
coming-soon/dist/js/dashboard/token-file-system.js(207,24): error TS2584: Cannot find name 'document'. Do you need to change your target library? Try changing the 'lib' compiler option to include 'dom'.
coming-soon/dist/js/dashboard/token-file-system.js(210,28): error TS2584: Cannot find name 'document'. Do you need to change your target library? Try changing the 'lib' compiler option to include 'dom'.
coming-soon/dist/js/dashboard/token-file-system.js(211,24): error TS2584: Cannot find name 'document'. Do you need to change your target library? Try changing the 'lib' compiler option to include 'dom'.
coming-soon/dist/js/dashboard/token-file-system.js(214,25): error TS2584: Cannot find name 'document'. Do you need to change your target library? Try changing the 'lib' compiler option to include 'dom'.
coming-soon/dist/js/dashboard/token-file-system.js(230,32): error TS2304: Cannot find name 'FileReader'.
coming-soon/dist/js/dashboard/token-file-system.js(264,20): error TS2584: Cannot find name 'document'. Do you need to change your target library? Try changing the 'lib' compiler option to include 'dom'.
coming-soon/dist/js/dashboard/token-file-system.js(272,27): error TS2584: Cannot find name 'document'. Do you need to change your target library? Try changing the 'lib' compiler option to include 'dom'.
coming-soon/dist/js/dashboard/token-file-system.js(275,21): error TS2584: Cannot find name 'document'. Do you need to change your target library? Try changing the 'lib' compiler option to include 'dom'.
coming-soon/dist/js/dashboard/token-file-system.js(288,32): error TS2304: Cannot find name 'FileReader'.
coming-soon/dist/js/dashboard/token-file-system.js(306,27): error TS2584: Cannot find name 'document'. Do you need to change your target library? Try changing the 'lib' compiler option to include 'dom'.
coming-soon/dist/js/dashboard/token-file-system.js(309,22): error TS2584: Cannot find name 'document'. Do you need to change your target library? Try changing the 'lib' compiler option to include 'dom'.
coming-soon/dist/js/dashboard/token-file-system.js(331,12): error TS2339: Property 'TokenFileSystem' does not exist on type 'typeof window'.
coming-soon/dist/js/dashboard/token-manager.js(5,40): error TS2584: Cannot find name 'document'. Do you need to change your target library? Try changing the 'lib' compiler option to include 'dom'.
coming-soon/dist/js/dashboard/token-manager.js(41,22): error TS2584: Cannot find name 'document'. Do you need to change your target library? Try changing the 'lib' compiler option to include 'dom'.
coming-soon/dist/js/dashboard/token-manager.js(42,28): error TS2584: Cannot find name 'document'. Do you need to change your target library? Try changing the 'lib' compiler option to include 'dom'.
coming-soon/dist/js/dashboard/token-manager.js(43,25): error TS2584: Cannot find name 'document'. Do you need to change your target library? Try changing the 'lib' compiler option to include 'dom'.
coming-soon/dist/js/dashboard/token-manager.js(44,26): error TS2584: Cannot find name 'document'. Do you need to change your target library? Try changing the 'lib' compiler option to include 'dom'.
coming-soon/dist/js/dashboard/token-manager.js(45,26): error TS2584: Cannot find name 'document'. Do you need to change your target library? Try changing the 'lib' compiler option to include 'dom'.
coming-soon/dist/js/dashboard/token-manager.js(46,24): error TS2584: Cannot find name 'document'. Do you need to change your target library? Try changing the 'lib' compiler option to include 'dom'.
coming-soon/dist/js/dashboard/token-manager.js(104,21): error TS2584: Cannot find name 'document'. Do you need to change your target library? Try changing the 'lib' compiler option to include 'dom'.
coming-soon/dist/js/dashboard/token-manager.js(149,22): error TS2584: Cannot find name 'document'. Do you need to change your target library? Try changing the 'lib' compiler option to include 'dom'.
coming-soon/dist/js/dashboard/token-manager.js(210,19): error TS2584: Cannot find name 'document'. Do you need to change your target library? Try changing the 'lib' compiler option to include 'dom'.
coming-soon/dist/js/dashboard/token-manager.js(250,19): error TS2584: Cannot find name 'document'. Do you need to change your target library? Try changing the 'lib' compiler option to include 'dom'.
coming-soon/dist/js/dashboard/token-manager.js(251,23): error TS2584: Cannot find name 'document'. Do you need to change your target library? Try changing the 'lib' compiler option to include 'dom'.
coming-soon/dist/js/dashboard/token-manager.js(252,20): error TS2584: Cannot find name 'document'. Do you need to change your target library? Try changing the 'lib' compiler option to include 'dom'.
coming-soon/dist/js/dashboard/token-manager.js(253,21): error TS2584: Cannot find name 'document'. Do you need to change your target library? Try changing the 'lib' compiler option to include 'dom'.
coming-soon/dist/js/dashboard/token-manager.js(254,24): error TS2584: Cannot find name 'document'. Do you need to change your target library? Try changing the 'lib' compiler option to include 'dom'.
coming-soon/dist/js/dashboard/token-manager.js(255,19): error TS2584: Cannot find name 'document'. Do you need to change your target library? Try changing the 'lib' compiler option to include 'dom'.
coming-soon/dist/js/dashboard/token-manager.js(329,20): error TS2584: Cannot find name 'document'. Do you need to change your target library? Try changing the 'lib' compiler option to include 'dom'.
coming-soon/dist/js/dashboard/token-manager.js(331,16): error TS2339: Property '_tokenPayload' does not exist on type 'typeof window'.
coming-soon/dist/js/dashboard/token-manager.js(337,26): error TS2584: Cannot find name 'document'. Do you need to change your target library? Try changing the 'lib' compiler option to include 'dom'.
coming-soon/dist/js/dashboard/token-manager.js(340,9): error TS2584: Cannot find name 'document'. Do you need to change your target library? Try changing the 'lib' compiler option to include 'dom'.
coming-soon/dist/js/dashboard/token-manager.js(341,9): error TS2584: Cannot find name 'document'. Do you need to change your target library? Try changing the 'lib' compiler option to include 'dom'.
coming-soon/dist/js/dashboard/token-manager.js(342,9): error TS2584: Cannot find name 'document'. Do you need to change your target library? Try changing the 'lib' compiler option to include 'dom'.
coming-soon/dist/js/dashboard/token-manager.js(343,9): error TS2584: Cannot find name 'document'. Do you need to change your target library? Try changing the 'lib' compiler option to include 'dom'.
coming-soon/dist/js/dashboard/token-manager.js(344,9): error TS2584: Cannot find name 'document'. Do you need to change your target library? Try changing the 'lib' compiler option to include 'dom'.
coming-soon/dist/js/dashboard/token-manager.js(355,12): error TS2339: Property '_tokenPayload' does not exist on type 'typeof window'.
coming-soon/dist/js/dashboard/token-manager.js(367,5): error TS2584: Cannot find name 'document'. Do you need to change your target library? Try changing the 'lib' compiler option to include 'dom'.
coming-soon/dist/js/dashboard/token-manager.js(368,5): error TS2584: Cannot find name 'document'. Do you need to change your target library? Try changing the 'lib' compiler option to include 'dom'.
coming-soon/dist/js/dashboard/token-manager.js(369,5): error TS2584: Cannot find name 'document'. Do you need to change your target library? Try changing the 'lib' compiler option to include 'dom'.
coming-soon/dist/js/dashboard/token-manager.js(370,5): error TS2584: Cannot find name 'document'. Do you need to change your target library? Try changing the 'lib' compiler option to include 'dom'.
coming-soon/dist/js/dashboard/token-manager.js(372,9): error TS2584: Cannot find name 'document'. Do you need to change your target library? Try changing the 'lib' compiler option to include 'dom'.
coming-soon/dist/js/dashboard/token-manager.js(375,27): error TS2584: Cannot find name 'document'. Do you need to change your target library? Try changing the 'lib' compiler option to include 'dom'.
coming-soon/dist/js/dashboard/token-manager.js(384,22): error TS2584: Cannot find name 'document'. Do you need to change your target library? Try changing the 'lib' compiler option to include 'dom'.
coming-soon/dist/js/dashboard/token-manager.js(387,32): error TS2584: Cannot find name 'document'. Do you need to change your target library? Try changing the 'lib' compiler option to include 'dom'.
coming-soon/dist/js/dashboard/token-manager.js(401,24): error TS2584: Cannot find name 'document'. Do you need to change your target library? Try changing the 'lib' compiler option to include 'dom'.
coming-soon/dist/js/dashboard/token-manager.js(402,24): error TS2584: Cannot find name 'document'. Do you need to change your target library? Try changing the 'lib' compiler option to include 'dom'.
coming-soon/dist/js/dashboard/token-manager.js(403,24): error TS2584: Cannot find name 'document'. Do you need to change your target library? Try changing the 'lib' compiler option to include 'dom'.
coming-soon/dist/js/dashboard/token-manager.js(404,22): error TS2584: Cannot find name 'document'. Do you need to change your target library? Try changing the 'lib' compiler option to include 'dom'.
coming-soon/dist/js/dashboard/token-manager.js(470,23): error TS2584: Cannot find name 'document'. Do you need to change your target library? Try changing the 'lib' compiler option to include 'dom'.
coming-soon/dist/js/dashboard/token-manager.js(478,23): error TS2584: Cannot find name 'document'. Do you need to change your target library? Try changing the 'lib' compiler option to include 'dom'.
coming-soon/dist/js/dashboard/token-manager.js(486,12): error TS2339: Property 'decodeJwtPayload' does not exist on type 'typeof window'.
coming-soon/dist/js/dashboard/token-manager.js(487,12): error TS2339: Property 'hasValidToken' does not exist on type 'typeof window'.
coming-soon/dist/js/dashboard/token-manager.js(488,12): error TS2339: Property 'filterScanProfiles' does not exist on type 'typeof window'.
coming-soon/dist/js/dashboard/token-manager.js(489,12): error TS2339: Property 'renderAnalyzerCards' does not exist on type 'typeof window'.
coming-soon/dist/js/dashboard/token-manager.js(490,12): error TS2339: Property 'toggleModuleSelection' does not exist on type 'typeof window'.
coming-soon/dist/js/dashboard/token-manager.js(491,12): error TS2339: Property 'updateSelectAllUI' does not exist on type 'typeof window'.
coming-soon/dist/js/dashboard/token-manager.js(492,12): error TS2339: Property 'syncModuleSelectionFromTier' does not exist on type 'typeof window'.
coming-soon/dist/js/dashboard/token-manager.js(493,12): error TS2339: Property 'renderTokenInspector' does not exist on type 'typeof window'.
coming-soon/dist/js/dashboard/token-manager.js(494,12): error TS2339: Property 'applyProductFromToken' does not exist on type 'typeof window'.
coming-soon/dist/js/dashboard/token-manager.js(495,12): error TS2339: Property 'applyAnalyzerPreset' does not exist on type 'typeof window'.
coming-soon/dist/js/dashboard/token-manager.js(496,12): error TS2339: Property 'bindPresetButtons' does not exist on type 'typeof window'.
coming-soon/dist/js/dashboard/ui-renderer.js(4,46): error TS2339: Property 'escapeHtml' does not exist on type 'typeof window'.
coming-soon/dist/js/dashboard/ui-renderer.js(5,12): error TS2339: Property 'escapeHtml' does not exist on type 'typeof window'.
coming-soon/dist/js/dashboard/ui-renderer.js(86,12): error TS2339: Property 'lastScanReport' does not exist on type 'typeof window'.
coming-soon/dist/js/dashboard/ui-renderer.js(87,23): error TS2339: Property '__simplebeaconSetReportForAI' does not exist on type 'typeof window'.
coming-soon/dist/js/dashboard/ui-renderer.js(88,16): error TS2339: Property '__simplebeaconSetReportForAI' does not exist on type 'typeof window'.
coming-soon/dist/js/dashboard/ui-renderer.js(687,16): error TS2339: Property '_scanPreviewModules' does not exist on type 'typeof window'.
coming-soon/dist/js/dashboard/ui-renderer.js(688,16): error TS2339: Property '_scanPreviewData' does not exist on type 'typeof window'.
coming-soon/dist/js/dashboard/ui-renderer.js(714,26): error TS2339: Property '_tokenPayload' does not exist on type 'typeof window'.
coming-soon/dist/js/dashboard/ui-renderer.js(714,199): error TS2339: Property '_tokenPayload' does not exist on type 'typeof window'.
coming-soon/dist/js/dashboard/ui-renderer.js(714,228): error TS2339: Property '_tokenPayload' does not exist on type 'typeof window'.
coming-soon/dist/js/dashboard/ui-renderer.js(714,309): error TS2339: Property '_tokenPayload' does not exist on type 'typeof window'.
coming-soon/dist/js/dashboard/ui-renderer.js(714,338): error TS2339: Property '_tokenPayload' does not exist on type 'typeof window'.
coming-soon/dist/js/dashboard/ui-renderer.js(812,12): error TS2339: Property 'buildEuAiActControls' does not exist on type 'typeof window'.
coming-soon/dist/js/dashboard/ui-renderer.js(813,12): error TS2339: Property 'renderPreview' does not exist on type 'typeof window'.
coming-soon/dist/js/dashboard/usb-token-manager.js(34,49): error TS2339: Property 'usb' does not exist on type 'Navigator'.
coming-soon/dist/js/dashboard/usb-token-manager.js(39,27): error TS2339: Property 'usb' does not exist on type 'Navigator'.
coming-soon/dist/js/dashboard/usb-token-manager.js(40,27): error TS2339: Property 'usb' does not exist on type 'Navigator'.
coming-soon/dist/js/dashboard/usb-token-manager.js(64,48): error TS2339: Property 'usb' does not exist on type 'Navigator'.
coming-soon/dist/js/dashboard/usb-token-manager.js(89,28): error TS2339: Property 'showOpenFilePicker' does not exist on type 'typeof window'.
coming-soon/dist/js/dashboard/usb-token-manager.js(90,49): error TS2339: Property 'showOpenFilePicker' does not exist on type 'typeof window'.
coming-soon/dist/js/dashboard/usb-token-manager.js(167,31): error TS2584: Cannot find name 'document'. Do you need to change your target library? Try changing the 'lib' compiler option to include 'dom'.
coming-soon/dist/js/dashboard/usb-token-manager.js(171,17): error TS2584: Cannot find name 'document'. Do you need to change your target library? Try changing the 'lib' compiler option to include 'dom'.
coming-soon/dist/js/dashboard/usb-token-manager.js(174,21): error TS2584: Cannot find name 'document'. Do you need to change your target library? Try changing the 'lib' compiler option to include 'dom'.
coming-soon/dist/js/dashboard/usb-token-manager.js(216,24): error TS2339: Property 'showToast' does not exist on type 'typeof window'.
coming-soon/dist/js/dashboard/usb-token-manager.js(217,24): error TS2339: Property 'showToast' does not exist on type 'typeof window'.
coming-soon/dist/js/dashboard/usb-token-manager.js(224,68): error TS2339: Property 'usb' does not exist on type 'Navigator'.
coming-soon/dist/js/dashboard/usb-token-manager.js(230,62): error TS2339: Property 'showOpenFilePicker' does not exist on type 'typeof window'.
coming-soon/dist/js/dashboard/usb-token-manager.js(237,27): error TS2584: Cannot find name 'document'. Do you need to change your target library? Try changing the 'lib' compiler option to include 'dom'.
coming-soon/dist/js/dashboard/usb-token-manager.js(242,23): error TS2584: Cannot find name 'document'. Do you need to change your target library? Try changing the 'lib' compiler option to include 'dom'.
coming-soon/dist/js/dashboard/usb-token-manager.js(245,27): error TS2584: Cannot find name 'document'. Do you need to change your target library? Try changing the 'lib' compiler option to include 'dom'.
coming-soon/dist/js/dashboard/usb-token-manager.js(247,33): error TS2584: Cannot find name 'document'. Do you need to change your target library? Try changing the 'lib' compiler option to include 'dom'.
coming-soon/dist/js/dashboard/usb-token-manager.js(251,28): error TS2584: Cannot find name 'document'. Do you need to change your target library? Try changing the 'lib' compiler option to include 'dom'.
coming-soon/dist/js/dashboard/usb-token-manager.js(257,24): error TS2584: Cannot find name 'document'. Do you need to change your target library? Try changing the 'lib' compiler option to include 'dom'.
coming-soon/dist/js/dashboard/usb-token-manager.js(260,25): error TS2584: Cannot find name 'document'. Do you need to change your target library? Try changing the 'lib' compiler option to include 'dom'.
coming-soon/dist/js/dashboard/usb-token-manager.js(264,30): error TS2584: Cannot find name 'document'. Do you need to change your target library? Try changing the 'lib' compiler option to include 'dom'.
coming-soon/dist/js/dashboard/usb-token-manager.js(268,29): error TS2584: Cannot find name 'document'. Do you need to change your target library? Try changing the 'lib' compiler option to include 'dom'.
coming-soon/dist/js/dashboard/usb-token-manager.js(274,25): error TS2584: Cannot find name 'document'. Do you need to change your target library? Try changing the 'lib' compiler option to include 'dom'.
coming-soon/dist/js/dashboard/usb-token-manager.js(331,28): error TS2584: Cannot find name 'document'. Do you need to change your target library? Try changing the 'lib' compiler option to include 'dom'.
coming-soon/dist/js/dashboard/usb-token-manager.js(335,35): error TS2584: Cannot find name 'document'. Do you need to change your target library? Try changing the 'lib' compiler option to include 'dom'.
coming-soon/dist/js/dashboard/usb-token-manager.js(337,39): error TS2584: Cannot find name 'document'. Do you need to change your target library? Try changing the 'lib' compiler option to include 'dom'.
coming-soon/dist/js/dashboard/usb-token-manager.js(338,39): error TS2584: Cannot find name 'document'. Do you need to change your target library? Try changing the 'lib' compiler option to include 'dom'.
coming-soon/dist/js/dashboard/usb-token-manager.js(340,35): error TS2584: Cannot find name 'document'. Do you need to change your target library? Try changing the 'lib' compiler option to include 'dom'.
coming-soon/dist/js/dashboard/usb-token-manager.js(341,35): error TS2584: Cannot find name 'document'. Do you need to change your target library? Try changing the 'lib' compiler option to include 'dom'.
coming-soon/dist/js/dashboard/usb-token-manager.js(342,35): error TS2584: Cannot find name 'document'. Do you need to change your target library? Try changing the 'lib' compiler option to include 'dom'.
coming-soon/dist/js/dashboard/usb-token-manager.js(343,35): error TS2584: Cannot find name 'document'. Do you need to change your target library? Try changing the 'lib' compiler option to include 'dom'.
coming-soon/dist/js/dashboard/usb-token-manager.js(345,39): error TS2584: Cannot find name 'document'. Do you need to change your target library? Try changing the 'lib' compiler option to include 'dom'.
coming-soon/dist/js/dashboard/usb-token-manager.js(346,39): error TS2584: Cannot find name 'document'. Do you need to change your target library? Try changing the 'lib' compiler option to include 'dom'.
coming-soon/dist/js/dashboard/usb-token-manager.js(348,26): error TS2584: Cannot find name 'document'. Do you need to change your target library? Try changing the 'lib' compiler option to include 'dom'.
coming-soon/dist/js/dashboard/usb-token-manager.js(360,29): error TS2584: Cannot find name 'document'. Do you need to change your target library? Try changing the 'lib' compiler option to include 'dom'.
coming-soon/dist/js/dashboard/usb-token-manager.js(369,12): error TS2339: Property 'UsbTokenManager' does not exist on type 'typeof window'.
coming-soon/dist/js/dashboard/usb-token-manager.js(370,12): error TS2339: Property 'setupUsbTokenUI' does not exist on type 'typeof window'.
coming-soon/dist/js/dashboard/utils.js(16,46): error TS2339: Property 'simpleHash' does not exist on type 'typeof window'.
coming-soon/dist/js/dashboard/utils.js(17,12): error TS2339: Property 'simpleHash' does not exist on type 'typeof window'.
coming-soon/dist/js/dashboard/utils.js(39,28): error TS2304: Cannot find name 'FileReader'.
coming-soon/dist/js/dashboard/utils.js(46,20): error TS2584: Cannot find name 'document'. Do you need to change your target library? Try changing the 'lib' compiler option to include 'dom'.
coming-soon/dist/js/dashboard/utils.js(47,19): error TS2584: Cannot find name 'document'. Do you need to change your target library? Try changing the 'lib' compiler option to include 'dom'.
coming-soon/dist/js/dashboard/utils.js(54,12): error TS2339: Property 'escapeHtml' does not exist on type 'typeof window'.
coming-soon/dist/js/dashboard/utils.js(55,12): error TS2339: Property 'simpleHash' does not exist on type 'typeof window'.
coming-soon/dist/js/dashboard/utils.js(56,12): error TS2339: Property 'computeSha256' does not exist on type 'typeof window'.
coming-soon/dist/js/dashboard/utils.js(57,12): error TS2339: Property 'readFileText' does not exist on type 'typeof window'.
coming-soon/dist/js/dashboard/utils.js(58,12): error TS2339: Property 'showHashRibbon' does not exist on type 'typeof window'.
coming-soon/dist/js/roadmap-app.js(4,18): error TS2584: Cannot find name 'document'. Do you need to change your target library? Try changing the 'lib' compiler option to include 'dom'.
coming-soon/dist/js/roadmap-app.js(4,67): error TS2584: Cannot find name 'document'. Do you need to change your target library? Try changing the 'lib' compiler option to include 'dom'.
coming-soon/dist/js/roadmap-app.js(4,111): error TS2584: Cannot find name 'document'. Do you need to change your target library? Try changing the 'lib' compiler option to include 'dom'.
coming-soon/dist/js/roadmap-app.js(4,156): error TS2584: Cannot find name 'document'. Do you need to change your target library? Try changing the 'lib' compiler option to include 'dom'.
coming-soon/dist/js/roadmap-app.js(5,22): error TS2584: Cannot find name 'document'. Do you need to change your target library? Try changing the 'lib' compiler option to include 'dom'.
coming-soon/dist/js/roadmap-app.js(5,74): error TS2584: Cannot find name 'document'. Do you need to change your target library? Try changing the 'lib' compiler option to include 'dom'.
coming-soon/dist/js/roadmap-app.js(5,127): error TS2584: Cannot find name 'document'. Do you need to change your target library? Try changing the 'lib' compiler option to include 'dom'.
coming-soon/dist/js/roadmap-app.js(5,180): error TS2584: Cannot find name 'document'. Do you need to change your target library? Try changing the 'lib' compiler option to include 'dom'.
coming-soon/dist/js/roadmap-app.js(5,233): error TS2584: Cannot find name 'document'. Do you need to change your target library? Try changing the 'lib' compiler option to include 'dom'.
coming-soon/dist/js/roadmap-app.js(5,283): error TS2584: Cannot find name 'document'. Do you need to change your target library? Try changing the 'lib' compiler option to include 'dom'.
coming-soon/dist/js/roadmap-app.js(66,25): error TS2584: Cannot find name 'document'. Do you need to change your target library? Try changing the 'lib' compiler option to include 'dom'.
coming-soon/dist/js/roadmap-app.js(67,24): error TS2584: Cannot find name 'document'. Do you need to change your target library? Try changing the 'lib' compiler option to include 'dom'.
coming-soon/dist/js/roadmap-app.js(68,26): error TS2584: Cannot find name 'document'. Do you need to change your target library? Try changing the 'lib' compiler option to include 'dom'.
coming-soon/dist/js/roadmap-app.js(92,27): error TS2339: Property 'success' does not exist on type 'unknown'.
coming-soon/dist/js/roadmap-app.js(93,63): error TS2339: Property 'error' does not exist on type 'unknown'.
coming-soon/dist/js/roadmap-app.js(96,40): error TS2339: Property 'content' does not exist on type 'unknown'.
coming-soon/dist/js/roadmap-app.js(113,24): error TS2584: Cannot find name 'document'. Do you need to change your target library? Try changing the 'lib' compiler option to include 'dom'.
coming-soon/dist/js/roadmap-app.js(113,82): error TS2584: Cannot find name 'document'. Do you need to change your target library? Try changing the 'lib' compiler option to include 'dom'.
coming-soon/dist/js/roadmap-app.js(140,27): error TS2584: Cannot find name 'document'. Do you need to change your target library? Try changing the 'lib' compiler option to include 'dom'.
coming-soon/dist/js/roadmap-app.js(159,24): error TS2339: Property '__SIMPLEBEACON_ENV__' does not exist on type 'typeof window'.
coming-soon/dist/js/roadmap-app.js(167,38): error TS2339: Property 'type' does not exist on type 'unknown'.
coming-soon/dist/js/roadmap-app.js(167,83): error TS2339: Property 'rawIssues' does not exist on type 'unknown'.
coming-soon/dist/js/roadmap-app.js(167,107): error TS2339: Property 'rawIssues' does not exist on type 'unknown'.
coming-soon/dist/js/roadmap-app.js(171,43): error TS2339: Property 'rawIssues' does not exist on type 'unknown'.
coming-soon/dist/js/roadmap-app.js(171,67): error TS2339: Property 'rawIssues' does not exist on type 'unknown'.
coming-soon/dist/js/roadmap-app.js(172,24): error TS2339: Property 'type' does not exist on type 'unknown'.
coming-soon/dist/js/roadmap-app.js(183,20): error TS2304: Cannot find name 'JSZip'.
coming-soon/dist/js/roadmap-app.js(188,31): error TS2304: Cannot find name 'JSZip'.
coming-soon/dist/js/roadmap-app.js(213,19): error TS2304: Cannot find name 'FileReader'.
coming-soon/dist/js/roadmap-app.js(236,13): error TS2304: Cannot find name 'location'.
coming-soon/dist/js/roadmap-app.js(237,13): error TS2304: Cannot find name 'history'.
coming-soon/dist/js/roadmap-app.js(237,44): error TS2304: Cannot find name 'location'.
coming-soon/dist/js/roadmap-app.js(237,64): error TS2304: Cannot find name 'location'.
coming-soon/dist/js/roadmap-app.js(278,40): error TS2584: Cannot find name 'document'. Do you need to change your target library? Try changing the 'lib' compiler option to include 'dom'.
coming-soon/dist/js/roadmap-app.js(287,23): error TS2584: Cannot find name 'document'. Do you need to change your target library? Try changing the 'lib' compiler option to include 'dom'.
coming-soon/dist/js/roadmap-app.js(295,9): error TS2584: Cannot find name 'document'. Do you need to change your target library? Try changing the 'lib' compiler option to include 'dom'.
coming-soon/dist/js/roadmap-app.js(296,9): error TS2304: Cannot find name 'requestAnimationFrame'.
coming-soon/dist/js/roadmap-app.js(965,13): error TS2304: Cannot find name 'qs'.
coming-soon/dist/js/roadmap-app.js(967,132): error TS2304: Cannot find name 'qs'.
coming-soon/dist/js/roadmap-app.js(967,283): error TS2304: Cannot find name 'qs'.
coming-soon/dist/js/roadmap-app.js(967,393): error TS2304: Cannot find name 'qs'.
coming-soon/dist/js/roadmap-app.js(969,40): error TS2304: Cannot find name 'qs'.
coming-soon/dist/js/roadmap-app.js(972,25): error TS2304: Cannot find name 'qs'.
coming-soon/dist/js/roadmap-app.js(972,65): error TS2304: Cannot find name 'qs'.
coming-soon/dist/js/roadmap-app.js(972,127): error TS2304: Cannot find name 'qs'.
coming-soon/dist/js/roadmap-app.js(973,84): error TS2304: Cannot find name 'qs'.
coming-soon/dist/js/roadmap-app.js(1018,13): error TS2304: Cannot find name 'qs'.
coming-soon/dist/js/roadmap-app.js(1037,15): error TS2339: Property 'dependsOn' does not exist on type '{ id: string; title: string; severity: string; effort: string; description: string; tasks: ({ description: string; type: string; isStructured: boolean; done?: undefined; codeSnippet?: undefined; } | { ...; } | { ...; })[]; progress: number; status: string; extraHtml: string; } | { ...; } | { ...; } | { ...; }'.
  Property 'dependsOn' does not exist on type '{ id: string; title: string; severity: string; effort: string; description: string; tasks: ({ description: string; type: string; isStructured: boolean; done?: undefined; codeSnippet?: undefined; } | { ...; } | { ...; })[]; progress: number; status: string; extraHtml: string; }'.
coming-soon/dist/js/roadmap-app.js(1042,16): error TS2339: Property 'dependsOn' does not exist on type '{ id: string; title: string; severity: string; effort: string; description: string; tasks: ({ description: string; type: string; isStructured: boolean; done?: undefined; codeSnippet?: undefined; } | { ...; } | { ...; })[]; progress: number; status: string; extraHtml: string; } | { ...; } | { ...; } | { ...; }'.
  Property 'dependsOn' does not exist on type '{ id: string; title: string; severity: string; effort: string; description: string; tasks: ({ description: string; type: string; isStructured: boolean; done?: undefined; codeSnippet?: undefined; } | { ...; } | { ...; })[]; progress: number; status: string; extraHtml: string; }'.
coming-soon/dist/js/roadmap-app.js(1044,49): error TS2339: Property 'dependsOn' does not exist on type '{ id: string; title: string; severity: string; effort: string; description: string; tasks: ({ description: string; type: string; isStructured: boolean; done?: undefined; codeSnippet?: undefined; } | { ...; } | { ...; })[]; progress: number; status: string; extraHtml: string; } | { ...; } | { ...; } | { ...; }'.
  Property 'dependsOn' does not exist on type '{ id: string; title: string; severity: string; effort: string; description: string; tasks: ({ description: string; type: string; isStructured: boolean; done?: undefined; codeSnippet?: undefined; } | { ...; } | { ...; })[]; progress: number; status: string; extraHtml: string; }'.
coming-soon/dist/js/roadmap-app.js(1114,72): error TS2339: Property 'filePath' does not exist on type '{ sev: any; type: any; count: any; files: any; impact: any; fix: any; humanReadable: any; }'.
coming-soon/dist/js/roadmap-app.js(1114,90): error TS2339: Property 'filePath' does not exist on type '{ sev: any; type: any; count: any; files: any; impact: any; fix: any; humanReadable: any; }'.
coming-soon/dist/js/roadmap-app.js(1114,108): error TS2339: Property 'filePath' does not exist on type '{ sev: any; type: any; count: any; files: any; impact: any; fix: any; humanReadable: any; }'.
coming-soon/dist/js/roadmap-app.js(1114,126): error TS2339: Property 'filePath' does not exist on type '{ sev: any; type: any; count: any; files: any; impact: any; fix: any; humanReadable: any; }'.
coming-soon/dist/js/roadmap-app.js(1134,20): error TS2584: Cannot find name 'document'. Do you need to change your target library? Try changing the 'lib' compiler option to include 'dom'.
coming-soon/dist/js/roadmap-app.js(1136,21): error TS2584: Cannot find name 'document'. Do you need to change your target library? Try changing the 'lib' compiler option to include 'dom'.
coming-soon/dist/js/roadmap-app.js(1140,21): error TS2584: Cannot find name 'document'. Do you need to change your target library? Try changing the 'lib' compiler option to include 'dom'.
coming-soon/dist/js/roadmap-app.js(1144,23): error TS2584: Cannot find name 'document'. Do you need to change your target library? Try changing the 'lib' compiler option to include 'dom'.
coming-soon/dist/js/roadmap-app.js(1148,21): error TS2584: Cannot find name 'document'. Do you need to change your target library? Try changing the 'lib' compiler option to include 'dom'.
coming-soon/dist/js/roadmap-app.js(1150,22): error TS2584: Cannot find name 'document'. Do you need to change your target library? Try changing the 'lib' compiler option to include 'dom'.
coming-soon/dist/js/roadmap-app.js(1163,29): error TS2584: Cannot find name 'document'. Do you need to change your target library? Try changing the 'lib' compiler option to include 'dom'.
coming-soon/dist/js/roadmap-app.js(1168,29): error TS2584: Cannot find name 'document'. Do you need to change your target library? Try changing the 'lib' compiler option to include 'dom'.
coming-soon/dist/js/roadmap-app.js(1170,26): error TS2584: Cannot find name 'document'. Do you need to change your target library? Try changing the 'lib' compiler option to include 'dom'.
coming-soon/dist/js/roadmap-app.js(1172,21): error TS2584: Cannot find name 'document'. Do you need to change your target library? Try changing the 'lib' compiler option to include 'dom'.
coming-soon/dist/js/roadmap-app.js(1174,20): error TS2584: Cannot find name 'document'. Do you need to change your target library? Try changing the 'lib' compiler option to include 'dom'.
coming-soon/dist/js/roadmap-app.js(1179,20): error TS2584: Cannot find name 'document'. Do you need to change your target library? Try changing the 'lib' compiler option to include 'dom'.
coming-soon/dist/js/roadmap-app.js(1190,26): error TS2584: Cannot find name 'document'. Do you need to change your target library? Try changing the 'lib' compiler option to include 'dom'.
coming-soon/dist/js/roadmap-app.js(1196,25): error TS2584: Cannot find name 'document'. Do you need to change your target library? Try changing the 'lib' compiler option to include 'dom'.
coming-soon/dist/js/roadmap-app.js(1198,20): error TS2584: Cannot find name 'document'. Do you need to change your target library? Try changing the 'lib' compiler option to include 'dom'.
coming-soon/dist/js/roadmap-app.js(1202,20): error TS2584: Cannot find name 'document'. Do you need to change your target library? Try changing the 'lib' compiler option to include 'dom'.
coming-soon/dist/js/roadmap-app.js(1206,20): error TS2584: Cannot find name 'document'. Do you need to change your target library? Try changing the 'lib' compiler option to include 'dom'.
coming-soon/dist/js/roadmap-app.js(1214,22): error TS2584: Cannot find name 'document'. Do you need to change your target library? Try changing the 'lib' compiler option to include 'dom'.
coming-soon/dist/js/roadmap-app.js(1235,32): error TS2584: Cannot find name 'document'. Do you need to change your target library? Try changing the 'lib' compiler option to include 'dom'.
coming-soon/dist/js/roadmap-app.js(1244,30): error TS2584: Cannot find name 'document'. Do you need to change your target library? Try changing the 'lib' compiler option to include 'dom'.
coming-soon/dist/js/roadmap-app.js(1245,32): error TS2584: Cannot find name 'document'. Do you need to change your target library? Try changing the 'lib' compiler option to include 'dom'.
coming-soon/dist/js/roadmap-app.js(1246,32): error TS2584: Cannot find name 'document'. Do you need to change your target library? Try changing the 'lib' compiler option to include 'dom'.
coming-soon/dist/js/roadmap-app.js(1254,12): error TS2339: Property '_roadmapProjectKey' does not exist on type 'typeof window'.
coming-soon/dist/js/roadmap-app.js(1255,12): error TS2339: Property '_currentRoadmap' does not exist on type 'typeof window'.
coming-soon/dist/js/roadmap-app.js(1257,20): error TS2584: Cannot find name 'document'. Do you need to change your target library? Try changing the 'lib' compiler option to include 'dom'.
coming-soon/dist/js/roadmap-app.js(1268,29): error TS2584: Cannot find name 'document'. Do you need to change your target library? Try changing the 'lib' compiler option to include 'dom'.
coming-soon/dist/js/roadmap-app.js(1269,36): error TS2584: Cannot find name 'document'. Do you need to change your target library? Try changing the 'lib' compiler option to include 'dom'.
coming-soon/dist/js/roadmap-app.js(1270,30): error TS2584: Cannot find name 'document'. Do you need to change your target library? Try changing the 'lib' compiler option to include 'dom'.
coming-soon/dist/js/roadmap-app.js(1271,31): error TS2584: Cannot find name 'document'. Do you need to change your target library? Try changing the 'lib' compiler option to include 'dom'.
coming-soon/dist/js/roadmap-app.js(1309,30): error TS2584: Cannot find name 'document'. Do you need to change your target library? Try changing the 'lib' compiler option to include 'dom'.
coming-soon/dist/js/roadmap-app.js(1319,22): error TS2584: Cannot find name 'document'. Do you need to change your target library? Try changing the 'lib' compiler option to include 'dom'.
coming-soon/dist/js/roadmap-app.js(1323,26): error TS2584: Cannot find name 'document'. Do you need to change your target library? Try changing the 'lib' compiler option to include 'dom'.
coming-soon/dist/js/roadmap-app.js(1333,31): error TS2304: Cannot find name 'IntersectionObserver'.
coming-soon/dist/js/roadmap-app.js(1341,34): error TS2584: Cannot find name 'document'. Do you need to change your target library? Try changing the 'lib' compiler option to include 'dom'.
coming-soon/dist/js/roadmap-app.js(1356,28): error TS2584: Cannot find name 'document'. Do you need to change your target library? Try changing the 'lib' compiler option to include 'dom'.
coming-soon/dist/js/roadmap-app.js(1362,24): error TS2584: Cannot find name 'document'. Do you need to change your target library? Try changing the 'lib' compiler option to include 'dom'.
coming-soon/dist/js/roadmap-app.js(1368,25): error TS2584: Cannot find name 'document'. Do you need to change your target library? Try changing the 'lib' compiler option to include 'dom'.
coming-soon/dist/js/roadmap-app.js(1392,27): error TS2584: Cannot find name 'document'. Do you need to change your target library? Try changing the 'lib' compiler option to include 'dom'.
coming-soon/dist/js/roadmap-app.js(1393,24): error TS2584: Cannot find name 'document'. Do you need to change your target library? Try changing the 'lib' compiler option to include 'dom'.
coming-soon/dist/js/roadmap-app.js(1405,27): error TS2584: Cannot find name 'document'. Do you need to change your target library? Try changing the 'lib' compiler option to include 'dom'.
coming-soon/dist/js/roadmap-app.js(1411,13): error TS2584: Cannot find name 'document'. Do you need to change your target library? Try changing the 'lib' compiler option to include 'dom'.
coming-soon/dist/js/roadmap-app.js(1419,29): error TS2584: Cannot find name 'document'. Do you need to change your target library? Try changing the 'lib' compiler option to include 'dom'.
coming-soon/dist/js/roadmap-app.js(1437,23): error TS2584: Cannot find name 'document'. Do you need to change your target library? Try changing the 'lib' compiler option to include 'dom'.
coming-soon/dist/js/roadmap-app.js(1440,13): error TS2584: Cannot find name 'document'. Do you need to change your target library? Try changing the 'lib' compiler option to include 'dom'.
coming-soon/dist/js/roadmap-app.js(1449,19): error TS2584: Cannot find name 'document'. Do you need to change your target library? Try changing the 'lib' compiler option to include 'dom'.
coming-soon/dist/js/roadmap-app.js(1455,23): error TS2584: Cannot find name 'document'. Do you need to change your target library? Try changing the 'lib' compiler option to include 'dom'.
coming-soon/dist/js/roadmap-app.js(1458,13): error TS2584: Cannot find name 'document'. Do you need to change your target library? Try changing the 'lib' compiler option to include 'dom'.
coming-soon/dist/js/roadmap-app.js(1494,17): error TS2339: Property '_currentRoadmap' does not exist on type 'typeof window'.
coming-soon/dist/js/roadmap-app.js(1496,26): error TS2339: Property '_currentRoadmap' does not exist on type 'typeof window'.
coming-soon/dist/js/roadmap-app.js(1499,23): error TS2339: Property '_roadmapProjectKey' does not exist on type 'typeof window'.
coming-soon/dist/js/roadmap-app.js(1500,18): error TS2584: Cannot find name 'document'. Do you need to change your target library? Try changing the 'lib' compiler option to include 'dom'.
coming-soon/dist/js/roadmap-app.js(1519,17): error TS2339: Property '_currentRoadmap' does not exist on type 'typeof window'.
coming-soon/dist/js/roadmap-app.js(1521,23): error TS2339: Property '_currentRoadmap' does not exist on type 'typeof window'.
coming-soon/dist/js/roadmap-app.js(1522,23): error TS2339: Property '_roadmapProjectKey' does not exist on type 'typeof window'.
coming-soon/dist/js/roadmap-app.js(1528,22): error TS2584: Cannot find name 'document'. Do you need to change your target library? Try changing the 'lib' compiler option to include 'dom'.
coming-soon/dist/js/roadmap-app.js(1541,29): error TS2584: Cannot find name 'document'. Do you need to change your target library? Try changing the 'lib' compiler option to include 'dom'.
coming-soon/dist/js/roadmap-app.js(1546,29): error TS2584: Cannot find name 'document'. Do you need to change your target library? Try changing the 'lib' compiler option to include 'dom'.
coming-soon/dist/js/roadmap-app.js(1548,26): error TS2584: Cannot find name 'document'. Do you need to change your target library? Try changing the 'lib' compiler option to include 'dom'.
coming-soon/dist/js/roadmap-app.js(1550,21): error TS2584: Cannot find name 'document'. Do you need to change your target library? Try changing the 'lib' compiler option to include 'dom'.
coming-soon/dist/js/roadmap-app.js(1552,20): error TS2584: Cannot find name 'document'. Do you need to change your target library? Try changing the 'lib' compiler option to include 'dom'.
coming-soon/dist/js/roadmap-app.js(1557,20): error TS2584: Cannot find name 'document'. Do you need to change your target library? Try changing the 'lib' compiler option to include 'dom'.
coming-soon/dist/js/roadmap-app.js(1568,26): error TS2584: Cannot find name 'document'. Do you need to change your target library? Try changing the 'lib' compiler option to include 'dom'.
coming-soon/dist/js/roadmap-app.js(1574,25): error TS2584: Cannot find name 'document'. Do you need to change your target library? Try changing the 'lib' compiler option to include 'dom'.
coming-soon/dist/js/roadmap-app.js(1576,20): error TS2584: Cannot find name 'document'. Do you need to change your target library? Try changing the 'lib' compiler option to include 'dom'.
coming-soon/dist/js/roadmap-app.js(1580,20): error TS2584: Cannot find name 'document'. Do you need to change your target library? Try changing the 'lib' compiler option to include 'dom'.
coming-soon/dist/js/roadmap-app.js(1584,20): error TS2584: Cannot find name 'document'. Do you need to change your target library? Try changing the 'lib' compiler option to include 'dom'.
coming-soon/dist/js/roadmap-app.js(1592,32): error TS2584: Cannot find name 'document'. Do you need to change your target library? Try changing the 'lib' compiler option to include 'dom'.
coming-soon/dist/js/roadmap-app.js(1593,32): error TS2584: Cannot find name 'document'. Do you need to change your target library? Try changing the 'lib' compiler option to include 'dom'.
coming-soon/dist/js/roadmap-app.js(1601,1): error TS2584: Cannot find name 'document'. Do you need to change your target library? Try changing the 'lib' compiler option to include 'dom'.
coming-soon/dist/js/roadmap-app.js(1603,26): error TS2584: Cannot find name 'document'. Do you need to change your target library? Try changing the 'lib' compiler option to include 'dom'.
coming-soon/dist/js/roadmap-app.js(1611,26): error TS2584: Cannot find name 'document'. Do you need to change your target library? Try changing the 'lib' compiler option to include 'dom'.
coming-soon/dist/js/roadmap-app.js(1622,20): error TS2584: Cannot find name 'document'. Do you need to change your target library? Try changing the 'lib' compiler option to include 'dom'.
coming-soon/dist/js/roadmap-app.js(1622,52): error TS2304: Cannot find name 'NodeFilter'.
coming-soon/dist/js/roadmap-app.js(1631,22): error TS2584: Cannot find name 'document'. Do you need to change your target library? Try changing the 'lib' compiler option to include 'dom'.
coming-soon/dist/js/roadmap-app.js(1641,33): error TS2584: Cannot find name 'document'. Do you need to change your target library? Try changing the 'lib' compiler option to include 'dom'.
coming-soon/dist/js/roadmap-app.js(1645,33): error TS2584: Cannot find name 'document'. Do you need to change your target library? Try changing the 'lib' compiler option to include 'dom'.
coming-soon/dist/js/roadmap-app.js(1652,29): error TS2584: Cannot find name 'document'. Do you need to change your target library? Try changing the 'lib' compiler option to include 'dom'.
coming-soon/dist/js/roadmap-app.js(1658,22): error TS2584: Cannot find name 'document'. Do you need to change your target library? Try changing the 'lib' compiler option to include 'dom'.
coming-soon/dist/js/roadmap-app.js(1659,20): error TS2584: Cannot find name 'document'. Do you need to change your target library? Try changing the 'lib' compiler option to include 'dom'.
coming-soon/dist/js/roadmap-app.js(1664,9): error TS2584: Cannot find name 'document'. Do you need to change your target library? Try changing the 'lib' compiler option to include 'dom'.
coming-soon/dist/js/roadmap-app.js(1667,13): error TS2584: Cannot find name 'document'. Do you need to change your target library? Try changing the 'lib' compiler option to include 'dom'.
coming-soon/dist/js/roadmap-app.js(1668,13): error TS2584: Cannot find name 'document'. Do you need to change your target library? Try changing the 'lib' compiler option to include 'dom'.
coming-soon/dist/js/roadmap-app.js(1673,9): error TS2584: Cannot find name 'document'. Do you need to change your target library? Try changing the 'lib' compiler option to include 'dom'.
coming-soon/dist/js/roadmap-app.js(1682,9): error TS2584: Cannot find name 'document'. Do you need to change your target library? Try changing the 'lib' compiler option to include 'dom'.
coming-soon/dist/js/roadmap-app.js(1691,17): error TS2339: Property '_currentRoadmap' does not exist on type 'typeof window'.
coming-soon/dist/js/roadmap-app.js(1693,23): error TS2339: Property '_currentRoadmap' does not exist on type 'typeof window'.
coming-soon/dist/js/roadmap-app.js(1694,23): error TS2339: Property '_roadmapProjectKey' does not exist on type 'typeof window'.
coming-soon/dist/js/roadmap-app.js(1718,19): error TS2584: Cannot find name 'document'. Do you need to change your target library? Try changing the 'lib' compiler option to include 'dom'.
coming-soon/dist/js/roadmap-app.js(1719,22): error TS2584: Cannot find name 'document'. Do you need to change your target library? Try changing the 'lib' compiler option to include 'dom'.
coming-soon/dist/js/roadmap-app.js(1720,19): error TS2584: Cannot find name 'document'. Do you need to change your target library? Try changing the 'lib' compiler option to include 'dom'.
coming-soon/dist/js/roadmap-app.js(1721,20): error TS2584: Cannot find name 'document'. Do you need to change your target library? Try changing the 'lib' compiler option to include 'dom'.
coming-soon/dist/js/roadmap-app.js(1722,19): error TS2584: Cannot find name 'document'. Do you need to change your target library? Try changing the 'lib' compiler option to include 'dom'.
coming-soon/dist/js/roadmap-app.js(1723,22): error TS2584: Cannot find name 'document'. Do you need to change your target library? Try changing the 'lib' compiler option to include 'dom'.
coming-soon/dist/js/roadmap-app.js(1748,5): error TS2584: Cannot find name 'document'. Do you need to change your target library? Try changing the 'lib' compiler option to include 'dom'.
coming-soon/dist/js/roadmap-app.js(1756,5): error TS2584: Cannot find name 'document'. Do you need to change your target library? Try changing the 'lib' compiler option to include 'dom'.
coming-soon/dist/js/roadmap-app.js(1815,5): error TS2584: Cannot find name 'document'. Do you need to change your target library? Try changing the 'lib' compiler option to include 'dom'.
coming-soon/dist/js/roadmap-app.js(1834,17): error TS2584: Cannot find name 'document'. Do you need to change your target library? Try changing the 'lib' compiler option to include 'dom'.
coming-soon/dist/js/roadmap-app.js(1853,5): error TS2584: Cannot find name 'document'. Do you need to change your target library? Try changing the 'lib' compiler option to include 'dom'.
coming-soon/dist/js/roadmap-app.js(1858,34): error TS2339: Property '_currentRoadmap' does not exist on type 'typeof window'.
coming-soon/dist/js/roadmap-app.js(1870,23): error TS2339: Property 'clipboard' does not exist on type 'Navigator'.
coming-soon/dist/js/roadmap-app.js(1873,5): error TS2584: Cannot find name 'document'. Do you need to change your target library? Try changing the 'lib' compiler option to include 'dom'.
coming-soon/dist/js/roadmap-app.js(1879,23): error TS2339: Property 'clipboard' does not exist on type 'Navigator'.
coming-soon/dist/js/roadmap-app.js(1882,5): error TS2584: Cannot find name 'document'. Do you need to change your target library? Try changing the 'lib' compiler option to include 'dom'.
coming-soon/dist/js/roadmap-app.js(1892,5): error TS2584: Cannot find name 'document'. Do you need to change your target library? Try changing the 'lib' compiler option to include 'dom'.
coming-soon/dist/js/roadmap-app.js(1894,13): error TS2584: Cannot find name 'document'. Do you need to change your target library? Try changing the 'lib' compiler option to include 'dom'.
coming-soon/dist/js/roadmap-app.js(1900,5): error TS2584: Cannot find name 'document'. Do you need to change your target library? Try changing the 'lib' compiler option to include 'dom'.
coming-soon/dist/js/roadmap-app.js(1908,5): error TS2584: Cannot find name 'document'. Do you need to change your target library? Try changing the 'lib' compiler option to include 'dom'.
coming-soon/dist/js/roadmap-app.js(1954,38): error TS2339: Property '_currentRoadmap' does not exist on type 'typeof window'.
coming-soon/dist/js/roadmap-app.js(1970,27): error TS2339: Property 'clipboard' does not exist on type 'Navigator'.
coming-soon/dist/js/roadmap-app.js(1975,5): error TS2584: Cannot find name 'document'. Do you need to change your target library? Try changing the 'lib' compiler option to include 'dom'.
coming-soon/dist/js/roadmap-app.js(1977,38): error TS2584: Cannot find name 'document'. Do you need to change your target library? Try changing the 'lib' compiler option to include 'dom'.
coming-soon/dist/js/roadmap-app.js(2003,5): error TS2584: Cannot find name 'document'. Do you need to change your target library? Try changing the 'lib' compiler option to include 'dom'.
coming-soon/dist/js/roadmap-app.js(2023,16): error TS2304: Cannot find name 'html2pdf'.
coming-soon/dist/js/roadmap-app.js(2030,19): error TS2584: Cannot find name 'document'. Do you need to change your target library? Try changing the 'lib' compiler option to include 'dom'.
coming-soon/dist/js/roadmap-app.js(2039,21): error TS2584: Cannot find name 'document'. Do you need to change your target library? Try changing the 'lib' compiler option to include 'dom'.
coming-soon/dist/js/roadmap-app.js(2046,20): error TS2584: Cannot find name 'document'. Do you need to change your target library? Try changing the 'lib' compiler option to include 'dom'.
coming-soon/dist/js/roadmap-app.js(2051,19): error TS2584: Cannot find name 'document'. Do you need to change your target library? Try changing the 'lib' compiler option to include 'dom'.
coming-soon/dist/js/roadmap-app.js(2058,18): error TS2584: Cannot find name 'document'. Do you need to change your target library? Try changing the 'lib' compiler option to include 'dom'.
coming-soon/dist/js/roadmap-app.js(2065,21): error TS2584: Cannot find name 'document'. Do you need to change your target library? Try changing the 'lib' compiler option to include 'dom'.
coming-soon/dist/js/roadmap-app.js(2077,21): error TS2584: Cannot find name 'document'. Do you need to change your target library? Try changing the 'lib' compiler option to include 'dom'.
coming-soon/dist/js/roadmap-app.js(2079,24): error TS2584: Cannot find name 'document'. Do you need to change your target library? Try changing the 'lib' compiler option to include 'dom'.
coming-soon/dist/js/roadmap-app.js(2085,24): error TS2584: Cannot find name 'document'. Do you need to change your target library? Try changing the 'lib' compiler option to include 'dom'.
coming-soon/dist/js/roadmap-app.js(2094,24): error TS2584: Cannot find name 'document'. Do you need to change your target library? Try changing the 'lib' compiler option to include 'dom'.
coming-soon/dist/js/roadmap-app.js(2112,26): error TS2339: Property 'getComputedStyle' does not exist on type 'typeof window'.
coming-soon/dist/js/roadmap-app.js(2130,20): error TS2584: Cannot find name 'document'. Do you need to change your target library? Try changing the 'lib' compiler option to include 'dom'.
coming-soon/dist/js/roadmap-app.js(2139,5): error TS2584: Cannot find name 'document'. Do you need to change your target library? Try changing the 'lib' compiler option to include 'dom'.
coming-soon/dist/js/roadmap-app.js(2147,5): error TS2304: Cannot find name 'html2pdf'.
coming-soon/dist/js/roadmap-app.js(2148,9): error TS2584: Cannot find name 'document'. Do you need to change your target library? Try changing the 'lib' compiler option to include 'dom'.
coming-soon/dist/js/roadmap-app.js(2152,13): error TS2584: Cannot find name 'document'. Do you need to change your target library? Try changing the 'lib' compiler option to include 'dom'.
coming-soon/dist/js/roadmap-app.js(2304,15): error TS2584: Cannot find name 'document'. Do you need to change your target library? Try changing the 'lib' compiler option to include 'dom'.
coming-soon/dist/js/roadmap-app.js(2420,15): error TS2584: Cannot find name 'document'. Do you need to change your target library? Try changing the 'lib' compiler option to include 'dom'.
coming-soon/dist/js/roadmap-app.js(2428,24): error TS2304: Cannot find name 'FileReader'.
coming-soon/dist/js/roadmap-app.js(2603,15): error TS2584: Cannot find name 'document'. Do you need to change your target library? Try changing the 'lib' compiler option to include 'dom'.
coming-soon/dist/js/roadmap-app.js(2610,1): error TS2584: Cannot find name 'document'. Do you need to change your target library? Try changing the 'lib' compiler option to include 'dom'.
coming-soon/dist/js/roadmap-app.js(2611,1): error TS2584: Cannot find name 'document'. Do you need to change your target library? Try changing the 'lib' compiler option to include 'dom'.
coming-soon/dist/js/roadmap-app.js(2612,1): error TS2584: Cannot find name 'document'. Do you need to change your target library? Try changing the 'lib' compiler option to include 'dom'.
coming-soon/dist/js/roadmap-app.js(2617,38): error TS2339: Property 'clipboard' does not exist on type 'Navigator'.
coming-soon/dist/js/roadmap-app.js(2620,13): error TS2339: Property 'clipboard' does not exist on type 'Navigator'.
coming-soon/dist/js/roadmap-app.js(2621,1): error TS2584: Cannot find name 'document'. Do you need to change your target library? Try changing the 'lib' compiler option to include 'dom'.
coming-soon/dist/js/roadmap-app.js(2627,269): error TS2339: Property 'clipboard' does not exist on type 'Navigator'.
coming-soon/dist/js/roadmap-app.js(2630,13): error TS2339: Property 'clipboard' does not exist on type 'Navigator'.
coming-soon/dist/js/roadmap-app.js(2631,1): error TS2584: Cannot find name 'document'. Do you need to change your target library? Try changing the 'lib' compiler option to include 'dom'.
coming-soon/dist/js/roadmap-app.js(2641,168): error TS2584: Cannot find name 'document'. Do you need to change your target library? Try changing the 'lib' compiler option to include 'dom'.
coming-soon/dist/js/roadmap-app.js(2642,1): error TS2584: Cannot find name 'document'. Do you need to change your target library? Try changing the 'lib' compiler option to include 'dom'.
coming-soon/dist/js/roadmap-app.js(2649,117): error TS2584: Cannot find name 'document'. Do you need to change your target library? Try changing the 'lib' compiler option to include 'dom'.
coming-soon/dist/js/roadmap-app.js(2650,1): error TS2584: Cannot find name 'document'. Do you need to change your target library? Try changing the 'lib' compiler option to include 'dom'.
coming-soon/dist/js/roadmap-app.js(2651,1): error TS2584: Cannot find name 'document'. Do you need to change your target library? Try changing the 'lib' compiler option to include 'dom'.
coming-soon/dist/js/roadmap-app.js(2652,1): error TS2584: Cannot find name 'document'. Do you need to change your target library? Try changing the 'lib' compiler option to include 'dom'.
coming-soon/dist/js/roadmap-app.js(2653,1): error TS2584: Cannot find name 'document'. Do you need to change your target library? Try changing the 'lib' compiler option to include 'dom'.
coming-soon/dist/js/roadmap-app.js(2684,15): error TS2584: Cannot find name 'document'. Do you need to change your target library? Try changing the 'lib' compiler option to include 'dom'.
coming-soon/dist/js/roadmap-app.js(2691,1): error TS2584: Cannot find name 'document'. Do you need to change your target library? Try changing the 'lib' compiler option to include 'dom'.
coming-soon/dist/js/roadmap-app.js(2691,75): error TS2584: Cannot find name 'document'. Do you need to change your target library? Try changing the 'lib' compiler option to include 'dom'.
coming-soon/dist/js/roadmap-app.js(2692,1): error TS2584: Cannot find name 'document'. Do you need to change your target library? Try changing the 'lib' compiler option to include 'dom'.
coming-soon/dist/js/roadmap-app.js(2698,23): error TS2584: Cannot find name 'document'. Do you need to change your target library? Try changing the 'lib' compiler option to include 'dom'.
coming-soon/dist/js/roadmap-app.js(2701,26): error TS2304: Cannot find name 'IntersectionObserver'.
coming-soon/dist/js/roadmap-app.js(2706,18): error TS2584: Cannot find name 'document'. Do you need to change your target library? Try changing the 'lib' compiler option to include 'dom'.
coming-soon/dist/js/roadmap-app.js(2712,20): error TS2584: Cannot find name 'document'. Do you need to change your target library? Try changing the 'lib' compiler option to include 'dom'.
coming-soon/dist/js/roadmap-app.js(2713,19): error TS2584: Cannot find name 'document'. Do you need to change your target library? Try changing the 'lib' compiler option to include 'dom'.
coming-soon/dist/js/roadmap-app.js(2732,20): error TS2584: Cannot find name 'document'. Do you need to change your target library? Try changing the 'lib' compiler option to include 'dom'.
coming-soon/dist/js/roadmap-app.js(2733,23): error TS2584: Cannot find name 'document'. Do you need to change your target library? Try changing the 'lib' compiler option to include 'dom'.
coming-soon/dist/js/roadmap-app.js(2778,106): error TS2345: Argument of type 'string' is not assignable to parameter of type 'number'.
coming-soon/dist/js/roadmap-app.js(2808,1): error TS2584: Cannot find name 'document'. Do you need to change your target library? Try changing the 'lib' compiler option to include 'dom'.
coming-soon/dist/js/roadmap-app.js(2811,130): error TS2304: Cannot find name 'location'.
coming-soon/dist/js/roadmap-app.js(2811,181): error TS2304: Cannot find name 'location'.
coming-soon/dist/js/roadmap-app.js(2811,208): error TS2304: Cannot find name 'location'.
coming-soon/dist/js/roadmap-app.js(2811,224): error TS2304: Cannot find name 'location'.
coming-soon/dist/js/roadmap-app.js(2811,293): error TS2339: Property 'clipboard' does not exist on type 'Navigator'.
coming-soon/dist/js/roadmap-app.js(2813,9): error TS2304: Cannot find name 'location'.
coming-soon/dist/js/roadmap-app.js(2816,54): error TS2304: Cannot find name 'location'.
coming-soon/dist/js/roadmap-app.js(2820,13): error TS2304: Cannot find name 'history'.
coming-soon/dist/js/roadmap-app.js(2820,44): error TS2304: Cannot find name 'location'.
coming-soon/dist/js/roadmap-app.js(2820,64): error TS2304: Cannot find name 'location'.
coming-soon/dist/js/scan-utils.js(85,19): error TS2304: Cannot find name 'FileList'.
coming-soon/dist/js/scan-utils.js(150,9): error TS2353: Object literal may only specify known properties, and 'simpleHash' does not exist in type '{ runScan(projectPath?: string, options?: any): Promise<any>; getResults(): Promise<any>; getProgress(projectPath: string): Promise<any>; exportReport(): void; getIssueCategories(): any[]; } | { ...; } | { ...; } | { ...; }'.
coming-soon/dist/js/scan-worker.js(231,22): error TS2551: Property 'postMessage' does not exist on type 'typeof self'. Did you mean 'onmessage'?
coming-soon/dist/js/scan-worker.js(239,10): error TS2551: Property 'postMessage' does not exist on type 'typeof self'. Did you mean 'onmessage'?
coming-soon/dist/js/scan-worker.js(241,14): error TS2551: Property 'postMessage' does not exist on type 'typeof self'. Did you mean 'onmessage'?
coming-soon/dist/js/scan-worker.js(255,14): error TS2551: Property 'postMessage' does not exist on type 'typeof self'. Did you mean 'onmessage'?
coming-soon/dist/js/scan-worker.js(258,18): error TS2551: Property 'postMessage' does not exist on type 'typeof self'. Did you mean 'onmessage'?
coming-soon/dist/js/scan-worker.js(261,18): error TS2551: Property 'postMessage' does not exist on type 'typeof self'. Did you mean 'onmessage'?
coming-soon/dist/js/terminal-simulation.js(5,18): error TS2584: Cannot find name 'document'. Do you need to change your target library? Try changing the 'lib' compiler option to include 'dom'.
coming-soon/dist/js/terminal-simulation.js(6,22): error TS2584: Cannot find name 'document'. Do you need to change your target library? Try changing the 'lib' compiler option to include 'dom'.
coming-soon/dist/js/terminal-simulation.js(7,22): error TS2584: Cannot find name 'document'. Do you need to change your target library? Try changing the 'lib' compiler option to include 'dom'.
coming-soon/dist/js/terminal-simulation.js(8,22): error TS2584: Cannot find name 'document'. Do you need to change your target library? Try changing the 'lib' compiler option to include 'dom'.
coming-soon/dist/js/terminal-simulation.js(13,44): error TS2584: Cannot find name 'document'. Do you need to change your target library? Try changing the 'lib' compiler option to include 'dom'.
coming-soon/dist/js/terminal-simulation.js(15,21): error TS2584: Cannot find name 'document'. Do you need to change your target library? Try changing the 'lib' compiler option to include 'dom'.
coming-soon/dist/js/terminal-simulation.js(22,21): error TS2584: Cannot find name 'document'. Do you need to change your target library? Try changing the 'lib' compiler option to include 'dom'.
coming-soon/dist/js/terminal-simulation.js(29,21): error TS2584: Cannot find name 'document'. Do you need to change your target library? Try changing the 'lib' compiler option to include 'dom'.
coming-soon/dist/js/terminal-simulation.js(31,22): error TS2584: Cannot find name 'document'. Do you need to change your target library? Try changing the 'lib' compiler option to include 'dom'.
coming-soon/dist/js/terminal-simulation.js(39,27): error TS2584: Cannot find name 'document'. Do you need to change your target library? Try changing the 'lib' compiler option to include 'dom'.
coming-soon/dist/js/terminal-simulation.js(47,21): error TS2584: Cannot find name 'document'. Do you need to change your target library? Try changing the 'lib' compiler option to include 'dom'.
coming-soon/dist/js/terminal-simulation.js(59,21): error TS2584: Cannot find name 'document'. Do you need to change your target library? Try changing the 'lib' compiler option to include 'dom'.
coming-soon/dist/js/terminal-simulation.js(119,13): error TS2584: Cannot find name 'document'. Do you need to change your target library? Try changing the 'lib' compiler option to include 'dom'.
coming-soon/dist/js/terminal-simulation.js(195,5): error TS2584: Cannot find name 'document'. Do you need to change your target library? Try changing the 'lib' compiler option to include 'dom'.
coming-soon/dist/js/terminal-simulation.js(197,13): error TS2584: Cannot find name 'document'. Do you need to change your target library? Try changing the 'lib' compiler option to include 'dom'.
coming-soon/js-es2018/auth.js(24,17): error TS2584: Cannot find name 'document'. Do you need to change your target library? Try changing the 'lib' compiler option to include 'dom'.
coming-soon/js-es2018/auth.js(36,16): error TS2339: Property 'location' does not exist on type 'typeof window'.
coming-soon/js-es2018/auth.js(40,53): error TS2339: Property 'location' does not exist on type 'typeof window'.
coming-soon/js-es2018/auth.js(44,25): error TS2584: Cannot find name 'document'. Do you need to change your target library? Try changing the 'lib' compiler option to include 'dom'.
coming-soon/js-es2018/auth.js(57,12): error TS2339: Property 'SbAuth' does not exist on type 'typeof window'.
coming-soon/js-es2018/dashboard/certificate-module.js(2,46): error TS2339: Property 'escapeHtml' does not exist on type 'typeof window'.
coming-soon/js-es2018/dashboard/certificate-module.js(3,12): error TS2339: Property 'escapeHtml' does not exist on type 'typeof window'.
coming-soon/js-es2018/dashboard/certificate-module.js(17,7): error TS2451: Cannot redeclare block-scoped variable 'ZIP_MARKDOWN_TEMPLATES'.
coming-soon/js-es2018/dashboard/certificate-module.js(109,17): error TS2339: Property 'JSZip' does not exist on type 'typeof window'.
coming-soon/js-es2018/dashboard/certificate-module.js(109,34): error TS2339: Property 'html2canvas' does not exist on type 'typeof window'.
coming-soon/js-es2018/dashboard/certificate-module.js(118,21): error TS2304: Cannot find name 'JSZip'.
coming-soon/js-es2018/dashboard/certificate-module.js(159,65): error TS2339: Property '_tokenPayload' does not exist on type 'typeof window'.
coming-soon/js-es2018/dashboard/certificate-module.js(159,143): error TS2339: Property '_tokenPayload' does not exist on type 'typeof window'.
coming-soon/js-es2018/dashboard/certificate-module.js(693,28): error TS2339: Property '_tokenPayload' does not exist on type 'typeof window'.
coming-soon/js-es2018/dashboard/certificate-module.js(693,52): error TS2339: Property '_tokenPayload' does not exist on type 'typeof window'.
coming-soon/js-es2018/dashboard/certificate-module.js(693,81): error TS2339: Property '_tokenPayload' does not exist on type 'typeof window'.
coming-soon/js-es2018/dashboard/certificate-module.js(754,50): error TS2362: The left-hand side of an arithmetic operation must be of type 'any', 'number', 'bigint' or an enum type.
coming-soon/js-es2018/dashboard/certificate-module.js(754,65): error TS2363: The right-hand side of an arithmetic operation must be of type 'any', 'number', 'bigint' or an enum type.
coming-soon/js-es2018/dashboard/certificate-module.js(1031,19): error TS2584: Cannot find name 'document'. Do you need to change your target library? Try changing the 'lib' compiler option to include 'dom'.
coming-soon/js-es2018/dashboard/certificate-module.js(1035,9): error TS2584: Cannot find name 'document'. Do you need to change your target library? Try changing the 'lib' compiler option to include 'dom'.
coming-soon/js-es2018/dashboard/certificate-module.js(1040,20): error TS2339: Property 'open' does not exist on type 'typeof window'.
coming-soon/js-es2018/dashboard/certificate-module.js(1049,5): error TS2451: Cannot redeclare block-scoped variable '__certGenerating'.
coming-soon/js-es2018/dashboard/certificate-module.js(1057,24): error TS2584: Cannot find name 'document'. Do you need to change your target library? Try changing the 'lib' compiler option to include 'dom'.
coming-soon/js-es2018/dashboard/certificate-module.js(1072,31): error TS2304: Cannot find name 'getCertificateCredentials'.
coming-soon/js-es2018/dashboard/certificate-module.js(1072,75): error TS2304: Cannot find name 'getCertificateCredentials'.
coming-soon/js-es2018/dashboard/certificate-module.js(1083,26): error TS2584: Cannot find name 'document'. Do you need to change your target library? Try changing the 'lib' compiler option to include 'dom'.
coming-soon/js-es2018/dashboard/certificate-module.js(1086,26): error TS2584: Cannot find name 'document'. Do you need to change your target library? Try changing the 'lib' compiler option to include 'dom'.
coming-soon/js-es2018/dashboard/certificate-module.js(1088,26): error TS2584: Cannot find name 'document'. Do you need to change your target library? Try changing the 'lib' compiler option to include 'dom'.
coming-soon/js-es2018/dashboard/certificate-module.js(1090,25): error TS2584: Cannot find name 'document'. Do you need to change your target library? Try changing the 'lib' compiler option to include 'dom'.
coming-soon/js-es2018/dashboard/certificate-module.js(1113,12): error TS2339: Property 'generateSovereignCertificate' does not exist on type 'typeof window'.
coming-soon/js-es2018/dashboard/certificate-module.js(1114,12): error TS2339: Property 'doGenerateCertificate' does not exist on type 'typeof window'.
coming-soon/js-es2018/dashboard/main.js(2,1): error TS6200: Definitions of the following identifiers conflict with those in another file: TOAST_DURATION_SHORT, TOAST_DURATION_LONG, FILE_COUNT_HIGH, FILE_COUNT_VERY_HIGH, LOCAL_SERVER_PORTS, API_BASE, IS_LOCAL_HOST, submitBtn, status, scanPreview, scanMeta, previewContent, tabCli, tabBrowser, viewCli, viewBrowser, localScanFileName, cliFolderInput, cliFilesInput, dropzonePrompt, integrityHashEl, browserFolderDropzone, accumulatedPickerFiles, isAccumulatingFolders, _pickerTriggeredByButton, SKIP_DIRS, UPDATE_INTERVAL, cliJsonDropzone, cliFileName, reportData, scanAbortController, MODULE_REPORT_KEYS, BROWSER_SCAN_PROFILES, PROFILE_SECTIONS, sandboxNoteText, MODULE_CARDS, urlParams, sessionId, urlToken, resendBtn, resendEmail, resendStatus, tryFreeBtn, LS_KEY_TOKEN, LS_KEY_SCAN, resetBtn, tabCliImport, tabCliSetup, viewCliImport, viewCliSetup, oneClickInstallBtn, installCommandEl, tabImportUpload, tabImportPaste, viewImportUpload, viewImportPaste, selectDriveTargetBtn, _browserDragDepth, _cliDragDepth, terminalConsole, panelStatus, panelMetrics, panelProgressContainer, panelProgressBar, certSubmitBtn, clearSessionBtn, copyJsonBtn, collapsePreviewBtn, SCANNER_BRIDGE_PORT, BRIDGE_URL, bridgeAvailable, bridgeEventSource, serverUploadUrl, DATA_SERVER_PORT, DATA_SERVER_URL, dataServerAvailable, dataServerSse, isPickerActive
coming-soon/js-es2018/dashboard/main.js(3,16): error TS2584: Cannot find name 'document'. Do you need to change your target library? Try changing the 'lib' compiler option to include 'dom'.
coming-soon/js-es2018/dashboard/main.js(6,15): error TS2339: Property 'clipboard' does not exist on type 'Navigator'.
coming-soon/js-es2018/dashboard/main.js(15,21): error TS2584: Cannot find name 'document'. Do you need to change your target library? Try changing the 'lib' compiler option to include 'dom'.
coming-soon/js-es2018/dashboard/main.js(61,16): error TS2584: Cannot find name 'document'. Do you need to change your target library? Try changing the 'lib' compiler option to include 'dom'.
coming-soon/js-es2018/dashboard/main.js(77,12): error TS2339: Property 'simpleHash' does not exist on type 'typeof window'.
coming-soon/js-es2018/dashboard/main.js(91,19): error TS2304: Cannot find name 'location'.
coming-soon/js-es2018/dashboard/main.js(91,56): error TS2304: Cannot find name 'location'.
coming-soon/js-es2018/dashboard/main.js(91,93): error TS2304: Cannot find name 'location'.
coming-soon/js-es2018/dashboard/main.js(92,23): error TS2304: Cannot find name 'location'.
coming-soon/js-es2018/dashboard/main.js(92,60): error TS2304: Cannot find name 'location'.
coming-soon/js-es2018/dashboard/main.js(100,21): error TS2304: Cannot find name 'location'.
coming-soon/js-es2018/dashboard/main.js(100,58): error TS2304: Cannot find name 'location'.
coming-soon/js-es2018/dashboard/main.js(102,34): error TS2304: Cannot find name 'location'.
coming-soon/js-es2018/dashboard/main.js(104,16): error TS2304: Cannot find name 'location'.
coming-soon/js-es2018/dashboard/main.js(107,16): error TS2304: Cannot find name 'location'.
coming-soon/js-es2018/dashboard/main.js(112,19): error TS2584: Cannot find name 'document'. Do you need to change your target library? Try changing the 'lib' compiler option to include 'dom'.
coming-soon/js-es2018/dashboard/main.js(113,16): error TS2584: Cannot find name 'document'. Do you need to change your target library? Try changing the 'lib' compiler option to include 'dom'.
coming-soon/js-es2018/dashboard/main.js(114,21): error TS2584: Cannot find name 'document'. Do you need to change your target library? Try changing the 'lib' compiler option to include 'dom'.
coming-soon/js-es2018/dashboard/main.js(115,18): error TS2584: Cannot find name 'document'. Do you need to change your target library? Try changing the 'lib' compiler option to include 'dom'.
coming-soon/js-es2018/dashboard/main.js(116,24): error TS2584: Cannot find name 'document'. Do you need to change your target library? Try changing the 'lib' compiler option to include 'dom'.
coming-soon/js-es2018/dashboard/main.js(127,16): error TS2584: Cannot find name 'document'. Do you need to change your target library? Try changing the 'lib' compiler option to include 'dom'.
coming-soon/js-es2018/dashboard/main.js(128,20): error TS2584: Cannot find name 'document'. Do you need to change your target library? Try changing the 'lib' compiler option to include 'dom'.
coming-soon/js-es2018/dashboard/main.js(129,17): error TS2584: Cannot find name 'document'. Do you need to change your target library? Try changing the 'lib' compiler option to include 'dom'.
coming-soon/js-es2018/dashboard/main.js(130,21): error TS2584: Cannot find name 'document'. Do you need to change your target library? Try changing the 'lib' compiler option to include 'dom'.
coming-soon/js-es2018/dashboard/main.js(132,27): error TS2584: Cannot find name 'document'. Do you need to change your target library? Try changing the 'lib' compiler option to include 'dom'.
coming-soon/js-es2018/dashboard/main.js(133,24): error TS2584: Cannot find name 'document'. Do you need to change your target library? Try changing the 'lib' compiler option to include 'dom'.
coming-soon/js-es2018/dashboard/main.js(134,23): error TS2584: Cannot find name 'document'. Do you need to change your target library? Try changing the 'lib' compiler option to include 'dom'.
coming-soon/js-es2018/dashboard/main.js(135,24): error TS2584: Cannot find name 'document'. Do you need to change your target library? Try changing the 'lib' compiler option to include 'dom'.
coming-soon/js-es2018/dashboard/main.js(136,25): error TS2584: Cannot find name 'document'. Do you need to change your target library? Try changing the 'lib' compiler option to include 'dom'.
coming-soon/js-es2018/dashboard/main.js(138,31): error TS2584: Cannot find name 'document'. Do you need to change your target library? Try changing the 'lib' compiler option to include 'dom'.
coming-soon/js-es2018/dashboard/main.js(139,7): error TS2451: Cannot redeclare block-scoped variable 'jsonPasteInput'.
coming-soon/js-es2018/dashboard/main.js(139,24): error TS2584: Cannot find name 'document'. Do you need to change your target library? Try changing the 'lib' compiler option to include 'dom'.
coming-soon/js-es2018/dashboard/main.js(140,7): error TS2451: Cannot redeclare block-scoped variable 'jsonPasteBtn'.
coming-soon/js-es2018/dashboard/main.js(140,22): error TS2584: Cannot find name 'document'. Do you need to change your target library? Try changing the 'lib' compiler option to include 'dom'.
coming-soon/js-es2018/dashboard/main.js(156,28): error TS2304: Cannot find name 'ScanUtils'.
coming-soon/js-es2018/dashboard/main.js(156,57): error TS2304: Cannot find name 'ScanUtils'.
coming-soon/js-es2018/dashboard/main.js(157,11): error TS2304: Cannot find name 'ScanUtils'.
coming-soon/js-es2018/dashboard/main.js(158,19): error TS2304: Cannot find name 'analyzeFolderSize'.
coming-soon/js-es2018/dashboard/main.js(158,55): error TS2304: Cannot find name 'analyzeFolderSize'.
coming-soon/js-es2018/dashboard/main.js(265,25): error TS2584: Cannot find name 'document'. Do you need to change your target library? Try changing the 'lib' compiler option to include 'dom'.
coming-soon/js-es2018/dashboard/main.js(266,7): error TS2451: Cannot redeclare block-scoped variable 'fileInput'.
coming-soon/js-es2018/dashboard/main.js(266,19): error TS2584: Cannot find name 'document'. Do you need to change your target library? Try changing the 'lib' compiler option to include 'dom'.
coming-soon/js-es2018/dashboard/main.js(267,21): error TS2584: Cannot find name 'document'. Do you need to change your target library? Try changing the 'lib' compiler option to include 'dom'.
coming-soon/js-es2018/dashboard/main.js(278,25): error TS2339: Property 'clipboard' does not exist on type 'Navigator'.
coming-soon/js-es2018/dashboard/main.js(507,29): error TS2339: Property '_scanPreviewData' does not exist on type 'typeof window'.
coming-soon/js-es2018/dashboard/main.js(509,40): error TS2339: Property '_tokenPayload' does not exist on type 'typeof window'.
coming-soon/js-es2018/dashboard/main.js(509,118): error TS2339: Property '_tokenPayload' does not exist on type 'typeof window'.
coming-soon/js-es2018/dashboard/main.js(520,43): error TS2339: Property '_scanPreviewModules' does not exist on type 'typeof window'.
coming-soon/js-es2018/dashboard/main.js(530,23): error TS2584: Cannot find name 'document'. Do you need to change your target library? Try changing the 'lib' compiler option to include 'dom'.
coming-soon/js-es2018/dashboard/main.js(533,13): error TS2584: Cannot find name 'document'. Do you need to change your target library? Try changing the 'lib' compiler option to include 'dom'.
coming-soon/js-es2018/dashboard/main.js(540,29): error TS2339: Property '_scanPreviewModules' does not exist on type 'typeof window'.
coming-soon/js-es2018/dashboard/main.js(879,19): error TS2584: Cannot find name 'document'. Do you need to change your target library? Try changing the 'lib' compiler option to include 'dom'.
coming-soon/js-es2018/dashboard/main.js(882,9): error TS2584: Cannot find name 'document'. Do you need to change your target library? Try changing the 'lib' compiler option to include 'dom'.
coming-soon/js-es2018/dashboard/main.js(907,26): error TS2339: Property '_tokenPayload' does not exist on type 'typeof window'.
coming-soon/js-es2018/dashboard/main.js(946,23): error TS2584: Cannot find name 'document'. Do you need to change your target library? Try changing the 'lib' compiler option to include 'dom'.
coming-soon/js-es2018/dashboard/main.js(949,19): error TS2584: Cannot find name 'document'. Do you need to change your target library? Try changing the 'lib' compiler option to include 'dom'.
coming-soon/js-es2018/dashboard/main.js(1057,25): error TS2584: Cannot find name 'document'. Do you need to change your target library? Try changing the 'lib' compiler option to include 'dom'.
coming-soon/js-es2018/dashboard/main.js(1133,22): error TS2584: Cannot find name 'document'. Do you need to change your target library? Try changing the 'lib' compiler option to include 'dom'.
coming-soon/js-es2018/dashboard/main.js(1223,26): error TS2584: Cannot find name 'document'. Do you need to change your target library? Try changing the 'lib' compiler option to include 'dom'.
coming-soon/js-es2018/dashboard/main.js(1309,20): error TS2584: Cannot find name 'document'. Do you need to change your target library? Try changing the 'lib' compiler option to include 'dom'.
coming-soon/js-es2018/dashboard/main.js(1311,16): error TS2339: Property '_tokenPayload' does not exist on type 'typeof window'.
coming-soon/js-es2018/dashboard/main.js(1318,26): error TS2584: Cannot find name 'document'. Do you need to change your target library? Try changing the 'lib' compiler option to include 'dom'.
coming-soon/js-es2018/dashboard/main.js(1321,9): error TS2584: Cannot find name 'document'. Do you need to change your target library? Try changing the 'lib' compiler option to include 'dom'.
coming-soon/js-es2018/dashboard/main.js(1322,9): error TS2584: Cannot find name 'document'. Do you need to change your target library? Try changing the 'lib' compiler option to include 'dom'.
coming-soon/js-es2018/dashboard/main.js(1323,9): error TS2584: Cannot find name 'document'. Do you need to change your target library? Try changing the 'lib' compiler option to include 'dom'.
coming-soon/js-es2018/dashboard/main.js(1324,9): error TS2584: Cannot find name 'document'. Do you need to change your target library? Try changing the 'lib' compiler option to include 'dom'.
coming-soon/js-es2018/dashboard/main.js(1325,9): error TS2584: Cannot find name 'document'. Do you need to change your target library? Try changing the 'lib' compiler option to include 'dom'.
coming-soon/js-es2018/dashboard/main.js(1333,16): error TS2339: Property '_tokenPayload' does not exist on type 'typeof window'.
coming-soon/js-es2018/dashboard/main.js(1338,32): error TS2584: Cannot find name 'document'. Do you need to change your target library? Try changing the 'lib' compiler option to include 'dom'.
coming-soon/js-es2018/dashboard/main.js(1341,29): error TS2584: Cannot find name 'document'. Do you need to change your target library? Try changing the 'lib' compiler option to include 'dom'.
coming-soon/js-es2018/dashboard/main.js(1344,32): error TS2584: Cannot find name 'document'. Do you need to change your target library? Try changing the 'lib' compiler option to include 'dom'.
coming-soon/js-es2018/dashboard/main.js(1347,29): error TS2584: Cannot find name 'document'. Do you need to change your target library? Try changing the 'lib' compiler option to include 'dom'.
coming-soon/js-es2018/dashboard/main.js(1350,29): error TS2584: Cannot find name 'document'. Do you need to change your target library? Try changing the 'lib' compiler option to include 'dom'.
coming-soon/js-es2018/dashboard/main.js(1355,31): error TS2584: Cannot find name 'document'. Do you need to change your target library? Try changing the 'lib' compiler option to include 'dom'.
coming-soon/js-es2018/dashboard/main.js(1362,26): error TS2584: Cannot find name 'document'. Do you need to change your target library? Try changing the 'lib' compiler option to include 'dom'.
coming-soon/js-es2018/dashboard/main.js(1365,13): error TS2584: Cannot find name 'document'. Do you need to change your target library? Try changing the 'lib' compiler option to include 'dom'.
coming-soon/js-es2018/dashboard/main.js(1372,24): error TS2584: Cannot find name 'document'. Do you need to change your target library? Try changing the 'lib' compiler option to include 'dom'.
coming-soon/js-es2018/dashboard/main.js(1379,28): error TS2584: Cannot find name 'document'. Do you need to change your target library? Try changing the 'lib' compiler option to include 'dom'.
coming-soon/js-es2018/dashboard/main.js(1380,28): error TS2584: Cannot find name 'document'. Do you need to change your target library? Try changing the 'lib' compiler option to include 'dom'.
coming-soon/js-es2018/dashboard/main.js(1381,28): error TS2584: Cannot find name 'document'. Do you need to change your target library? Try changing the 'lib' compiler option to include 'dom'.
coming-soon/js-es2018/dashboard/main.js(1382,26): error TS2584: Cannot find name 'document'. Do you need to change your target library? Try changing the 'lib' compiler option to include 'dom'.
coming-soon/js-es2018/dashboard/main.js(1418,46): error TS2339: Property 'location' does not exist on type 'typeof window'.
coming-soon/js-es2018/dashboard/main.js(1434,5): error TS2584: Cannot find name 'document'. Do you need to change your target library? Try changing the 'lib' compiler option to include 'dom'.
coming-soon/js-es2018/dashboard/main.js(1437,19): error TS2584: Cannot find name 'document'. Do you need to change your target library? Try changing the 'lib' compiler option to include 'dom'.
coming-soon/js-es2018/dashboard/main.js(1438,21): error TS2584: Cannot find name 'document'. Do you need to change your target library? Try changing the 'lib' compiler option to include 'dom'.
coming-soon/js-es2018/dashboard/main.js(1439,22): error TS2584: Cannot find name 'document'. Do you need to change your target library? Try changing the 'lib' compiler option to include 'dom'.
coming-soon/js-es2018/dashboard/main.js(1458,24): error TS2339: Property 'success' does not exist on type 'unknown'.
coming-soon/js-es2018/dashboard/main.js(1459,51): error TS2339: Property 'message' does not exist on type 'unknown'.
coming-soon/js-es2018/dashboard/main.js(1462,29): error TS2339: Property 'redirectToPricing' does not exist on type 'unknown'.
coming-soon/js-es2018/dashboard/main.js(1463,24): error TS2339: Property 'location' does not exist on type 'typeof window'.
coming-soon/js-es2018/dashboard/main.js(1467,51): error TS2339: Property 'error' does not exist on type 'unknown'.
coming-soon/js-es2018/dashboard/main.js(1482,20): error TS2584: Cannot find name 'document'. Do you need to change your target library? Try changing the 'lib' compiler option to include 'dom'.
coming-soon/js-es2018/dashboard/main.js(1486,21): error TS2584: Cannot find name 'document'. Do you need to change your target library? Try changing the 'lib' compiler option to include 'dom'.
coming-soon/js-es2018/dashboard/main.js(1488,31): error TS2584: Cannot find name 'document'. Do you need to change your target library? Try changing the 'lib' compiler option to include 'dom'.
coming-soon/js-es2018/dashboard/main.js(1516,22): error TS2339: Property 'success' does not exist on type 'unknown'.
coming-soon/js-es2018/dashboard/main.js(1516,38): error TS2339: Property 'token' does not exist on type 'unknown'.
coming-soon/js-es2018/dashboard/main.js(1517,43): error TS2339: Property 'token' does not exist on type 'unknown'.
coming-soon/js-es2018/dashboard/main.js(1518,44): error TS2339: Property 'token' does not exist on type 'unknown'.
coming-soon/js-es2018/dashboard/main.js(1525,21): error TS2304: Cannot find name 'history'.
coming-soon/js-es2018/dashboard/main.js(1525,88): error TS2339: Property 'token' does not exist on type 'unknown'.
coming-soon/js-es2018/dashboard/main.js(1534,67): error TS2339: Property 'error' does not exist on type 'unknown'.
coming-soon/js-es2018/dashboard/main.js(1550,24): error TS2584: Cannot find name 'document'. Do you need to change your target library? Try changing the 'lib' compiler option to include 'dom'.
coming-soon/js-es2018/dashboard/main.js(1609,13): error TS2588: Cannot assign to 'accountTokens' because it is a constant.
coming-soon/js-es2018/dashboard/main.js(1617,26): error TS2584: Cannot find name 'document'. Do you need to change your target library? Try changing the 'lib' compiler option to include 'dom'.
coming-soon/js-es2018/dashboard/main.js(1651,21): error TS2584: Cannot find name 'document'. Do you need to change your target library? Try changing the 'lib' compiler option to include 'dom'.
coming-soon/js-es2018/dashboard/main.js(1657,19): error TS2584: Cannot find name 'document'. Do you need to change your target library? Try changing the 'lib' compiler option to include 'dom'.
coming-soon/js-es2018/dashboard/main.js(1658,19): error TS2584: Cannot find name 'document'. Do you need to change your target library? Try changing the 'lib' compiler option to include 'dom'.
coming-soon/js-es2018/dashboard/main.js(1659,19): error TS2584: Cannot find name 'document'. Do you need to change your target library? Try changing the 'lib' compiler option to include 'dom'.
coming-soon/js-es2018/dashboard/main.js(1660,19): error TS2584: Cannot find name 'document'. Do you need to change your target library? Try changing the 'lib' compiler option to include 'dom'.
coming-soon/js-es2018/dashboard/main.js(1661,19): error TS2584: Cannot find name 'document'. Do you need to change your target library? Try changing the 'lib' compiler option to include 'dom'.
coming-soon/js-es2018/dashboard/main.js(1778,31): error TS2339: Property 'renderPreview' does not exist on type 'typeof window'.
coming-soon/js-es2018/dashboard/main.js(1779,24): error TS2339: Property 'renderPreview' does not exist on type 'typeof window'.
coming-soon/js-es2018/dashboard/main.js(1786,34): error TS2584: Cannot find name 'document'. Do you need to change your target library? Try changing the 'lib' compiler option to include 'dom'.
coming-soon/js-es2018/dashboard/main.js(1796,18): error TS2584: Cannot find name 'document'. Do you need to change your target library? Try changing the 'lib' compiler option to include 'dom'.
coming-soon/js-es2018/dashboard/main.js(1801,16): error TS2339: Property '_scanPreviewData' does not exist on type 'typeof window'.
coming-soon/js-es2018/dashboard/main.js(1802,16): error TS2339: Property '_scanPreviewModules' does not exist on type 'typeof window'.
coming-soon/js-es2018/dashboard/main.js(1818,35): error TS2584: Cannot find name 'document'. Do you need to change your target library? Try changing the 'lib' compiler option to include 'dom'.
coming-soon/js-es2018/dashboard/main.js(1822,29): error TS2584: Cannot find name 'document'. Do you need to change your target library? Try changing the 'lib' compiler option to include 'dom'.
coming-soon/js-es2018/dashboard/main.js(1827,24): error TS2584: Cannot find name 'document'. Do you need to change your target library? Try changing the 'lib' compiler option to include 'dom'.
coming-soon/js-es2018/dashboard/main.js(1857,27): error TS2584: Cannot find name 'document'. Do you need to change your target library? Try changing the 'lib' compiler option to include 'dom'.
coming-soon/js-es2018/dashboard/main.js(1860,32): error TS2584: Cannot find name 'document'. Do you need to change your target library? Try changing the 'lib' compiler option to include 'dom'.
coming-soon/js-es2018/dashboard/main.js(1869,32): error TS2584: Cannot find name 'document'. Do you need to change your target library? Try changing the 'lib' compiler option to include 'dom'.
coming-soon/js-es2018/dashboard/main.js(1884,1): error TS2584: Cannot find name 'document'. Do you need to change your target library? Try changing the 'lib' compiler option to include 'dom'.
coming-soon/js-es2018/dashboard/main.js(1903,23): error TS2584: Cannot find name 'document'. Do you need to change your target library? Try changing the 'lib' compiler option to include 'dom'.
coming-soon/js-es2018/dashboard/main.js(1928,28): error TS2584: Cannot find name 'document'. Do you need to change your target library? Try changing the 'lib' compiler option to include 'dom'.
coming-soon/js-es2018/dashboard/main.js(1929,28): error TS2584: Cannot find name 'document'. Do you need to change your target library? Try changing the 'lib' compiler option to include 'dom'.
coming-soon/js-es2018/dashboard/main.js(1930,27): error TS2584: Cannot find name 'document'. Do you need to change your target library? Try changing the 'lib' compiler option to include 'dom'.
coming-soon/js-es2018/dashboard/main.js(1935,24): error TS2584: Cannot find name 'document'. Do you need to change your target library? Try changing the 'lib' compiler option to include 'dom'.
coming-soon/js-es2018/dashboard/main.js(1956,41): error TS2339: Property 'renderPreview' does not exist on type 'typeof window'.
coming-soon/js-es2018/dashboard/main.js(1957,20): error TS2339: Property 'renderPreview' does not exist on type 'typeof window'.
coming-soon/js-es2018/dashboard/main.js(1991,22): error TS2584: Cannot find name 'document'. Do you need to change your target library? Try changing the 'lib' compiler option to include 'dom'.
coming-soon/js-es2018/dashboard/main.js(1992,21): error TS2584: Cannot find name 'document'. Do you need to change your target library? Try changing the 'lib' compiler option to include 'dom'.
coming-soon/js-es2018/dashboard/main.js(1993,23): error TS2584: Cannot find name 'document'. Do you need to change your target library? Try changing the 'lib' compiler option to include 'dom'.
coming-soon/js-es2018/dashboard/main.js(1994,22): error TS2584: Cannot find name 'document'. Do you need to change your target library? Try changing the 'lib' compiler option to include 'dom'.
coming-soon/js-es2018/dashboard/main.js(2017,28): error TS2584: Cannot find name 'document'. Do you need to change your target library? Try changing the 'lib' compiler option to include 'dom'.
coming-soon/js-es2018/dashboard/main.js(2018,26): error TS2584: Cannot find name 'document'. Do you need to change your target library? Try changing the 'lib' compiler option to include 'dom'.
coming-soon/js-es2018/dashboard/main.js(2021,19): error TS2339: Property 'clipboard' does not exist on type 'Navigator'.
coming-soon/js-es2018/dashboard/main.js(2029,25): error TS2584: Cannot find name 'document'. Do you need to change your target library? Try changing the 'lib' compiler option to include 'dom'.
coming-soon/js-es2018/dashboard/main.js(2030,24): error TS2584: Cannot find name 'document'. Do you need to change your target library? Try changing the 'lib' compiler option to include 'dom'.
coming-soon/js-es2018/dashboard/main.js(2031,26): error TS2584: Cannot find name 'document'. Do you need to change your target library? Try changing the 'lib' compiler option to include 'dom'.
coming-soon/js-es2018/dashboard/main.js(2032,25): error TS2584: Cannot find name 'document'. Do you need to change your target library? Try changing the 'lib' compiler option to include 'dom'.
coming-soon/js-es2018/dashboard/main.js(2066,43): error TS2339: Property 'isSecureContext' does not exist on type 'typeof window'.
coming-soon/js-es2018/dashboard/main.js(2067,18): error TS2339: Property 'isSecureContext' does not exist on type 'typeof window'.
coming-soon/js-es2018/dashboard/main.js(2068,11): error TS2304: Cannot find name 'location'.
coming-soon/js-es2018/dashboard/main.js(2068,45): error TS2304: Cannot find name 'location'.
coming-soon/js-es2018/dashboard/main.js(2068,82): error TS2304: Cannot find name 'location'.
coming-soon/js-es2018/dashboard/main.js(2069,16): error TS2304: Cannot find name 'showDirectoryPicker'.
coming-soon/js-es2018/dashboard/main.js(2078,9): error TS2304: Cannot find name 'showDirectoryPicker'.
coming-soon/js-es2018/dashboard/main.js(2119,25): error TS2584: Cannot find name 'document'. Do you need to change your target library? Try changing the 'lib' compiler option to include 'dom'.
coming-soon/js-es2018/dashboard/main.js(2160,31): error TS2584: Cannot find name 'document'. Do you need to change your target library? Try changing the 'lib' compiler option to include 'dom'.
coming-soon/js-es2018/dashboard/main.js(2278,30): error TS2584: Cannot find name 'document'. Do you need to change your target library? Try changing the 'lib' compiler option to include 'dom'.
coming-soon/js-es2018/dashboard/main.js(2339,39): error TS2584: Cannot find name 'document'. Do you need to change your target library? Try changing the 'lib' compiler option to include 'dom'.
coming-soon/js-es2018/dashboard/main.js(2351,21): error TS2584: Cannot find name 'document'. Do you need to change your target library? Try changing the 'lib' compiler option to include 'dom'.
coming-soon/js-es2018/dashboard/main.js(2354,13): error TS2584: Cannot find name 'document'. Do you need to change your target library? Try changing the 'lib' compiler option to include 'dom'.
coming-soon/js-es2018/dashboard/main.js(2360,13): error TS2584: Cannot find name 'document'. Do you need to change your target library? Try changing the 'lib' compiler option to include 'dom'.
coming-soon/js-es2018/dashboard/main.js(2398,20): error TS2339: Property '_scanPreviewData' does not exist on type 'typeof window'.
coming-soon/js-es2018/dashboard/main.js(2399,20): error TS2339: Property '_scanPreviewModules' does not exist on type 'typeof window'.
coming-soon/js-es2018/dashboard/main.js(2405,31): error TS2339: Property 'processLocalCLIScan' does not exist on type 'typeof window'.
coming-soon/js-es2018/dashboard/main.js(2406,30): error TS2339: Property 'processLocalCLIScan' does not exist on type 'typeof window'.
coming-soon/js-es2018/dashboard/main.js(2410,1): error TS2584: Cannot find name 'document'. Do you need to change your target library? Try changing the 'lib' compiler option to include 'dom'.
coming-soon/js-es2018/dashboard/main.js(2413,26): error TS2584: Cannot find name 'document'. Do you need to change your target library? Try changing the 'lib' compiler option to include 'dom'.
coming-soon/js-es2018/dashboard/main.js(2427,20): error TS2584: Cannot find name 'document'. Do you need to change your target library? Try changing the 'lib' compiler option to include 'dom'.
coming-soon/js-es2018/dashboard/main.js(2428,19): error TS2584: Cannot find name 'document'. Do you need to change your target library? Try changing the 'lib' compiler option to include 'dom'.
coming-soon/js-es2018/dashboard/main.js(2537,24): error TS2304: Cannot find name 'FileReader'.
coming-soon/js-es2018/dashboard/main.js(2544,31): error TS2339: Property 'renderPreview' does not exist on type 'typeof window'.
coming-soon/js-es2018/dashboard/main.js(2545,24): error TS2339: Property 'renderPreview' does not exist on type 'typeof window'.
coming-soon/js-es2018/dashboard/main.js(2550,33): error TS2584: Cannot find name 'document'. Do you need to change your target library? Try changing the 'lib' compiler option to include 'dom'.
coming-soon/js-es2018/dashboard/main.js(2561,13): error TS2584: Cannot find name 'document'. Do you need to change your target library? Try changing the 'lib' compiler option to include 'dom'.
coming-soon/js-es2018/dashboard/main.js(2720,17): error TS2339: Property 'scanId' does not exist on type '{}'.
coming-soon/js-es2018/dashboard/main.js(2731,22): error TS2339: Property 'status' does not exist on type 'unknown'.
coming-soon/js-es2018/dashboard/main.js(2732,34): error TS2339: Property 'percent' does not exist on type 'unknown'.
coming-soon/js-es2018/dashboard/main.js(2733,83): error TS2339: Property 'current' does not exist on type 'unknown'.
coming-soon/js-es2018/dashboard/main.js(2733,111): error TS2339: Property 'total' does not exist on type 'unknown'.
coming-soon/js-es2018/dashboard/main.js(2736,22): error TS2339: Property 'status' does not exist on type 'unknown'.
coming-soon/js-es2018/dashboard/main.js(2737,67): error TS2339: Property 'error' does not exist on type 'unknown'.
coming-soon/js-es2018/dashboard/main.js(2740,22): error TS2339: Property 'status' does not exist on type 'unknown'.
coming-soon/js-es2018/dashboard/main.js(2742,26): error TS2339: Property 'reportJson' does not exist on type 'unknown'.
coming-soon/js-es2018/dashboard/main.js(2743,39): error TS2339: Property 'reportJson' does not exist on type 'unknown'.
coming-soon/js-es2018/dashboard/main.js(2744,39): error TS2339: Property 'renderPreview' does not exist on type 'typeof window'.
coming-soon/js-es2018/dashboard/main.js(2745,32): error TS2339: Property 'renderPreview' does not exist on type 'typeof window'.
coming-soon/js-es2018/dashboard/main.js(2749,37): error TS2584: Cannot find name 'document'. Do you need to change your target library? Try changing the 'lib' compiler option to include 'dom'.
coming-soon/js-es2018/dashboard/main.js(2783,29): error TS2339: Property 'report' does not exist on type 'unknown'.
coming-soon/js-es2018/dashboard/main.js(2786,16): error TS2339: Property '_scanPreviewData' does not exist on type 'typeof window'.
coming-soon/js-es2018/dashboard/main.js(2787,16): error TS2339: Property '_scanPreviewModules' does not exist on type 'typeof window'.
coming-soon/js-es2018/dashboard/main.js(2793,9): error TS2304: Cannot find name 'renderFullReport'.
coming-soon/js-es2018/dashboard/main.js(2837,23): error TS2339: Property 'processLocalCLIScan' does not exist on type 'typeof window'.
coming-soon/js-es2018/dashboard/main.js(2843,12): error TS2339: Property '_scanPreviewData' does not exist on type 'typeof window'.
coming-soon/js-es2018/dashboard/main.js(2844,12): error TS2339: Property '_scanPreviewModules' does not exist on type 'typeof window'.
coming-soon/js-es2018/dashboard/main.js(2852,22): error TS2339: Property 'processLocalCLIScan' does not exist on type 'typeof window'.
coming-soon/js-es2018/dashboard/main.js(2870,20): error TS2339: Property 'processLocalCLIScan' does not exist on type 'typeof window'.
coming-soon/js-es2018/dashboard/main.js(2949,31): error TS2339: Property 'renderPreview' does not exist on type 'typeof window'.
coming-soon/js-es2018/dashboard/main.js(2950,24): error TS2339: Property 'renderPreview' does not exist on type 'typeof window'.
coming-soon/js-es2018/dashboard/main.js(2973,25): error TS2584: Cannot find name 'document'. Do you need to change your target library? Try changing the 'lib' compiler option to include 'dom'.
coming-soon/js-es2018/dashboard/main.js(2974,21): error TS2584: Cannot find name 'document'. Do you need to change your target library? Try changing the 'lib' compiler option to include 'dom'.
coming-soon/js-es2018/dashboard/main.js(2975,22): error TS2584: Cannot find name 'document'. Do you need to change your target library? Try changing the 'lib' compiler option to include 'dom'.
coming-soon/js-es2018/dashboard/main.js(2976,32): error TS2584: Cannot find name 'document'. Do you need to change your target library? Try changing the 'lib' compiler option to include 'dom'.
coming-soon/js-es2018/dashboard/main.js(2977,26): error TS2584: Cannot find name 'document'. Do you need to change your target library? Try changing the 'lib' compiler option to include 'dom'.
coming-soon/js-es2018/dashboard/main.js(2980,18): error TS2584: Cannot find name 'document'. Do you need to change your target library? Try changing the 'lib' compiler option to include 'dom'.
coming-soon/js-es2018/dashboard/main.js(3029,20): error TS2304: Cannot find name 'openCertCredentialsModal'.
coming-soon/js-es2018/dashboard/main.js(3030,13): error TS2304: Cannot find name 'openCertCredentialsModal'.
coming-soon/js-es2018/dashboard/main.js(3036,23): error TS2584: Cannot find name 'document'. Do you need to change your target library? Try changing the 'lib' compiler option to include 'dom'.
coming-soon/js-es2018/dashboard/main.js(3039,20): error TS2304: Cannot find name 'openCertCredentialsModal'.
coming-soon/js-es2018/dashboard/main.js(3040,13): error TS2304: Cannot find name 'openCertCredentialsModal'.
coming-soon/js-es2018/dashboard/main.js(3050,25): error TS2584: Cannot find name 'document'. Do you need to change your target library? Try changing the 'lib' compiler option to include 'dom'.
coming-soon/js-es2018/dashboard/main.js(3054,25): error TS2304: Cannot find name 'confirm'.
coming-soon/js-es2018/dashboard/main.js(3064,29): error TS2584: Cannot find name 'document'. Do you need to change your target library? Try changing the 'lib' compiler option to include 'dom'.
coming-soon/js-es2018/dashboard/main.js(3084,21): error TS2584: Cannot find name 'document'. Do you need to change your target library? Try changing the 'lib' compiler option to include 'dom'.
coming-soon/js-es2018/dashboard/main.js(3089,19): error TS2339: Property 'clipboard' does not exist on type 'Navigator'.
coming-soon/js-es2018/dashboard/main.js(3097,28): error TS2584: Cannot find name 'document'. Do you need to change your target library? Try changing the 'lib' compiler option to include 'dom'.
coming-soon/js-es2018/dashboard/main.js(3109,23): error TS2584: Cannot find name 'document'. Do you need to change your target library? Try changing the 'lib' compiler option to include 'dom'.
coming-soon/js-es2018/dashboard/main.js(3115,1): error TS2584: Cannot find name 'document'. Do you need to change your target library? Try changing the 'lib' compiler option to include 'dom'.
coming-soon/js-es2018/dashboard/main.js(3117,21): error TS2584: Cannot find name 'document'. Do you need to change your target library? Try changing the 'lib' compiler option to include 'dom'.
coming-soon/js-es2018/dashboard/main.js(3124,1): error TS2584: Cannot find name 'document'. Do you need to change your target library? Try changing the 'lib' compiler option to include 'dom'.
coming-soon/js-es2018/dashboard/main.js(3128,36): error TS2339: Property '_tokenPayload' does not exist on type 'typeof window'.
coming-soon/js-es2018/dashboard/main.js(3128,114): error TS2339: Property '_tokenPayload' does not exist on type 'typeof window'.
coming-soon/js-es2018/dashboard/main.js(3186,27): error TS2584: Cannot find name 'document'. Do you need to change your target library? Try changing the 'lib' compiler option to include 'dom'.
coming-soon/js-es2018/dashboard/main.js(3204,26): error TS2584: Cannot find name 'document'. Do you need to change your target library? Try changing the 'lib' compiler option to include 'dom'.
coming-soon/js-es2018/dashboard/main.js(3215,27): error TS2584: Cannot find name 'document'. Do you need to change your target library? Try changing the 'lib' compiler option to include 'dom'.
coming-soon/js-es2018/dashboard/main.js(3218,30): error TS2584: Cannot find name 'document'. Do you need to change your target library? Try changing the 'lib' compiler option to include 'dom'.
coming-soon/js-es2018/dashboard/main.js(3230,26): error TS2584: Cannot find name 'document'. Do you need to change your target library? Try changing the 'lib' compiler option to include 'dom'.
coming-soon/js-es2018/dashboard/main.js(3249,38): error TS2584: Cannot find name 'document'. Do you need to change your target library? Try changing the 'lib' compiler option to include 'dom'.
coming-soon/js-es2018/dashboard/main.js(3271,17): error TS2584: Cannot find name 'document'. Do you need to change your target library? Try changing the 'lib' compiler option to include 'dom'.
coming-soon/js-es2018/dashboard/main.js(3290,27): error TS2339: Property 'renderPreview' does not exist on type 'typeof window'.
coming-soon/js-es2018/dashboard/main.js(3291,20): error TS2339: Property 'renderPreview' does not exist on type 'typeof window'.
coming-soon/js-es2018/dashboard/main.js(3295,124): error TS2339: Property 'totalFiles' does not exist on type 'unknown'.
coming-soon/js-es2018/dashboard/main.js(3295,145): error TS2339: Property 'filesAnalyzed' does not exist on type 'unknown'.
coming-soon/js-es2018/dashboard/main.js(3295,189): error TS2339: Property 'qualityScore' does not exist on type 'unknown'.
coming-soon/js-es2018/dashboard/main.js(3295,219): error TS2339: Property 'qualityScore' does not exist on type 'unknown'.
coming-soon/js-es2018/dashboard/main.js(3296,52): error TS2339: Property 'totalFiles' does not exist on type 'unknown'.
coming-soon/js-es2018/dashboard/main.js(3296,73): error TS2339: Property 'filesAnalyzed' does not exist on type 'unknown'.
coming-soon/js-es2018/dashboard/main.js(3314,34): error TS2304: Cannot find name 'location'.
coming-soon/js-es2018/dashboard/main.js(3329,28): error TS2584: Cannot find name 'document'. Do you need to change your target library? Try changing the 'lib' compiler option to include 'dom'.
coming-soon/js-es2018/dashboard/main.js(3330,26): error TS2584: Cannot find name 'document'. Do you need to change your target library? Try changing the 'lib' compiler option to include 'dom'.
coming-soon/js-es2018/dashboard/main.js(3331,31): error TS2584: Cannot find name 'document'. Do you need to change your target library? Try changing the 'lib' compiler option to include 'dom'.
coming-soon/js-es2018/dashboard/main.js(3347,18): error TS2584: Cannot find name 'document'. Do you need to change your target library? Try changing the 'lib' compiler option to include 'dom'.
coming-soon/js-es2018/dashboard/main.js(3350,18): error TS2584: Cannot find name 'document'. Do you need to change your target library? Try changing the 'lib' compiler option to include 'dom'.
coming-soon/js-es2018/dashboard/main.js(3375,23): error TS2584: Cannot find name 'document'. Do you need to change your target library? Try changing the 'lib' compiler option to include 'dom'.
coming-soon/js-es2018/dashboard/main.js(3401,25): error TS2584: Cannot find name 'document'. Do you need to change your target library? Try changing the 'lib' compiler option to include 'dom'.
coming-soon/js-es2018/dashboard/main.js(3402,25): error TS2584: Cannot find name 'document'. Do you need to change your target library? Try changing the 'lib' compiler option to include 'dom'.
coming-soon/js-es2018/dashboard/main.js(3403,23): error TS2584: Cannot find name 'document'. Do you need to change your target library? Try changing the 'lib' compiler option to include 'dom'.
coming-soon/js-es2018/dashboard/main.js(3404,18): error TS2584: Cannot find name 'document'. Do you need to change your target library? Try changing the 'lib' compiler option to include 'dom'.
coming-soon/js-es2018/dashboard/main.js(3466,99): error TS2339: Property 'scanId' does not exist on type 'unknown'.
coming-soon/js-es2018/dashboard/main.js(3481,120): error TS2339: Property 'totalFiles' does not exist on type 'unknown'.
coming-soon/js-es2018/dashboard/main.js(3481,140): error TS2339: Property 'totalFiles' does not exist on type 'unknown'.
coming-soon/js-es2018/dashboard/main.js(3481,197): error TS2339: Property 'qualityScore' does not exist on type 'unknown'.
coming-soon/js-es2018/dashboard/main.js(3481,227): error TS2339: Property 'qualityScore' does not exist on type 'unknown'.
coming-soon/js-es2018/dashboard/main.js(3483,27): error TS2339: Property 'renderPreview' does not exist on type 'typeof window'.
coming-soon/js-es2018/dashboard/main.js(3484,20): error TS2339: Property 'renderPreview' does not exist on type 'typeof window'.
coming-soon/js-es2018/dashboard/main.js(3488,50): error TS2339: Property 'totalFiles' does not exist on type 'unknown'.
coming-soon/js-es2018/dashboard/main.js(3488,70): error TS2339: Property 'totalFiles' does not exist on type 'unknown'.
coming-soon/js-es2018/dashboard/main.js(3499,19): error TS2584: Cannot find name 'document'. Do you need to change your target library? Try changing the 'lib' compiler option to include 'dom'.
coming-soon/js-es2018/dashboard/main.js(3502,23): error TS2584: Cannot find name 'document'. Do you need to change your target library? Try changing the 'lib' compiler option to include 'dom'.
coming-soon/js-es2018/dashboard/main.js(3506,5): error TS2584: Cannot find name 'document'. Do you need to change your target library? Try changing the 'lib' compiler option to include 'dom'.
coming-soon/js-es2018/dashboard/main.js(3507,45): error TS2304: Cannot find name 'copyToClipboard'.
coming-soon/js-es2018/dashboard/main.js(3509,40): error TS2584: Cannot find name 'document'. Do you need to change your target library? Try changing the 'lib' compiler option to include 'dom'.
coming-soon/js-es2018/dashboard/main.js(3513,26): error TS2584: Cannot find name 'document'. Do you need to change your target library? Try changing the 'lib' compiler option to include 'dom'.
coming-soon/js-es2018/dashboard/main.js(3518,26): error TS2584: Cannot find name 'document'. Do you need to change your target library? Try changing the 'lib' compiler option to include 'dom'.
coming-soon/js-es2018/dashboard/main.js(3522,17): error TS2304: Cannot find name 'toggleModuleDropdown'.
coming-soon/js-es2018/dashboard/main.js(3528,17): error TS2304: Cannot find name 'toggleModuleDropdown'.
coming-soon/js-es2018/dashboard/main.js(3532,5): error TS2584: Cannot find name 'document'. Do you need to change your target library? Try changing the 'lib' compiler option to include 'dom'.
coming-soon/js-es2018/dashboard/main.js(3537,28): error TS2584: Cannot find name 'document'. Do you need to change your target library? Try changing the 'lib' compiler option to include 'dom'.
coming-soon/js-es2018/dashboard/main.js(3540,13): error TS2584: Cannot find name 'document'. Do you need to change your target library? Try changing the 'lib' compiler option to include 'dom'.
coming-soon/js-es2018/dashboard/main.js(3541,13): error TS2584: Cannot find name 'document'. Do you need to change your target library? Try changing the 'lib' compiler option to include 'dom'.
coming-soon/js-es2018/dashboard/main.js(3544,25): error TS2584: Cannot find name 'document'. Do you need to change your target library? Try changing the 'lib' compiler option to include 'dom'.
coming-soon/js-es2018/dashboard/main.js(3555,17): error TS2584: Cannot find name 'document'. Do you need to change your target library? Try changing the 'lib' compiler option to include 'dom'.
coming-soon/js-es2018/dashboard/main.js(3567,22): error TS2584: Cannot find name 'document'. Do you need to change your target library? Try changing the 'lib' compiler option to include 'dom'.
coming-soon/js-es2018/dashboard/main.js(3576,5): error TS2584: Cannot find name 'document'. Do you need to change your target library? Try changing the 'lib' compiler option to include 'dom'.
coming-soon/js-es2018/dashboard/main.js(3577,5): error TS2584: Cannot find name 'document'. Do you need to change your target library? Try changing the 'lib' compiler option to include 'dom'.
coming-soon/js-es2018/dashboard/main.js(3587,41): error TS2339: Property 'currentReport' does not exist on type 'typeof window'.
coming-soon/js-es2018/dashboard/main.js(3587,80): error TS2339: Property 'currentReport' does not exist on type 'typeof window'.
coming-soon/js-es2018/dashboard/main.js(3587,120): error TS2339: Property 'lastScanReport' does not exist on type 'typeof window'.
coming-soon/js-es2018/dashboard/main.js(3587,160): error TS2339: Property 'lastScanReport' does not exist on type 'typeof window'.
coming-soon/js-es2018/dashboard/main.js(3594,31): error TS2339: Property '__postReportToVsCode' does not exist on type 'typeof window'.
coming-soon/js-es2018/dashboard/main.js(3595,24): error TS2339: Property '__postReportToVsCode' does not exist on type 'typeof window'.
coming-soon/js-es2018/dashboard/main.js(3609,51): error TS2339: Property 'location' does not exist on type 'typeof window'.
coming-soon/js-es2018/dashboard/main.js(3622,31): error TS2339: Property 'renderPreview' does not exist on type 'typeof window'.
coming-soon/js-es2018/dashboard/main.js(3623,24): error TS2339: Property 'renderPreview' does not exist on type 'typeof window'.
coming-soon/js-es2018/dashboard/main.js(3624,33): error TS2584: Cannot find name 'document'. Do you need to change your target library? Try changing the 'lib' compiler option to include 'dom'.
coming-soon/js-es2018/dashboard/phase-registry.js(158,12): error TS2339: Property 'PHASE_REGISTRY' does not exist on type 'typeof window'.
coming-soon/js-es2018/dashboard/phase-registry.js(159,12): error TS2339: Property 'computePhaseMetrics' does not exist on type 'typeof window'.
coming-soon/js-es2018/dashboard/scanner-engine.js(449,7): error TS2451: Cannot redeclare block-scoped variable 'REPORT_SECTION_SCHEMA'.
coming-soon/js-es2018/dashboard/scanner-engine.js(584,7): error TS2451: Cannot redeclare block-scoped variable 'CATEGORY_COLLECTORS'.
coming-soon/js-es2018/dashboard/scanner-engine.js(1208,12): error TS2339: Property '_scanPreviewData' does not exist on type 'typeof window'.
coming-soon/js-es2018/dashboard/scanner-engine.js(1209,12): error TS2339: Property '_scanPreviewModules' does not exist on type 'typeof window'.
coming-soon/js-es2018/dashboard/scanner-engine.js(1212,31): error TS2584: Cannot find name 'document'. Do you need to change your target library? Try changing the 'lib' compiler option to include 'dom'.
coming-soon/js-es2018/dashboard/scanner-engine.js(1335,23): error TS2584: Cannot find name 'document'. Do you need to change your target library? Try changing the 'lib' compiler option to include 'dom'.
coming-soon/js-es2018/dashboard/scanner-engine.js(1345,28): error TS2584: Cannot find name 'document'. Do you need to change your target library? Try changing the 'lib' compiler option to include 'dom'.
coming-soon/js-es2018/dashboard/scanner-engine.js(1350,28): error TS2584: Cannot find name 'document'. Do you need to change your target library? Try changing the 'lib' compiler option to include 'dom'.
coming-soon/js-es2018/dashboard/scanner-engine.js(1364,27): error TS2584: Cannot find name 'document'. Do you need to change your target library? Try changing the 'lib' compiler option to include 'dom'.
coming-soon/js-es2018/dashboard/scanner-engine.js(1367,17): error TS2584: Cannot find name 'document'. Do you need to change your target library? Try changing the 'lib' compiler option to include 'dom'.
coming-soon/js-es2018/dashboard/scanner-engine.js(1369,17): error TS2584: Cannot find name 'document'. Do you need to change your target library? Try changing the 'lib' compiler option to include 'dom'.
coming-soon/js-es2018/dashboard/scanner-engine.js(1378,24): error TS2584: Cannot find name 'document'. Do you need to change your target library? Try changing the 'lib' compiler option to include 'dom'.
coming-soon/js-es2018/dashboard/scanner-engine.js(1382,24): error TS2584: Cannot find name 'document'. Do you need to change your target library? Try changing the 'lib' compiler option to include 'dom'.
coming-soon/js-es2018/dashboard/scanner-engine.js(1401,27): error TS2339: Property 'clipboard' does not exist on type 'Navigator'.
coming-soon/js-es2018/dashboard/scanner-engine.js(1401,50): error TS2339: Property 'clipboard' does not exist on type 'Navigator'.
coming-soon/js-es2018/dashboard/scanner-engine.js(1402,27): error TS2339: Property 'clipboard' does not exist on type 'Navigator'.
coming-soon/js-es2018/dashboard/scanner-engine.js(1414,24): error TS2584: Cannot find name 'document'. Do you need to change your target library? Try changing the 'lib' compiler option to include 'dom'.
coming-soon/js-es2018/dashboard/scanner-engine.js(1418,13): error TS2584: Cannot find name 'document'. Do you need to change your target library? Try changing the 'lib' compiler option to include 'dom'.
coming-soon/js-es2018/dashboard/scanner-engine.js(1421,24): error TS2584: Cannot find name 'document'. Do you need to change your target library? Try changing the 'lib' compiler option to include 'dom'.
coming-soon/js-es2018/dashboard/scanner-engine.js(1422,13): error TS2584: Cannot find name 'document'. Do you need to change your target library? Try changing the 'lib' compiler option to include 'dom'.
coming-soon/js-es2018/dashboard/scanner-engine.js(1437,36): error TS2339: Property '_tokenPayload' does not exist on type 'typeof window'.
coming-soon/js-es2018/dashboard/scanner-engine.js(1437,114): error TS2339: Property '_tokenPayload' does not exist on type 'typeof window'.
coming-soon/js-es2018/dashboard/scanner-engine.js(1441,35): error TS2584: Cannot find name 'document'. Do you need to change your target library? Try changing the 'lib' compiler option to include 'dom'.
coming-soon/js-es2018/dashboard/scanner-engine.js(1447,36): error TS2584: Cannot find name 'document'. Do you need to change your target library? Try changing the 'lib' compiler option to include 'dom'.
coming-soon/js-es2018/dashboard/scanner-engine.js(1448,33): error TS2584: Cannot find name 'document'. Do you need to change your target library? Try changing the 'lib' compiler option to include 'dom'.
coming-soon/js-es2018/dashboard/scanner-engine.js(1623,53): error TS2339: Property '_scanOptions' does not exist on type 'typeof window'.
coming-soon/js-es2018/dashboard/scanner-engine.js(1680,31): error TS2584: Cannot find name 'document'. Do you need to change your target library? Try changing the 'lib' compiler option to include 'dom'.
coming-soon/js-es2018/dashboard/scanner-engine.js(1740,50): error TS2304: Cannot find name 'Worker'.
coming-soon/js-es2018/dashboard/scanner-engine.js(1742,34): error TS2304: Cannot find name 'Worker'.
coming-soon/js-es2018/dashboard/scanner-engine.js(1841,36): error TS2304: Cannot find name 'FileReader'.
coming-soon/js-es2018/dashboard/scanner-engine.js(2737,27): error TS2339: Property 'reportType' does not exist on type '{ label: string; help: string; note: string; reportType: string; title: string; checkAi: boolean; checkCredentials: boolean; checkDebug: number; checkGov: boolean; checkEuAi: boolean; checkAiResidue: boolean; } | { ...; }'.
  Property 'reportType' does not exist on type '{ label: string; checkAi: true; checkCredentials: true; checkDebug: boolean; checkGov: true; checkAiResidue: true; }'.
coming-soon/js-es2018/dashboard/scanner-engine.js(2743,32): error TS2551: Property 'checkEuAi' does not exist on type '{ label: string; help: string; note: string; reportType: string; title: string; checkAi: boolean; checkCredentials: boolean; checkDebug: number; checkGov: boolean; checkEuAi: boolean; checkAiResidue: boolean; } | { ...; }'. Did you mean 'checkAi'?
  Property 'checkEuAi' does not exist on type '{ label: string; checkAi: true; checkCredentials: true; checkDebug: boolean; checkGov: true; checkAiResidue: true; }'.
coming-soon/js-es2018/dashboard/scanner-engine.js(2921,13): error TS1117: An object literal cannot have multiple properties with the same name.
coming-soon/js-es2018/dashboard/scanner-engine.js(3203,28): error TS2339: Property 'title' does not exist on type '{ label: string; help: string; note: string; reportType: string; title: string; checkAi: boolean; checkCredentials: boolean; checkDebug: number; checkGov: boolean; checkEuAi: boolean; checkAiResidue: boolean; } | { ...; }'.
  Property 'title' does not exist on type '{ label: string; checkAi: true; checkCredentials: true; checkDebug: boolean; checkGov: true; checkAiResidue: true; }'.
coming-soon/js-es2018/dashboard/scanner-engine.js(3204,13): error TS1117: An object literal cannot have multiple properties with the same name.
coming-soon/js-es2018/dashboard/scanner-engine.js(3212,13): error TS1117: An object literal cannot have multiple properties with the same name.
coming-soon/js-es2018/dashboard/scanner-engine.js(3253,59): error TS2769: No overload matches this call.
  Overload 1 of 2, '(...items: ConcatArray<{ description: string; type: string; location: any; isStructured: boolean; }>[]): { description: string; type: string; location: any; isStructured: boolean; }[]', gave the following error.
    Argument of type '{ description: string; type: string; codeSnippet: string; isStructured: boolean; }[]' is not assignable to parameter of type 'ConcatArray<{ description: string; type: string; location: any; isStructured: boolean; }>'.
      The types returned by 'slice(...)' are incompatible between these types.
        Type '{ description: string; type: string; codeSnippet: string; isStructured: boolean; }[]' is not assignable to type '{ description: string; type: string; location: any; isStructured: boolean; }[]'.
          Property 'location' is missing in type '{ description: string; type: string; codeSnippet: string; isStructured: boolean; }' but required in type '{ description: string; type: string; location: any; isStructured: boolean; }'.
  Overload 2 of 2, '(...items: ({ description: string; type: string; location: any; isStructured: boolean; } | ConcatArray<{ description: string; type: string; location: any; isStructured: boolean; }>)[]): { ...; }[]', gave the following error.
    Argument of type '{ description: string; type: string; codeSnippet: string; isStructured: boolean; }[]' is not assignable to parameter of type '{ description: string; type: string; location: any; isStructured: boolean; } | ConcatArray<{ description: string; type: string; location: any; isStructured: boolean; }>'.
      Type '{ description: string; type: string; codeSnippet: string; isStructured: boolean; }[]' is not assignable to type 'ConcatArray<{ description: string; type: string; location: any; isStructured: boolean; }>'.
        The types returned by 'slice(...)' are incompatible between these types.
          Type '{ description: string; type: string; codeSnippet: string; isStructured: boolean; }[]' is not assignable to type '{ description: string; type: string; location: any; isStructured: boolean; }[]'.
            Property 'location' is missing in type '{ description: string; type: string; codeSnippet: string; isStructured: boolean; }' but required in type '{ description: string; type: string; location: any; isStructured: boolean; }'.
coming-soon/js-es2018/dashboard/scanner-engine.js(3293,76): error TS2769: No overload matches this call.
  Overload 1 of 2, '(...items: ConcatArray<{ description: string; type: string; location: any; isStructured: boolean; }>[]): { description: string; type: string; location: any; isStructured: boolean; }[]', gave the following error.
    Argument of type '{ description: string; type: string; codeSnippet: string; isStructured: boolean; }[]' is not assignable to parameter of type 'ConcatArray<{ description: string; type: string; location: any; isStructured: boolean; }>'.
      The types returned by 'slice(...)' are incompatible between these types.
        Type '{ description: string; type: string; codeSnippet: string; isStructured: boolean; }[]' is not assignable to type '{ description: string; type: string; location: any; isStructured: boolean; }[]'.
          Property 'location' is missing in type '{ description: string; type: string; codeSnippet: string; isStructured: boolean; }' but required in type '{ description: string; type: string; location: any; isStructured: boolean; }'.
  Overload 2 of 2, '(...items: ({ description: string; type: string; location: any; isStructured: boolean; } | ConcatArray<{ description: string; type: string; location: any; isStructured: boolean; }>)[]): { ...; }[]', gave the following error.
    Argument of type '{ description: string; type: string; codeSnippet: string; isStructured: boolean; }[]' is not assignable to parameter of type '{ description: string; type: string; location: any; isStructured: boolean; } | ConcatArray<{ description: string; type: string; location: any; isStructured: boolean; }>'.
      Type '{ description: string; type: string; codeSnippet: string; isStructured: boolean; }[]' is not assignable to type 'ConcatArray<{ description: string; type: string; location: any; isStructured: boolean; }>'.
        The types returned by 'slice(...)' are incompatible between these types.
          Type '{ description: string; type: string; codeSnippet: string; isStructured: boolean; }[]' is not assignable to type '{ description: string; type: string; location: any; isStructured: boolean; }[]'.
            Property 'location' is missing in type '{ description: string; type: string; codeSnippet: string; isStructured: boolean; }' but required in type '{ description: string; type: string; location: any; isStructured: boolean; }'.
coming-soon/js-es2018/dashboard/scanner-engine.js(3345,85): error TS2769: No overload matches this call.
  Overload 1 of 2, '(...items: ConcatArray<{ description: string; type: string; location: any; isStructured: boolean; }>[]): { description: string; type: string; location: any; isStructured: boolean; }[]', gave the following error.
    Argument of type '({ description: string; type: string; codeSnippet: string; isStructured: boolean; } | { description: string; type: string; isStructured: boolean; })[]' is not assignable to parameter of type 'ConcatArray<{ description: string; type: string; location: any; isStructured: boolean; }>'.
      The types returned by 'slice(...)' are incompatible between these types.
        Type '({ description: string; type: string; codeSnippet: string; isStructured: boolean; } | { description: string; type: string; isStructured: boolean; })[]' is not assignable to type '{ description: string; type: string; location: any; isStructured: boolean; }[]'.
          Type '{ description: string; type: string; codeSnippet: string; isStructured: boolean; } | { description: string; type: string; isStructured: boolean; }' is not assignable to type '{ description: string; type: string; location: any; isStructured: boolean; }'.
            Property 'location' is missing in type '{ description: string; type: string; codeSnippet: string; isStructured: boolean; }' but required in type '{ description: string; type: string; location: any; isStructured: boolean; }'.
  Overload 2 of 2, '(...items: ({ description: string; type: string; location: any; isStructured: boolean; } | ConcatArray<{ description: string; type: string; location: any; isStructured: boolean; }>)[]): { ...; }[]', gave the following error.
    Argument of type '({ description: string; type: string; codeSnippet: string; isStructured: boolean; } | { description: string; type: string; isStructured: boolean; })[]' is not assignable to parameter of type '{ description: string; type: string; location: any; isStructured: boolean; } | ConcatArray<{ description: string; type: string; location: any; isStructured: boolean; }>'.
      Type '({ description: string; type: string; codeSnippet: string; isStructured: boolean; } | { description: string; type: string; isStructured: boolean; })[]' is not assignable to type 'ConcatArray<{ description: string; type: string; location: any; isStructured: boolean; }>'.
        The types returned by 'slice(...)' are incompatible between these types.
          Type '({ description: string; type: string; codeSnippet: string; isStructured: boolean; } | { description: string; type: string; isStructured: boolean; })[]' is not assignable to type '{ description: string; type: string; location: any; isStructured: boolean; }[]'.
            Type '{ description: string; type: string; codeSnippet: string; isStructured: boolean; } | { description: string; type: string; isStructured: boolean; }' is not assignable to type '{ description: string; type: string; location: any; isStructured: boolean; }'.
              Property 'location' is missing in type '{ description: string; type: string; codeSnippet: string; isStructured: boolean; }' but required in type '{ description: string; type: string; location: any; isStructured: boolean; }'.
coming-soon/js-es2018/dashboard/scanner-engine.js(3354,59): error TS2769: No overload matches this call.
  Overload 1 of 2, '(...items: ConcatArray<{ description: string; type: string; location: any; isStructured: boolean; }>[]): { description: string; type: string; location: any; isStructured: boolean; }[]', gave the following error.
    Argument of type '{ description: string; type: string; codeSnippet: string; isStructured: boolean; }[]' is not assignable to parameter of type 'ConcatArray<{ description: string; type: string; location: any; isStructured: boolean; }>'.
      The types returned by 'slice(...)' are incompatible between these types.
        Type '{ description: string; type: string; codeSnippet: string; isStructured: boolean; }[]' is not assignable to type '{ description: string; type: string; location: any; isStructured: boolean; }[]'.
          Property 'location' is missing in type '{ description: string; type: string; codeSnippet: string; isStructured: boolean; }' but required in type '{ description: string; type: string; location: any; isStructured: boolean; }'.
  Overload 2 of 2, '(...items: ({ description: string; type: string; location: any; isStructured: boolean; } | ConcatArray<{ description: string; type: string; location: any; isStructured: boolean; }>)[]): { ...; }[]', gave the following error.
    Argument of type '{ description: string; type: string; codeSnippet: string; isStructured: boolean; }[]' is not assignable to parameter of type '{ description: string; type: string; location: any; isStructured: boolean; } | ConcatArray<{ description: string; type: string; location: any; isStructured: boolean; }>'.
      Type '{ description: string; type: string; codeSnippet: string; isStructured: boolean; }[]' is not assignable to type 'ConcatArray<{ description: string; type: string; location: any; isStructured: boolean; }>'.
        The types returned by 'slice(...)' are incompatible between these types.
          Type '{ description: string; type: string; codeSnippet: string; isStructured: boolean; }[]' is not assignable to type '{ description: string; type: string; location: any; isStructured: boolean; }[]'.
            Property 'location' is missing in type '{ description: string; type: string; codeSnippet: string; isStructured: boolean; }' but required in type '{ description: string; type: string; location: any; isStructured: boolean; }'.
coming-soon/js-es2018/dashboard/scanner-engine.js(3402,13): error TS2584: Cannot find name 'document'. Do you need to change your target library? Try changing the 'lib' compiler option to include 'dom'.
coming-soon/js-es2018/dashboard/scanner-engine.js(3423,32): error TS2584: Cannot find name 'document'. Do you need to change your target library? Try changing the 'lib' compiler option to include 'dom'.
coming-soon/js-es2018/dashboard/scanner-engine.js(3426,29): error TS2584: Cannot find name 'document'. Do you need to change your target library? Try changing the 'lib' compiler option to include 'dom'.
coming-soon/js-es2018/dashboard/scanner-engine.js(3435,27): error TS2584: Cannot find name 'document'. Do you need to change your target library? Try changing the 'lib' compiler option to include 'dom'.
coming-soon/js-es2018/dashboard/scanner-engine.js(3437,26): error TS2584: Cannot find name 'document'. Do you need to change your target library? Try changing the 'lib' compiler option to include 'dom'.
coming-soon/js-es2018/dashboard/scanner-engine.js(3440,26): error TS2584: Cannot find name 'document'. Do you need to change your target library? Try changing the 'lib' compiler option to include 'dom'.
coming-soon/js-es2018/dashboard/scanner-engine.js(3441,27): error TS2584: Cannot find name 'document'. Do you need to change your target library? Try changing the 'lib' compiler option to include 'dom'.
coming-soon/js-es2018/dashboard/scanner-engine.js(3444,25): error TS2584: Cannot find name 'document'. Do you need to change your target library? Try changing the 'lib' compiler option to include 'dom'.
coming-soon/js-es2018/dashboard/scanner-engine.js(3451,25): error TS2584: Cannot find name 'document'. Do you need to change your target library? Try changing the 'lib' compiler option to include 'dom'.
coming-soon/js-es2018/dashboard/scanner-engine.js(3453,25): error TS2584: Cannot find name 'document'. Do you need to change your target library? Try changing the 'lib' compiler option to include 'dom'.
coming-soon/js-es2018/dashboard/scanner-engine.js(3456,21): error TS2584: Cannot find name 'document'. Do you need to change your target library? Try changing the 'lib' compiler option to include 'dom'.
coming-soon/js-es2018/dashboard/scanner-engine.js(3461,29): error TS2584: Cannot find name 'document'. Do you need to change your target library? Try changing the 'lib' compiler option to include 'dom'.
coming-soon/js-es2018/dashboard/scanner-engine.js(3465,25): error TS2584: Cannot find name 'document'. Do you need to change your target library? Try changing the 'lib' compiler option to include 'dom'.
coming-soon/js-es2018/dashboard/scanner-engine.js(3468,33): error TS2584: Cannot find name 'document'. Do you need to change your target library? Try changing the 'lib' compiler option to include 'dom'.
coming-soon/js-es2018/dashboard/scanner-engine.js(3473,9): error TS2584: Cannot find name 'document'. Do you need to change your target library? Try changing the 'lib' compiler option to include 'dom'.
coming-soon/js-es2018/dashboard/scanner-engine.js(3476,23): error TS2584: Cannot find name 'document'. Do you need to change your target library? Try changing the 'lib' compiler option to include 'dom'.
coming-soon/js-es2018/dashboard/scanner-engine.js(3479,13): error TS2584: Cannot find name 'document'. Do you need to change your target library? Try changing the 'lib' compiler option to include 'dom'.
coming-soon/js-es2018/dashboard/scanner-engine.js(3499,27): error TS2584: Cannot find name 'document'. Do you need to change your target library? Try changing the 'lib' compiler option to include 'dom'.
coming-soon/js-es2018/dashboard/scanner-engine.js(3502,32): error TS2584: Cannot find name 'document'. Do you need to change your target library? Try changing the 'lib' compiler option to include 'dom'.
coming-soon/js-es2018/dashboard/scanner-engine.js(3509,12): error TS2339: Property 'extractMatches' does not exist on type 'typeof window'.
coming-soon/js-es2018/dashboard/scanner-engine.js(3510,12): error TS2339: Property 'processLocalCLIScan' does not exist on type 'typeof window'.
coming-soon/js-es2018/dashboard/scanner-patterns.js(5,7): error TS2451: Cannot redeclare block-scoped variable 'LANGUAGE_REGISTRY'.
coming-soon/js-es2018/dashboard/scanner-patterns.js(122,7): error TS2451: Cannot redeclare block-scoped variable 'PATTERN_REGISTRY'.
coming-soon/js-es2018/dashboard/scanner-patterns.js(1506,7): error TS2451: Cannot redeclare block-scoped variable 'ANALYZER_SCHEMA'.
coming-soon/js-es2018/dashboard/scanner-patterns.js(1599,7): error TS2451: Cannot redeclare block-scoped variable 'EXCLUSION_RULES'.
coming-soon/js-es2018/dashboard/scanner-patterns.js(1607,12): error TS2339: Property 'LANGUAGE_REGISTRY' does not exist on type 'typeof window'.
coming-soon/js-es2018/dashboard/scanner-patterns.js(1608,12): error TS2339: Property 'PATTERN_REGISTRY' does not exist on type 'typeof window'.
coming-soon/js-es2018/dashboard/scanner-patterns.js(1609,12): error TS2339: Property 'ANALYZER_SCHEMA' does not exist on type 'typeof window'.
coming-soon/js-es2018/dashboard/scanner-patterns.js(1610,12): error TS2339: Property 'EXCLUSION_RULES' does not exist on type 'typeof window'.
coming-soon/js-es2018/dashboard/token-file-system.js(14,44): error TS2584: Cannot find name 'document'. Do you need to change your target library? Try changing the 'lib' compiler option to include 'dom'.
coming-soon/js-es2018/dashboard/token-file-system.js(144,23): error TS2584: Cannot find name 'document'. Do you need to change your target library? Try changing the 'lib' compiler option to include 'dom'.
coming-soon/js-es2018/dashboard/token-file-system.js(147,13): error TS2584: Cannot find name 'document'. Do you need to change your target library? Try changing the 'lib' compiler option to include 'dom'.
coming-soon/js-es2018/dashboard/token-file-system.js(154,27): error TS2584: Cannot find name 'document'. Do you need to change your target library? Try changing the 'lib' compiler option to include 'dom'.
coming-soon/js-es2018/dashboard/token-file-system.js(165,24): error TS2584: Cannot find name 'document'. Do you need to change your target library? Try changing the 'lib' compiler option to include 'dom'.
coming-soon/js-es2018/dashboard/token-file-system.js(187,27): error TS2584: Cannot find name 'document'. Do you need to change your target library? Try changing the 'lib' compiler option to include 'dom'.
coming-soon/js-es2018/dashboard/token-file-system.js(190,26): error TS2584: Cannot find name 'document'. Do you need to change your target library? Try changing the 'lib' compiler option to include 'dom'.
coming-soon/js-es2018/dashboard/token-file-system.js(195,25): error TS2584: Cannot find name 'document'. Do you need to change your target library? Try changing the 'lib' compiler option to include 'dom'.
coming-soon/js-es2018/dashboard/token-file-system.js(197,24): error TS2584: Cannot find name 'document'. Do you need to change your target library? Try changing the 'lib' compiler option to include 'dom'.
coming-soon/js-es2018/dashboard/token-file-system.js(201,24): error TS2584: Cannot find name 'document'. Do you need to change your target library? Try changing the 'lib' compiler option to include 'dom'.
coming-soon/js-es2018/dashboard/token-file-system.js(204,28): error TS2584: Cannot find name 'document'. Do you need to change your target library? Try changing the 'lib' compiler option to include 'dom'.
coming-soon/js-es2018/dashboard/token-file-system.js(205,24): error TS2584: Cannot find name 'document'. Do you need to change your target library? Try changing the 'lib' compiler option to include 'dom'.
coming-soon/js-es2018/dashboard/token-file-system.js(208,28): error TS2584: Cannot find name 'document'. Do you need to change your target library? Try changing the 'lib' compiler option to include 'dom'.
coming-soon/js-es2018/dashboard/token-file-system.js(209,24): error TS2584: Cannot find name 'document'. Do you need to change your target library? Try changing the 'lib' compiler option to include 'dom'.
coming-soon/js-es2018/dashboard/token-file-system.js(212,25): error TS2584: Cannot find name 'document'. Do you need to change your target library? Try changing the 'lib' compiler option to include 'dom'.
coming-soon/js-es2018/dashboard/token-file-system.js(228,32): error TS2304: Cannot find name 'FileReader'.
coming-soon/js-es2018/dashboard/token-file-system.js(262,20): error TS2584: Cannot find name 'document'. Do you need to change your target library? Try changing the 'lib' compiler option to include 'dom'.
coming-soon/js-es2018/dashboard/token-file-system.js(270,27): error TS2584: Cannot find name 'document'. Do you need to change your target library? Try changing the 'lib' compiler option to include 'dom'.
coming-soon/js-es2018/dashboard/token-file-system.js(273,21): error TS2584: Cannot find name 'document'. Do you need to change your target library? Try changing the 'lib' compiler option to include 'dom'.
coming-soon/js-es2018/dashboard/token-file-system.js(286,32): error TS2304: Cannot find name 'FileReader'.
coming-soon/js-es2018/dashboard/token-file-system.js(304,27): error TS2584: Cannot find name 'document'. Do you need to change your target library? Try changing the 'lib' compiler option to include 'dom'.
coming-soon/js-es2018/dashboard/token-file-system.js(307,22): error TS2584: Cannot find name 'document'. Do you need to change your target library? Try changing the 'lib' compiler option to include 'dom'.
coming-soon/js-es2018/dashboard/token-file-system.js(329,12): error TS2339: Property 'TokenFileSystem' does not exist on type 'typeof window'.
coming-soon/js-es2018/dashboard/token-manager.js(3,1): error TS6200: Definitions of the following identifiers conflict with those in another file: licenseInput, browserScanProfile, scanProfileHelp, analyzerCardGrid, selectAllModules, selectAllCount, PRODUCT_CONFIG, TIER_PROFILES, ALL_MODULES, TIER_MODULE_MAP, numToId, selectedModules, ANALYZER_PRESETS
coming-soon/js-es2018/dashboard/token-manager.js(3,40): error TS2584: Cannot find name 'document'. Do you need to change your target library? Try changing the 'lib' compiler option to include 'dom'.
coming-soon/js-es2018/dashboard/token-manager.js(39,22): error TS2584: Cannot find name 'document'. Do you need to change your target library? Try changing the 'lib' compiler option to include 'dom'.
coming-soon/js-es2018/dashboard/token-manager.js(40,28): error TS2584: Cannot find name 'document'. Do you need to change your target library? Try changing the 'lib' compiler option to include 'dom'.
coming-soon/js-es2018/dashboard/token-manager.js(41,25): error TS2584: Cannot find name 'document'. Do you need to change your target library? Try changing the 'lib' compiler option to include 'dom'.
coming-soon/js-es2018/dashboard/token-manager.js(42,26): error TS2584: Cannot find name 'document'. Do you need to change your target library? Try changing the 'lib' compiler option to include 'dom'.
coming-soon/js-es2018/dashboard/token-manager.js(43,26): error TS2584: Cannot find name 'document'. Do you need to change your target library? Try changing the 'lib' compiler option to include 'dom'.
coming-soon/js-es2018/dashboard/token-manager.js(44,24): error TS2584: Cannot find name 'document'. Do you need to change your target library? Try changing the 'lib' compiler option to include 'dom'.
coming-soon/js-es2018/dashboard/token-manager.js(102,21): error TS2584: Cannot find name 'document'. Do you need to change your target library? Try changing the 'lib' compiler option to include 'dom'.
coming-soon/js-es2018/dashboard/token-manager.js(147,22): error TS2584: Cannot find name 'document'. Do you need to change your target library? Try changing the 'lib' compiler option to include 'dom'.
coming-soon/js-es2018/dashboard/token-manager.js(209,26): error TS2584: Cannot find name 'document'. Do you need to change your target library? Try changing the 'lib' compiler option to include 'dom'.
coming-soon/js-es2018/dashboard/token-manager.js(249,19): error TS2584: Cannot find name 'document'. Do you need to change your target library? Try changing the 'lib' compiler option to include 'dom'.
coming-soon/js-es2018/dashboard/token-manager.js(250,23): error TS2584: Cannot find name 'document'. Do you need to change your target library? Try changing the 'lib' compiler option to include 'dom'.
coming-soon/js-es2018/dashboard/token-manager.js(251,20): error TS2584: Cannot find name 'document'. Do you need to change your target library? Try changing the 'lib' compiler option to include 'dom'.
coming-soon/js-es2018/dashboard/token-manager.js(252,21): error TS2584: Cannot find name 'document'. Do you need to change your target library? Try changing the 'lib' compiler option to include 'dom'.
coming-soon/js-es2018/dashboard/token-manager.js(253,24): error TS2584: Cannot find name 'document'. Do you need to change your target library? Try changing the 'lib' compiler option to include 'dom'.
coming-soon/js-es2018/dashboard/token-manager.js(254,19): error TS2584: Cannot find name 'document'. Do you need to change your target library? Try changing the 'lib' compiler option to include 'dom'.
coming-soon/js-es2018/dashboard/token-manager.js(328,20): error TS2584: Cannot find name 'document'. Do you need to change your target library? Try changing the 'lib' compiler option to include 'dom'.
coming-soon/js-es2018/dashboard/token-manager.js(330,16): error TS2339: Property '_tokenPayload' does not exist on type 'typeof window'.
coming-soon/js-es2018/dashboard/token-manager.js(336,26): error TS2584: Cannot find name 'document'. Do you need to change your target library? Try changing the 'lib' compiler option to include 'dom'.
coming-soon/js-es2018/dashboard/token-manager.js(339,9): error TS2584: Cannot find name 'document'. Do you need to change your target library? Try changing the 'lib' compiler option to include 'dom'.
coming-soon/js-es2018/dashboard/token-manager.js(340,9): error TS2584: Cannot find name 'document'. Do you need to change your target library? Try changing the 'lib' compiler option to include 'dom'.
coming-soon/js-es2018/dashboard/token-manager.js(341,9): error TS2584: Cannot find name 'document'. Do you need to change your target library? Try changing the 'lib' compiler option to include 'dom'.
coming-soon/js-es2018/dashboard/token-manager.js(342,9): error TS2584: Cannot find name 'document'. Do you need to change your target library? Try changing the 'lib' compiler option to include 'dom'.
coming-soon/js-es2018/dashboard/token-manager.js(343,9): error TS2584: Cannot find name 'document'. Do you need to change your target library? Try changing the 'lib' compiler option to include 'dom'.
coming-soon/js-es2018/dashboard/token-manager.js(354,12): error TS2339: Property '_tokenPayload' does not exist on type 'typeof window'.
coming-soon/js-es2018/dashboard/token-manager.js(366,5): error TS2584: Cannot find name 'document'. Do you need to change your target library? Try changing the 'lib' compiler option to include 'dom'.
coming-soon/js-es2018/dashboard/token-manager.js(367,5): error TS2584: Cannot find name 'document'. Do you need to change your target library? Try changing the 'lib' compiler option to include 'dom'.
coming-soon/js-es2018/dashboard/token-manager.js(368,5): error TS2584: Cannot find name 'document'. Do you need to change your target library? Try changing the 'lib' compiler option to include 'dom'.
coming-soon/js-es2018/dashboard/token-manager.js(369,5): error TS2584: Cannot find name 'document'. Do you need to change your target library? Try changing the 'lib' compiler option to include 'dom'.
coming-soon/js-es2018/dashboard/token-manager.js(371,9): error TS2584: Cannot find name 'document'. Do you need to change your target library? Try changing the 'lib' compiler option to include 'dom'.
coming-soon/js-es2018/dashboard/token-manager.js(374,27): error TS2584: Cannot find name 'document'. Do you need to change your target library? Try changing the 'lib' compiler option to include 'dom'.
coming-soon/js-es2018/dashboard/token-manager.js(383,22): error TS2584: Cannot find name 'document'. Do you need to change your target library? Try changing the 'lib' compiler option to include 'dom'.
coming-soon/js-es2018/dashboard/token-manager.js(386,32): error TS2584: Cannot find name 'document'. Do you need to change your target library? Try changing the 'lib' compiler option to include 'dom'.
coming-soon/js-es2018/dashboard/token-manager.js(400,24): error TS2584: Cannot find name 'document'. Do you need to change your target library? Try changing the 'lib' compiler option to include 'dom'.
coming-soon/js-es2018/dashboard/token-manager.js(401,24): error TS2584: Cannot find name 'document'. Do you need to change your target library? Try changing the 'lib' compiler option to include 'dom'.
coming-soon/js-es2018/dashboard/token-manager.js(402,24): error TS2584: Cannot find name 'document'. Do you need to change your target library? Try changing the 'lib' compiler option to include 'dom'.
coming-soon/js-es2018/dashboard/token-manager.js(403,22): error TS2584: Cannot find name 'document'. Do you need to change your target library? Try changing the 'lib' compiler option to include 'dom'.
coming-soon/js-es2018/dashboard/token-manager.js(469,23): error TS2584: Cannot find name 'document'. Do you need to change your target library? Try changing the 'lib' compiler option to include 'dom'.
coming-soon/js-es2018/dashboard/token-manager.js(477,23): error TS2584: Cannot find name 'document'. Do you need to change your target library? Try changing the 'lib' compiler option to include 'dom'.
coming-soon/js-es2018/dashboard/token-manager.js(485,12): error TS2339: Property 'decodeJwtPayload' does not exist on type 'typeof window'.
coming-soon/js-es2018/dashboard/token-manager.js(486,12): error TS2339: Property 'hasValidToken' does not exist on type 'typeof window'.
coming-soon/js-es2018/dashboard/token-manager.js(487,12): error TS2339: Property 'filterScanProfiles' does not exist on type 'typeof window'.
coming-soon/js-es2018/dashboard/token-manager.js(488,12): error TS2339: Property 'renderAnalyzerCards' does not exist on type 'typeof window'.
coming-soon/js-es2018/dashboard/token-manager.js(489,12): error TS2339: Property 'toggleModuleSelection' does not exist on type 'typeof window'.
coming-soon/js-es2018/dashboard/token-manager.js(490,12): error TS2339: Property 'updateSelectAllUI' does not exist on type 'typeof window'.
coming-soon/js-es2018/dashboard/token-manager.js(491,12): error TS2339: Property 'syncModuleSelectionFromTier' does not exist on type 'typeof window'.
coming-soon/js-es2018/dashboard/token-manager.js(492,12): error TS2339: Property 'renderTokenInspector' does not exist on type 'typeof window'.
coming-soon/js-es2018/dashboard/token-manager.js(493,12): error TS2339: Property 'applyProductFromToken' does not exist on type 'typeof window'.
coming-soon/js-es2018/dashboard/token-manager.js(494,12): error TS2339: Property 'applyAnalyzerPreset' does not exist on type 'typeof window'.
coming-soon/js-es2018/dashboard/token-manager.js(495,12): error TS2339: Property 'bindPresetButtons' does not exist on type 'typeof window'.
coming-soon/js-es2018/dashboard/ui-renderer.js(2,46): error TS2339: Property 'escapeHtml' does not exist on type 'typeof window'.
coming-soon/js-es2018/dashboard/ui-renderer.js(3,12): error TS2339: Property 'escapeHtml' does not exist on type 'typeof window'.
coming-soon/js-es2018/dashboard/ui-renderer.js(85,12): error TS2339: Property 'lastScanReport' does not exist on type 'typeof window'.
coming-soon/js-es2018/dashboard/ui-renderer.js(86,23): error TS2339: Property '__simplebeaconSetReportForAI' does not exist on type 'typeof window'.
coming-soon/js-es2018/dashboard/ui-renderer.js(87,16): error TS2339: Property '__simplebeaconSetReportForAI' does not exist on type 'typeof window'.
coming-soon/js-es2018/dashboard/ui-renderer.js(687,16): error TS2339: Property '_scanPreviewModules' does not exist on type 'typeof window'.
coming-soon/js-es2018/dashboard/ui-renderer.js(688,16): error TS2339: Property '_scanPreviewData' does not exist on type 'typeof window'.
coming-soon/js-es2018/dashboard/ui-renderer.js(714,26): error TS2339: Property '_tokenPayload' does not exist on type 'typeof window'.
coming-soon/js-es2018/dashboard/ui-renderer.js(714,199): error TS2339: Property '_tokenPayload' does not exist on type 'typeof window'.
coming-soon/js-es2018/dashboard/ui-renderer.js(714,228): error TS2339: Property '_tokenPayload' does not exist on type 'typeof window'.
coming-soon/js-es2018/dashboard/ui-renderer.js(714,309): error TS2339: Property '_tokenPayload' does not exist on type 'typeof window'.
coming-soon/js-es2018/dashboard/ui-renderer.js(714,338): error TS2339: Property '_tokenPayload' does not exist on type 'typeof window'.
coming-soon/js-es2018/dashboard/ui-renderer.js(813,12): error TS2339: Property 'buildEuAiActControls' does not exist on type 'typeof window'.
coming-soon/js-es2018/dashboard/ui-renderer.js(814,12): error TS2339: Property 'renderPreview' does not exist on type 'typeof window'.
coming-soon/js-es2018/dashboard/usb-token-manager.js(32,49): error TS2339: Property 'usb' does not exist on type 'Navigator'.
coming-soon/js-es2018/dashboard/usb-token-manager.js(37,27): error TS2339: Property 'usb' does not exist on type 'Navigator'.
coming-soon/js-es2018/dashboard/usb-token-manager.js(38,27): error TS2339: Property 'usb' does not exist on type 'Navigator'.
coming-soon/js-es2018/dashboard/usb-token-manager.js(62,48): error TS2339: Property 'usb' does not exist on type 'Navigator'.
coming-soon/js-es2018/dashboard/usb-token-manager.js(87,28): error TS2339: Property 'showOpenFilePicker' does not exist on type 'typeof window'.
coming-soon/js-es2018/dashboard/usb-token-manager.js(88,49): error TS2339: Property 'showOpenFilePicker' does not exist on type 'typeof window'.
coming-soon/js-es2018/dashboard/usb-token-manager.js(165,31): error TS2584: Cannot find name 'document'. Do you need to change your target library? Try changing the 'lib' compiler option to include 'dom'.
coming-soon/js-es2018/dashboard/usb-token-manager.js(169,17): error TS2584: Cannot find name 'document'. Do you need to change your target library? Try changing the 'lib' compiler option to include 'dom'.
coming-soon/js-es2018/dashboard/usb-token-manager.js(173,21): error TS2584: Cannot find name 'document'. Do you need to change your target library? Try changing the 'lib' compiler option to include 'dom'.
coming-soon/js-es2018/dashboard/usb-token-manager.js(215,24): error TS2339: Property 'showToast' does not exist on type 'typeof window'.
coming-soon/js-es2018/dashboard/usb-token-manager.js(216,24): error TS2339: Property 'showToast' does not exist on type 'typeof window'.
coming-soon/js-es2018/dashboard/usb-token-manager.js(223,68): error TS2339: Property 'usb' does not exist on type 'Navigator'.
coming-soon/js-es2018/dashboard/usb-token-manager.js(229,62): error TS2339: Property 'showOpenFilePicker' does not exist on type 'typeof window'.
coming-soon/js-es2018/dashboard/usb-token-manager.js(236,27): error TS2584: Cannot find name 'document'. Do you need to change your target library? Try changing the 'lib' compiler option to include 'dom'.
coming-soon/js-es2018/dashboard/usb-token-manager.js(241,23): error TS2584: Cannot find name 'document'. Do you need to change your target library? Try changing the 'lib' compiler option to include 'dom'.
coming-soon/js-es2018/dashboard/usb-token-manager.js(244,27): error TS2584: Cannot find name 'document'. Do you need to change your target library? Try changing the 'lib' compiler option to include 'dom'.
coming-soon/js-es2018/dashboard/usb-token-manager.js(246,33): error TS2584: Cannot find name 'document'. Do you need to change your target library? Try changing the 'lib' compiler option to include 'dom'.
coming-soon/js-es2018/dashboard/usb-token-manager.js(250,28): error TS2584: Cannot find name 'document'. Do you need to change your target library? Try changing the 'lib' compiler option to include 'dom'.
coming-soon/js-es2018/dashboard/usb-token-manager.js(256,24): error TS2584: Cannot find name 'document'. Do you need to change your target library? Try changing the 'lib' compiler option to include 'dom'.
coming-soon/js-es2018/dashboard/usb-token-manager.js(259,25): error TS2584: Cannot find name 'document'. Do you need to change your target library? Try changing the 'lib' compiler option to include 'dom'.
coming-soon/js-es2018/dashboard/usb-token-manager.js(263,30): error TS2584: Cannot find name 'document'. Do you need to change your target library? Try changing the 'lib' compiler option to include 'dom'.
coming-soon/js-es2018/dashboard/usb-token-manager.js(267,29): error TS2584: Cannot find name 'document'. Do you need to change your target library? Try changing the 'lib' compiler option to include 'dom'.
coming-soon/js-es2018/dashboard/usb-token-manager.js(273,25): error TS2584: Cannot find name 'document'. Do you need to change your target library? Try changing the 'lib' compiler option to include 'dom'.
coming-soon/js-es2018/dashboard/usb-token-manager.js(330,28): error TS2584: Cannot find name 'document'. Do you need to change your target library? Try changing the 'lib' compiler option to include 'dom'.
coming-soon/js-es2018/dashboard/usb-token-manager.js(334,35): error TS2584: Cannot find name 'document'. Do you need to change your target library? Try changing the 'lib' compiler option to include 'dom'.
coming-soon/js-es2018/dashboard/usb-token-manager.js(336,39): error TS2584: Cannot find name 'document'. Do you need to change your target library? Try changing the 'lib' compiler option to include 'dom'.
coming-soon/js-es2018/dashboard/usb-token-manager.js(337,39): error TS2584: Cannot find name 'document'. Do you need to change your target library? Try changing the 'lib' compiler option to include 'dom'.
coming-soon/js-es2018/dashboard/usb-token-manager.js(339,35): error TS2584: Cannot find name 'document'. Do you need to change your target library? Try changing the 'lib' compiler option to include 'dom'.
coming-soon/js-es2018/dashboard/usb-token-manager.js(340,35): error TS2584: Cannot find name 'document'. Do you need to change your target library? Try changing the 'lib' compiler option to include 'dom'.
coming-soon/js-es2018/dashboard/usb-token-manager.js(341,35): error TS2584: Cannot find name 'document'. Do you need to change your target library? Try changing the 'lib' compiler option to include 'dom'.
coming-soon/js-es2018/dashboard/usb-token-manager.js(342,35): error TS2584: Cannot find name 'document'. Do you need to change your target library? Try changing the 'lib' compiler option to include 'dom'.
coming-soon/js-es2018/dashboard/usb-token-manager.js(344,39): error TS2584: Cannot find name 'document'. Do you need to change your target library? Try changing the 'lib' compiler option to include 'dom'.
coming-soon/js-es2018/dashboard/usb-token-manager.js(345,39): error TS2584: Cannot find name 'document'. Do you need to change your target library? Try changing the 'lib' compiler option to include 'dom'.
coming-soon/js-es2018/dashboard/usb-token-manager.js(347,26): error TS2584: Cannot find name 'document'. Do you need to change your target library? Try changing the 'lib' compiler option to include 'dom'.
coming-soon/js-es2018/dashboard/usb-token-manager.js(359,29): error TS2584: Cannot find name 'document'. Do you need to change your target library? Try changing the 'lib' compiler option to include 'dom'.
coming-soon/js-es2018/dashboard/usb-token-manager.js(368,12): error TS2339: Property 'UsbTokenManager' does not exist on type 'typeof window'.
coming-soon/js-es2018/dashboard/usb-token-manager.js(369,12): error TS2339: Property 'setupUsbTokenUI' does not exist on type 'typeof window'.
coming-soon/js-es2018/dashboard/utils.js(14,46): error TS2339: Property 'simpleHash' does not exist on type 'typeof window'.
coming-soon/js-es2018/dashboard/utils.js(15,12): error TS2339: Property 'simpleHash' does not exist on type 'typeof window'.
coming-soon/js-es2018/dashboard/utils.js(37,28): error TS2304: Cannot find name 'FileReader'.
coming-soon/js-es2018/dashboard/utils.js(44,20): error TS2584: Cannot find name 'document'. Do you need to change your target library? Try changing the 'lib' compiler option to include 'dom'.
coming-soon/js-es2018/dashboard/utils.js(45,19): error TS2584: Cannot find name 'document'. Do you need to change your target library? Try changing the 'lib' compiler option to include 'dom'.
coming-soon/js-es2018/dashboard/utils.js(52,12): error TS2339: Property 'escapeHtml' does not exist on type 'typeof window'.
coming-soon/js-es2018/dashboard/utils.js(53,12): error TS2339: Property 'simpleHash' does not exist on type 'typeof window'.
coming-soon/js-es2018/dashboard/utils.js(54,12): error TS2339: Property 'computeSha256' does not exist on type 'typeof window'.
coming-soon/js-es2018/dashboard/utils.js(55,12): error TS2339: Property 'readFileText' does not exist on type 'typeof window'.
coming-soon/js-es2018/dashboard/utils.js(56,12): error TS2339: Property 'showHashRibbon' does not exist on type 'typeof window'.
coming-soon/js-es2018/roadmap-app.js(1,1): error TS6200: Definitions of the following identifiers conflict with those in another file: currentReport, currentRoadmap, dropzone, fileInput, app, emptyState, scorecardsEl, timelineEl, projectNameEl, scanDateEl, jsonPreviewEl, toastEl, dragCounter, browseReportBtn, reportUrlInput, analyzeReportBtn, jsonPasteInput, jsonPasteBtn, loadTestReportBtn, currentFilter
coming-soon/js-es2018/roadmap-app.js(2,18): error TS2584: Cannot find name 'document'. Do you need to change your target library? Try changing the 'lib' compiler option to include 'dom'.
coming-soon/js-es2018/roadmap-app.js(2,67): error TS2584: Cannot find name 'document'. Do you need to change your target library? Try changing the 'lib' compiler option to include 'dom'.
coming-soon/js-es2018/roadmap-app.js(2,111): error TS2584: Cannot find name 'document'. Do you need to change your target library? Try changing the 'lib' compiler option to include 'dom'.
coming-soon/js-es2018/roadmap-app.js(2,156): error TS2584: Cannot find name 'document'. Do you need to change your target library? Try changing the 'lib' compiler option to include 'dom'.
coming-soon/js-es2018/roadmap-app.js(3,22): error TS2584: Cannot find name 'document'. Do you need to change your target library? Try changing the 'lib' compiler option to include 'dom'.
coming-soon/js-es2018/roadmap-app.js(3,74): error TS2584: Cannot find name 'document'. Do you need to change your target library? Try changing the 'lib' compiler option to include 'dom'.
coming-soon/js-es2018/roadmap-app.js(3,127): error TS2584: Cannot find name 'document'. Do you need to change your target library? Try changing the 'lib' compiler option to include 'dom'.
coming-soon/js-es2018/roadmap-app.js(3,180): error TS2584: Cannot find name 'document'. Do you need to change your target library? Try changing the 'lib' compiler option to include 'dom'.
coming-soon/js-es2018/roadmap-app.js(3,233): error TS2584: Cannot find name 'document'. Do you need to change your target library? Try changing the 'lib' compiler option to include 'dom'.
coming-soon/js-es2018/roadmap-app.js(3,283): error TS2584: Cannot find name 'document'. Do you need to change your target library? Try changing the 'lib' compiler option to include 'dom'.
coming-soon/js-es2018/roadmap-app.js(64,25): error TS2584: Cannot find name 'document'. Do you need to change your target library? Try changing the 'lib' compiler option to include 'dom'.
coming-soon/js-es2018/roadmap-app.js(65,24): error TS2584: Cannot find name 'document'. Do you need to change your target library? Try changing the 'lib' compiler option to include 'dom'.
coming-soon/js-es2018/roadmap-app.js(66,26): error TS2584: Cannot find name 'document'. Do you need to change your target library? Try changing the 'lib' compiler option to include 'dom'.
coming-soon/js-es2018/roadmap-app.js(90,27): error TS2339: Property 'success' does not exist on type 'unknown'.
coming-soon/js-es2018/roadmap-app.js(91,63): error TS2339: Property 'error' does not exist on type 'unknown'.
coming-soon/js-es2018/roadmap-app.js(94,40): error TS2339: Property 'content' does not exist on type 'unknown'.
coming-soon/js-es2018/roadmap-app.js(111,24): error TS2584: Cannot find name 'document'. Do you need to change your target library? Try changing the 'lib' compiler option to include 'dom'.
coming-soon/js-es2018/roadmap-app.js(111,82): error TS2584: Cannot find name 'document'. Do you need to change your target library? Try changing the 'lib' compiler option to include 'dom'.
coming-soon/js-es2018/roadmap-app.js(138,27): error TS2584: Cannot find name 'document'. Do you need to change your target library? Try changing the 'lib' compiler option to include 'dom'.
coming-soon/js-es2018/roadmap-app.js(157,24): error TS2339: Property '__SIMPLEBEACON_ENV__' does not exist on type 'typeof window'.
coming-soon/js-es2018/roadmap-app.js(165,38): error TS2339: Property 'type' does not exist on type 'unknown'.
coming-soon/js-es2018/roadmap-app.js(165,83): error TS2339: Property 'rawIssues' does not exist on type 'unknown'.
coming-soon/js-es2018/roadmap-app.js(165,107): error TS2339: Property 'rawIssues' does not exist on type 'unknown'.
coming-soon/js-es2018/roadmap-app.js(169,43): error TS2339: Property 'rawIssues' does not exist on type 'unknown'.
coming-soon/js-es2018/roadmap-app.js(169,67): error TS2339: Property 'rawIssues' does not exist on type 'unknown'.
coming-soon/js-es2018/roadmap-app.js(170,24): error TS2339: Property 'type' does not exist on type 'unknown'.
coming-soon/js-es2018/roadmap-app.js(181,20): error TS2304: Cannot find name 'JSZip'.
coming-soon/js-es2018/roadmap-app.js(186,31): error TS2304: Cannot find name 'JSZip'.
coming-soon/js-es2018/roadmap-app.js(211,19): error TS2304: Cannot find name 'FileReader'.
coming-soon/js-es2018/roadmap-app.js(235,13): error TS2304: Cannot find name 'location'.
coming-soon/js-es2018/roadmap-app.js(236,13): error TS2304: Cannot find name 'history'.
coming-soon/js-es2018/roadmap-app.js(236,44): error TS2304: Cannot find name 'location'.
coming-soon/js-es2018/roadmap-app.js(236,64): error TS2304: Cannot find name 'location'.
coming-soon/js-es2018/roadmap-app.js(277,40): error TS2584: Cannot find name 'document'. Do you need to change your target library? Try changing the 'lib' compiler option to include 'dom'.
coming-soon/js-es2018/roadmap-app.js(286,23): error TS2584: Cannot find name 'document'. Do you need to change your target library? Try changing the 'lib' compiler option to include 'dom'.
coming-soon/js-es2018/roadmap-app.js(294,9): error TS2584: Cannot find name 'document'. Do you need to change your target library? Try changing the 'lib' compiler option to include 'dom'.
coming-soon/js-es2018/roadmap-app.js(295,9): error TS2304: Cannot find name 'requestAnimationFrame'.
coming-soon/js-es2018/roadmap-app.js(966,13): error TS2304: Cannot find name 'qs'.
coming-soon/js-es2018/roadmap-app.js(968,132): error TS2304: Cannot find name 'qs'.
coming-soon/js-es2018/roadmap-app.js(968,283): error TS2304: Cannot find name 'qs'.
coming-soon/js-es2018/roadmap-app.js(968,393): error TS2304: Cannot find name 'qs'.
coming-soon/js-es2018/roadmap-app.js(970,40): error TS2304: Cannot find name 'qs'.
coming-soon/js-es2018/roadmap-app.js(973,25): error TS2304: Cannot find name 'qs'.
coming-soon/js-es2018/roadmap-app.js(973,65): error TS2304: Cannot find name 'qs'.
coming-soon/js-es2018/roadmap-app.js(973,127): error TS2304: Cannot find name 'qs'.
coming-soon/js-es2018/roadmap-app.js(974,84): error TS2304: Cannot find name 'qs'.
coming-soon/js-es2018/roadmap-app.js(1019,13): error TS2304: Cannot find name 'qs'.
coming-soon/js-es2018/roadmap-app.js(1038,15): error TS2339: Property 'dependsOn' does not exist on type '{ id: string; title: string; severity: string; effort: string; description: string; tasks: ({ description: string; type: string; isStructured: boolean; done?: undefined; codeSnippet?: undefined; } | { ...; } | { ...; })[]; progress: number; status: string; extraHtml: string; } | { ...; } | { ...; } | { ...; }'.
  Property 'dependsOn' does not exist on type '{ id: string; title: string; severity: string; effort: string; description: string; tasks: ({ description: string; type: string; isStructured: boolean; done?: undefined; codeSnippet?: undefined; } | { ...; } | { ...; })[]; progress: number; status: string; extraHtml: string; }'.
coming-soon/js-es2018/roadmap-app.js(1043,16): error TS2339: Property 'dependsOn' does not exist on type '{ id: string; title: string; severity: string; effort: string; description: string; tasks: ({ description: string; type: string; isStructured: boolean; done?: undefined; codeSnippet?: undefined; } | { ...; } | { ...; })[]; progress: number; status: string; extraHtml: string; } | { ...; } | { ...; } | { ...; }'.
  Property 'dependsOn' does not exist on type '{ id: string; title: string; severity: string; effort: string; description: string; tasks: ({ description: string; type: string; isStructured: boolean; done?: undefined; codeSnippet?: undefined; } | { ...; } | { ...; })[]; progress: number; status: string; extraHtml: string; }'.
coming-soon/js-es2018/roadmap-app.js(1045,49): error TS2339: Property 'dependsOn' does not exist on type '{ id: string; title: string; severity: string; effort: string; description: string; tasks: ({ description: string; type: string; isStructured: boolean; done?: undefined; codeSnippet?: undefined; } | { ...; } | { ...; })[]; progress: number; status: string; extraHtml: string; } | { ...; } | { ...; } | { ...; }'.
  Property 'dependsOn' does not exist on type '{ id: string; title: string; severity: string; effort: string; description: string; tasks: ({ description: string; type: string; isStructured: boolean; done?: undefined; codeSnippet?: undefined; } | { ...; } | { ...; })[]; progress: number; status: string; extraHtml: string; }'.
coming-soon/js-es2018/roadmap-app.js(1116,72): error TS2339: Property 'filePath' does not exist on type '{ sev: any; type: any; count: any; files: any; impact: any; fix: any; humanReadable: any; }'.
coming-soon/js-es2018/roadmap-app.js(1116,90): error TS2339: Property 'filePath' does not exist on type '{ sev: any; type: any; count: any; files: any; impact: any; fix: any; humanReadable: any; }'.
coming-soon/js-es2018/roadmap-app.js(1116,108): error TS2339: Property 'filePath' does not exist on type '{ sev: any; type: any; count: any; files: any; impact: any; fix: any; humanReadable: any; }'.
coming-soon/js-es2018/roadmap-app.js(1116,126): error TS2339: Property 'filePath' does not exist on type '{ sev: any; type: any; count: any; files: any; impact: any; fix: any; humanReadable: any; }'.
coming-soon/js-es2018/roadmap-app.js(1136,20): error TS2584: Cannot find name 'document'. Do you need to change your target library? Try changing the 'lib' compiler option to include 'dom'.
coming-soon/js-es2018/roadmap-app.js(1138,21): error TS2584: Cannot find name 'document'. Do you need to change your target library? Try changing the 'lib' compiler option to include 'dom'.
coming-soon/js-es2018/roadmap-app.js(1142,21): error TS2584: Cannot find name 'document'. Do you need to change your target library? Try changing the 'lib' compiler option to include 'dom'.
coming-soon/js-es2018/roadmap-app.js(1146,23): error TS2584: Cannot find name 'document'. Do you need to change your target library? Try changing the 'lib' compiler option to include 'dom'.
coming-soon/js-es2018/roadmap-app.js(1150,21): error TS2584: Cannot find name 'document'. Do you need to change your target library? Try changing the 'lib' compiler option to include 'dom'.
coming-soon/js-es2018/roadmap-app.js(1152,22): error TS2584: Cannot find name 'document'. Do you need to change your target library? Try changing the 'lib' compiler option to include 'dom'.
coming-soon/js-es2018/roadmap-app.js(1165,29): error TS2584: Cannot find name 'document'. Do you need to change your target library? Try changing the 'lib' compiler option to include 'dom'.
coming-soon/js-es2018/roadmap-app.js(1170,29): error TS2584: Cannot find name 'document'. Do you need to change your target library? Try changing the 'lib' compiler option to include 'dom'.
coming-soon/js-es2018/roadmap-app.js(1172,26): error TS2584: Cannot find name 'document'. Do you need to change your target library? Try changing the 'lib' compiler option to include 'dom'.
coming-soon/js-es2018/roadmap-app.js(1174,21): error TS2584: Cannot find name 'document'. Do you need to change your target library? Try changing the 'lib' compiler option to include 'dom'.
coming-soon/js-es2018/roadmap-app.js(1176,20): error TS2584: Cannot find name 'document'. Do you need to change your target library? Try changing the 'lib' compiler option to include 'dom'.
coming-soon/js-es2018/roadmap-app.js(1181,20): error TS2584: Cannot find name 'document'. Do you need to change your target library? Try changing the 'lib' compiler option to include 'dom'.
coming-soon/js-es2018/roadmap-app.js(1192,26): error TS2584: Cannot find name 'document'. Do you need to change your target library? Try changing the 'lib' compiler option to include 'dom'.
coming-soon/js-es2018/roadmap-app.js(1198,25): error TS2584: Cannot find name 'document'. Do you need to change your target library? Try changing the 'lib' compiler option to include 'dom'.
coming-soon/js-es2018/roadmap-app.js(1200,20): error TS2584: Cannot find name 'document'. Do you need to change your target library? Try changing the 'lib' compiler option to include 'dom'.
coming-soon/js-es2018/roadmap-app.js(1204,20): error TS2584: Cannot find name 'document'. Do you need to change your target library? Try changing the 'lib' compiler option to include 'dom'.
coming-soon/js-es2018/roadmap-app.js(1208,20): error TS2584: Cannot find name 'document'. Do you need to change your target library? Try changing the 'lib' compiler option to include 'dom'.
coming-soon/js-es2018/roadmap-app.js(1216,22): error TS2584: Cannot find name 'document'. Do you need to change your target library? Try changing the 'lib' compiler option to include 'dom'.
coming-soon/js-es2018/roadmap-app.js(1237,32): error TS2584: Cannot find name 'document'. Do you need to change your target library? Try changing the 'lib' compiler option to include 'dom'.
coming-soon/js-es2018/roadmap-app.js(1246,30): error TS2584: Cannot find name 'document'. Do you need to change your target library? Try changing the 'lib' compiler option to include 'dom'.
coming-soon/js-es2018/roadmap-app.js(1247,32): error TS2584: Cannot find name 'document'. Do you need to change your target library? Try changing the 'lib' compiler option to include 'dom'.
coming-soon/js-es2018/roadmap-app.js(1248,32): error TS2584: Cannot find name 'document'. Do you need to change your target library? Try changing the 'lib' compiler option to include 'dom'.
coming-soon/js-es2018/roadmap-app.js(1256,12): error TS2339: Property '_roadmapProjectKey' does not exist on type 'typeof window'.
coming-soon/js-es2018/roadmap-app.js(1257,12): error TS2339: Property '_currentRoadmap' does not exist on type 'typeof window'.
coming-soon/js-es2018/roadmap-app.js(1259,20): error TS2584: Cannot find name 'document'. Do you need to change your target library? Try changing the 'lib' compiler option to include 'dom'.
coming-soon/js-es2018/roadmap-app.js(1270,29): error TS2584: Cannot find name 'document'. Do you need to change your target library? Try changing the 'lib' compiler option to include 'dom'.
coming-soon/js-es2018/roadmap-app.js(1271,36): error TS2584: Cannot find name 'document'. Do you need to change your target library? Try changing the 'lib' compiler option to include 'dom'.
coming-soon/js-es2018/roadmap-app.js(1272,30): error TS2584: Cannot find name 'document'. Do you need to change your target library? Try changing the 'lib' compiler option to include 'dom'.
coming-soon/js-es2018/roadmap-app.js(1273,31): error TS2584: Cannot find name 'document'. Do you need to change your target library? Try changing the 'lib' compiler option to include 'dom'.
coming-soon/js-es2018/roadmap-app.js(1311,30): error TS2584: Cannot find name 'document'. Do you need to change your target library? Try changing the 'lib' compiler option to include 'dom'.
coming-soon/js-es2018/roadmap-app.js(1321,22): error TS2584: Cannot find name 'document'. Do you need to change your target library? Try changing the 'lib' compiler option to include 'dom'.
coming-soon/js-es2018/roadmap-app.js(1325,26): error TS2584: Cannot find name 'document'. Do you need to change your target library? Try changing the 'lib' compiler option to include 'dom'.
coming-soon/js-es2018/roadmap-app.js(1335,31): error TS2304: Cannot find name 'IntersectionObserver'.
coming-soon/js-es2018/roadmap-app.js(1343,34): error TS2584: Cannot find name 'document'. Do you need to change your target library? Try changing the 'lib' compiler option to include 'dom'.
coming-soon/js-es2018/roadmap-app.js(1358,28): error TS2584: Cannot find name 'document'. Do you need to change your target library? Try changing the 'lib' compiler option to include 'dom'.
coming-soon/js-es2018/roadmap-app.js(1364,24): error TS2584: Cannot find name 'document'. Do you need to change your target library? Try changing the 'lib' compiler option to include 'dom'.
coming-soon/js-es2018/roadmap-app.js(1370,25): error TS2584: Cannot find name 'document'. Do you need to change your target library? Try changing the 'lib' compiler option to include 'dom'.
coming-soon/js-es2018/roadmap-app.js(1394,27): error TS2584: Cannot find name 'document'. Do you need to change your target library? Try changing the 'lib' compiler option to include 'dom'.
coming-soon/js-es2018/roadmap-app.js(1395,24): error TS2584: Cannot find name 'document'. Do you need to change your target library? Try changing the 'lib' compiler option to include 'dom'.
coming-soon/js-es2018/roadmap-app.js(1407,27): error TS2584: Cannot find name 'document'. Do you need to change your target library? Try changing the 'lib' compiler option to include 'dom'.
coming-soon/js-es2018/roadmap-app.js(1413,13): error TS2584: Cannot find name 'document'. Do you need to change your target library? Try changing the 'lib' compiler option to include 'dom'.
coming-soon/js-es2018/roadmap-app.js(1421,29): error TS2584: Cannot find name 'document'. Do you need to change your target library? Try changing the 'lib' compiler option to include 'dom'.
coming-soon/js-es2018/roadmap-app.js(1439,23): error TS2584: Cannot find name 'document'. Do you need to change your target library? Try changing the 'lib' compiler option to include 'dom'.
coming-soon/js-es2018/roadmap-app.js(1442,13): error TS2584: Cannot find name 'document'. Do you need to change your target library? Try changing the 'lib' compiler option to include 'dom'.
coming-soon/js-es2018/roadmap-app.js(1451,19): error TS2584: Cannot find name 'document'. Do you need to change your target library? Try changing the 'lib' compiler option to include 'dom'.
coming-soon/js-es2018/roadmap-app.js(1457,23): error TS2584: Cannot find name 'document'. Do you need to change your target library? Try changing the 'lib' compiler option to include 'dom'.
coming-soon/js-es2018/roadmap-app.js(1460,13): error TS2584: Cannot find name 'document'. Do you need to change your target library? Try changing the 'lib' compiler option to include 'dom'.
coming-soon/js-es2018/roadmap-app.js(1496,17): error TS2339: Property '_currentRoadmap' does not exist on type 'typeof window'.
coming-soon/js-es2018/roadmap-app.js(1498,26): error TS2339: Property '_currentRoadmap' does not exist on type 'typeof window'.
coming-soon/js-es2018/roadmap-app.js(1501,23): error TS2339: Property '_roadmapProjectKey' does not exist on type 'typeof window'.
coming-soon/js-es2018/roadmap-app.js(1502,18): error TS2584: Cannot find name 'document'. Do you need to change your target library? Try changing the 'lib' compiler option to include 'dom'.
coming-soon/js-es2018/roadmap-app.js(1521,17): error TS2339: Property '_currentRoadmap' does not exist on type 'typeof window'.
coming-soon/js-es2018/roadmap-app.js(1523,23): error TS2339: Property '_currentRoadmap' does not exist on type 'typeof window'.
coming-soon/js-es2018/roadmap-app.js(1524,23): error TS2339: Property '_roadmapProjectKey' does not exist on type 'typeof window'.
coming-soon/js-es2018/roadmap-app.js(1530,22): error TS2584: Cannot find name 'document'. Do you need to change your target library? Try changing the 'lib' compiler option to include 'dom'.
coming-soon/js-es2018/roadmap-app.js(1543,29): error TS2584: Cannot find name 'document'. Do you need to change your target library? Try changing the 'lib' compiler option to include 'dom'.
coming-soon/js-es2018/roadmap-app.js(1548,29): error TS2584: Cannot find name 'document'. Do you need to change your target library? Try changing the 'lib' compiler option to include 'dom'.
coming-soon/js-es2018/roadmap-app.js(1550,26): error TS2584: Cannot find name 'document'. Do you need to change your target library? Try changing the 'lib' compiler option to include 'dom'.
coming-soon/js-es2018/roadmap-app.js(1552,21): error TS2584: Cannot find name 'document'. Do you need to change your target library? Try changing the 'lib' compiler option to include 'dom'.
coming-soon/js-es2018/roadmap-app.js(1554,20): error TS2584: Cannot find name 'document'. Do you need to change your target library? Try changing the 'lib' compiler option to include 'dom'.
coming-soon/js-es2018/roadmap-app.js(1559,20): error TS2584: Cannot find name 'document'. Do you need to change your target library? Try changing the 'lib' compiler option to include 'dom'.
coming-soon/js-es2018/roadmap-app.js(1570,26): error TS2584: Cannot find name 'document'. Do you need to change your target library? Try changing the 'lib' compiler option to include 'dom'.
coming-soon/js-es2018/roadmap-app.js(1576,25): error TS2584: Cannot find name 'document'. Do you need to change your target library? Try changing the 'lib' compiler option to include 'dom'.
coming-soon/js-es2018/roadmap-app.js(1578,20): error TS2584: Cannot find name 'document'. Do you need to change your target library? Try changing the 'lib' compiler option to include 'dom'.
coming-soon/js-es2018/roadmap-app.js(1582,20): error TS2584: Cannot find name 'document'. Do you need to change your target library? Try changing the 'lib' compiler option to include 'dom'.
coming-soon/js-es2018/roadmap-app.js(1586,20): error TS2584: Cannot find name 'document'. Do you need to change your target library? Try changing the 'lib' compiler option to include 'dom'.
coming-soon/js-es2018/roadmap-app.js(1594,32): error TS2584: Cannot find name 'document'. Do you need to change your target library? Try changing the 'lib' compiler option to include 'dom'.
coming-soon/js-es2018/roadmap-app.js(1595,32): error TS2584: Cannot find name 'document'. Do you need to change your target library? Try changing the 'lib' compiler option to include 'dom'.
coming-soon/js-es2018/roadmap-app.js(1603,1): error TS2584: Cannot find name 'document'. Do you need to change your target library? Try changing the 'lib' compiler option to include 'dom'.
coming-soon/js-es2018/roadmap-app.js(1605,26): error TS2584: Cannot find name 'document'. Do you need to change your target library? Try changing the 'lib' compiler option to include 'dom'.
coming-soon/js-es2018/roadmap-app.js(1613,26): error TS2584: Cannot find name 'document'. Do you need to change your target library? Try changing the 'lib' compiler option to include 'dom'.
coming-soon/js-es2018/roadmap-app.js(1624,20): error TS2584: Cannot find name 'document'. Do you need to change your target library? Try changing the 'lib' compiler option to include 'dom'.
coming-soon/js-es2018/roadmap-app.js(1624,52): error TS2304: Cannot find name 'NodeFilter'.
coming-soon/js-es2018/roadmap-app.js(1633,22): error TS2584: Cannot find name 'document'. Do you need to change your target library? Try changing the 'lib' compiler option to include 'dom'.
coming-soon/js-es2018/roadmap-app.js(1643,33): error TS2584: Cannot find name 'document'. Do you need to change your target library? Try changing the 'lib' compiler option to include 'dom'.
coming-soon/js-es2018/roadmap-app.js(1647,33): error TS2584: Cannot find name 'document'. Do you need to change your target library? Try changing the 'lib' compiler option to include 'dom'.
coming-soon/js-es2018/roadmap-app.js(1654,29): error TS2584: Cannot find name 'document'. Do you need to change your target library? Try changing the 'lib' compiler option to include 'dom'.
coming-soon/js-es2018/roadmap-app.js(1660,22): error TS2584: Cannot find name 'document'. Do you need to change your target library? Try changing the 'lib' compiler option to include 'dom'.
coming-soon/js-es2018/roadmap-app.js(1661,20): error TS2584: Cannot find name 'document'. Do you need to change your target library? Try changing the 'lib' compiler option to include 'dom'.
coming-soon/js-es2018/roadmap-app.js(1666,9): error TS2584: Cannot find name 'document'. Do you need to change your target library? Try changing the 'lib' compiler option to include 'dom'.
coming-soon/js-es2018/roadmap-app.js(1669,13): error TS2584: Cannot find name 'document'. Do you need to change your target library? Try changing the 'lib' compiler option to include 'dom'.
coming-soon/js-es2018/roadmap-app.js(1670,13): error TS2584: Cannot find name 'document'. Do you need to change your target library? Try changing the 'lib' compiler option to include 'dom'.
coming-soon/js-es2018/roadmap-app.js(1675,9): error TS2584: Cannot find name 'document'. Do you need to change your target library? Try changing the 'lib' compiler option to include 'dom'.
coming-soon/js-es2018/roadmap-app.js(1684,9): error TS2584: Cannot find name 'document'. Do you need to change your target library? Try changing the 'lib' compiler option to include 'dom'.
coming-soon/js-es2018/roadmap-app.js(1693,17): error TS2339: Property '_currentRoadmap' does not exist on type 'typeof window'.
coming-soon/js-es2018/roadmap-app.js(1695,23): error TS2339: Property '_currentRoadmap' does not exist on type 'typeof window'.
coming-soon/js-es2018/roadmap-app.js(1696,23): error TS2339: Property '_roadmapProjectKey' does not exist on type 'typeof window'.
coming-soon/js-es2018/roadmap-app.js(1720,19): error TS2584: Cannot find name 'document'. Do you need to change your target library? Try changing the 'lib' compiler option to include 'dom'.
coming-soon/js-es2018/roadmap-app.js(1721,22): error TS2584: Cannot find name 'document'. Do you need to change your target library? Try changing the 'lib' compiler option to include 'dom'.
coming-soon/js-es2018/roadmap-app.js(1722,19): error TS2584: Cannot find name 'document'. Do you need to change your target library? Try changing the 'lib' compiler option to include 'dom'.
coming-soon/js-es2018/roadmap-app.js(1723,20): error TS2584: Cannot find name 'document'. Do you need to change your target library? Try changing the 'lib' compiler option to include 'dom'.
coming-soon/js-es2018/roadmap-app.js(1724,19): error TS2584: Cannot find name 'document'. Do you need to change your target library? Try changing the 'lib' compiler option to include 'dom'.
coming-soon/js-es2018/roadmap-app.js(1725,22): error TS2584: Cannot find name 'document'. Do you need to change your target library? Try changing the 'lib' compiler option to include 'dom'.
coming-soon/js-es2018/roadmap-app.js(1750,5): error TS2584: Cannot find name 'document'. Do you need to change your target library? Try changing the 'lib' compiler option to include 'dom'.
coming-soon/js-es2018/roadmap-app.js(1758,5): error TS2584: Cannot find name 'document'. Do you need to change your target library? Try changing the 'lib' compiler option to include 'dom'.
coming-soon/js-es2018/roadmap-app.js(1817,5): error TS2584: Cannot find name 'document'. Do you need to change your target library? Try changing the 'lib' compiler option to include 'dom'.
coming-soon/js-es2018/roadmap-app.js(1836,17): error TS2584: Cannot find name 'document'. Do you need to change your target library? Try changing the 'lib' compiler option to include 'dom'.
coming-soon/js-es2018/roadmap-app.js(1855,5): error TS2584: Cannot find name 'document'. Do you need to change your target library? Try changing the 'lib' compiler option to include 'dom'.
coming-soon/js-es2018/roadmap-app.js(1860,34): error TS2339: Property '_currentRoadmap' does not exist on type 'typeof window'.
coming-soon/js-es2018/roadmap-app.js(1872,23): error TS2339: Property 'clipboard' does not exist on type 'Navigator'.
coming-soon/js-es2018/roadmap-app.js(1875,5): error TS2584: Cannot find name 'document'. Do you need to change your target library? Try changing the 'lib' compiler option to include 'dom'.
coming-soon/js-es2018/roadmap-app.js(1882,23): error TS2339: Property 'clipboard' does not exist on type 'Navigator'.
coming-soon/js-es2018/roadmap-app.js(1885,5): error TS2584: Cannot find name 'document'. Do you need to change your target library? Try changing the 'lib' compiler option to include 'dom'.
coming-soon/js-es2018/roadmap-app.js(1895,5): error TS2584: Cannot find name 'document'. Do you need to change your target library? Try changing the 'lib' compiler option to include 'dom'.
coming-soon/js-es2018/roadmap-app.js(1897,13): error TS2584: Cannot find name 'document'. Do you need to change your target library? Try changing the 'lib' compiler option to include 'dom'.
coming-soon/js-es2018/roadmap-app.js(1903,5): error TS2584: Cannot find name 'document'. Do you need to change your target library? Try changing the 'lib' compiler option to include 'dom'.
coming-soon/js-es2018/roadmap-app.js(1911,5): error TS2584: Cannot find name 'document'. Do you need to change your target library? Try changing the 'lib' compiler option to include 'dom'.
coming-soon/js-es2018/roadmap-app.js(1957,38): error TS2339: Property '_currentRoadmap' does not exist on type 'typeof window'.
coming-soon/js-es2018/roadmap-app.js(1973,27): error TS2339: Property 'clipboard' does not exist on type 'Navigator'.
coming-soon/js-es2018/roadmap-app.js(1978,5): error TS2584: Cannot find name 'document'. Do you need to change your target library? Try changing the 'lib' compiler option to include 'dom'.
coming-soon/js-es2018/roadmap-app.js(1980,38): error TS2584: Cannot find name 'document'. Do you need to change your target library? Try changing the 'lib' compiler option to include 'dom'.
coming-soon/js-es2018/roadmap-app.js(2006,5): error TS2584: Cannot find name 'document'. Do you need to change your target library? Try changing the 'lib' compiler option to include 'dom'.
coming-soon/js-es2018/roadmap-app.js(2026,16): error TS2304: Cannot find name 'html2pdf'.
coming-soon/js-es2018/roadmap-app.js(2033,19): error TS2584: Cannot find name 'document'. Do you need to change your target library? Try changing the 'lib' compiler option to include 'dom'.
coming-soon/js-es2018/roadmap-app.js(2042,21): error TS2584: Cannot find name 'document'. Do you need to change your target library? Try changing the 'lib' compiler option to include 'dom'.
coming-soon/js-es2018/roadmap-app.js(2049,20): error TS2584: Cannot find name 'document'. Do you need to change your target library? Try changing the 'lib' compiler option to include 'dom'.
coming-soon/js-es2018/roadmap-app.js(2054,19): error TS2584: Cannot find name 'document'. Do you need to change your target library? Try changing the 'lib' compiler option to include 'dom'.
coming-soon/js-es2018/roadmap-app.js(2061,18): error TS2584: Cannot find name 'document'. Do you need to change your target library? Try changing the 'lib' compiler option to include 'dom'.
coming-soon/js-es2018/roadmap-app.js(2068,21): error TS2584: Cannot find name 'document'. Do you need to change your target library? Try changing the 'lib' compiler option to include 'dom'.
coming-soon/js-es2018/roadmap-app.js(2080,21): error TS2584: Cannot find name 'document'. Do you need to change your target library? Try changing the 'lib' compiler option to include 'dom'.
coming-soon/js-es2018/roadmap-app.js(2082,24): error TS2584: Cannot find name 'document'. Do you need to change your target library? Try changing the 'lib' compiler option to include 'dom'.
coming-soon/js-es2018/roadmap-app.js(2088,24): error TS2584: Cannot find name 'document'. Do you need to change your target library? Try changing the 'lib' compiler option to include 'dom'.
coming-soon/js-es2018/roadmap-app.js(2097,24): error TS2584: Cannot find name 'document'. Do you need to change your target library? Try changing the 'lib' compiler option to include 'dom'.
coming-soon/js-es2018/roadmap-app.js(2115,26): error TS2339: Property 'getComputedStyle' does not exist on type 'typeof window'.
coming-soon/js-es2018/roadmap-app.js(2133,20): error TS2584: Cannot find name 'document'. Do you need to change your target library? Try changing the 'lib' compiler option to include 'dom'.
coming-soon/js-es2018/roadmap-app.js(2142,5): error TS2584: Cannot find name 'document'. Do you need to change your target library? Try changing the 'lib' compiler option to include 'dom'.
coming-soon/js-es2018/roadmap-app.js(2150,5): error TS2304: Cannot find name 'html2pdf'.
coming-soon/js-es2018/roadmap-app.js(2151,9): error TS2584: Cannot find name 'document'. Do you need to change your target library? Try changing the 'lib' compiler option to include 'dom'.
coming-soon/js-es2018/roadmap-app.js(2155,13): error TS2584: Cannot find name 'document'. Do you need to change your target library? Try changing the 'lib' compiler option to include 'dom'.
coming-soon/js-es2018/roadmap-app.js(2308,15): error TS2584: Cannot find name 'document'. Do you need to change your target library? Try changing the 'lib' compiler option to include 'dom'.
coming-soon/js-es2018/roadmap-app.js(2425,15): error TS2584: Cannot find name 'document'. Do you need to change your target library? Try changing the 'lib' compiler option to include 'dom'.
coming-soon/js-es2018/roadmap-app.js(2433,24): error TS2304: Cannot find name 'FileReader'.
coming-soon/js-es2018/roadmap-app.js(2609,15): error TS2584: Cannot find name 'document'. Do you need to change your target library? Try changing the 'lib' compiler option to include 'dom'.
coming-soon/js-es2018/roadmap-app.js(2616,1): error TS2584: Cannot find name 'document'. Do you need to change your target library? Try changing the 'lib' compiler option to include 'dom'.
coming-soon/js-es2018/roadmap-app.js(2617,1): error TS2584: Cannot find name 'document'. Do you need to change your target library? Try changing the 'lib' compiler option to include 'dom'.
coming-soon/js-es2018/roadmap-app.js(2618,1): error TS2584: Cannot find name 'document'. Do you need to change your target library? Try changing the 'lib' compiler option to include 'dom'.
coming-soon/js-es2018/roadmap-app.js(2623,38): error TS2339: Property 'clipboard' does not exist on type 'Navigator'.
coming-soon/js-es2018/roadmap-app.js(2626,13): error TS2339: Property 'clipboard' does not exist on type 'Navigator'.
coming-soon/js-es2018/roadmap-app.js(2627,1): error TS2584: Cannot find name 'document'. Do you need to change your target library? Try changing the 'lib' compiler option to include 'dom'.
coming-soon/js-es2018/roadmap-app.js(2633,269): error TS2339: Property 'clipboard' does not exist on type 'Navigator'.
coming-soon/js-es2018/roadmap-app.js(2636,13): error TS2339: Property 'clipboard' does not exist on type 'Navigator'.
coming-soon/js-es2018/roadmap-app.js(2637,1): error TS2584: Cannot find name 'document'. Do you need to change your target library? Try changing the 'lib' compiler option to include 'dom'.
coming-soon/js-es2018/roadmap-app.js(2647,168): error TS2584: Cannot find name 'document'. Do you need to change your target library? Try changing the 'lib' compiler option to include 'dom'.
coming-soon/js-es2018/roadmap-app.js(2648,1): error TS2584: Cannot find name 'document'. Do you need to change your target library? Try changing the 'lib' compiler option to include 'dom'.
coming-soon/js-es2018/roadmap-app.js(2655,117): error TS2584: Cannot find name 'document'. Do you need to change your target library? Try changing the 'lib' compiler option to include 'dom'.
coming-soon/js-es2018/roadmap-app.js(2656,1): error TS2584: Cannot find name 'document'. Do you need to change your target library? Try changing the 'lib' compiler option to include 'dom'.
coming-soon/js-es2018/roadmap-app.js(2657,1): error TS2584: Cannot find name 'document'. Do you need to change your target library? Try changing the 'lib' compiler option to include 'dom'.
coming-soon/js-es2018/roadmap-app.js(2658,1): error TS2584: Cannot find name 'document'. Do you need to change your target library? Try changing the 'lib' compiler option to include 'dom'.
coming-soon/js-es2018/roadmap-app.js(2659,1): error TS2584: Cannot find name 'document'. Do you need to change your target library? Try changing the 'lib' compiler option to include 'dom'.
coming-soon/js-es2018/roadmap-app.js(2690,15): error TS2584: Cannot find name 'document'. Do you need to change your target library? Try changing the 'lib' compiler option to include 'dom'.
coming-soon/js-es2018/roadmap-app.js(2697,1): error TS2584: Cannot find name 'document'. Do you need to change your target library? Try changing the 'lib' compiler option to include 'dom'.
coming-soon/js-es2018/roadmap-app.js(2697,75): error TS2584: Cannot find name 'document'. Do you need to change your target library? Try changing the 'lib' compiler option to include 'dom'.
coming-soon/js-es2018/roadmap-app.js(2698,1): error TS2584: Cannot find name 'document'. Do you need to change your target library? Try changing the 'lib' compiler option to include 'dom'.
coming-soon/js-es2018/roadmap-app.js(2704,23): error TS2584: Cannot find name 'document'. Do you need to change your target library? Try changing the 'lib' compiler option to include 'dom'.
coming-soon/js-es2018/roadmap-app.js(2707,26): error TS2304: Cannot find name 'IntersectionObserver'.
coming-soon/js-es2018/roadmap-app.js(2712,18): error TS2584: Cannot find name 'document'. Do you need to change your target library? Try changing the 'lib' compiler option to include 'dom'.
coming-soon/js-es2018/roadmap-app.js(2718,20): error TS2584: Cannot find name 'document'. Do you need to change your target library? Try changing the 'lib' compiler option to include 'dom'.
coming-soon/js-es2018/roadmap-app.js(2719,19): error TS2584: Cannot find name 'document'. Do you need to change your target library? Try changing the 'lib' compiler option to include 'dom'.
coming-soon/js-es2018/roadmap-app.js(2738,20): error TS2584: Cannot find name 'document'. Do you need to change your target library? Try changing the 'lib' compiler option to include 'dom'.
coming-soon/js-es2018/roadmap-app.js(2739,23): error TS2584: Cannot find name 'document'. Do you need to change your target library? Try changing the 'lib' compiler option to include 'dom'.
coming-soon/js-es2018/roadmap-app.js(2784,106): error TS2345: Argument of type 'string' is not assignable to parameter of type 'number'.
coming-soon/js-es2018/roadmap-app.js(2814,1): error TS2584: Cannot find name 'document'. Do you need to change your target library? Try changing the 'lib' compiler option to include 'dom'.
coming-soon/js-es2018/roadmap-app.js(2817,130): error TS2304: Cannot find name 'location'.
coming-soon/js-es2018/roadmap-app.js(2817,181): error TS2304: Cannot find name 'location'.
coming-soon/js-es2018/roadmap-app.js(2817,208): error TS2304: Cannot find name 'location'.
coming-soon/js-es2018/roadmap-app.js(2817,224): error TS2304: Cannot find name 'location'.
coming-soon/js-es2018/roadmap-app.js(2817,293): error TS2339: Property 'clipboard' does not exist on type 'Navigator'.
coming-soon/js-es2018/roadmap-app.js(2819,9): error TS2304: Cannot find name 'location'.
coming-soon/js-es2018/roadmap-app.js(2822,54): error TS2304: Cannot find name 'location'.
coming-soon/js-es2018/roadmap-app.js(2826,13): error TS2304: Cannot find name 'history'.
coming-soon/js-es2018/roadmap-app.js(2826,44): error TS2304: Cannot find name 'location'.
coming-soon/js-es2018/roadmap-app.js(2826,64): error TS2304: Cannot find name 'location'.
coming-soon/js-es2018/scan-utils.js(84,19): error TS2304: Cannot find name 'FileList'.
coming-soon/js-es2018/scan-utils.js(149,9): error TS2353: Object literal may only specify known properties, and 'simpleHash' does not exist in type '{ runScan(projectPath?: string, options?: any): Promise<any>; getResults(): Promise<any>; getProgress(projectPath: string): Promise<any>; exportReport(): void; getIssueCategories(): any[]; } | { ...; } | { ...; } | { ...; }'.
coming-soon/js-es2018/scan-worker.js(5,7): error TS2451: Cannot redeclare block-scoped variable 'MAX_DISCOVERED_FILES'.
coming-soon/js-es2018/scan-worker.js(6,7): error TS2451: Cannot redeclare block-scoped variable 'LANGUAGE_REGISTRY'.
coming-soon/js-es2018/scan-worker.js(16,7): error TS2451: Cannot redeclare block-scoped variable 'PATTERN_REGISTRY'.
coming-soon/js-es2018/scan-worker.js(90,7): error TS2451: Cannot redeclare block-scoped variable 'SEVERITY_MAP'.
coming-soon/js-es2018/scan-worker.js(229,22): error TS2551: Property 'postMessage' does not exist on type 'typeof self'. Did you mean 'onmessage'?
coming-soon/js-es2018/scan-worker.js(237,10): error TS2551: Property 'postMessage' does not exist on type 'typeof self'. Did you mean 'onmessage'?
coming-soon/js-es2018/scan-worker.js(239,14): error TS2551: Property 'postMessage' does not exist on type 'typeof self'. Did you mean 'onmessage'?
coming-soon/js-es2018/scan-worker.js(253,14): error TS2551: Property 'postMessage' does not exist on type 'typeof self'. Did you mean 'onmessage'?
coming-soon/js-es2018/scan-worker.js(256,18): error TS2551: Property 'postMessage' does not exist on type 'typeof self'. Did you mean 'onmessage'?
coming-soon/js-es2018/scan-worker.js(259,18): error TS2551: Property 'postMessage' does not exist on type 'typeof self'. Did you mean 'onmessage'?
coming-soon/js-es2018/terminal-simulation.js(3,18): error TS2584: Cannot find name 'document'. Do you need to change your target library? Try changing the 'lib' compiler option to include 'dom'.
coming-soon/js-es2018/terminal-simulation.js(4,22): error TS2584: Cannot find name 'document'. Do you need to change your target library? Try changing the 'lib' compiler option to include 'dom'.
coming-soon/js-es2018/terminal-simulation.js(5,22): error TS2584: Cannot find name 'document'. Do you need to change your target library? Try changing the 'lib' compiler option to include 'dom'.
coming-soon/js-es2018/terminal-simulation.js(6,22): error TS2584: Cannot find name 'document'. Do you need to change your target library? Try changing the 'lib' compiler option to include 'dom'.
coming-soon/js-es2018/terminal-simulation.js(11,44): error TS2584: Cannot find name 'document'. Do you need to change your target library? Try changing the 'lib' compiler option to include 'dom'.
coming-soon/js-es2018/terminal-simulation.js(13,21): error TS2584: Cannot find name 'document'. Do you need to change your target library? Try changing the 'lib' compiler option to include 'dom'.
coming-soon/js-es2018/terminal-simulation.js(20,21): error TS2584: Cannot find name 'document'. Do you need to change your target library? Try changing the 'lib' compiler option to include 'dom'.
coming-soon/js-es2018/terminal-simulation.js(27,21): error TS2584: Cannot find name 'document'. Do you need to change your target library? Try changing the 'lib' compiler option to include 'dom'.
coming-soon/js-es2018/terminal-simulation.js(29,22): error TS2584: Cannot find name 'document'. Do you need to change your target library? Try changing the 'lib' compiler option to include 'dom'.
coming-soon/js-es2018/terminal-simulation.js(37,27): error TS2584: Cannot find name 'document'. Do you need to change your target library? Try changing the 'lib' compiler option to include 'dom'.
coming-soon/js-es2018/terminal-simulation.js(45,21): error TS2584: Cannot find name 'document'. Do you need to change your target library? Try changing the 'lib' compiler option to include 'dom'.
coming-soon/js-es2018/terminal-simulation.js(57,21): error TS2584: Cannot find name 'document'. Do you need to change your target library? Try changing the 'lib' compiler option to include 'dom'.
coming-soon/js-es2018/terminal-simulation.js(117,13): error TS2584: Cannot find name 'document'. Do you need to change your target library? Try changing the 'lib' compiler option to include 'dom'.
coming-soon/js-es2018/terminal-simulation.js(193,5): error TS2584: Cannot find name 'document'. Do you need to change your target library? Try changing the 'lib' compiler option to include 'dom'.
coming-soon/js-es2018/terminal-simulation.js(195,13): error TS2584: Cannot find name 'document'. Do you need to change your target library? Try changing the 'lib' compiler option to include 'dom'.
coming-soon/js/auth.js(26,9): error TS2584: Cannot find name 'document'. Do you need to change your target library? Try changing the 'lib' compiler option to include 'dom'.
coming-soon/js/auth.js(35,12): error TS2339: Property 'location' does not exist on type 'typeof window'.
coming-soon/js/auth.js(40,47): error TS2339: Property 'location' does not exist on type 'typeof window'.
coming-soon/js/auth.js(43,19): error TS2584: Cannot find name 'document'. Do you need to change your target library? Try changing the 'lib' compiler option to include 'dom'.
coming-soon/js/auth.js(56,10): error TS2339: Property 'SbAuth' does not exist on type 'typeof window'.
coming-soon/js/dashboard/certificate-module.js(2,46): error TS2339: Property 'escapeHtml' does not exist on type 'typeof window'.
coming-soon/js/dashboard/certificate-module.js(3,12): error TS2339: Property 'escapeHtml' does not exist on type 'typeof window'.
coming-soon/js/dashboard/certificate-module.js(17,7): error TS2451: Cannot redeclare block-scoped variable 'ZIP_MARKDOWN_TEMPLATES'.
coming-soon/js/dashboard/certificate-module.js(107,17): error TS2339: Property 'JSZip' does not exist on type 'typeof window'.
coming-soon/js/dashboard/certificate-module.js(107,34): error TS2339: Property 'html2canvas' does not exist on type 'typeof window'.
coming-soon/js/dashboard/certificate-module.js(117,21): error TS2304: Cannot find name 'JSZip'.
coming-soon/js/dashboard/certificate-module.js(147,58): error TS2339: Property '_tokenPayload' does not exist on type 'typeof window'.
coming-soon/js/dashboard/certificate-module.js(147,88): error TS2339: Property '_tokenPayload' does not exist on type 'typeof window'.
coming-soon/js/dashboard/certificate-module.js(673,28): error TS2339: Property '_tokenPayload' does not exist on type 'typeof window'.
coming-soon/js/dashboard/certificate-module.js(673,52): error TS2339: Property '_tokenPayload' does not exist on type 'typeof window'.
coming-soon/js/dashboard/certificate-module.js(673,81): error TS2339: Property '_tokenPayload' does not exist on type 'typeof window'.
coming-soon/js/dashboard/certificate-module.js(740,50): error TS2362: The left-hand side of an arithmetic operation must be of type 'any', 'number', 'bigint' or an enum type.
coming-soon/js/dashboard/certificate-module.js(740,65): error TS2363: The right-hand side of an arithmetic operation must be of type 'any', 'number', 'bigint' or an enum type.
coming-soon/js/dashboard/certificate-module.js(1037,19): error TS2584: Cannot find name 'document'. Do you need to change your target library? Try changing the 'lib' compiler option to include 'dom'.
coming-soon/js/dashboard/certificate-module.js(1041,9): error TS2584: Cannot find name 'document'. Do you need to change your target library? Try changing the 'lib' compiler option to include 'dom'.
coming-soon/js/dashboard/certificate-module.js(1042,47): error TS2339: Property 'open' does not exist on type 'typeof window'.
coming-soon/js/dashboard/certificate-module.js(1050,5): error TS2451: Cannot redeclare block-scoped variable '__certGenerating'.
coming-soon/js/dashboard/certificate-module.js(1058,24): error TS2584: Cannot find name 'document'. Do you need to change your target library? Try changing the 'lib' compiler option to include 'dom'.
coming-soon/js/dashboard/certificate-module.js(1074,31): error TS2304: Cannot find name 'getCertificateCredentials'.
coming-soon/js/dashboard/certificate-module.js(1074,75): error TS2304: Cannot find name 'getCertificateCredentials'.
coming-soon/js/dashboard/certificate-module.js(1084,26): error TS2584: Cannot find name 'document'. Do you need to change your target library? Try changing the 'lib' compiler option to include 'dom'.
coming-soon/js/dashboard/certificate-module.js(1087,26): error TS2584: Cannot find name 'document'. Do you need to change your target library? Try changing the 'lib' compiler option to include 'dom'.
coming-soon/js/dashboard/certificate-module.js(1089,26): error TS2584: Cannot find name 'document'. Do you need to change your target library? Try changing the 'lib' compiler option to include 'dom'.
coming-soon/js/dashboard/certificate-module.js(1091,25): error TS2584: Cannot find name 'document'. Do you need to change your target library? Try changing the 'lib' compiler option to include 'dom'.
coming-soon/js/dashboard/certificate-module.js(1114,12): error TS2339: Property 'generateSovereignCertificate' does not exist on type 'typeof window'.
coming-soon/js/dashboard/certificate-module.js(1115,12): error TS2339: Property 'doGenerateCertificate' does not exist on type 'typeof window'.
coming-soon/js/dashboard/main.js(2,1): error TS6200: Definitions of the following identifiers conflict with those in another file: TOAST_DURATION_SHORT, TOAST_DURATION_LONG, FILE_COUNT_HIGH, FILE_COUNT_VERY_HIGH, LOCAL_SERVER_PORTS, API_BASE, IS_LOCAL_HOST, submitBtn, status, scanPreview, scanMeta, previewContent, tabCli, tabBrowser, viewCli, viewBrowser, localScanFileName, cliFolderInput, cliFilesInput, dropzonePrompt, integrityHashEl, browserFolderDropzone, accumulatedPickerFiles, isAccumulatingFolders, _pickerTriggeredByButton, SKIP_DIRS, UPDATE_INTERVAL, cliJsonDropzone, cliFileName, reportData, scanAbortController, MODULE_REPORT_KEYS, BROWSER_SCAN_PROFILES, PROFILE_SECTIONS, sandboxNoteText, MODULE_CARDS, urlParams, sessionId, urlToken, resendBtn, resendEmail, resendStatus, tryFreeBtn, LS_KEY_TOKEN, LS_KEY_SCAN, resetBtn, tabCliImport, tabCliSetup, viewCliImport, viewCliSetup, oneClickInstallBtn, installCommandEl, tabImportUpload, tabImportPaste, viewImportUpload, viewImportPaste, selectDriveTargetBtn, _browserDragDepth, _cliDragDepth, terminalConsole, panelStatus, panelMetrics, panelProgressContainer, panelProgressBar, certSubmitBtn, clearSessionBtn, copyJsonBtn, collapsePreviewBtn, SCANNER_BRIDGE_PORT, BRIDGE_URL, bridgeAvailable, bridgeEventSource, serverUploadUrl, DATA_SERVER_PORT, DATA_SERVER_URL, dataServerAvailable, dataServerSse, isPickerActive
coming-soon/js/dashboard/main.js(3,16): error TS2584: Cannot find name 'document'. Do you need to change your target library? Try changing the 'lib' compiler option to include 'dom'.
coming-soon/js/dashboard/main.js(5,15): error TS2339: Property 'clipboard' does not exist on type 'Navigator'.
coming-soon/js/dashboard/main.js(12,21): error TS2584: Cannot find name 'document'. Do you need to change your target library? Try changing the 'lib' compiler option to include 'dom'.
coming-soon/js/dashboard/main.js(58,16): error TS2584: Cannot find name 'document'. Do you need to change your target library? Try changing the 'lib' compiler option to include 'dom'.
coming-soon/js/dashboard/main.js(76,12): error TS2339: Property 'simpleHash' does not exist on type 'typeof window'.
coming-soon/js/dashboard/main.js(93,19): error TS2304: Cannot find name 'location'.
coming-soon/js/dashboard/main.js(93,56): error TS2304: Cannot find name 'location'.
coming-soon/js/dashboard/main.js(93,93): error TS2304: Cannot find name 'location'.
coming-soon/js/dashboard/main.js(94,23): error TS2304: Cannot find name 'location'.
coming-soon/js/dashboard/main.js(94,60): error TS2304: Cannot find name 'location'.
coming-soon/js/dashboard/main.js(101,21): error TS2304: Cannot find name 'location'.
coming-soon/js/dashboard/main.js(101,58): error TS2304: Cannot find name 'location'.
coming-soon/js/dashboard/main.js(103,34): error TS2304: Cannot find name 'location'.
coming-soon/js/dashboard/main.js(105,16): error TS2304: Cannot find name 'location'.
coming-soon/js/dashboard/main.js(108,16): error TS2304: Cannot find name 'location'.
coming-soon/js/dashboard/main.js(114,19): error TS2584: Cannot find name 'document'. Do you need to change your target library? Try changing the 'lib' compiler option to include 'dom'.
coming-soon/js/dashboard/main.js(115,16): error TS2584: Cannot find name 'document'. Do you need to change your target library? Try changing the 'lib' compiler option to include 'dom'.
coming-soon/js/dashboard/main.js(116,21): error TS2584: Cannot find name 'document'. Do you need to change your target library? Try changing the 'lib' compiler option to include 'dom'.
coming-soon/js/dashboard/main.js(117,18): error TS2584: Cannot find name 'document'. Do you need to change your target library? Try changing the 'lib' compiler option to include 'dom'.
coming-soon/js/dashboard/main.js(118,24): error TS2584: Cannot find name 'document'. Do you need to change your target library? Try changing the 'lib' compiler option to include 'dom'.
coming-soon/js/dashboard/main.js(131,16): error TS2584: Cannot find name 'document'. Do you need to change your target library? Try changing the 'lib' compiler option to include 'dom'.
coming-soon/js/dashboard/main.js(132,20): error TS2584: Cannot find name 'document'. Do you need to change your target library? Try changing the 'lib' compiler option to include 'dom'.
coming-soon/js/dashboard/main.js(133,17): error TS2584: Cannot find name 'document'. Do you need to change your target library? Try changing the 'lib' compiler option to include 'dom'.
coming-soon/js/dashboard/main.js(134,21): error TS2584: Cannot find name 'document'. Do you need to change your target library? Try changing the 'lib' compiler option to include 'dom'.
coming-soon/js/dashboard/main.js(137,27): error TS2584: Cannot find name 'document'. Do you need to change your target library? Try changing the 'lib' compiler option to include 'dom'.
coming-soon/js/dashboard/main.js(138,24): error TS2584: Cannot find name 'document'. Do you need to change your target library? Try changing the 'lib' compiler option to include 'dom'.
coming-soon/js/dashboard/main.js(139,23): error TS2584: Cannot find name 'document'. Do you need to change your target library? Try changing the 'lib' compiler option to include 'dom'.
coming-soon/js/dashboard/main.js(140,24): error TS2584: Cannot find name 'document'. Do you need to change your target library? Try changing the 'lib' compiler option to include 'dom'.
coming-soon/js/dashboard/main.js(141,25): error TS2584: Cannot find name 'document'. Do you need to change your target library? Try changing the 'lib' compiler option to include 'dom'.
coming-soon/js/dashboard/main.js(144,31): error TS2584: Cannot find name 'document'. Do you need to change your target library? Try changing the 'lib' compiler option to include 'dom'.
coming-soon/js/dashboard/main.js(145,7): error TS2451: Cannot redeclare block-scoped variable 'jsonPasteInput'.
coming-soon/js/dashboard/main.js(145,24): error TS2584: Cannot find name 'document'. Do you need to change your target library? Try changing the 'lib' compiler option to include 'dom'.
coming-soon/js/dashboard/main.js(146,7): error TS2451: Cannot redeclare block-scoped variable 'jsonPasteBtn'.
coming-soon/js/dashboard/main.js(146,22): error TS2584: Cannot find name 'document'. Do you need to change your target library? Try changing the 'lib' compiler option to include 'dom'.
coming-soon/js/dashboard/main.js(165,28): error TS2304: Cannot find name 'ScanUtils'.
coming-soon/js/dashboard/main.js(165,57): error TS2304: Cannot find name 'ScanUtils'.
coming-soon/js/dashboard/main.js(166,11): error TS2304: Cannot find name 'ScanUtils'.
coming-soon/js/dashboard/main.js(167,19): error TS2304: Cannot find name 'analyzeFolderSize'.
coming-soon/js/dashboard/main.js(167,55): error TS2304: Cannot find name 'analyzeFolderSize'.
coming-soon/js/dashboard/main.js(259,25): error TS2584: Cannot find name 'document'. Do you need to change your target library? Try changing the 'lib' compiler option to include 'dom'.
coming-soon/js/dashboard/main.js(260,7): error TS2451: Cannot redeclare block-scoped variable 'fileInput'.
coming-soon/js/dashboard/main.js(260,19): error TS2584: Cannot find name 'document'. Do you need to change your target library? Try changing the 'lib' compiler option to include 'dom'.
coming-soon/js/dashboard/main.js(261,21): error TS2584: Cannot find name 'document'. Do you need to change your target library? Try changing the 'lib' compiler option to include 'dom'.
coming-soon/js/dashboard/main.js(274,25): error TS2339: Property 'clipboard' does not exist on type 'Navigator'.
coming-soon/js/dashboard/main.js(490,29): error TS2339: Property '_scanPreviewData' does not exist on type 'typeof window'.
coming-soon/js/dashboard/main.js(492,33): error TS2339: Property '_tokenPayload' does not exist on type 'typeof window'.
coming-soon/js/dashboard/main.js(492,63): error TS2339: Property '_tokenPayload' does not exist on type 'typeof window'.
coming-soon/js/dashboard/main.js(503,43): error TS2339: Property '_scanPreviewModules' does not exist on type 'typeof window'.
coming-soon/js/dashboard/main.js(513,23): error TS2584: Cannot find name 'document'. Do you need to change your target library? Try changing the 'lib' compiler option to include 'dom'.
coming-soon/js/dashboard/main.js(516,13): error TS2584: Cannot find name 'document'. Do you need to change your target library? Try changing the 'lib' compiler option to include 'dom'.
coming-soon/js/dashboard/main.js(523,37): error TS2339: Property '_scanPreviewModules' does not exist on type 'typeof window'.
coming-soon/js/dashboard/main.js(827,15): error TS2584: Cannot find name 'document'. Do you need to change your target library? Try changing the 'lib' compiler option to include 'dom'.
coming-soon/js/dashboard/main.js(830,5): error TS2584: Cannot find name 'document'. Do you need to change your target library? Try changing the 'lib' compiler option to include 'dom'.
coming-soon/js/dashboard/main.js(856,26): error TS2339: Property '_tokenPayload' does not exist on type 'typeof window'.
coming-soon/js/dashboard/main.js(891,23): error TS2584: Cannot find name 'document'. Do you need to change your target library? Try changing the 'lib' compiler option to include 'dom'.
coming-soon/js/dashboard/main.js(893,19): error TS2584: Cannot find name 'document'. Do you need to change your target library? Try changing the 'lib' compiler option to include 'dom'.
coming-soon/js/dashboard/main.js(1004,25): error TS2584: Cannot find name 'document'. Do you need to change your target library? Try changing the 'lib' compiler option to include 'dom'.
coming-soon/js/dashboard/main.js(1083,22): error TS2584: Cannot find name 'document'. Do you need to change your target library? Try changing the 'lib' compiler option to include 'dom'.
coming-soon/js/dashboard/main.js(1171,19): error TS2584: Cannot find name 'document'. Do you need to change your target library? Try changing the 'lib' compiler option to include 'dom'.
coming-soon/js/dashboard/main.js(1258,20): error TS2584: Cannot find name 'document'. Do you need to change your target library? Try changing the 'lib' compiler option to include 'dom'.
coming-soon/js/dashboard/main.js(1260,16): error TS2339: Property '_tokenPayload' does not exist on type 'typeof window'.
coming-soon/js/dashboard/main.js(1266,26): error TS2584: Cannot find name 'document'. Do you need to change your target library? Try changing the 'lib' compiler option to include 'dom'.
coming-soon/js/dashboard/main.js(1268,9): error TS2584: Cannot find name 'document'. Do you need to change your target library? Try changing the 'lib' compiler option to include 'dom'.
coming-soon/js/dashboard/main.js(1269,9): error TS2584: Cannot find name 'document'. Do you need to change your target library? Try changing the 'lib' compiler option to include 'dom'.
coming-soon/js/dashboard/main.js(1270,9): error TS2584: Cannot find name 'document'. Do you need to change your target library? Try changing the 'lib' compiler option to include 'dom'.
coming-soon/js/dashboard/main.js(1271,9): error TS2584: Cannot find name 'document'. Do you need to change your target library? Try changing the 'lib' compiler option to include 'dom'.
coming-soon/js/dashboard/main.js(1272,9): error TS2584: Cannot find name 'document'. Do you need to change your target library? Try changing the 'lib' compiler option to include 'dom'.
coming-soon/js/dashboard/main.js(1280,16): error TS2339: Property '_tokenPayload' does not exist on type 'typeof window'.
coming-soon/js/dashboard/main.js(1287,32): error TS2584: Cannot find name 'document'. Do you need to change your target library? Try changing the 'lib' compiler option to include 'dom'.
coming-soon/js/dashboard/main.js(1289,29): error TS2584: Cannot find name 'document'. Do you need to change your target library? Try changing the 'lib' compiler option to include 'dom'.
coming-soon/js/dashboard/main.js(1291,32): error TS2584: Cannot find name 'document'. Do you need to change your target library? Try changing the 'lib' compiler option to include 'dom'.
coming-soon/js/dashboard/main.js(1293,29): error TS2584: Cannot find name 'document'. Do you need to change your target library? Try changing the 'lib' compiler option to include 'dom'.
coming-soon/js/dashboard/main.js(1295,29): error TS2584: Cannot find name 'document'. Do you need to change your target library? Try changing the 'lib' compiler option to include 'dom'.
coming-soon/js/dashboard/main.js(1300,31): error TS2584: Cannot find name 'document'. Do you need to change your target library? Try changing the 'lib' compiler option to include 'dom'.
coming-soon/js/dashboard/main.js(1307,26): error TS2584: Cannot find name 'document'. Do you need to change your target library? Try changing the 'lib' compiler option to include 'dom'.
coming-soon/js/dashboard/main.js(1310,13): error TS2584: Cannot find name 'document'. Do you need to change your target library? Try changing the 'lib' compiler option to include 'dom'.
coming-soon/js/dashboard/main.js(1318,24): error TS2584: Cannot find name 'document'. Do you need to change your target library? Try changing the 'lib' compiler option to include 'dom'.
coming-soon/js/dashboard/main.js(1326,28): error TS2584: Cannot find name 'document'. Do you need to change your target library? Try changing the 'lib' compiler option to include 'dom'.
coming-soon/js/dashboard/main.js(1327,28): error TS2584: Cannot find name 'document'. Do you need to change your target library? Try changing the 'lib' compiler option to include 'dom'.
coming-soon/js/dashboard/main.js(1328,28): error TS2584: Cannot find name 'document'. Do you need to change your target library? Try changing the 'lib' compiler option to include 'dom'.
coming-soon/js/dashboard/main.js(1329,26): error TS2584: Cannot find name 'document'. Do you need to change your target library? Try changing the 'lib' compiler option to include 'dom'.
coming-soon/js/dashboard/main.js(1365,46): error TS2339: Property 'location' does not exist on type 'typeof window'.
coming-soon/js/dashboard/main.js(1380,5): error TS2584: Cannot find name 'document'. Do you need to change your target library? Try changing the 'lib' compiler option to include 'dom'.
coming-soon/js/dashboard/main.js(1384,19): error TS2584: Cannot find name 'document'. Do you need to change your target library? Try changing the 'lib' compiler option to include 'dom'.
coming-soon/js/dashboard/main.js(1385,21): error TS2584: Cannot find name 'document'. Do you need to change your target library? Try changing the 'lib' compiler option to include 'dom'.
coming-soon/js/dashboard/main.js(1386,22): error TS2584: Cannot find name 'document'. Do you need to change your target library? Try changing the 'lib' compiler option to include 'dom'.
coming-soon/js/dashboard/main.js(1406,20): error TS2339: Property 'success' does not exist on type 'unknown'.
coming-soon/js/dashboard/main.js(1407,47): error TS2339: Property 'message' does not exist on type 'unknown'.
coming-soon/js/dashboard/main.js(1409,27): error TS2339: Property 'redirectToPricing' does not exist on type 'unknown'.
coming-soon/js/dashboard/main.js(1410,20): error TS2339: Property 'location' does not exist on type 'typeof window'.
coming-soon/js/dashboard/main.js(1413,47): error TS2339: Property 'error' does not exist on type 'unknown'.
coming-soon/js/dashboard/main.js(1428,20): error TS2584: Cannot find name 'document'. Do you need to change your target library? Try changing the 'lib' compiler option to include 'dom'.
coming-soon/js/dashboard/main.js(1431,17): error TS2584: Cannot find name 'document'. Do you need to change your target library? Try changing the 'lib' compiler option to include 'dom'.
coming-soon/js/dashboard/main.js(1433,20): error TS2584: Cannot find name 'document'. Do you need to change your target library? Try changing the 'lib' compiler option to include 'dom'.
coming-soon/js/dashboard/main.js(1457,18): error TS2339: Property 'success' does not exist on type 'unknown'.
coming-soon/js/dashboard/main.js(1457,34): error TS2339: Property 'token' does not exist on type 'unknown'.
coming-soon/js/dashboard/main.js(1458,39): error TS2339: Property 'token' does not exist on type 'unknown'.
coming-soon/js/dashboard/main.js(1459,40): error TS2339: Property 'token' does not exist on type 'unknown'.
coming-soon/js/dashboard/main.js(1465,19): error TS2304: Cannot find name 'history'.
coming-soon/js/dashboard/main.js(1465,86): error TS2339: Property 'token' does not exist on type 'unknown'.
coming-soon/js/dashboard/main.js(1470,63): error TS2339: Property 'error' does not exist on type 'unknown'.
coming-soon/js/dashboard/main.js(1485,24): error TS2584: Cannot find name 'document'. Do you need to change your target library? Try changing the 'lib' compiler option to include 'dom'.
coming-soon/js/dashboard/main.js(1540,44): error TS2588: Cannot assign to 'accountTokens' because it is a constant.
coming-soon/js/dashboard/main.js(1549,26): error TS2584: Cannot find name 'document'. Do you need to change your target library? Try changing the 'lib' compiler option to include 'dom'.
coming-soon/js/dashboard/main.js(1584,21): error TS2584: Cannot find name 'document'. Do you need to change your target library? Try changing the 'lib' compiler option to include 'dom'.
coming-soon/js/dashboard/main.js(1590,19): error TS2584: Cannot find name 'document'. Do you need to change your target library? Try changing the 'lib' compiler option to include 'dom'.
coming-soon/js/dashboard/main.js(1591,19): error TS2584: Cannot find name 'document'. Do you need to change your target library? Try changing the 'lib' compiler option to include 'dom'.
coming-soon/js/dashboard/main.js(1592,19): error TS2584: Cannot find name 'document'. Do you need to change your target library? Try changing the 'lib' compiler option to include 'dom'.
coming-soon/js/dashboard/main.js(1593,19): error TS2584: Cannot find name 'document'. Do you need to change your target library? Try changing the 'lib' compiler option to include 'dom'.
coming-soon/js/dashboard/main.js(1594,19): error TS2584: Cannot find name 'document'. Do you need to change your target library? Try changing the 'lib' compiler option to include 'dom'.
coming-soon/js/dashboard/main.js(1704,31): error TS2339: Property 'renderPreview' does not exist on type 'typeof window'.
coming-soon/js/dashboard/main.js(1704,68): error TS2339: Property 'renderPreview' does not exist on type 'typeof window'.
coming-soon/js/dashboard/main.js(1711,34): error TS2584: Cannot find name 'document'. Do you need to change your target library? Try changing the 'lib' compiler option to include 'dom'.
coming-soon/js/dashboard/main.js(1721,18): error TS2584: Cannot find name 'document'. Do you need to change your target library? Try changing the 'lib' compiler option to include 'dom'.
coming-soon/js/dashboard/main.js(1726,16): error TS2339: Property '_scanPreviewData' does not exist on type 'typeof window'.
coming-soon/js/dashboard/main.js(1727,16): error TS2339: Property '_scanPreviewModules' does not exist on type 'typeof window'.
coming-soon/js/dashboard/main.js(1734,35): error TS2584: Cannot find name 'document'. Do you need to change your target library? Try changing the 'lib' compiler option to include 'dom'.
coming-soon/js/dashboard/main.js(1737,29): error TS2584: Cannot find name 'document'. Do you need to change your target library? Try changing the 'lib' compiler option to include 'dom'.
coming-soon/js/dashboard/main.js(1741,24): error TS2584: Cannot find name 'document'. Do you need to change your target library? Try changing the 'lib' compiler option to include 'dom'.
coming-soon/js/dashboard/main.js(1758,27): error TS2584: Cannot find name 'document'. Do you need to change your target library? Try changing the 'lib' compiler option to include 'dom'.
coming-soon/js/dashboard/main.js(1760,32): error TS2584: Cannot find name 'document'. Do you need to change your target library? Try changing the 'lib' compiler option to include 'dom'.
coming-soon/js/dashboard/main.js(1768,32): error TS2584: Cannot find name 'document'. Do you need to change your target library? Try changing the 'lib' compiler option to include 'dom'.
coming-soon/js/dashboard/main.js(1781,1): error TS2584: Cannot find name 'document'. Do you need to change your target library? Try changing the 'lib' compiler option to include 'dom'.
coming-soon/js/dashboard/main.js(1795,23): error TS2584: Cannot find name 'document'. Do you need to change your target library? Try changing the 'lib' compiler option to include 'dom'.
coming-soon/js/dashboard/main.js(1819,28): error TS2584: Cannot find name 'document'. Do you need to change your target library? Try changing the 'lib' compiler option to include 'dom'.
coming-soon/js/dashboard/main.js(1820,28): error TS2584: Cannot find name 'document'. Do you need to change your target library? Try changing the 'lib' compiler option to include 'dom'.
coming-soon/js/dashboard/main.js(1821,27): error TS2584: Cannot find name 'document'. Do you need to change your target library? Try changing the 'lib' compiler option to include 'dom'.
coming-soon/js/dashboard/main.js(1824,24): error TS2584: Cannot find name 'document'. Do you need to change your target library? Try changing the 'lib' compiler option to include 'dom'.
coming-soon/js/dashboard/main.js(1843,41): error TS2339: Property 'renderPreview' does not exist on type 'typeof window'.
coming-soon/js/dashboard/main.js(1843,78): error TS2339: Property 'renderPreview' does not exist on type 'typeof window'.
coming-soon/js/dashboard/main.js(1878,22): error TS2584: Cannot find name 'document'. Do you need to change your target library? Try changing the 'lib' compiler option to include 'dom'.
coming-soon/js/dashboard/main.js(1879,21): error TS2584: Cannot find name 'document'. Do you need to change your target library? Try changing the 'lib' compiler option to include 'dom'.
coming-soon/js/dashboard/main.js(1880,23): error TS2584: Cannot find name 'document'. Do you need to change your target library? Try changing the 'lib' compiler option to include 'dom'.
coming-soon/js/dashboard/main.js(1881,22): error TS2584: Cannot find name 'document'. Do you need to change your target library? Try changing the 'lib' compiler option to include 'dom'.
coming-soon/js/dashboard/main.js(1905,28): error TS2584: Cannot find name 'document'. Do you need to change your target library? Try changing the 'lib' compiler option to include 'dom'.
coming-soon/js/dashboard/main.js(1906,26): error TS2584: Cannot find name 'document'. Do you need to change your target library? Try changing the 'lib' compiler option to include 'dom'.
coming-soon/js/dashboard/main.js(1909,19): error TS2339: Property 'clipboard' does not exist on type 'Navigator'.
coming-soon/js/dashboard/main.js(1918,25): error TS2584: Cannot find name 'document'. Do you need to change your target library? Try changing the 'lib' compiler option to include 'dom'.
coming-soon/js/dashboard/main.js(1919,24): error TS2584: Cannot find name 'document'. Do you need to change your target library? Try changing the 'lib' compiler option to include 'dom'.
coming-soon/js/dashboard/main.js(1920,26): error TS2584: Cannot find name 'document'. Do you need to change your target library? Try changing the 'lib' compiler option to include 'dom'.
coming-soon/js/dashboard/main.js(1921,25): error TS2584: Cannot find name 'document'. Do you need to change your target library? Try changing the 'lib' compiler option to include 'dom'.
coming-soon/js/dashboard/main.js(1957,43): error TS2339: Property 'isSecureContext' does not exist on type 'typeof window'.
coming-soon/js/dashboard/main.js(1958,18): error TS2339: Property 'isSecureContext' does not exist on type 'typeof window'.
coming-soon/js/dashboard/main.js(1959,11): error TS2304: Cannot find name 'location'.
coming-soon/js/dashboard/main.js(1959,45): error TS2304: Cannot find name 'location'.
coming-soon/js/dashboard/main.js(1959,82): error TS2304: Cannot find name 'location'.
coming-soon/js/dashboard/main.js(1960,16): error TS2304: Cannot find name 'showDirectoryPicker'.
coming-soon/js/dashboard/main.js(1969,9): error TS2304: Cannot find name 'showDirectoryPicker'.
coming-soon/js/dashboard/main.js(2012,25): error TS2584: Cannot find name 'document'. Do you need to change your target library? Try changing the 'lib' compiler option to include 'dom'.
coming-soon/js/dashboard/main.js(2053,31): error TS2584: Cannot find name 'document'. Do you need to change your target library? Try changing the 'lib' compiler option to include 'dom'.
coming-soon/js/dashboard/main.js(2163,30): error TS2584: Cannot find name 'document'. Do you need to change your target library? Try changing the 'lib' compiler option to include 'dom'.
coming-soon/js/dashboard/main.js(2217,35): error TS2584: Cannot find name 'document'. Do you need to change your target library? Try changing the 'lib' compiler option to include 'dom'.
coming-soon/js/dashboard/main.js(2228,17): error TS2584: Cannot find name 'document'. Do you need to change your target library? Try changing the 'lib' compiler option to include 'dom'.
coming-soon/js/dashboard/main.js(2231,9): error TS2584: Cannot find name 'document'. Do you need to change your target library? Try changing the 'lib' compiler option to include 'dom'.
coming-soon/js/dashboard/main.js(2237,9): error TS2584: Cannot find name 'document'. Do you need to change your target library? Try changing the 'lib' compiler option to include 'dom'.
coming-soon/js/dashboard/main.js(2275,16): error TS2339: Property '_scanPreviewData' does not exist on type 'typeof window'.
coming-soon/js/dashboard/main.js(2276,16): error TS2339: Property '_scanPreviewModules' does not exist on type 'typeof window'.
coming-soon/js/dashboard/main.js(2279,27): error TS2339: Property 'processLocalCLIScan' does not exist on type 'typeof window'.
coming-soon/js/dashboard/main.js(2279,76): error TS2339: Property 'processLocalCLIScan' does not exist on type 'typeof window'.
coming-soon/js/dashboard/main.js(2284,1): error TS2584: Cannot find name 'document'. Do you need to change your target library? Try changing the 'lib' compiler option to include 'dom'.
coming-soon/js/dashboard/main.js(2287,26): error TS2584: Cannot find name 'document'. Do you need to change your target library? Try changing the 'lib' compiler option to include 'dom'.
coming-soon/js/dashboard/main.js(2302,20): error TS2584: Cannot find name 'document'. Do you need to change your target library? Try changing the 'lib' compiler option to include 'dom'.
coming-soon/js/dashboard/main.js(2303,19): error TS2584: Cannot find name 'document'. Do you need to change your target library? Try changing the 'lib' compiler option to include 'dom'.
coming-soon/js/dashboard/main.js(2412,24): error TS2304: Cannot find name 'FileReader'.
coming-soon/js/dashboard/main.js(2419,31): error TS2339: Property 'renderPreview' does not exist on type 'typeof window'.
coming-soon/js/dashboard/main.js(2419,68): error TS2339: Property 'renderPreview' does not exist on type 'typeof window'.
coming-soon/js/dashboard/main.js(2424,33): error TS2584: Cannot find name 'document'. Do you need to change your target library? Try changing the 'lib' compiler option to include 'dom'.
coming-soon/js/dashboard/main.js(2435,13): error TS2584: Cannot find name 'document'. Do you need to change your target library? Try changing the 'lib' compiler option to include 'dom'.
coming-soon/js/dashboard/main.js(2593,17): error TS2339: Property 'scanId' does not exist on type '{}'.
coming-soon/js/dashboard/main.js(2604,22): error TS2339: Property 'status' does not exist on type 'unknown'.
coming-soon/js/dashboard/main.js(2605,34): error TS2339: Property 'percent' does not exist on type 'unknown'.
coming-soon/js/dashboard/main.js(2606,83): error TS2339: Property 'current' does not exist on type 'unknown'.
coming-soon/js/dashboard/main.js(2606,111): error TS2339: Property 'total' does not exist on type 'unknown'.
coming-soon/js/dashboard/main.js(2609,22): error TS2339: Property 'status' does not exist on type 'unknown'.
coming-soon/js/dashboard/main.js(2610,67): error TS2339: Property 'error' does not exist on type 'unknown'.
coming-soon/js/dashboard/main.js(2613,22): error TS2339: Property 'status' does not exist on type 'unknown'.
coming-soon/js/dashboard/main.js(2615,26): error TS2339: Property 'reportJson' does not exist on type 'unknown'.
coming-soon/js/dashboard/main.js(2616,39): error TS2339: Property 'reportJson' does not exist on type 'unknown'.
coming-soon/js/dashboard/main.js(2617,39): error TS2339: Property 'renderPreview' does not exist on type 'typeof window'.
coming-soon/js/dashboard/main.js(2617,76): error TS2339: Property 'renderPreview' does not exist on type 'typeof window'.
coming-soon/js/dashboard/main.js(2621,37): error TS2584: Cannot find name 'document'. Do you need to change your target library? Try changing the 'lib' compiler option to include 'dom'.
coming-soon/js/dashboard/main.js(2653,29): error TS2339: Property 'report' does not exist on type 'unknown'.
coming-soon/js/dashboard/main.js(2656,16): error TS2339: Property '_scanPreviewData' does not exist on type 'typeof window'.
coming-soon/js/dashboard/main.js(2657,16): error TS2339: Property '_scanPreviewModules' does not exist on type 'typeof window'.
coming-soon/js/dashboard/main.js(2660,9): error TS2304: Cannot find name 'renderFullReport'.
coming-soon/js/dashboard/main.js(2706,23): error TS2339: Property 'processLocalCLIScan' does not exist on type 'typeof window'.
coming-soon/js/dashboard/main.js(2712,12): error TS2339: Property '_scanPreviewData' does not exist on type 'typeof window'.
coming-soon/js/dashboard/main.js(2713,12): error TS2339: Property '_scanPreviewModules' does not exist on type 'typeof window'.
coming-soon/js/dashboard/main.js(2718,22): error TS2339: Property 'processLocalCLIScan' does not exist on type 'typeof window'.
coming-soon/js/dashboard/main.js(2733,43): error TS2339: Property 'processLocalCLIScan' does not exist on type 'typeof window'.
coming-soon/js/dashboard/main.js(2808,31): error TS2339: Property 'renderPreview' does not exist on type 'typeof window'.
coming-soon/js/dashboard/main.js(2808,68): error TS2339: Property 'renderPreview' does not exist on type 'typeof window'.
coming-soon/js/dashboard/main.js(2831,25): error TS2584: Cannot find name 'document'. Do you need to change your target library? Try changing the 'lib' compiler option to include 'dom'.
coming-soon/js/dashboard/main.js(2832,21): error TS2584: Cannot find name 'document'. Do you need to change your target library? Try changing the 'lib' compiler option to include 'dom'.
coming-soon/js/dashboard/main.js(2833,22): error TS2584: Cannot find name 'document'. Do you need to change your target library? Try changing the 'lib' compiler option to include 'dom'.
coming-soon/js/dashboard/main.js(2834,32): error TS2584: Cannot find name 'document'. Do you need to change your target library? Try changing the 'lib' compiler option to include 'dom'.
coming-soon/js/dashboard/main.js(2835,26): error TS2584: Cannot find name 'document'. Do you need to change your target library? Try changing the 'lib' compiler option to include 'dom'.
coming-soon/js/dashboard/main.js(2839,18): error TS2584: Cannot find name 'document'. Do you need to change your target library? Try changing the 'lib' compiler option to include 'dom'.
coming-soon/js/dashboard/main.js(2885,16): error TS2304: Cannot find name 'openCertCredentialsModal'.
coming-soon/js/dashboard/main.js(2885,57): error TS2304: Cannot find name 'openCertCredentialsModal'.
coming-soon/js/dashboard/main.js(2890,23): error TS2584: Cannot find name 'document'. Do you need to change your target library? Try changing the 'lib' compiler option to include 'dom'.
coming-soon/js/dashboard/main.js(2893,20): error TS2304: Cannot find name 'openCertCredentialsModal'.
coming-soon/js/dashboard/main.js(2893,61): error TS2304: Cannot find name 'openCertCredentialsModal'.
coming-soon/js/dashboard/main.js(2903,25): error TS2584: Cannot find name 'document'. Do you need to change your target library? Try changing the 'lib' compiler option to include 'dom'.
coming-soon/js/dashboard/main.js(2907,25): error TS2304: Cannot find name 'confirm'.
coming-soon/js/dashboard/main.js(2915,29): error TS2584: Cannot find name 'document'. Do you need to change your target library? Try changing the 'lib' compiler option to include 'dom'.
coming-soon/js/dashboard/main.js(2934,21): error TS2584: Cannot find name 'document'. Do you need to change your target library? Try changing the 'lib' compiler option to include 'dom'.
coming-soon/js/dashboard/main.js(2938,19): error TS2339: Property 'clipboard' does not exist on type 'Navigator'.
coming-soon/js/dashboard/main.js(2947,28): error TS2584: Cannot find name 'document'. Do you need to change your target library? Try changing the 'lib' compiler option to include 'dom'.
coming-soon/js/dashboard/main.js(2961,23): error TS2584: Cannot find name 'document'. Do you need to change your target library? Try changing the 'lib' compiler option to include 'dom'.
coming-soon/js/dashboard/main.js(2966,1): error TS2584: Cannot find name 'document'. Do you need to change your target library? Try changing the 'lib' compiler option to include 'dom'.
coming-soon/js/dashboard/main.js(2969,21): error TS2584: Cannot find name 'document'. Do you need to change your target library? Try changing the 'lib' compiler option to include 'dom'.
coming-soon/js/dashboard/main.js(2977,1): error TS2584: Cannot find name 'document'. Do you need to change your target library? Try changing the 'lib' compiler option to include 'dom'.
coming-soon/js/dashboard/main.js(2980,29): error TS2339: Property '_tokenPayload' does not exist on type 'typeof window'.
coming-soon/js/dashboard/main.js(2980,59): error TS2339: Property '_tokenPayload' does not exist on type 'typeof window'.
coming-soon/js/dashboard/main.js(3030,27): error TS2584: Cannot find name 'document'. Do you need to change your target library? Try changing the 'lib' compiler option to include 'dom'.
coming-soon/js/dashboard/main.js(3048,26): error TS2584: Cannot find name 'document'. Do you need to change your target library? Try changing the 'lib' compiler option to include 'dom'.
coming-soon/js/dashboard/main.js(3059,27): error TS2584: Cannot find name 'document'. Do you need to change your target library? Try changing the 'lib' compiler option to include 'dom'.
coming-soon/js/dashboard/main.js(3061,30): error TS2584: Cannot find name 'document'. Do you need to change your target library? Try changing the 'lib' compiler option to include 'dom'.
coming-soon/js/dashboard/main.js(3072,26): error TS2584: Cannot find name 'document'. Do you need to change your target library? Try changing the 'lib' compiler option to include 'dom'.
coming-soon/js/dashboard/main.js(3089,38): error TS2584: Cannot find name 'document'. Do you need to change your target library? Try changing the 'lib' compiler option to include 'dom'.
coming-soon/js/dashboard/main.js(3107,17): error TS2584: Cannot find name 'document'. Do you need to change your target library? Try changing the 'lib' compiler option to include 'dom'.
coming-soon/js/dashboard/main.js(3119,27): error TS2339: Property 'renderPreview' does not exist on type 'typeof window'.
coming-soon/js/dashboard/main.js(3120,20): error TS2339: Property 'renderPreview' does not exist on type 'typeof window'.
coming-soon/js/dashboard/main.js(3124,124): error TS2339: Property 'totalFiles' does not exist on type 'unknown'.
coming-soon/js/dashboard/main.js(3124,145): error TS2339: Property 'filesAnalyzed' does not exist on type 'unknown'.
coming-soon/js/dashboard/main.js(3124,189): error TS2339: Property 'qualityScore' does not exist on type 'unknown'.
coming-soon/js/dashboard/main.js(3124,219): error TS2339: Property 'qualityScore' does not exist on type 'unknown'.
coming-soon/js/dashboard/main.js(3125,52): error TS2339: Property 'totalFiles' does not exist on type 'unknown'.
coming-soon/js/dashboard/main.js(3125,73): error TS2339: Property 'filesAnalyzed' does not exist on type 'unknown'.
coming-soon/js/dashboard/main.js(3138,34): error TS2304: Cannot find name 'location'.
coming-soon/js/dashboard/main.js(3150,28): error TS2584: Cannot find name 'document'. Do you need to change your target library? Try changing the 'lib' compiler option to include 'dom'.
coming-soon/js/dashboard/main.js(3151,26): error TS2584: Cannot find name 'document'. Do you need to change your target library? Try changing the 'lib' compiler option to include 'dom'.
coming-soon/js/dashboard/main.js(3152,31): error TS2584: Cannot find name 'document'. Do you need to change your target library? Try changing the 'lib' compiler option to include 'dom'.
coming-soon/js/dashboard/main.js(3166,18): error TS2584: Cannot find name 'document'. Do you need to change your target library? Try changing the 'lib' compiler option to include 'dom'.
coming-soon/js/dashboard/main.js(3168,18): error TS2584: Cannot find name 'document'. Do you need to change your target library? Try changing the 'lib' compiler option to include 'dom'.
coming-soon/js/dashboard/main.js(3194,23): error TS2584: Cannot find name 'document'. Do you need to change your target library? Try changing the 'lib' compiler option to include 'dom'.
coming-soon/js/dashboard/main.js(3223,25): error TS2584: Cannot find name 'document'. Do you need to change your target library? Try changing the 'lib' compiler option to include 'dom'.
coming-soon/js/dashboard/main.js(3224,25): error TS2584: Cannot find name 'document'. Do you need to change your target library? Try changing the 'lib' compiler option to include 'dom'.
coming-soon/js/dashboard/main.js(3225,23): error TS2584: Cannot find name 'document'. Do you need to change your target library? Try changing the 'lib' compiler option to include 'dom'.
coming-soon/js/dashboard/main.js(3226,18): error TS2584: Cannot find name 'document'. Do you need to change your target library? Try changing the 'lib' compiler option to include 'dom'.
coming-soon/js/dashboard/main.js(3277,99): error TS2339: Property 'scanId' does not exist on type 'unknown'.
coming-soon/js/dashboard/main.js(3289,120): error TS2339: Property 'totalFiles' does not exist on type 'unknown'.
coming-soon/js/dashboard/main.js(3289,140): error TS2339: Property 'totalFiles' does not exist on type 'unknown'.
coming-soon/js/dashboard/main.js(3289,197): error TS2339: Property 'qualityScore' does not exist on type 'unknown'.
coming-soon/js/dashboard/main.js(3289,227): error TS2339: Property 'qualityScore' does not exist on type 'unknown'.
coming-soon/js/dashboard/main.js(3291,27): error TS2339: Property 'renderPreview' does not exist on type 'typeof window'.
coming-soon/js/dashboard/main.js(3292,20): error TS2339: Property 'renderPreview' does not exist on type 'typeof window'.
coming-soon/js/dashboard/main.js(3296,50): error TS2339: Property 'totalFiles' does not exist on type 'unknown'.
coming-soon/js/dashboard/main.js(3296,70): error TS2339: Property 'totalFiles' does not exist on type 'unknown'.
coming-soon/js/dashboard/main.js(3307,19): error TS2584: Cannot find name 'document'. Do you need to change your target library? Try changing the 'lib' compiler option to include 'dom'.
coming-soon/js/dashboard/main.js(3309,23): error TS2584: Cannot find name 'document'. Do you need to change your target library? Try changing the 'lib' compiler option to include 'dom'.
coming-soon/js/dashboard/main.js(3313,5): error TS2584: Cannot find name 'document'. Do you need to change your target library? Try changing the 'lib' compiler option to include 'dom'.
coming-soon/js/dashboard/main.js(3314,45): error TS2304: Cannot find name 'copyToClipboard'.
coming-soon/js/dashboard/main.js(3317,40): error TS2584: Cannot find name 'document'. Do you need to change your target library? Try changing the 'lib' compiler option to include 'dom'.
coming-soon/js/dashboard/main.js(3321,26): error TS2584: Cannot find name 'document'. Do you need to change your target library? Try changing the 'lib' compiler option to include 'dom'.
coming-soon/js/dashboard/main.js(3326,26): error TS2584: Cannot find name 'document'. Do you need to change your target library? Try changing the 'lib' compiler option to include 'dom'.
coming-soon/js/dashboard/main.js(3330,17): error TS2304: Cannot find name 'toggleModuleDropdown'.
coming-soon/js/dashboard/main.js(3336,17): error TS2304: Cannot find name 'toggleModuleDropdown'.
coming-soon/js/dashboard/main.js(3341,5): error TS2584: Cannot find name 'document'. Do you need to change your target library? Try changing the 'lib' compiler option to include 'dom'.
coming-soon/js/dashboard/main.js(3347,28): error TS2584: Cannot find name 'document'. Do you need to change your target library? Try changing the 'lib' compiler option to include 'dom'.
coming-soon/js/dashboard/main.js(3350,13): error TS2584: Cannot find name 'document'. Do you need to change your target library? Try changing the 'lib' compiler option to include 'dom'.
coming-soon/js/dashboard/main.js(3351,13): error TS2584: Cannot find name 'document'. Do you need to change your target library? Try changing the 'lib' compiler option to include 'dom'.
coming-soon/js/dashboard/main.js(3355,25): error TS2584: Cannot find name 'document'. Do you need to change your target library? Try changing the 'lib' compiler option to include 'dom'.
coming-soon/js/dashboard/main.js(3367,17): error TS2584: Cannot find name 'document'. Do you need to change your target library? Try changing the 'lib' compiler option to include 'dom'.
coming-soon/js/dashboard/main.js(3379,22): error TS2584: Cannot find name 'document'. Do you need to change your target library? Try changing the 'lib' compiler option to include 'dom'.
coming-soon/js/dashboard/main.js(3388,5): error TS2584: Cannot find name 'document'. Do you need to change your target library? Try changing the 'lib' compiler option to include 'dom'.
coming-soon/js/dashboard/main.js(3389,5): error TS2584: Cannot find name 'document'. Do you need to change your target library? Try changing the 'lib' compiler option to include 'dom'.
coming-soon/js/dashboard/main.js(3399,41): error TS2339: Property 'currentReport' does not exist on type 'typeof window'.
coming-soon/js/dashboard/main.js(3399,80): error TS2339: Property 'currentReport' does not exist on type 'typeof window'.
coming-soon/js/dashboard/main.js(3399,120): error TS2339: Property 'lastScanReport' does not exist on type 'typeof window'.
coming-soon/js/dashboard/main.js(3399,160): error TS2339: Property 'lastScanReport' does not exist on type 'typeof window'.
coming-soon/js/dashboard/main.js(3404,31): error TS2339: Property '__postReportToVsCode' does not exist on type 'typeof window'.
coming-soon/js/dashboard/main.js(3405,24): error TS2339: Property '__postReportToVsCode' does not exist on type 'typeof window'.
coming-soon/js/dashboard/main.js(3419,51): error TS2339: Property 'location' does not exist on type 'typeof window'.
coming-soon/js/dashboard/main.js(3430,35): error TS2339: Property 'renderPreview' does not exist on type 'typeof window'.
coming-soon/js/dashboard/main.js(3430,72): error TS2339: Property 'renderPreview' does not exist on type 'typeof window'.
coming-soon/js/dashboard/main.js(3431,37): error TS2584: Cannot find name 'document'. Do you need to change your target library? Try changing the 'lib' compiler option to include 'dom'.
coming-soon/js/dashboard/phase-registry.js(151,40): error TS2339: Property 'PHASE_REGISTRY' does not exist on type 'typeof window'.
coming-soon/js/dashboard/phase-registry.js(151,77): error TS2339: Property 'computePhaseMetrics' does not exist on type 'typeof window'.
coming-soon/js/dashboard/scanner-engine.js(390,7): error TS2451: Cannot redeclare block-scoped variable 'REPORT_SECTION_SCHEMA'.
coming-soon/js/dashboard/scanner-engine.js(528,7): error TS2451: Cannot redeclare block-scoped variable 'CATEGORY_COLLECTORS'.
coming-soon/js/dashboard/scanner-engine.js(1125,12): error TS2339: Property '_scanPreviewData' does not exist on type 'typeof window'.
coming-soon/js/dashboard/scanner-engine.js(1126,12): error TS2339: Property '_scanPreviewModules' does not exist on type 'typeof window'.
coming-soon/js/dashboard/scanner-engine.js(1128,31): error TS2584: Cannot find name 'document'. Do you need to change your target library? Try changing the 'lib' compiler option to include 'dom'.
coming-soon/js/dashboard/scanner-engine.js(1243,23): error TS2584: Cannot find name 'document'. Do you need to change your target library? Try changing the 'lib' compiler option to include 'dom'.
coming-soon/js/dashboard/scanner-engine.js(1253,28): error TS2584: Cannot find name 'document'. Do you need to change your target library? Try changing the 'lib' compiler option to include 'dom'.
coming-soon/js/dashboard/scanner-engine.js(1258,28): error TS2584: Cannot find name 'document'. Do you need to change your target library? Try changing the 'lib' compiler option to include 'dom'.
coming-soon/js/dashboard/scanner-engine.js(1271,27): error TS2584: Cannot find name 'document'. Do you need to change your target library? Try changing the 'lib' compiler option to include 'dom'.
coming-soon/js/dashboard/scanner-engine.js(1274,17): error TS2584: Cannot find name 'document'. Do you need to change your target library? Try changing the 'lib' compiler option to include 'dom'.
coming-soon/js/dashboard/scanner-engine.js(1276,17): error TS2584: Cannot find name 'document'. Do you need to change your target library? Try changing the 'lib' compiler option to include 'dom'.
coming-soon/js/dashboard/scanner-engine.js(1284,24): error TS2584: Cannot find name 'document'. Do you need to change your target library? Try changing the 'lib' compiler option to include 'dom'.
coming-soon/js/dashboard/scanner-engine.js(1288,24): error TS2584: Cannot find name 'document'. Do you need to change your target library? Try changing the 'lib' compiler option to include 'dom'.
coming-soon/js/dashboard/scanner-engine.js(1307,27): error TS2339: Property 'clipboard' does not exist on type 'Navigator'.
coming-soon/js/dashboard/scanner-engine.js(1307,50): error TS2339: Property 'clipboard' does not exist on type 'Navigator'.
coming-soon/js/dashboard/scanner-engine.js(1308,27): error TS2339: Property 'clipboard' does not exist on type 'Navigator'.
coming-soon/js/dashboard/scanner-engine.js(1321,24): error TS2584: Cannot find name 'document'. Do you need to change your target library? Try changing the 'lib' compiler option to include 'dom'.
coming-soon/js/dashboard/scanner-engine.js(1325,13): error TS2584: Cannot find name 'document'. Do you need to change your target library? Try changing the 'lib' compiler option to include 'dom'.
coming-soon/js/dashboard/scanner-engine.js(1328,24): error TS2584: Cannot find name 'document'. Do you need to change your target library? Try changing the 'lib' compiler option to include 'dom'.
coming-soon/js/dashboard/scanner-engine.js(1329,13): error TS2584: Cannot find name 'document'. Do you need to change your target library? Try changing the 'lib' compiler option to include 'dom'.
coming-soon/js/dashboard/scanner-engine.js(1343,25): error TS2339: Property '_tokenPayload' does not exist on type 'typeof window'.
coming-soon/js/dashboard/scanner-engine.js(1343,55): error TS2339: Property '_tokenPayload' does not exist on type 'typeof window'.
coming-soon/js/dashboard/scanner-engine.js(1346,31): error TS2584: Cannot find name 'document'. Do you need to change your target library? Try changing the 'lib' compiler option to include 'dom'.
coming-soon/js/dashboard/scanner-engine.js(1351,25): error TS2584: Cannot find name 'document'. Do you need to change your target library? Try changing the 'lib' compiler option to include 'dom'.
coming-soon/js/dashboard/scanner-engine.js(1352,22): error TS2584: Cannot find name 'document'. Do you need to change your target library? Try changing the 'lib' compiler option to include 'dom'.
coming-soon/js/dashboard/scanner-engine.js(1528,42): error TS2339: Property '_scanOptions' does not exist on type 'typeof window'.
coming-soon/js/dashboard/scanner-engine.js(1584,27): error TS2584: Cannot find name 'document'. Do you need to change your target library? Try changing the 'lib' compiler option to include 'dom'.
coming-soon/js/dashboard/scanner-engine.js(1635,46): error TS2304: Cannot find name 'Worker'.
coming-soon/js/dashboard/scanner-engine.js(1637,30): error TS2304: Cannot find name 'Worker'.
coming-soon/js/dashboard/scanner-engine.js(1730,32): error TS2304: Cannot find name 'FileReader'.
coming-soon/js/dashboard/scanner-engine.js(2551,23): error TS2339: Property 'reportType' does not exist on type '{ label: string; help: string; note: string; reportType: string; title: string; checkAi: boolean; checkCredentials: boolean; checkDebug: number; checkGov: boolean; checkEuAi: boolean; checkAiResidue: boolean; } | { ...; }'.
  Property 'reportType' does not exist on type '{ label: string; checkAi: true; checkCredentials: true; checkDebug: boolean; checkGov: true; checkAiResidue: true; }'.
coming-soon/js/dashboard/scanner-engine.js(2557,28): error TS2551: Property 'checkEuAi' does not exist on type '{ label: string; help: string; note: string; reportType: string; title: string; checkAi: boolean; checkCredentials: boolean; checkDebug: number; checkGov: boolean; checkEuAi: boolean; checkAiResidue: boolean; } | { ...; }'. Did you mean 'checkAi'?
  Property 'checkEuAi' does not exist on type '{ label: string; checkAi: true; checkCredentials: true; checkDebug: boolean; checkGov: true; checkAiResidue: true; }'.
coming-soon/js/dashboard/scanner-engine.js(2739,9): error TS1117: An object literal cannot have multiple properties with the same name.
coming-soon/js/dashboard/scanner-engine.js(3024,24): error TS2339: Property 'title' does not exist on type '{ label: string; help: string; note: string; reportType: string; title: string; checkAi: boolean; checkCredentials: boolean; checkDebug: number; checkGov: boolean; checkEuAi: boolean; checkAiResidue: boolean; } | { ...; }'.
  Property 'title' does not exist on type '{ label: string; checkAi: true; checkCredentials: true; checkDebug: boolean; checkGov: true; checkAiResidue: true; }'.
coming-soon/js/dashboard/scanner-engine.js(3025,9): error TS1117: An object literal cannot have multiple properties with the same name.
coming-soon/js/dashboard/scanner-engine.js(3033,9): error TS1117: An object literal cannot have multiple properties with the same name.
coming-soon/js/dashboard/scanner-engine.js(3071,55): error TS2769: No overload matches this call.
  Overload 1 of 2, '(...items: ConcatArray<{ description: string; type: string; location: any; isStructured: boolean; }>[]): { description: string; type: string; location: any; isStructured: boolean; }[]', gave the following error.
    Argument of type '{ description: string; type: string; codeSnippet: string; isStructured: boolean; }[]' is not assignable to parameter of type 'ConcatArray<{ description: string; type: string; location: any; isStructured: boolean; }>'.
      The types returned by 'slice(...)' are incompatible between these types.
        Type '{ description: string; type: string; codeSnippet: string; isStructured: boolean; }[]' is not assignable to type '{ description: string; type: string; location: any; isStructured: boolean; }[]'.
          Property 'location' is missing in type '{ description: string; type: string; codeSnippet: string; isStructured: boolean; }' but required in type '{ description: string; type: string; location: any; isStructured: boolean; }'.
  Overload 2 of 2, '(...items: ({ description: string; type: string; location: any; isStructured: boolean; } | ConcatArray<{ description: string; type: string; location: any; isStructured: boolean; }>)[]): { ...; }[]', gave the following error.
    Argument of type '{ description: string; type: string; codeSnippet: string; isStructured: boolean; }[]' is not assignable to parameter of type '{ description: string; type: string; location: any; isStructured: boolean; } | ConcatArray<{ description: string; type: string; location: any; isStructured: boolean; }>'.
      Type '{ description: string; type: string; codeSnippet: string; isStructured: boolean; }[]' is not assignable to type 'ConcatArray<{ description: string; type: string; location: any; isStructured: boolean; }>'.
        The types returned by 'slice(...)' are incompatible between these types.
          Type '{ description: string; type: string; codeSnippet: string; isStructured: boolean; }[]' is not assignable to type '{ description: string; type: string; location: any; isStructured: boolean; }[]'.
            Property 'location' is missing in type '{ description: string; type: string; codeSnippet: string; isStructured: boolean; }' but required in type '{ description: string; type: string; location: any; isStructured: boolean; }'.
coming-soon/js/dashboard/scanner-engine.js(3111,72): error TS2769: No overload matches this call.
  Overload 1 of 2, '(...items: ConcatArray<{ description: string; type: string; location: any; isStructured: boolean; }>[]): { description: string; type: string; location: any; isStructured: boolean; }[]', gave the following error.
    Argument of type '{ description: string; type: string; codeSnippet: string; isStructured: boolean; }[]' is not assignable to parameter of type 'ConcatArray<{ description: string; type: string; location: any; isStructured: boolean; }>'.
      The types returned by 'slice(...)' are incompatible between these types.
        Type '{ description: string; type: string; codeSnippet: string; isStructured: boolean; }[]' is not assignable to type '{ description: string; type: string; location: any; isStructured: boolean; }[]'.
          Property 'location' is missing in type '{ description: string; type: string; codeSnippet: string; isStructured: boolean; }' but required in type '{ description: string; type: string; location: any; isStructured: boolean; }'.
  Overload 2 of 2, '(...items: ({ description: string; type: string; location: any; isStructured: boolean; } | ConcatArray<{ description: string; type: string; location: any; isStructured: boolean; }>)[]): { ...; }[]', gave the following error.
    Argument of type '{ description: string; type: string; codeSnippet: string; isStructured: boolean; }[]' is not assignable to parameter of type '{ description: string; type: string; location: any; isStructured: boolean; } | ConcatArray<{ description: string; type: string; location: any; isStructured: boolean; }>'.
      Type '{ description: string; type: string; codeSnippet: string; isStructured: boolean; }[]' is not assignable to type 'ConcatArray<{ description: string; type: string; location: any; isStructured: boolean; }>'.
        The types returned by 'slice(...)' are incompatible between these types.
          Type '{ description: string; type: string; codeSnippet: string; isStructured: boolean; }[]' is not assignable to type '{ description: string; type: string; location: any; isStructured: boolean; }[]'.
            Property 'location' is missing in type '{ description: string; type: string; codeSnippet: string; isStructured: boolean; }' but required in type '{ description: string; type: string; location: any; isStructured: boolean; }'.
coming-soon/js/dashboard/scanner-engine.js(3163,81): error TS2769: No overload matches this call.
  Overload 1 of 2, '(...items: ConcatArray<{ description: string; type: string; location: any; isStructured: boolean; }>[]): { description: string; type: string; location: any; isStructured: boolean; }[]', gave the following error.
    Argument of type '({ description: string; type: string; codeSnippet: string; isStructured: boolean; } | { description: string; type: string; isStructured: boolean; })[]' is not assignable to parameter of type 'ConcatArray<{ description: string; type: string; location: any; isStructured: boolean; }>'.
      The types returned by 'slice(...)' are incompatible between these types.
        Type '({ description: string; type: string; codeSnippet: string; isStructured: boolean; } | { description: string; type: string; isStructured: boolean; })[]' is not assignable to type '{ description: string; type: string; location: any; isStructured: boolean; }[]'.
          Type '{ description: string; type: string; codeSnippet: string; isStructured: boolean; } | { description: string; type: string; isStructured: boolean; }' is not assignable to type '{ description: string; type: string; location: any; isStructured: boolean; }'.
            Property 'location' is missing in type '{ description: string; type: string; codeSnippet: string; isStructured: boolean; }' but required in type '{ description: string; type: string; location: any; isStructured: boolean; }'.
  Overload 2 of 2, '(...items: ({ description: string; type: string; location: any; isStructured: boolean; } | ConcatArray<{ description: string; type: string; location: any; isStructured: boolean; }>)[]): { ...; }[]', gave the following error.
    Argument of type '({ description: string; type: string; codeSnippet: string; isStructured: boolean; } | { description: string; type: string; isStructured: boolean; })[]' is not assignable to parameter of type '{ description: string; type: string; location: any; isStructured: boolean; } | ConcatArray<{ description: string; type: string; location: any; isStructured: boolean; }>'.
      Type '({ description: string; type: string; codeSnippet: string; isStructured: boolean; } | { description: string; type: string; isStructured: boolean; })[]' is not assignable to type 'ConcatArray<{ description: string; type: string; location: any; isStructured: boolean; }>'.
        The types returned by 'slice(...)' are incompatible between these types.
          Type '({ description: string; type: string; codeSnippet: string; isStructured: boolean; } | { description: string; type: string; isStructured: boolean; })[]' is not assignable to type '{ description: string; type: string; location: any; isStructured: boolean; }[]'.
            Type '{ description: string; type: string; codeSnippet: string; isStructured: boolean; } | { description: string; type: string; isStructured: boolean; }' is not assignable to type '{ description: string; type: string; location: any; isStructured: boolean; }'.
              Property 'location' is missing in type '{ description: string; type: string; codeSnippet: string; isStructured: boolean; }' but required in type '{ description: string; type: string; location: any; isStructured: boolean; }'.
coming-soon/js/dashboard/scanner-engine.js(3172,55): error TS2769: No overload matches this call.
  Overload 1 of 2, '(...items: ConcatArray<{ description: string; type: string; location: any; isStructured: boolean; }>[]): { description: string; type: string; location: any; isStructured: boolean; }[]', gave the following error.
    Argument of type '{ description: string; type: string; codeSnippet: string; isStructured: boolean; }[]' is not assignable to parameter of type 'ConcatArray<{ description: string; type: string; location: any; isStructured: boolean; }>'.
      The types returned by 'slice(...)' are incompatible between these types.
        Type '{ description: string; type: string; codeSnippet: string; isStructured: boolean; }[]' is not assignable to type '{ description: string; type: string; location: any; isStructured: boolean; }[]'.
          Property 'location' is missing in type '{ description: string; type: string; codeSnippet: string; isStructured: boolean; }' but required in type '{ description: string; type: string; location: any; isStructured: boolean; }'.
  Overload 2 of 2, '(...items: ({ description: string; type: string; location: any; isStructured: boolean; } | ConcatArray<{ description: string; type: string; location: any; isStructured: boolean; }>)[]): { ...; }[]', gave the following error.
    Argument of type '{ description: string; type: string; codeSnippet: string; isStructured: boolean; }[]' is not assignable to parameter of type '{ description: string; type: string; location: any; isStructured: boolean; } | ConcatArray<{ description: string; type: string; location: any; isStructured: boolean; }>'.
      Type '{ description: string; type: string; codeSnippet: string; isStructured: boolean; }[]' is not assignable to type 'ConcatArray<{ description: string; type: string; location: any; isStructured: boolean; }>'.
        The types returned by 'slice(...)' are incompatible between these types.
          Type '{ description: string; type: string; codeSnippet: string; isStructured: boolean; }[]' is not assignable to type '{ description: string; type: string; location: any; isStructured: boolean; }[]'.
            Property 'location' is missing in type '{ description: string; type: string; codeSnippet: string; isStructured: boolean; }' but required in type '{ description: string; type: string; location: any; isStructured: boolean; }'.
coming-soon/js/dashboard/scanner-engine.js(3225,9): error TS2584: Cannot find name 'document'. Do you need to change your target library? Try changing the 'lib' compiler option to include 'dom'.
coming-soon/js/dashboard/scanner-engine.js(3239,28): error TS2584: Cannot find name 'document'. Do you need to change your target library? Try changing the 'lib' compiler option to include 'dom'.
coming-soon/js/dashboard/scanner-engine.js(3242,25): error TS2584: Cannot find name 'document'. Do you need to change your target library? Try changing the 'lib' compiler option to include 'dom'.
coming-soon/js/dashboard/scanner-engine.js(3252,23): error TS2584: Cannot find name 'document'. Do you need to change your target library? Try changing the 'lib' compiler option to include 'dom'.
coming-soon/js/dashboard/scanner-engine.js(3254,22): error TS2584: Cannot find name 'document'. Do you need to change your target library? Try changing the 'lib' compiler option to include 'dom'.
coming-soon/js/dashboard/scanner-engine.js(3257,22): error TS2584: Cannot find name 'document'. Do you need to change your target library? Try changing the 'lib' compiler option to include 'dom'.
coming-soon/js/dashboard/scanner-engine.js(3258,23): error TS2584: Cannot find name 'document'. Do you need to change your target library? Try changing the 'lib' compiler option to include 'dom'.
coming-soon/js/dashboard/scanner-engine.js(3261,21): error TS2584: Cannot find name 'document'. Do you need to change your target library? Try changing the 'lib' compiler option to include 'dom'.
coming-soon/js/dashboard/scanner-engine.js(3269,21): error TS2584: Cannot find name 'document'. Do you need to change your target library? Try changing the 'lib' compiler option to include 'dom'.
coming-soon/js/dashboard/scanner-engine.js(3271,21): error TS2584: Cannot find name 'document'. Do you need to change your target library? Try changing the 'lib' compiler option to include 'dom'.
coming-soon/js/dashboard/scanner-engine.js(3274,17): error TS2584: Cannot find name 'document'. Do you need to change your target library? Try changing the 'lib' compiler option to include 'dom'.
coming-soon/js/dashboard/scanner-engine.js(3280,25): error TS2584: Cannot find name 'document'. Do you need to change your target library? Try changing the 'lib' compiler option to include 'dom'.
coming-soon/js/dashboard/scanner-engine.js(3284,21): error TS2584: Cannot find name 'document'. Do you need to change your target library? Try changing the 'lib' compiler option to include 'dom'.
coming-soon/js/dashboard/scanner-engine.js(3287,29): error TS2584: Cannot find name 'document'. Do you need to change your target library? Try changing the 'lib' compiler option to include 'dom'.
coming-soon/js/dashboard/scanner-engine.js(3294,5): error TS2584: Cannot find name 'document'. Do you need to change your target library? Try changing the 'lib' compiler option to include 'dom'.
coming-soon/js/dashboard/scanner-engine.js(3297,19): error TS2584: Cannot find name 'document'. Do you need to change your target library? Try changing the 'lib' compiler option to include 'dom'.
coming-soon/js/dashboard/scanner-engine.js(3300,9): error TS2584: Cannot find name 'document'. Do you need to change your target library? Try changing the 'lib' compiler option to include 'dom'.
coming-soon/js/dashboard/scanner-engine.js(3317,27): error TS2584: Cannot find name 'document'. Do you need to change your target library? Try changing the 'lib' compiler option to include 'dom'.
coming-soon/js/dashboard/scanner-engine.js(3319,32): error TS2584: Cannot find name 'document'. Do you need to change your target library? Try changing the 'lib' compiler option to include 'dom'.
coming-soon/js/dashboard/scanner-engine.js(3326,12): error TS2339: Property 'extractMatches' does not exist on type 'typeof window'.
coming-soon/js/dashboard/scanner-engine.js(3327,12): error TS2339: Property 'processLocalCLIScan' does not exist on type 'typeof window'.
coming-soon/js/dashboard/scanner-patterns.js(5,7): error TS2451: Cannot redeclare block-scoped variable 'LANGUAGE_REGISTRY'.
coming-soon/js/dashboard/scanner-patterns.js(123,7): error TS2451: Cannot redeclare block-scoped variable 'PATTERN_REGISTRY'.
coming-soon/js/dashboard/scanner-patterns.js(1371,7): error TS2451: Cannot redeclare block-scoped variable 'ANALYZER_SCHEMA'.
coming-soon/js/dashboard/scanner-patterns.js(1465,7): error TS2451: Cannot redeclare block-scoped variable 'EXCLUSION_RULES'.
coming-soon/js/dashboard/scanner-patterns.js(1474,12): error TS2339: Property 'LANGUAGE_REGISTRY' does not exist on type 'typeof window'.
coming-soon/js/dashboard/scanner-patterns.js(1475,12): error TS2339: Property 'PATTERN_REGISTRY' does not exist on type 'typeof window'.
coming-soon/js/dashboard/scanner-patterns.js(1476,12): error TS2339: Property 'ANALYZER_SCHEMA' does not exist on type 'typeof window'.
coming-soon/js/dashboard/scanner-patterns.js(1477,12): error TS2339: Property 'EXCLUSION_RULES' does not exist on type 'typeof window'.
coming-soon/js/dashboard/token-file-system.js(17,42): error TS2584: Cannot find name 'document'. Do you need to change your target library? Try changing the 'lib' compiler option to include 'dom'.
coming-soon/js/dashboard/token-file-system.js(150,17): error TS2584: Cannot find name 'document'. Do you need to change your target library? Try changing the 'lib' compiler option to include 'dom'.
coming-soon/js/dashboard/token-file-system.js(153,7): error TS2584: Cannot find name 'document'. Do you need to change your target library? Try changing the 'lib' compiler option to include 'dom'.
coming-soon/js/dashboard/token-file-system.js(161,23): error TS2584: Cannot find name 'document'. Do you need to change your target library? Try changing the 'lib' compiler option to include 'dom'.
coming-soon/js/dashboard/token-file-system.js(171,18): error TS2584: Cannot find name 'document'. Do you need to change your target library? Try changing the 'lib' compiler option to include 'dom'.
coming-soon/js/dashboard/token-file-system.js(192,23): error TS2584: Cannot find name 'document'. Do you need to change your target library? Try changing the 'lib' compiler option to include 'dom'.
coming-soon/js/dashboard/token-file-system.js(195,22): error TS2584: Cannot find name 'document'. Do you need to change your target library? Try changing the 'lib' compiler option to include 'dom'.
coming-soon/js/dashboard/token-file-system.js(200,21): error TS2584: Cannot find name 'document'. Do you need to change your target library? Try changing the 'lib' compiler option to include 'dom'.
coming-soon/js/dashboard/token-file-system.js(202,20): error TS2584: Cannot find name 'document'. Do you need to change your target library? Try changing the 'lib' compiler option to include 'dom'.
coming-soon/js/dashboard/token-file-system.js(206,20): error TS2584: Cannot find name 'document'. Do you need to change your target library? Try changing the 'lib' compiler option to include 'dom'.
coming-soon/js/dashboard/token-file-system.js(209,24): error TS2584: Cannot find name 'document'. Do you need to change your target library? Try changing the 'lib' compiler option to include 'dom'.
coming-soon/js/dashboard/token-file-system.js(210,20): error TS2584: Cannot find name 'document'. Do you need to change your target library? Try changing the 'lib' compiler option to include 'dom'.
coming-soon/js/dashboard/token-file-system.js(213,24): error TS2584: Cannot find name 'document'. Do you need to change your target library? Try changing the 'lib' compiler option to include 'dom'.
coming-soon/js/dashboard/token-file-system.js(214,20): error TS2584: Cannot find name 'document'. Do you need to change your target library? Try changing the 'lib' compiler option to include 'dom'.
coming-soon/js/dashboard/token-file-system.js(217,21): error TS2584: Cannot find name 'document'. Do you need to change your target library? Try changing the 'lib' compiler option to include 'dom'.
coming-soon/js/dashboard/token-file-system.js(234,26): error TS2304: Cannot find name 'FileReader'.
coming-soon/js/dashboard/token-file-system.js(268,16): error TS2584: Cannot find name 'document'. Do you need to change your target library? Try changing the 'lib' compiler option to include 'dom'.
coming-soon/js/dashboard/token-file-system.js(277,23): error TS2584: Cannot find name 'document'. Do you need to change your target library? Try changing the 'lib' compiler option to include 'dom'.
coming-soon/js/dashboard/token-file-system.js(280,17): error TS2584: Cannot find name 'document'. Do you need to change your target library? Try changing the 'lib' compiler option to include 'dom'.
coming-soon/js/dashboard/token-file-system.js(294,26): error TS2304: Cannot find name 'FileReader'.
coming-soon/js/dashboard/token-file-system.js(310,23): error TS2584: Cannot find name 'document'. Do you need to change your target library? Try changing the 'lib' compiler option to include 'dom'.
coming-soon/js/dashboard/token-file-system.js(313,18): error TS2584: Cannot find name 'document'. Do you need to change your target library? Try changing the 'lib' compiler option to include 'dom'.
coming-soon/js/dashboard/token-file-system.js(337,10): error TS2339: Property 'TokenFileSystem' does not exist on type 'typeof window'.
coming-soon/js/dashboard/token-manager.js(4,1): error TS6200: Definitions of the following identifiers conflict with those in another file: licenseInput, browserScanProfile, scanProfileHelp, analyzerCardGrid, selectAllModules, selectAllCount, PRODUCT_CONFIG, TIER_PROFILES, ALL_MODULES, TIER_MODULE_MAP, numToId, selectedModules, ANALYZER_PRESETS
coming-soon/js/dashboard/token-manager.js(4,40): error TS2584: Cannot find name 'document'. Do you need to change your target library? Try changing the 'lib' compiler option to include 'dom'.
coming-soon/js/dashboard/token-manager.js(38,22): error TS2584: Cannot find name 'document'. Do you need to change your target library? Try changing the 'lib' compiler option to include 'dom'.
coming-soon/js/dashboard/token-manager.js(39,28): error TS2584: Cannot find name 'document'. Do you need to change your target library? Try changing the 'lib' compiler option to include 'dom'.
coming-soon/js/dashboard/token-manager.js(40,25): error TS2584: Cannot find name 'document'. Do you need to change your target library? Try changing the 'lib' compiler option to include 'dom'.
coming-soon/js/dashboard/token-manager.js(41,26): error TS2584: Cannot find name 'document'. Do you need to change your target library? Try changing the 'lib' compiler option to include 'dom'.
coming-soon/js/dashboard/token-manager.js(42,26): error TS2584: Cannot find name 'document'. Do you need to change your target library? Try changing the 'lib' compiler option to include 'dom'.
coming-soon/js/dashboard/token-manager.js(43,24): error TS2584: Cannot find name 'document'. Do you need to change your target library? Try changing the 'lib' compiler option to include 'dom'.
coming-soon/js/dashboard/token-manager.js(106,21): error TS2584: Cannot find name 'document'. Do you need to change your target library? Try changing the 'lib' compiler option to include 'dom'.
coming-soon/js/dashboard/token-manager.js(150,22): error TS2584: Cannot find name 'document'. Do you need to change your target library? Try changing the 'lib' compiler option to include 'dom'.
coming-soon/js/dashboard/token-manager.js(210,19): error TS2584: Cannot find name 'document'. Do you need to change your target library? Try changing the 'lib' compiler option to include 'dom'.
coming-soon/js/dashboard/token-manager.js(250,19): error TS2584: Cannot find name 'document'. Do you need to change your target library? Try changing the 'lib' compiler option to include 'dom'.
coming-soon/js/dashboard/token-manager.js(251,23): error TS2584: Cannot find name 'document'. Do you need to change your target library? Try changing the 'lib' compiler option to include 'dom'.
coming-soon/js/dashboard/token-manager.js(252,20): error TS2584: Cannot find name 'document'. Do you need to change your target library? Try changing the 'lib' compiler option to include 'dom'.
coming-soon/js/dashboard/token-manager.js(253,21): error TS2584: Cannot find name 'document'. Do you need to change your target library? Try changing the 'lib' compiler option to include 'dom'.
coming-soon/js/dashboard/token-manager.js(254,24): error TS2584: Cannot find name 'document'. Do you need to change your target library? Try changing the 'lib' compiler option to include 'dom'.
coming-soon/js/dashboard/token-manager.js(255,19): error TS2584: Cannot find name 'document'. Do you need to change your target library? Try changing the 'lib' compiler option to include 'dom'.
coming-soon/js/dashboard/token-manager.js(330,20): error TS2584: Cannot find name 'document'. Do you need to change your target library? Try changing the 'lib' compiler option to include 'dom'.
coming-soon/js/dashboard/token-manager.js(332,16): error TS2339: Property '_tokenPayload' does not exist on type 'typeof window'.
coming-soon/js/dashboard/token-manager.js(337,26): error TS2584: Cannot find name 'document'. Do you need to change your target library? Try changing the 'lib' compiler option to include 'dom'.
coming-soon/js/dashboard/token-manager.js(339,9): error TS2584: Cannot find name 'document'. Do you need to change your target library? Try changing the 'lib' compiler option to include 'dom'.
coming-soon/js/dashboard/token-manager.js(340,9): error TS2584: Cannot find name 'document'. Do you need to change your target library? Try changing the 'lib' compiler option to include 'dom'.
coming-soon/js/dashboard/token-manager.js(341,9): error TS2584: Cannot find name 'document'. Do you need to change your target library? Try changing the 'lib' compiler option to include 'dom'.
coming-soon/js/dashboard/token-manager.js(342,9): error TS2584: Cannot find name 'document'. Do you need to change your target library? Try changing the 'lib' compiler option to include 'dom'.
coming-soon/js/dashboard/token-manager.js(343,9): error TS2584: Cannot find name 'document'. Do you need to change your target library? Try changing the 'lib' compiler option to include 'dom'.
coming-soon/js/dashboard/token-manager.js(354,12): error TS2339: Property '_tokenPayload' does not exist on type 'typeof window'.
coming-soon/js/dashboard/token-manager.js(365,5): error TS2584: Cannot find name 'document'. Do you need to change your target library? Try changing the 'lib' compiler option to include 'dom'.
coming-soon/js/dashboard/token-manager.js(366,5): error TS2584: Cannot find name 'document'. Do you need to change your target library? Try changing the 'lib' compiler option to include 'dom'.
coming-soon/js/dashboard/token-manager.js(367,5): error TS2584: Cannot find name 'document'. Do you need to change your target library? Try changing the 'lib' compiler option to include 'dom'.
coming-soon/js/dashboard/token-manager.js(368,5): error TS2584: Cannot find name 'document'. Do you need to change your target library? Try changing the 'lib' compiler option to include 'dom'.
coming-soon/js/dashboard/token-manager.js(370,9): error TS2584: Cannot find name 'document'. Do you need to change your target library? Try changing the 'lib' compiler option to include 'dom'.
coming-soon/js/dashboard/token-manager.js(373,27): error TS2584: Cannot find name 'document'. Do you need to change your target library? Try changing the 'lib' compiler option to include 'dom'.
coming-soon/js/dashboard/token-manager.js(382,22): error TS2584: Cannot find name 'document'. Do you need to change your target library? Try changing the 'lib' compiler option to include 'dom'.
coming-soon/js/dashboard/token-manager.js(385,32): error TS2584: Cannot find name 'document'. Do you need to change your target library? Try changing the 'lib' compiler option to include 'dom'.
coming-soon/js/dashboard/token-manager.js(399,24): error TS2584: Cannot find name 'document'. Do you need to change your target library? Try changing the 'lib' compiler option to include 'dom'.
coming-soon/js/dashboard/token-manager.js(400,24): error TS2584: Cannot find name 'document'. Do you need to change your target library? Try changing the 'lib' compiler option to include 'dom'.
coming-soon/js/dashboard/token-manager.js(401,24): error TS2584: Cannot find name 'document'. Do you need to change your target library? Try changing the 'lib' compiler option to include 'dom'.
coming-soon/js/dashboard/token-manager.js(402,22): error TS2584: Cannot find name 'document'. Do you need to change your target library? Try changing the 'lib' compiler option to include 'dom'.
coming-soon/js/dashboard/token-manager.js(463,23): error TS2584: Cannot find name 'document'. Do you need to change your target library? Try changing the 'lib' compiler option to include 'dom'.
coming-soon/js/dashboard/token-manager.js(471,23): error TS2584: Cannot find name 'document'. Do you need to change your target library? Try changing the 'lib' compiler option to include 'dom'.
coming-soon/js/dashboard/token-manager.js(479,12): error TS2339: Property 'decodeJwtPayload' does not exist on type 'typeof window'.
coming-soon/js/dashboard/token-manager.js(480,12): error TS2339: Property 'hasValidToken' does not exist on type 'typeof window'.
coming-soon/js/dashboard/token-manager.js(481,12): error TS2339: Property 'filterScanProfiles' does not exist on type 'typeof window'.
coming-soon/js/dashboard/token-manager.js(482,12): error TS2339: Property 'renderAnalyzerCards' does not exist on type 'typeof window'.
coming-soon/js/dashboard/token-manager.js(483,12): error TS2339: Property 'toggleModuleSelection' does not exist on type 'typeof window'.
coming-soon/js/dashboard/token-manager.js(484,12): error TS2339: Property 'updateSelectAllUI' does not exist on type 'typeof window'.
coming-soon/js/dashboard/token-manager.js(485,12): error TS2339: Property 'syncModuleSelectionFromTier' does not exist on type 'typeof window'.
coming-soon/js/dashboard/token-manager.js(486,12): error TS2339: Property 'renderTokenInspector' does not exist on type 'typeof window'.
coming-soon/js/dashboard/token-manager.js(487,12): error TS2339: Property 'applyProductFromToken' does not exist on type 'typeof window'.
coming-soon/js/dashboard/token-manager.js(488,12): error TS2339: Property 'applyAnalyzerPreset' does not exist on type 'typeof window'.
coming-soon/js/dashboard/token-manager.js(489,12): error TS2339: Property 'bindPresetButtons' does not exist on type 'typeof window'.
coming-soon/js/dashboard/ui-renderer.js(2,46): error TS2339: Property 'escapeHtml' does not exist on type 'typeof window'.
coming-soon/js/dashboard/ui-renderer.js(3,12): error TS2339: Property 'escapeHtml' does not exist on type 'typeof window'.
coming-soon/js/dashboard/ui-renderer.js(92,12): error TS2339: Property 'lastScanReport' does not exist on type 'typeof window'.
coming-soon/js/dashboard/ui-renderer.js(93,23): error TS2339: Property '__simplebeaconSetReportForAI' does not exist on type 'typeof window'.
coming-soon/js/dashboard/ui-renderer.js(93,75): error TS2339: Property '__simplebeaconSetReportForAI' does not exist on type 'typeof window'.
coming-soon/js/dashboard/ui-renderer.js(731,16): error TS2339: Property '_scanPreviewModules' does not exist on type 'typeof window'.
coming-soon/js/dashboard/ui-renderer.js(732,16): error TS2339: Property '_scanPreviewData' does not exist on type 'typeof window'.
coming-soon/js/dashboard/ui-renderer.js(760,26): error TS2339: Property '_tokenPayload' does not exist on type 'typeof window'.
coming-soon/js/dashboard/ui-renderer.js(760,199): error TS2339: Property '_tokenPayload' does not exist on type 'typeof window'.
coming-soon/js/dashboard/ui-renderer.js(760,228): error TS2339: Property '_tokenPayload' does not exist on type 'typeof window'.
coming-soon/js/dashboard/ui-renderer.js(760,309): error TS2339: Property '_tokenPayload' does not exist on type 'typeof window'.
coming-soon/js/dashboard/ui-renderer.js(760,338): error TS2339: Property '_tokenPayload' does not exist on type 'typeof window'.
coming-soon/js/dashboard/ui-renderer.js(857,12): error TS2339: Property 'buildEuAiActControls' does not exist on type 'typeof window'.
coming-soon/js/dashboard/ui-renderer.js(858,12): error TS2339: Property 'renderPreview' does not exist on type 'typeof window'.
coming-soon/js/dashboard/usb-token-manager.js(36,41): error TS2339: Property 'usb' does not exist on type 'Navigator'.
coming-soon/js/dashboard/usb-token-manager.js(42,19): error TS2339: Property 'usb' does not exist on type 'Navigator'.
coming-soon/js/dashboard/usb-token-manager.js(43,19): error TS2339: Property 'usb' does not exist on type 'Navigator'.
coming-soon/js/dashboard/usb-token-manager.js(68,40): error TS2339: Property 'usb' does not exist on type 'Navigator'.
coming-soon/js/dashboard/usb-token-manager.js(94,20): error TS2339: Property 'showOpenFilePicker' does not exist on type 'typeof window'.
coming-soon/js/dashboard/usb-token-manager.js(95,39): error TS2339: Property 'showOpenFilePicker' does not exist on type 'typeof window'.
coming-soon/js/dashboard/usb-token-manager.js(175,23): error TS2584: Cannot find name 'document'. Do you need to change your target library? Try changing the 'lib' compiler option to include 'dom'.
coming-soon/js/dashboard/usb-token-manager.js(179,9): error TS2584: Cannot find name 'document'. Do you need to change your target library? Try changing the 'lib' compiler option to include 'dom'.
coming-soon/js/dashboard/usb-token-manager.js(183,11): error TS2584: Cannot find name 'document'. Do you need to change your target library? Try changing the 'lib' compiler option to include 'dom'.
coming-soon/js/dashboard/usb-token-manager.js(229,18): error TS2339: Property 'showToast' does not exist on type 'typeof window'.
coming-soon/js/dashboard/usb-token-manager.js(230,16): error TS2339: Property 'showToast' does not exist on type 'typeof window'.
coming-soon/js/dashboard/usb-token-manager.js(238,62): error TS2339: Property 'usb' does not exist on type 'Navigator'.
coming-soon/js/dashboard/usb-token-manager.js(245,56): error TS2339: Property 'showOpenFilePicker' does not exist on type 'typeof window'.
coming-soon/js/dashboard/usb-token-manager.js(253,23): error TS2584: Cannot find name 'document'. Do you need to change your target library? Try changing the 'lib' compiler option to include 'dom'.
coming-soon/js/dashboard/usb-token-manager.js(259,19): error TS2584: Cannot find name 'document'. Do you need to change your target library? Try changing the 'lib' compiler option to include 'dom'.
coming-soon/js/dashboard/usb-token-manager.js(263,23): error TS2584: Cannot find name 'document'. Do you need to change your target library? Try changing the 'lib' compiler option to include 'dom'.
coming-soon/js/dashboard/usb-token-manager.js(266,29): error TS2584: Cannot find name 'document'. Do you need to change your target library? Try changing the 'lib' compiler option to include 'dom'.
coming-soon/js/dashboard/usb-token-manager.js(271,24): error TS2584: Cannot find name 'document'. Do you need to change your target library? Try changing the 'lib' compiler option to include 'dom'.
coming-soon/js/dashboard/usb-token-manager.js(279,20): error TS2584: Cannot find name 'document'. Do you need to change your target library? Try changing the 'lib' compiler option to include 'dom'.
coming-soon/js/dashboard/usb-token-manager.js(283,19): error TS2584: Cannot find name 'document'. Do you need to change your target library? Try changing the 'lib' compiler option to include 'dom'.
coming-soon/js/dashboard/usb-token-manager.js(287,24): error TS2584: Cannot find name 'document'. Do you need to change your target library? Try changing the 'lib' compiler option to include 'dom'.
coming-soon/js/dashboard/usb-token-manager.js(291,23): error TS2584: Cannot find name 'document'. Do you need to change your target library? Try changing the 'lib' compiler option to include 'dom'.
coming-soon/js/dashboard/usb-token-manager.js(299,21): error TS2584: Cannot find name 'document'. Do you need to change your target library? Try changing the 'lib' compiler option to include 'dom'.
coming-soon/js/dashboard/usb-token-manager.js(360,22): error TS2584: Cannot find name 'document'. Do you need to change your target library? Try changing the 'lib' compiler option to include 'dom'.
coming-soon/js/dashboard/usb-token-manager.js(364,29): error TS2584: Cannot find name 'document'. Do you need to change your target library? Try changing the 'lib' compiler option to include 'dom'.
coming-soon/js/dashboard/usb-token-manager.js(366,31): error TS2584: Cannot find name 'document'. Do you need to change your target library? Try changing the 'lib' compiler option to include 'dom'.
coming-soon/js/dashboard/usb-token-manager.js(367,31): error TS2584: Cannot find name 'document'. Do you need to change your target library? Try changing the 'lib' compiler option to include 'dom'.
coming-soon/js/dashboard/usb-token-manager.js(369,29): error TS2584: Cannot find name 'document'. Do you need to change your target library? Try changing the 'lib' compiler option to include 'dom'.
coming-soon/js/dashboard/usb-token-manager.js(370,29): error TS2584: Cannot find name 'document'. Do you need to change your target library? Try changing the 'lib' compiler option to include 'dom'.
coming-soon/js/dashboard/usb-token-manager.js(371,29): error TS2584: Cannot find name 'document'. Do you need to change your target library? Try changing the 'lib' compiler option to include 'dom'.
coming-soon/js/dashboard/usb-token-manager.js(372,29): error TS2584: Cannot find name 'document'. Do you need to change your target library? Try changing the 'lib' compiler option to include 'dom'.
coming-soon/js/dashboard/usb-token-manager.js(374,31): error TS2584: Cannot find name 'document'. Do you need to change your target library? Try changing the 'lib' compiler option to include 'dom'.
coming-soon/js/dashboard/usb-token-manager.js(375,31): error TS2584: Cannot find name 'document'. Do you need to change your target library? Try changing the 'lib' compiler option to include 'dom'.
coming-soon/js/dashboard/usb-token-manager.js(377,20): error TS2584: Cannot find name 'document'. Do you need to change your target library? Try changing the 'lib' compiler option to include 'dom'.
coming-soon/js/dashboard/usb-token-manager.js(390,23): error TS2584: Cannot find name 'document'. Do you need to change your target library? Try changing the 'lib' compiler option to include 'dom'.
coming-soon/js/dashboard/usb-token-manager.js(401,10): error TS2339: Property 'UsbTokenManager' does not exist on type 'typeof window'.
coming-soon/js/dashboard/usb-token-manager.js(402,10): error TS2339: Property 'setupUsbTokenUI' does not exist on type 'typeof window'.
coming-soon/js/dashboard/utils.js(15,46): error TS2339: Property 'simpleHash' does not exist on type 'typeof window'.
coming-soon/js/dashboard/utils.js(16,12): error TS2339: Property 'simpleHash' does not exist on type 'typeof window'.
coming-soon/js/dashboard/utils.js(40,28): error TS2304: Cannot find name 'FileReader'.
coming-soon/js/dashboard/utils.js(48,20): error TS2584: Cannot find name 'document'. Do you need to change your target library? Try changing the 'lib' compiler option to include 'dom'.
coming-soon/js/dashboard/utils.js(49,19): error TS2584: Cannot find name 'document'. Do you need to change your target library? Try changing the 'lib' compiler option to include 'dom'.
coming-soon/js/dashboard/utils.js(57,12): error TS2339: Property 'escapeHtml' does not exist on type 'typeof window'.
coming-soon/js/dashboard/utils.js(58,12): error TS2339: Property 'simpleHash' does not exist on type 'typeof window'.
coming-soon/js/dashboard/utils.js(59,12): error TS2339: Property 'computeSha256' does not exist on type 'typeof window'.
coming-soon/js/dashboard/utils.js(60,12): error TS2339: Property 'readFileText' does not exist on type 'typeof window'.
coming-soon/js/dashboard/utils.js(61,12): error TS2339: Property 'showHashRibbon' does not exist on type 'typeof window'.
coming-soon/js/roadmap-app.js(1,5): error TS6200: Definitions of the following identifiers conflict with those in another file: currentReport, currentRoadmap, dropzone, fileInput, app, emptyState, scorecardsEl, timelineEl, projectNameEl, scanDateEl, jsonPreviewEl, toastEl, dragCounter, browseReportBtn, reportUrlInput, analyzeReportBtn, jsonPasteInput, jsonPasteBtn, loadTestReportBtn, currentFilter
coming-soon/js/roadmap-app.js(2,20): error TS2584: Cannot find name 'document'. Do you need to change your target library? Try changing the 'lib' compiler option to include 'dom'.
coming-soon/js/roadmap-app.js(2,56): error TS2451: Cannot redeclare block-scoped variable 'fileInput'.
coming-soon/js/roadmap-app.js(2,66): error TS2584: Cannot find name 'document'. Do you need to change your target library? Try changing the 'lib' compiler option to include 'dom'.
coming-soon/js/roadmap-app.js(2,107): error TS2584: Cannot find name 'document'. Do you need to change your target library? Try changing the 'lib' compiler option to include 'dom'.
coming-soon/js/roadmap-app.js(2,149): error TS2584: Cannot find name 'document'. Do you need to change your target library? Try changing the 'lib' compiler option to include 'dom'.
coming-soon/js/roadmap-app.js(3,24): error TS2584: Cannot find name 'document'. Do you need to change your target library? Try changing the 'lib' compiler option to include 'dom'.
coming-soon/js/roadmap-app.js(3,73): error TS2584: Cannot find name 'document'. Do you need to change your target library? Try changing the 'lib' compiler option to include 'dom'.
coming-soon/js/roadmap-app.js(3,123): error TS2584: Cannot find name 'document'. Do you need to change your target library? Try changing the 'lib' compiler option to include 'dom'.
coming-soon/js/roadmap-app.js(3,173): error TS2584: Cannot find name 'document'. Do you need to change your target library? Try changing the 'lib' compiler option to include 'dom'.
coming-soon/js/roadmap-app.js(3,223): error TS2584: Cannot find name 'document'. Do you need to change your target library? Try changing the 'lib' compiler option to include 'dom'.
coming-soon/js/roadmap-app.js(3,270): error TS2584: Cannot find name 'document'. Do you need to change your target library? Try changing the 'lib' compiler option to include 'dom'.
coming-soon/js/roadmap-app.js(57,27): error TS2584: Cannot find name 'document'. Do you need to change your target library? Try changing the 'lib' compiler option to include 'dom'.
coming-soon/js/roadmap-app.js(58,26): error TS2584: Cannot find name 'document'. Do you need to change your target library? Try changing the 'lib' compiler option to include 'dom'.
coming-soon/js/roadmap-app.js(59,28): error TS2584: Cannot find name 'document'. Do you need to change your target library? Try changing the 'lib' compiler option to include 'dom'.
coming-soon/js/roadmap-app.js(76,22): error TS2339: Property 'success' does not exist on type 'unknown'.
coming-soon/js/roadmap-app.js(76,71): error TS2339: Property 'error' does not exist on type 'unknown'.
coming-soon/js/roadmap-app.js(77,34): error TS2339: Property 'content' does not exist on type 'unknown'.
coming-soon/js/roadmap-app.js(87,11): error TS2451: Cannot redeclare block-scoped variable 'jsonPasteInput'.
coming-soon/js/roadmap-app.js(87,26): error TS2584: Cannot find name 'document'. Do you need to change your target library? Try changing the 'lib' compiler option to include 'dom'.
coming-soon/js/roadmap-app.js(87,68): error TS2451: Cannot redeclare block-scoped variable 'jsonPasteBtn'.
coming-soon/js/roadmap-app.js(87,81): error TS2584: Cannot find name 'document'. Do you need to change your target library? Try changing the 'lib' compiler option to include 'dom'.
coming-soon/js/roadmap-app.js(105,29): error TS2584: Cannot find name 'document'. Do you need to change your target library? Try changing the 'lib' compiler option to include 'dom'.
coming-soon/js/roadmap-app.js(119,24): error TS2339: Property '__SIMPLEBEACON_ENV__' does not exist on type 'typeof window'.
coming-soon/js/roadmap-app.js(125,35): error TS2339: Property 'type' does not exist on type 'unknown'.
coming-soon/js/roadmap-app.js(125,76): error TS2339: Property 'rawIssues' does not exist on type 'unknown'.
coming-soon/js/roadmap-app.js(125,98): error TS2339: Property 'rawIssues' does not exist on type 'unknown'.
coming-soon/js/roadmap-app.js(128,41): error TS2339: Property 'rawIssues' does not exist on type 'unknown'.
coming-soon/js/roadmap-app.js(128,63): error TS2339: Property 'rawIssues' does not exist on type 'unknown'.
coming-soon/js/roadmap-app.js(129,22): error TS2339: Property 'type' does not exist on type 'unknown'.
coming-soon/js/roadmap-app.js(141,19): error TS2304: Cannot find name 'JSZip'.
coming-soon/js/roadmap-app.js(143,27): error TS2304: Cannot find name 'JSZip'.
coming-soon/js/roadmap-app.js(156,19): error TS2304: Cannot find name 'FileReader'.
coming-soon/js/roadmap-app.js(171,12): error TS2304: Cannot find name 'location'.
coming-soon/js/roadmap-app.js(171,36): error TS2304: Cannot find name 'history'.
coming-soon/js/roadmap-app.js(171,65): error TS2304: Cannot find name 'location'.
coming-soon/js/roadmap-app.js(171,83): error TS2304: Cannot find name 'location'.
coming-soon/js/roadmap-app.js(193,42): error TS2584: Cannot find name 'document'. Do you need to change your target library? Try changing the 'lib' compiler option to include 'dom'.
coming-soon/js/roadmap-app.js(201,21): error TS2584: Cannot find name 'document'. Do you need to change your target library? Try changing the 'lib' compiler option to include 'dom'.
coming-soon/js/roadmap-app.js(209,9): error TS2584: Cannot find name 'document'. Do you need to change your target library? Try changing the 'lib' compiler option to include 'dom'.
coming-soon/js/roadmap-app.js(210,9): error TS2304: Cannot find name 'requestAnimationFrame'.
coming-soon/js/roadmap-app.js(830,12): error TS2304: Cannot find name 'qs'.
coming-soon/js/roadmap-app.js(832,127): error TS2304: Cannot find name 'qs'.
coming-soon/js/roadmap-app.js(833,130): error TS2304: Cannot find name 'qs'.
coming-soon/js/roadmap-app.js(834,89): error TS2304: Cannot find name 'qs'.
coming-soon/js/roadmap-app.js(837,38): error TS2304: Cannot find name 'qs'.
coming-soon/js/roadmap-app.js(840,23): error TS2304: Cannot find name 'qs'.
coming-soon/js/roadmap-app.js(840,59): error TS2304: Cannot find name 'qs'.
coming-soon/js/roadmap-app.js(840,119): error TS2304: Cannot find name 'qs'.
coming-soon/js/roadmap-app.js(841,78): error TS2304: Cannot find name 'qs'.
coming-soon/js/roadmap-app.js(891,12): error TS2304: Cannot find name 'qs'.
coming-soon/js/roadmap-app.js(909,13): error TS2339: Property 'dependsOn' does not exist on type '{ id: string; title: string; severity: string; effort: string; description: string; tasks: ({ description: string; type: string; isStructured: boolean; done?: undefined; codeSnippet?: undefined; } | { ...; } | { ...; })[]; progress: number; status: string; extraHtml: string; } | { ...; } | { ...; } | { ...; }'.
  Property 'dependsOn' does not exist on type '{ id: string; title: string; severity: string; effort: string; description: string; tasks: ({ description: string; type: string; isStructured: boolean; done?: undefined; codeSnippet?: undefined; } | { ...; } | { ...; })[]; progress: number; status: string; extraHtml: string; }'.
coming-soon/js/roadmap-app.js(914,15): error TS2339: Property 'dependsOn' does not exist on type '{ id: string; title: string; severity: string; effort: string; description: string; tasks: ({ description: string; type: string; isStructured: boolean; done?: undefined; codeSnippet?: undefined; } | { ...; } | { ...; })[]; progress: number; status: string; extraHtml: string; } | { ...; } | { ...; } | { ...; }'.
  Property 'dependsOn' does not exist on type '{ id: string; title: string; severity: string; effort: string; description: string; tasks: ({ description: string; type: string; isStructured: boolean; done?: undefined; codeSnippet?: undefined; } | { ...; } | { ...; })[]; progress: number; status: string; extraHtml: string; }'.
coming-soon/js/roadmap-app.js(915,43): error TS2339: Property 'dependsOn' does not exist on type '{ id: string; title: string; severity: string; effort: string; description: string; tasks: ({ description: string; type: string; isStructured: boolean; done?: undefined; codeSnippet?: undefined; } | { ...; } | { ...; })[]; progress: number; status: string; extraHtml: string; } | { ...; } | { ...; } | { ...; }'.
  Property 'dependsOn' does not exist on type '{ id: string; title: string; severity: string; effort: string; description: string; tasks: ({ description: string; type: string; isStructured: boolean; done?: undefined; codeSnippet?: undefined; } | { ...; } | { ...; })[]; progress: number; status: string; extraHtml: string; }'.
coming-soon/js/roadmap-app.js(976,74): error TS2339: Property 'filePath' does not exist on type '{ sev: any; type: any; count: any; files: any; impact: any; fix: any; humanReadable: any; }'.
coming-soon/js/roadmap-app.js(976,92): error TS2339: Property 'filePath' does not exist on type '{ sev: any; type: any; count: any; files: any; impact: any; fix: any; humanReadable: any; }'.
coming-soon/js/roadmap-app.js(976,110): error TS2339: Property 'filePath' does not exist on type '{ sev: any; type: any; count: any; files: any; impact: any; fix: any; humanReadable: any; }'.
coming-soon/js/roadmap-app.js(976,128): error TS2339: Property 'filePath' does not exist on type '{ sev: any; type: any; count: any; files: any; impact: any; fix: any; humanReadable: any; }'.
coming-soon/js/roadmap-app.js(996,18): error TS2584: Cannot find name 'document'. Do you need to change your target library? Try changing the 'lib' compiler option to include 'dom'.
coming-soon/js/roadmap-app.js(998,19): error TS2584: Cannot find name 'document'. Do you need to change your target library? Try changing the 'lib' compiler option to include 'dom'.
coming-soon/js/roadmap-app.js(1002,19): error TS2584: Cannot find name 'document'. Do you need to change your target library? Try changing the 'lib' compiler option to include 'dom'.
coming-soon/js/roadmap-app.js(1006,21): error TS2584: Cannot find name 'document'. Do you need to change your target library? Try changing the 'lib' compiler option to include 'dom'.
coming-soon/js/roadmap-app.js(1010,19): error TS2584: Cannot find name 'document'. Do you need to change your target library? Try changing the 'lib' compiler option to include 'dom'.
coming-soon/js/roadmap-app.js(1012,20): error TS2584: Cannot find name 'document'. Do you need to change your target library? Try changing the 'lib' compiler option to include 'dom'.
coming-soon/js/roadmap-app.js(1026,29): error TS2584: Cannot find name 'document'. Do you need to change your target library? Try changing the 'lib' compiler option to include 'dom'.
coming-soon/js/roadmap-app.js(1031,27): error TS2584: Cannot find name 'document'. Do you need to change your target library? Try changing the 'lib' compiler option to include 'dom'.
coming-soon/js/roadmap-app.js(1033,24): error TS2584: Cannot find name 'document'. Do you need to change your target library? Try changing the 'lib' compiler option to include 'dom'.
coming-soon/js/roadmap-app.js(1035,19): error TS2584: Cannot find name 'document'. Do you need to change your target library? Try changing the 'lib' compiler option to include 'dom'.
coming-soon/js/roadmap-app.js(1037,18): error TS2584: Cannot find name 'document'. Do you need to change your target library? Try changing the 'lib' compiler option to include 'dom'.
coming-soon/js/roadmap-app.js(1040,18): error TS2584: Cannot find name 'document'. Do you need to change your target library? Try changing the 'lib' compiler option to include 'dom'.
coming-soon/js/roadmap-app.js(1048,24): error TS2584: Cannot find name 'document'. Do you need to change your target library? Try changing the 'lib' compiler option to include 'dom'.
coming-soon/js/roadmap-app.js(1054,23): error TS2584: Cannot find name 'document'. Do you need to change your target library? Try changing the 'lib' compiler option to include 'dom'.
coming-soon/js/roadmap-app.js(1056,18): error TS2584: Cannot find name 'document'. Do you need to change your target library? Try changing the 'lib' compiler option to include 'dom'.
coming-soon/js/roadmap-app.js(1060,18): error TS2584: Cannot find name 'document'. Do you need to change your target library? Try changing the 'lib' compiler option to include 'dom'.
coming-soon/js/roadmap-app.js(1064,18): error TS2584: Cannot find name 'document'. Do you need to change your target library? Try changing the 'lib' compiler option to include 'dom'.
coming-soon/js/roadmap-app.js(1073,22): error TS2584: Cannot find name 'document'. Do you need to change your target library? Try changing the 'lib' compiler option to include 'dom'.
coming-soon/js/roadmap-app.js(1089,28): error TS2584: Cannot find name 'document'. Do you need to change your target library? Try changing the 'lib' compiler option to include 'dom'.
coming-soon/js/roadmap-app.js(1099,30): error TS2584: Cannot find name 'document'. Do you need to change your target library? Try changing the 'lib' compiler option to include 'dom'.
coming-soon/js/roadmap-app.js(1100,32): error TS2584: Cannot find name 'document'. Do you need to change your target library? Try changing the 'lib' compiler option to include 'dom'.
coming-soon/js/roadmap-app.js(1101,32): error TS2584: Cannot find name 'document'. Do you need to change your target library? Try changing the 'lib' compiler option to include 'dom'.
coming-soon/js/roadmap-app.js(1110,14): error TS2339: Property '_roadmapProjectKey' does not exist on type 'typeof window'.
coming-soon/js/roadmap-app.js(1111,14): error TS2339: Property '_currentRoadmap' does not exist on type 'typeof window'.
coming-soon/js/roadmap-app.js(1113,20): error TS2584: Cannot find name 'document'. Do you need to change your target library? Try changing the 'lib' compiler option to include 'dom'.
coming-soon/js/roadmap-app.js(1126,29): error TS2584: Cannot find name 'document'. Do you need to change your target library? Try changing the 'lib' compiler option to include 'dom'.
coming-soon/js/roadmap-app.js(1127,36): error TS2584: Cannot find name 'document'. Do you need to change your target library? Try changing the 'lib' compiler option to include 'dom'.
coming-soon/js/roadmap-app.js(1128,30): error TS2584: Cannot find name 'document'. Do you need to change your target library? Try changing the 'lib' compiler option to include 'dom'.
coming-soon/js/roadmap-app.js(1129,31): error TS2584: Cannot find name 'document'. Do you need to change your target library? Try changing the 'lib' compiler option to include 'dom'.
coming-soon/js/roadmap-app.js(1163,28): error TS2584: Cannot find name 'document'. Do you need to change your target library? Try changing the 'lib' compiler option to include 'dom'.
coming-soon/js/roadmap-app.js(1172,20): error TS2584: Cannot find name 'document'. Do you need to change your target library? Try changing the 'lib' compiler option to include 'dom'.
coming-soon/js/roadmap-app.js(1176,24): error TS2584: Cannot find name 'document'. Do you need to change your target library? Try changing the 'lib' compiler option to include 'dom'.
coming-soon/js/roadmap-app.js(1184,31): error TS2304: Cannot find name 'IntersectionObserver'.
coming-soon/js/roadmap-app.js(1189,26): error TS2584: Cannot find name 'document'. Do you need to change your target library? Try changing the 'lib' compiler option to include 'dom'.
coming-soon/js/roadmap-app.js(1200,26): error TS2584: Cannot find name 'document'. Do you need to change your target library? Try changing the 'lib' compiler option to include 'dom'.
coming-soon/js/roadmap-app.js(1205,24): error TS2584: Cannot find name 'document'. Do you need to change your target library? Try changing the 'lib' compiler option to include 'dom'.
coming-soon/js/roadmap-app.js(1211,23): error TS2584: Cannot find name 'document'. Do you need to change your target library? Try changing the 'lib' compiler option to include 'dom'.
coming-soon/js/roadmap-app.js(1236,27): error TS2584: Cannot find name 'document'. Do you need to change your target library? Try changing the 'lib' compiler option to include 'dom'.
coming-soon/js/roadmap-app.js(1237,24): error TS2584: Cannot find name 'document'. Do you need to change your target library? Try changing the 'lib' compiler option to include 'dom'.
coming-soon/js/roadmap-app.js(1249,27): error TS2584: Cannot find name 'document'. Do you need to change your target library? Try changing the 'lib' compiler option to include 'dom'.
coming-soon/js/roadmap-app.js(1254,11): error TS2584: Cannot find name 'document'. Do you need to change your target library? Try changing the 'lib' compiler option to include 'dom'.
coming-soon/js/roadmap-app.js(1263,31): error TS2584: Cannot find name 'document'. Do you need to change your target library? Try changing the 'lib' compiler option to include 'dom'.
coming-soon/js/roadmap-app.js(1281,21): error TS2584: Cannot find name 'document'. Do you need to change your target library? Try changing the 'lib' compiler option to include 'dom'.
coming-soon/js/roadmap-app.js(1284,11): error TS2584: Cannot find name 'document'. Do you need to change your target library? Try changing the 'lib' compiler option to include 'dom'.
coming-soon/js/roadmap-app.js(1294,19): error TS2584: Cannot find name 'document'. Do you need to change your target library? Try changing the 'lib' compiler option to include 'dom'.
coming-soon/js/roadmap-app.js(1300,19): error TS2584: Cannot find name 'document'. Do you need to change your target library? Try changing the 'lib' compiler option to include 'dom'.
coming-soon/js/roadmap-app.js(1303,11): error TS2584: Cannot find name 'document'. Do you need to change your target library? Try changing the 'lib' compiler option to include 'dom'.
coming-soon/js/roadmap-app.js(1332,18): error TS2339: Property '_currentRoadmap' does not exist on type 'typeof window'.
coming-soon/js/roadmap-app.js(1333,26): error TS2339: Property '_currentRoadmap' does not exist on type 'typeof window'.
coming-soon/js/roadmap-app.js(1335,23): error TS2339: Property '_roadmapProjectKey' does not exist on type 'typeof window'.
coming-soon/js/roadmap-app.js(1336,18): error TS2584: Cannot find name 'document'. Do you need to change your target library? Try changing the 'lib' compiler option to include 'dom'.
coming-soon/js/roadmap-app.js(1352,18): error TS2339: Property '_currentRoadmap' does not exist on type 'typeof window'.
coming-soon/js/roadmap-app.js(1353,23): error TS2339: Property '_currentRoadmap' does not exist on type 'typeof window'.
coming-soon/js/roadmap-app.js(1354,23): error TS2339: Property '_roadmapProjectKey' does not exist on type 'typeof window'.
coming-soon/js/roadmap-app.js(1360,20): error TS2584: Cannot find name 'document'. Do you need to change your target library? Try changing the 'lib' compiler option to include 'dom'.
coming-soon/js/roadmap-app.js(1372,29): error TS2584: Cannot find name 'document'. Do you need to change your target library? Try changing the 'lib' compiler option to include 'dom'.
coming-soon/js/roadmap-app.js(1377,27): error TS2584: Cannot find name 'document'. Do you need to change your target library? Try changing the 'lib' compiler option to include 'dom'.
coming-soon/js/roadmap-app.js(1379,24): error TS2584: Cannot find name 'document'. Do you need to change your target library? Try changing the 'lib' compiler option to include 'dom'.
coming-soon/js/roadmap-app.js(1381,19): error TS2584: Cannot find name 'document'. Do you need to change your target library? Try changing the 'lib' compiler option to include 'dom'.
coming-soon/js/roadmap-app.js(1383,18): error TS2584: Cannot find name 'document'. Do you need to change your target library? Try changing the 'lib' compiler option to include 'dom'.
coming-soon/js/roadmap-app.js(1386,18): error TS2584: Cannot find name 'document'. Do you need to change your target library? Try changing the 'lib' compiler option to include 'dom'.
coming-soon/js/roadmap-app.js(1394,24): error TS2584: Cannot find name 'document'. Do you need to change your target library? Try changing the 'lib' compiler option to include 'dom'.
coming-soon/js/roadmap-app.js(1400,23): error TS2584: Cannot find name 'document'. Do you need to change your target library? Try changing the 'lib' compiler option to include 'dom'.
coming-soon/js/roadmap-app.js(1402,18): error TS2584: Cannot find name 'document'. Do you need to change your target library? Try changing the 'lib' compiler option to include 'dom'.
coming-soon/js/roadmap-app.js(1406,18): error TS2584: Cannot find name 'document'. Do you need to change your target library? Try changing the 'lib' compiler option to include 'dom'.
coming-soon/js/roadmap-app.js(1410,18): error TS2584: Cannot find name 'document'. Do you need to change your target library? Try changing the 'lib' compiler option to include 'dom'.
coming-soon/js/roadmap-app.js(1418,32): error TS2584: Cannot find name 'document'. Do you need to change your target library? Try changing the 'lib' compiler option to include 'dom'.
coming-soon/js/roadmap-app.js(1419,32): error TS2584: Cannot find name 'document'. Do you need to change your target library? Try changing the 'lib' compiler option to include 'dom'.
coming-soon/js/roadmap-app.js(1427,5): error TS2584: Cannot find name 'document'. Do you need to change your target library? Try changing the 'lib' compiler option to include 'dom'.
coming-soon/js/roadmap-app.js(1429,24): error TS2584: Cannot find name 'document'. Do you need to change your target library? Try changing the 'lib' compiler option to include 'dom'.
coming-soon/js/roadmap-app.js(1434,24): error TS2584: Cannot find name 'document'. Do you need to change your target library? Try changing the 'lib' compiler option to include 'dom'.
coming-soon/js/roadmap-app.js(1441,20): error TS2584: Cannot find name 'document'. Do you need to change your target library? Try changing the 'lib' compiler option to include 'dom'.
coming-soon/js/roadmap-app.js(1441,51): error TS2304: Cannot find name 'NodeFilter'.
coming-soon/js/roadmap-app.js(1448,20): error TS2584: Cannot find name 'document'. Do you need to change your target library? Try changing the 'lib' compiler option to include 'dom'.
coming-soon/js/roadmap-app.js(1457,39): error TS2584: Cannot find name 'document'. Do you need to change your target library? Try changing the 'lib' compiler option to include 'dom'.
coming-soon/js/roadmap-app.js(1460,38): error TS2584: Cannot find name 'document'. Do you need to change your target library? Try changing the 'lib' compiler option to include 'dom'.
coming-soon/js/roadmap-app.js(1467,29): error TS2584: Cannot find name 'document'. Do you need to change your target library? Try changing the 'lib' compiler option to include 'dom'.
coming-soon/js/roadmap-app.js(1473,22): error TS2584: Cannot find name 'document'. Do you need to change your target library? Try changing the 'lib' compiler option to include 'dom'.
coming-soon/js/roadmap-app.js(1474,20): error TS2584: Cannot find name 'document'. Do you need to change your target library? Try changing the 'lib' compiler option to include 'dom'.
coming-soon/js/roadmap-app.js(1478,9): error TS2584: Cannot find name 'document'. Do you need to change your target library? Try changing the 'lib' compiler option to include 'dom'.
coming-soon/js/roadmap-app.js(1479,40): error TS2584: Cannot find name 'document'. Do you need to change your target library? Try changing the 'lib' compiler option to include 'dom'.
coming-soon/js/roadmap-app.js(1479,118): error TS2584: Cannot find name 'document'. Do you need to change your target library? Try changing the 'lib' compiler option to include 'dom'.
coming-soon/js/roadmap-app.js(1481,9): error TS2584: Cannot find name 'document'. Do you need to change your target library? Try changing the 'lib' compiler option to include 'dom'.
coming-soon/js/roadmap-app.js(1487,9): error TS2584: Cannot find name 'document'. Do you need to change your target library? Try changing the 'lib' compiler option to include 'dom'.
coming-soon/js/roadmap-app.js(1496,19): error TS2339: Property '_currentRoadmap' does not exist on type 'typeof window'.
coming-soon/js/roadmap-app.js(1497,25): error TS2339: Property '_currentRoadmap' does not exist on type 'typeof window'.
coming-soon/js/roadmap-app.js(1498,25): error TS2339: Property '_roadmapProjectKey' does not exist on type 'typeof window'.
coming-soon/js/roadmap-app.js(1518,21): error TS2584: Cannot find name 'document'. Do you need to change your target library? Try changing the 'lib' compiler option to include 'dom'.
coming-soon/js/roadmap-app.js(1519,24): error TS2584: Cannot find name 'document'. Do you need to change your target library? Try changing the 'lib' compiler option to include 'dom'.
coming-soon/js/roadmap-app.js(1520,21): error TS2584: Cannot find name 'document'. Do you need to change your target library? Try changing the 'lib' compiler option to include 'dom'.
coming-soon/js/roadmap-app.js(1521,22): error TS2584: Cannot find name 'document'. Do you need to change your target library? Try changing the 'lib' compiler option to include 'dom'.
coming-soon/js/roadmap-app.js(1522,21): error TS2584: Cannot find name 'document'. Do you need to change your target library? Try changing the 'lib' compiler option to include 'dom'.
coming-soon/js/roadmap-app.js(1523,24): error TS2584: Cannot find name 'document'. Do you need to change your target library? Try changing the 'lib' compiler option to include 'dom'.
coming-soon/js/roadmap-app.js(1536,7): error TS2584: Cannot find name 'document'. Do you need to change your target library? Try changing the 'lib' compiler option to include 'dom'.
coming-soon/js/roadmap-app.js(1543,7): error TS2584: Cannot find name 'document'. Do you need to change your target library? Try changing the 'lib' compiler option to include 'dom'.
coming-soon/js/roadmap-app.js(1589,7): error TS2584: Cannot find name 'document'. Do you need to change your target library? Try changing the 'lib' compiler option to include 'dom'.
coming-soon/js/roadmap-app.js(1606,13): error TS2584: Cannot find name 'document'. Do you need to change your target library? Try changing the 'lib' compiler option to include 'dom'.
coming-soon/js/roadmap-app.js(1624,7): error TS2584: Cannot find name 'document'. Do you need to change your target library? Try changing the 'lib' compiler option to include 'dom'.
coming-soon/js/roadmap-app.js(1629,30): error TS2339: Property '_currentRoadmap' does not exist on type 'typeof window'.
coming-soon/js/roadmap-app.js(1639,21): error TS2339: Property 'clipboard' does not exist on type 'Navigator'.
coming-soon/js/roadmap-app.js(1642,7): error TS2584: Cannot find name 'document'. Do you need to change your target library? Try changing the 'lib' compiler option to include 'dom'.
coming-soon/js/roadmap-app.js(1647,21): error TS2339: Property 'clipboard' does not exist on type 'Navigator'.
coming-soon/js/roadmap-app.js(1650,7): error TS2584: Cannot find name 'document'. Do you need to change your target library? Try changing the 'lib' compiler option to include 'dom'.
coming-soon/js/roadmap-app.js(1659,7): error TS2584: Cannot find name 'document'. Do you need to change your target library? Try changing the 'lib' compiler option to include 'dom'.
coming-soon/js/roadmap-app.js(1661,11): error TS2584: Cannot find name 'document'. Do you need to change your target library? Try changing the 'lib' compiler option to include 'dom'.
coming-soon/js/roadmap-app.js(1667,7): error TS2584: Cannot find name 'document'. Do you need to change your target library? Try changing the 'lib' compiler option to include 'dom'.
coming-soon/js/roadmap-app.js(1674,7): error TS2584: Cannot find name 'document'. Do you need to change your target library? Try changing the 'lib' compiler option to include 'dom'.
coming-soon/js/roadmap-app.js(1711,32): error TS2339: Property '_currentRoadmap' does not exist on type 'typeof window'.
coming-soon/js/roadmap-app.js(1725,23): error TS2339: Property 'clipboard' does not exist on type 'Navigator'.
coming-soon/js/roadmap-app.js(1730,7): error TS2584: Cannot find name 'document'. Do you need to change your target library? Try changing the 'lib' compiler option to include 'dom'.
coming-soon/js/roadmap-app.js(1732,34): error TS2584: Cannot find name 'document'. Do you need to change your target library? Try changing the 'lib' compiler option to include 'dom'.
coming-soon/js/roadmap-app.js(1748,7): error TS2584: Cannot find name 'document'. Do you need to change your target library? Try changing the 'lib' compiler option to include 'dom'.
coming-soon/js/roadmap-app.js(1762,17): error TS2304: Cannot find name 'html2pdf'.
coming-soon/js/roadmap-app.js(1766,19): error TS2584: Cannot find name 'document'. Do you need to change your target library? Try changing the 'lib' compiler option to include 'dom'.
coming-soon/js/roadmap-app.js(1775,21): error TS2584: Cannot find name 'document'. Do you need to change your target library? Try changing the 'lib' compiler option to include 'dom'.
coming-soon/js/roadmap-app.js(1782,20): error TS2584: Cannot find name 'document'. Do you need to change your target library? Try changing the 'lib' compiler option to include 'dom'.
coming-soon/js/roadmap-app.js(1787,19): error TS2584: Cannot find name 'document'. Do you need to change your target library? Try changing the 'lib' compiler option to include 'dom'.
coming-soon/js/roadmap-app.js(1791,18): error TS2584: Cannot find name 'document'. Do you need to change your target library? Try changing the 'lib' compiler option to include 'dom'.
coming-soon/js/roadmap-app.js(1796,21): error TS2584: Cannot find name 'document'. Do you need to change your target library? Try changing the 'lib' compiler option to include 'dom'.
coming-soon/js/roadmap-app.js(1808,19): error TS2584: Cannot find name 'document'. Do you need to change your target library? Try changing the 'lib' compiler option to include 'dom'.
coming-soon/js/roadmap-app.js(1810,22): error TS2584: Cannot find name 'document'. Do you need to change your target library? Try changing the 'lib' compiler option to include 'dom'.
coming-soon/js/roadmap-app.js(1814,22): error TS2584: Cannot find name 'document'. Do you need to change your target library? Try changing the 'lib' compiler option to include 'dom'.
coming-soon/js/roadmap-app.js(1820,24): error TS2584: Cannot find name 'document'. Do you need to change your target library? Try changing the 'lib' compiler option to include 'dom'.
coming-soon/js/roadmap-app.js(1835,24): error TS2339: Property 'getComputedStyle' does not exist on type 'typeof window'.
coming-soon/js/roadmap-app.js(1843,20): error TS2584: Cannot find name 'document'. Do you need to change your target library? Try changing the 'lib' compiler option to include 'dom'.
coming-soon/js/roadmap-app.js(1852,7): error TS2584: Cannot find name 'document'. Do you need to change your target library? Try changing the 'lib' compiler option to include 'dom'.
coming-soon/js/roadmap-app.js(1860,7): error TS2304: Cannot find name 'html2pdf'.
coming-soon/js/roadmap-app.js(1861,9): error TS2584: Cannot find name 'document'. Do you need to change your target library? Try changing the 'lib' compiler option to include 'dom'.
coming-soon/js/roadmap-app.js(1864,31): error TS2584: Cannot find name 'document'. Do you need to change your target library? Try changing the 'lib' compiler option to include 'dom'.
coming-soon/js/roadmap-app.js(2010,15): error TS2584: Cannot find name 'document'. Do you need to change your target library? Try changing the 'lib' compiler option to include 'dom'.
coming-soon/js/roadmap-app.js(2116,15): error TS2584: Cannot find name 'document'. Do you need to change your target library? Try changing the 'lib' compiler option to include 'dom'.
coming-soon/js/roadmap-app.js(2120,24): error TS2304: Cannot find name 'FileReader'.
coming-soon/js/roadmap-app.js(2286,15): error TS2584: Cannot find name 'document'. Do you need to change your target library? Try changing the 'lib' compiler option to include 'dom'.
coming-soon/js/roadmap-app.js(2289,5): error TS2584: Cannot find name 'document'. Do you need to change your target library? Try changing the 'lib' compiler option to include 'dom'.
coming-soon/js/roadmap-app.js(2290,5): error TS2584: Cannot find name 'document'. Do you need to change your target library? Try changing the 'lib' compiler option to include 'dom'.
coming-soon/js/roadmap-app.js(2291,5): error TS2584: Cannot find name 'document'. Do you need to change your target library? Try changing the 'lib' compiler option to include 'dom'.
coming-soon/js/roadmap-app.js(2291,1048): error TS2339: Property 'clipboard' does not exist on type 'Navigator'.
coming-soon/js/roadmap-app.js(2291,1151): error TS2339: Property 'clipboard' does not exist on type 'Navigator'.
coming-soon/js/roadmap-app.js(2292,5): error TS2584: Cannot find name 'document'. Do you need to change your target library? Try changing the 'lib' compiler option to include 'dom'.
coming-soon/js/roadmap-app.js(2292,1502): error TS2339: Property 'clipboard' does not exist on type 'Navigator'.
coming-soon/js/roadmap-app.js(2292,1605): error TS2339: Property 'clipboard' does not exist on type 'Navigator'.
coming-soon/js/roadmap-app.js(2293,5): error TS2584: Cannot find name 'document'. Do you need to change your target library? Try changing the 'lib' compiler option to include 'dom'.
coming-soon/js/roadmap-app.js(2293,1713): error TS2584: Cannot find name 'document'. Do you need to change your target library? Try changing the 'lib' compiler option to include 'dom'.
coming-soon/js/roadmap-app.js(2294,5): error TS2584: Cannot find name 'document'. Do you need to change your target library? Try changing the 'lib' compiler option to include 'dom'.
coming-soon/js/roadmap-app.js(2294,1352): error TS2584: Cannot find name 'document'. Do you need to change your target library? Try changing the 'lib' compiler option to include 'dom'.
coming-soon/js/roadmap-app.js(2295,5): error TS2584: Cannot find name 'document'. Do you need to change your target library? Try changing the 'lib' compiler option to include 'dom'.
coming-soon/js/roadmap-app.js(2296,5): error TS2584: Cannot find name 'document'. Do you need to change your target library? Try changing the 'lib' compiler option to include 'dom'.
coming-soon/js/roadmap-app.js(2297,5): error TS2584: Cannot find name 'document'. Do you need to change your target library? Try changing the 'lib' compiler option to include 'dom'.
coming-soon/js/roadmap-app.js(2298,5): error TS2584: Cannot find name 'document'. Do you need to change your target library? Try changing the 'lib' compiler option to include 'dom'.
coming-soon/js/roadmap-app.js(2318,15): error TS2584: Cannot find name 'document'. Do you need to change your target library? Try changing the 'lib' compiler option to include 'dom'.
coming-soon/js/roadmap-app.js(2321,5): error TS2584: Cannot find name 'document'. Do you need to change your target library? Try changing the 'lib' compiler option to include 'dom'.
coming-soon/js/roadmap-app.js(2321,76): error TS2584: Cannot find name 'document'. Do you need to change your target library? Try changing the 'lib' compiler option to include 'dom'.
coming-soon/js/roadmap-app.js(2322,5): error TS2584: Cannot find name 'document'. Do you need to change your target library? Try changing the 'lib' compiler option to include 'dom'.
coming-soon/js/roadmap-app.js(2326,23): error TS2584: Cannot find name 'document'. Do you need to change your target library? Try changing the 'lib' compiler option to include 'dom'.
coming-soon/js/roadmap-app.js(2328,26): error TS2304: Cannot find name 'IntersectionObserver'.
coming-soon/js/roadmap-app.js(2333,18): error TS2584: Cannot find name 'document'. Do you need to change your target library? Try changing the 'lib' compiler option to include 'dom'.
coming-soon/js/roadmap-app.js(2339,20): error TS2584: Cannot find name 'document'. Do you need to change your target library? Try changing the 'lib' compiler option to include 'dom'.
coming-soon/js/roadmap-app.js(2340,19): error TS2584: Cannot find name 'document'. Do you need to change your target library? Try changing the 'lib' compiler option to include 'dom'.
coming-soon/js/roadmap-app.js(2356,20): error TS2584: Cannot find name 'document'. Do you need to change your target library? Try changing the 'lib' compiler option to include 'dom'.
coming-soon/js/roadmap-app.js(2357,23): error TS2584: Cannot find name 'document'. Do you need to change your target library? Try changing the 'lib' compiler option to include 'dom'.
coming-soon/js/roadmap-app.js(2389,102): error TS2345: Argument of type 'string' is not assignable to parameter of type 'number'.
coming-soon/js/roadmap-app.js(2415,5): error TS2584: Cannot find name 'document'. Do you need to change your target library? Try changing the 'lib' compiler option to include 'dom'.
coming-soon/js/roadmap-app.js(2415,269): error TS2304: Cannot find name 'location'.
coming-soon/js/roadmap-app.js(2415,315): error TS2304: Cannot find name 'location'.
coming-soon/js/roadmap-app.js(2415,338): error TS2304: Cannot find name 'location'.
coming-soon/js/roadmap-app.js(2415,352): error TS2304: Cannot find name 'location'.
coming-soon/js/roadmap-app.js(2415,412): error TS2339: Property 'clipboard' does not exist on type 'Navigator'.
coming-soon/js/roadmap-app.js(2417,10): error TS2304: Cannot find name 'location'.
coming-soon/js/roadmap-app.js(2419,52): error TS2304: Cannot find name 'location'.
coming-soon/js/roadmap-app.js(2422,92): error TS2304: Cannot find name 'history'.
coming-soon/js/roadmap-app.js(2422,121): error TS2304: Cannot find name 'location'.
coming-soon/js/roadmap-app.js(2422,139): error TS2304: Cannot find name 'location'.
coming-soon/js/scan-utils.js(93,19): error TS2304: Cannot find name 'FileList'.
coming-soon/js/scan-utils.js(157,9): error TS2353: Object literal may only specify known properties, and 'simpleHash' does not exist in type '{ runScan(projectPath?: string, options?: any): Promise<any>; getResults(): Promise<any>; getProgress(projectPath: string): Promise<any>; exportReport(): void; getIssueCategories(): any[]; } | { ...; } | { ...; } | { ...; }'.
coming-soon/js/scan-worker.js(6,7): error TS2451: Cannot redeclare block-scoped variable 'MAX_DISCOVERED_FILES'.
coming-soon/js/scan-worker.js(8,7): error TS2451: Cannot redeclare block-scoped variable 'LANGUAGE_REGISTRY'.
coming-soon/js/scan-worker.js(19,7): error TS2451: Cannot redeclare block-scoped variable 'PATTERN_REGISTRY'.
coming-soon/js/scan-worker.js(94,7): error TS2451: Cannot redeclare block-scoped variable 'SEVERITY_MAP'.
coming-soon/js/scan-worker.js(236,22): error TS2551: Property 'postMessage' does not exist on type 'typeof self'. Did you mean 'onmessage'?
coming-soon/js/scan-worker.js(243,10): error TS2551: Property 'postMessage' does not exist on type 'typeof self'. Did you mean 'onmessage'?
coming-soon/js/scan-worker.js(245,14): error TS2551: Property 'postMessage' does not exist on type 'typeof self'. Did you mean 'onmessage'?
coming-soon/js/scan-worker.js(262,14): error TS2551: Property 'postMessage' does not exist on type 'typeof self'. Did you mean 'onmessage'?
coming-soon/js/scan-worker.js(266,18): error TS2551: Property 'postMessage' does not exist on type 'typeof self'. Did you mean 'onmessage'?
coming-soon/js/scan-worker.js(268,18): error TS2551: Property 'postMessage' does not exist on type 'typeof self'. Did you mean 'onmessage'?
coming-soon/js/terminal-simulation.js(3,16): error TS2584: Cannot find name 'document'. Do you need to change your target library? Try changing the 'lib' compiler option to include 'dom'.
coming-soon/js/terminal-simulation.js(4,20): error TS2584: Cannot find name 'document'. Do you need to change your target library? Try changing the 'lib' compiler option to include 'dom'.
coming-soon/js/terminal-simulation.js(5,20): error TS2584: Cannot find name 'document'. Do you need to change your target library? Try changing the 'lib' compiler option to include 'dom'.
coming-soon/js/terminal-simulation.js(6,20): error TS2584: Cannot find name 'document'. Do you need to change your target library? Try changing the 'lib' compiler option to include 'dom'.
coming-soon/js/terminal-simulation.js(13,42): error TS2584: Cannot find name 'document'. Do you need to change your target library? Try changing the 'lib' compiler option to include 'dom'.
coming-soon/js/terminal-simulation.js(16,17): error TS2584: Cannot find name 'document'. Do you need to change your target library? Try changing the 'lib' compiler option to include 'dom'.
coming-soon/js/terminal-simulation.js(24,17): error TS2584: Cannot find name 'document'. Do you need to change your target library? Try changing the 'lib' compiler option to include 'dom'.
coming-soon/js/terminal-simulation.js(32,17): error TS2584: Cannot find name 'document'. Do you need to change your target library? Try changing the 'lib' compiler option to include 'dom'.
coming-soon/js/terminal-simulation.js(34,18): error TS2584: Cannot find name 'document'. Do you need to change your target library? Try changing the 'lib' compiler option to include 'dom'.
coming-soon/js/terminal-simulation.js(41,21): error TS2584: Cannot find name 'document'. Do you need to change your target library? Try changing the 'lib' compiler option to include 'dom'.
coming-soon/js/terminal-simulation.js(50,17): error TS2584: Cannot find name 'document'. Do you need to change your target library? Try changing the 'lib' compiler option to include 'dom'.
coming-soon/js/terminal-simulation.js(62,17): error TS2584: Cannot find name 'document'. Do you need to change your target library? Try changing the 'lib' compiler option to include 'dom'.
coming-soon/js/terminal-simulation.js(126,7): error TS2584: Cannot find name 'document'. Do you need to change your target library? Try changing the 'lib' compiler option to include 'dom'.
coming-soon/js/terminal-simulation.js(215,3): error TS2584: Cannot find name 'document'. Do you need to change your target library? Try changing the 'lib' compiler option to include 'dom'.
coming-soon/js/terminal-simulation.js(217,7): error TS2584: Cannot find name 'document'. Do you need to change your target library? Try changing the 'lib' compiler option to include 'dom'.
coming-soon/lib/time-tokens.cjs(43,27): error TS2339: Property 'accountId' does not exist on type '{ email?: string; period?: string; customTtlDays?: number; }'.
coming-soon/lib/time-tokens.cjs(92,30): error TS1127: Invalid character.
coming-soon/lib/token-chain-store.cjs(22,41): error TS1127: Invalid character.
coming-soon/lib/token-chain-store.cjs(23,45): error TS1127: Invalid character.
coming-soon/lib/token-chain-utils.cjs(24,47): error TS1127: Invalid character.
coming-soon/public/app-links.js(37,5): error TS2584: Cannot find name 'document'. Do you need to change your target library? Try changing the 'lib' compiler option to include 'dom'.
coming-soon/public/app-links.js(42,5): error TS2584: Cannot find name 'document'. Do you need to change your target library? Try changing the 'lib' compiler option to include 'dom'.
coming-soon/public/app-links.js(47,5): error TS2584: Cannot find name 'document'. Do you need to change your target library? Try changing the 'lib' compiler option to include 'dom'.
coming-soon/public/app-links.js(53,5): error TS2584: Cannot find name 'document'. Do you need to change your target library? Try changing the 'lib' compiler option to include 'dom'.
coming-soon/public/app-links.js(58,5): error TS2584: Cannot find name 'document'. Do you need to change your target library? Try changing the 'lib' compiler option to include 'dom'.
coming-soon/public/app-links.js(71,5): error TS2584: Cannot find name 'document'. Do you need to change your target library? Try changing the 'lib' compiler option to include 'dom'.
coming-soon/public/app-links.js(95,18): error TS2339: Property 'location' does not exist on type 'typeof window'.
coming-soon/public/app-links.js(97,18): error TS2339: Property 'location' does not exist on type 'typeof window'.
coming-soon/public/app-links.js(99,18): error TS2339: Property 'location' does not exist on type 'typeof window'.
coming-soon/public/app-links.js(109,5): error TS2584: Cannot find name 'document'. Do you need to change your target library? Try changing the 'lib' compiler option to include 'dom'.
coming-soon/public/app-links.js(117,46): error TS2339: Property 'location' does not exist on type 'typeof window'.
coming-soon/public/app-links.js(120,5): error TS2584: Cannot find name 'document'. Do you need to change your target library? Try changing the 'lib' compiler option to include 'dom'.
coming-soon/public/app-links.js(127,50): error TS2339: Property 'location' does not exist on type 'typeof window'.
coming-soon/public/app-links.js(130,7): error TS2584: Cannot find name 'document'. Do you need to change your target library? Try changing the 'lib' compiler option to include 'dom'.
coming-soon/public/app-links.js(146,5): error TS2584: Cannot find name 'document'. Do you need to change your target library? Try changing the 'lib' compiler option to include 'dom'.
coming-soon/public/app-links.js(149,5): error TS2584: Cannot find name 'document'. Do you need to change your target library? Try changing the 'lib' compiler option to include 'dom'.
coming-soon/public/app-links.js(162,5): error TS2584: Cannot find name 'document'. Do you need to change your target library? Try changing the 'lib' compiler option to include 'dom'.
coming-soon/public/app-links.js(180,9): error TS2584: Cannot find name 'document'. Do you need to change your target library? Try changing the 'lib' compiler option to include 'dom'.
coming-soon/public/app-links.js(182,18): error TS2584: Cannot find name 'document'. Do you need to change your target library? Try changing the 'lib' compiler option to include 'dom'.
coming-soon/public/app-links.js(190,5): error TS2584: Cannot find name 'document'. Do you need to change your target library? Try changing the 'lib' compiler option to include 'dom'.
coming-soon/public/app-links.js(190,40): error TS2584: Cannot find name 'document'. Do you need to change your target library? Try changing the 'lib' compiler option to include 'dom'.
coming-soon/public/app-links.js(191,5): error TS2584: Cannot find name 'document'. Do you need to change your target library? Try changing the 'lib' compiler option to include 'dom'.
coming-soon/public/app-links.js(202,5): error TS2584: Cannot find name 'document'. Do you need to change your target library? Try changing the 'lib' compiler option to include 'dom'.
coming-soon/public/contact.js(5,14): error TS2584: Cannot find name 'document'. Do you need to change your target library? Try changing the 'lib' compiler option to include 'dom'.
coming-soon/public/contact.js(11,23): error TS2584: Cannot find name 'document'. Do you need to change your target library? Try changing the 'lib' compiler option to include 'dom'.
coming-soon/public/contact.js(31,45): error TS2339: Property 'location' does not exist on type 'typeof window'.
coming-soon/public/contact.js(58,29): error TS2554: Expected 0 arguments, but got 1.
coming-soon/public/contact.js(127,32): error TS2339: Property 'error' does not exist on type 'unknown'.
coming-soon/public/contact.js(142,28): error TS2584: Cannot find name 'document'. Do you need to change your target library? Try changing the 'lib' compiler option to include 'dom'.
coming-soon/public/contact.js(143,24): error TS2584: Cannot find name 'document'. Do you need to change your target library? Try changing the 'lib' compiler option to include 'dom'.
coming-soon/public/contact.js(144,25): error TS2584: Cannot find name 'document'. Do you need to change your target library? Try changing the 'lib' compiler option to include 'dom'.
coming-soon/public/contact.js(145,28): error TS2584: Cannot find name 'document'. Do you need to change your target library? Try changing the 'lib' compiler option to include 'dom'.
coming-soon/public/contact.js(146,24): error TS2584: Cannot find name 'document'. Do you need to change your target library? Try changing the 'lib' compiler option to include 'dom'.
coming-soon/public/contact.js(147,22): error TS2584: Cannot find name 'document'. Do you need to change your target library? Try changing the 'lib' compiler option to include 'dom'.
coming-soon/public/contact.js(148,21): error TS2584: Cannot find name 'document'. Do you need to change your target library? Try changing the 'lib' compiler option to include 'dom'.
coming-soon/public/contact.js(149,27): error TS2584: Cannot find name 'document'. Do you need to change your target library? Try changing the 'lib' compiler option to include 'dom'.
coming-soon/public/contact.js(170,13): error TS2584: Cannot find name 'document'. Do you need to change your target library? Try changing the 'lib' compiler option to include 'dom'.
coming-soon/public/contact.js(171,14): error TS2584: Cannot find name 'document'. Do you need to change your target library? Try changing the 'lib' compiler option to include 'dom'.
coming-soon/public/contact.js(172,18): error TS2584: Cannot find name 'document'. Do you need to change your target library? Try changing the 'lib' compiler option to include 'dom'.
coming-soon/public/contact.js(173,16): error TS2584: Cannot find name 'document'. Do you need to change your target library? Try changing the 'lib' compiler option to include 'dom'.
coming-soon/public/contact.js(174,14): error TS2584: Cannot find name 'document'. Do you need to change your target library? Try changing the 'lib' compiler option to include 'dom'.
coming-soon/public/contact.js(183,16): error TS2584: Cannot find name 'document'. Do you need to change your target library? Try changing the 'lib' compiler option to include 'dom'.
coming-soon/public/contact.js(184,17): error TS2584: Cannot find name 'document'. Do you need to change your target library? Try changing the 'lib' compiler option to include 'dom'.
coming-soon/public/contact.js(202,32): error TS2584: Cannot find name 'document'. Do you need to change your target library? Try changing the 'lib' compiler option to include 'dom'.
coming-soon/public/contact.js(203,36): error TS2584: Cannot find name 'document'. Do you need to change your target library? Try changing the 'lib' compiler option to include 'dom'.
coming-soon/public/contact.js(204,34): error TS2584: Cannot find name 'document'. Do you need to change your target library? Try changing the 'lib' compiler option to include 'dom'.
coming-soon/public/contact.js(205,32): error TS2584: Cannot find name 'document'. Do you need to change your target library? Try changing the 'lib' compiler option to include 'dom'.
coming-soon/public/contact.js(211,45): error TS2339: Property 'location' does not exist on type 'typeof window'.
coming-soon/public/contact.js(213,16): error TS2584: Cannot find name 'document'. Do you need to change your target library? Try changing the 'lib' compiler option to include 'dom'.
coming-soon/public/contact.js(225,19): error TS2584: Cannot find name 'document'. Do you need to change your target library? Try changing the 'lib' compiler option to include 'dom'.
coming-soon/public/contact.js(249,22): error TS2584: Cannot find name 'document'. Do you need to change your target library? Try changing the 'lib' compiler option to include 'dom'.
coming-soon/public/contact.js(251,19): error TS2584: Cannot find name 'document'. Do you need to change your target library? Try changing the 'lib' compiler option to include 'dom'.
coming-soon/public/contact.js(252,21): error TS2584: Cannot find name 'document'. Do you need to change your target library? Try changing the 'lib' compiler option to include 'dom'.
coming-soon/public/contact.js(271,14): error TS2584: Cannot find name 'document'. Do you need to change your target library? Try changing the 'lib' compiler option to include 'dom'.
coming-soon/public/contact.js(276,24): error TS2584: Cannot find name 'document'. Do you need to change your target library? Try changing the 'lib' compiler option to include 'dom'.
coming-soon/public/contact.js(277,28): error TS2584: Cannot find name 'document'. Do you need to change your target library? Try changing the 'lib' compiler option to include 'dom'.
coming-soon/public/contact.js(278,26): error TS2584: Cannot find name 'document'. Do you need to change your target library? Try changing the 'lib' compiler option to include 'dom'.
coming-soon/public/contact.js(279,24): error TS2584: Cannot find name 'document'. Do you need to change your target library? Try changing the 'lib' compiler option to include 'dom'.
coming-soon/public/contact.js(285,27): error TS2339: Property 'location' does not exist on type 'typeof window'.
coming-soon/public/contact.js(324,15): error TS2339: Property 'clipboard' does not exist on type 'Navigator'.
coming-soon/public/contact.js(334,15): error TS2339: Property 'clipboard' does not exist on type 'Navigator'.
coming-soon/public/contact.js(346,13): error TS2584: Cannot find name 'document'. Do you need to change your target library? Try changing the 'lib' compiler option to include 'dom'.
coming-soon/public/contact.js(349,5): error TS2584: Cannot find name 'document'. Do you need to change your target library? Try changing the 'lib' compiler option to include 'dom'.
coming-soon/public/contact.js(361,24): error TS2584: Cannot find name 'document'. Do you need to change your target library? Try changing the 'lib' compiler option to include 'dom'.
coming-soon/public/dashboard/js-es2018/__tests__/utils.test.mjs(235,46): error TS2345: Argument of type '{ headers: { get: () => string; }; text: () => Promise<string>; }' is not assignable to parameter of type 'Response'.
  Type '{ headers: { get: () => string; }; text: () => Promise<string>; }' is missing the following properties from type 'Response': ok, status, statusText, type, and 10 more.
coming-soon/public/dashboard/js-es2018/__tests__/utils.test.mjs(243,46): error TS2345: Argument of type '{ headers: { get: () => string; }; text: () => Promise<string>; }' is not assignable to parameter of type 'Response'.
  Type '{ headers: { get: () => string; }; text: () => Promise<string>; }' is missing the following properties from type 'Response': ok, status, statusText, type, and 10 more.
coming-soon/public/dashboard/js-es2018/__tests__/utils.test.mjs(251,46): error TS2345: Argument of type '{ headers: { get: () => string; }; text: () => Promise<string>; }' is not assignable to parameter of type 'Response'.
  Type '{ headers: { get: () => string; }; text: () => Promise<string>; }' is missing the following properties from type 'Response': ok, status, statusText, type, and 10 more.
coming-soon/public/dashboard/js-es2018/__tests__/utils.test.mjs(259,46): error TS2345: Argument of type '{ headers: { get: () => string; }; text: () => Promise<string>; }' is not assignable to parameter of type 'Response'.
  Type '{ headers: { get: () => string; }; text: () => Promise<string>; }' is missing the following properties from type 'Response': ok, status, statusText, type, and 10 more.
coming-soon/public/dashboard/js-es2018/_new-helpers.js(168,29): error TS2322: Type '(T & object & any[])[number][]' is not assignable to type 'T'.
  'T' could be instantiated with an arbitrary type which could be unrelated to '(T & object & any[])[number][]'.
coming-soon/public/dashboard/js-es2018/_new-helpers.js(206,32): error TS2304: Cannot find name 'get'.
coming-soon/public/dashboard/js-es2018/_path-helpers.js(7,59): error TS2339: Property 'acquireVsCodeApi' does not exist on type 'typeof window'.
coming-soon/public/dashboard/js-es2018/_path-helpers.js(23,56): error TS2339: Property 'acquireVsCodeApi' does not exist on type 'typeof window'.
coming-soon/public/dashboard/js-es2018/_path-helpers.js(25,27): error TS2339: Property 'acquireVsCodeApi' does not exist on type 'typeof window'.
coming-soon/public/dashboard/js-es2018/components/CodebaseReport.js(19,17): error TS8024: JSDoc '@param' tag has name 'loading', but there is no parameter with that name.
coming-soon/public/dashboard/js-es2018/components/CodebaseReport.js(20,17): error TS8024: JSDoc '@param' tag has name 'error', but there is no parameter with that name.
coming-soon/public/dashboard/js-es2018/components/ConsolidationReport.js(5,17): error TS8024: JSDoc '@param' tag has name 'loading', but there is no parameter with that name.
coming-soon/public/dashboard/js-es2018/components/ConsolidationReport.js(6,17): error TS8024: JSDoc '@param' tag has name 'error', but there is no parameter with that name.
coming-soon/public/dashboard/js-es2018/components/DataCleanupReport.js(86,81): error TS2339: Property 'buildArtifacts' does not exist on type 'any[]'.
coming-soon/public/dashboard/js-es2018/components/DataCleanupReport.js(141,81): error TS2339: Property 'assetConsolidation' does not exist on type 'any[]'.
coming-soon/public/dashboard/js-es2018/components/DataCleanupReport.js(175,81): error TS2339: Property 'unusedFiles' does not exist on type 'any[]'.
coming-soon/public/dashboard/js-es2018/components/DataCleanupReport.js(209,81): error TS2339: Property 'directoryBloat' does not exist on type 'any[]'.
coming-soon/public/dashboard/js-es2018/components/DataCleanupReport.js(531,20): error TS8024: JSDoc '@param' tag has name 'profile', but there is no parameter with that name.
coming-soon/public/dashboard/js-es2018/components/DataCleanupReport.js(532,17): error TS8024: JSDoc '@param' tag has name 'loading', but there is no parameter with that name.
coming-soon/public/dashboard/js-es2018/components/DataCleanupReport.js(533,17): error TS8024: JSDoc '@param' tag has name 'error', but there is no parameter with that name.
coming-soon/public/dashboard/js-es2018/components/DownloadCredentialsModal.js(9,46): error TS2739: Type '{}' is missing the following properties from type '{ title: string; submitLabel: string; onSubmit: Function; defaults?: any; }': title, submitLabel, onSubmit
coming-soon/public/dashboard/js-es2018/components/DownloadCredentialsModal.js(11,22): error TS2584: Cannot find name 'document'. Do you need to change your target library? Try changing the 'lib' compiler option to include 'dom'.
coming-soon/public/dashboard/js-es2018/components/DownloadCredentialsModal.js(13,21): error TS2584: Cannot find name 'document'. Do you need to change your target library? Try changing the 'lib' compiler option to include 'dom'.
coming-soon/public/dashboard/js-es2018/components/DownloadCredentialsModal.js(16,19): error TS2584: Cannot find name 'document'. Do you need to change your target library? Try changing the 'lib' compiler option to include 'dom'.
coming-soon/public/dashboard/js-es2018/components/DownloadCredentialsModal.js(21,20): error TS2584: Cannot find name 'document'. Do you need to change your target library? Try changing the 'lib' compiler option to include 'dom'.
coming-soon/public/dashboard/js-es2018/components/DownloadCredentialsModal.js(23,21): error TS2584: Cannot find name 'document'. Do you need to change your target library? Try changing the 'lib' compiler option to include 'dom'.
coming-soon/public/dashboard/js-es2018/components/DownloadCredentialsModal.js(26,18): error TS2584: Cannot find name 'document'. Do you need to change your target library? Try changing the 'lib' compiler option to include 'dom'.
coming-soon/public/dashboard/js-es2018/components/DownloadCredentialsModal.js(31,18): error TS2584: Cannot find name 'document'. Do you need to change your target library? Try changing the 'lib' compiler option to include 'dom'.
coming-soon/public/dashboard/js-es2018/components/DownloadCredentialsModal.js(41,21): error TS2584: Cannot find name 'document'. Do you need to change your target library? Try changing the 'lib' compiler option to include 'dom'.
coming-soon/public/dashboard/js-es2018/components/DownloadCredentialsModal.js(45,21): error TS2584: Cannot find name 'document'. Do you need to change your target library? Try changing the 'lib' compiler option to include 'dom'.
coming-soon/public/dashboard/js-es2018/components/DownloadCredentialsModal.js(57,20): error TS2584: Cannot find name 'document'. Do you need to change your target library? Try changing the 'lib' compiler option to include 'dom'.
coming-soon/public/dashboard/js-es2018/components/DownloadCredentialsModal.js(62,23): error TS2584: Cannot find name 'document'. Do you need to change your target library? Try changing the 'lib' compiler option to include 'dom'.
coming-soon/public/dashboard/js-es2018/components/DownloadCredentialsModal.js(67,23): error TS2584: Cannot find name 'document'. Do you need to change your target library? Try changing the 'lib' compiler option to include 'dom'.
coming-soon/public/dashboard/js-es2018/components/DownloadCredentialsModal.js(78,5): error TS2584: Cannot find name 'document'. Do you need to change your target library? Try changing the 'lib' compiler option to include 'dom'.
coming-soon/public/dashboard/js-es2018/components/IssueCard.js(9,18): error TS2584: Cannot find name 'document'. Do you need to change your target library? Try changing the 'lib' compiler option to include 'dom'.
coming-soon/public/dashboard/js-es2018/components/IssueCard.js(15,18): error TS2584: Cannot find name 'document'. Do you need to change your target library? Try changing the 'lib' compiler option to include 'dom'.
coming-soon/public/dashboard/js-es2018/components/IssueCard.js(18,21): error TS2584: Cannot find name 'document'. Do you need to change your target library? Try changing the 'lib' compiler option to include 'dom'.
coming-soon/public/dashboard/js-es2018/components/IssueCard.js(20,19): error TS2584: Cannot find name 'document'. Do you need to change your target library? Try changing the 'lib' compiler option to include 'dom'.
coming-soon/public/dashboard/js-es2018/components/IssueCard.js(23,19): error TS2584: Cannot find name 'document'. Do you need to change your target library? Try changing the 'lib' compiler option to include 'dom'.
coming-soon/public/dashboard/js-es2018/components/IssueCard.js(28,22): error TS2584: Cannot find name 'document'. Do you need to change your target library? Try changing the 'lib' compiler option to include 'dom'.
coming-soon/public/dashboard/js-es2018/components/IssueCard.js(43,21): error TS2584: Cannot find name 'document'. Do you need to change your target library? Try changing the 'lib' compiler option to include 'dom'.
coming-soon/public/dashboard/js-es2018/components/LoginModal.js(9,22): error TS2584: Cannot find name 'document'. Do you need to change your target library? Try changing the 'lib' compiler option to include 'dom'.
coming-soon/public/dashboard/js-es2018/components/LoginModal.js(11,21): error TS2584: Cannot find name 'document'. Do you need to change your target library? Try changing the 'lib' compiler option to include 'dom'.
coming-soon/public/dashboard/js-es2018/components/LoginModal.js(14,19): error TS2584: Cannot find name 'document'. Do you need to change your target library? Try changing the 'lib' compiler option to include 'dom'.
coming-soon/public/dashboard/js-es2018/components/LoginModal.js(18,20): error TS2584: Cannot find name 'document'. Do you need to change your target library? Try changing the 'lib' compiler option to include 'dom'.
coming-soon/public/dashboard/js-es2018/components/LoginModal.js(20,19): error TS2584: Cannot find name 'document'. Do you need to change your target library? Try changing the 'lib' compiler option to include 'dom'.
coming-soon/public/dashboard/js-es2018/components/LoginModal.js(23,18): error TS2584: Cannot find name 'document'. Do you need to change your target library? Try changing the 'lib' compiler option to include 'dom'.
coming-soon/public/dashboard/js-es2018/components/LoginModal.js(28,18): error TS2584: Cannot find name 'document'. Do you need to change your target library? Try changing the 'lib' compiler option to include 'dom'.
coming-soon/public/dashboard/js-es2018/components/LoginModal.js(31,19): error TS2584: Cannot find name 'document'. Do you need to change your target library? Try changing the 'lib' compiler option to include 'dom'.
coming-soon/public/dashboard/js-es2018/components/LoginModal.js(35,19): error TS2584: Cannot find name 'document'. Do you need to change your target library? Try changing the 'lib' compiler option to include 'dom'.
coming-soon/public/dashboard/js-es2018/components/LoginModal.js(43,27): error TS2584: Cannot find name 'document'. Do you need to change your target library? Try changing the 'lib' compiler option to include 'dom'.
coming-soon/public/dashboard/js-es2018/components/LoginModal.js(47,27): error TS2584: Cannot find name 'document'. Do you need to change your target library? Try changing the 'lib' compiler option to include 'dom'.
coming-soon/public/dashboard/js-es2018/components/LoginModal.js(53,19): error TS2584: Cannot find name 'document'. Do you need to change your target library? Try changing the 'lib' compiler option to include 'dom'.
coming-soon/public/dashboard/js-es2018/components/LoginModal.js(58,23): error TS2584: Cannot find name 'document'. Do you need to change your target library? Try changing the 'lib' compiler option to include 'dom'.
coming-soon/public/dashboard/js-es2018/components/LoginModal.js(63,25): error TS2584: Cannot find name 'document'. Do you need to change your target library? Try changing the 'lib' compiler option to include 'dom'.
coming-soon/public/dashboard/js-es2018/components/LoginModal.js(79,5): error TS2584: Cannot find name 'document'. Do you need to change your target library? Try changing the 'lib' compiler option to include 'dom'.
coming-soon/public/dashboard/js-es2018/components/LoginModal.js(96,20): error TS2339: Property 'location' does not exist on type 'typeof window'.
coming-soon/public/dashboard/js-es2018/components/LoginModal.js(137,30): error TS2584: Cannot find name 'document'. Do you need to change your target library? Try changing the 'lib' compiler option to include 'dom'.
coming-soon/public/dashboard/js-es2018/components/LoginModal.js(139,28): error TS2584: Cannot find name 'document'. Do you need to change your target library? Try changing the 'lib' compiler option to include 'dom'.
coming-soon/public/dashboard/js-es2018/components/LoginModal.js(145,28): error TS2584: Cannot find name 'document'. Do you need to change your target library? Try changing the 'lib' compiler option to include 'dom'.
coming-soon/public/dashboard/js-es2018/components/LoginModal.js(152,23): error TS2584: Cannot find name 'document'. Do you need to change your target library? Try changing the 'lib' compiler option to include 'dom'.
coming-soon/public/dashboard/js-es2018/components/LoginModal.js(158,28): error TS2584: Cannot find name 'document'. Do you need to change your target library? Try changing the 'lib' compiler option to include 'dom'.
coming-soon/public/dashboard/js-es2018/components/LoginModal.js(164,25): error TS2584: Cannot find name 'document'. Do you need to change your target library? Try changing the 'lib' compiler option to include 'dom'.
coming-soon/public/dashboard/js-es2018/components/LoginModal.js(171,25): error TS2584: Cannot find name 'document'. Do you need to change your target library? Try changing the 'lib' compiler option to include 'dom'.
coming-soon/public/dashboard/js-es2018/components/Onboarding.js(21,21): error TS2584: Cannot find name 'document'. Do you need to change your target library? Try changing the 'lib' compiler option to include 'dom'.
coming-soon/public/dashboard/js-es2018/components/Onboarding.js(24,19): error TS2584: Cannot find name 'document'. Do you need to change your target library? Try changing the 'lib' compiler option to include 'dom'.
coming-soon/public/dashboard/js-es2018/components/Onboarding.js(28,19): error TS2584: Cannot find name 'document'. Do you need to change your target library? Try changing the 'lib' compiler option to include 'dom'.
coming-soon/public/dashboard/js-es2018/components/Onboarding.js(31,18): error TS2584: Cannot find name 'document'. Do you need to change your target library? Try changing the 'lib' compiler option to include 'dom'.
coming-soon/public/dashboard/js-es2018/components/Onboarding.js(33,18): error TS2584: Cannot find name 'document'. Do you need to change your target library? Try changing the 'lib' compiler option to include 'dom'.
coming-soon/public/dashboard/js-es2018/components/Onboarding.js(41,20): error TS2584: Cannot find name 'document'. Do you need to change your target library? Try changing the 'lib' compiler option to include 'dom'.
coming-soon/public/dashboard/js-es2018/components/Onboarding.js(45,21): error TS2584: Cannot find name 'document'. Do you need to change your target library? Try changing the 'lib' compiler option to include 'dom'.
coming-soon/public/dashboard/js-es2018/components/Onboarding.js(47,22): error TS2584: Cannot find name 'document'. Do you need to change your target library? Try changing the 'lib' compiler option to include 'dom'.
coming-soon/public/dashboard/js-es2018/components/Onboarding.js(51,24): error TS2584: Cannot find name 'document'. Do you need to change your target library? Try changing the 'lib' compiler option to include 'dom'.
coming-soon/public/dashboard/js-es2018/components/Onboarding.js(68,17): error TS8024: JSDoc '@param' tag has name 'onDismiss', but there is no parameter with that name.
coming-soon/public/dashboard/js-es2018/components/PathHealthDashboard.js(9,23): error TS2584: Cannot find name 'document'. Do you need to change your target library? Try changing the 'lib' compiler option to include 'dom'.
coming-soon/public/dashboard/js-es2018/components/PathHealthDashboard.js(12,20): error TS2584: Cannot find name 'document'. Do you need to change your target library? Try changing the 'lib' compiler option to include 'dom'.
coming-soon/public/dashboard/js-es2018/components/PathHealthDashboard.js(14,18): error TS2584: Cannot find name 'document'. Do you need to change your target library? Try changing the 'lib' compiler option to include 'dom'.
coming-soon/public/dashboard/js-es2018/components/PathHealthDashboard.js(16,19): error TS2584: Cannot find name 'document'. Do you need to change your target library? Try changing the 'lib' compiler option to include 'dom'.
coming-soon/public/dashboard/js-es2018/components/PathHealthDashboard.js(19,24): error TS2584: Cannot find name 'document'. Do you need to change your target library? Try changing the 'lib' compiler option to include 'dom'.
coming-soon/public/dashboard/js-es2018/components/PathHealthDashboard.js(26,18): error TS2584: Cannot find name 'document'. Do you need to change your target library? Try changing the 'lib' compiler option to include 'dom'.
coming-soon/public/dashboard/js-es2018/components/PathHealthDashboard.js(32,18): error TS2584: Cannot find name 'document'. Do you need to change your target library? Try changing the 'lib' compiler option to include 'dom'.
coming-soon/public/dashboard/js-es2018/components/PathHealthDashboard.js(34,21): error TS2584: Cannot find name 'document'. Do you need to change your target library? Try changing the 'lib' compiler option to include 'dom'.
coming-soon/public/dashboard/js-es2018/components/PathHealthDashboard.js(36,21): error TS2584: Cannot find name 'document'. Do you need to change your target library? Try changing the 'lib' compiler option to include 'dom'.
coming-soon/public/dashboard/js-es2018/components/PathHealthDashboard.js(70,14): error TS1064: The return type of an async function or method must be the global Promise<T> type. Did you mean to write 'Promise<any>'?
coming-soon/public/dashboard/js-es2018/components/QuickActions.js(4,20): error TS8024: JSDoc '@param' tag has name '_onExport', but there is no parameter with that name.
coming-soon/public/dashboard/js-es2018/components/QuickActions.js(5,17): error TS8024: JSDoc '@param' tag has name '_onLegacy', but there is no parameter with that name.
coming-soon/public/dashboard/js-es2018/components/QuickActions.js(41,131): error TS2339: Property 'onRunScan' does not exist on type 'any[]'.
coming-soon/public/dashboard/js-es2018/components/QuickActions.js(42,129): error TS2339: Property 'onExport' does not exist on type 'any[]'.
coming-soon/public/dashboard/js-es2018/components/QuickActions.js(43,130): error TS2339: Property 'onSendAi' does not exist on type 'any[]'.
coming-soon/public/dashboard/js-es2018/components/QuickActions.js(44,129): error TS2339: Property 'onLegacy' does not exist on type 'any[]'.
coming-soon/public/dashboard/js-es2018/components/ScanPaywall.js(58,76): error TS2339: Property 'publicSummary' does not exist on type 'string'.
coming-soon/public/dashboard/js-es2018/components/ScanPaywall.js(59,27): error TS2339: Property 'publicSummary' does not exist on type 'string'.
coming-soon/public/dashboard/js-es2018/components/ScanPaywall.js(60,106): error TS2339: Property 'steps' does not exist on type 'string'.
coming-soon/public/dashboard/js-es2018/components/ScanPaywall.js(61,80): error TS2339: Property 'report' does not exist on type 'string'.
coming-soon/public/dashboard/js-es2018/components/ScanPaywall.js(62,102): error TS2339: Property 'steps' does not exist on type 'string'.
coming-soon/public/dashboard/js-es2018/components/ScanPaywall.js(63,80): error TS2339: Property 'scan' does not exist on type 'string'.
coming-soon/public/dashboard/js-es2018/components/ScanPaywall.js(99,83): error TS2339: Property 'hasAuditDeliverableAccess' does not exist on type 'any[]'.
coming-soon/public/dashboard/js-es2018/components/ScanPaywall.js(99,187): error TS2339: Property 'bypass' does not exist on type 'any[]'.
coming-soon/public/dashboard/js-es2018/components/ScanPaywall.js(101,82): error TS2339: Property 'publicGateLocked' does not exist on type 'any[]'.
coming-soon/public/dashboard/js-es2018/components/ScanPaywall.js(103,87): error TS2339: Property 'publicGateLocked' does not exist on type 'string'.
coming-soon/public/dashboard/js-es2018/components/ScanStatus.js(2,86): error TS2307: Cannot find module '../services/analyzeService.js?v=20260710inventory1' or its corresponding type declarations.
coming-soon/public/dashboard/js-es2018/components/ScanStatus.js(4,113): error TS2307: Cannot find module '../services/localAgentService.js?v=20260710agentcache3' or its corresponding type declarations.
coming-soon/public/dashboard/js-es2018/components/ScanStatus.js(5,78): error TS2307: Cannot find module '../services/browserSandboxScanService.js?v=20260711entropy1' or its corresponding type declarations.
coming-soon/public/dashboard/js-es2018/components/ScanStatus.js(13,87): error TS2339: Property 'projectRoot' does not exist on type 'number'.
coming-soon/public/dashboard/js-es2018/components/ScanStatus.js(13,159): error TS2339: Property 'platformRoot' does not exist on type 'number'.
coming-soon/public/dashboard/js-es2018/components/ScanStatus.js(30,51): error TS2339: Property 'lastProjectPath' does not exist on type '{}'.
coming-soon/public/dashboard/js-es2018/components/ScanStatus.js(37,14): error TS1064: The return type of an async function or method must be the global Promise<T> type. Did you mean to write 'Promise<any>'?
coming-soon/public/dashboard/js-es2018/components/ScanStatus.js(65,34): error TS2584: Cannot find name 'document'. Do you need to change your target library? Try changing the 'lib' compiler option to include 'dom'.
coming-soon/public/dashboard/js-es2018/components/ScanStatus.js(71,35): error TS2584: Cannot find name 'document'. Do you need to change your target library? Try changing the 'lib' compiler option to include 'dom'.
coming-soon/public/dashboard/js-es2018/components/ScanStatus.js(92,35): error TS2584: Cannot find name 'document'. Do you need to change your target library? Try changing the 'lib' compiler option to include 'dom'.
coming-soon/public/dashboard/js-es2018/components/ScanStatus.js(107,108): error TS2339: Property 'location' does not exist on type 'typeof window'.
coming-soon/public/dashboard/js-es2018/components/ScanStatus.js(109,200): error TS2554: Expected 0-2 arguments, but got 3.
coming-soon/public/dashboard/js-es2018/components/ScanStatus.js(110,27): error TS2584: Cannot find name 'document'. Do you need to change your target library? Try changing the 'lib' compiler option to include 'dom'.
coming-soon/public/dashboard/js-es2018/components/ScanStatus.js(119,23): error TS2584: Cannot find name 'document'. Do you need to change your target library? Try changing the 'lib' compiler option to include 'dom'.
coming-soon/public/dashboard/js-es2018/components/ScanStatus.js(121,25): error TS2584: Cannot find name 'document'. Do you need to change your target library? Try changing the 'lib' compiler option to include 'dom'.
coming-soon/public/dashboard/js-es2018/components/ScanStatus.js(133,22): error TS2584: Cannot find name 'document'. Do you need to change your target library? Try changing the 'lib' compiler option to include 'dom'.
coming-soon/public/dashboard/js-es2018/components/ScanStatus.js(134,23): error TS2584: Cannot find name 'document'. Do you need to change your target library? Try changing the 'lib' compiler option to include 'dom'.
coming-soon/public/dashboard/js-es2018/components/ScanStatus.js(171,21): error TS2339: Property 'location' does not exist on type 'typeof window'.
coming-soon/public/dashboard/js-es2018/components/ScanStatus.js(174,61): error TS2339: Property 'simplebeaconApp' does not exist on type 'typeof window'.
coming-soon/public/dashboard/js-es2018/components/ScanStatus.js(174,94): error TS2339: Property 'simplebeaconApp' does not exist on type 'typeof window'.
coming-soon/public/dashboard/js-es2018/components/ScanStatus.js(175,28): error TS2339: Property 'simplebeaconApp' does not exist on type 'typeof window'.
coming-soon/public/dashboard/js-es2018/components/ScanStatus.js(178,28): error TS2339: Property 'location' does not exist on type 'typeof window'.
coming-soon/public/dashboard/js-es2018/components/ScanStatus.js(237,149): error TS2339: Property 'scanPaths' does not exist on type 'number'.
coming-soon/public/dashboard/js-es2018/components/ScanStatus.js(331,74): error TS2339: Property 'gate' does not exist on type 'number'.
coming-soon/public/dashboard/js-es2018/components/ScanStatus.js(343,113): error TS2339: Property 'generatedAt' does not exist on type 'number'.
coming-soon/public/dashboard/js-es2018/components/ScanStatus.js(343,144): error TS2339: Property 'generatedAt' does not exist on type 'number'.
coming-soon/public/dashboard/js-es2018/components/ScanStatus.js(405,29): error TS2584: Cannot find name 'document'. Do you need to change your target library? Try changing the 'lib' compiler option to include 'dom'.
coming-soon/public/dashboard/js-es2018/components/ScanStatus.js(436,29): error TS2584: Cannot find name 'document'. Do you need to change your target library? Try changing the 'lib' compiler option to include 'dom'.
coming-soon/public/dashboard/js-es2018/components/ScanStatus.js(477,16): error TS2304: Cannot find name 'DragEvent'.
coming-soon/public/dashboard/js-es2018/components/ScanStatus.js(548,16): error TS2304: Cannot find name 'FileSystemDirectoryEntry'.
coming-soon/public/dashboard/js-es2018/components/ScanStatus.js(624,16): error TS2304: Cannot find name 'HTMLInputElement'.
coming-soon/public/dashboard/js-es2018/components/ScanStatus.js(639,17): error TS1313: The body of an 'if' statement cannot be the empty statement.
coming-soon/public/dashboard/js-es2018/components/ScanStatus.js(684,31): error TS2584: Cannot find name 'document'. Do you need to change your target library? Try changing the 'lib' compiler option to include 'dom'.
coming-soon/public/dashboard/js-es2018/components/ScanStatus.js(686,33): error TS2584: Cannot find name 'document'. Do you need to change your target library? Try changing the 'lib' compiler option to include 'dom'.
coming-soon/public/dashboard/js-es2018/components/ScanStatus.js(706,23): error TS2584: Cannot find name 'document'. Do you need to change your target library? Try changing the 'lib' compiler option to include 'dom'.
coming-soon/public/dashboard/js-es2018/components/ScanStatus.js(708,25): error TS2584: Cannot find name 'document'. Do you need to change your target library? Try changing the 'lib' compiler option to include 'dom'.
coming-soon/public/dashboard/js-es2018/components/ScanStatus.js(720,30): error TS2339: Property 'process' does not exist on type 'typeof window'.
coming-soon/public/dashboard/js-es2018/components/ScanStatus.js(725,20): error TS2339: Property 'showDirectoryPicker' does not exist on type 'typeof window'.
coming-soon/public/dashboard/js-es2018/components/ScanStatus.js(727,48): error TS2339: Property 'showDirectoryPicker' does not exist on type 'typeof window'.
coming-soon/public/dashboard/js-es2018/components/ScanStatus.js(736,31): error TS2584: Cannot find name 'document'. Do you need to change your target library? Try changing the 'lib' compiler option to include 'dom'.
coming-soon/public/dashboard/js-es2018/components/ScanStatus.js(738,33): error TS2584: Cannot find name 'document'. Do you need to change your target library? Try changing the 'lib' compiler option to include 'dom'.
coming-soon/public/dashboard/js-es2018/components/ScanStatus.js(899,32): error TS2584: Cannot find name 'document'. Do you need to change your target library? Try changing the 'lib' compiler option to include 'dom'.
coming-soon/public/dashboard/js-es2018/components/ScanStatus.js(903,13): error TS2584: Cannot find name 'document'. Do you need to change your target library? Try changing the 'lib' compiler option to include 'dom'.
coming-soon/public/dashboard/js-es2018/components/ScanStatus.js(955,16): error TS2339: Property 'setInterval' does not exist on type 'typeof window'.
coming-soon/public/dashboard/js-es2018/components/TrendChart.js(11,28): error TS2339: Property 'devicePixelRatio' does not exist on type 'typeof window'.
coming-soon/public/dashboard/js-es2018/components/TrendChart.js(21,24): error TS2304: Cannot find name 'getComputedStyle'.
coming-soon/public/dashboard/js-es2018/components/TrendChart.js(21,41): error TS2584: Cannot find name 'document'. Do you need to change your target library? Try changing the 'lib' compiler option to include 'dom'.
coming-soon/public/dashboard/js-es2018/components/TrendChart.js(141,12): error TS2339: Property 'addEventListener' does not exist on type 'typeof window'.
coming-soon/public/dashboard/js-es2018/components/TrendChart.js(142,25): error TS2339: Property 'removeEventListener' does not exist on type 'typeof window'.
coming-soon/public/dashboard/js-es2018/components/UpgradeModal.js(9,21): error TS2584: Cannot find name 'document'. Do you need to change your target library? Try changing the 'lib' compiler option to include 'dom'.
coming-soon/public/dashboard/js-es2018/components/UpgradeModal.js(12,19): error TS2584: Cannot find name 'document'. Do you need to change your target library? Try changing the 'lib' compiler option to include 'dom'.
coming-soon/public/dashboard/js-es2018/components/UpgradeModal.js(16,20): error TS2584: Cannot find name 'document'. Do you need to change your target library? Try changing the 'lib' compiler option to include 'dom'.
coming-soon/public/dashboard/js-es2018/components/UpgradeModal.js(18,19): error TS2584: Cannot find name 'document'. Do you need to change your target library? Try changing the 'lib' compiler option to include 'dom'.
coming-soon/public/dashboard/js-es2018/components/UpgradeModal.js(22,22): error TS2584: Cannot find name 'document'. Do you need to change your target library? Try changing the 'lib' compiler option to include 'dom'.
coming-soon/public/dashboard/js-es2018/components/UpgradeModal.js(29,18): error TS2584: Cannot find name 'document'. Do you need to change your target library? Try changing the 'lib' compiler option to include 'dom'.
coming-soon/public/dashboard/js-es2018/components/UpgradeModal.js(32,26): error TS2584: Cannot find name 'document'. Do you need to change your target library? Try changing the 'lib' compiler option to include 'dom'.
coming-soon/public/dashboard/js-es2018/components/UpgradeModal.js(35,19): error TS2584: Cannot find name 'document'. Do you need to change your target library? Try changing the 'lib' compiler option to include 'dom'.
coming-soon/public/dashboard/js-es2018/components/UpgradeModal.js(37,19): error TS2584: Cannot find name 'document'. Do you need to change your target library? Try changing the 'lib' compiler option to include 'dom'.
coming-soon/public/dashboard/js-es2018/components/UpgradeModal.js(41,21): error TS2584: Cannot find name 'document'. Do you need to change your target library? Try changing the 'lib' compiler option to include 'dom'.
coming-soon/public/dashboard/js-es2018/components/UpgradeModal.js(43,24): error TS2584: Cannot find name 'document'. Do you need to change your target library? Try changing the 'lib' compiler option to include 'dom'.
coming-soon/public/dashboard/js-es2018/components/UpgradeModal.js(47,24): error TS2584: Cannot find name 'document'. Do you need to change your target library? Try changing the 'lib' compiler option to include 'dom'.
coming-soon/public/dashboard/js-es2018/components/UpgradeModal.js(53,22): error TS2584: Cannot find name 'document'. Do you need to change your target library? Try changing the 'lib' compiler option to include 'dom'.
coming-soon/public/dashboard/js-es2018/components/UpgradeModal.js(73,16): error TS2339: Property 'location' does not exist on type 'typeof window'.
coming-soon/public/dashboard/js-es2018/components/UpgradeModal.js(87,22): error TS2584: Cannot find name 'document'. Do you need to change your target library? Try changing the 'lib' compiler option to include 'dom'.
coming-soon/public/dashboard/js-es2018/components/UpgradeModal.js(91,5): error TS2584: Cannot find name 'document'. Do you need to change your target library? Try changing the 'lib' compiler option to include 'dom'.
coming-soon/public/dashboard/js-es2018/components/ZscriptReport.js(10,97): error TS2339: Property 'report' does not exist on type 'number'.
coming-soon/public/dashboard/js-es2018/components/ZscriptReport.js(97,97): error TS2339: Property 'report' does not exist on type 'number'.
coming-soon/public/dashboard/js-es2018/config.js(5,54): error TS2339: Property '__SIMPLEBEACON_ENV__' does not exist on type 'typeof window'.
coming-soon/public/dashboard/js-es2018/controllers/billingLanding.js(12,51): error TS2339: Property 'location' does not exist on type 'typeof window'.
coming-soon/public/dashboard/js-es2018/controllers/billingLanding.js(13,56): error TS2339: Property 'location' does not exist on type 'typeof window'.
coming-soon/public/dashboard/js-es2018/controllers/billingLanding.js(32,119): error TS2339: Property 'location' does not exist on type 'typeof window'.
coming-soon/public/dashboard/js-es2018/demoMode.js(14,25): error TS2339: Property 'location' does not exist on type 'typeof window'.
coming-soon/public/dashboard/js-es2018/demoMode.js(22,25): error TS2339: Property 'location' does not exist on type 'typeof window'.
coming-soon/public/dashboard/js-es2018/demoMode.js(27,25): error TS2339: Property 'location' does not exist on type 'typeof window'.
coming-soon/public/dashboard/js-es2018/lib/analyzePathAllowlist.js(1,61): error TS2307: Cannot find module '../services/analyzeService.js?v=20260710inventory1' or its corresponding type declarations.
coming-soon/public/dashboard/js-es2018/lib/analyzePathAllowlist.js(49,14): error TS1064: The return type of an async function or method must be the global Promise<T> type. Did you mean to write 'Promise<any>'?
coming-soon/public/dashboard/js-es2018/lib/analyzePathAllowlist.js(75,14): error TS1064: The return type of an async function or method must be the global Promise<T> type. Did you mean to write 'Promise<any>'?
coming-soon/public/dashboard/js-es2018/lib/analyzePathAllowlist.js(124,14): error TS1064: The return type of an async function or method must be the global Promise<T> type. Did you mean to write 'Promise<any>'?
coming-soon/public/dashboard/js-es2018/lib/analyzePathSuggestions.js(5,38): error TS2307: Cannot find module '../services/analyzeService.js?v=20260710inventory1' or its corresponding type declarations.
coming-soon/public/dashboard/js-es2018/lib/analyzePathSuggestions.js(145,22): error TS2584: Cannot find name 'document'. Do you need to change your target library? Try changing the 'lib' compiler option to include 'dom'.
coming-soon/public/dashboard/js-es2018/lib/analyzePathSuggestions.js(149,21): error TS2584: Cannot find name 'document'. Do you need to change your target library? Try changing the 'lib' compiler option to include 'dom'.
coming-soon/public/dashboard/js-es2018/lib/pageRepoScan.js(2,81): error TS2307: Cannot find module '../services/analyzeService.js?v=20260710inventory1' or its corresponding type declarations.
coming-soon/public/dashboard/js-es2018/lib/pageRepoScan.js(59,77): error TS2584: Cannot find name 'document'. Do you need to change your target library? Try changing the 'lib' compiler option to include 'dom'.
coming-soon/public/dashboard/js-es2018/lib/pageRepoScan.js(152,81): error TS2584: Cannot find name 'document'. Do you need to change your target library? Try changing the 'lib' compiler option to include 'dom'.
coming-soon/public/dashboard/js-es2018/lib/pageRepoScan.js(210,66): error TS2339: Property 'projectRoot' does not exist on type 'number'.
coming-soon/public/dashboard/js-es2018/lib/pageRepoScan.js(212,43): error TS2339: Property 'projectRoot' does not exist on type 'number'.
coming-soon/public/dashboard/js-es2018/lib/pageRepoScan.js(271,73): error TS2345: Argument of type '{ projectRoot: any; }' is not assignable to parameter of type 'number'.
coming-soon/public/dashboard/js-es2018/lib/recoverable-fetch.js(24,14): error TS1064: The return type of an async function or method must be the global Promise<T> type. Did you mean to write 'Promise<any>'?
coming-soon/public/dashboard/js-es2018/lib/recoverable-fetch.js(40,14): error TS1064: The return type of an async function or method must be the global Promise<T> type. Did you mean to write 'Promise<any>'?
coming-soon/public/dashboard/js-es2018/main.js(1,29): error TS2307: Cannot find module './services/scanService.js?v=20260711dedup2' or its corresponding type declarations.
coming-soon/public/dashboard/js-es2018/main.js(2,33): error TS2307: Cannot find module './services/platformService.js?v=20260525jsonguard1' or its corresponding type declarations.
coming-soon/public/dashboard/js-es2018/main.js(3,32): error TS2307: Cannot find module './services/billingService.js?v=20260525jsonfixbilling1' or its corresponding type declarations.
coming-soon/public/dashboard/js-es2018/main.js(4,38): error TS2307: Cannot find module './services/authService.js?v=20260711admin1' or its corresponding type declarations.
coming-soon/public/dashboard/js-es2018/main.js(7,27): error TS2307: Cannot find module './views/TrustView.js?v=20260711admin1' or its corresponding type declarations.
coming-soon/public/dashboard/js-es2018/main.js(8,38): error TS2307: Cannot find module './views/RepositoryHealthView.js?v=20260711admin1' or its corresponding type declarations.
coming-soon/public/dashboard/js-es2018/main.js(9,31): error TS2307: Cannot find module './views/DashboardView.js?v=20260711admin1' or its corresponding type declarations.
coming-soon/public/dashboard/js-es2018/main.js(10,29): error TS2307: Cannot find module './views/ResultsView.js?v=20260711admin1' or its corresponding type declarations.
coming-soon/public/dashboard/js-es2018/main.js(11,30): error TS2307: Cannot find module './views/SettingsView.js?v=20260709ollama3' or its corresponding type declarations.
coming-soon/public/dashboard/js-es2018/main.js(13,30): error TS2307: Cannot find module './views/PlatformView.js?v=20260601platformmetrics1' or its corresponding type declarations.
coming-soon/public/dashboard/js-es2018/main.js(14,29): error TS2307: Cannot find module './views/QualityView.js?v=20260711admin1' or its corresponding type declarations.
coming-soon/public/dashboard/js-es2018/main.js(16,27): error TS2307: Cannot find module './views/AuditView.js?v=20260711admin1' or its corresponding type declarations.
coming-soon/public/dashboard/js-es2018/main.js(17,29): error TS2307: Cannot find module './views/AnalyzeView.js?v=20260711admin1' or its corresponding type declarations.
coming-soon/public/dashboard/js-es2018/main.js(18,30): error TS2307: Cannot find module './views/SecurityView.js?v=20260711admin1' or its corresponding type declarations.
coming-soon/public/dashboard/js-es2018/main.js(21,32): error TS2307: Cannot find module './views/AssessmentView.js?v=20260711admin1' or its corresponding type declarations.
coming-soon/public/dashboard/js-es2018/main.js(22,28): error TS2307: Cannot find module './views/SignInView.js?v=20260711signinfix1' or its corresponding type declarations.
coming-soon/public/dashboard/js-es2018/main.js(23,29): error TS2307: Cannot find module './views/ChatbotView.js?v=20260711singleflow11' or its corresponding type declarations.
coming-soon/public/dashboard/js-es2018/main.js(27,32): error TS2307: Cannot find module './views/AdminPanelView.js?v=20260709adminpanel1' or its corresponding type declarations.
coming-soon/public/dashboard/js-es2018/main.js(31,32): error TS2307: Cannot find module './components/LoginModal.js?v=20260609token4' or its corresponding type declarations.
coming-soon/public/dashboard/js-es2018/main.js(34,39): error TS2307: Cannot find module './services/analyzeService.js?v=20260710inventory1' or its corresponding type declarations.
coming-soon/public/dashboard/js-es2018/main.js(45,38): error TS2339: Property 'SIMPLEBEACON_VAULT_PASSWORD' does not exist on type 'typeof window'.
coming-soon/public/dashboard/js-es2018/main.js(167,16): error TS2339: Property 'addEventListener' does not exist on type 'typeof window'.
coming-soon/public/dashboard/js-es2018/main.js(170,20): error TS2339: Property 'location' does not exist on type 'typeof window'.
coming-soon/public/dashboard/js-es2018/main.js(173,13): error TS2584: Cannot find name 'document'. Do you need to change your target library? Try changing the 'lib' compiler option to include 'dom'.
coming-soon/public/dashboard/js-es2018/main.js(194,13): error TS2584: Cannot find name 'document'. Do you need to change your target library? Try changing the 'lib' compiler option to include 'dom'.
coming-soon/public/dashboard/js-es2018/main.js(196,21): error TS2584: Cannot find name 'document'. Do you need to change your target library? Try changing the 'lib' compiler option to include 'dom'.
coming-soon/public/dashboard/js-es2018/main.js(199,22): error TS2584: Cannot find name 'document'. Do you need to change your target library? Try changing the 'lib' compiler option to include 'dom'.
coming-soon/public/dashboard/js-es2018/main.js(202,19): error TS2584: Cannot find name 'document'. Do you need to change your target library? Try changing the 'lib' compiler option to include 'dom'.
coming-soon/public/dashboard/js-es2018/main.js(210,9): error TS2584: Cannot find name 'document'. Do you need to change your target library? Try changing the 'lib' compiler option to include 'dom'.
coming-soon/public/dashboard/js-es2018/main.js(213,13): error TS2584: Cannot find name 'document'. Do you need to change your target library? Try changing the 'lib' compiler option to include 'dom'.
coming-soon/public/dashboard/js-es2018/main.js(215,21): error TS2584: Cannot find name 'document'. Do you need to change your target library? Try changing the 'lib' compiler option to include 'dom'.
coming-soon/public/dashboard/js-es2018/main.js(220,22): error TS2584: Cannot find name 'document'. Do you need to change your target library? Try changing the 'lib' compiler option to include 'dom'.
coming-soon/public/dashboard/js-es2018/main.js(223,19): error TS2584: Cannot find name 'document'. Do you need to change your target library? Try changing the 'lib' compiler option to include 'dom'.
coming-soon/public/dashboard/js-es2018/main.js(231,9): error TS2584: Cannot find name 'document'. Do you need to change your target library? Try changing the 'lib' compiler option to include 'dom'.
coming-soon/public/dashboard/js-es2018/main.js(234,13): error TS2584: Cannot find name 'document'. Do you need to change your target library? Try changing the 'lib' compiler option to include 'dom'.
coming-soon/public/dashboard/js-es2018/main.js(236,38): error TS2339: Property 'location' does not exist on type 'typeof window'.
coming-soon/public/dashboard/js-es2018/main.js(236,65): error TS2339: Property 'location' does not exist on type 'typeof window'.
coming-soon/public/dashboard/js-es2018/main.js(237,21): error TS2584: Cannot find name 'document'. Do you need to change your target library? Try changing the 'lib' compiler option to include 'dom'.
coming-soon/public/dashboard/js-es2018/main.js(240,22): error TS2584: Cannot find name 'document'. Do you need to change your target library? Try changing the 'lib' compiler option to include 'dom'.
coming-soon/public/dashboard/js-es2018/main.js(243,19): error TS2584: Cannot find name 'document'. Do you need to change your target library? Try changing the 'lib' compiler option to include 'dom'.
coming-soon/public/dashboard/js-es2018/main.js(249,9): error TS2584: Cannot find name 'document'. Do you need to change your target library? Try changing the 'lib' compiler option to include 'dom'.
coming-soon/public/dashboard/js-es2018/main.js(252,13): error TS2584: Cannot find name 'document'. Do you need to change your target library? Try changing the 'lib' compiler option to include 'dom'.
coming-soon/public/dashboard/js-es2018/main.js(254,25): error TS2584: Cannot find name 'document'. Do you need to change your target library? Try changing the 'lib' compiler option to include 'dom'.
coming-soon/public/dashboard/js-es2018/main.js(302,9): error TS2584: Cannot find name 'document'. Do you need to change your target library? Try changing the 'lib' compiler option to include 'dom'.
coming-soon/public/dashboard/js-es2018/main.js(419,22): error TS2584: Cannot find name 'document'. Do you need to change your target library? Try changing the 'lib' compiler option to include 'dom'.
coming-soon/public/dashboard/js-es2018/main.js(616,9): error TS2584: Cannot find name 'document'. Do you need to change your target library? Try changing the 'lib' compiler option to include 'dom'.
coming-soon/public/dashboard/js-es2018/main.js(622,9): error TS2584: Cannot find name 'document'. Do you need to change your target library? Try changing the 'lib' compiler option to include 'dom'.
coming-soon/public/dashboard/js-es2018/main.js(637,44): error TS2339: Property 'error' does not exist on type 'unknown'.
coming-soon/public/dashboard/js-es2018/main.js(641,19): error TS2584: Cannot find name 'document'. Do you need to change your target library? Try changing the 'lib' compiler option to include 'dom'.
coming-soon/public/dashboard/js-es2018/main.js(691,27): error TS2584: Cannot find name 'document'. Do you need to change your target library? Try changing the 'lib' compiler option to include 'dom'.
coming-soon/public/dashboard/js-es2018/main.js(692,28): error TS2584: Cannot find name 'document'. Do you need to change your target library? Try changing the 'lib' compiler option to include 'dom'.
coming-soon/public/dashboard/js-es2018/main.js(693,28): error TS2584: Cannot find name 'document'. Do you need to change your target library? Try changing the 'lib' compiler option to include 'dom'.
coming-soon/public/dashboard/js-es2018/main.js(700,34): error TS2584: Cannot find name 'document'. Do you need to change your target library? Try changing the 'lib' compiler option to include 'dom'.
coming-soon/public/dashboard/js-es2018/main.js(703,27): error TS2584: Cannot find name 'document'. Do you need to change your target library? Try changing the 'lib' compiler option to include 'dom'.
coming-soon/public/dashboard/js-es2018/main.js(706,33): error TS2584: Cannot find name 'document'. Do you need to change your target library? Try changing the 'lib' compiler option to include 'dom'.
coming-soon/public/dashboard/js-es2018/main.js(709,34): error TS2584: Cannot find name 'document'. Do you need to change your target library? Try changing the 'lib' compiler option to include 'dom'.
coming-soon/public/dashboard/js-es2018/main.js(712,29): error TS2584: Cannot find name 'document'. Do you need to change your target library? Try changing the 'lib' compiler option to include 'dom'.
coming-soon/public/dashboard/js-es2018/main.js(716,31): error TS2584: Cannot find name 'document'. Do you need to change your target library? Try changing the 'lib' compiler option to include 'dom'.
coming-soon/public/dashboard/js-es2018/main.js(720,29): error TS1003: Identifier expected.
coming-soon/public/dashboard/js-es2018/main.js(761,29): error TS2339: Property 'location' does not exist on type 'typeof window'.
coming-soon/public/dashboard/js-es2018/main.js(840,15): error TS2584: Cannot find name 'document'. Do you need to change your target library? Try changing the 'lib' compiler option to include 'dom'.
coming-soon/public/dashboard/js-es2018/main.js(843,15): error TS2584: Cannot find name 'document'. Do you need to change your target library? Try changing the 'lib' compiler option to include 'dom'.
coming-soon/public/dashboard/js-es2018/main.js(846,15): error TS2584: Cannot find name 'document'. Do you need to change your target library? Try changing the 'lib' compiler option to include 'dom'.
coming-soon/public/dashboard/js-es2018/main.js(857,15): error TS2584: Cannot find name 'document'. Do you need to change your target library? Try changing the 'lib' compiler option to include 'dom'.
coming-soon/public/dashboard/js-es2018/main.js(860,9): error TS2584: Cannot find name 'document'. Do you need to change your target library? Try changing the 'lib' compiler option to include 'dom'.
coming-soon/public/dashboard/js-es2018/main.js(872,24): error TS2584: Cannot find name 'document'. Do you need to change your target library? Try changing the 'lib' compiler option to include 'dom'.
coming-soon/public/dashboard/js-es2018/main.js(886,29): error TS2584: Cannot find name 'document'. Do you need to change your target library? Try changing the 'lib' compiler option to include 'dom'.
coming-soon/public/dashboard/js-es2018/main.js(895,28): error TS2584: Cannot find name 'document'. Do you need to change your target library? Try changing the 'lib' compiler option to include 'dom'.
coming-soon/public/dashboard/js-es2018/main.js(896,22): error TS2584: Cannot find name 'document'. Do you need to change your target library? Try changing the 'lib' compiler option to include 'dom'.
coming-soon/public/dashboard/js-es2018/main.js(897,25): error TS2584: Cannot find name 'document'. Do you need to change your target library? Try changing the 'lib' compiler option to include 'dom'.
coming-soon/public/dashboard/js-es2018/main.js(898,26): error TS2584: Cannot find name 'document'. Do you need to change your target library? Try changing the 'lib' compiler option to include 'dom'.
coming-soon/public/dashboard/js-es2018/main.js(899,28): error TS2584: Cannot find name 'document'. Do you need to change your target library? Try changing the 'lib' compiler option to include 'dom'.
coming-soon/public/dashboard/js-es2018/main.js(908,9): error TS2584: Cannot find name 'document'. Do you need to change your target library? Try changing the 'lib' compiler option to include 'dom'.
coming-soon/public/dashboard/js-es2018/main.js(940,9): error TS2584: Cannot find name 'document'. Do you need to change your target library? Try changing the 'lib' compiler option to include 'dom'.
coming-soon/public/dashboard/js-es2018/main.js(945,23): error TS2584: Cannot find name 'document'. Do you need to change your target library? Try changing the 'lib' compiler option to include 'dom'.
coming-soon/public/dashboard/js-es2018/main.js(967,21): error TS2584: Cannot find name 'document'. Do you need to change your target library? Try changing the 'lib' compiler option to include 'dom'.
coming-soon/public/dashboard/js-es2018/main.js(969,23): error TS2584: Cannot find name 'document'. Do you need to change your target library? Try changing the 'lib' compiler option to include 'dom'.
coming-soon/public/dashboard/js-es2018/main.js(975,24): error TS2584: Cannot find name 'document'. Do you need to change your target library? Try changing the 'lib' compiler option to include 'dom'.
coming-soon/public/dashboard/js-es2018/main.js(976,21): error TS2584: Cannot find name 'document'. Do you need to change your target library? Try changing the 'lib' compiler option to include 'dom'.
coming-soon/public/dashboard/js-es2018/main.js(977,25): error TS2584: Cannot find name 'document'. Do you need to change your target library? Try changing the 'lib' compiler option to include 'dom'.
coming-soon/public/dashboard/js-es2018/main.js(986,15): error TS2584: Cannot find name 'document'. Do you need to change your target library? Try changing the 'lib' compiler option to include 'dom'.
coming-soon/public/dashboard/js-es2018/main.js(987,15): error TS2584: Cannot find name 'document'. Do you need to change your target library? Try changing the 'lib' compiler option to include 'dom'.
coming-soon/public/dashboard/js-es2018/main.js(999,13): error TS2584: Cannot find name 'document'. Do you need to change your target library? Try changing the 'lib' compiler option to include 'dom'.
coming-soon/public/dashboard/js-es2018/main.js(1013,102): error TS2339: Property 'location' does not exist on type 'typeof window'.
coming-soon/public/dashboard/js-es2018/main.js(1092,22): error TS2584: Cannot find name 'document'. Do you need to change your target library? Try changing the 'lib' compiler option to include 'dom'.
coming-soon/public/dashboard/js-es2018/main.js(1111,19): error TS2584: Cannot find name 'document'. Do you need to change your target library? Try changing the 'lib' compiler option to include 'dom'.
coming-soon/public/dashboard/js-es2018/main.js(1121,32): error TS2339: Property 'location' does not exist on type 'typeof window'.
coming-soon/public/dashboard/js-es2018/main.js(1125,32): error TS2339: Property 'location' does not exist on type 'typeof window'.
coming-soon/public/dashboard/js-es2018/main.js(1187,74): error TS2339: Property 'acquireVsCodeApi' does not exist on type 'typeof window'.
coming-soon/public/dashboard/js-es2018/main.js(1189,43): error TS2339: Property 'acquireVsCodeApi' does not exist on type 'typeof window'.
coming-soon/public/dashboard/js-es2018/main.js(1223,9): error TS2304: Cannot find name 'requestAnimationFrame'.
coming-soon/public/dashboard/js-es2018/main.js(1226,26): error TS2584: Cannot find name 'document'. Do you need to change your target library? Try changing the 'lib' compiler option to include 'dom'.
coming-soon/public/dashboard/js-es2018/main.js(1263,55): error TS2584: Cannot find name 'document'. Do you need to change your target library? Try changing the 'lib' compiler option to include 'dom'.
coming-soon/public/dashboard/js-es2018/main.js(1263,83): error TS2584: Cannot find name 'document'. Do you need to change your target library? Try changing the 'lib' compiler option to include 'dom'.
coming-soon/public/dashboard/js-es2018/main.js(1293,9): error TS2584: Cannot find name 'document'. Do you need to change your target library? Try changing the 'lib' compiler option to include 'dom'.
coming-soon/public/dashboard/js-es2018/main.js(1300,1): error TS2584: Cannot find name 'document'. Do you need to change your target library? Try changing the 'lib' compiler option to include 'dom'.
coming-soon/public/dashboard/js-es2018/main.js(1302,16): error TS2339: Property '__SB_DASHBOARD_APP__' does not exist on type 'typeof window'.
coming-soon/public/dashboard/js-es2018/main.js(1304,16): error TS2339: Property 'simplebeaconApp' does not exist on type 'typeof window'.
coming-soon/public/dashboard/js-es2018/main.js(1312,22): error TS2584: Cannot find name 'document'. Do you need to change your target library? Try changing the 'lib' compiler option to include 'dom'.
coming-soon/public/dashboard/js-es2018/main.js(1315,26): error TS2584: Cannot find name 'document'. Do you need to change your target library? Try changing the 'lib' compiler option to include 'dom'.
coming-soon/public/dashboard/js-es2018/main.js(1317,23): error TS2584: Cannot find name 'document'. Do you need to change your target library? Try changing the 'lib' compiler option to include 'dom'.
coming-soon/public/dashboard/js-es2018/router.js(15,16): error TS2339: Property 'addEventListener' does not exist on type 'typeof window'.
coming-soon/public/dashboard/js-es2018/router.js(16,16): error TS2339: Property 'addEventListener' does not exist on type 'typeof window'.
coming-soon/public/dashboard/js-es2018/router.js(19,16): error TS2339: Property 'removeEventListener' does not exist on type 'typeof window'.
coming-soon/public/dashboard/js-es2018/router.js(20,16): error TS2339: Property 'removeEventListener' does not exist on type 'typeof window'.
coming-soon/public/dashboard/js-es2018/router.js(23,64): error TS2339: Property '__SB_INITIAL_ROUTE__' does not exist on type 'typeof window'.
coming-soon/public/dashboard/js-es2018/router.js(25,27): error TS2339: Property '__SB_INITIAL_ROUTE__' does not exist on type 'typeof window'.
coming-soon/public/dashboard/js-es2018/router.js(32,20): error TS2339: Property 'location' does not exist on type 'typeof window'.
coming-soon/public/dashboard/js-es2018/router.js(32,44): error TS2339: Property 'location' does not exist on type 'typeof window'.
coming-soon/public/dashboard/js-es2018/router.js(43,20): error TS2339: Property 'location' does not exist on type 'typeof window'.
coming-soon/public/dashboard/js-es2018/router.js(49,33): error TS2339: Property 'location' does not exist on type 'typeof window'.
coming-soon/public/dashboard/js-es2018/router.js(61,31): error TS2339: Property 'location' does not exist on type 'typeof window'.
coming-soon/public/dashboard/js-es2018/router.js(80,29): error TS2339: Property 'location' does not exist on type 'typeof window'.
coming-soon/public/dashboard/js-es2018/router.js(110,24): error TS2339: Property 'location' does not exist on type 'typeof window'.
coming-soon/public/dashboard/js-es2018/router.js(110,51): error TS2339: Property 'location' does not exist on type 'typeof window'.
coming-soon/public/dashboard/js-es2018/router.js(111,24): error TS2339: Property 'history' does not exist on type 'typeof window'.
coming-soon/public/dashboard/js-es2018/router.js(122,9): error TS2584: Cannot find name 'document'. Do you need to change your target library? Try changing the 'lib' compiler option to include 'dom'.
coming-soon/public/dashboard/js-es2018/scan-utils.js(2,29): error TS2307: Cannot find module './services/scanService.js?v=20260711dedup2' or its corresponding type declarations.
coming-soon/public/dashboard/js-es2018/services/aiKeysService.js(53,14): error TS1064: The return type of an async function or method must be the global Promise<T> type. Did you mean to write 'Promise<any>'?
coming-soon/public/dashboard/js-es2018/services/aiKeysService.js(90,14): error TS1064: The return type of an async function or method must be the global Promise<T> type. Did you mean to write 'Promise<any>'?
coming-soon/public/dashboard/js-es2018/services/aiKeysService.js(117,14): error TS1064: The return type of an async function or method must be the global Promise<T> type. Did you mean to write 'Promise<any>'?
coming-soon/public/dashboard/js-es2018/services/aiKeysService.js(139,20): error TS8024: JSDoc '@param' tag has name 'ollamaBaseUrl', but there is no parameter with that name.
coming-soon/public/dashboard/js-es2018/services/aiKeysService.js(153,65): error TS2339: Property 'location' does not exist on type 'typeof window'.
coming-soon/public/dashboard/js-es2018/services/aiKeysService.js(175,47): error TS2339: Property 'models' does not exist on type 'unknown'.
coming-soon/public/dashboard/js-es2018/services/aiKeysService.js(175,62): error TS2339: Property 'models' does not exist on type 'unknown'.
coming-soon/public/dashboard/js-es2018/services/aiKeysService.js(198,38): error TS2339: Property 'error' does not exist on type 'unknown'.
coming-soon/public/dashboard/js-es2018/services/aiKeysService.js(198,52): error TS2339: Property 'message' does not exist on type 'unknown'.
coming-soon/public/dashboard/js-es2018/services/aiKeysService.js(200,47): error TS2339: Property 'models' does not exist on type 'unknown'.
coming-soon/public/dashboard/js-es2018/services/aiKeysService.js(200,62): error TS2339: Property 'models' does not exist on type 'unknown'.
coming-soon/public/dashboard/js-es2018/services/aiMathAuditService.js(1,10): error TS2459: Module '"./analyzeService.js"' declares 'fetchJsonWithGuidance' locally, but it is not exported.
coming-soon/public/dashboard/js-es2018/services/aiProblemAnalyzerSuite.mjs(65,127): error TS2322: Type 'string' is not assignable to type 'any[]'.
coming-soon/public/dashboard/js-es2018/services/aiProblemAnalyzerSuite.mjs(83,501): error TS2345: Argument of type 'string' is not assignable to parameter of type 'any[]'.
coming-soon/public/dashboard/js-es2018/services/aiProblemAnalyzerSuite.mjs(84,496): error TS2345: Argument of type 'string' is not assignable to parameter of type 'any[]'.
coming-soon/public/dashboard/js-es2018/services/aiProblemAnalyzerSuite.mjs(85,472): error TS2345: Argument of type 'string' is not assignable to parameter of type 'any[]'.
coming-soon/public/dashboard/js-es2018/services/aiProblemAnalyzerSuite.mjs(86,420): error TS2345: Argument of type 'string' is not assignable to parameter of type 'any[]'.
coming-soon/public/dashboard/js-es2018/services/aiProblemAnalyzerSuite.mjs(87,441): error TS2345: Argument of type 'string' is not assignable to parameter of type 'any[]'.
coming-soon/public/dashboard/js-es2018/services/aiProblemAnalyzerSuite.mjs(88,421): error TS2345: Argument of type 'string' is not assignable to parameter of type 'any[]'.
coming-soon/public/dashboard/js-es2018/services/aiProblemAnalyzerSuite.mjs(89,439): error TS2345: Argument of type 'string' is not assignable to parameter of type 'any[]'.
coming-soon/public/dashboard/js-es2018/services/aiProblemAnalyzerSuite.mjs(90,453): error TS2345: Argument of type 'string' is not assignable to parameter of type 'any[]'.
coming-soon/public/dashboard/js-es2018/services/aiProblemAnalyzerSuite.mjs(91,462): error TS2345: Argument of type 'string' is not assignable to parameter of type 'any[]'.
coming-soon/public/dashboard/js-es2018/services/aiProblemAnalyzerSuite.mjs(92,432): error TS2345: Argument of type 'string' is not assignable to parameter of type 'any[]'.
coming-soon/public/dashboard/js-es2018/services/aiProblemAnalyzerSuite.mjs(93,473): error TS2345: Argument of type 'string' is not assignable to parameter of type 'any[]'.
coming-soon/public/dashboard/js-es2018/services/aiProblemAnalyzerSuite.mjs(94,451): error TS2345: Argument of type 'string' is not assignable to parameter of type 'any[]'.
coming-soon/public/dashboard/js-es2018/services/aiProblemAnalyzerSuite.mjs(95,439): error TS2345: Argument of type 'string' is not assignable to parameter of type 'any[]'.
coming-soon/public/dashboard/js-es2018/services/aiProblemAnalyzerSuite.mjs(96,475): error TS2345: Argument of type 'string' is not assignable to parameter of type 'any[]'.
coming-soon/public/dashboard/js-es2018/services/aiProblemAnalyzerSuite.mjs(97,477): error TS2345: Argument of type 'string' is not assignable to parameter of type 'any[]'.
coming-soon/public/dashboard/js-es2018/services/aiProblemAnalyzerSuite.mjs(98,452): error TS2345: Argument of type 'string' is not assignable to parameter of type 'any[]'.
coming-soon/public/dashboard/js-es2018/services/aiProblemAnalyzerSuite.mjs(99,455): error TS2345: Argument of type 'string' is not assignable to parameter of type 'any[]'.
coming-soon/public/dashboard/js-es2018/services/aiProblemAnalyzerSuite.mjs(100,455): error TS2345: Argument of type 'string' is not assignable to parameter of type 'any[]'.
coming-soon/public/dashboard/js-es2018/services/aiProblemAnalyzerSuite.mjs(101,459): error TS2345: Argument of type 'string' is not assignable to parameter of type 'any[]'.
coming-soon/public/dashboard/js-es2018/services/aiProblemAnalyzerSuite.mjs(102,455): error TS2345: Argument of type 'string' is not assignable to parameter of type 'any[]'.
coming-soon/public/dashboard/js-es2018/services/aiProblemAnalyzerSuite.mjs(103,449): error TS2345: Argument of type 'string' is not assignable to parameter of type 'any[]'.
coming-soon/public/dashboard/js-es2018/services/aiProblemAnalyzerSuite.mjs(104,459): error TS2345: Argument of type 'string' is not assignable to parameter of type 'any[]'.
coming-soon/public/dashboard/js-es2018/services/aiProblemAnalyzerSuite.mjs(105,469): error TS2345: Argument of type 'string' is not assignable to parameter of type 'any[]'.
coming-soon/public/dashboard/js-es2018/services/aiProblemAnalyzerSuite.mjs(106,448): error TS2345: Argument of type 'string' is not assignable to parameter of type 'any[]'.
coming-soon/public/dashboard/js-es2018/services/aiProblemAnalyzerSuite.mjs(107,462): error TS2345: Argument of type 'string' is not assignable to parameter of type 'any[]'.
coming-soon/public/dashboard/js-es2018/services/aiProblemAnalyzerSuite.mjs(108,441): error TS2345: Argument of type 'string' is not assignable to parameter of type 'any[]'.
coming-soon/public/dashboard/js-es2018/services/aiProblemAnalyzerSuite.mjs(109,460): error TS2345: Argument of type 'string' is not assignable to parameter of type 'any[]'.
coming-soon/public/dashboard/js-es2018/services/aiProblemAnalyzerSuite.mjs(110,457): error TS2345: Argument of type 'string' is not assignable to parameter of type 'any[]'.
coming-soon/public/dashboard/js-es2018/services/aiProblemAnalyzerSuite.mjs(111,429): error TS2345: Argument of type 'string' is not assignable to parameter of type 'any[]'.
coming-soon/public/dashboard/js-es2018/services/aiProblemAnalyzerSuite.mjs(112,422): error TS2345: Argument of type 'string' is not assignable to parameter of type 'any[]'.
coming-soon/public/dashboard/js-es2018/services/aiProblemAnalyzerSuite.mjs(113,415): error TS2345: Argument of type 'string' is not assignable to parameter of type 'any[]'.
coming-soon/public/dashboard/js-es2018/services/aiProblemAnalyzerSuite.mjs(114,460): error TS2345: Argument of type 'string' is not assignable to parameter of type 'any[]'.
coming-soon/public/dashboard/js-es2018/services/aiProblemAnalyzerSuite.mjs(115,407): error TS2345: Argument of type 'string' is not assignable to parameter of type 'any[]'.
coming-soon/public/dashboard/js-es2018/services/aiProblemAnalyzerSuite.mjs(116,447): error TS2345: Argument of type 'string' is not assignable to parameter of type 'any[]'.
coming-soon/public/dashboard/js-es2018/services/aiProblemAnalyzerSuite.mjs(117,430): error TS2345: Argument of type 'string' is not assignable to parameter of type 'any[]'.
coming-soon/public/dashboard/js-es2018/services/aiProblemAnalyzerSuite.mjs(118,425): error TS2345: Argument of type 'string' is not assignable to parameter of type 'any[]'.
coming-soon/public/dashboard/js-es2018/services/aiProblemAnalyzerSuite.mjs(119,462): error TS2345: Argument of type 'string' is not assignable to parameter of type 'any[]'.
coming-soon/public/dashboard/js-es2018/services/aiProblemAnalyzerSuite.mjs(120,442): error TS2345: Argument of type 'string' is not assignable to parameter of type 'any[]'.
coming-soon/public/dashboard/js-es2018/services/aiProblemAnalyzerSuite.mjs(121,434): error TS2345: Argument of type 'string' is not assignable to parameter of type 'any[]'.
coming-soon/public/dashboard/js-es2018/services/aiProblemAnalyzerSuite.mjs(122,450): error TS2345: Argument of type 'string' is not assignable to parameter of type 'any[]'.
coming-soon/public/dashboard/js-es2018/services/aiProblemAnalyzerSuite.mjs(123,447): error TS2345: Argument of type 'string' is not assignable to parameter of type 'any[]'.
coming-soon/public/dashboard/js-es2018/services/aiProblemAnalyzerSuite.mjs(124,455): error TS2345: Argument of type 'string' is not assignable to parameter of type 'any[]'.
coming-soon/public/dashboard/js-es2018/services/aiProblemAnalyzerSuite.mjs(125,427): error TS2345: Argument of type 'string' is not assignable to parameter of type 'any[]'.
coming-soon/public/dashboard/js-es2018/services/aiProblemAnalyzerSuite.mjs(126,450): error TS2345: Argument of type 'string' is not assignable to parameter of type 'any[]'.
coming-soon/public/dashboard/js-es2018/services/aiProblemAnalyzerSuite.mjs(127,447): error TS2345: Argument of type 'string' is not assignable to parameter of type 'any[]'.
coming-soon/public/dashboard/js-es2018/services/aiProblemAnalyzerSuite.mjs(128,473): error TS2345: Argument of type 'string' is not assignable to parameter of type 'any[]'.
coming-soon/public/dashboard/js-es2018/services/aiProblemAnalyzerSuite.mjs(129,474): error TS2345: Argument of type 'string' is not assignable to parameter of type 'any[]'.
coming-soon/public/dashboard/js-es2018/services/aiProblemAnalyzerSuite.mjs(130,576): error TS2345: Argument of type 'string' is not assignable to parameter of type 'any[]'.
coming-soon/public/dashboard/js-es2018/services/aiProblemAnalyzerSuite.mjs(3174,34): error TS2554: Expected 0 arguments, but got 1.
coming-soon/public/dashboard/js-es2018/services/aiProblemAnalyzerSuite.mjs(4161,27): error TS2322: Type '{}' is not assignable to type 'string'.
coming-soon/public/dashboard/js-es2018/services/aiProblemAnalyzerSuite.mjs(4162,31): error TS2339: Property 'scanIssues' does not exist on type 'string'.
coming-soon/public/dashboard/js-es2018/services/aiProblemAnalyzerSuite.mjs(4162,54): error TS2339: Property 'scanIssues' does not exist on type 'string'.
coming-soon/public/dashboard/js-es2018/services/aiProblemAnalyzerSuite.mjs(4163,24): error TS2339: Property 'scanIssues' does not exist on type 'string'.
coming-soon/public/dashboard/js-es2018/services/aiProblemAnalyzerSuite.mjs(4164,31): error TS2339: Property 'rawIssues' does not exist on type 'string'.
coming-soon/public/dashboard/js-es2018/services/aiProblemAnalyzerSuite.mjs(4164,53): error TS2339: Property 'rawIssues' does not exist on type 'string'.
coming-soon/public/dashboard/js-es2018/services/aiProblemAnalyzerSuite.mjs(4165,24): error TS2339: Property 'rawIssues' does not exist on type 'string'.
coming-soon/public/dashboard/js-es2018/services/aiProblemAnalyzerSuite.mjs(4166,31): error TS2339: Property 'issues' does not exist on type 'string'.
coming-soon/public/dashboard/js-es2018/services/aiProblemAnalyzerSuite.mjs(4166,50): error TS2339: Property 'issues' does not exist on type 'string'.
coming-soon/public/dashboard/js-es2018/services/aiProblemAnalyzerSuite.mjs(4167,24): error TS2339: Property 'issues' does not exist on type 'string'.
coming-soon/public/dashboard/js-es2018/services/aiProblemAnalyzerSuite.mjs(4204,33): error TS2322: Type '{}' is not assignable to type 'string'.
coming-soon/public/dashboard/js-es2018/services/aiProblemAnalyzerSuite.mjs(4205,31): error TS2339: Property 'subgroupOutcomes' does not exist on type 'string'.
coming-soon/public/dashboard/js-es2018/services/aiProblemAnalyzerSuite.mjs(4205,60): error TS2339: Property 'subgroupOutcomes' does not exist on type 'string'.
coming-soon/public/dashboard/js-es2018/services/aiProblemAnalyzerSuite.mjs(4206,24): error TS2339: Property 'subgroupOutcomes' does not exist on type 'string'.
coming-soon/public/dashboard/js-es2018/services/aiProblemAnalyzerSuite.mjs(4220,34): error TS2322: Type '{}' is not assignable to type 'string'.
coming-soon/public/dashboard/js-es2018/services/aiProblemAnalyzerSuite.mjs(4221,31): error TS2339: Property 'claims' does not exist on type 'string'.
coming-soon/public/dashboard/js-es2018/services/aiProblemAnalyzerSuite.mjs(4221,50): error TS2339: Property 'claims' does not exist on type 'string'.
coming-soon/public/dashboard/js-es2018/services/aiProblemAnalyzerSuite.mjs(4222,24): error TS2339: Property 'claims' does not exist on type 'string'.
coming-soon/public/dashboard/js-es2018/services/aiProblemAnalyzerSuite.mjs(4224,17): error TS2339: Property 'aiSummary' does not exist on type 'string'.
coming-soon/public/dashboard/js-es2018/services/aiProblemAnalyzerSuite.mjs(4225,17): error TS2339: Property 'conclusion' does not exist on type 'string'.
coming-soon/public/dashboard/js-es2018/services/aiProblemAnalyzerSuite.mjs(4226,17): error TS2339: Property 'backlogSnippet' does not exist on type 'string'.
coming-soon/public/dashboard/js-es2018/services/aiProblemAnalyzerSuite.mjs(4227,17): error TS2339: Property 'scanSummary' does not exist on type 'string'.
coming-soon/public/dashboard/js-es2018/services/aiProblemAnalyzerSuite.mjs(4228,17): error TS2339: Property 'responseText' does not exist on type 'string'.
coming-soon/public/dashboard/js-es2018/services/aiProblemAnalyzerSuite.mjs(4250,46): error TS2339: Property 'responseConfidence' does not exist on type 'string'.
coming-soon/public/dashboard/js-es2018/services/aiProblemAnalyzerSuite.mjs(4262,34): error TS2322: Type '{}' is not assignable to type 'string'.
coming-soon/public/dashboard/js-es2018/services/aiProblemAnalyzerSuite.mjs(4264,31): error TS2339: Property 'traces' does not exist on type 'string'.
coming-soon/public/dashboard/js-es2018/services/aiProblemAnalyzerSuite.mjs(4264,50): error TS2339: Property 'traces' does not exist on type 'string'.
coming-soon/public/dashboard/js-es2018/services/aiProblemAnalyzerSuite.mjs(4265,24): error TS2339: Property 'traces' does not exist on type 'string'.
coming-soon/public/dashboard/js-es2018/services/aiProblemAnalyzerSuite.mjs(4267,37): error TS2339: Property 'codeUnderstanding' does not exist on type 'string'.
coming-soon/public/dashboard/js-es2018/services/aiProblemAnalyzerSuite.mjs(4285,33): error TS2339: Property 'responseText' does not exist on type 'string'.
coming-soon/public/dashboard/js-es2018/services/aiProblemAnalyzerSuite.mjs(4285,57): error TS2339: Property 'aiSummary' does not exist on type 'string'.
coming-soon/public/dashboard/js-es2018/services/aiProblemAnalyzerSuite.mjs(4303,31): error TS2322: Type '{}' is not assignable to type 'string'.
coming-soon/public/dashboard/js-es2018/services/aiProblemAnalyzerSuite.mjs(4304,31): error TS2339: Property 'datasetSamples' does not exist on type 'string'.
coming-soon/public/dashboard/js-es2018/services/aiProblemAnalyzerSuite.mjs(4304,58): error TS2339: Property 'datasetSamples' does not exist on type 'string'.
coming-soon/public/dashboard/js-es2018/services/aiProblemAnalyzerSuite.mjs(4305,24): error TS2339: Property 'datasetSamples' does not exist on type 'string'.
coming-soon/public/dashboard/js-es2018/services/aiProblemAnalyzerSuite.mjs(4321,35): error TS2322: Type '{}' is not assignable to type 'string'.
coming-soon/public/dashboard/js-es2018/services/aiProblemAnalyzerSuite.mjs(4323,30): error TS2339: Property 'scalabilityMetrics' does not exist on type 'string'.
coming-soon/public/dashboard/js-es2018/services/aiProblemAnalyzerSuite.mjs(4323,60): error TS2339: Property 'metrics' does not exist on type 'string'.
coming-soon/public/dashboard/js-es2018/services/aiProblemAnalyzerSuite.mjs(4325,23): error TS2339: Property 'fileReduction' does not exist on type 'string'.
coming-soon/public/dashboard/js-es2018/services/aiProblemAnalyzerSuite.mjs(4326,42): error TS2339: Property 'fileReduction' does not exist on type 'string'.
coming-soon/public/dashboard/js-es2018/services/aiProblemAnalyzerSuite.mjs(4327,27): error TS2339: Property 'fileReduction' does not exist on type 'string'.
coming-soon/public/dashboard/js-es2018/services/aiProblemAnalyzerSuite.mjs(4328,44): error TS2339: Property 'fileReduction' does not exist on type 'string'.
coming-soon/public/dashboard/js-es2018/services/aiProblemAnalyzerSuite.mjs(4331,23): error TS2339: Property 'dataQuality' does not exist on type 'string'.
coming-soon/public/dashboard/js-es2018/services/aiProblemAnalyzerSuite.mjs(4332,53): error TS2339: Property 'dataQuality' does not exist on type 'string'.
coming-soon/public/dashboard/js-es2018/services/aiProblemAnalyzerSuite.mjs(4334,30): error TS2339: Property 'scan' does not exist on type 'string'.
coming-soon/public/dashboard/js-es2018/services/aiProblemAnalyzerSuite.mjs(4335,44): error TS2339: Property 'scan' does not exist on type 'string'.
coming-soon/public/dashboard/js-es2018/services/aiProblemAnalyzerSuite.mjs(4337,29): error TS2339: Property 'scan' does not exist on type 'string'.
coming-soon/public/dashboard/js-es2018/services/aiProblemAnalyzerSuite.mjs(4338,41): error TS2339: Property 'scan' does not exist on type 'string'.
coming-soon/public/dashboard/js-es2018/services/aiProblemAnalyzerSuite.mjs(4339,29): error TS2339: Property 'scan' does not exist on type 'string'.
coming-soon/public/dashboard/js-es2018/services/aiProblemAnalyzerSuite.mjs(4340,40): error TS2339: Property 'scan' does not exist on type 'string'.
coming-soon/public/dashboard/js-es2018/services/aiProblemAnalyzerSuite.mjs(4341,27): error TS2339: Property 'responseText' does not exist on type 'string'.
coming-soon/public/dashboard/js-es2018/services/aiProblemAnalyzerSuite.mjs(4341,49): error TS2339: Property 'aiSummary' does not exist on type 'string'.
coming-soon/public/dashboard/js-es2018/services/aiProblemAnalyzerSuite.mjs(4352,27): error TS2322: Type '{}' is not assignable to type 'string'.
coming-soon/public/dashboard/js-es2018/services/aiProblemAnalyzerSuite.mjs(4354,17): error TS2339: Property 'benchmarks' does not exist on type 'string'.
coming-soon/public/dashboard/js-es2018/services/aiProblemAnalyzerSuite.mjs(4354,51): error TS2339: Property 'benchmarks' does not exist on type 'string'.
coming-soon/public/dashboard/js-es2018/services/aiProblemAnalyzerSuite.mjs(4355,24): error TS2339: Property 'benchmarks' does not exist on type 'string'.
coming-soon/public/dashboard/js-es2018/services/aiProblemAnalyzerSuite.mjs(4356,42): error TS2339: Property 'healthScore' does not exist on type 'string'.
coming-soon/public/dashboard/js-es2018/services/aiProblemAnalyzerSuite.mjs(4356,102): error TS2339: Property 'scan' does not exist on type 'string'.
coming-soon/public/dashboard/js-es2018/services/aiProblemAnalyzerSuite.mjs(4356,208): error TS2339: Property 'report' does not exist on type 'string'.
coming-soon/public/dashboard/js-es2018/services/aiProblemAnalyzerSuite.mjs(4364,33): error TS2339: Property 'responseText' does not exist on type 'string'.
coming-soon/public/dashboard/js-es2018/services/aiProblemAnalyzerSuite.mjs(4364,57): error TS2339: Property 'aiSummary' does not exist on type 'string'.
coming-soon/public/dashboard/js-es2018/services/aiProblemAnalyzerSuite.mjs(4394,26): error TS2322: Type '{}' is not assignable to type 'string'.
coming-soon/public/dashboard/js-es2018/services/aiProblemAnalyzerSuite.mjs(4395,31): error TS2339: Property 'responses' does not exist on type 'string'.
coming-soon/public/dashboard/js-es2018/services/aiProblemAnalyzerSuite.mjs(4395,53): error TS2339: Property 'responses' does not exist on type 'string'.
coming-soon/public/dashboard/js-es2018/services/aiProblemAnalyzerSuite.mjs(4396,24): error TS2339: Property 'responses' does not exist on type 'string'.
coming-soon/public/dashboard/js-es2018/services/aiProblemAnalyzerSuite.mjs(4399,17): error TS2339: Property 'aiSummary' does not exist on type 'string'.
coming-soon/public/dashboard/js-es2018/services/aiProblemAnalyzerSuite.mjs(4400,17): error TS2339: Property 'conclusion' does not exist on type 'string'.
coming-soon/public/dashboard/js-es2018/services/aiProblemAnalyzerSuite.mjs(4401,17): error TS2339: Property 'backlogSnippet' does not exist on type 'string'.
coming-soon/public/dashboard/js-es2018/services/aiProblemAnalyzerSuite.mjs(4402,17): error TS2339: Property 'scanSummary' does not exist on type 'string'.
coming-soon/public/dashboard/js-es2018/services/aiProblemAnalyzerSuite.mjs(4403,17): error TS2339: Property 'responseText' does not exist on type 'string'.
coming-soon/public/dashboard/js-es2018/services/aiProblemAnalyzerSuite.mjs(4404,17): error TS2339: Property 'aiResponse' does not exist on type 'string'.
coming-soon/public/dashboard/js-es2018/services/aiProblemAnalyzerSuite.mjs(4411,21): error TS2339: Property 'responseText' does not exist on type 'string'.
coming-soon/public/dashboard/js-es2018/services/aiProblemAnalyzerSuite.mjs(4412,21): error TS2339: Property 'aiSummary' does not exist on type 'string'.
coming-soon/public/dashboard/js-es2018/services/aiProblemAnalyzerSuite.mjs(4413,21): error TS2339: Property 'backlogSnippet' does not exist on type 'string'.
coming-soon/public/dashboard/js-es2018/services/aiProblemAnalyzerSuite.mjs(4414,21): error TS2339: Property 'scanSummary' does not exist on type 'string'.
coming-soon/public/dashboard/js-es2018/services/aiProblemAnalyzerSuite.mjs(4428,31): error TS2322: Type '{}' is not assignable to type 'string'.
coming-soon/public/dashboard/js-es2018/services/aiProblemAnalyzerSuite.mjs(4430,17): error TS2339: Property 'responseText' does not exist on type 'string'.
coming-soon/public/dashboard/js-es2018/services/aiProblemAnalyzerSuite.mjs(4431,17): error TS2339: Property 'aiSummary' does not exist on type 'string'.
coming-soon/public/dashboard/js-es2018/services/aiProblemAnalyzerSuite.mjs(4432,17): error TS2339: Property 'conclusion' does not exist on type 'string'.
coming-soon/public/dashboard/js-es2018/services/aiProblemAnalyzerSuite.mjs(4433,17): error TS2339: Property 'backlogSnippet' does not exist on type 'string'.
coming-soon/public/dashboard/js-es2018/services/aiProblemAnalyzerSuite.mjs(4434,17): error TS2339: Property 'scanSummary' does not exist on type 'string'.
coming-soon/public/dashboard/js-es2018/services/aiProblemAnalyzerSuite.mjs(4435,17): error TS2339: Property 'logs' does not exist on type 'string'.
coming-soon/public/dashboard/js-es2018/services/aiProblemAnalyzerSuite.mjs(4443,35): error TS2322: Type '{}' is not assignable to type 'string'.
coming-soon/public/dashboard/js-es2018/services/aiProblemAnalyzerSuite.mjs(4444,31): error TS2339: Property 'calibrationRecords' does not exist on type 'string'.
coming-soon/public/dashboard/js-es2018/services/aiProblemAnalyzerSuite.mjs(4444,62): error TS2339: Property 'calibrationRecords' does not exist on type 'string'.
coming-soon/public/dashboard/js-es2018/services/aiProblemAnalyzerSuite.mjs(4445,24): error TS2339: Property 'calibrationRecords' does not exist on type 'string'.
coming-soon/public/dashboard/js-es2018/services/aiProblemAnalyzerSuite.mjs(4464,35): error TS2322: Type '{}' is not assignable to type 'string'.
coming-soon/public/dashboard/js-es2018/services/aiProblemAnalyzerSuite.mjs(4465,31): error TS2339: Property 'contextCheckpoints' does not exist on type 'string'.
coming-soon/public/dashboard/js-es2018/services/aiProblemAnalyzerSuite.mjs(4465,62): error TS2339: Property 'contextCheckpoints' does not exist on type 'string'.
coming-soon/public/dashboard/js-es2018/services/aiProblemAnalyzerSuite.mjs(4466,24): error TS2339: Property 'contextCheckpoints' does not exist on type 'string'.
coming-soon/public/dashboard/js-es2018/services/aiProblemAnalyzerSuite.mjs(4469,17): error TS2339: Property 'responseText' does not exist on type 'string'.
coming-soon/public/dashboard/js-es2018/services/aiProblemAnalyzerSuite.mjs(4470,17): error TS2339: Property 'aiSummary' does not exist on type 'string'.
coming-soon/public/dashboard/js-es2018/services/aiProblemAnalyzerSuite.mjs(4471,17): error TS2339: Property 'conclusion' does not exist on type 'string'.
coming-soon/public/dashboard/js-es2018/services/aiProblemAnalyzerSuite.mjs(4472,17): error TS2339: Property 'backlogSnippet' does not exist on type 'string'.
coming-soon/public/dashboard/js-es2018/services/aiProblemAnalyzerSuite.mjs(4488,31): error TS2322: Type '{}' is not assignable to type 'string'.
coming-soon/public/dashboard/js-es2018/services/aiProblemAnalyzerSuite.mjs(4489,31): error TS2339: Property 'freshnessTests' does not exist on type 'string'.
coming-soon/public/dashboard/js-es2018/services/aiProblemAnalyzerSuite.mjs(4489,58): error TS2339: Property 'freshnessTests' does not exist on type 'string'.
coming-soon/public/dashboard/js-es2018/services/aiProblemAnalyzerSuite.mjs(4490,24): error TS2339: Property 'freshnessTests' does not exist on type 'string'.
coming-soon/public/dashboard/js-es2018/services/aiProblemAnalyzerSuite.mjs(4493,34): error TS2339: Property 'scannedAt' does not exist on type 'string'.
coming-soon/public/dashboard/js-es2018/services/aiProblemAnalyzerSuite.mjs(4497,36): error TS2339: Property 'scannedAt' does not exist on type 'string'.
coming-soon/public/dashboard/js-es2018/services/aiProblemAnalyzerSuite.mjs(4506,31): error TS2322: Type '{}' is not assignable to type 'string'.
coming-soon/public/dashboard/js-es2018/services/aiProblemAnalyzerSuite.mjs(4507,31): error TS2339: Property 'reasoningTasks' does not exist on type 'string'.
coming-soon/public/dashboard/js-es2018/services/aiProblemAnalyzerSuite.mjs(4507,58): error TS2339: Property 'reasoningTasks' does not exist on type 'string'.
coming-soon/public/dashboard/js-es2018/services/aiProblemAnalyzerSuite.mjs(4508,24): error TS2339: Property 'reasoningTasks' does not exist on type 'string'.
coming-soon/public/dashboard/js-es2018/services/aiProblemAnalyzerSuite.mjs(4526,35): error TS2322: Type '{}' is not assignable to type 'string'.
coming-soon/public/dashboard/js-es2018/services/aiProblemAnalyzerSuite.mjs(4527,31): error TS2339: Property 'complianceControls' does not exist on type 'string'.
coming-soon/public/dashboard/js-es2018/services/aiProblemAnalyzerSuite.mjs(4527,62): error TS2339: Property 'complianceControls' does not exist on type 'string'.
coming-soon/public/dashboard/js-es2018/services/aiProblemAnalyzerSuite.mjs(4528,24): error TS2339: Property 'complianceControls' does not exist on type 'string'.
coming-soon/public/dashboard/js-es2018/services/aiProblemAnalyzerSuite.mjs(4546,37): error TS2322: Type '{}' is not assignable to type 'string'.
coming-soon/public/dashboard/js-es2018/services/aiProblemAnalyzerSuite.mjs(4547,31): error TS2339: Property 'classificationLabels' does not exist on type 'string'.
coming-soon/public/dashboard/js-es2018/services/aiProblemAnalyzerSuite.mjs(4547,64): error TS2339: Property 'classificationLabels' does not exist on type 'string'.
coming-soon/public/dashboard/js-es2018/services/aiProblemAnalyzerSuite.mjs(4548,24): error TS2339: Property 'classificationLabels' does not exist on type 'string'.
coming-soon/public/dashboard/js-es2018/services/aiProblemAnalyzerSuite.mjs(4568,31): error TS2322: Type '{}' is not assignable to type 'string'.
coming-soon/public/dashboard/js-es2018/services/aiProblemAnalyzerSuite.mjs(4569,31): error TS2339: Property 'latencySamples' does not exist on type 'string'.
coming-soon/public/dashboard/js-es2018/services/aiProblemAnalyzerSuite.mjs(4569,58): error TS2339: Property 'latencySamples' does not exist on type 'string'.
coming-soon/public/dashboard/js-es2018/services/aiProblemAnalyzerSuite.mjs(4570,24): error TS2339: Property 'latencySamples' does not exist on type 'string'.
coming-soon/public/dashboard/js-es2018/services/aiProblemAnalyzerSuite.mjs(4593,38): error TS2322: Type '{}' is not assignable to type 'string'.
coming-soon/public/dashboard/js-es2018/services/aiProblemAnalyzerSuite.mjs(4594,31): error TS2339: Property 'errorCases' does not exist on type 'string'.
coming-soon/public/dashboard/js-es2018/services/aiProblemAnalyzerSuite.mjs(4594,54): error TS2339: Property 'errorCases' does not exist on type 'string'.
coming-soon/public/dashboard/js-es2018/services/aiProblemAnalyzerSuite.mjs(4595,24): error TS2339: Property 'errorCases' does not exist on type 'string'.
coming-soon/public/dashboard/js-es2018/services/aiProblemAnalyzerSuite.mjs(4620,47): error TS2322: Type '{}' is not assignable to type 'string'.
coming-soon/public/dashboard/js-es2018/services/aiProblemAnalyzerSuite.mjs(4621,20): error TS2698: Spread types may only be created from object types.
coming-soon/public/dashboard/js-es2018/services/aiProblemAnalyzerSuite.mjs(4690,46): error TS2322: Type '{}' is not assignable to type 'string'.
coming-soon/public/dashboard/js-es2018/services/aiProblemAnalyzerSuite.mjs(4700,33): error TS2740: Type '{}' is missing the following properties from type 'any[]': length, pop, push, concat, and 29 more.
coming-soon/public/dashboard/js-es2018/services/aiProblemAnalyzerSuite.mjs(4701,13): error TS2339: Property 'context' does not exist on type 'any[]'.
coming-soon/public/dashboard/js-es2018/services/aiProblemAnalyzerSuite.mjs(4701,37): error TS2339: Property 'default' does not exist on type 'any[]'.
coming-soon/public/dashboard/js-es2018/services/aiProblemAnalyzerSuite.mjs(4715,39): error TS2322: Type '{}' is not assignable to type 'string'.
coming-soon/public/dashboard/js-es2018/services/aiProblemAnalyzerSuite.mjs(4929,33): error TS2322: Type '{}' is not assignable to type 'string'.
coming-soon/public/dashboard/js-es2018/services/aiProblemAnalyzerSuite.mjs(4930,60): error TS2353: Object literal may only specify known properties, and 'context' does not exist in type 'any[]'.
coming-soon/public/dashboard/js-es2018/services/aiProblemAnalyzerSuite.mjs(4933,5): error TS2353: Object literal may only specify known properties, and 'clampScore' does not exist in type 'any[]'.
coming-soon/public/dashboard/js-es2018/services/aiProblemAnalyzerSuite.mjs(5126,55): error TS2322: Type '{}' is not assignable to type 'string'.
coming-soon/public/dashboard/js-es2018/services/aiProblemAnalyzerSuite.mjs(5128,20): error TS2698: Spread types may only be created from object types.
coming-soon/public/dashboard/js-es2018/services/aiProblemAnalyzerSuite.mjs(5129,35): error TS2339: Property 'codeUnderstanding' does not exist on type 'string'.
coming-soon/public/dashboard/js-es2018/services/aiProblemAnalyzerSuite.mjs(5130,35): error TS2339: Property 'zscriptReport' does not exist on type 'string'.
coming-soon/public/dashboard/js-es2018/services/aiProblemAnalyzerSuite.mjs(5130,109): error TS2339: Property 'zscriptReport' does not exist on type 'string'.
coming-soon/public/dashboard/js-es2018/services/aiProblemAnalyzerSuite.mjs(5176,68): error TS2740: Type '{}' is missing the following properties from type 'any[]': length, pop, push, concat, and 29 more.
coming-soon/public/dashboard/js-es2018/services/analyzeService.js(2,33): error TS2307: Cannot find module './aiKeysService.js?v=20260711cachefix1' or its corresponding type declarations.
coming-soon/public/dashboard/js-es2018/services/analyzeService.js(3,29): error TS2307: Cannot find module './scanService.js?v=20260711scanfix1' or its corresponding type declarations.
coming-soon/public/dashboard/js-es2018/services/analyzeService.js(66,14): error TS1064: The return type of an async function or method must be the global Promise<T> type. Did you mean to write 'Promise<any>'?
coming-soon/public/dashboard/js-es2018/services/analyzeService.js(69,36): error TS2339: Property 'headers' does not exist on type 'any[]'.
coming-soon/public/dashboard/js-es2018/services/analyzeService.js(73,28): error TS2339: Property 'text' does not exist on type 'any[]'.
coming-soon/public/dashboard/js-es2018/services/analyzeService.js(95,59): error TS2339: Property 'location' does not exist on type 'typeof window'.
coming-soon/public/dashboard/js-es2018/services/analyzeService.js(116,43): error TS2345: Argument of type 'Response' is not assignable to parameter of type 'any[]'.
  Type 'Response' is missing the following properties from type 'any[]': length, pop, push, concat, and 29 more.
coming-soon/public/dashboard/js-es2018/services/analyzeService.js(127,14): error TS1064: The return type of an async function or method must be the global Promise<T> type. Did you mean to write 'Promise<any>'?
coming-soon/public/dashboard/js-es2018/services/analyzeService.js(129,60): error TS2322: Type 'number' is not assignable to type 'any[]'.
coming-soon/public/dashboard/js-es2018/services/analyzeService.js(132,15): error TS2365: Operator '>' cannot be applied to types 'any[]' and 'number'.
coming-soon/public/dashboard/js-es2018/services/analyzeService.js(133,55): error TS2345: Argument of type 'any[]' is not assignable to parameter of type 'number'.
coming-soon/public/dashboard/js-es2018/services/analyzeService.js(139,38): error TS2345: Argument of type 'Response' is not assignable to parameter of type 'any[]'.
  Type 'Response' is missing the following properties from type 'any[]': length, pop, push, concat, and 29 more.
coming-soon/public/dashboard/js-es2018/services/analyzeService.js(193,18): error TS2339: Property 'id' does not exist on type 'string'.
coming-soon/public/dashboard/js-es2018/services/analyzeService.js(194,33): error TS2339: Property 'configured' does not exist on type 'string'.
coming-soon/public/dashboard/js-es2018/services/analyzeService.js(194,56): error TS2339: Property 'model' does not exist on type 'string'.
coming-soon/public/dashboard/js-es2018/services/analyzeService.js(196,29): error TS2339: Property 'configured' does not exist on type 'string'.
coming-soon/public/dashboard/js-es2018/services/analyzeService.js(201,14): error TS1064: The return type of an async function or method must be the global Promise<T> type. Did you mean to write 'Promise<any>'?
coming-soon/public/dashboard/js-es2018/services/analyzeService.js(222,14): error TS1064: The return type of an async function or method must be the global Promise<T> type. Did you mean to write 'Promise<any>'?
coming-soon/public/dashboard/js-es2018/services/analyzeService.js(276,14): error TS1064: The return type of an async function or method must be the global Promise<T> type. Did you mean to write 'Promise<any>'?
coming-soon/public/dashboard/js-es2018/services/analyzeService.js(380,14): error TS1064: The return type of an async function or method must be the global Promise<T> type. Did you mean to write 'Promise<any>'?
coming-soon/public/dashboard/js-es2018/services/analyzeService.js(392,103): error TS2339: Property 'type' does not exist on type 'number'.
coming-soon/public/dashboard/js-es2018/services/analyzeService.js(398,38): error TS2345: Argument of type 'Response' is not assignable to parameter of type 'any[]'.
  Type 'Response' is missing the following properties from type 'any[]': length, pop, push, concat, and 29 more.
coming-soon/public/dashboard/js-es2018/services/analyzeService.js(422,21): error TS18047: 'exportPayload' is possibly 'null'.
coming-soon/public/dashboard/js-es2018/services/analyzeService.js(526,15): error TS18047: 'exportPayload' is possibly 'null'.
coming-soon/public/dashboard/js-es2018/services/analyzeService.js(527,18): error TS18047: 'exportPayload' is possibly 'null'.
coming-soon/public/dashboard/js-es2018/services/analyzeService.js(528,22): error TS18047: 'exportPayload' is possibly 'null'.
coming-soon/public/dashboard/js-es2018/services/analyzeService.js(529,22): error TS18047: 'exportPayload' is possibly 'null'.
coming-soon/public/dashboard/js-es2018/services/analyzeService.js(530,37): error TS18047: 'exportPayload' is possibly 'null'.
coming-soon/public/dashboard/js-es2018/services/analyzeService.js(530,106): error TS18047: 'exportPayload' is possibly 'null'.
coming-soon/public/dashboard/js-es2018/services/analyzeService.js(531,18): error TS18047: 'exportPayload' is possibly 'null'.
coming-soon/public/dashboard/js-es2018/services/analyzeService.js(532,16): error TS18047: 'exportPayload' is possibly 'null'.
coming-soon/public/dashboard/js-es2018/services/analyzeService.js(589,9): error TS18047: 'exportPayload' is possibly 'null'.
coming-soon/public/dashboard/js-es2018/services/analyzeService.js(589,48): error TS18047: 'exportPayload' is possibly 'null'.
coming-soon/public/dashboard/js-es2018/services/analyzeService.js(592,9): error TS18047: 'exportPayload' is possibly 'null'.
coming-soon/public/dashboard/js-es2018/services/analyzeService.js(593,25): error TS18047: 'exportPayload' is possibly 'null'.
coming-soon/public/dashboard/js-es2018/services/analyzeService.js(597,22): error TS18047: 'exportPayload' is possibly 'null'.
coming-soon/public/dashboard/js-es2018/services/analyzeService.js(598,26): error TS18047: 'exportPayload' is possibly 'null'.
coming-soon/public/dashboard/js-es2018/services/analyzeService.js(599,26): error TS18047: 'exportPayload' is possibly 'null'.
coming-soon/public/dashboard/js-es2018/services/analyzeService.js(599,55): error TS18047: 'exportPayload' is possibly 'null'.
coming-soon/public/dashboard/js-es2018/services/analyzeService.js(600,35): error TS18047: 'exportPayload' is possibly 'null'.
coming-soon/public/dashboard/js-es2018/services/analyzeService.js(603,50): error TS18047: 'exportPayload' is possibly 'null'.
coming-soon/public/dashboard/js-es2018/services/analyzeService.js(604,52): error TS18047: 'exportPayload' is possibly 'null'.
coming-soon/public/dashboard/js-es2018/services/analyzeService.js(740,14): error TS1064: The return type of an async function or method must be the global Promise<T> type. Did you mean to write 'Promise<any>'?
coming-soon/public/dashboard/js-es2018/services/analyzeService.js(774,38): error TS2345: Argument of type 'Response' is not assignable to parameter of type 'any[]'.
  Type 'Response' is missing the following properties from type 'any[]': length, pop, push, concat, and 29 more.
coming-soon/public/dashboard/js-es2018/services/analyzeService.js(777,13): error TS2339: Property 'code' does not exist on type 'Error'.
coming-soon/public/dashboard/js-es2018/services/analyzeService.js(778,13): error TS2339: Property 'checkoutUrl' does not exist on type 'Error'.
coming-soon/public/dashboard/js-es2018/services/analyzeService.js(792,14): error TS1064: The return type of an async function or method must be the global Promise<T> type. Did you mean to write 'Promise<any>'?
coming-soon/public/dashboard/js-es2018/services/analyzeService.js(812,38): error TS2345: Argument of type 'Response' is not assignable to parameter of type 'any[]'.
  Type 'Response' is missing the following properties from type 'any[]': length, pop, push, concat, and 29 more.
coming-soon/public/dashboard/js-es2018/services/analyzeService.js(815,13): error TS2339: Property 'code' does not exist on type 'Error'.
coming-soon/public/dashboard/js-es2018/services/analyzeService.js(816,13): error TS2339: Property 'checkoutUrl' does not exist on type 'Error'.
coming-soon/public/dashboard/js-es2018/services/analyzeService.js(845,14): error TS1064: The return type of an async function or method must be the global Promise<T> type. Did you mean to write 'Promise<any>'?
coming-soon/public/dashboard/js-es2018/services/analyzeService.js(881,42): error TS2345: Argument of type 'Response' is not assignable to parameter of type 'any[]'.
  Type 'Response' is missing the following properties from type 'any[]': length, pop, push, concat, and 29 more.
coming-soon/public/dashboard/js-es2018/services/analyzeService.js(883,13): error TS2339: Property 'code' does not exist on type 'Error'.
coming-soon/public/dashboard/js-es2018/services/analyzeService.js(884,13): error TS2339: Property 'checkoutUrl' does not exist on type 'Error'.
coming-soon/public/dashboard/js-es2018/services/analyzeService.js(888,42): error TS2345: Argument of type 'Response' is not assignable to parameter of type 'any[]'.
  Type 'Response' is missing the following properties from type 'any[]': length, pop, push, concat, and 29 more.
coming-soon/public/dashboard/js-es2018/services/analyzeService.js(890,13): error TS2339: Property 'code' does not exist on type 'Error'.
coming-soon/public/dashboard/js-es2018/services/analyzeService.js(891,13): error TS2339: Property 'warnings' does not exist on type 'Error'.
coming-soon/public/dashboard/js-es2018/services/analyzeService.js(895,42): error TS2345: Argument of type 'Response' is not assignable to parameter of type 'any[]'.
  Type 'Response' is missing the following properties from type 'any[]': length, pop, push, concat, and 29 more.
coming-soon/public/dashboard/js-es2018/services/analyzeService.js(916,16): error TS2584: Cannot find name 'document'. Do you need to change your target library? Try changing the 'lib' compiler option to include 'dom'.
coming-soon/public/dashboard/js-es2018/services/analyzeService.js(916,45): error TS2584: Cannot find name 'document'. Do you need to change your target library? Try changing the 'lib' compiler option to include 'dom'.
coming-soon/public/dashboard/js-es2018/services/analyzeService.js(922,18): error TS2584: Cannot find name 'document'. Do you need to change your target library? Try changing the 'lib' compiler option to include 'dom'.
coming-soon/public/dashboard/js-es2018/services/analyzeService.js(926,5): error TS2584: Cannot find name 'document'. Do you need to change your target library? Try changing the 'lib' compiler option to include 'dom'.
coming-soon/public/dashboard/js-es2018/services/analyzeService.js(939,14): error TS1064: The return type of an async function or method must be the global Promise<T> type. Did you mean to write 'Promise<any>'?
coming-soon/public/dashboard/js-es2018/services/analyzeService.js(941,54): error TS2322: Type 'number' is not assignable to type 'any[]'.
coming-soon/public/dashboard/js-es2018/services/analyzeService.js(951,42): error TS2345: Argument of type 'Response' is not assignable to parameter of type 'any[]'.
  Type 'Response' is missing the following properties from type 'any[]': length, pop, push, concat, and 29 more.
coming-soon/public/dashboard/js-es2018/services/analyzeService.js(963,14): error TS1064: The return type of an async function or method must be the global Promise<T> type. Did you mean to write 'Promise<any>'?
coming-soon/public/dashboard/js-es2018/services/analyzeService.js(965,54): error TS2322: Type 'number' is not assignable to type 'any[]'.
coming-soon/public/dashboard/js-es2018/services/analyzeService.js(976,42): error TS2345: Argument of type 'Response' is not assignable to parameter of type 'any[]'.
  Type 'Response' is missing the following properties from type 'any[]': length, pop, push, concat, and 29 more.
coming-soon/public/dashboard/js-es2018/services/analyzeService.js(996,34): error TS2339: Property 'open' does not exist on type 'typeof window'.
coming-soon/public/dashboard/js-es2018/services/analyzeService.js(1010,14): error TS1064: The return type of an async function or method must be the global Promise<T> type. Did you mean to write 'Promise<any>'?
coming-soon/public/dashboard/js-es2018/services/analyzeService.js(1056,14): error TS1064: The return type of an async function or method must be the global Promise<T> type. Did you mean to write 'Promise<any>'?
coming-soon/public/dashboard/js-es2018/services/analyzeService.js(1155,14): error TS1064: The return type of an async function or method must be the global Promise<T> type. Did you mean to write 'Promise<any>'?
coming-soon/public/dashboard/js-es2018/services/analyzeService.js(1259,14): error TS1064: The return type of an async function or method must be the global Promise<T> type. Did you mean to write 'Promise<any>'?
coming-soon/public/dashboard/js-es2018/services/analyzeService.js(1349,9): error TS2698: Spread types may only be created from object types.
coming-soon/public/dashboard/js-es2018/services/analyzeService.js(1350,37): error TS18047: 'report' is possibly 'null'.
coming-soon/public/dashboard/js-es2018/services/analyzeService.js(1351,15): error TS18047: 'report' is possibly 'null'.
coming-soon/public/dashboard/js-es2018/services/analyzeService.js(1353,37): error TS18047: 'report' is possibly 'null'.
coming-soon/public/dashboard/js-es2018/services/analyzeService.js(1354,39): error TS18047: 'report' is possibly 'null'.
coming-soon/public/dashboard/js-es2018/services/analyzeService.js(1355,36): error TS18047: 'report' is possibly 'null'.
coming-soon/public/dashboard/js-es2018/services/analyzeService.js(1355,98): error TS18047: 'report' is possibly 'null'.
coming-soon/public/dashboard/js-es2018/services/analyzeService.js(1380,14): error TS1064: The return type of an async function or method must be the global Promise<T> type. Did you mean to write 'Promise<any>'?
coming-soon/public/dashboard/js-es2018/services/analyzeService.js(1405,38): error TS2345: Argument of type 'Response' is not assignable to parameter of type 'any[]'.
  Type 'Response' is missing the following properties from type 'any[]': length, pop, push, concat, and 29 more.
coming-soon/public/dashboard/js-es2018/services/analyzeService.js(1445,28): error TS2339: Property 'severityBand' does not exist on type 'boolean'.
coming-soon/public/dashboard/js-es2018/services/analyzeService.js(1445,50): error TS2339: Property 'severity' does not exist on type 'boolean'.
coming-soon/public/dashboard/js-es2018/services/analyzeService.js(1479,27): error TS2339: Property 'type' does not exist on type 'number'.
coming-soon/public/dashboard/js-es2018/services/analyzeService.js(1481,40): error TS2339: Property 'rawIssues' does not exist on type 'number'.
coming-soon/public/dashboard/js-es2018/services/analyzeService.js(1481,108): error TS2339: Property 'rawIssues' does not exist on type 'number'.
coming-soon/public/dashboard/js-es2018/services/analyzeService.js(1481,128): error TS2339: Property 'detectedIssues' does not exist on type 'number'.
coming-soon/public/dashboard/js-es2018/services/analyzeService.js(1483,31): error TS2339: Property 'gate' does not exist on type 'number'.
coming-soon/public/dashboard/js-es2018/services/analyzeService.js(1483,53): error TS2339: Property 'scanScope' does not exist on type 'number'.
coming-soon/public/dashboard/js-es2018/services/analyzeService.js(1490,42): error TS2339: Property 'repositoryFilesTotal' does not exist on type 'number'.
coming-soon/public/dashboard/js-es2018/services/analyzeService.js(1490,110): error TS2339: Property 'repositoryInventory' does not exist on type 'number'.
coming-soon/public/dashboard/js-es2018/services/analyzeService.js(1491,72): error TS2339: Property 'mockSampleFiles' does not exist on type 'number'.
coming-soon/public/dashboard/js-es2018/services/analyzeService.js(1491,129): error TS2339: Property 'totalFiles' does not exist on type 'number'.
coming-soon/public/dashboard/js-es2018/services/analyzeService.js(1493,9): error TS2698: Spread types may only be created from object types.
coming-soon/public/dashboard/js-es2018/services/analyzeService.js(1504,24): error TS2339: Property 'scanScope' does not exist on type 'number'.
coming-soon/public/dashboard/js-es2018/services/analyzeService.js(1509,34): error TS2339: Property 'scanScope' does not exist on type 'number'.
coming-soon/public/dashboard/js-es2018/services/analyzeService.js(1512,41): error TS2339: Property 'scanScope' does not exist on type 'number'.
coming-soon/public/dashboard/js-es2018/services/analyzeService.js(1577,14): error TS1064: The return type of an async function or method must be the global Promise<T> type. Did you mean to write 'Promise<any>'?
coming-soon/public/dashboard/js-es2018/services/analyzeService.js(1583,20): error TS2698: Spread types may only be created from object types.
coming-soon/public/dashboard/js-es2018/services/analyzeService.js(1616,66): error TS2339: Property 'generatedAt' does not exist on type 'number'.
coming-soon/public/dashboard/js-es2018/services/analyzeService.js(1618,91): error TS2339: Property 'repositoryInventory' does not exist on type 'number'.
coming-soon/public/dashboard/js-es2018/services/analyzeService.js(1619,18): error TS2339: Property 'repositoryInventory' does not exist on type 'number'.
coming-soon/public/dashboard/js-es2018/services/analyzeService.js(1621,231): error TS2339: Property 'scanTargetRoot' does not exist on type 'number'.
coming-soon/public/dashboard/js-es2018/services/analyzeService.js(1621,335): error TS2339: Property 'platformRoot' does not exist on type 'number'.
coming-soon/public/dashboard/js-es2018/services/analyzeService.js(1621,437): error TS2339: Property 'projectRoot' does not exist on type 'number'.
coming-soon/public/dashboard/js-es2018/services/analyzeService.js(1623,91): error TS2339: Property 'generatedAt' does not exist on type 'number'.
coming-soon/public/dashboard/js-es2018/services/analyzeService.js(1639,213): error TS2339: Property 'repositoryFilesTotal' does not exist on type 'number'.
coming-soon/public/dashboard/js-es2018/services/analyzeService.js(1640,217): error TS2339: Property 'repositoryFoldersTotal' does not exist on type 'number'.
coming-soon/public/dashboard/js-es2018/services/analyzeService.js(1642,79): error TS2339: Property 'ruleScopedFilesAnalyzed' does not exist on type 'number'.
coming-soon/public/dashboard/js-es2018/services/analyzeService.js(1642,198): error TS2339: Property 'scanScope' does not exist on type 'number'.
coming-soon/public/dashboard/js-es2018/services/analyzeService.js(1644,103): error TS2339: Property 'generatedAt' does not exist on type 'number'.
coming-soon/public/dashboard/js-es2018/services/analyzeService.js(1657,96): error TS2339: Property 'generatedAt' does not exist on type 'number'.
coming-soon/public/dashboard/js-es2018/services/analyzeService.js(1661,91): error TS2339: Property 'generatedAt' does not exist on type 'number'.
coming-soon/public/dashboard/js-es2018/services/analyzeService.js(1745,66): error TS2339: Property 'platformRoot' does not exist on type 'number'.
coming-soon/public/dashboard/js-es2018/services/analyzeService.js(1745,140): error TS2339: Property 'projectRoot' does not exist on type 'number'.
coming-soon/public/dashboard/js-es2018/services/analyzeService.js(1747,37): error TS2339: Property 'platformRoot' does not exist on type 'number'.
coming-soon/public/dashboard/js-es2018/services/analyzeService.js(1747,83): error TS2339: Property 'projectRoot' does not exist on type 'number'.
coming-soon/public/dashboard/js-es2018/services/analyzeService.js(1750,36): error TS2339: Property 'repositoryFilesTotal' does not exist on type 'number'.
coming-soon/public/dashboard/js-es2018/services/analyzeService.js(1750,104): error TS2339: Property 'repositoryInventory' does not exist on type 'number'.
coming-soon/public/dashboard/js-es2018/services/analyzeService.js(1751,38): error TS2339: Property 'fictionJsonFilesScanned' does not exist on type 'number'.
coming-soon/public/dashboard/js-es2018/services/analyzeService.js(1751,109): error TS2339: Property 'scanScope' does not exist on type 'number'.
coming-soon/public/dashboard/js-es2018/services/analyzeService.js(1889,37): error TS2339: Property 'consistencyScore' does not exist on type 'number'.
coming-soon/public/dashboard/js-es2018/services/analyzeService.js(1889,95): error TS2339: Property 'schemaCompliance' does not exist on type 'number'.
coming-soon/public/dashboard/js-es2018/services/analyzeService.js(1889,153): error TS2339: Property 'qualityScore' does not exist on type 'number'.
coming-soon/public/dashboard/js-es2018/services/analyzeService.js(1926,80): error TS2339: Property 'jestSummary' does not exist on type 'number'.
coming-soon/public/dashboard/js-es2018/services/analyzeService.js(1935,65): error TS2339: Property 'jestBaselineChecked' does not exist on type 'number'.
coming-soon/public/dashboard/js-es2018/services/analyzeService.js(1948,65): error TS2339: Property 'pageSampleSchemaChecked' does not exist on type 'number'.
coming-soon/public/dashboard/js-es2018/services/analyzeService.js(1949,32): error TS2339: Property 'pageSampleSchemaPassed' does not exist on type 'number'.
coming-soon/public/dashboard/js-es2018/services/analyzeService.js(1949,101): error TS2339: Property 'pageSampleSchemaChecked' does not exist on type 'number'.
coming-soon/public/dashboard/js-es2018/services/analyzeService.js(1974,23): error TS2554: Expected 3 arguments, but got 2.
coming-soon/public/dashboard/js-es2018/services/analyzeService.js(2051,64): error TS2339: Property 'totalSizeLabel' does not exist on type 'number'.
coming-soon/public/dashboard/js-es2018/services/analyzeService.js(2052,27): error TS2339: Property 'totalSizeLabel' does not exist on type 'number'.
coming-soon/public/dashboard/js-es2018/services/analyzeService.js(2074,74): error TS2339: Property 'scanScope' does not exist on type 'number'.
coming-soon/public/dashboard/js-es2018/services/analyzeService.js(2089,178): error TS2339: Property 'mockSampleFiles' does not exist on type 'number'.
coming-soon/public/dashboard/js-es2018/services/analyzeService.js(2090,160): error TS2339: Property 'pageSampleSchemaChecked' does not exist on type 'number'.
coming-soon/public/dashboard/js-es2018/services/analyzeService.js(2091,172): error TS2339: Property 'productionLeakScanned' does not exist on type 'number'.
coming-soon/public/dashboard/js-es2018/services/analyzeService.js(2223,68): error TS2339: Property 'rawIssues' does not exist on type 'number'.
coming-soon/public/dashboard/js-es2018/services/analyzeService.js(2223,138): error TS2339: Property 'detectedIssues' does not exist on type 'number'.
coming-soon/public/dashboard/js-es2018/services/analyzeService.js(2294,40): error TS2339: Property 'repositoryFilesTotal' does not exist on type 'number'.
coming-soon/public/dashboard/js-es2018/services/analyzeService.js(2294,108): error TS2339: Property 'scanScope' does not exist on type 'number'.
coming-soon/public/dashboard/js-es2018/services/analyzeService.js(2295,47): error TS2339: Property 'ruleScopedFilesAnalyzed' does not exist on type 'number'.
coming-soon/public/dashboard/js-es2018/services/analyzeService.js(2295,118): error TS2339: Property 'scanScope' does not exist on type 'number'.
coming-soon/public/dashboard/js-es2018/services/analyzeService.js(2296,42): error TS2339: Property 'fictionJsonFilesScanned' does not exist on type 'number'.
coming-soon/public/dashboard/js-es2018/services/analyzeService.js(2296,113): error TS2339: Property 'scanScope' does not exist on type 'number'.
coming-soon/public/dashboard/js-es2018/services/analyzeService.js(2331,46): error TS2339: Property 'fictionJsonFilesScanned' does not exist on type 'number'.
coming-soon/public/dashboard/js-es2018/services/analyzeService.js(2331,117): error TS2339: Property 'scanScope' does not exist on type 'number'.
coming-soon/public/dashboard/js-es2018/services/analyzeService.js(2332,48): error TS2339: Property 'fictionSampleFilesScanned' does not exist on type 'number'.
coming-soon/public/dashboard/js-es2018/services/analyzeService.js(2332,115): error TS2339: Property 'mockSampleFiles' does not exist on type 'number'.
coming-soon/public/dashboard/js-es2018/services/analyzeService.js(2349,36): error TS2339: Property 'repositoryFilesTotal' does not exist on type 'number'.
coming-soon/public/dashboard/js-es2018/services/analyzeService.js(2349,104): error TS2339: Property 'repositoryInventory' does not exist on type 'number'.
coming-soon/public/dashboard/js-es2018/services/analyzeService.js(2350,31): error TS2339: Property 'ruleScopedFilesAnalyzed' does not exist on type 'number'.
coming-soon/public/dashboard/js-es2018/services/analyzeService.js(2351,38): error TS2339: Property 'fictionJsonFilesScanned' does not exist on type 'number'.
coming-soon/public/dashboard/js-es2018/services/analyzeService.js(2351,109): error TS2339: Property 'scanScope' does not exist on type 'number'.
coming-soon/public/dashboard/js-es2018/services/analyzeService.js(2352,29): error TS2339: Property 'jestBaselineChecked' does not exist on type 'number'.
coming-soon/public/dashboard/js-es2018/services/analyzeService.js(2352,76): error TS2339: Property 'scanScope' does not exist on type 'number'.
coming-soon/public/dashboard/js-es2018/services/analyzeService.js(2356,40): error TS2339: Property 'gate' does not exist on type 'number'.
coming-soon/public/dashboard/js-es2018/services/analyzeService.js(2358,68): error TS2339: Property 'gate' does not exist on type 'number'.
coming-soon/public/dashboard/js-es2018/services/analyzeService.js(2360,22): error TS2339: Property 'gate' does not exist on type 'number'.
coming-soon/public/dashboard/js-es2018/services/analyzeService.js(2366,50): error TS2339: Property 'scanScope' does not exist on type 'number'.
coming-soon/public/dashboard/js-es2018/services/analyzeService.js(2371,39): error TS2339: Property 'scanScope' does not exist on type 'number'.
coming-soon/public/dashboard/js-es2018/services/analyzeService.js(2376,36): error TS2339: Property 'gate' does not exist on type 'number'.
coming-soon/public/dashboard/js-es2018/services/analyzeService.js(2378,18): error TS2339: Property 'gate' does not exist on type 'number'.
coming-soon/public/dashboard/js-es2018/services/analyzeService.js(2396,55): error TS2339: Property 'projectRoot' does not exist on type 'number'.
coming-soon/public/dashboard/js-es2018/services/analyzeService.js(2397,59): error TS2554: Expected 1 arguments, but got 2.
coming-soon/public/dashboard/js-es2018/services/analyzeService.js(2409,8): error TS2554: Expected 1 arguments, but got 2.
coming-soon/public/dashboard/js-es2018/services/analyzeService.js(2439,14): error TS1064: The return type of an async function or method must be the global Promise<T> type. Did you mean to write 'Promise<any>'?
coming-soon/public/dashboard/js-es2018/services/analyzeService.js(2444,27): error TS2339: Property 'text' does not exist on type 'string'.
coming-soon/public/dashboard/js-es2018/services/analyzeService.js(2459,14): error TS1064: The return type of an async function or method must be the global Promise<T> type. Did you mean to write 'Promise<any>'?
coming-soon/public/dashboard/js-es2018/services/analyzeService.js(2463,45): error TS2339: Property 'name' does not exist on type 'string'.
coming-soon/public/dashboard/js-es2018/services/analyzeService.js(2463,73): error TS2339: Property 'type' does not exist on type 'string'.
coming-soon/public/dashboard/js-es2018/services/analyzeService.js(2470,43): error TS2339: Property 'name' does not exist on type 'string'.
coming-soon/public/dashboard/js-es2018/services/analyzeService.js(2483,14): error TS1064: The return type of an async function or method must be the global Promise<T> type. Did you mean to write 'Promise<any>'?
coming-soon/public/dashboard/js-es2018/services/analyzeService.js(2500,51): error TS2345: Argument of type 'Response' is not assignable to parameter of type 'any[]'.
  Type 'Response' is missing the following properties from type 'any[]': length, pop, push, concat, and 29 more.
coming-soon/public/dashboard/js-es2018/services/analyzeService.js(2510,14): error TS1064: The return type of an async function or method must be the global Promise<T> type. Did you mean to write 'Promise<any>'?
coming-soon/public/dashboard/js-es2018/services/analyzeService.js(2529,14): error TS1064: The return type of an async function or method must be the global Promise<T> type. Did you mean to write 'Promise<any>'?
coming-soon/public/dashboard/js-es2018/services/analyzeService.js(2545,14): error TS1064: The return type of an async function or method must be the global Promise<T> type. Did you mean to write 'Promise<any>'?
coming-soon/public/dashboard/js-es2018/services/analyzeService.js(2568,14): error TS1064: The return type of an async function or method must be the global Promise<T> type. Did you mean to write 'Promise<any>'?
coming-soon/public/dashboard/js-es2018/services/analyzeService.js(2585,14): error TS1064: The return type of an async function or method must be the global Promise<T> type. Did you mean to write 'Promise<any>'?
coming-soon/public/dashboard/js-es2018/services/analyzeService.js(2611,89): error TS2339: Property 'generatedAt' does not exist on type 'number'.
coming-soon/public/dashboard/js-es2018/services/analyzeService.js(2637,12): error TS2304: Cannot find name 'FileList'.
coming-soon/public/dashboard/js-es2018/services/analyzeService.js(2643,56): error TS2741: Property 'analysisType' is missing in type '{}' but required in type '{ analysisType: string; timeoutMs?: number; }'.
coming-soon/public/dashboard/js-es2018/services/analyzeService.js(2661,8): error TS2345: Argument of type 'number' is not assignable to parameter of type 'any[]'.
coming-soon/public/dashboard/js-es2018/services/assessmentService.js(54,17): error TS2339: Property 'status' does not exist on type 'Error'.
coming-soon/public/dashboard/js-es2018/services/authService.js(8,16): error TS2304: Cannot find name 'location'.
coming-soon/public/dashboard/js-es2018/services/authService.js(8,80): error TS2304: Cannot find name 'location'.
coming-soon/public/dashboard/js-es2018/services/authService.js(8,103): error TS2304: Cannot find name 'location'.
coming-soon/public/dashboard/js-es2018/services/authService.js(25,15): error TS2584: Cannot find name 'document'. Do you need to change your target library? Try changing the 'lib' compiler option to include 'dom'.
coming-soon/public/dashboard/js-es2018/services/authService.js(36,5): error TS2584: Cannot find name 'document'. Do you need to change your target library? Try changing the 'lib' compiler option to include 'dom'.
coming-soon/public/dashboard/js-es2018/services/authService.js(44,5): error TS2584: Cannot find name 'document'. Do you need to change your target library? Try changing the 'lib' compiler option to include 'dom'.
coming-soon/public/dashboard/js-es2018/services/authService.js(93,20): error TS2339: Property 'addEventListener' does not exist on type 'typeof window'.
coming-soon/public/dashboard/js-es2018/services/authService.js(102,20): error TS2339: Property 'dispatchEvent' does not exist on type 'typeof window'.
coming-soon/public/dashboard/js-es2018/services/authService.js(163,53): error TS2339: Property 'parent' does not exist on type 'typeof window'.
coming-soon/public/dashboard/js-es2018/services/authService.js(166,20): error TS2339: Property 'parent' does not exist on type 'typeof window'.
coming-soon/public/dashboard/js-es2018/services/authService.js(183,53): error TS2339: Property 'parent' does not exist on type 'typeof window'.
coming-soon/public/dashboard/js-es2018/services/authService.js(184,20): error TS2339: Property 'parent' does not exist on type 'typeof window'.
coming-soon/public/dashboard/js-es2018/services/authService.js(242,44): error TS2339: Property 'authRequired' does not exist on type 'object'.
coming-soon/public/dashboard/js-es2018/services/authService.js(352,54): error TS2339: Property 'location' does not exist on type 'typeof window'.
coming-soon/public/dashboard/js-es2018/services/authService.js(352,98): error TS2339: Property 'location' does not exist on type 'typeof window'.
coming-soon/public/dashboard/js-es2018/services/authService.js(499,29): error TS2339: Property 'password' does not exist on type '{}'.
coming-soon/public/dashboard/js-es2018/services/billingService.js(129,13): error TS2339: Property 'code' does not exist on type 'Error'.
coming-soon/public/dashboard/js-es2018/services/billingService.js(138,13): error TS2339: Property 'code' does not exist on type 'Error'.
coming-soon/public/dashboard/js-es2018/services/browserSandboxScanService.js(68,57): error TS2339: Property 'showDirectoryPicker' does not exist on type 'typeof window'.
coming-soon/public/dashboard/js-es2018/services/browserSandboxScanService.js(170,40): error TS2339: Property 'showDirectoryPicker' does not exist on type 'typeof window'.
coming-soon/public/dashboard/js-es2018/services/browserSandboxScanService.js(180,19): error TS2584: Cannot find name 'document'. Do you need to change your target library? Try changing the 'lib' compiler option to include 'dom'.
coming-soon/public/dashboard/js-es2018/services/browserSandboxScanService.js(223,5): error TS2584: Cannot find name 'document'. Do you need to change your target library? Try changing the 'lib' compiler option to include 'dom'.
coming-soon/public/dashboard/js-es2018/services/browserSandboxScanService.js(235,47): error TS2304: Cannot find name 'Worker'.
coming-soon/public/dashboard/js-es2018/services/browserSandboxScanService.js(237,16): error TS2304: Cannot find name 'Worker'.
coming-soon/public/dashboard/js-es2018/services/browserSandboxScanService.js(237,50): error TS1343: The 'import.meta' meta-property is only allowed when the '--module' option is 'es2020', 'es2022', 'esnext', 'system', 'node16', 'node18', 'node20', or 'nodenext'.
coming-soon/public/dashboard/js-es2018/services/browserSandboxScanService.js(398,12): error TS2304: Cannot find name 'DataTransferItemList'.
coming-soon/public/dashboard/js-es2018/services/browserSandboxScanService.js(445,12): error TS2304: Cannot find name 'DataTransferItemList'.
coming-soon/public/dashboard/js-es2018/services/cliUploadService.js(5,16): error TS2304: Cannot find name 'location'.
coming-soon/public/dashboard/js-es2018/services/cliUploadService.js(5,80): error TS2304: Cannot find name 'location'.
coming-soon/public/dashboard/js-es2018/services/cliUploadService.js(5,103): error TS2304: Cannot find name 'location'.
coming-soon/public/dashboard/js-es2018/services/cliUploadService.js(23,19): error TS2339: Property 'success' does not exist on type 'unknown'.
coming-soon/public/dashboard/js-es2018/services/cliUploadService.js(24,34): error TS2339: Property 'error' does not exist on type 'unknown'.
coming-soon/public/dashboard/js-es2018/services/cliUploadService.js(25,21): error TS2339: Property 'apiKey' does not exist on type 'unknown'.
coming-soon/public/dashboard/js-es2018/services/cliUploadService.js(40,17): error TS2339: Property 'history' does not exist on type 'unknown'.
coming-soon/public/dashboard/js-es2018/services/cliUploadService.js(49,17): error TS2339: Property 'report' does not exist on type 'unknown'.
coming-soon/public/dashboard/js-es2018/services/cliUploadService.js(63,18): error TS2584: Cannot find name 'document'. Do you need to change your target library? Try changing the 'lib' compiler option to include 'dom'.
coming-soon/public/dashboard/js-es2018/services/cliUploadService.js(67,20): error TS2584: Cannot find name 'document'. Do you need to change your target library? Try changing the 'lib' compiler option to include 'dom'.
coming-soon/public/dashboard/js-es2018/services/cliUploadService.js(69,19): error TS2584: Cannot find name 'document'. Do you need to change your target library? Try changing the 'lib' compiler option to include 'dom'.
coming-soon/public/dashboard/js-es2018/services/cliUploadService.js(72,19): error TS2584: Cannot find name 'document'. Do you need to change your target library? Try changing the 'lib' compiler option to include 'dom'.
coming-soon/public/dashboard/js-es2018/services/cliUploadService.js(78,18): error TS2584: Cannot find name 'document'. Do you need to change your target library? Try changing the 'lib' compiler option to include 'dom'.
coming-soon/public/dashboard/js-es2018/services/cliUploadService.js(82,21): error TS2584: Cannot find name 'document'. Do you need to change your target library? Try changing the 'lib' compiler option to include 'dom'.
coming-soon/public/dashboard/js-es2018/services/cliUploadService.js(84,18): error TS2584: Cannot find name 'document'. Do you need to change your target library? Try changing the 'lib' compiler option to include 'dom'.
coming-soon/public/dashboard/js-es2018/services/cliUploadService.js(88,21): error TS2584: Cannot find name 'document'. Do you need to change your target library? Try changing the 'lib' compiler option to include 'dom'.
coming-soon/public/dashboard/js-es2018/services/cliUploadService.js(93,19): error TS2339: Property 'clipboard' does not exist on type 'Navigator'.
coming-soon/public/dashboard/js-es2018/services/cliUploadService.js(100,18): error TS2584: Cannot find name 'document'. Do you need to change your target library? Try changing the 'lib' compiler option to include 'dom'.
coming-soon/public/dashboard/js-es2018/services/cliUploadService.js(128,18): error TS2584: Cannot find name 'document'. Do you need to change your target library? Try changing the 'lib' compiler option to include 'dom'.
coming-soon/public/dashboard/js-es2018/services/cliUploadService.js(131,20): error TS2584: Cannot find name 'document'. Do you need to change your target library? Try changing the 'lib' compiler option to include 'dom'.
coming-soon/public/dashboard/js-es2018/services/cliUploadService.js(133,24): error TS2584: Cannot find name 'document'. Do you need to change your target library? Try changing the 'lib' compiler option to include 'dom'.
coming-soon/public/dashboard/js-es2018/services/cliUploadService.js(134,16): error TS2584: Cannot find name 'document'. Do you need to change your target library? Try changing the 'lib' compiler option to include 'dom'.
coming-soon/public/dashboard/js-es2018/services/cliUploadService.js(137,20): error TS2584: Cannot find name 'document'. Do you need to change your target library? Try changing the 'lib' compiler option to include 'dom'.
coming-soon/public/dashboard/js-es2018/services/cliUploadService.js(142,24): error TS2584: Cannot find name 'document'. Do you need to change your target library? Try changing the 'lib' compiler option to include 'dom'.
coming-soon/public/dashboard/js-es2018/services/cliUploadService.js(148,18): error TS2584: Cannot find name 'document'. Do you need to change your target library? Try changing the 'lib' compiler option to include 'dom'.
coming-soon/public/dashboard/js-es2018/services/cliUploadService.js(150,18): error TS2584: Cannot find name 'document'. Do you need to change your target library? Try changing the 'lib' compiler option to include 'dom'.
coming-soon/public/dashboard/js-es2018/services/cliUploadService.js(151,16): error TS2584: Cannot find name 'document'. Do you need to change your target library? Try changing the 'lib' compiler option to include 'dom'.
coming-soon/public/dashboard/js-es2018/services/cliUploadService.js(153,16): error TS2584: Cannot find name 'document'. Do you need to change your target library? Try changing the 'lib' compiler option to include 'dom'.
coming-soon/public/dashboard/js-es2018/services/cliUploadService.js(155,16): error TS2584: Cannot find name 'document'. Do you need to change your target library? Try changing the 'lib' compiler option to include 'dom'.
coming-soon/public/dashboard/js-es2018/services/cliUploadService.js(159,16): error TS2584: Cannot find name 'document'. Do you need to change your target library? Try changing the 'lib' compiler option to include 'dom'.
coming-soon/public/dashboard/js-es2018/services/cliUploadService.js(161,16): error TS2584: Cannot find name 'document'. Do you need to change your target library? Try changing the 'lib' compiler option to include 'dom'.
coming-soon/public/dashboard/js-es2018/services/cliUploadService.js(163,16): error TS2584: Cannot find name 'document'. Do you need to change your target library? Try changing the 'lib' compiler option to include 'dom'.
coming-soon/public/dashboard/js-es2018/services/cliUploadService.js(169,19): error TS2584: Cannot find name 'document'. Do you need to change your target library? Try changing the 'lib' compiler option to include 'dom'.
coming-soon/public/dashboard/js-es2018/services/cliUploadService.js(170,16): error TS2584: Cannot find name 'document'. Do you need to change your target library? Try changing the 'lib' compiler option to include 'dom'.
coming-soon/public/dashboard/js-es2018/services/cliUploadService.js(172,16): error TS2584: Cannot find name 'document'. Do you need to change your target library? Try changing the 'lib' compiler option to include 'dom'.
coming-soon/public/dashboard/js-es2018/services/cliUploadService.js(174,16): error TS2584: Cannot find name 'document'. Do you need to change your target library? Try changing the 'lib' compiler option to include 'dom'.
coming-soon/public/dashboard/js-es2018/services/cliUploadService.js(178,16): error TS2584: Cannot find name 'document'. Do you need to change your target library? Try changing the 'lib' compiler option to include 'dom'.
coming-soon/public/dashboard/js-es2018/services/cliUploadService.js(180,16): error TS2584: Cannot find name 'document'. Do you need to change your target library? Try changing the 'lib' compiler option to include 'dom'.
coming-soon/public/dashboard/js-es2018/services/cliUploadService.js(182,16): error TS2584: Cannot find name 'document'. Do you need to change your target library? Try changing the 'lib' compiler option to include 'dom'.
coming-soon/public/dashboard/js-es2018/services/extendedAnalyzers.mjs(7,13): error TS2339: Property 'clampScore' does not exist on type 'any[]'.
coming-soon/public/dashboard/js-es2018/services/extendedAnalyzers.mjs(7,25): error TS2339: Property 'finalizeRiskAssessment' does not exist on type 'any[]'.
coming-soon/public/dashboard/js-es2018/services/extendedAnalyzers.mjs(7,49): error TS2339: Property 'buildHigherBetterResult' does not exist on type 'any[]'.
coming-soon/public/dashboard/js-es2018/services/extendedAnalyzers.mjs(7,74): error TS2339: Property 'buildLowerBetterResult' does not exist on type 'any[]'.
coming-soon/public/dashboard/js-es2018/services/extendedAnalyzers.mjs(7,98): error TS2339: Property 'buildInsufficientResult' does not exist on type 'any[]'.
coming-soon/public/dashboard/js-es2018/services/extendedAnalyzers.mjs(7,123): error TS2339: Property 'collectSocietalImpactText' does not exist on type 'any[]'.
coming-soon/public/dashboard/js-es2018/services/extendedAnalyzers.mjs(7,150): error TS2339: Property 'collectMarketShares' does not exist on type 'any[]'.
coming-soon/public/dashboard/js-es2018/services/extendedAnalyzers.mjs(7,171): error TS2339: Property 'computeHhi' does not exist on type 'any[]'.
coming-soon/public/dashboard/js-es2018/services/extendedAnalyzers.mjs(7,183): error TS2339: Property 'MARKET_LOCKIN_MARKERS' does not exist on type 'any[]'.
coming-soon/public/dashboard/js-es2018/services/extendedAnalyzers.mjs(7,206): error TS2339: Property 'isScanReportContext' does not exist on type 'any[]'.
coming-soon/public/dashboard/js-es2018/services/fingerprintService.js(236,17): error TS2353: Object literal may only specify known properties, and 'id' does not exist in type '{ name: string; confidence: number; profile: string; totalFiles: number; metadata: any; }'.
coming-soon/public/dashboard/js-es2018/services/fingerprintService.js(250,9): error TS2353: Object literal may only specify known properties, and 'id' does not exist in type '{ name: string; confidence: number; profile: string; totalFiles: number; metadata: any; }'.
coming-soon/public/dashboard/js-es2018/services/fingerprintService.js(262,12): error TS2304: Cannot find name 'FileSystemDirectoryHandle'.
coming-soon/public/dashboard/js-es2018/services/fingerprintService.js(262,38): error TS2304: Cannot find name 'FileSystemDirectoryEntry'.
coming-soon/public/dashboard/js-es2018/services/localAgentService.js(32,54): error TS2339: Property 'simplebeaconAgentBridge' does not exist on type 'typeof window'.
coming-soon/public/dashboard/js-es2018/services/localAgentService.js(35,38): error TS2339: Property 'simplebeaconAgentBridge' does not exist on type 'typeof window'.
coming-soon/public/dashboard/js-es2018/services/localAgentService.js(35,80): error TS2339: Property 'simplebeaconAgentBridge' does not exist on type 'typeof window'.
coming-soon/public/dashboard/js-es2018/services/localAgentService.js(117,16): error TS2339: Property 'location' does not exist on type 'typeof window'.
coming-soon/public/dashboard/js-es2018/services/localAgentService.js(131,19): error TS2339: Property 'location' does not exist on type 'typeof window'.
coming-soon/public/dashboard/js-es2018/services/localAgentService.js(235,12): error TS2304: Cannot find name 'HTMLElement'.
coming-soon/public/dashboard/js-es2018/services/localAgentService.js(244,21): error TS2584: Cannot find name 'document'. Do you need to change your target library? Try changing the 'lib' compiler option to include 'dom'.
coming-soon/public/dashboard/js-es2018/services/localAgentService.js(246,20): error TS2584: Cannot find name 'document'. Do you need to change your target library? Try changing the 'lib' compiler option to include 'dom'.
coming-soon/public/dashboard/js-es2018/services/localAgentService.js(248,24): error TS2584: Cannot find name 'document'. Do you need to change your target library? Try changing the 'lib' compiler option to include 'dom'.
coming-soon/public/dashboard/js-es2018/services/localAgentService.js(250,19): error TS2584: Cannot find name 'document'. Do you need to change your target library? Try changing the 'lib' compiler option to include 'dom'.
coming-soon/public/dashboard/js-es2018/services/localAgentService.js(253,20): error TS2584: Cannot find name 'document'. Do you need to change your target library? Try changing the 'lib' compiler option to include 'dom'.
coming-soon/public/dashboard/js-es2018/services/localAgentService.js(258,19): error TS2584: Cannot find name 'document'. Do you need to change your target library? Try changing the 'lib' compiler option to include 'dom'.
coming-soon/public/dashboard/js-es2018/services/localAgentService.js(264,18): error TS2584: Cannot find name 'document'. Do you need to change your target library? Try changing the 'lib' compiler option to include 'dom'.
coming-soon/public/dashboard/js-es2018/services/localAgentService.js(267,19): error TS2584: Cannot find name 'document'. Do you need to change your target library? Try changing the 'lib' compiler option to include 'dom'.
coming-soon/public/dashboard/js-es2018/services/localAgentService.js(269,23): error TS2584: Cannot find name 'document'. Do you need to change your target library? Try changing the 'lib' compiler option to include 'dom'.
coming-soon/public/dashboard/js-es2018/services/localAgentService.js(271,23): error TS2584: Cannot find name 'document'. Do you need to change your target library? Try changing the 'lib' compiler option to include 'dom'.
coming-soon/public/dashboard/js-es2018/services/localAgentService.js(281,18): error TS2584: Cannot find name 'document'. Do you need to change your target library? Try changing the 'lib' compiler option to include 'dom'.
coming-soon/public/dashboard/js-es2018/services/localAgentService.js(284,19): error TS2584: Cannot find name 'document'. Do you need to change your target library? Try changing the 'lib' compiler option to include 'dom'.
coming-soon/public/dashboard/js-es2018/services/localAgentService.js(294,26): error TS2584: Cannot find name 'document'. Do you need to change your target library? Try changing the 'lib' compiler option to include 'dom'.
coming-soon/public/dashboard/js-es2018/services/localAgentService.js(298,22): error TS2584: Cannot find name 'document'. Do you need to change your target library? Try changing the 'lib' compiler option to include 'dom'.
coming-soon/public/dashboard/js-es2018/services/localAgentService.js(302,23): error TS2584: Cannot find name 'document'. Do you need to change your target library? Try changing the 'lib' compiler option to include 'dom'.
coming-soon/public/dashboard/js-es2018/services/localAgentService.js(308,25): error TS2584: Cannot find name 'document'. Do you need to change your target library? Try changing the 'lib' compiler option to include 'dom'.
coming-soon/public/dashboard/js-es2018/services/localAgentService.js(351,50): error TS2339: Property 'navigator' does not exist on type 'typeof window'.
coming-soon/public/dashboard/js-es2018/services/localAgentService.js(353,23): error TS2339: Property 'navigator' does not exist on type 'typeof window'.
coming-soon/public/dashboard/js-es2018/services/localScanService.js(2,74): error TS1343: The 'import.meta' meta-property is only allowed when the '--module' option is 'es2020', 'es2022', 'esnext', 'system', 'node16', 'node18', 'node20', or 'nodenext'.
coming-soon/public/dashboard/js-es2018/services/localScanService.js(7,12): error TS2304: Cannot find name 'FileSystemDirectoryHandle'.
coming-soon/public/dashboard/js-es2018/services/localScanService.js(9,39): error TS2304: Cannot find name 'FileSystemFileHandle'.
coming-soon/public/dashboard/js-es2018/services/localScanService.js(10,49): error TS2304: Cannot find name 'FileSystemFileHandle'.
coming-soon/public/dashboard/js-es2018/services/localScanService.js(99,12): error TS2304: Cannot find name 'FileSystemDirectoryHandle'.
coming-soon/public/dashboard/js-es2018/services/localScanService.js(100,12): error TS2304: Cannot find name 'FileList'.
coming-soon/public/dashboard/js-es2018/services/localScanService.js(105,35): error TS2339: Property 'showDirectoryPicker' does not exist on type 'typeof window'.
coming-soon/public/dashboard/js-es2018/services/localScanService.js(117,61): error TS2339: Property 'showDirectoryPicker' does not exist on type 'typeof window'.
coming-soon/public/dashboard/js-es2018/services/localScanService.js(126,28): error TS2304: Cannot find name 'Worker'.
coming-soon/public/dashboard/js-es2018/services/operatorService.js(24,14): error TS1064: The return type of an async function or method must be the global Promise<T> type. Did you mean to write 'Promise<any>'?
coming-soon/public/dashboard/js-es2018/services/operatorService.js(43,14): error TS1064: The return type of an async function or method must be the global Promise<T> type. Did you mean to write 'Promise<any>'?
coming-soon/public/dashboard/js-es2018/services/operatorService.js(50,14): error TS1064: The return type of an async function or method must be the global Promise<T> type. Did you mean to write 'Promise<any>'?
coming-soon/public/dashboard/js-es2018/services/operatorService.js(58,14): error TS1064: The return type of an async function or method must be the global Promise<T> type. Did you mean to write 'Promise<any>'?
coming-soon/public/dashboard/js-es2018/services/operatorService.js(69,14): error TS1064: The return type of an async function or method must be the global Promise<T> type. Did you mean to write 'Promise<any>'?
coming-soon/public/dashboard/js-es2018/services/operatorService.js(77,14): error TS1064: The return type of an async function or method must be the global Promise<T> type. Did you mean to write 'Promise<any>'?
coming-soon/public/dashboard/js-es2018/services/pathHealthService.js(7,14): error TS1064: The return type of an async function or method must be the global Promise<T> type. Did you mean to write 'Promise<any>'?
coming-soon/public/dashboard/js-es2018/services/pathHealthService.js(19,18): error TS2339: Property 'status' does not exist on type 'unknown'.
coming-soon/public/dashboard/js-es2018/services/pathHealthService.js(20,34): error TS2339: Property 'message' does not exist on type 'unknown'.
coming-soon/public/dashboard/js-es2018/services/pathHealthService.js(35,14): error TS1064: The return type of an async function or method must be the global Promise<T> type. Did you mean to write 'Promise<any>'?
coming-soon/public/dashboard/js-es2018/services/pathHealthService.js(43,14): error TS1064: The return type of an async function or method must be the global Promise<T> type. Did you mean to write 'Promise<any>'?
coming-soon/public/dashboard/js-es2018/services/pathHealthService.js(51,14): error TS1064: The return type of an async function or method must be the global Promise<T> type. Did you mean to write 'Promise<any>'?
coming-soon/public/dashboard/js-es2018/services/platformService.js(34,14): error TS1064: The return type of an async function or method must be the global Promise<T> type. Did you mean to write 'Promise<any>'?
coming-soon/public/dashboard/js-es2018/services/platformService.js(36,31): error TS2322: Type 'number' is not assignable to type 'any[]'.
coming-soon/public/dashboard/js-es2018/services/platformService.js(39,95): error TS2345: Argument of type 'any[]' is not assignable to parameter of type 'number'.
coming-soon/public/dashboard/js-es2018/services/platformService.js(114,83): error TS2345: Argument of type 'number' is not assignable to parameter of type 'any[]'.
coming-soon/public/dashboard/js-es2018/services/scanService.js(6,44): error TS2307: Cannot find module '../utils/dashboard-export.browser.js?v=20260616demodashboard1' or its corresponding type declarations.
coming-soon/public/dashboard/js-es2018/services/scanService.js(70,16): error TS2304: Cannot find name 'location'.
coming-soon/public/dashboard/js-es2018/services/scanService.js(70,80): error TS2304: Cannot find name 'location'.
coming-soon/public/dashboard/js-es2018/services/scanService.js(70,103): error TS2304: Cannot find name 'location'.
coming-soon/public/dashboard/js-es2018/services/scanService.js(88,14): error TS1064: The return type of an async function or method must be the global Promise<T> type. Did you mean to write 'Promise<any>'?
coming-soon/public/dashboard/js-es2018/services/scanService.js(105,17): error TS2339: Property 'code' does not exist on type 'Error'.
coming-soon/public/dashboard/js-es2018/services/scanService.js(110,17): error TS2339: Property 'code' does not exist on type 'Error'.
coming-soon/public/dashboard/js-es2018/services/scanService.js(114,13): error TS2339: Property 'code' does not exist on type 'Error'.
coming-soon/public/dashboard/js-es2018/services/scanService.js(115,13): error TS2339: Property 'details' does not exist on type 'Error'.
coming-soon/public/dashboard/js-es2018/services/scanService.js(120,13): error TS2339: Property 'code' does not exist on type 'Error'.
coming-soon/public/dashboard/js-es2018/services/scanService.js(373,17): error TS2339: Property 'code' does not exist on type 'Error'.
coming-soon/public/dashboard/js-es2018/services/scanWorker.js(6,7): error TS2451: Cannot redeclare block-scoped variable 'MAX_LINE_LEN'.
coming-soon/public/dashboard/js-es2018/services/scanWorker.js(8,7): error TS2451: Cannot redeclare block-scoped variable 'SIGNATURE_ENGINE'.
coming-soon/public/dashboard/js-es2018/services/scanWorker.js(119,1): error TS2322: Type '(e: any) => void' is not assignable to type '(e: any) => Promise<void>'.
  Type 'void' is not assignable to type 'Promise<void>'.
coming-soon/public/dashboard/js-es2018/services/scanWorker.js(169,8): error TS2551: Property 'postMessage' does not exist on type 'typeof self'. Did you mean 'onmessage'?
coming-soon/public/dashboard/js-es2018/services/securityService.js(9,100): error TS2339: Property 'type' does not exist on type 'boolean'.
coming-soon/public/dashboard/js-es2018/services/securityService.js(19,28): error TS2339: Property 'filePath' does not exist on type 'boolean'.
coming-soon/public/dashboard/js-es2018/services/securityService.js(20,25): error TS2339: Property 'filePaths' does not exist on type 'boolean'.
coming-soon/public/dashboard/js-es2018/services/securityService.js(21,31): error TS2339: Property 'metadata' does not exist on type 'boolean'.
coming-soon/public/dashboard/js-es2018/services/securityService.js(22,25): error TS2339: Property 'affectedFiles' does not exist on type 'boolean'.
coming-soon/public/dashboard/js-es2018/services/securityService.js(25,19): error TS2339: Property 'id' does not exist on type 'boolean'.
coming-soon/public/dashboard/js-es2018/services/securityService.js(25,34): error TS2339: Property 'severity' does not exist on type 'boolean'.
coming-soon/public/dashboard/js-es2018/services/securityService.js(25,52): error TS2339: Property 'type' does not exist on type 'boolean'.
coming-soon/public/dashboard/js-es2018/services/securityService.js(26,25): error TS2339: Property 'severity' does not exist on type 'boolean'.
coming-soon/public/dashboard/js-es2018/services/securityService.js(26,43): error TS2339: Property 'severityBand' does not exist on type 'boolean'.
coming-soon/public/dashboard/js-es2018/services/securityService.js(27,21): error TS2339: Property 'type' does not exist on type 'boolean'.
coming-soon/public/dashboard/js-es2018/services/securityService.js(29,28): error TS2339: Property 'description' does not exist on type 'boolean'.
coming-soon/public/dashboard/js-es2018/services/securityService.js(30,31): error TS2339: Property 'recommendedAction' does not exist on type 'boolean'.
coming-soon/public/dashboard/js-es2018/services/securityService.js(30,58): error TS2339: Property 'recommendation' does not exist on type 'boolean'.
coming-soon/public/dashboard/js-es2018/services/securityService.js(31,28): error TS2339: Property 'count' does not exist on type 'boolean'.
coming-soon/public/dashboard/js-es2018/services/securityService.js(41,84): error TS2339: Property 'rawIssues' does not exist on type 'number'.
coming-soon/public/dashboard/js-es2018/services/securityService.js(41,183): error TS2339: Property 'detectedIssues' does not exist on type 'number'.
coming-soon/public/dashboard/js-es2018/services/securityService.js(65,93): error TS2339: Property 'credentialFindings' does not exist on type 'number'.
coming-soon/public/dashboard/js-es2018/services/securityService.js(66,97): error TS2339: Property 'productionLeakFindings' does not exist on type 'number'.
coming-soon/public/dashboard/js-es2018/services/securityService.js(68,89): error TS2339: Property 'credentialScanned' does not exist on type 'number'.
coming-soon/public/dashboard/js-es2018/services/securityService.js(70,93): error TS2339: Property 'productionLeakScanned' does not exist on type 'number'.
coming-soon/public/dashboard/js-es2018/services/securityService.js(74,86): error TS2339: Property 'gate' does not exist on type 'number'.
coming-soon/public/dashboard/js-es2018/services/securityService.js(75,83): error TS2339: Property 'generatedAt' does not exist on type 'number'.
coming-soon/public/dashboard/js-es2018/services/securityService.js(103,14): error TS1064: The return type of an async function or method must be the global Promise<T> type. Did you mean to write 'Promise<any>'?
coming-soon/public/dashboard/js-es2018/services/securityService.js(113,31): error TS2339: Property 'success' does not exist on type 'unknown'.
coming-soon/public/dashboard/js-es2018/services/themeService.js(22,9): error TS2584: Cannot find name 'document'. Do you need to change your target library? Try changing the 'lib' compiler option to include 'dom'.
coming-soon/public/dashboard/js-es2018/services/themeService.js(23,21): error TS2584: Cannot find name 'document'. Do you need to change your target library? Try changing the 'lib' compiler option to include 'dom'.
coming-soon/public/dashboard/js-es2018/services/themeService.js(30,57): error TS2339: Property 'lucide' does not exist on type 'typeof window'.
coming-soon/public/dashboard/js-es2018/services/themeService.js(30,81): error TS2339: Property 'lucide' does not exist on type 'typeof window'.
coming-soon/public/dashboard/js-es2018/services/themeService.js(31,24): error TS2339: Property 'lucide' does not exist on type 'typeof window'.
coming-soon/public/dashboard/js-es2018/utils-dom.js(26,16): error TS2584: Cannot find name 'document'. Do you need to change your target library? Try changing the 'lib' compiler option to include 'dom'.
coming-soon/public/dashboard/js-es2018/utils-dom.js(27,23): error TS2584: Cannot find name 'document'. Do you need to change your target library? Try changing the 'lib' compiler option to include 'dom'.
coming-soon/public/dashboard/js-es2018/utils-dom.js(38,23): error TS2584: Cannot find name 'document'. Do you need to change your target library? Try changing the 'lib' compiler option to include 'dom'.
coming-soon/public/dashboard/js-es2018/utils-dom.js(63,16): error TS2584: Cannot find name 'document'. Do you need to change your target library? Try changing the 'lib' compiler option to include 'dom'.
coming-soon/public/dashboard/js-es2018/utils-dom.js(63,45): error TS2584: Cannot find name 'document'. Do you need to change your target library? Try changing the 'lib' compiler option to include 'dom'.
coming-soon/public/dashboard/js-es2018/utils-dom.js(67,21): error TS2584: Cannot find name 'document'. Do you need to change your target library? Try changing the 'lib' compiler option to include 'dom'.
coming-soon/public/dashboard/js-es2018/utils-dom.js(69,21): error TS2584: Cannot find name 'document'. Do you need to change your target library? Try changing the 'lib' compiler option to include 'dom'.
coming-soon/public/dashboard/js-es2018/utils-dom.js(72,9): error TS2584: Cannot find name 'document'. Do you need to change your target library? Try changing the 'lib' compiler option to include 'dom'.
coming-soon/public/dashboard/js-es2018/utils-dom.js(81,19): error TS2584: Cannot find name 'document'. Do you need to change your target library? Try changing the 'lib' compiler option to include 'dom'.
coming-soon/public/dashboard/js-es2018/utils-dom.js(103,16): error TS2584: Cannot find name 'document'. Do you need to change your target library? Try changing the 'lib' compiler option to include 'dom'.
coming-soon/public/dashboard/js-es2018/utils-dom.js(104,23): error TS2584: Cannot find name 'document'. Do you need to change your target library? Try changing the 'lib' compiler option to include 'dom'.
coming-soon/public/dashboard/js-es2018/utils-dom.js(123,20): error TS2584: Cannot find name 'document'. Do you need to change your target library? Try changing the 'lib' compiler option to include 'dom'.
coming-soon/public/dashboard/js-es2018/utils-dom.js(123,49): error TS2584: Cannot find name 'document'. Do you need to change your target library? Try changing the 'lib' compiler option to include 'dom'.
coming-soon/public/dashboard/js-es2018/utils-dom.js(127,19): error TS2584: Cannot find name 'document'. Do you need to change your target library? Try changing the 'lib' compiler option to include 'dom'.
coming-soon/public/dashboard/js-es2018/utils-dom.js(131,9): error TS2584: Cannot find name 'document'. Do you need to change your target library? Try changing the 'lib' compiler option to include 'dom'.
coming-soon/public/dashboard/js-es2018/utils-dom.js(141,56): error TS2339: Property 'acquireVsCodeApi' does not exist on type 'typeof window'.
coming-soon/public/dashboard/js-es2018/utils-dom.js(142,31): error TS2339: Property 'acquireVsCodeApi' does not exist on type 'typeof window'.
coming-soon/public/dashboard/js-es2018/utils-dom.js(143,28): error TS2304: Cannot find name 'FileReader'.
coming-soon/public/dashboard/js-es2018/utils-dom.js(211,55): error TS2304: Cannot find name 'HTMLElement'.
coming-soon/public/dashboard/js-es2018/utils-dom.js(240,54): error TS2304: Cannot find name 'CSS'.
coming-soon/public/dashboard/js-es2018/utils-dom.js(373,57): error TS2339: Property 'onLine' does not exist on type 'Navigator'.
coming-soon/public/dashboard/js-es2018/utils-dom.js(741,61): error TS2536: Type 'K' cannot be used to index type '{}'.
coming-soon/public/dashboard/js-es2018/utils-dom.js(741,75): error TS2536: Type 'K' cannot be used to index type 'T & object'.
coming-soon/public/dashboard/js-es2018/utils-dom.js(760,25): error TS2345: Argument of type 'string' is not assignable to parameter of type 'K'.
  'K' could be instantiated with an arbitrary type which could be unrelated to 'string'.
coming-soon/public/dashboard/js-es2018/utils-dom.js(817,59): error TS2339: Property 'clipboard' does not exist on type 'Navigator'.
coming-soon/public/dashboard/js-es2018/utils-dom.js(818,29): error TS2339: Property 'clipboard' does not exist on type 'Navigator'.
coming-soon/public/dashboard/js-es2018/utils-dom.js(821,20): error TS2584: Cannot find name 'document'. Do you need to change your target library? Try changing the 'lib' compiler option to include 'dom'.
coming-soon/public/dashboard/js-es2018/utils-dom.js(821,48): error TS2584: Cannot find name 'document'. Do you need to change your target library? Try changing the 'lib' compiler option to include 'dom'.
coming-soon/public/dashboard/js-es2018/utils-dom.js(822,24): error TS2584: Cannot find name 'document'. Do you need to change your target library? Try changing the 'lib' compiler option to include 'dom'.
coming-soon/public/dashboard/js-es2018/utils-dom.js(826,13): error TS2584: Cannot find name 'document'. Do you need to change your target library? Try changing the 'lib' compiler option to include 'dom'.
coming-soon/public/dashboard/js-es2018/utils-dom.js(828,24): error TS2584: Cannot find name 'document'. Do you need to change your target library? Try changing the 'lib' compiler option to include 'dom'.
coming-soon/public/dashboard/js-es2018/utils-dom.js(863,50): error TS2339: Property 'localStorage' does not exist on type 'typeof window'.
coming-soon/public/dashboard/js-es2018/utils-dom.js(865,28): error TS2339: Property 'localStorage' does not exist on type 'typeof window'.
coming-soon/public/dashboard/js-es2018/utils-dom.js(880,50): error TS2339: Property 'localStorage' does not exist on type 'typeof window'.
coming-soon/public/dashboard/js-es2018/utils-dom.js(882,16): error TS2339: Property 'localStorage' does not exist on type 'typeof window'.
coming-soon/public/dashboard/js-es2018/utils-dom.js(895,50): error TS2339: Property 'localStorage' does not exist on type 'typeof window'.
coming-soon/public/dashboard/js-es2018/utils-dom.js(897,16): error TS2339: Property 'localStorage' does not exist on type 'typeof window'.
coming-soon/public/dashboard/js-es2018/utils-dom.js(912,50): error TS2339: Property 'sessionStorage' does not exist on type 'typeof window'.
coming-soon/public/dashboard/js-es2018/utils-dom.js(914,28): error TS2339: Property 'sessionStorage' does not exist on type 'typeof window'.
coming-soon/public/dashboard/js-es2018/utils-dom.js(929,50): error TS2339: Property 'sessionStorage' does not exist on type 'typeof window'.
coming-soon/public/dashboard/js-es2018/utils-dom.js(931,16): error TS2339: Property 'sessionStorage' does not exist on type 'typeof window'.
coming-soon/public/dashboard/js-es2018/utils-dom.js(944,50): error TS2339: Property 'sessionStorage' does not exist on type 'typeof window'.
coming-soon/public/dashboard/js-es2018/utils-dom.js(946,16): error TS2339: Property 'sessionStorage' does not exist on type 'typeof window'.
coming-soon/public/dashboard/js-es2018/utils-dom.js(958,50): error TS2339: Property 'matchMedia' does not exist on type 'typeof window'.
coming-soon/public/dashboard/js-es2018/utils-dom.js(959,19): error TS2339: Property 'matchMedia' does not exist on type 'typeof window'.
coming-soon/public/dashboard/js-es2018/utils-dom.js(967,50): error TS2339: Property 'matchMedia' does not exist on type 'typeof window'.
coming-soon/public/dashboard/js-es2018/utils-dom.js(968,19): error TS2339: Property 'matchMedia' does not exist on type 'typeof window'.
coming-soon/public/dashboard/js-es2018/utils-dom.js(1120,5): error TS2322: Type '{}' is not assignable to type 'Record<string, T>'.
  Index signature for type 'string' is missing in type '{}'.
coming-soon/public/dashboard/js-es2018/utils-lib/__tests__.mjs(7,16): error TS1378: Top-level 'await' expressions are only allowed when the 'module' option is set to 'es2022', 'esnext', 'system', 'node16', 'node18', 'node20', 'nodenext', or 'preserve', and the 'target' option is set to 'es2017' or higher.
coming-soon/public/dashboard/js-es2018/utils-lib/__tests__.mjs(27,16): error TS1378: Top-level 'await' expressions are only allowed when the 'module' option is set to 'es2022', 'esnext', 'system', 'node16', 'node18', 'node20', 'nodenext', or 'preserve', and the 'target' option is set to 'es2017' or higher.
coming-soon/public/dashboard/js-es2018/utils-lib/__tests__.mjs(51,16): error TS1378: Top-level 'await' expressions are only allowed when the 'module' option is set to 'es2022', 'esnext', 'system', 'node16', 'node18', 'node20', 'nodenext', or 'preserve', and the 'target' option is set to 'es2017' or higher.
coming-soon/public/dashboard/js-es2018/utils-lib/__tests__.mjs(53,1): error TS1378: Top-level 'await' expressions are only allowed when the 'module' option is set to 'es2022', 'esnext', 'system', 'node16', 'node18', 'node20', 'nodenext', or 'preserve', and the 'target' option is set to 'es2017' or higher.
coming-soon/public/dashboard/js-es2018/utils-lib/__tests__.mjs(55,20): error TS1378: Top-level 'await' expressions are only allowed when the 'module' option is set to 'es2022', 'esnext', 'system', 'node16', 'node18', 'node20', 'nodenext', or 'preserve', and the 'target' option is set to 'es2017' or higher.
coming-soon/public/dashboard/js-es2018/utils-lib/__tests__.mjs(57,21): error TS1378: Top-level 'await' expressions are only allowed when the 'module' option is set to 'es2022', 'esnext', 'system', 'node16', 'node18', 'node20', 'nodenext', or 'preserve', and the 'target' option is set to 'es2017' or higher.
coming-soon/public/dashboard/js-es2018/utils-lib/__tests__.mjs(71,1): error TS1378: Top-level 'await' expressions are only allowed when the 'module' option is set to 'es2022', 'esnext', 'system', 'node16', 'node18', 'node20', 'nodenext', or 'preserve', and the 'target' option is set to 'es2017' or higher.
coming-soon/public/dashboard/js-es2018/utils-lib/__tests__.mjs(73,33): error TS2339: Property 'calls' does not exist on type '(...args: any[]) => any'.
coming-soon/public/dashboard/js-es2018/utils-lib/__tests__.mjs(73,44): error TS2339: Property 'calls' does not exist on type '(...args: any[]) => any'.
coming-soon/public/dashboard/js-es2018/utils-lib/__tests__.mjs(73,70): error TS2339: Property 'calls' does not exist on type '(...args: any[]) => any'.
coming-soon/public/dashboard/js-es2018/utils-lib/__tests__.mjs(76,22): error TS2339: Property 'calls' does not exist on type '(...args: any[]) => any'.
coming-soon/public/dashboard/js-es2018/utils-lib/__tests__.mjs(82,23): error TS1378: Top-level 'await' expressions are only allowed when the 'module' option is set to 'es2022', 'esnext', 'system', 'node16', 'node18', 'node20', 'nodenext', or 'preserve', and the 'target' option is set to 'es2017' or higher.
coming-soon/public/dashboard/js-es2018/utils-lib/__tests__.mjs(85,5): error TS1378: Top-level 'await' expressions are only allowed when the 'module' option is set to 'es2022', 'esnext', 'system', 'node16', 'node18', 'node20', 'nodenext', or 'preserve', and the 'target' option is set to 'es2017' or higher.
coming-soon/public/dashboard/js-es2018/utils-lib/__tests__.mjs(92,20): error TS1378: Top-level 'await' expressions are only allowed when the 'module' option is set to 'es2022', 'esnext', 'system', 'node16', 'node18', 'node20', 'nodenext', or 'preserve', and the 'target' option is set to 'es2017' or higher.
coming-soon/public/dashboard/js-es2018/utils-lib/__tests__.mjs(104,15): error TS1378: Top-level 'await' expressions are only allowed when the 'module' option is set to 'es2022', 'esnext', 'system', 'node16', 'node18', 'node20', 'nodenext', or 'preserve', and the 'target' option is set to 'es2017' or higher.
coming-soon/public/dashboard/js-es2018/utils-lib/__tests__.mjs(131,16): error TS1378: Top-level 'await' expressions are only allowed when the 'module' option is set to 'es2022', 'esnext', 'system', 'node16', 'node18', 'node20', 'nodenext', or 'preserve', and the 'target' option is set to 'es2017' or higher.
coming-soon/public/dashboard/js-es2018/utils-lib/__tests__.mjs(154,13): error TS1378: Top-level 'await' expressions are only allowed when the 'module' option is set to 'es2022', 'esnext', 'system', 'node16', 'node18', 'node20', 'nodenext', or 'preserve', and the 'target' option is set to 'es2017' or higher.
coming-soon/public/dashboard/js-es2018/utils-lib/__tests__.mjs(163,14): error TS1378: Top-level 'await' expressions are only allowed when the 'module' option is set to 'es2022', 'esnext', 'system', 'node16', 'node18', 'node20', 'nodenext', or 'preserve', and the 'target' option is set to 'es2017' or higher.
coming-soon/public/dashboard/js-es2018/utils-lib/accessibility.js(9,50): error TS2339: Property 'matchMedia' does not exist on type 'typeof window'.
coming-soon/public/dashboard/js-es2018/utils-lib/accessibility.js(11,19): error TS2339: Property 'matchMedia' does not exist on type 'typeof window'.
coming-soon/public/dashboard/js-es2018/utils-lib/accessibility.js(18,50): error TS2339: Property 'matchMedia' does not exist on type 'typeof window'.
coming-soon/public/dashboard/js-es2018/utils-lib/accessibility.js(20,19): error TS2339: Property 'matchMedia' does not exist on type 'typeof window'.
coming-soon/public/dashboard/js-es2018/utils-lib/array.js(257,5): error TS2322: Type '{}' is not assignable to type 'Record<string, T>'.
  Index signature for type 'string' is missing in type '{}'.
coming-soon/public/dashboard/js-es2018/utils-lib/clipboard.js(14,59): error TS2339: Property 'clipboard' does not exist on type 'Navigator'.
coming-soon/public/dashboard/js-es2018/utils-lib/clipboard.js(15,29): error TS2339: Property 'clipboard' does not exist on type 'Navigator'.
coming-soon/public/dashboard/js-es2018/utils-lib/clipboard.js(18,20): error TS2584: Cannot find name 'document'. Do you need to change your target library? Try changing the 'lib' compiler option to include 'dom'.
coming-soon/public/dashboard/js-es2018/utils-lib/clipboard.js(18,48): error TS2584: Cannot find name 'document'. Do you need to change your target library? Try changing the 'lib' compiler option to include 'dom'.
coming-soon/public/dashboard/js-es2018/utils-lib/clipboard.js(19,24): error TS2584: Cannot find name 'document'. Do you need to change your target library? Try changing the 'lib' compiler option to include 'dom'.
coming-soon/public/dashboard/js-es2018/utils-lib/clipboard.js(23,13): error TS2584: Cannot find name 'document'. Do you need to change your target library? Try changing the 'lib' compiler option to include 'dom'.
coming-soon/public/dashboard/js-es2018/utils-lib/clipboard.js(25,24): error TS2584: Cannot find name 'document'. Do you need to change your target library? Try changing the 'lib' compiler option to include 'dom'.
coming-soon/public/dashboard/js-es2018/utils-lib/dom.js(5,19): error TS2584: Cannot find name 'document'. Do you need to change your target library? Try changing the 'lib' compiler option to include 'dom'.
coming-soon/public/dashboard/js-es2018/utils-lib/dom.js(16,16): error TS2584: Cannot find name 'document'. Do you need to change your target library? Try changing the 'lib' compiler option to include 'dom'.
coming-soon/public/dashboard/js-es2018/utils-lib/dom.js(16,45): error TS2584: Cannot find name 'document'. Do you need to change your target library? Try changing the 'lib' compiler option to include 'dom'.
coming-soon/public/dashboard/js-es2018/utils-lib/dom.js(18,23): error TS2584: Cannot find name 'document'. Do you need to change your target library? Try changing the 'lib' compiler option to include 'dom'.
coming-soon/public/dashboard/js-es2018/utils-lib/dom.js(19,20): error TS2584: Cannot find name 'document'. Do you need to change your target library? Try changing the 'lib' compiler option to include 'dom'.
coming-soon/public/dashboard/js-es2018/utils-lib/dom.js(22,9): error TS2584: Cannot find name 'document'. Do you need to change your target library? Try changing the 'lib' compiler option to include 'dom'.
coming-soon/public/dashboard/js-es2018/utils-lib/dom.js(33,16): error TS2584: Cannot find name 'document'. Do you need to change your target library? Try changing the 'lib' compiler option to include 'dom'.
coming-soon/public/dashboard/js-es2018/utils-lib/dom.js(35,23): error TS2584: Cannot find name 'document'. Do you need to change your target library? Try changing the 'lib' compiler option to include 'dom'.
coming-soon/public/dashboard/js-es2018/utils-lib/dom.js(47,16): error TS2584: Cannot find name 'document'. Do you need to change your target library? Try changing the 'lib' compiler option to include 'dom'.
coming-soon/public/dashboard/js-es2018/utils-lib/dom.js(51,15): error TS2584: Cannot find name 'document'. Do you need to change your target library? Try changing the 'lib' compiler option to include 'dom'.
coming-soon/public/dashboard/js-es2018/utils-lib/dom.js(54,5): error TS2584: Cannot find name 'document'. Do you need to change your target library? Try changing the 'lib' compiler option to include 'dom'.
coming-soon/public/dashboard/js-es2018/utils-lib/dom.js(92,56): error TS2339: Property 'acquireVsCodeApi' does not exist on type 'typeof window'.
coming-soon/public/dashboard/js-es2018/utils-lib/dom.js(94,35): error TS2339: Property 'acquireVsCodeApi' does not exist on type 'typeof window'.
coming-soon/public/dashboard/js-es2018/utils-lib/dom.js(95,32): error TS2304: Cannot find name 'FileReader'.
coming-soon/public/dashboard/js-es2018/utils-lib/dom.js(128,16): error TS2584: Cannot find name 'document'. Do you need to change your target library? Try changing the 'lib' compiler option to include 'dom'.
coming-soon/public/dashboard/js-es2018/utils-lib/dom.js(128,45): error TS2584: Cannot find name 'document'. Do you need to change your target library? Try changing the 'lib' compiler option to include 'dom'.
coming-soon/public/dashboard/js-es2018/utils-lib/dom.js(132,15): error TS2584: Cannot find name 'document'. Do you need to change your target library? Try changing the 'lib' compiler option to include 'dom'.
coming-soon/public/dashboard/js-es2018/utils-lib/dom.js(136,5): error TS2584: Cannot find name 'document'. Do you need to change your target library? Try changing the 'lib' compiler option to include 'dom'.
coming-soon/public/dashboard/js-es2018/utils-lib/dom.js(148,19): error TS2304: Cannot find name 'BlobPart'.
coming-soon/public/dashboard/js-es2018/utils-lib/dom.js(187,12): error TS2304: Cannot find name 'HTMLElement'.
coming-soon/public/dashboard/js-es2018/utils-lib/dom.js(198,12): error TS2304: Cannot find name 'HTMLElement'.
coming-soon/public/dashboard/js-es2018/utils-lib/dom.js(211,12): error TS2304: Cannot find name 'HTMLElement'.
coming-soon/public/dashboard/js-es2018/utils-lib/dom.js(224,12): error TS2304: Cannot find name 'HTMLElement'.
coming-soon/public/dashboard/js-es2018/utils-lib/dom.js(240,12): error TS2304: Cannot find name 'HTMLElement'.
coming-soon/public/dashboard/js-es2018/utils-lib/dom.js(241,14): error TS2304: Cannot find name 'HTMLElement'.
coming-soon/public/dashboard/js-es2018/utils-lib/dom.js(244,39): error TS2584: Cannot find name 'document'. Do you need to change your target library? Try changing the 'lib' compiler option to include 'dom'.
coming-soon/public/dashboard/js-es2018/utils-lib/dom.js(244,66): error TS2584: Cannot find name 'document'. Do you need to change your target library? Try changing the 'lib' compiler option to include 'dom'.
coming-soon/public/dashboard/js-es2018/utils-lib/dom.js(258,12): error TS2304: Cannot find name 'HTMLElement'.
coming-soon/public/dashboard/js-es2018/utils-lib/dom.js(267,16): error TS2584: Cannot find name 'document'. Do you need to change your target library? Try changing the 'lib' compiler option to include 'dom'.
coming-soon/public/dashboard/js-es2018/utils-lib/dom.js(276,20): error TS2304: Cannot find name 'HTMLElement'.
coming-soon/public/dashboard/js-es2018/utils-lib/dom.js(277,14): error TS2304: Cannot find name 'HTMLElement'.
coming-soon/public/dashboard/js-es2018/utils-lib/dom.js(280,16): error TS2584: Cannot find name 'document'. Do you need to change your target library? Try changing the 'lib' compiler option to include 'dom'.
coming-soon/public/dashboard/js-es2018/utils-lib/dom.js(282,16): error TS2584: Cannot find name 'document'. Do you need to change your target library? Try changing the 'lib' compiler option to include 'dom'.
coming-soon/public/dashboard/js-es2018/utils-lib/dom.js(300,52): error TS2584: Cannot find name 'document'. Do you need to change your target library? Try changing the 'lib' compiler option to include 'dom'.
coming-soon/public/dashboard/js-es2018/utils-lib/dom.js(306,12): error TS2304: Cannot find name 'HTMLElement'.
coming-soon/public/dashboard/js-es2018/utils-lib/dom.js(323,16): error TS2584: Cannot find name 'document'. Do you need to change your target library? Try changing the 'lib' compiler option to include 'dom'.
coming-soon/public/dashboard/js-es2018/utils-lib/dom.js(325,16): error TS2584: Cannot find name 'document'. Do you need to change your target library? Try changing the 'lib' compiler option to include 'dom'.
coming-soon/public/dashboard/js-es2018/utils-lib/dom.js(334,12): error TS2304: Cannot find name 'HTMLElement'.
coming-soon/public/dashboard/js-es2018/utils-lib/dom.js(341,70): error TS2339: Property 'innerHeight' does not exist on type 'typeof window'.
coming-soon/public/dashboard/js-es2018/utils-lib/dom.js(341,85): error TS2584: Cannot find name 'document'. Do you need to change your target library? Try changing the 'lib' compiler option to include 'dom'.
coming-soon/public/dashboard/js-es2018/utils-lib/dom.js(341,149): error TS2339: Property 'innerWidth' does not exist on type 'typeof window'.
coming-soon/public/dashboard/js-es2018/utils-lib/dom.js(341,163): error TS2584: Cannot find name 'document'. Do you need to change your target library? Try changing the 'lib' compiler option to include 'dom'.
coming-soon/public/dashboard/js-es2018/utils-lib/dom.js(345,12): error TS2304: Cannot find name 'HTMLElement'.
coming-soon/public/dashboard/js-es2018/utils-lib/dom.js(346,20): error TS2304: Cannot find name 'IntersectionObserverEntry'.
coming-soon/public/dashboard/js-es2018/utils-lib/dom.js(347,12): error TS2304: Cannot find name 'IntersectionObserverInit'.
coming-soon/public/dashboard/js-es2018/utils-lib/dom.js(348,14): error TS2304: Cannot find name 'IntersectionObserver'.
coming-soon/public/dashboard/js-es2018/utils-lib/dom.js(351,50): error TS2339: Property 'IntersectionObserver' does not exist on type 'typeof window'.
coming-soon/public/dashboard/js-es2018/utils-lib/dom.js(353,26): error TS2304: Cannot find name 'IntersectionObserver'.
coming-soon/public/dashboard/js-es2018/utils-lib/dom.js(364,22): error TS2304: Cannot find name 'HTMLImageElement'.
coming-soon/public/dashboard/js-es2018/utils-lib/dom.js(372,25): error TS2304: Cannot find name 'Image'.
coming-soon/public/dashboard/js-es2018/utils-lib/dom.js(382,55): error TS2339: Property 'clipboard' does not exist on type 'Navigator'.
coming-soon/public/dashboard/js-es2018/utils-lib/dom.js(382,78): error TS2339: Property 'clipboard' does not exist on type 'Navigator'.
coming-soon/public/dashboard/js-es2018/utils-lib/dom.js(384,36): error TS2339: Property 'clipboard' does not exist on type 'Navigator'.
coming-soon/public/dashboard/js-es2018/utils-lib/dom.js(390,16): error TS2584: Cannot find name 'document'. Do you need to change your target library? Try changing the 'lib' compiler option to include 'dom'.
coming-soon/public/dashboard/js-es2018/utils-lib/dom.js(390,45): error TS2584: Cannot find name 'document'. Do you need to change your target library? Try changing the 'lib' compiler option to include 'dom'.
coming-soon/public/dashboard/js-es2018/utils-lib/dom.js(393,16): error TS2584: Cannot find name 'document'. Do you need to change your target library? Try changing the 'lib' compiler option to include 'dom'.
coming-soon/public/dashboard/js-es2018/utils-lib/dom.js(396,5): error TS2584: Cannot find name 'document'. Do you need to change your target library? Try changing the 'lib' compiler option to include 'dom'.
coming-soon/public/dashboard/js-es2018/utils-lib/dom.js(400,20): error TS2584: Cannot find name 'document'. Do you need to change your target library? Try changing the 'lib' compiler option to include 'dom'.
coming-soon/public/dashboard/js-es2018/utils-lib/dom.js(408,56): error TS2304: Cannot find name 'HTMLElement'.
coming-soon/public/dashboard/js-es2018/utils-lib/dom.js(439,54): error TS2304: Cannot find name 'CSS'.
coming-soon/public/dashboard/js-es2018/utils-lib/download.js(18,20): error TS2584: Cannot find name 'document'. Do you need to change your target library? Try changing the 'lib' compiler option to include 'dom'.
coming-soon/public/dashboard/js-es2018/utils-lib/download.js(18,49): error TS2584: Cannot find name 'document'. Do you need to change your target library? Try changing the 'lib' compiler option to include 'dom'.
coming-soon/public/dashboard/js-es2018/utils-lib/download.js(22,19): error TS2584: Cannot find name 'document'. Do you need to change your target library? Try changing the 'lib' compiler option to include 'dom'.
coming-soon/public/dashboard/js-es2018/utils-lib/download.js(26,9): error TS2584: Cannot find name 'document'. Do you need to change your target library? Try changing the 'lib' compiler option to include 'dom'.
coming-soon/public/dashboard/js-es2018/utils-lib/download.js(35,56): error TS2339: Property 'acquireVsCodeApi' does not exist on type 'typeof window'.
coming-soon/public/dashboard/js-es2018/utils-lib/download.js(36,31): error TS2339: Property 'acquireVsCodeApi' does not exist on type 'typeof window'.
coming-soon/public/dashboard/js-es2018/utils-lib/download.js(37,28): error TS2304: Cannot find name 'FileReader'.
coming-soon/public/dashboard/js-es2018/utils-lib/event.js(87,20): error TS2339: Property 'addEventListener' does not exist on type 'typeof window'.
coming-soon/public/dashboard/js-es2018/utils-lib/event.js(91,20): error TS2339: Property 'removeEventListener' does not exist on type 'typeof window'.
coming-soon/public/dashboard/js-es2018/utils-lib/number.js(206,24): error TS2345: Argument of type 'unknown' is not assignable to parameter of type 'string'.
coming-soon/public/dashboard/js-es2018/utils-lib/number.js(216,26): error TS2345: Argument of type 'unknown' is not assignable to parameter of type 'string'.
coming-soon/public/dashboard/js-es2018/utils-lib/object.js(45,25): error TS2351: This expression is not constructable.
  Type 'Function' has no construct signatures.
coming-soon/public/dashboard/js-es2018/utils-lib/object.js(165,9): error TS2322: Type '{}' is not assignable to type 'Pick<T, K>'.
coming-soon/public/dashboard/js-es2018/utils-lib/object.js(168,9): error TS2322: Type '{}' is not assignable to type 'Pick<T, K>'.
coming-soon/public/dashboard/js-es2018/utils-lib/object.js(170,32): error TS2345: Argument of type 'K' is not assignable to parameter of type 'PropertyKey'.
coming-soon/public/dashboard/js-es2018/utils-lib/object.js(171,13): error TS2536: Type 'K' cannot be used to index type '{}'.
coming-soon/public/dashboard/js-es2018/utils-lib/object.js(171,27): error TS2536: Type 'K' cannot be used to index type 'T & object'.
coming-soon/public/dashboard/js-es2018/utils-lib/object.js(173,5): error TS2322: Type '{}' is not assignable to type 'Pick<T, K>'.
coming-soon/public/dashboard/js-es2018/utils-lib/object.js(348,5): error TS2322: Type '{}' is not assignable to type '{ [x: string]: unknown; }'.
  Index signature for type 'string' is missing in type '{}'.
coming-soon/public/dashboard/js-es2018/utils-lib/object.js(385,13): error TS2322: Type 'T' is not assignable to type 'Record<string, T>'.
coming-soon/public/dashboard/js-es2018/utils-lib/object.js(391,5): error TS2322: Type 'Record<string, T>[]' is not assignable to type 'T[]'.
  Type 'Record<string, T>' is not assignable to type 'T'.
    'T' could be instantiated with an arbitrary type which could be unrelated to 'Record<string, T>'.
coming-soon/public/dashboard/js-es2018/utils-lib/object.js(407,9): error TS2322: Type 'unknown' is not assignable to type 'Record<string, unknown>'.
  Index signature for type 'string' is missing in type '{}'.
coming-soon/public/dashboard/js-es2018/utils-lib/object.js(437,30): error TS2345: Argument of type 'object' is not assignable to parameter of type 'Record<string, unknown>'.
  Index signature for type 'string' is missing in type '{}'.
coming-soon/public/dashboard/js-es2018/utils-lib/storage.js(10,50): error TS2339: Property 'localStorage' does not exist on type 'typeof window'.
coming-soon/public/dashboard/js-es2018/utils-lib/storage.js(13,28): error TS2339: Property 'localStorage' does not exist on type 'typeof window'.
coming-soon/public/dashboard/js-es2018/utils-lib/storage.js(29,50): error TS2339: Property 'localStorage' does not exist on type 'typeof window'.
coming-soon/public/dashboard/js-es2018/utils-lib/storage.js(32,16): error TS2339: Property 'localStorage' does not exist on type 'typeof window'.
coming-soon/public/dashboard/js-es2018/utils-lib/storage.js(45,50): error TS2339: Property 'localStorage' does not exist on type 'typeof window'.
coming-soon/public/dashboard/js-es2018/utils-lib/storage.js(48,16): error TS2339: Property 'localStorage' does not exist on type 'typeof window'.
coming-soon/public/dashboard/js-es2018/utils-lib/storage.js(62,50): error TS2339: Property 'localStorage' does not exist on type 'typeof window'.
coming-soon/public/dashboard/js-es2018/utils-lib/storage.js(65,28): error TS2339: Property 'localStorage' does not exist on type 'typeof window'.
coming-soon/public/dashboard/js-es2018/utils-lib/storage.js(81,50): error TS2339: Property 'localStorage' does not exist on type 'typeof window'.
coming-soon/public/dashboard/js-es2018/utils-lib/storage.js(84,16): error TS2339: Property 'localStorage' does not exist on type 'typeof window'.
coming-soon/public/dashboard/js-es2018/utils-lib/storage.js(99,50): error TS2339: Property 'sessionStorage' does not exist on type 'typeof window'.
coming-soon/public/dashboard/js-es2018/utils-lib/storage.js(102,28): error TS2339: Property 'sessionStorage' does not exist on type 'typeof window'.
coming-soon/public/dashboard/js-es2018/utils-lib/storage.js(118,50): error TS2339: Property 'sessionStorage' does not exist on type 'typeof window'.
coming-soon/public/dashboard/js-es2018/utils-lib/storage.js(121,16): error TS2339: Property 'sessionStorage' does not exist on type 'typeof window'.
coming-soon/public/dashboard/js-es2018/utils-lib/storage.js(134,50): error TS2339: Property 'sessionStorage' does not exist on type 'typeof window'.
coming-soon/public/dashboard/js-es2018/utils-lib/storage.js(137,16): error TS2339: Property 'sessionStorage' does not exist on type 'typeof window'.
coming-soon/public/dashboard/js-es2018/utils-lib/theme.js(71,16): error TS2584: Cannot find name 'document'. Do you need to change your target library? Try changing the 'lib' compiler option to include 'dom'.
coming-soon/public/dashboard/js-es2018/utils-lib/theme.js(71,45): error TS2584: Cannot find name 'document'. Do you need to change your target library? Try changing the 'lib' compiler option to include 'dom'.
coming-soon/public/dashboard/js-es2018/utils-lib/theme.js(73,17): error TS2304: Cannot find name 'getComputedStyle'.
coming-soon/public/dashboard/js-es2018/utils-lib/theme.js(73,34): error TS2584: Cannot find name 'document'. Do you need to change your target library? Try changing the 'lib' compiler option to include 'dom'.
coming-soon/public/dashboard/js-es2018/utils-lib/theme.js(83,16): error TS2584: Cannot find name 'document'. Do you need to change your target library? Try changing the 'lib' compiler option to include 'dom'.
coming-soon/public/dashboard/js-es2018/utils-lib/theme.js(83,45): error TS2584: Cannot find name 'document'. Do you need to change your target library? Try changing the 'lib' compiler option to include 'dom'.
coming-soon/public/dashboard/js-es2018/utils-lib/theme.js(85,5): error TS2584: Cannot find name 'document'. Do you need to change your target library? Try changing the 'lib' compiler option to include 'dom'.
coming-soon/public/dashboard/js-es2018/utils-lib/theme.js(92,50): error TS2339: Property 'matchMedia' does not exist on type 'typeof window'.
coming-soon/public/dashboard/js-es2018/utils-lib/theme.js(94,19): error TS2339: Property 'matchMedia' does not exist on type 'typeof window'.
coming-soon/public/dashboard/js-es2018/utils-lib/theme.js(101,50): error TS2339: Property 'matchMedia' does not exist on type 'typeof window'.
coming-soon/public/dashboard/js-es2018/utils-lib/theme.js(103,19): error TS2339: Property 'matchMedia' does not exist on type 'typeof window'.
coming-soon/public/dashboard/js-es2018/utils-lib/type.js(157,57): error TS2339: Property 'onLine' does not exist on type 'Navigator'.
coming-soon/public/dashboard/js-es2018/utils-lib/type.js(164,59): error TS2339: Property 'acquireVsCodeApi' does not exist on type 'typeof window'.
coming-soon/public/dashboard/js-es2018/utils-lib/type.js(178,56): error TS2339: Property 'acquireVsCodeApi' does not exist on type 'typeof window'.
coming-soon/public/dashboard/js-es2018/utils-lib/type.js(180,27): error TS2339: Property 'acquireVsCodeApi' does not exist on type 'typeof window'.
coming-soon/public/dashboard/js-es2018/utils-lib/url.js(6,16): error TS2584: Cannot find name 'document'. Do you need to change your target library? Try changing the 'lib' compiler option to include 'dom'.
coming-soon/public/dashboard/js-es2018/utils-lib/url.js(7,22): error TS2584: Cannot find name 'document'. Do you need to change your target library? Try changing the 'lib' compiler option to include 'dom'.
coming-soon/public/dashboard/js-es2018/utils-lib/url.js(62,26): error TS2339: Property 'acceptNon2xx' does not exist on type 'RequestInit'.
coming-soon/public/dashboard/js-es2018/utils-lib/url.js(101,9): error TS2322: Type '{}' is not assignable to type 'Record<string, string | string[]>'.
  Index signature for type 'string' is missing in type '{}'.
coming-soon/public/dashboard/js-es2018/utils-lib/url.js(127,5): error TS2322: Type '{}' is not assignable to type 'Record<string, string | string[]>'.
  Index signature for type 'string' is missing in type '{}'.
coming-soon/public/dashboard/js-es2018/utils-lib/url.js(159,50): error TS2339: Property 'location' does not exist on type 'typeof window'.
coming-soon/public/dashboard/js-es2018/utils-lib/url.js(161,47): error TS2339: Property 'location' does not exist on type 'typeof window'.
coming-soon/public/dashboard/js-es2018/utils-lib/url.js(172,50): error TS2339: Property 'location' does not exist on type 'typeof window'.
coming-soon/public/dashboard/js-es2018/utils-lib/url.js(173,62): error TS2339: Property 'location' does not exist on type 'typeof window'.
coming-soon/public/dashboard/js-es2018/utils-lib/url.js(175,32): error TS2339: Property 'location' does not exist on type 'typeof window'.
coming-soon/public/dashboard/js-es2018/utils-lib/vscode.js(9,59): error TS2339: Property 'acquireVsCodeApi' does not exist on type 'typeof window'.
coming-soon/public/dashboard/js-es2018/utils-lib/vscode.js(23,56): error TS2339: Property 'acquireVsCodeApi' does not exist on type 'typeof window'.
coming-soon/public/dashboard/js-es2018/utils-lib/vscode.js(25,27): error TS2339: Property 'acquireVsCodeApi' does not exist on type 'typeof window'.
coming-soon/public/dashboard/js-es2018/utils-network.js(119,14): error TS2322: Type '{}' is not assignable to type 'Record<string, string>'.
  Index signature for type 'string' is missing in type '{}'.
coming-soon/public/dashboard/js-es2018/utils-network.js(127,5): error TS2322: Type '{}' is not assignable to type 'Record<string, string>'.
  Index signature for type 'string' is missing in type '{}'.
coming-soon/public/dashboard/js-es2018/utils-path.js(127,59): error TS2339: Property 'acquireVsCodeApi' does not exist on type 'typeof window'.
coming-soon/public/dashboard/js-es2018/utils-path.js(143,56): error TS2339: Property 'acquireVsCodeApi' does not exist on type 'typeof window'.
coming-soon/public/dashboard/js-es2018/utils-path.js(145,27): error TS2339: Property 'acquireVsCodeApi' does not exist on type 'typeof window'.
coming-soon/public/dashboard/js-es2018/utils.js(698,87): error TS2554: Expected 2 arguments, but got 1.
coming-soon/public/dashboard/js-es2018/utils.js(930,28): error TS2584: Cannot find name 'document'. Do you need to change your target library? Try changing the 'lib' compiler option to include 'dom'.
coming-soon/public/dashboard/js-es2018/utils.js(930,55): error TS2584: Cannot find name 'document'. Do you need to change your target library? Try changing the 'lib' compiler option to include 'dom'.
coming-soon/public/dashboard/js-es2018/utils.test.mjs(16,14): error TS2339: Property 'onceInline' does not exist on type 'typeof import("C:/Users/Trevor/CascadeProjects/coming-soon/public/dashboard/js-es2018/utils")'.
coming-soon/public/dashboard/js-es2018/utils.test.mjs(16,26): error TS2339: Property 'match' does not exist on type 'typeof import("C:/Users/Trevor/CascadeProjects/coming-soon/public/dashboard/js-es2018/utils")'.
coming-soon/public/dashboard/js-es2018/utils.test.mjs(16,33): error TS2339: Property 'replace' does not exist on type 'typeof import("C:/Users/Trevor/CascadeProjects/coming-soon/public/dashboard/js-es2018/utils")'.
coming-soon/public/dashboard/js-es2018/utils.test.mjs(16,42): error TS2339: Property 'trim' does not exist on type 'typeof import("C:/Users/Trevor/CascadeProjects/coming-soon/public/dashboard/js-es2018/utils")'.
coming-soon/public/dashboard/js-es2018/utils.test.mjs(16,48): error TS2339: Property 'toLower' does not exist on type 'typeof import("C:/Users/Trevor/CascadeProjects/coming-soon/public/dashboard/js-es2018/utils")'.
coming-soon/public/dashboard/js-es2018/utils.test.mjs(16,57): error TS2339: Property 'toUpper' does not exist on type 'typeof import("C:/Users/Trevor/CascadeProjects/coming-soon/public/dashboard/js-es2018/utils")'.
coming-soon/public/dashboard/js-es2018/utils.test.mjs(17,3): error TS2339: Property 'startsWith' does not exist on type 'typeof import("C:/Users/Trevor/CascadeProjects/coming-soon/public/dashboard/js-es2018/utils")'.
coming-soon/public/dashboard/js-es2018/utils.test.mjs(17,15): error TS2339: Property 'endsWith' does not exist on type 'typeof import("C:/Users/Trevor/CascadeProjects/coming-soon/public/dashboard/js-es2018/utils")'.
coming-soon/public/dashboard/js-es2018/utils.test.mjs(17,25): error TS2339: Property 'includes' does not exist on type 'typeof import("C:/Users/Trevor/CascadeProjects/coming-soon/public/dashboard/js-es2018/utils")'.
coming-soon/public/dashboard/js-es2018/utils.test.mjs(17,35): error TS2339: Property 'split' does not exist on type 'typeof import("C:/Users/Trevor/CascadeProjects/coming-soon/public/dashboard/js-es2018/utils")'.
coming-soon/public/dashboard/js-es2018/utils.test.mjs(17,42): error TS2339: Property 'join' does not exist on type 'typeof import("C:/Users/Trevor/CascadeProjects/coming-soon/public/dashboard/js-es2018/utils")'.
coming-soon/public/dashboard/js-es2018/utils.test.mjs(17,48): error TS2339: Property 'reverseInline' does not exist on type 'typeof import("C:/Users/Trevor/CascadeProjects/coming-soon/public/dashboard/js-es2018/utils")'.
coming-soon/public/dashboard/js-es2018/utils.test.mjs(17,63): error TS2339: Property 'sort' does not exist on type 'typeof import("C:/Users/Trevor/CascadeProjects/coming-soon/public/dashboard/js-es2018/utils")'.
coming-soon/public/dashboard/js-es2018/utils.test.mjs(18,3): error TS2339: Property 'sortByInline' does not exist on type 'typeof import("C:/Users/Trevor/CascadeProjects/coming-soon/public/dashboard/js-es2018/utils")'.
coming-soon/public/dashboard/js-es2018/utils.test.mjs(18,17): error TS2339: Property 'uniqBy' does not exist on type 'typeof import("C:/Users/Trevor/CascadeProjects/coming-soon/public/dashboard/js-es2018/utils")'.
coming-soon/public/dashboard/js-es2018/utils.test.mjs(18,25): error TS2339: Property 'flattenInline' does not exist on type 'typeof import("C:/Users/Trevor/CascadeProjects/coming-soon/public/dashboard/js-es2018/utils")'.
coming-soon/public/dashboard/js-es2018/utils.test.mjs(18,40): error TS2339: Property 'zip' does not exist on type 'typeof import("C:/Users/Trevor/CascadeProjects/coming-soon/public/dashboard/js-es2018/utils")'.
coming-soon/public/dashboard/js-es2018/utils.test.mjs(18,45): error TS2339: Property 'unzip' does not exist on type 'typeof import("C:/Users/Trevor/CascadeProjects/coming-soon/public/dashboard/js-es2018/utils")'.
coming-soon/public/dashboard/js-es2018/utils.test.mjs(19,3): error TS2339: Property 'isWeakMap' does not exist on type 'typeof import("C:/Users/Trevor/CascadeProjects/coming-soon/public/dashboard/js-es2018/utils")'.
coming-soon/public/dashboard/js-es2018/utils.test.mjs(19,14): error TS2339: Property 'isWeakSet' does not exist on type 'typeof import("C:/Users/Trevor/CascadeProjects/coming-soon/public/dashboard/js-es2018/utils")'.
coming-soon/public/dashboard/js-es2018/utils.test.mjs(19,25): error TS2339: Property 'isArrayBuffer' does not exist on type 'typeof import("C:/Users/Trevor/CascadeProjects/coming-soon/public/dashboard/js-es2018/utils")'.
coming-soon/public/dashboard/js-es2018/utils.test.mjs(19,40): error TS2339: Property 'isSharedArrayBuffer' does not exist on type 'typeof import("C:/Users/Trevor/CascadeProjects/coming-soon/public/dashboard/js-es2018/utils")'.
coming-soon/public/dashboard/js-es2018/utils.test.mjs(19,61): error TS2339: Property 'isDataView' does not exist on type 'typeof import("C:/Users/Trevor/CascadeProjects/coming-soon/public/dashboard/js-es2018/utils")'.
coming-soon/public/dashboard/js-es2018/utils.test.mjs(20,3): error TS2339: Property 'isTypedArray' does not exist on type 'typeof import("C:/Users/Trevor/CascadeProjects/coming-soon/public/dashboard/js-es2018/utils")'.
coming-soon/public/dashboard/js-es2018/utils.test.mjs(20,17): error TS2339: Property 'isGenerator' does not exist on type 'typeof import("C:/Users/Trevor/CascadeProjects/coming-soon/public/dashboard/js-es2018/utils")'.
coming-soon/public/dashboard/js-es2018/utils.test.mjs(20,30): error TS2339: Property 'isAsyncGenerator' does not exist on type 'typeof import("C:/Users/Trevor/CascadeProjects/coming-soon/public/dashboard/js-es2018/utils")'.
coming-soon/public/dashboard/js-es2018/utils.test.mjs(20,48): error TS2339: Property 'isIterable' does not exist on type 'typeof import("C:/Users/Trevor/CascadeProjects/coming-soon/public/dashboard/js-es2018/utils")'.
coming-soon/public/dashboard/js-es2018/utils.test.mjs(20,60): error TS2339: Property 'isAsyncIterable' does not exist on type 'typeof import("C:/Users/Trevor/CascadeProjects/coming-soon/public/dashboard/js-es2018/utils")'.
coming-soon/public/dashboard/js-es2018/utils.test.mjs(22,5): error TS1378: Top-level 'await' expressions are only allowed when the 'module' option is set to 'es2022', 'esnext', 'system', 'node16', 'node18', 'node20', 'nodenext', or 'preserve', and the 'target' option is set to 'es2017' or higher.
coming-soon/public/dashboard/js-es2018/utils/ai-problem-analyzer-export.browser.js(195,59): error TS2339: Property 'includes' does not exist on type 'never'.
coming-soon/public/dashboard/js-es2018/utils/ai-problem-analyzer-export.browser.js(222,33): error TS2740: Type '{}' is missing the following properties from type 'any[]': length, pop, push, concat, and 29 more.
coming-soon/public/dashboard/js-es2018/utils/ai-problem-analyzer-export.browser.js(223,17): error TS2339: Property 'critical' does not exist on type 'any[]'.
coming-soon/public/dashboard/js-es2018/utils/ai-problem-analyzer-export.browser.js(225,17): error TS2339: Property 'high' does not exist on type 'any[]'.
coming-soon/public/dashboard/js-es2018/utils/ai-problem-analyzer-export.browser.js(227,17): error TS2339: Property 'medium' does not exist on type 'any[]'.
coming-soon/public/dashboard/js-es2018/utils/ai-problem-analyzer-export.browser.js(229,17): error TS2339: Property 'low' does not exist on type 'any[]'.
coming-soon/public/dashboard/js-es2018/utils/ai-problem-analyzer-export.browser.js(490,103): error TS2339: Property 'analyzerResults' does not exist on type 'number'.
coming-soon/public/dashboard/js-es2018/utils/analyze-mode-file-results.browser.js(64,61): error TS2339: Property 'filePath' does not exist on type 'boolean'.
coming-soon/public/dashboard/js-es2018/utils/analyze-mode-file-results.browser.js(65,61): error TS2339: Property 'file' does not exist on type 'boolean'.
coming-soon/public/dashboard/js-es2018/utils/analyze-mode-file-results.browser.js(66,66): error TS2339: Property 'filePaths' does not exist on type 'boolean'.
coming-soon/public/dashboard/js-es2018/utils/analyze-mode-file-results.browser.js(67,66): error TS2339: Property 'affectedFiles' does not exist on type 'boolean'.
coming-soon/public/dashboard/js-es2018/utils/analyze-mode-file-results.browser.js(141,27): error TS2339: Property 'rawIssues' does not exist on type 'number'.
coming-soon/public/dashboard/js-es2018/utils/analyze-mode-file-results.browser.js(141,47): error TS2339: Property 'detectedIssues' does not exist on type 'number'.
coming-soon/public/dashboard/js-es2018/utils/analyze-mode-file-results.browser.js(143,32): error TS2339: Property 'euAiActSummary' does not exist on type 'number'.
coming-soon/public/dashboard/js-es2018/utils/analyze-mode-file-results.browser.js(177,27): error TS2339: Property 'rawIssues' does not exist on type 'number'.
coming-soon/public/dashboard/js-es2018/utils/analyze-mode-file-results.browser.js(177,47): error TS2339: Property 'detectedIssues' does not exist on type 'number'.
coming-soon/public/dashboard/js-es2018/utils/analyze-mode-file-results.browser.js(188,38): error TS2339: Property 'euAiActSummary' does not exist on type 'number'.
coming-soon/public/dashboard/js-es2018/utils/analyze-mode-file-results.browser.js(198,33): error TS2339: Property 'ruleScopedFilesAnalyzed' does not exist on type 'number'.
coming-soon/public/dashboard/js-es2018/utils/analyze-mode-file-results.browser.js(198,104): error TS2339: Property 'scanScope' does not exist on type 'number'.
coming-soon/public/dashboard/js-es2018/utils/analyze-mode-file-results.browser.js(207,43): error TS2339: Property 'repositoryFilesTotal' does not exist on type 'number'.
coming-soon/public/dashboard/js-es2018/utils/analyze-mode-file-results.browser.js(207,111): error TS2339: Property 'scanScope' does not exist on type 'number'.
coming-soon/public/dashboard/js-es2018/utils/analyze-mode-file-results.browser.js(362,77): error TS2339: Property 'kind' does not exist on type 'string'.
coming-soon/public/dashboard/js-es2018/utils/analyze-mode-file-results.browser.js(363,39): error TS2339: Property 'steps' does not exist on type 'string'.
coming-soon/public/dashboard/js-es2018/utils/analyze-mode-file-results.browser.js(378,85): error TS2339: Property 'kind' does not exist on type 'string'.
coming-soon/public/dashboard/js-es2018/utils/analyze-mode-file-results.browser.js(379,59): error TS2339: Property 'report' does not exist on type 'string'.
coming-soon/public/dashboard/js-es2018/utils/analyze-mode-file-results.browser.js(380,85): error TS2339: Property 'kind' does not exist on type 'string'.
coming-soon/public/dashboard/js-es2018/utils/analyze-mode-file-results.browser.js(382,73): error TS2339: Property 'type' does not exist on type 'number'.
coming-soon/public/dashboard/js-es2018/utils/analyze-mode-file-results.browser.js(386,85): error TS2339: Property 'kind' does not exist on type 'string'.
coming-soon/public/dashboard/js-es2018/utils/analyze-mode-file-results.browser.js(387,65): error TS2339: Property 'sprint' does not exist on type 'string'.
coming-soon/public/dashboard/js-es2018/utils/analyze-mode-file-results.browser.js(388,85): error TS2339: Property 'kind' does not exist on type 'string'.
coming-soon/public/dashboard/js-es2018/utils/analyze-mode-file-results.browser.js(392,85): error TS2339: Property 'kind' does not exist on type 'string'.
coming-soon/public/dashboard/js-es2018/utils/analyze-mode-file-results.browser.js(396,84): error TS2339: Property 'report' does not exist on type 'string'.
coming-soon/public/dashboard/js-es2018/utils/analyze-mode-file-results.browser.js(397,62): error TS2339: Property 'report' does not exist on type 'string'.
coming-soon/public/dashboard/js-es2018/utils/analyze-mode-file-results.browser.js(397,89): error TS2339: Property 'fictionIssues' does not exist on type 'string'.
coming-soon/public/dashboard/js-es2018/utils/analyze-mode-file-results.browser.js(400,85): error TS2339: Property 'kind' does not exist on type 'string'.
coming-soon/public/dashboard/js-es2018/utils/analyze-mode-file-results.browser.js(401,66): error TS2339: Property 'scan' does not exist on type 'string'.
coming-soon/public/dashboard/js-es2018/utils/analyze-mode-file-results.browser.js(402,85): error TS2339: Property 'kind' does not exist on type 'string'.
coming-soon/public/dashboard/js-es2018/utils/analyze-mode-file-results.browser.js(406,85): error TS2339: Property 'kind' does not exist on type 'string'.
coming-soon/public/dashboard/js-es2018/utils/analyze-mode-file-results.browser.js(407,61): error TS2339: Property 'scan' does not exist on type 'string'.
coming-soon/public/dashboard/js-es2018/utils/analyze-mode-file-results.browser.js(408,85): error TS2339: Property 'kind' does not exist on type 'string'.
coming-soon/public/dashboard/js-es2018/utils/analyze-mode-file-results.browser.js(413,85): error TS2339: Property 'kind' does not exist on type 'string'.
coming-soon/public/dashboard/js-es2018/utils/analyze-mode-file-results.browser.js(414,60): error TS2339: Property 'scan' does not exist on type 'string'.
coming-soon/public/dashboard/js-es2018/utils/analyze-mode-file-results.browser.js(415,85): error TS2339: Property 'kind' does not exist on type 'string'.
coming-soon/public/dashboard/js-es2018/utils/analyze-mode-file-results.browser.js(419,85): error TS2339: Property 'kind' does not exist on type 'string'.
coming-soon/public/dashboard/js-es2018/utils/analyze-mode-file-results.browser.js(420,67): error TS2339: Property 'brief' does not exist on type 'string'.
coming-soon/public/dashboard/js-es2018/utils/analyze-mode-file-results.browser.js(421,85): error TS2339: Property 'kind' does not exist on type 'string'.
coming-soon/public/dashboard/js-es2018/utils/analyze-mode-file-results.browser.js(425,85): error TS2339: Property 'kind' does not exist on type 'string'.
coming-soon/public/dashboard/js-es2018/utils/analyze-mode-file-results.browser.js(426,68): error TS2339: Property 'checklist' does not exist on type 'string'.
coming-soon/public/dashboard/js-es2018/utils/analyze-mode-file-results.browser.js(427,85): error TS2339: Property 'kind' does not exist on type 'string'.
coming-soon/public/dashboard/js-es2018/utils/analyze-mode-file-results.browser.js(431,85): error TS2339: Property 'kind' does not exist on type 'string'.
coming-soon/public/dashboard/js-es2018/utils/analyze-mode-file-results.browser.js(432,60): error TS2339: Property 'npmAudit' does not exist on type 'string'.
coming-soon/public/dashboard/js-es2018/utils/analyze-mode-file-results.browser.js(433,85): error TS2339: Property 'kind' does not exist on type 'string'.
coming-soon/public/dashboard/js-es2018/utils/analyze-mode-file-results.browser.js(437,85): error TS2339: Property 'kind' does not exist on type 'string'.
coming-soon/public/dashboard/js-es2018/utils/analyze-mode-file-results.browser.js(438,60): error TS2339: Property 'data' does not exist on type 'string'.
coming-soon/public/dashboard/js-es2018/utils/analyze-mode-file-results.browser.js(439,85): error TS2339: Property 'kind' does not exist on type 'string'.
coming-soon/public/dashboard/js-es2018/utils/analyze-mode-file-results.browser.js(443,85): error TS2339: Property 'kind' does not exist on type 'string'.
coming-soon/public/dashboard/js-es2018/utils/analyze-mode-file-results.browser.js(444,62): error TS2339: Property 'steps' does not exist on type 'string'.
coming-soon/public/dashboard/js-es2018/utils/analyze-mode-file-results.browser.js(447,103): error TS2339: Property 'kind' does not exist on type 'string'.
coming-soon/public/dashboard/js-es2018/utils/analyze-mode-file-results.browser.js(581,9): error TS2367: This comparison appears to be unintentional because the types 'any[]' and 'string' have no overlap.
coming-soon/public/dashboard/js-es2018/utils/analyze-mode-file-results.browser.js(583,9): error TS2367: This comparison appears to be unintentional because the types 'any[]' and 'string' have no overlap.
coming-soon/public/dashboard/js-es2018/utils/analyze-mode-file-results.browser.js(585,9): error TS2367: This comparison appears to be unintentional because the types 'any[]' and 'string' have no overlap.
coming-soon/public/dashboard/js-es2018/utils/analyze-mode-file-results.browser.js(587,9): error TS2367: This comparison appears to be unintentional because the types 'any[]' and 'string' have no overlap.
coming-soon/public/dashboard/js-es2018/utils/analyze-mode-file-results.browser.js(610,55): error TS2322: Type '{}' is not assignable to type 'string'.
coming-soon/public/dashboard/js-es2018/utils/analyze-mode-file-results.browser.js(611,55): error TS2339: Property 'lastResult' does not exist on type 'string'.
coming-soon/public/dashboard/js-es2018/utils/analyze-mode-file-results.browser.js(611,75): error TS2339: Property 'report' does not exist on type 'string'.
coming-soon/public/dashboard/js-es2018/utils/analyze-mode-file-scope.browser.js(76,30): error TS2322: Type '{}' is not assignable to type 'string'.
coming-soon/public/dashboard/js-es2018/utils/analyze-mode-file-scope.browser.js(78,13): error TS2339: Property 'config' does not exist on type 'String'.
coming-soon/public/dashboard/js-es2018/utils/analyze-mode-file-scope.browser.js(78,21): error TS2339: Property 'report' does not exist on type 'String'.
coming-soon/public/dashboard/js-es2018/utils/analyze-mode-file-scope.browser.js(78,29): error TS2339: Property 'projectPath' does not exist on type 'String'.
coming-soon/public/dashboard/js-es2018/utils/analyze-mode-file-scope.browser.js(78,42): error TS2339: Property 'lastResult' does not exist on type 'String'.
coming-soon/public/dashboard/js-es2018/utils/analyze-mode-file-scope.browser.js(82,21): error TS1003: Identifier expected.
coming-soon/public/dashboard/js-es2018/utils/analyze-mode-file-scope.browser.js(368,53): error TS2322: Type '{}' is not assignable to type 'string'.
coming-soon/public/dashboard/js-es2018/utils/assessment-export.browser.js(115,49): error TS2339: Property 'ruleScopedFilesAnalyzed' does not exist on type 'number'.
coming-soon/public/dashboard/js-es2018/utils/assessment-export.browser.js(115,126): error TS2339: Property 'scanScope' does not exist on type 'number'.
coming-soon/public/dashboard/js-es2018/utils/assessment-export.browser.js(122,55): error TS2339: Property 'gate' does not exist on type 'number'.
coming-soon/public/dashboard/js-es2018/utils/benchmark-gate-issue-filter.browser.js(43,34): error TS2339: Property 'pattern' does not exist on type 'true'.
coming-soon/public/dashboard/js-es2018/utils/benchmark-gate-issue-filter.browser.js(43,58): error TS2339: Property 'metadata' does not exist on type 'true'.
coming-soon/public/dashboard/js-es2018/utils/benchmark-gate-issue-filter.browser.js(44,35): error TS2339: Property 'category' does not exist on type 'true'.
coming-soon/public/dashboard/js-es2018/utils/benchmark-gate-issue-filter.browser.js(44,60): error TS2339: Property 'metadata' does not exist on type 'true'.
coming-soon/public/dashboard/js-es2018/utils/benchmark-gate-issue-filter.browser.js(45,31): error TS2339: Property 'type' does not exist on type 'true'.
coming-soon/public/dashboard/js-es2018/utils/benchmark-gate-issue-filter.browser.js(61,40): error TS2339: Property 'metadata' does not exist on type 'true'.
coming-soon/public/dashboard/js-es2018/utils/benchmark-gate-issue-filter.browser.js(61,107): error TS2339: Property 'intent' does not exist on type 'true'.
coming-soon/public/dashboard/js-es2018/utils/benchmark-gate-issue-filter.browser.js(64,47): error TS2339: Property 'type' does not exist on type 'true'.
coming-soon/public/dashboard/js-es2018/utils/benchmark-gate-issue-filter.browser.js(66,28): error TS2339: Property 'filePath' does not exist on type 'true'.
coming-soon/public/dashboard/js-es2018/utils/benchmark-gate-issue-filter.browser.js(66,46): error TS2339: Property 'file' does not exist on type 'true'.
coming-soon/public/dashboard/js-es2018/utils/benchmark-gate-issue-filter.browser.js(66,67): error TS2339: Property 'filePaths' does not exist on type 'true'.
coming-soon/public/dashboard/js-es2018/utils/benchmark-gate-issue-filter.browser.js(123,27): error TS2339: Property 'type' does not exist on type 'number'.
coming-soon/public/dashboard/js-es2018/utils/benchmark-gate-issue-filter.browser.js(125,59): error TS2339: Property 'projectRoot' does not exist on type 'number'.
coming-soon/public/dashboard/js-es2018/utils/benchmark-gate-issue-filter.browser.js(129,40): error TS2339: Property 'rawIssues' does not exist on type 'number'.
coming-soon/public/dashboard/js-es2018/utils/benchmark-gate-issue-filter.browser.js(129,108): error TS2339: Property 'rawIssues' does not exist on type 'number'.
coming-soon/public/dashboard/js-es2018/utils/benchmark-gate-issue-filter.browser.js(129,128): error TS2339: Property 'detectedIssues' does not exist on type 'number'.
coming-soon/public/dashboard/js-es2018/utils/benchmark-gate-issue-filter.browser.js(144,31): error TS2339: Property 'gate' does not exist on type 'number'.
coming-soon/public/dashboard/js-es2018/utils/benchmark-gate-issue-filter.browser.js(144,53): error TS2339: Property 'scanScope' does not exist on type 'number'.
coming-soon/public/dashboard/js-es2018/utils/benchmark-gate-issue-filter.browser.js(150,9): error TS2698: Spread types may only be created from object types.
coming-soon/public/dashboard/js-es2018/utils/benchmark-gate-issue-filter.browser.js(151,43): error TS2339: Property 'projectRoot' does not exist on type 'number'.
coming-soon/public/dashboard/js-es2018/utils/benchmark-gate-issue-filter.browser.js(162,24): error TS2339: Property 'scanScope' does not exist on type 'number'.
coming-soon/public/dashboard/js-es2018/utils/cleanup-brief-export.browser.js(93,150): error TS2362: The left-hand side of an arithmetic operation must be of type 'any', 'number', 'bigint' or an enum type.
coming-soon/public/dashboard/js-es2018/utils/cleanup-brief-export.browser.js(259,42): error TS2740: Type '{}' is missing the following properties from type 'any[]': length, pop, push, concat, and 29 more.
coming-soon/public/dashboard/js-es2018/utils/cleanup-brief-export.browser.js(259,61): error TS2740: Type '{}' is missing the following properties from type 'any[]': length, pop, push, concat, and 29 more.
coming-soon/public/dashboard/js-es2018/utils/cleanup-brief-export.browser.js(261,34): error TS2339: Property 'artifactProfile' does not exist on type 'any[]'.
coming-soon/public/dashboard/js-es2018/utils/cleanup-brief-export.browser.js(262,29): error TS2339: Property 'fileReduction' does not exist on type 'any[]'.
coming-soon/public/dashboard/js-es2018/utils/cleanup-brief-export.browser.js(263,49): error TS2339: Property 'investigate' does not exist on type 'any[]'.
coming-soon/public/dashboard/js-es2018/utils/cleanup-brief-export.browser.js(265,106): error TS2339: Property 'safeNow' does not exist on type 'any[]'.
coming-soon/public/dashboard/js-es2018/utils/cleanup-brief-export.browser.js(266,79): error TS2339: Property 'reviewFirst' does not exist on type 'any[]'.
coming-soon/public/dashboard/js-es2018/utils/cleanupAssistant.js(5,43): error TS2307: Cannot find module './completeScanAnalysis.js?v=20260527cleanup1' or its corresponding type declarations.
coming-soon/public/dashboard/js-es2018/utils/cleanupAssistant.js(219,20): error TS8024: JSDoc '@param' tag has name 'fileReduction', but there is no parameter with that name.
coming-soon/public/dashboard/js-es2018/utils/cleanupAssistant.js(220,17): error TS8024: JSDoc '@param' tag has name 'dataQuality', but there is no parameter with that name.
coming-soon/public/dashboard/js-es2018/utils/cleanupAssistant.js(266,46): error TS2339: Property 'projectPath' does not exist on type '{ policy?: any; }'.
coming-soon/public/dashboard/js-es2018/utils/cleanupAssistant.js(266,59): error TS2339: Property 'fileReduction' does not exist on type '{ policy?: any; }'.
coming-soon/public/dashboard/js-es2018/utils/cleanupAssistant.js(266,74): error TS2339: Property 'dataQuality' does not exist on type '{ policy?: any; }'.
coming-soon/public/dashboard/js-es2018/utils/cleanupAssistant.js(266,87): error TS2339: Property 'repositoryInventory' does not exist on type '{ policy?: any; }'.
coming-soon/public/dashboard/js-es2018/utils/cleanupAssistant.js(342,54): error TS2345: Argument of type '{ projectPath: any; policy: any; inventory: { totalFiles: any; totalFolders: any; }; projectedInventory: { totalFiles: number; totalFolders: any; }; estimatedReduction: { files: number; bytes: number; percentOfInventory: number; }; tiers: { ...; }; analysis: any; }' is not assignable to parameter of type 'string'.
coming-soon/public/dashboard/js-es2018/utils/cleanupAssistant.js(389,20): error TS2339: Property 'kind' does not exist on type 'string'.
coming-soon/public/dashboard/js-es2018/utils/cleanupAssistant.js(389,68): error TS2339: Property 'steps' does not exist on type 'string'.
coming-soon/public/dashboard/js-es2018/utils/cleanupAssistant.js(390,40): error TS2339: Property 'steps' does not exist on type 'string'.
coming-soon/public/dashboard/js-es2018/utils/cleanupAssistant.js(391,46): error TS2339: Property 'steps' does not exist on type 'string'.
coming-soon/public/dashboard/js-es2018/utils/cleanupAssistant.js(392,44): error TS2339: Property 'steps' does not exist on type 'string'.
coming-soon/public/dashboard/js-es2018/utils/cleanupAssistant.js(394,37): error TS2339: Property 'projectPath' does not exist on type 'string'.
coming-soon/public/dashboard/js-es2018/utils/cleanupAssistant.js(397,140): error TS2339: Property 'repositoryInventory' does not exist on type 'string'.
coming-soon/public/dashboard/js-es2018/utils/cleanupAssistant.js(398,114): error TS2339: Property 'policy' does not exist on type 'string'.
coming-soon/public/dashboard/js-es2018/utils/cleanupAssistant.js(402,33): error TS2339: Property 'projectPath' does not exist on type 'string'.
coming-soon/public/dashboard/js-es2018/utils/cleanupAssistant.js(403,35): error TS2339: Property 'fileReduction' does not exist on type 'string'.
coming-soon/public/dashboard/js-es2018/utils/cleanupAssistant.js(404,33): error TS2339: Property 'dataQuality' does not exist on type 'string'.
coming-soon/public/dashboard/js-es2018/utils/cleanupAssistant.js(405,41): error TS2339: Property 'repositoryInventory' does not exist on type 'string'.
coming-soon/public/dashboard/js-es2018/utils/cleanupAssistant.js(406,28): error TS2339: Property 'policy' does not exist on type 'string'.
coming-soon/public/dashboard/js-es2018/utils/cleanupAssistant.js(420,9): error TS2353: Object literal may only specify known properties, and 'projectPath' does not exist in type '{ policy?: any; }'.
coming-soon/public/dashboard/js-es2018/utils/cleanupAssistant.js(435,61): error TS2339: Property 'policy' does not exist on type 'string'.
coming-soon/public/dashboard/js-es2018/utils/cleanupAssistant.js(437,17): error TS2339: Property 'policy' does not exist on type 'string'.
coming-soon/public/dashboard/js-es2018/utils/cleanupAssistant.js(440,17): error TS2339: Property 'policy' does not exist on type 'string'.
coming-soon/public/dashboard/js-es2018/utils/cleanupAssistant.js(443,62): error TS2339: Property 'estimatedReduction' does not exist on type 'string'.
coming-soon/public/dashboard/js-es2018/utils/cleanupAssistant.js(443,118): error TS2339: Property 'estimatedReduction' does not exist on type 'string'.
coming-soon/public/dashboard/js-es2018/utils/cleanupAssistant.js(450,17): error TS8024: JSDoc '@param' tag has name 'estimatedReduction', but there is no parameter with that name.
coming-soon/public/dashboard/js-es2018/utils/cleanupAssistant.js(451,17): error TS8024: JSDoc '@param' tag has name 'inventory', but there is no parameter with that name.
coming-soon/public/dashboard/js-es2018/utils/cleanupAssistant.js(452,17): error TS8024: JSDoc '@param' tag has name 'projectedInventory', but there is no parameter with that name.
coming-soon/public/dashboard/js-es2018/utils/cleanupAssistant.js(453,17): error TS8024: JSDoc '@param' tag has name 'policy', but there is no parameter with that name.
coming-soon/public/dashboard/js-es2018/utils/codebase-export.browser.js(119,19): error TS2339: Property 'projectRoot' does not exist on type 'number'.
coming-soon/public/dashboard/js-es2018/utils/codebase-export.browser.js(120,19): error TS2339: Property 'platformRoot' does not exist on type 'number'.
coming-soon/public/dashboard/js-es2018/utils/codebase-export.browser.js(135,101): error TS2339: Property 'projectRoot' does not exist on type 'number'.
coming-soon/public/dashboard/js-es2018/utils/codebase-export.browser.js(135,173): error TS2339: Property 'projectPath' does not exist on type 'number'.
coming-soon/public/dashboard/js-es2018/utils/codebase-export.browser.js(138,68): error TS2339: Property 'scanTargetRoot' does not exist on type 'number'.
coming-soon/public/dashboard/js-es2018/utils/codebase-export.browser.js(139,68): error TS2339: Property 'requestedScanRoot' does not exist on type 'number'.
coming-soon/public/dashboard/js-es2018/utils/codebase-export.browser.js(193,30): error TS2339: Property 'findings' does not exist on type 'number'.
coming-soon/public/dashboard/js-es2018/utils/codebase-export.browser.js(194,37): error TS2339: Property 'findings' does not exist on type 'number'.
coming-soon/public/dashboard/js-es2018/utils/codebase-export.browser.js(202,9): error TS2698: Spread types may only be created from object types.
coming-soon/public/dashboard/js-es2018/utils/codebase-export.browser.js(205,23): error TS2339: Property 'categories' does not exist on type 'number'.
coming-soon/public/dashboard/js-es2018/utils/codebase-export.browser.js(208,23): error TS2339: Property 'summary' does not exist on type 'number'.
coming-soon/public/dashboard/js-es2018/utils/codebase-export.browser.js(211,57): error TS2339: Property 'summary' does not exist on type 'number'.
coming-soon/public/dashboard/js-es2018/utils/codebase-export.browser.js(212,60): error TS2339: Property 'summary' does not exist on type 'number'.
coming-soon/public/dashboard/js-es2018/utils/codebase-export.browser.js(221,24): error TS2339: Property 'exportNotes' does not exist on type 'number'.
coming-soon/public/dashboard/js-es2018/utils/codebase-export.browser.js(286,46): error TS2339: Property 'projectRoot' does not exist on type 'number'.
coming-soon/public/dashboard/js-es2018/utils/codebase-export.browser.js(286,68): error TS2339: Property 'scanTargetRoot' does not exist on type 'number'.
coming-soon/public/dashboard/js-es2018/utils/codebase-export.browser.js(286,93): error TS2339: Property 'requestedScanRoot' does not exist on type 'number'.
coming-soon/public/dashboard/js-es2018/utils/codebase-export.browser.js(295,9): error TS2698: Spread types may only be created from object types.
coming-soon/public/dashboard/js-es2018/utils/codebase-export.browser.js(296,57): error TS2339: Property 'projectRoot' does not exist on type 'number'.
coming-soon/public/dashboard/js-es2018/utils/codebase-export.browser.js(297,20): error TS2339: Property 'scanTargetRoot' does not exist on type 'number'.
coming-soon/public/dashboard/js-es2018/utils/codebase-export.browser.js(298,68): error TS2339: Property 'scanTargetRoot' does not exist on type 'number'.
coming-soon/public/dashboard/js-es2018/utils/codebase-export.browser.js(300,20): error TS2339: Property 'requestedScanRoot' does not exist on type 'number'.
coming-soon/public/dashboard/js-es2018/utils/codebase-export.browser.js(301,71): error TS2339: Property 'requestedScanRoot' does not exist on type 'number'.
coming-soon/public/dashboard/js-es2018/utils/codebase-export.browser.js(303,20): error TS2339: Property 'platformRoot' does not exist on type 'number'.
coming-soon/public/dashboard/js-es2018/utils/codebase-export.browser.js(304,66): error TS2339: Property 'platformRoot' does not exist on type 'number'.
coming-soon/public/dashboard/js-es2018/utils/codebase-export.browser.js(306,20): error TS2339: Property 'codeAnalysisRoot' does not exist on type 'number'.
coming-soon/public/dashboard/js-es2018/utils/codebase-export.browser.js(307,70): error TS2339: Property 'codeAnalysisRoot' does not exist on type 'number'.
coming-soon/public/dashboard/js-es2018/utils/codebase-export.browser.js(309,20): error TS2339: Property 'productPlatformRoot' does not exist on type 'number'.
coming-soon/public/dashboard/js-es2018/utils/codebase-export.browser.js(310,73): error TS2339: Property 'productPlatformRoot' does not exist on type 'number'.
coming-soon/public/dashboard/js-es2018/utils/codebase-export.browser.js(312,20): error TS2339: Property 'repositoryInventory' does not exist on type 'number'.
coming-soon/public/dashboard/js-es2018/utils/codebase-export.browser.js(315,31): error TS2339: Property 'repositoryInventory' does not exist on type 'number'.
coming-soon/public/dashboard/js-es2018/utils/codebase-export.browser.js(316,69): error TS2339: Property 'repositoryInventory' does not exist on type 'number'.
coming-soon/public/dashboard/js-es2018/utils/codebase-export.browser.js(342,22): error TS2339: Property 'benchmarkScan' does not exist on type 'string'.
coming-soon/public/dashboard/js-es2018/utils/codebase-export.browser.js(355,17): error TS2339: Property 'benchmarkScan' does not exist on type 'string'.
coming-soon/public/dashboard/js-es2018/utils/codebase-export.browser.js(357,21): error TS2339: Property 'eslintSource' does not exist on type 'string'.
coming-soon/public/dashboard/js-es2018/utils/codebase-export.browser.js(361,18): error TS2339: Property 'benchmarkScan' does not exist on type 'string'.
coming-soon/public/dashboard/js-es2018/utils/codebase-export.browser.js(361,43): error TS2339: Property 'eslintSkipped' does not exist on type 'string'.
coming-soon/public/dashboard/js-es2018/utils/codebase-export.browser.js(362,47): error TS2339: Property 'eslintSkipped' does not exist on type 'string'.
coming-soon/public/dashboard/js-es2018/utils/codebase-export.browser.js(411,396): error TS2339: Property 'hygieneSummary' does not exist on type 'number'.
coming-soon/public/dashboard/js-es2018/utils/codebase-export.browser.js(412,322): error TS2339: Property 'hygieneSummary' does not exist on type 'number'.
coming-soon/public/dashboard/js-es2018/utils/codebase-export.browser.js(413,499): error TS2339: Property 'hygieneSummary' does not exist on type 'number'.
coming-soon/public/dashboard/js-es2018/utils/codebase-export.browser.js(414,166): error TS2339: Property 'scanScope' does not exist on type 'number'.
coming-soon/public/dashboard/js-es2018/utils/codebase-export.browser.js(414,286): error TS2339: Property 'hygieneSummary' does not exist on type 'number'.
coming-soon/public/dashboard/js-es2018/utils/codebase-export.browser.js(421,260): error TS2339: Property 'hygieneSummary' does not exist on type 'number'.
coming-soon/public/dashboard/js-es2018/utils/codebase-export.browser.js(422,344): error TS2339: Property 'hygieneSummary' does not exist on type 'number'.
coming-soon/public/dashboard/js-es2018/utils/codebase-export.browser.js(431,50): error TS2322: Type '{}' is not assignable to type 'string'.
coming-soon/public/dashboard/js-es2018/utils/codebase-export.browser.js(437,40): error TS2339: Property 'summary' does not exist on type 'number'.
coming-soon/public/dashboard/js-es2018/utils/codebase-export.browser.js(437,120): error TS2339: Property 'eslintSummary' does not exist on type 'number'.
coming-soon/public/dashboard/js-es2018/utils/codebase-export.browser.js(438,50): error TS2339: Property 'summary' does not exist on type 'number'.
coming-soon/public/dashboard/js-es2018/utils/codebase-export.browser.js(439,55): error TS2339: Property 'summary' does not exist on type 'number'.
coming-soon/public/dashboard/js-es2018/utils/codebase-export.browser.js(442,74): error TS2339: Property 'summary' does not exist on type 'number'.
coming-soon/public/dashboard/js-es2018/utils/codebase-export.browser.js(442,202): error TS2339: Property 'summary' does not exist on type 'number'.
coming-soon/public/dashboard/js-es2018/utils/codebase-export.browser.js(444,36): error TS2339: Property 'summary' does not exist on type 'number'.
coming-soon/public/dashboard/js-es2018/utils/codebase-export.browser.js(445,43): error TS2339: Property 'repositoryInventory' does not exist on type 'number'.
coming-soon/public/dashboard/js-es2018/utils/codebase-export.browser.js(445,162): error TS2339: Property 'summary' does not exist on type 'number'.
coming-soon/public/dashboard/js-es2018/utils/codebase-export.browser.js(449,29): error TS2339: Property 'summary' does not exist on type 'number'.
coming-soon/public/dashboard/js-es2018/utils/codebase-export.browser.js(455,39): error TS2339: Property 'repositoryInventory' does not exist on type 'number'.
coming-soon/public/dashboard/js-es2018/utils/codebase-export.browser.js(469,67): error TS2339: Property 'hygieneSummary' does not exist on type 'number'.
coming-soon/public/dashboard/js-es2018/utils/codebase-export.browser.js(472,45): error TS2339: Property 'summary' does not exist on type 'number'.
coming-soon/public/dashboard/js-es2018/utils/codebase-export.browser.js(473,43): error TS2339: Property 'summary' does not exist on type 'number'.
coming-soon/public/dashboard/js-es2018/utils/codebase-export.browser.js(474,53): error TS2339: Property 'summary' does not exist on type 'number'.
coming-soon/public/dashboard/js-es2018/utils/codebase-export.browser.js(478,42): error TS2339: Property 'structureInsights' does not exist on type 'number'.
coming-soon/public/dashboard/js-es2018/utils/codebase-export.browser.js(483,16): error TS2339: Property 'aiSummaryProvider' does not exist on type 'number'.
coming-soon/public/dashboard/js-es2018/utils/codebase-export.browser.js(484,44): error TS2339: Property 'aiSummaryProvider' does not exist on type 'number'.
coming-soon/public/dashboard/js-es2018/utils/codebase-export.browser.js(496,28): error TS2339: Property 'summary' does not exist on type 'number'.
coming-soon/public/dashboard/js-es2018/utils/codebase-export.browser.js(499,49): error TS2339: Property 'repositoryInventory' does not exist on type 'number'.
coming-soon/public/dashboard/js-es2018/utils/codebase-export.browser.js(522,61): error TS2339: Property 'eslintSummary' does not exist on type 'number'.
coming-soon/public/dashboard/js-es2018/utils/codebase-export.browser.js(523,107): error TS2339: Property 'eslintSummary' does not exist on type 'number'.
coming-soon/public/dashboard/js-es2018/utils/codebase-export.browser.js(526,71): error TS2339: Property 'hygieneSummary' does not exist on type 'number'.
coming-soon/public/dashboard/js-es2018/utils/codebase-export.browser.js(541,25): error TS2339: Property 'scanScope' does not exist on type 'number'.
coming-soon/public/dashboard/js-es2018/utils/codebase-export.browser.js(558,105): error TS2339: Property 'samples' does not exist on type 'any[]'.
coming-soon/public/dashboard/js-es2018/utils/codebase-export.browser.js(560,43): error TS2339: Property 'samples' does not exist on type 'any[]'.
coming-soon/public/dashboard/js-es2018/utils/codebase-export.browser.js(561,44): error TS2339: Property 'summary' does not exist on type 'any[]'.
coming-soon/public/dashboard/js-es2018/utils/codebase-export.browser.js(569,46): error TS2339: Property 'summary' does not exist on type 'any[]'.
coming-soon/public/dashboard/js-es2018/utils/codebase-export.browser.js(570,55): error TS2339: Property 'summary' does not exist on type 'any[]'.
coming-soon/public/dashboard/js-es2018/utils/codebase-export.browser.js(570,169): error TS2339: Property 'samples' does not exist on type 'any[]'.
coming-soon/public/dashboard/js-es2018/utils/codebase-export.browser.js(578,35): error TS2339: Property 'summary' does not exist on type 'any[]'.
coming-soon/public/dashboard/js-es2018/utils/codebase-export.browser.js(591,27): error TS2339: Property 'type' does not exist on type 'number'.
coming-soon/public/dashboard/js-es2018/utils/codebase-export.browser.js(643,91): error TS2345: Argument of type '{ benchmarkScan: any; eslintSource: any; eslintSkipped: any; }' is not assignable to parameter of type 'string'.
coming-soon/public/dashboard/js-es2018/utils/codebase-export.browser.js(689,66): error TS2345: Argument of type '{ repositoryFilesTotal: any; gateRepositoryFilesTotal: any; gateReport: any; }' is not assignable to parameter of type 'string'.
coming-soon/public/dashboard/js-es2018/utils/complete-scan-artifact-profile.browser.js(65,46): error TS2740: Type '{}' is missing the following properties from type 'any[]': length, pop, push, concat, and 29 more.
coming-soon/public/dashboard/js-es2018/utils/complete-scan-artifact-profile.browser.js(66,25): error TS2339: Property 'fileReduction' does not exist on type 'any[]'.
coming-soon/public/dashboard/js-es2018/utils/complete-scan-artifact-profile.browser.js(72,33): error TS2339: Property 'priorityActions' does not exist on type 'any[]'.
coming-soon/public/dashboard/js-es2018/utils/completeScanAnalysis.js(6,44): error TS2307: Cannot find module './cleanup-brief-export.browser.js?v=20260601cleanupbrief9' or its corresponding type declarations.
coming-soon/public/dashboard/js-es2018/utils/completeScanAnalysis.js(7,49): error TS2307: Cannot find module './data-cleanup-export.browser.js?v=20260601datacleanup8' or its corresponding type declarations.
coming-soon/public/dashboard/js-es2018/utils/completeScanAnalysis.js(8,46): error TS2307: Cannot find module './codebase-export.browser.js?v=20260601codebase8' or its corresponding type declarations.
coming-soon/public/dashboard/js-es2018/utils/completeScanAnalysis.js(9,72): error TS2307: Cannot find module './roadmap-export.browser.js?v=20260601roadmap10' or its corresponding type declarations.
coming-soon/public/dashboard/js-es2018/utils/completeScanAnalysis.js(10,80): error TS2307: Cannot find module './consolidation-export.browser.js?v=20260601consolidation11' or its corresponding type declarations.
coming-soon/public/dashboard/js-es2018/utils/completeScanAnalysis.js(11,40): error TS2307: Cannot find module './npm-audit-export.browser.js?v=20260601npmaudit5' or its corresponding type declarations.
coming-soon/public/dashboard/js-es2018/utils/completeScanAnalysis.js(12,48): error TS2307: Cannot find module './compliance-export.browser.js?v=20260601complianceexport7' or its corresponding type declarations.
coming-soon/public/dashboard/js-es2018/utils/completeScanAnalysis.js(13,50): error TS2307: Cannot find module './simplebeacon-report-export.browser.js?v=20260601gateexport17' or its corresponding type declarations.
coming-soon/public/dashboard/js-es2018/utils/completeScanAnalysis.js(37,17): error TS8024: JSDoc '@param' tag has name 'dataQuality', but there is no parameter with that name.
coming-soon/public/dashboard/js-es2018/utils/completeScanAnalysis.js(38,20): error TS8024: JSDoc '@param' tag has name 'projectPath', but there is no parameter with that name.
coming-soon/public/dashboard/js-es2018/utils/completeScanAnalysis.js(96,61): error TS2345: Argument of type '{ projectPath: any; fileReduction: { safeToDeleteBytes: any; reviewBeforeDeleteBytes: any; immediateSavingsBytes: any; duplicateAssetBytes: any; unusedFileCandidates: any; topSafeDirectories: any; skippedArtifactDirectories: any; benchmarkDirsExcluded: any; reviewLogs: any; summaryTable: any; }; dataQuality: { ...; ...' is not assignable to parameter of type 'any[]'.
  Type '{ projectPath: any; fileReduction: { safeToDeleteBytes: any; reviewBeforeDeleteBytes: any; immediateSavingsBytes: any; duplicateAssetBytes: any; unusedFileCandidates: any; topSafeDirectories: any; skippedArtifactDirectories: any; benchmarkDirsExcluded: any; reviewLogs: any; summaryTable: any; }; dataQuality: { ...; ...' is missing the following properties from type 'any[]': length, pop, push, concat, and 29 more.
coming-soon/public/dashboard/js-es2018/utils/completeScanAnalysis.js(108,25): error TS2339: Property 'fileReduction' does not exist on type 'any[]'.
coming-soon/public/dashboard/js-es2018/utils/completeScanAnalysis.js(109,25): error TS2339: Property 'dataQuality' does not exist on type 'any[]'.
coming-soon/public/dashboard/js-es2018/utils/completeScanAnalysis.js(110,38): error TS2339: Property 'artifactProfile' does not exist on type 'any[]'.
coming-soon/public/dashboard/js-es2018/utils/completeScanAnalysis.js(111,30): error TS2339: Property 'priorityActions' does not exist on type 'any[]'.
coming-soon/public/dashboard/js-es2018/utils/completeScanAnalysis.js(159,21): error TS2339: Property 'notes' does not exist on type 'any[]'.
coming-soon/public/dashboard/js-es2018/utils/completeScanAnalysis.js(160,84): error TS2339: Property 'notes' does not exist on type 'any[]'.
coming-soon/public/dashboard/js-es2018/utils/completeScanAnalysis.js(305,81): error TS2322: Type '{}' is not assignable to type 'string'.
coming-soon/public/dashboard/js-es2018/utils/completeScanAnalysis.js(309,13): error TS2339: Property 'benchmarkScan' does not exist on type 'String'.
coming-soon/public/dashboard/js-es2018/utils/completeScanAnalysis.js(309,28): error TS2339: Property 'hollowGate' does not exist on type 'String'.
coming-soon/public/dashboard/js-es2018/utils/completeScanAnalysis.js(309,40): error TS2339: Property 'productPlatformRoot' does not exist on type 'String'.
coming-soon/public/dashboard/js-es2018/utils/completeScanAnalysis.js(325,103): error TS2339: Property 'ruleScopedFilesAnalyzed' does not exist on type 'number'.
coming-soon/public/dashboard/js-es2018/utils/completeScanAnalysis.js(325,234): error TS2339: Property 'scanScope' does not exist on type 'number'.
coming-soon/public/dashboard/js-es2018/utils/completeScanAnalysis.js(398,38): error TS2362: The left-hand side of an arithmetic operation must be of type 'any', 'number', 'bigint' or an enum type.
coming-soon/public/dashboard/js-es2018/utils/completeScanAnalysis.js(577,116): error TS2345: Argument of type '{ benchmarkScan: any; hollowGate: any; productPlatformRoot: any; }' is not assignable to parameter of type 'string'.
coming-soon/public/dashboard/js-es2018/utils/compliance-audit-export.browser.js(4,50): error TS2307: Cannot find module './simplebeacon-report-export.browser.js?v=20260601gateexport17' or its corresponding type declarations.
coming-soon/public/dashboard/js-es2018/utils/compliance-audit-export.browser.js(5,168): error TS2307: Cannot find module './quality-export.browser.js?v=20260531qualityexport8' or its corresponding type declarations.
coming-soon/public/dashboard/js-es2018/utils/compliance-audit-export.browser.js(74,32): error TS2339: Property 'jestSummary' does not exist on type 'number'.
coming-soon/public/dashboard/js-es2018/utils/compliance-audit-export.browser.js(75,16): error TS2339: Property 'jestBaselineChecked' does not exist on type 'number'.
coming-soon/public/dashboard/js-es2018/utils/compliance-audit-export.browser.js(273,29): error TS2740: Type '{}' is missing the following properties from type 'any[]': length, pop, push, concat, and 29 more.
coming-soon/public/dashboard/js-es2018/utils/compliance-audit-export.browser.js(412,40): error TS2339: Property 'rawIssues' does not exist on type 'number'.
coming-soon/public/dashboard/js-es2018/utils/compliance-audit-export.browser.js(412,108): error TS2339: Property 'rawIssues' does not exist on type 'number'.
coming-soon/public/dashboard/js-es2018/utils/compliance-audit-export.browser.js(412,128): error TS2339: Property 'detectedIssues' does not exist on type 'number'.
coming-soon/public/dashboard/js-es2018/utils/compliance-audit-export.browser.js(414,24): error TS2339: Property 'severityCounts' does not exist on type 'number'.
coming-soon/public/dashboard/js-es2018/utils/compliance-audit-export.browser.js(417,36): error TS2339: Property 'productionLeakFindings' does not exist on type 'number'.
coming-soon/public/dashboard/js-es2018/utils/compliance-audit-export.browser.js(429,39): error TS2339: Property 'gate' does not exist on type 'number'.
coming-soon/public/dashboard/js-es2018/utils/compliance-audit-export.browser.js(433,53): error TS2339: Property 'gate' does not exist on type 'number'.
coming-soon/public/dashboard/js-es2018/utils/compliance-audit-export.browser.js(434,52): error TS2339: Property 'gate' does not exist on type 'number'.
coming-soon/public/dashboard/js-es2018/utils/compliance-audit-export.browser.js(451,29): error TS2339: Property 'projectRoot' does not exist on type 'number'.
coming-soon/public/dashboard/js-es2018/utils/compliance-audit-export.browser.js(514,25): error TS2339: Property 'gate' does not exist on type 'any[]'.
coming-soon/public/dashboard/js-es2018/utils/compliance-audit-export.browser.js(519,14): error TS2339: Property 'jestBaseline' does not exist on type '{ gate: any; length: number; toString(): string; toLocaleString(): string; toLocaleString(locales: string | string[], options?: NumberFormatOptions & DateTimeFormatOptions): string; ... 31 more ...; [Symbol.unscopables]: { ...; }; }'.
coming-soon/public/dashboard/js-es2018/utils/compliance-audit-export.browser.js(520,33): error TS2339: Property 'jestBaseline' does not exist on type '{ gate: any; length: number; toString(): string; toLocaleString(): string; toLocaleString(locales: string | string[], options?: NumberFormatOptions & DateTimeFormatOptions): string; ... 31 more ...; [Symbol.unscopables]: { ...; }; }'.
coming-soon/public/dashboard/js-es2018/utils/compliance-audit-export.browser.js(521,14): error TS2339: Property 'jestBaseline' does not exist on type '{ gate: any; length: number; toString(): string; toLocaleString(): string; toLocaleString(locales: string | string[], options?: NumberFormatOptions & DateTimeFormatOptions): string; ... 31 more ...; [Symbol.unscopables]: { ...; }; }'.
coming-soon/public/dashboard/js-es2018/utils/compliance-audit-export.browser.js(522,21): error TS2339: Property 'jestBaseline' does not exist on type '{ gate: any; length: number; toString(): string; toLocaleString(): string; toLocaleString(locales: string | string[], options?: NumberFormatOptions & DateTimeFormatOptions): string; ... 31 more ...; [Symbol.unscopables]: { ...; }; }'.
coming-soon/public/dashboard/js-es2018/utils/compliance-audit-export.browser.js(524,73): error TS2339: Property 'jestBaseline' does not exist on type '{ gate: any; length: number; toString(): string; toLocaleString(): string; toLocaleString(locales: string | string[], options?: NumberFormatOptions & DateTimeFormatOptions): string; ... 31 more ...; [Symbol.unscopables]: { ...; }; }'.
coming-soon/public/dashboard/js-es2018/utils/compliance-audit-export.browser.js(608,43): error TS2322: Type '{}' is not assignable to type 'string'.
coming-soon/public/dashboard/js-es2018/utils/compliance-audit-export.browser.js(612,31): error TS2339: Property 'jestTestsLabel' does not exist on type 'string'.
coming-soon/public/dashboard/js-es2018/utils/compliance-audit-export.browser.js(710,58): error TS2345: Argument of type '{ jestTestsLabel: any; }' is not assignable to parameter of type 'string'.
coming-soon/public/dashboard/js-es2018/utils/compliance-audit-export.browser.js(780,37): error TS2740: Type '{}' is missing the following properties from type 'any[]': length, pop, push, concat, and 29 more.
coming-soon/public/dashboard/js-es2018/utils/compliance-audit-export.browser.js(833,17): error TS8024: JSDoc '@param' tag has name 'assessment', but there is no parameter with that name.
coming-soon/public/dashboard/js-es2018/utils/compliance-audit-export.browser.js(834,17): error TS8024: JSDoc '@param' tag has name 'npmAudit', but there is no parameter with that name.
coming-soon/public/dashboard/js-es2018/utils/compliance-audit-export.browser.js(835,17): error TS8024: JSDoc '@param' tag has name 'summary', but there is no parameter with that name.
coming-soon/public/dashboard/js-es2018/utils/compliance-export.browser.js(4,40): error TS2307: Cannot find module './npm-audit-export.browser.js?v=20260601npmaudit5' or its corresponding type declarations.
coming-soon/public/dashboard/js-es2018/utils/compliance-export.browser.js(57,58): error TS2322: Type '{}' is not assignable to type 'string'.
coming-soon/public/dashboard/js-es2018/utils/compliance-export.browser.js(58,41): error TS2339: Property 'productPlatformRoot' does not exist on type 'string'.
coming-soon/public/dashboard/js-es2018/utils/compliance-export.browser.js(106,91): error TS2339: Property 'ruleScopedFilesAnalyzed' does not exist on type 'number'.
coming-soon/public/dashboard/js-es2018/utils/compliance-export.browser.js(106,222): error TS2339: Property 'scanScope' does not exist on type 'number'.
coming-soon/public/dashboard/js-es2018/utils/compliance-export.browser.js(115,93): error TS2339: Property 'gate' does not exist on type 'number'.
coming-soon/public/dashboard/js-es2018/utils/compliance-export.browser.js(124,100): error TS2339: Property 'schemaChecked' does not exist on type 'number'.
coming-soon/public/dashboard/js-es2018/utils/compliance-export.browser.js(124,215): error TS2339: Property 'pageSampleSchemaChecked' does not exist on type 'number'.
coming-soon/public/dashboard/js-es2018/utils/compliance-export.browser.js(125,99): error TS2339: Property 'schemaPassed' does not exist on type 'number'.
coming-soon/public/dashboard/js-es2018/utils/compliance-export.browser.js(125,213): error TS2339: Property 'pageSampleSchemaPassed' does not exist on type 'number'.
coming-soon/public/dashboard/js-es2018/utils/compliance-export.browser.js(138,27): error TS2339: Property 'gate' does not exist on type 'number'.
coming-soon/public/dashboard/js-es2018/utils/compliance-export.browser.js(140,51): error TS2339: Property 'gate' does not exist on type 'number'.
coming-soon/public/dashboard/js-es2018/utils/compliance-export.browser.js(140,156): error TS2339: Property 'issueCount' does not exist on type 'number'.
coming-soon/public/dashboard/js-es2018/utils/compliance-export.browser.js(143,27): error TS2339: Property 'productionLeakFindings' does not exist on type 'number'.
coming-soon/public/dashboard/js-es2018/utils/compliance-export.browser.js(189,50): error TS2339: Property 'schemaChecked' does not exist on type 'number'.
coming-soon/public/dashboard/js-es2018/utils/compliance-export.browser.js(189,109): error TS2339: Property 'pageSampleSchemaChecked' does not exist on type 'number'.
coming-soon/public/dashboard/js-es2018/utils/compliance-export.browser.js(190,49): error TS2339: Property 'schemaPassed' does not exist on type 'number'.
coming-soon/public/dashboard/js-es2018/utils/compliance-export.browser.js(190,107): error TS2339: Property 'pageSampleSchemaPassed' does not exist on type 'number'.
coming-soon/public/dashboard/js-es2018/utils/compliance-export.browser.js(200,57): error TS2339: Property 'gate' does not exist on type 'number'.
coming-soon/public/dashboard/js-es2018/utils/compliance-export.browser.js(206,57): error TS2339: Property 'productionLeakFindings' does not exist on type 'number'.
coming-soon/public/dashboard/js-es2018/utils/compliance-export.browser.js(210,55): error TS2339: Property 'productionLeakScanned' does not exist on type 'number'.
coming-soon/public/dashboard/js-es2018/utils/compliance-export.browser.js(228,42): error TS2339: Property 'generatedAt' does not exist on type 'number'.
coming-soon/public/dashboard/js-es2018/utils/compliance-export.browser.js(229,42): error TS2339: Property 'generatedAt' does not exist on type 'number'.
coming-soon/public/dashboard/js-es2018/utils/compliance-export.browser.js(299,17): error TS2339: Property 'benchmarkScan' does not exist on type 'string'.
coming-soon/public/dashboard/js-es2018/utils/compliance-export.browser.js(299,42): error TS2339: Property 'hollowGate' does not exist on type 'string'.
coming-soon/public/dashboard/js-es2018/utils/compliance-export.browser.js(331,116): error TS2339: Property 'scanScope' does not exist on type 'number'.
coming-soon/public/dashboard/js-es2018/utils/compliance-export.browser.js(332,108): error TS2339: Property 'repositoryFilesTotal' does not exist on type 'number'.
coming-soon/public/dashboard/js-es2018/utils/compliance-export.browser.js(332,236): error TS2339: Property 'repositoryInventory' does not exist on type 'number'.
coming-soon/public/dashboard/js-es2018/utils/compliance-export.browser.js(333,116): error TS2339: Property 'credentialScanned' does not exist on type 'number'.
coming-soon/public/dashboard/js-es2018/utils/compliance-export.browser.js(333,241): error TS2339: Property 'scanScope' does not exist on type 'number'.
coming-soon/public/dashboard/js-es2018/utils/compliance-export.browser.js(334,131): error TS2339: Property 'scanScope' does not exist on type 'number'.
coming-soon/public/dashboard/js-es2018/utils/compliance-export.browser.js(334,370): error TS2339: Property 'scanScope' does not exist on type 'number'.
coming-soon/public/dashboard/js-es2018/utils/compliance-export.browser.js(334,602): error TS2339: Property 'credentialScanned' does not exist on type 'number'.
coming-soon/public/dashboard/js-es2018/utils/compliance-export.browser.js(337,35): error TS2339: Property 'benchmarkScan' does not exist on type 'string'.
coming-soon/public/dashboard/js-es2018/utils/compliance-export.browser.js(337,79): error TS2339: Property 'hollowGate' does not exist on type 'string'.
coming-soon/public/dashboard/js-es2018/utils/compliance-export.browser.js(349,120): error TS2339: Property 'fictionJsonFilesScanned' does not exist on type 'number'.
coming-soon/public/dashboard/js-es2018/utils/compliance-export.browser.js(349,251): error TS2339: Property 'scanScope' does not exist on type 'number'.
coming-soon/public/dashboard/js-es2018/utils/compliance-export.browser.js(350,124): error TS2339: Property 'fictionSampleFilesScanned' does not exist on type 'number'.
coming-soon/public/dashboard/js-es2018/utils/compliance-export.browser.js(350,260): error TS2339: Property 'scanScope' does not exist on type 'number'.
coming-soon/public/dashboard/js-es2018/utils/compliance-export.browser.js(354,81): error TS2339: Property 'jestBaselineChecked' does not exist on type 'number'.
coming-soon/public/dashboard/js-es2018/utils/compliance-export.browser.js(369,183): error TS2339: Property 'repositoryFilesTotal' does not exist on type 'number'.
coming-soon/public/dashboard/js-es2018/utils/compliance-export.browser.js(369,311): error TS2339: Property 'repositoryInventory' does not exist on type 'number'.
coming-soon/public/dashboard/js-es2018/utils/compliance-export.browser.js(370,116): error TS2339: Property 'scanScope' does not exist on type 'number'.
coming-soon/public/dashboard/js-es2018/utils/compliance-export.browser.js(394,18): error TS2339: Property 'benchmarkScan' does not exist on type 'string'.
coming-soon/public/dashboard/js-es2018/utils/compliance-export.browser.js(398,17): error TS2339: Property 'benchmarkScan' does not exist on type 'string'.
coming-soon/public/dashboard/js-es2018/utils/compliance-export.browser.js(401,17): error TS2339: Property 'hollowGate' does not exist on type 'string'.
coming-soon/public/dashboard/js-es2018/utils/compliance-export.browser.js(404,77): error TS2339: Property 'jestBaselineChecked' does not exist on type 'number'.
coming-soon/public/dashboard/js-es2018/utils/compliance-export.browser.js(411,48): error TS2339: Property 'benchmarkScan' does not exist on type 'string'.
coming-soon/public/dashboard/js-es2018/utils/compliance-export.browser.js(411,74): error TS2339: Property 'hollowGate' does not exist on type 'string'.
coming-soon/public/dashboard/js-es2018/utils/compliance-export.browser.js(414,102): error TS2339: Property 'repositoryFilesTotal' does not exist on type 'number'.
coming-soon/public/dashboard/js-es2018/utils/compliance-export.browser.js(414,230): error TS2339: Property 'repositoryInventory' does not exist on type 'number'.
coming-soon/public/dashboard/js-es2018/utils/compliance-export.browser.js(415,110): error TS2339: Property 'credentialScanned' does not exist on type 'number'.
coming-soon/public/dashboard/js-es2018/utils/compliance-export.browser.js(415,229): error TS2339: Property 'productionLeakScanned' does not exist on type 'number'.
coming-soon/public/dashboard/js-es2018/utils/compliance-export.browser.js(415,358): error TS2339: Property 'scanScope' does not exist on type 'number'.
coming-soon/public/dashboard/js-es2018/utils/compliance-export.browser.js(420,98): error TS2339: Property 'fictionJsonFilesScanned' does not exist on type 'number'.
coming-soon/public/dashboard/js-es2018/utils/compliance-export.browser.js(420,229): error TS2339: Property 'scanScope' does not exist on type 'number'.
coming-soon/public/dashboard/js-es2018/utils/compliance-export.browser.js(421,101): error TS2339: Property 'fictionSampleFilesScanned' does not exist on type 'number'.
coming-soon/public/dashboard/js-es2018/utils/compliance-export.browser.js(421,234): error TS2339: Property 'scanScope' does not exist on type 'number'.
coming-soon/public/dashboard/js-es2018/utils/compliance-export.browser.js(427,125): error TS2339: Property 'euAiActSummary' does not exist on type 'number'.
coming-soon/public/dashboard/js-es2018/utils/compliance-export.browser.js(430,116): error TS2339: Property 'scanScope' does not exist on type 'number'.
coming-soon/public/dashboard/js-es2018/utils/compliance-export.browser.js(434,38): error TS2339: Property 'benchmarkScan' does not exist on type 'string'.
coming-soon/public/dashboard/js-es2018/utils/compliance-export.browser.js(434,82): error TS2339: Property 'hollowGate' does not exist on type 'string'.
coming-soon/public/dashboard/js-es2018/utils/compliance-export.browser.js(435,116): error TS2339: Property 'gate' does not exist on type 'number'.
coming-soon/public/dashboard/js-es2018/utils/compliance-export.browser.js(442,55): error TS2339: Property 'gate' does not exist on type 'number'.
coming-soon/public/dashboard/js-es2018/utils/compliance-export.browser.js(442,160): error TS2339: Property 'issueCount' does not exist on type 'number'.
coming-soon/public/dashboard/js-es2018/utils/compliance-export.browser.js(461,35): error TS2339: Property 'benchmarkScan' does not exist on type 'string'.
coming-soon/public/dashboard/js-es2018/utils/compliance-export.browser.js(462,32): error TS2339: Property 'hollowGate' does not exist on type 'string'.
coming-soon/public/dashboard/js-es2018/utils/compliance-export.browser.js(463,71): error TS2339: Property 'gateReport' does not exist on type 'string'.
coming-soon/public/dashboard/js-es2018/utils/compliance-export.browser.js(465,17): error TS2339: Property 'npmAudit' does not exist on type 'string'.
coming-soon/public/dashboard/js-es2018/utils/compliance-export.browser.js(466,71): error TS2339: Property 'npmAudit' does not exist on type 'string'.
coming-soon/public/dashboard/js-es2018/utils/compliance-export.browser.js(534,89): error TS2345: Argument of type '{ benchmarkScan: any; hollowGate: any; productPlatformRoot: any; projectPath: any; gateReport: any; npmAudit: any; }' is not assignable to parameter of type 'string'.
coming-soon/public/dashboard/js-es2018/utils/compliance-export.browser.js(535,75): error TS2345: Argument of type '{ benchmarkScan: any; hollowGate: any; productPlatformRoot: any; projectPath: any; gateReport: any; npmAudit: any; }' is not assignable to parameter of type 'string'.
coming-soon/public/dashboard/js-es2018/utils/compliance-export.browser.js(539,73): error TS2345: Argument of type '{ benchmarkScan: any; hollowGate: any; productPlatformRoot: any; projectPath: any; gateReport: any; npmAudit: any; }' is not assignable to parameter of type 'string'.
coming-soon/public/dashboard/js-es2018/utils/compliance-export.browser.js(541,91): error TS2345: Argument of type '{ benchmarkScan: any; hollowGate: any; productPlatformRoot: any; projectPath: any; gateReport: any; npmAudit: any; }' is not assignable to parameter of type 'string'.
coming-soon/public/dashboard/js-es2018/utils/compliance-export.browser.js(598,97): error TS2345: Argument of type '{ benchmarkScan: any; hollowGate: any; productPlatformRoot: any; projectPath: any; gateReport: any; npmAudit: any; }' is not assignable to parameter of type 'string'.
coming-soon/public/dashboard/js-es2018/utils/compliance-export.browser.js(599,69): error TS2345: Argument of type '{ benchmarkScan: any; hollowGate: any; productPlatformRoot: any; projectPath: any; gateReport: any; npmAudit: any; }' is not assignable to parameter of type 'string'.
coming-soon/public/dashboard/js-es2018/utils/compliance-export.browser.js(601,73): error TS2345: Argument of type '{ benchmarkScan: any; hollowGate: any; productPlatformRoot: any; projectPath: any; gateReport: any; npmAudit: any; }' is not assignable to parameter of type 'string'.
coming-soon/public/dashboard/js-es2018/utils/compliance-export.browser.js(627,72): error TS2345: Argument of type '{ benchmarkScan: any; hollowGate: any; productPlatformRoot: any; projectPath: any; gateReport: any; npmAudit: any; }' is not assignable to parameter of type 'string'.
coming-soon/public/dashboard/js-es2018/utils/consolidation-export.browser.js(366,108): error TS2339: Property 'intentionalPairsExcluded' does not exist on type 'any[]'.
coming-soon/public/dashboard/js-es2018/utils/consolidation-export.browser.js(451,85): error TS2339: Property 'files' does not exist on type 'string'.
coming-soon/public/dashboard/js-es2018/utils/consolidation-export.browser.js(542,119): error TS2339: Property 'intentionalPairsExcluded' does not exist on type 'any[]'.
coming-soon/public/dashboard/js-es2018/utils/consolidation-export.browser.js(598,85): error TS2339: Property 'files' does not exist on type 'string'.
coming-soon/public/dashboard/js-es2018/utils/consolidation-export.browser.js(613,57): error TS2339: Property 'fuzzyNearDuplicates' does not exist on type 'any[]'.
coming-soon/public/dashboard/js-es2018/utils/consolidation-export.browser.js(616,44): error TS2339: Property 'patternConsolidation' does not exist on type 'any[]'.
coming-soon/public/dashboard/js-es2018/utils/consolidation-export.browser.js(622,25): error TS2339: Property 'fuzzyNearDuplicates' does not exist on type 'any[]'.
coming-soon/public/dashboard/js-es2018/utils/consolidation-export.browser.js(627,25): error TS2339: Property 'patternConsolidation' does not exist on type 'any[]'.
coming-soon/public/dashboard/js-es2018/utils/consolidation-export.browser.js(741,72): error TS2322: Type '{}' is not assignable to type 'string'.
coming-soon/public/dashboard/js-es2018/utils/consolidation-export.browser.js(925,133): error TS2345: Argument of type '{ repositoryFilesTotal: any; gateReport: any; }' is not assignable to parameter of type 'string'.
coming-soon/public/dashboard/js-es2018/utils/dashboard-export.browser.js(4,101): error TS2307: Cannot find module '../services/analyzeService.js?v=20260710inventory1' or its corresponding type declarations.
coming-soon/public/dashboard/js-es2018/utils/dashboard-export.browser.js(5,50): error TS2307: Cannot find module './simplebeacon-report-export.browser.js?v=20260601gateexport17' or its corresponding type declarations.
coming-soon/public/dashboard/js-es2018/utils/dashboard-export.browser.js(6,152): error TS2307: Cannot find module './quality-export.browser.js?v=20260531qualityexport8' or its corresponding type declarations.
coming-soon/public/dashboard/js-es2018/utils/dashboard-export.browser.js(24,81): error TS2339: Property 'projectRoot' does not exist on type 'number'.
coming-soon/public/dashboard/js-es2018/utils/dashboard-export.browser.js(25,76): error TS2339: Property 'benchmarkScan' does not exist on type 'number'.
coming-soon/public/dashboard/js-es2018/utils/dashboard-export.browser.js(25,150): error TS2339: Property 'scanTargetProfile' does not exist on type 'number'.
coming-soon/public/dashboard/js-es2018/utils/dashboard-export.browser.js(35,85): error TS2339: Property 'productPlatformRoot' does not exist on type 'number'.
coming-soon/public/dashboard/js-es2018/utils/dashboard-export.browser.js(35,165): error TS2339: Property 'platformRoot' does not exist on type 'number'.
coming-soon/public/dashboard/js-es2018/utils/dashboard-export.browser.js(38,86): error TS2339: Property 'projectRoot' does not exist on type 'number'.
coming-soon/public/dashboard/js-es2018/utils/dashboard-export.browser.js(116,81): error TS2339: Property 'pageSampleSchemaChecked' does not exist on type 'number'.
coming-soon/public/dashboard/js-es2018/utils/dashboard-export.browser.js(117,27): error TS2339: Property 'pageSampleSchemaPassed' does not exist on type 'number'.
coming-soon/public/dashboard/js-es2018/utils/dashboard-export.browser.js(117,96): error TS2339: Property 'pageSampleSchemaChecked' does not exist on type 'number'.
coming-soon/public/dashboard/js-es2018/utils/dashboard-export.browser.js(137,81): error TS2339: Property 'pageSampleSchemaChecked' does not exist on type 'number'.
coming-soon/public/dashboard/js-es2018/utils/dashboard-export.browser.js(138,27): error TS2339: Property 'pageSampleSchemaPassed' does not exist on type 'number'.
coming-soon/public/dashboard/js-es2018/utils/dashboard-export.browser.js(138,96): error TS2339: Property 'pageSampleSchemaChecked' does not exist on type 'number'.
coming-soon/public/dashboard/js-es2018/utils/dashboard-export.browser.js(157,111): error TS2339: Property 'scanScope' does not exist on type 'number'.
coming-soon/public/dashboard/js-es2018/utils/dashboard-export.browser.js(159,74): error TS2339: Property 'scanScope' does not exist on type 'number'.
coming-soon/public/dashboard/js-es2018/utils/dashboard-export.browser.js(160,68): error TS2339: Property 'jestBaselineChecked' does not exist on type 'number'.
coming-soon/public/dashboard/js-es2018/utils/dashboard-export.browser.js(175,180): error TS2362: The left-hand side of an arithmetic operation must be of type 'any', 'number', 'bigint' or an enum type.
coming-soon/public/dashboard/js-es2018/utils/dashboard-export.browser.js(196,24): error TS2367: This comparison appears to be unintentional because the types 'number' and 'any[]' have no overlap.
coming-soon/public/dashboard/js-es2018/utils/dashboard-export.browser.js(226,80): error TS2339: Property 'jestSummary' does not exist on type 'number'.
coming-soon/public/dashboard/js-es2018/utils/dashboard-export.browser.js(227,65): error TS2339: Property 'jestBaselineChecked' does not exist on type 'number'.
coming-soon/public/dashboard/js-es2018/utils/dashboard-export.browser.js(248,30): error TS2339: Property 'detectedIssues' does not exist on type 'number'.
coming-soon/public/dashboard/js-es2018/utils/dashboard-export.browser.js(248,56): error TS2339: Property 'detectedIssues' does not exist on type 'number'.
coming-soon/public/dashboard/js-es2018/utils/dashboard-export.browser.js(249,23): error TS2339: Property 'detectedIssues' does not exist on type 'number'.
coming-soon/public/dashboard/js-es2018/utils/dashboard-export.browser.js(251,19): error TS2339: Property 'rawIssues' does not exist on type 'number'.
coming-soon/public/dashboard/js-es2018/utils/dashboard-export.browser.js(275,36): error TS2339: Property 'credentialFindings' does not exist on type 'number'.
coming-soon/public/dashboard/js-es2018/utils/dashboard-export.browser.js(277,36): error TS2339: Property 'productionLeakFindings' does not exist on type 'number'.
coming-soon/public/dashboard/js-es2018/utils/dashboard-export.browser.js(304,73): error TS2339: Property 'severityCounts' does not exist on type 'number'.
coming-soon/public/dashboard/js-es2018/utils/dashboard-export.browser.js(305,74): error TS2339: Property 'gate' does not exist on type 'number'.
coming-soon/public/dashboard/js-es2018/utils/dashboard-export.browser.js(368,29): error TS2339: Property 'projectRoot' does not exist on type 'number'.
coming-soon/public/dashboard/js-es2018/utils/dashboard-export.browser.js(421,53): error TS2322: Type '{}' is not assignable to type 'string'.
coming-soon/public/dashboard/js-es2018/utils/dashboard-export.browser.js(428,31): error TS2339: Property 'repositoryFilesTotal' does not exist on type 'string'.
coming-soon/public/dashboard/js-es2018/utils/dashboard-export.browser.js(429,36): error TS2339: Property 'pageSpecsLabel' does not exist on type 'string'.
coming-soon/public/dashboard/js-es2018/utils/dashboard-export.browser.js(430,36): error TS2339: Property 'jestTests' does not exist on type 'string'.
coming-soon/public/dashboard/js-es2018/utils/dashboard-export.browser.js(438,41): error TS2339: Property 'benchmarkScan' does not exist on type 'string'.
coming-soon/public/dashboard/js-es2018/utils/dashboard-export.browser.js(480,43): error TS2322: Type '{}' is not assignable to type 'string'.
coming-soon/public/dashboard/js-es2018/utils/dashboard-export.browser.js(484,36): error TS2339: Property 'pageSpecsLabel' does not exist on type 'string'.
coming-soon/public/dashboard/js-es2018/utils/dashboard-export.browser.js(522,17): error TS8024: JSDoc '@param' tag has name 'baseline', but there is no parameter with that name.
coming-soon/public/dashboard/js-es2018/utils/dashboard-export.browser.js(523,17): error TS8024: JSDoc '@param' tag has name 'dashboardHome', but there is no parameter with that name.
coming-soon/public/dashboard/js-es2018/utils/dashboard-export.browser.js(524,17): error TS8024: JSDoc '@param' tag has name 'history', but there is no parameter with that name.
coming-soon/public/dashboard/js-es2018/utils/dashboard-export.browser.js(537,41): error TS2339: Property 'report' does not exist on type '{ projectLabel?: string; benchmarkScan?: boolean; productPlatformRoot?: null; }'.
coming-soon/public/dashboard/js-es2018/utils/dashboard-export.browser.js(537,49): error TS2339: Property 'baseline' does not exist on type '{ projectLabel?: string; benchmarkScan?: boolean; productPlatformRoot?: null; }'.
coming-soon/public/dashboard/js-es2018/utils/dashboard-export.browser.js(537,59): error TS2339: Property 'dashboardHome' does not exist on type '{ projectLabel?: string; benchmarkScan?: boolean; productPlatformRoot?: null; }'.
coming-soon/public/dashboard/js-es2018/utils/dashboard-export.browser.js(537,74): error TS2339: Property 'history' does not exist on type '{ projectLabel?: string; benchmarkScan?: boolean; productPlatformRoot?: null; }'.
coming-soon/public/dashboard/js-es2018/utils/dashboard-export.browser.js(537,83): error TS2339: Property 'scanConclusion' does not exist on type '{ projectLabel?: string; benchmarkScan?: boolean; productPlatformRoot?: null; }'.
coming-soon/public/dashboard/js-es2018/utils/dashboard-export.browser.js(588,46): error TS2339: Property 'report' does not exist on type '{}'.
coming-soon/public/dashboard/js-es2018/utils/dashboard-export.browser.js(588,54): error TS2339: Property 'baseline' does not exist on type '{}'.
coming-soon/public/dashboard/js-es2018/utils/dashboard-export.browser.js(588,64): error TS2339: Property 'config' does not exist on type '{}'.
coming-soon/public/dashboard/js-es2018/utils/dashboard-export.browser.js(588,72): error TS2339: Property 'history' does not exist on type '{}'.
coming-soon/public/dashboard/js-es2018/utils/dashboard-export.browser.js(588,81): error TS2339: Property 'dashboardHome' does not exist on type '{}'.
coming-soon/public/dashboard/js-es2018/utils/dashboard-export.browser.js(588,96): error TS2339: Property 'scanConclusion' does not exist on type '{}'.
coming-soon/public/dashboard/js-es2018/utils/dashboard-export.browser.js(588,112): error TS2339: Property 'exportFilename' does not exist on type '{}'.
coming-soon/public/dashboard/js-es2018/utils/dashboard-export.browser.js(598,9): error TS2353: Object literal may only specify known properties, and 'report' does not exist in type '{ projectLabel?: string; benchmarkScan?: boolean; productPlatformRoot?: any; }'.
coming-soon/public/dashboard/js-es2018/utils/dashboard-export.browser.js(657,52): error TS2345: Argument of type '{ pageSpecsLabel: any; }' is not assignable to parameter of type 'string'.
coming-soon/public/dashboard/js-es2018/utils/dashboard-export.browser.js(660,67): error TS2345: Argument of type '{ benchmarkScan: any; repositoryFilesTotal: any; pageSpecsLabel: any; jestTests: any; }' is not assignable to parameter of type 'string'.
coming-soon/public/dashboard/js-es2018/utils/dashboard-export.browser.js(707,47): error TS2554: Expected 0-1 arguments, but got 2.
coming-soon/public/dashboard/js-es2018/utils/dashboard-export.browser.js(766,76): error TS2339: Property 'detectedIssues' does not exist on type 'number'.
coming-soon/public/dashboard/js-es2018/utils/dashboard-export.browser.js(793,17): error TS8024: JSDoc '@param' tag has name 'history', but there is no parameter with that name.
coming-soon/public/dashboard/js-es2018/utils/dashboard-export.browser.js(794,20): error TS8024: JSDoc '@param' tag has name 'report', but there is no parameter with that name.
coming-soon/public/dashboard/js-es2018/utils/dashboard-export.browser.js(795,17): error TS8024: JSDoc '@param' tag has name 'summary', but there is no parameter with that name.
coming-soon/public/dashboard/js-es2018/utils/data-cleanup-export.browser.js(4,49): error TS2307: Cannot find module './cleanup-brief-export.browser.js?v=20260601cleanupbrief9' or its corresponding type declarations.
coming-soon/public/dashboard/js-es2018/utils/data-cleanup-export.browser.js(5,44): error TS2307: Cannot find module './quality-export.browser.js?v=20260531qualityexport8' or its corresponding type declarations.
coming-soon/public/dashboard/js-es2018/utils/data-cleanup-export.browser.js(47,9): error TS2698: Spread types may only be created from object types.
coming-soon/public/dashboard/js-es2018/utils/data-cleanup-export.browser.js(49,20): error TS2339: Property 'projectPath' does not exist on type 'number'.
coming-soon/public/dashboard/js-es2018/utils/data-cleanup-export.browser.js(74,81): error TS2339: Property 'projectRoot' does not exist on type 'number'.
coming-soon/public/dashboard/js-es2018/utils/data-cleanup-export.browser.js(74,153): error TS2339: Property 'projectPath' does not exist on type 'number'.
coming-soon/public/dashboard/js-es2018/utils/data-cleanup-export.browser.js(124,48): error TS2339: Property 'fileReductionPlan' does not exist on type 'number'.
coming-soon/public/dashboard/js-es2018/utils/data-cleanup-export.browser.js(125,39): error TS2339: Property 'summary' does not exist on type 'number'.
coming-soon/public/dashboard/js-es2018/utils/data-cleanup-export.browser.js(126,42): error TS2339: Property 'summary' does not exist on type 'number'.
coming-soon/public/dashboard/js-es2018/utils/data-cleanup-export.browser.js(203,335): error TS2339: Property 'inventory' does not exist on type 'number'.
coming-soon/public/dashboard/js-es2018/utils/data-cleanup-export.browser.js(203,454): error TS2339: Property 'hygieneSummary' does not exist on type 'number'.
coming-soon/public/dashboard/js-es2018/utils/data-cleanup-export.browser.js(203,582): error TS2339: Property 'scanScope' does not exist on type 'number'.
coming-soon/public/dashboard/js-es2018/utils/data-cleanup-export.browser.js(204,322): error TS2339: Property 'hygieneSummary' does not exist on type 'number'.
coming-soon/public/dashboard/js-es2018/utils/data-cleanup-export.browser.js(205,499): error TS2339: Property 'hygieneSummary' does not exist on type 'number'.
coming-soon/public/dashboard/js-es2018/utils/data-cleanup-export.browser.js(206,166): error TS2339: Property 'scanScope' does not exist on type 'number'.
coming-soon/public/dashboard/js-es2018/utils/data-cleanup-export.browser.js(206,286): error TS2339: Property 'hygieneSummary' does not exist on type 'number'.
coming-soon/public/dashboard/js-es2018/utils/data-cleanup-export.browser.js(213,262): error TS2339: Property 'hygieneSummary' does not exist on type 'number'.
coming-soon/public/dashboard/js-es2018/utils/data-cleanup-export.browser.js(214,347): error TS2339: Property 'hygieneSummary' does not exist on type 'number'.
coming-soon/public/dashboard/js-es2018/utils/data-cleanup-export.browser.js(227,47): error TS2339: Property 'inventory' does not exist on type 'number'.
coming-soon/public/dashboard/js-es2018/utils/data-cleanup-export.browser.js(229,41): error TS2339: Property 'dataQualityStatus' does not exist on type 'number'.
coming-soon/public/dashboard/js-es2018/utils/data-cleanup-export.browser.js(230,43): error TS2339: Property 'summary' does not exist on type 'number'.
coming-soon/public/dashboard/js-es2018/utils/data-cleanup-export.browser.js(240,58): error TS2339: Property 'scanners' does not exist on type 'number'.
coming-soon/public/dashboard/js-es2018/utils/data-cleanup-export.browser.js(240,240): error TS2339: Property 'scanners' does not exist on type 'number'.
coming-soon/public/dashboard/js-es2018/utils/data-cleanup-export.browser.js(241,50): error TS2339: Property 'scanners' does not exist on type 'number'.
coming-soon/public/dashboard/js-es2018/utils/data-cleanup-export.browser.js(242,53): error TS2339: Property 'scanners' does not exist on type 'number'.
coming-soon/public/dashboard/js-es2018/utils/data-cleanup-export.browser.js(243,64): error TS2339: Property 'scanners' does not exist on type 'number'.
coming-soon/public/dashboard/js-es2018/utils/data-cleanup-export.browser.js(243,241): error TS2339: Property 'metadata' does not exist on type 'number'.
coming-soon/public/dashboard/js-es2018/utils/data-cleanup-export.browser.js(244,59): error TS2339: Property 'scanners' does not exist on type 'number'.
coming-soon/public/dashboard/js-es2018/utils/data-cleanup-export.browser.js(245,53): error TS2339: Property 'metadata' does not exist on type 'number'.
coming-soon/public/dashboard/js-es2018/utils/data-cleanup-export.browser.js(249,71): error TS2339: Property 'hygieneSummary' does not exist on type 'number'.
coming-soon/public/dashboard/js-es2018/utils/data-cleanup-export.browser.js(269,51): error TS2339: Property 'enabledScanners' does not exist on type 'number'.
coming-soon/public/dashboard/js-es2018/utils/data-cleanup-export.browser.js(269,77): error TS2339: Property 'enabledScanners' does not exist on type 'number'.
coming-soon/public/dashboard/js-es2018/utils/data-cleanup-export.browser.js(285,47): error TS2339: Property 'inventory' does not exist on type 'number'.
coming-soon/public/dashboard/js-es2018/utils/data-cleanup-export.browser.js(286,58): error TS2339: Property 'scanners' does not exist on type 'number'.
coming-soon/public/dashboard/js-es2018/utils/data-cleanup-export.browser.js(286,237): error TS2339: Property 'fileReductionPlan' does not exist on type 'number'.
coming-soon/public/dashboard/js-es2018/utils/data-cleanup-export.browser.js(287,56): error TS2339: Property 'metadata' does not exist on type 'number'.
coming-soon/public/dashboard/js-es2018/utils/data-cleanup-export.browser.js(287,219): error TS2339: Property 'scanners' does not exist on type 'number'.
coming-soon/public/dashboard/js-es2018/utils/data-cleanup-export.browser.js(289,43): error TS2339: Property 'fileReductionStatus' does not exist on type 'number'.
coming-soon/public/dashboard/js-es2018/utils/data-cleanup-export.browser.js(299,59): error TS2339: Property 'fileReductionPlan' does not exist on type 'number'.
coming-soon/public/dashboard/js-es2018/utils/data-cleanup-export.browser.js(299,237): error TS2339: Property 'scanners' does not exist on type 'number'.
coming-soon/public/dashboard/js-es2018/utils/data-cleanup-export.browser.js(300,61): error TS2339: Property 'fileReductionPlan' does not exist on type 'number'.
coming-soon/public/dashboard/js-es2018/utils/data-cleanup-export.browser.js(300,241): error TS2339: Property 'scanners' does not exist on type 'number'.
coming-soon/public/dashboard/js-es2018/utils/data-cleanup-export.browser.js(301,50): error TS2339: Property 'summary' does not exist on type 'number'.
coming-soon/public/dashboard/js-es2018/utils/data-cleanup-export.browser.js(303,53): error TS2339: Property 'scanners' does not exist on type 'number'.
coming-soon/public/dashboard/js-es2018/utils/data-cleanup-export.browser.js(305,51): error TS2339: Property 'enabledScanners' does not exist on type 'number'.
coming-soon/public/dashboard/js-es2018/utils/data-cleanup-export.browser.js(305,77): error TS2339: Property 'enabledScanners' does not exist on type 'number'.
coming-soon/public/dashboard/js-es2018/utils/data-cleanup-export.browser.js(309,71): error TS2339: Property 'hygieneSummary' does not exist on type 'number'.
coming-soon/public/dashboard/js-es2018/utils/data-cleanup-export.browser.js(330,51): error TS2339: Property 'enabledScanners' does not exist on type 'number'.
coming-soon/public/dashboard/js-es2018/utils/data-cleanup-export.browser.js(330,77): error TS2339: Property 'enabledScanners' does not exist on type 'number'.
coming-soon/public/dashboard/js-es2018/utils/data-cleanup-export.browser.js(335,30): error TS2339: Property 'scanScope' does not exist on type 'number'.
coming-soon/public/dashboard/js-es2018/utils/data-cleanup-export.browser.js(351,22): error TS2339: Property 'inventory' does not exist on type 'number'.
coming-soon/public/dashboard/js-es2018/utils/data-cleanup-export.browser.js(352,34): error TS2339: Property 'inventory' does not exist on type 'number'.
coming-soon/public/dashboard/js-es2018/utils/data-cleanup-export.browser.js(367,45): error TS2339: Property 'scanners' does not exist on type 'number'.
coming-soon/public/dashboard/js-es2018/utils/data-cleanup-export.browser.js(371,48): error TS2339: Property 'fileReductionPlan' does not exist on type 'number'.
coming-soon/public/dashboard/js-es2018/utils/data-cleanup-export.browser.js(372,40): error TS2339: Property 'fileReductionPlan' does not exist on type 'number'.
coming-soon/public/dashboard/js-es2018/utils/data-cleanup-export.browser.js(377,39): error TS2339: Property 'summary' does not exist on type 'number'.
coming-soon/public/dashboard/js-es2018/utils/data-cleanup-export.browser.js(381,53): error TS2339: Property 'fileReductionPlan' does not exist on type 'number'.
coming-soon/public/dashboard/js-es2018/utils/data-cleanup-export.browser.js(381,233): error TS2339: Property 'scanners' does not exist on type 'number'.
coming-soon/public/dashboard/js-es2018/utils/data-cleanup-export.browser.js(385,50): error TS2339: Property 'fileReductionPlan' does not exist on type 'number'.
coming-soon/public/dashboard/js-es2018/utils/data-cleanup-export.browser.js(389,23): error TS2339: Property 'summary' does not exist on type 'number'.
coming-soon/public/dashboard/js-es2018/utils/data-cleanup-export.browser.js(390,53): error TS2339: Property 'summary' does not exist on type 'number'.
coming-soon/public/dashboard/js-es2018/utils/data-cleanup-export.browser.js(392,16): error TS2339: Property 'compact' does not exist on type 'number'.
coming-soon/public/dashboard/js-es2018/utils/data-cleanup-export.browser.js(396,58): error TS2339: Property 'scanners' does not exist on type 'number'.
coming-soon/public/dashboard/js-es2018/utils/data-cleanup-export.browser.js(396,237): error TS2339: Property 'fileReductionPlan' does not exist on type 'number'.
coming-soon/public/dashboard/js-es2018/utils/data-cleanup-export.browser.js(397,47): error TS2339: Property 'inventory' does not exist on type 'number'.
coming-soon/public/dashboard/js-es2018/utils/data-cleanup-export.browser.js(399,149): error TS2339: Property 'metadata' does not exist on type 'number'.
coming-soon/public/dashboard/js-es2018/utils/data-cleanup-export.browser.js(399,312): error TS2339: Property 'scanners' does not exist on type 'number'.
coming-soon/public/dashboard/js-es2018/utils/data-cleanup-export.browser.js(405,31): error TS2339: Property 'summary' does not exist on type 'number'.
coming-soon/public/dashboard/js-es2018/utils/data-cleanup-export.browser.js(406,20): error TS2339: Property 'fileReductionStatus' does not exist on type 'number'.
coming-soon/public/dashboard/js-es2018/utils/data-cleanup-export.browser.js(406,78): error TS2339: Property 'fileReductionStatus' does not exist on type 'number'.
coming-soon/public/dashboard/js-es2018/utils/data-cleanup-export.browser.js(471,93): error TS2339: Property 'findings' does not exist on type 'number'.
coming-soon/public/dashboard/js-es2018/utils/data-cleanup-export.browser.js(504,38): error TS2339: Property 'summary' does not exist on type 'number'.
coming-soon/public/dashboard/js-es2018/utils/data-cleanup-export.browser.js(505,47): error TS2339: Property 'aggregation' does not exist on type 'number'.
coming-soon/public/dashboard/js-es2018/utils/data-cleanup-export.browser.js(506,43): error TS2339: Property 'aggregation' does not exist on type 'number'.
coming-soon/public/dashboard/js-es2018/utils/data-cleanup-export.browser.js(525,22): error TS2339: Property 'inventory' does not exist on type 'number'.
coming-soon/public/dashboard/js-es2018/utils/data-cleanup-export.browser.js(526,34): error TS2339: Property 'inventory' does not exist on type 'number'.
coming-soon/public/dashboard/js-es2018/utils/data-cleanup-export.browser.js(533,46): error TS2339: Property 'scanners' does not exist on type 'number'.
coming-soon/public/dashboard/js-es2018/utils/data-cleanup-export.browser.js(534,41): error TS2339: Property 'inventory' does not exist on type 'number'.
coming-soon/public/dashboard/js-es2018/utils/data-cleanup-export.browser.js(538,53): error TS2339: Property 'scanners' does not exist on type 'number'.
coming-soon/public/dashboard/js-es2018/utils/data-cleanup-export.browser.js(538,230): error TS2339: Property 'metadata' does not exist on type 'number'.
coming-soon/public/dashboard/js-es2018/utils/data-cleanup-export.browser.js(544,55): error TS2339: Property 'scanners' does not exist on type 'number'.
coming-soon/public/dashboard/js-es2018/utils/data-cleanup-export.browser.js(544,237): error TS2339: Property 'scanners' does not exist on type 'number'.
coming-soon/public/dashboard/js-es2018/utils/data-cleanup-export.browser.js(548,52): error TS2339: Property 'scanners' does not exist on type 'number'.
coming-soon/public/dashboard/js-es2018/utils/data-cleanup-export.browser.js(548,233): error TS2339: Property 'findings' does not exist on type 'number'.
coming-soon/public/dashboard/js-es2018/utils/data-cleanup-export.browser.js(549,51): error TS2339: Property 'scanners' does not exist on type 'number'.
coming-soon/public/dashboard/js-es2018/utils/data-cleanup-export.browser.js(549,235): error TS2339: Property 'findings' does not exist on type 'number'.
coming-soon/public/dashboard/js-es2018/utils/data-cleanup-export.browser.js(556,23): error TS2339: Property 'summary' does not exist on type 'number'.
coming-soon/public/dashboard/js-es2018/utils/data-cleanup-export.browser.js(557,53): error TS2339: Property 'summary' does not exist on type 'number'.
coming-soon/public/dashboard/js-es2018/utils/data-cleanup-export.browser.js(559,16): error TS2339: Property 'compact' does not exist on type 'number'.
coming-soon/public/dashboard/js-es2018/utils/data-cleanup-export.browser.js(562,47): error TS2339: Property 'metadata' does not exist on type 'number'.
coming-soon/public/dashboard/js-es2018/utils/data-cleanup-export.browser.js(567,48): error TS2339: Property 'metadata' does not exist on type 'number'.
coming-soon/public/dashboard/js-es2018/utils/data-cleanup-export.browser.js(576,67): error TS2339: Property 'hygieneSummary' does not exist on type 'number'.
coming-soon/public/dashboard/js-es2018/utils/data-cleanup-export.browser.js(579,29): error TS2339: Property 'summary' does not exist on type 'number'.
coming-soon/public/dashboard/js-es2018/utils/data-cleanup-export.browser.js(582,48): error TS2339: Property 'scanners' does not exist on type 'number'.
coming-soon/public/dashboard/js-es2018/utils/data-cleanup-export.browser.js(583,56): error TS2339: Property 'scanners' does not exist on type 'number'.
coming-soon/public/dashboard/js-es2018/utils/data-cleanup-export.browser.js(612,43): error TS2339: Property 'fileReductionPlan' does not exist on type 'number'.
coming-soon/public/dashboard/js-es2018/utils/data-cleanup-export.browser.js(614,23): error TS2339: Property 'findings' does not exist on type 'number'.
coming-soon/public/dashboard/js-es2018/utils/data-cleanup-export.browser.js(620,37): error TS2339: Property 'findings' does not exist on type 'number'.
coming-soon/public/dashboard/js-es2018/utils/data-cleanup-export.browser.js(625,28): error TS2339: Property 'findings' does not exist on type 'number'.
coming-soon/public/dashboard/js-es2018/utils/data-cleanup-export.browser.js(627,19): error TS2339: Property 'findings' does not exist on type 'number'.
coming-soon/public/dashboard/js-es2018/utils/data-cleanup-export.browser.js(635,38): error TS2339: Property 'findings' does not exist on type 'number'.
coming-soon/public/dashboard/js-es2018/utils/data-cleanup-export.browser.js(648,23): error TS2339: Property 'aggregation' does not exist on type 'number'.
coming-soon/public/dashboard/js-es2018/utils/data-cleanup-export.browser.js(649,25): error TS2339: Property 'aggregation' does not exist on type 'number'.
coming-soon/public/dashboard/js-es2018/utils/data-cleanup-export.browser.js(659,27): error TS2339: Property 'type' does not exist on type 'number'.
coming-soon/public/dashboard/js-es2018/utils/data-cleanup-export.browser.js(661,55): error TS2339: Property 'projectRoot' does not exist on type 'number'.
coming-soon/public/dashboard/js-es2018/utils/data-cleanup-export.browser.js(661,77): error TS2339: Property 'projectPath' does not exist on type 'number'.
coming-soon/public/dashboard/js-es2018/utils/data-cleanup-export.browser.js(663,28): error TS2339: Property 'scanProfile' does not exist on type 'number'.
coming-soon/public/dashboard/js-es2018/utils/data-cleanup-export.browser.js(666,9): error TS2698: Spread types may only be created from object types.
coming-soon/public/dashboard/js-es2018/utils/eu-ai-act-export.browser.js(4,50): error TS2307: Cannot find module './simplebeacon-report-export.browser.js?v=20260601gateexport17' or its corresponding type declarations.
coming-soon/public/dashboard/js-es2018/utils/eu-ai-act-export.browser.js(5,59): error TS2307: Cannot find module './compliance-export.browser.js?v=20260601complianceexport7' or its corresponding type declarations.
coming-soon/public/dashboard/js-es2018/utils/eu-ai-act-export.browser.js(6,75): error TS2307: Cannot find module './quality-export.browser.js?v=20260531qualityexport8' or its corresponding type declarations.
coming-soon/public/dashboard/js-es2018/utils/eu-ai-act-export.browser.js(392,56): error TS2345: Argument of type 'boolean' is not assignable to parameter of type 'any[]'.
coming-soon/public/dashboard/js-es2018/utils/eu-ai-act-export.browser.js(661,35): error TS2339: Property 'projectRoot' does not exist on type 'number'.
coming-soon/public/dashboard/js-es2018/utils/eu-ai-act-export.browser.js(1039,78): error TS2339: Property 'scanScope' does not exist on type 'number'.
coming-soon/public/dashboard/js-es2018/utils/eu-ai-act-export.browser.js(1041,44): error TS2339: Property 'productionLeakScanned' does not exist on type 'number'.
coming-soon/public/dashboard/js-es2018/utils/eu-ai-act-export.browser.js(1041,113): error TS2339: Property 'scanScope' does not exist on type 'number'.
coming-soon/public/dashboard/js-es2018/utils/eu-ai-act-export.browser.js(1042,46): error TS2339: Property 'sourceCodeFilesScanned' does not exist on type 'number'.
coming-soon/public/dashboard/js-es2018/utils/eu-ai-act-export.browser.js(1042,116): error TS2339: Property 'scanScope' does not exist on type 'number'.
coming-soon/public/dashboard/js-es2018/utils/eu-ai-act-export.browser.js(1043,32): error TS2339: Property 'scanScope' does not exist on type 'number'.
coming-soon/public/dashboard/js-es2018/utils/eu-ai-act-export.browser.js(1050,9): error TS2698: Spread types may only be created from object types.
coming-soon/public/dashboard/js-es2018/utils/eu-ai-act-export.browser.js(1052,23): error TS2339: Property 'scanScope' does not exist on type 'number'.
coming-soon/public/dashboard/js-es2018/utils/eu-ai-act-export.browser.js(1239,17): error TS8024: JSDoc '@param' tag has name 'documentationFound', but there is no parameter with that name.
coming-soon/public/dashboard/js-es2018/utils/eu-ai-act-export.browser.js(1240,17): error TS8024: JSDoc '@param' tag has name 'summary', but there is no parameter with that name.
coming-soon/public/dashboard/js-es2018/utils/fiction-digest-export.browser.js(4,44): error TS2307: Cannot find module './quality-export.browser.js?v=20260531qualityexport8' or its corresponding type declarations.
coming-soon/public/dashboard/js-es2018/utils/fiction-digest-export.browser.js(101,34): error TS2339: Property 'pattern' does not exist on type 'true'.
coming-soon/public/dashboard/js-es2018/utils/fiction-digest-export.browser.js(101,58): error TS2339: Property 'metadata' does not exist on type 'true'.
coming-soon/public/dashboard/js-es2018/utils/fiction-digest-export.browser.js(102,35): error TS2339: Property 'category' does not exist on type 'true'.
coming-soon/public/dashboard/js-es2018/utils/fiction-digest-export.browser.js(102,60): error TS2339: Property 'metadata' does not exist on type 'true'.
coming-soon/public/dashboard/js-es2018/utils/fiction-digest-export.browser.js(103,31): error TS2339: Property 'type' does not exist on type 'true'.
coming-soon/public/dashboard/js-es2018/utils/fiction-digest-export.browser.js(119,40): error TS2339: Property 'metadata' does not exist on type 'true'.
coming-soon/public/dashboard/js-es2018/utils/fiction-digest-export.browser.js(119,107): error TS2339: Property 'intent' does not exist on type 'true'.
coming-soon/public/dashboard/js-es2018/utils/fiction-digest-export.browser.js(122,47): error TS2339: Property 'type' does not exist on type 'true'.
coming-soon/public/dashboard/js-es2018/utils/fiction-digest-export.browser.js(124,28): error TS2339: Property 'filePath' does not exist on type 'true'.
coming-soon/public/dashboard/js-es2018/utils/fiction-digest-export.browser.js(124,46): error TS2339: Property 'file' does not exist on type 'true'.
coming-soon/public/dashboard/js-es2018/utils/fiction-digest-export.browser.js(165,102): error TS2339: Property 'repositoryFilesTotal' does not exist on type 'number'.
coming-soon/public/dashboard/js-es2018/utils/fiction-digest-export.browser.js(165,236): error TS2339: Property 'scanScope' does not exist on type 'number'.
coming-soon/public/dashboard/js-es2018/utils/fiction-digest-export.browser.js(166,109): error TS2339: Property 'ruleScopedFilesAnalyzed' does not exist on type 'number'.
coming-soon/public/dashboard/js-es2018/utils/fiction-digest-export.browser.js(166,246): error TS2339: Property 'scanScope' does not exist on type 'number'.
coming-soon/public/dashboard/js-es2018/utils/fiction-digest-export.browser.js(167,104): error TS2339: Property 'fictionJsonFilesScanned' does not exist on type 'number'.
coming-soon/public/dashboard/js-es2018/utils/fiction-digest-export.browser.js(167,241): error TS2339: Property 'scanScope' does not exist on type 'number'.
coming-soon/public/dashboard/js-es2018/utils/fiction-digest-export.browser.js(193,16): error TS2339: Property 'fullDirectoryScan' does not exist on type 'number'.
coming-soon/public/dashboard/js-es2018/utils/fiction-digest-export.browser.js(193,51): error TS2339: Property 'scanScope' does not exist on type 'number'.
coming-soon/public/dashboard/js-es2018/utils/fiction-digest-export.browser.js(196,37): error TS2339: Property 'mockSampleFiles' does not exist on type 'number'.
coming-soon/public/dashboard/js-es2018/utils/fiction-digest-export.browser.js(196,94): error TS2339: Property 'totalFiles' does not exist on type 'number'.
coming-soon/public/dashboard/js-es2018/utils/fiction-digest-export.browser.js(197,36): error TS2339: Property 'repositoryFilesTotal' does not exist on type 'number'.
coming-soon/public/dashboard/js-es2018/utils/fiction-digest-export.browser.js(203,27): error TS2339: Property 'scanPaths' does not exist on type 'number'.
coming-soon/public/dashboard/js-es2018/utils/fiction-digest-export.browser.js(204,39): error TS2339: Property 'projectRoot' does not exist on type 'number'.
coming-soon/public/dashboard/js-es2018/utils/fiction-digest-export.browser.js(227,58): error TS2322: Type '{}' is not assignable to type 'number'.
coming-soon/public/dashboard/js-es2018/utils/fiction-digest-export.browser.js(229,37): error TS2339: Property 'fullDirectoryScan' does not exist on type 'number'.
coming-soon/public/dashboard/js-es2018/utils/fiction-digest-export.browser.js(233,43): error TS2339: Property 'ruleScopedFilesAnalyzed' does not exist on type 'number'.
coming-soon/public/dashboard/js-es2018/utils/fiction-digest-export.browser.js(234,48): error TS2339: Property 'mockSampleFiles' does not exist on type 'number'.
coming-soon/public/dashboard/js-es2018/utils/fiction-digest-export.browser.js(234,105): error TS2339: Property 'totalFiles' does not exist on type 'number'.
coming-soon/public/dashboard/js-es2018/utils/fiction-digest-export.browser.js(235,47): error TS2339: Property 'fictionSampleFilesScanned' does not exist on type 'number'.
coming-soon/public/dashboard/js-es2018/utils/fiction-digest-export.browser.js(244,48): error TS2339: Property 'fictionJsonFilesScanned' does not exist on type 'number'.
coming-soon/public/dashboard/js-es2018/utils/fiction-digest-export.browser.js(330,42): error TS2339: Property 'repositoryFilesTotal' does not exist on type 'number'.
coming-soon/public/dashboard/js-es2018/utils/fiction-digest-export.browser.js(330,110): error TS2339: Property 'repositoryInventory' does not exist on type 'number'.
coming-soon/public/dashboard/js-es2018/utils/fiction-digest-export.browser.js(331,43): error TS2339: Property 'ruleScopedFilesAnalyzed' does not exist on type 'number'.
coming-soon/public/dashboard/js-es2018/utils/fiction-digest-export.browser.js(331,114): error TS2339: Property 'scanScope' does not exist on type 'number'.
coming-soon/public/dashboard/js-es2018/utils/fiction-digest-export.browser.js(333,51): error TS2339: Property 'llmSlopScanRaw' does not exist on type 'number'.
coming-soon/public/dashboard/js-es2018/utils/fiction-digest-export.browser.js(333,113): error TS2339: Property 'scanScope' does not exist on type 'number'.
coming-soon/public/dashboard/js-es2018/utils/fiction-digest-export.browser.js(333,220): error TS2339: Property 'llmSlopFilesScanned' does not exist on type 'number'.
coming-soon/public/dashboard/js-es2018/utils/fiction-digest-export.browser.js(333,287): error TS2339: Property 'scanScope' does not exist on type 'number'.
coming-soon/public/dashboard/js-es2018/utils/fiction-digest-export.browser.js(337,20): error TS2339: Property 'scanScope' does not exist on type 'number'.
coming-soon/public/dashboard/js-es2018/utils/fiction-digest-export.browser.js(343,9): error TS2698: Spread types may only be created from object types.
coming-soon/public/dashboard/js-es2018/utils/fiction-digest-export.browser.js(360,42): error TS2339: Property 'repositoryFilesTotal' does not exist on type 'number'.
coming-soon/public/dashboard/js-es2018/utils/fiction-digest-export.browser.js(360,110): error TS2339: Property 'repositoryInventory' does not exist on type 'number'.
coming-soon/public/dashboard/js-es2018/utils/fiction-digest-export.browser.js(361,104): error TS2339: Property 'llmSlopFilesScanned' does not exist on type 'number'.
coming-soon/public/dashboard/js-es2018/utils/fiction-digest-export.browser.js(362,92): error TS2339: Property 'llmSlopScanRaw' does not exist on type 'number'.
coming-soon/public/dashboard/js-es2018/utils/fiction-digest-export.browser.js(363,103): error TS2339: Property 'llmSlopScanReconciled' does not exist on type 'number'.
coming-soon/public/dashboard/js-es2018/utils/fiction-digest-export.browser.js(380,22): error TS2339: Property 'gateAttestation' does not exist on type 'number'.
coming-soon/public/dashboard/js-es2018/utils/fiction-digest-export.browser.js(382,49): error TS2339: Property 'ruleScopedFilesAnalyzed' does not exist on type 'number'.
coming-soon/public/dashboard/js-es2018/utils/fiction-digest-export.browser.js(382,126): error TS2339: Property 'scanScope' does not exist on type 'number'.
coming-soon/public/dashboard/js-es2018/utils/fiction-digest-export.browser.js(383,29): error TS2339: Property 'gate' does not exist on type 'number'.
coming-soon/public/dashboard/js-es2018/utils/fiction-digest-export.browser.js(385,29): error TS2339: Property 'gate' does not exist on type 'number'.
coming-soon/public/dashboard/js-es2018/utils/fiction-digest-export.browser.js(396,93): error TS2339: Property 'scanScope' does not exist on type 'number'.
coming-soon/public/dashboard/js-es2018/utils/fiction-digest-export.browser.js(397,108): error TS2339: Property 'repositoryFilesTotal' does not exist on type 'number'.
coming-soon/public/dashboard/js-es2018/utils/fiction-digest-export.browser.js(398,169): error TS2339: Property 'llmSlopFilesScanned' does not exist on type 'number'.
coming-soon/public/dashboard/js-es2018/utils/fiction-digest-export.browser.js(399,154): error TS2339: Property 'llmSlopScanRaw' does not exist on type 'number'.
coming-soon/public/dashboard/js-es2018/utils/fiction-digest-export.browser.js(400,165): error TS2339: Property 'llmSlopScanReconciled' does not exist on type 'number'.
coming-soon/public/dashboard/js-es2018/utils/fiction-digest-export.browser.js(404,119): error TS2339: Property 'fictionJsonFilesScanned' does not exist on type 'number'.
coming-soon/public/dashboard/js-es2018/utils/fiction-digest-export.browser.js(405,119): error TS2339: Property 'ruleScopedFilesAnalyzed' does not exist on type 'number'.
coming-soon/public/dashboard/js-es2018/utils/fiction-digest-export.browser.js(422,49): error TS2339: Property 'ruleScopedFilesAnalyzed' does not exist on type 'number'.
coming-soon/public/dashboard/js-es2018/utils/fiction-digest-export.browser.js(422,126): error TS2339: Property 'scanScope' does not exist on type 'number'.
coming-soon/public/dashboard/js-es2018/utils/fiction-digest-export.browser.js(423,29): error TS2339: Property 'gate' does not exist on type 'number'.
coming-soon/public/dashboard/js-es2018/utils/fiction-digest-export.browser.js(425,29): error TS2339: Property 'gate' does not exist on type 'number'.
coming-soon/public/dashboard/js-es2018/utils/fiction-digest-export.browser.js(427,29): error TS2339: Property 'gate' does not exist on type 'number'.
coming-soon/public/dashboard/js-es2018/utils/fiction-digest-export.browser.js(438,111): error TS2339: Property 'scanScope' does not exist on type 'number'.
coming-soon/public/dashboard/js-es2018/utils/fiction-digest-export.browser.js(438,349): error TS2339: Property 'fullDirectoryStats' does not exist on type 'number'.
coming-soon/public/dashboard/js-es2018/utils/fiction-digest-export.browser.js(451,93): error TS2339: Property 'scanScope' does not exist on type 'number'.
coming-soon/public/dashboard/js-es2018/utils/fiction-digest-export.browser.js(457,170): error TS2339: Property 'productionLeakFindings' does not exist on type 'number'.
coming-soon/public/dashboard/js-es2018/utils/fiction-digest-export.browser.js(481,107): error TS2339: Property 'gate' does not exist on type 'number'.
coming-soon/public/dashboard/js-es2018/utils/fiction-digest-export.browser.js(497,93): error TS2339: Property 'scanScope' does not exist on type 'number'.
coming-soon/public/dashboard/js-es2018/utils/fiction-digest-export.browser.js(501,263): error TS2339: Property 'repositoryFilesTotal' does not exist on type 'number'.
coming-soon/public/dashboard/js-es2018/utils/fiction-digest-export.browser.js(502,375): error TS2339: Property 'credentialScanned' does not exist on type 'number'.
coming-soon/public/dashboard/js-es2018/utils/fiction-digest-export.browser.js(517,93): error TS2339: Property 'scanScope' does not exist on type 'number'.
coming-soon/public/dashboard/js-es2018/utils/fiction-digest-export.browser.js(519,175): error TS2339: Property 'sourceCodeFilesScanned' does not exist on type 'number'.
coming-soon/public/dashboard/js-es2018/utils/fiction-digest-export.browser.js(520,99): error TS2339: Property 'jestBaselineChecked' does not exist on type 'number'.
coming-soon/public/dashboard/js-es2018/utils/fiction-digest-export.browser.js(528,104): error TS2339: Property 'gate' does not exist on type 'number'.
coming-soon/public/dashboard/js-es2018/utils/fiction-digest-export.browser.js(529,109): error TS2339: Property 'gate' does not exist on type 'number'.
coming-soon/public/dashboard/js-es2018/utils/fiction-digest-export.browser.js(531,119): error TS2339: Property 'ruleScopedFilesAnalyzed' does not exist on type 'number'.
coming-soon/public/dashboard/js-es2018/utils/fiction-digest-export.browser.js(532,119): error TS2339: Property 'fictionJsonFilesScanned' does not exist on type 'number'.
coming-soon/public/dashboard/js-es2018/utils/fiction-digest-export.browser.js(533,121): error TS2339: Property 'fictionSampleFilesScanned' does not exist on type 'number'.
coming-soon/public/dashboard/js-es2018/utils/fiction-digest-export.browser.js(535,110): error TS2339: Property 'fullDirectoryScan' does not exist on type 'number'.
coming-soon/public/dashboard/js-es2018/utils/fiction-digest-export.browser.js(558,93): error TS2339: Property 'scanScope' does not exist on type 'number'.
coming-soon/public/dashboard/js-es2018/utils/fiction-digest-export.browser.js(564,110): error TS2339: Property 'fullDirectoryScan' does not exist on type 'number'.
coming-soon/public/dashboard/js-es2018/utils/fiction-digest-export.browser.js(590,93): error TS2339: Property 'scanScope' does not exist on type 'number'.
coming-soon/public/dashboard/js-es2018/utils/fiction-digest-export.browser.js(591,104): error TS2339: Property 'fictionJsonFilesScanned' does not exist on type 'number'.
coming-soon/public/dashboard/js-es2018/utils/fiction-digest-export.browser.js(592,169): error TS2339: Property 'sourceCodeFilesScanned' does not exist on type 'number'.
coming-soon/public/dashboard/js-es2018/utils/fiction-digest-export.browser.js(602,116): error TS2339: Property 'mockSampleFiles' does not exist on type 'number'.
coming-soon/public/dashboard/js-es2018/utils/fiction-digest-export.browser.js(602,239): error TS2339: Property 'totalFiles' does not exist on type 'number'.
coming-soon/public/dashboard/js-es2018/utils/fiction-digest-export.browser.js(603,113): error TS2339: Property 'fictionSampleFilesScanned' does not exist on type 'number'.
coming-soon/public/dashboard/js-es2018/utils/fiction-digest-export.browser.js(609,109): error TS2339: Property 'ruleScopedFilesAnalyzed' does not exist on type 'number'.
coming-soon/public/dashboard/js-es2018/utils/fiction-digest-export.browser.js(610,83): error TS2339: Property 'fullDirectoryScan' does not exist on type 'number'.
coming-soon/public/dashboard/js-es2018/utils/fiction-digest-export.browser.js(613,89): error TS2339: Property 'gate' does not exist on type 'number'.
coming-soon/public/dashboard/js-es2018/utils/fiction-digest-export.browser.js(616,94): error TS2339: Property 'gate' does not exist on type 'number'.
coming-soon/public/dashboard/js-es2018/utils/fiction-digest-export.browser.js(619,94): error TS2339: Property 'gate' does not exist on type 'number'.
coming-soon/public/dashboard/js-es2018/utils/fiction-digest-export.browser.js(620,51): error TS2339: Property 'gate' does not exist on type 'number'.
coming-soon/public/dashboard/js-es2018/utils/fiction-digest-export.browser.js(625,163): error TS2339: Property 'scanScope' does not exist on type 'number'.
coming-soon/public/dashboard/js-es2018/utils/fiction-digest-export.browser.js(647,39): error TS2339: Property 'type' does not exist on type 'number'.
coming-soon/public/dashboard/js-es2018/utils/fiction-digest-export.browser.js(649,13): error TS2339: Property 'gateAttestation' does not exist on type 'Number'.
coming-soon/public/dashboard/js-es2018/utils/fiction-digest-export.browser.js(649,51): error TS2700: Rest types may only be created from object types.
coming-soon/public/dashboard/js-es2018/utils/fiction-digest-export.browser.js(650,54): error TS2339: Property 'fullDirectoryScan' does not exist on type 'number'.
coming-soon/public/dashboard/js-es2018/utils/fiction-digest-export.browser.js(650,95): error TS2339: Property 'scanScope' does not exist on type 'number'.
coming-soon/public/dashboard/js-es2018/utils/fiction-digest-export.browser.js(653,32): error TS2339: Property 'scanScope' does not exist on type 'number'.
coming-soon/public/dashboard/js-es2018/utils/fiction-digest-export.browser.js(654,44): error TS2339: Property 'scanScope' does not exist on type 'number'.
coming-soon/public/dashboard/js-es2018/utils/fiction-digest-export.browser.js(665,30): error TS2339: Property 'scanScope' does not exist on type 'number'.
coming-soon/public/dashboard/js-es2018/utils/fiction-digest-export.browser.js(666,51): error TS2339: Property 'scanScope' does not exist on type 'number'.
coming-soon/public/dashboard/js-es2018/utils/fiction-digest-export.browser.js(670,46): error TS2339: Property 'scanScope' does not exist on type 'number'.
coming-soon/public/dashboard/js-es2018/utils/fiction-digest-export.browser.js(673,45): error TS2339: Property 'scanScope' does not exist on type 'number'.
coming-soon/public/dashboard/js-es2018/utils/fiction-digest-export.browser.js(693,109): error TS2339: Property 'ruleScopedFilesAnalyzed' does not exist on type 'number'.
coming-soon/public/dashboard/js-es2018/utils/fiction-digest-export.browser.js(693,246): error TS2339: Property 'scanScope' does not exist on type 'number'.
coming-soon/public/dashboard/js-es2018/utils/fiction-digest-export.browser.js(694,89): error TS2339: Property 'gate' does not exist on type 'number'.
coming-soon/public/dashboard/js-es2018/utils/fiction-digest-export.browser.js(706,27): error TS2339: Property 'type' does not exist on type 'number'.
coming-soon/public/dashboard/js-es2018/utils/fiction-digest-export.browser.js(708,38): error TS2339: Property 'projectRoot' does not exist on type 'number'.
coming-soon/public/dashboard/js-es2018/utils/fiction-digest-export.browser.js(710,40): error TS2339: Property 'rawIssues' does not exist on type 'number'.
coming-soon/public/dashboard/js-es2018/utils/fiction-digest-export.browser.js(710,108): error TS2339: Property 'rawIssues' does not exist on type 'number'.
coming-soon/public/dashboard/js-es2018/utils/fiction-digest-export.browser.js(710,128): error TS2339: Property 'detectedIssues' does not exist on type 'number'.
coming-soon/public/dashboard/js-es2018/utils/fiction-digest-export.browser.js(728,31): error TS2339: Property 'gate' does not exist on type 'number'.
coming-soon/public/dashboard/js-es2018/utils/fiction-digest-export.browser.js(728,53): error TS2339: Property 'scanScope' does not exist on type 'number'.
coming-soon/public/dashboard/js-es2018/utils/fiction-digest-export.browser.js(735,43): error TS2339: Property 'ruleScopedFilesAnalyzed' does not exist on type 'number'.
coming-soon/public/dashboard/js-es2018/utils/fiction-digest-export.browser.js(735,114): error TS2339: Property 'scanScope' does not exist on type 'number'.
coming-soon/public/dashboard/js-es2018/utils/fiction-digest-export.browser.js(738,48): error TS2339: Property 'fullDirectoryScan' does not exist on type 'number'.
coming-soon/public/dashboard/js-es2018/utils/fiction-digest-export.browser.js(738,83): error TS2339: Property 'scanScope' does not exist on type 'number'.
coming-soon/public/dashboard/js-es2018/utils/fiction-digest-export.browser.js(754,38): error TS2339: Property 'scanScope' does not exist on type 'number'.
coming-soon/public/dashboard/js-es2018/utils/fiction-digest-export.browser.js(759,61): error TS2339: Property 'scanScope' does not exist on type 'number'.
coming-soon/public/dashboard/js-es2018/utils/fiction-digest-export.browser.js(762,28): error TS2339: Property 'scanScope' does not exist on type 'number'.
coming-soon/public/dashboard/js-es2018/utils/npm-audit-export.browser.js(4,44): error TS2307: Cannot find module './quality-export.browser.js?v=20260531qualityexport8' or its corresponding type declarations.
coming-soon/public/dashboard/js-es2018/utils/npm-audit-export.browser.js(125,45): error TS2322: Type '{}' is not assignable to type 'string'.
coming-soon/public/dashboard/js-es2018/utils/npm-audit-export.browser.js(140,42): error TS2339: Property 'supplyChainStatus' does not exist on type 'string'.
coming-soon/public/dashboard/js-es2018/utils/npm-audit-export.browser.js(141,47): error TS2339: Property 'packageJsonPath' does not exist on type 'string'.
coming-soon/public/dashboard/js-es2018/utils/npm-audit-export.browser.js(185,42): error TS2322: Type '{}' is not assignable to type 'string'.
coming-soon/public/dashboard/js-es2018/utils/npm-audit-export.browser.js(187,13): error TS2339: Property 'benchmarkScan' does not exist on type 'String'.
coming-soon/public/dashboard/js-es2018/utils/npm-audit-export.browser.js(187,28): error TS2339: Property 'skipped' does not exist on type 'String'.
coming-soon/public/dashboard/js-es2018/utils/npm-audit-export.browser.js(187,37): error TS2339: Property 'supplyChainStatus' does not exist on type 'String'.
coming-soon/public/dashboard/js-es2018/utils/npm-audit-export.browser.js(187,56): error TS2339: Property 'deps' does not exist on type 'String'.
coming-soon/public/dashboard/js-es2018/utils/npm-audit-export.browser.js(187,62): error TS2339: Property 'summary' does not exist on type 'String'.
coming-soon/public/dashboard/js-es2018/utils/npm-audit-export.browser.js(189,29): error TS2339: Property 'gateReport' does not exist on type 'string'.
coming-soon/public/dashboard/js-es2018/utils/npm-audit-export.browser.js(190,39): error TS2339: Property 'repositoryFilesTotal' does not exist on type 'string'.
coming-soon/public/dashboard/js-es2018/utils/npm-audit-export.browser.js(198,28): error TS2339: Property 'scopeNote' does not exist on type 'string'.
coming-soon/public/dashboard/js-es2018/utils/npm-audit-export.browser.js(314,60): error TS2345: Argument of type '{ benchmarkScan: any; skipped: boolean; supplyChainStatus: any; scopeNote: any; gateReport: any; repositoryFilesTotal: any; }' is not assignable to parameter of type 'string'.
coming-soon/public/dashboard/js-es2018/utils/npm-audit-export.browser.js(333,56): error TS2345: Argument of type '{ benchmarkScan: any; skipped: boolean; supplyChainStatus: any; deps: any; summary: any; gateReport: any; repositoryFilesTotal: any; }' is not assignable to parameter of type 'string'.
coming-soon/public/dashboard/js-es2018/utils/npm-audit-export.browser.js(339,65): error TS2345: Argument of type '{ supplyChainStatus: any; packageJsonPath: any; gateReport: any; repositoryFilesTotal: any; }' is not assignable to parameter of type 'string'.
coming-soon/public/dashboard/js-es2018/utils/page-export.browser.js(5,33): error TS2307: Cannot find module '../services/platformService.js?v=20260531pageexport1' or its corresponding type declarations.
coming-soon/public/dashboard/js-es2018/utils/page-export.browser.js(6,127): error TS2307: Cannot find module '../services/analyzeService.js?v=20260710inventory1' or its corresponding type declarations.
coming-soon/public/dashboard/js-es2018/utils/page-export.browser.js(7,73): error TS2307: Cannot find module '../data/outreach-prospects.js?v=20260531pageexport1' or its corresponding type declarations.
coming-soon/public/dashboard/js-es2018/utils/page-export.browser.js(33,17): error TS8024: JSDoc '@param' tag has name 'label', but there is no parameter with that name.
coming-soon/public/dashboard/js-es2018/utils/page-export.browser.js(78,29): error TS2339: Property 'generatedAt' does not exist on type 'number'.
coming-soon/public/dashboard/js-es2018/utils/page-export.browser.js(79,38): error TS2339: Property 'gate' does not exist on type 'number'.
coming-soon/public/dashboard/js-es2018/utils/page-export.browser.js(80,34): error TS2339: Property 'issueCount' does not exist on type 'number'.
coming-soon/public/dashboard/js-es2018/utils/page-export.browser.js(81,36): error TS2339: Property 'qualityScore' does not exist on type 'number'.
coming-soon/public/dashboard/js-es2018/utils/page-export.browser.js(82,40): error TS2339: Property 'schemaCompliance' does not exist on type 'number'.
coming-soon/public/dashboard/js-es2018/utils/page-export.browser.js(83,40): error TS2339: Property 'consistencyScore' does not exist on type 'number'.
coming-soon/public/dashboard/js-es2018/utils/page-export.browser.js(84,42): error TS2339: Property 'credentialFindings' does not exist on type 'number'.
coming-soon/public/dashboard/js-es2018/utils/page-export.browser.js(85,46): error TS2339: Property 'productionLeakFindings' does not exist on type 'number'.
coming-soon/public/dashboard/js-es2018/utils/page-export.browser.js(121,103): error TS2339: Property 'totalFiles' does not exist on type 'number'.
coming-soon/public/dashboard/js-es2018/utils/platform-export.browser.js(4,39): error TS2307: Cannot find module '../services/analyzeService.js?v=20260710inventory1' or its corresponding type declarations.
coming-soon/public/dashboard/js-es2018/utils/platform-export.browser.js(5,50): error TS2307: Cannot find module './simplebeacon-report-export.browser.js?v=20260601gateexport17' or its corresponding type declarations.
coming-soon/public/dashboard/js-es2018/utils/platform-export.browser.js(6,199): error TS2307: Cannot find module './quality-export.browser.js?v=20260531qualityexport8' or its corresponding type declarations.
coming-soon/public/dashboard/js-es2018/utils/platform-export.browser.js(93,81): error TS2339: Property 'projectRoot' does not exist on type 'number'.
coming-soon/public/dashboard/js-es2018/utils/platform-export.browser.js(94,76): error TS2339: Property 'benchmarkScan' does not exist on type 'number'.
coming-soon/public/dashboard/js-es2018/utils/platform-export.browser.js(94,150): error TS2339: Property 'scanTargetProfile' does not exist on type 'number'.
coming-soon/public/dashboard/js-es2018/utils/platform-export.browser.js(139,81): error TS2339: Property 'pageSampleSchemaChecked' does not exist on type 'number'.
coming-soon/public/dashboard/js-es2018/utils/platform-export.browser.js(140,27): error TS2339: Property 'pageSampleSchemaPassed' does not exist on type 'number'.
coming-soon/public/dashboard/js-es2018/utils/platform-export.browser.js(140,96): error TS2339: Property 'pageSampleSchemaChecked' does not exist on type 'number'.
coming-soon/public/dashboard/js-es2018/utils/platform-export.browser.js(160,81): error TS2339: Property 'pageSampleSchemaChecked' does not exist on type 'number'.
coming-soon/public/dashboard/js-es2018/utils/platform-export.browser.js(161,27): error TS2339: Property 'pageSampleSchemaPassed' does not exist on type 'number'.
coming-soon/public/dashboard/js-es2018/utils/platform-export.browser.js(161,96): error TS2339: Property 'pageSampleSchemaChecked' does not exist on type 'number'.
coming-soon/public/dashboard/js-es2018/utils/platform-export.browser.js(183,29): error TS2339: Property 'projectRoot' does not exist on type 'number'.
coming-soon/public/dashboard/js-es2018/utils/platform-export.browser.js(183,51): error TS2339: Property 'platformRoot' does not exist on type 'number'.
coming-soon/public/dashboard/js-es2018/utils/platform-export.browser.js(219,53): error TS2322: Type '{}' is not assignable to type 'string'.
coming-soon/public/dashboard/js-es2018/utils/platform-export.browser.js(226,31): error TS2339: Property 'repositoryFilesTotal' does not exist on type 'string'.
coming-soon/public/dashboard/js-es2018/utils/platform-export.browser.js(227,36): error TS2339: Property 'pageSpecsLabel' does not exist on type 'string'.
coming-soon/public/dashboard/js-es2018/utils/platform-export.browser.js(235,41): error TS2339: Property 'benchmarkScan' does not exist on type 'string'.
coming-soon/public/dashboard/js-es2018/utils/platform-export.browser.js(264,43): error TS2322: Type '{}' is not assignable to type 'string'.
coming-soon/public/dashboard/js-es2018/utils/platform-export.browser.js(268,36): error TS2339: Property 'pageSpecsLabel' does not exist on type 'string'.
coming-soon/public/dashboard/js-es2018/utils/platform-export.browser.js(309,91): error TS2339: Property 'mockSampleFiles' does not exist on type 'number'.
coming-soon/public/dashboard/js-es2018/utils/platform-export.browser.js(309,196): error TS2339: Property 'totalFiles' does not exist on type 'number'.
coming-soon/public/dashboard/js-es2018/utils/platform-export.browser.js(310,84): error TS2339: Property 'qualityScore' does not exist on type 'number'.
coming-soon/public/dashboard/js-es2018/utils/platform-export.browser.js(311,86): error TS2339: Property 'schemaCompliance' does not exist on type 'number'.
coming-soon/public/dashboard/js-es2018/utils/platform-export.browser.js(312,85): error TS2339: Property 'issueCount' does not exist on type 'number'.
coming-soon/public/dashboard/js-es2018/utils/platform-export.browser.js(316,93): error TS2339: Property 'mockSampleFiles' does not exist on type 'number'.
coming-soon/public/dashboard/js-es2018/utils/platform-export.browser.js(316,198): error TS2339: Property 'totalFiles' does not exist on type 'number'.
coming-soon/public/dashboard/js-es2018/utils/platform-export.browser.js(330,55): error TS2339: Property 'jestTests' does not exist on type 'any[]'.
coming-soon/public/dashboard/js-es2018/utils/platform-export.browser.js(330,176): error TS2339: Property 'jestTests' does not exist on type 'any[]'.
coming-soon/public/dashboard/js-es2018/utils/platform-export.browser.js(334,30): error TS2339: Property 'sampleJsonFiles' does not exist on type 'any[]'.
coming-soon/public/dashboard/js-es2018/utils/platform-export.browser.js(338,30): error TS2339: Property 'mockScanFiles' does not exist on type 'any[]'.
coming-soon/public/dashboard/js-es2018/utils/platform-export.browser.js(342,30): error TS2339: Property 'schemaPassRate' does not exist on type 'any[]'.
coming-soon/public/dashboard/js-es2018/utils/platform-export.browser.js(346,30): error TS2339: Property 'securityScore' does not exist on type 'any[]'.
coming-soon/public/dashboard/js-es2018/utils/platform-export.browser.js(377,20): error TS8024: JSDoc '@param' tag has name 'report', but there is no parameter with that name.
coming-soon/public/dashboard/js-es2018/utils/platform-export.browser.js(378,17): error TS8024: JSDoc '@param' tag has name 'baseline', but there is no parameter with that name.
coming-soon/public/dashboard/js-es2018/utils/platform-export.browser.js(379,17): error TS8024: JSDoc '@param' tag has name 'coverage', but there is no parameter with that name.
coming-soon/public/dashboard/js-es2018/utils/platform-export.browser.js(380,17): error TS8024: JSDoc '@param' tag has name 'security', but there is no parameter with that name.
coming-soon/public/dashboard/js-es2018/utils/platform-export.browser.js(381,17): error TS8024: JSDoc '@param' tag has name 'quality', but there is no parameter with that name.
coming-soon/public/dashboard/js-es2018/utils/platform-export.browser.js(396,45): error TS2339: Property 'dashboardHome' does not exist on type '{}'.
coming-soon/public/dashboard/js-es2018/utils/platform-export.browser.js(396,60): error TS2339: Property 'report' does not exist on type '{}'.
coming-soon/public/dashboard/js-es2018/utils/platform-export.browser.js(396,68): error TS2339: Property 'baseline' does not exist on type '{}'.
coming-soon/public/dashboard/js-es2018/utils/platform-export.browser.js(396,78): error TS2339: Property 'config' does not exist on type '{}'.
coming-soon/public/dashboard/js-es2018/utils/platform-export.browser.js(396,86): error TS2339: Property 'coverage' does not exist on type '{}'.
coming-soon/public/dashboard/js-es2018/utils/platform-export.browser.js(396,96): error TS2339: Property 'security' does not exist on type '{}'.
coming-soon/public/dashboard/js-es2018/utils/platform-export.browser.js(396,106): error TS2339: Property 'quality' does not exist on type '{}'.
coming-soon/public/dashboard/js-es2018/utils/platform-export.browser.js(396,115): error TS2339: Property 'exportFilename' does not exist on type '{}'.
coming-soon/public/dashboard/js-es2018/utils/platform-export.browser.js(485,67): error TS2345: Argument of type '{ benchmarkScan: any; repositoryFilesTotal: any; pageSpecsLabel: any; }' is not assignable to parameter of type 'string'.
coming-soon/public/dashboard/js-es2018/utils/platform-export.browser.js(490,52): error TS2345: Argument of type '{ pageSpecsLabel: any; }' is not assignable to parameter of type 'string'.
coming-soon/public/dashboard/js-es2018/utils/platform-export.browser.js(615,19): error TS8024: JSDoc '@param' tag has name 'comparativeRows', but there is no parameter with that name.
coming-soon/public/dashboard/js-es2018/utils/platform-export.browser.js(616,17): error TS8024: JSDoc '@param' tag has name 'mockDataCategories', but there is no parameter with that name.
coming-soon/public/dashboard/js-es2018/utils/quality-export.browser.js(6,40): error TS2307: Cannot find module './npm-audit-export.browser.js?v=20260601npmaudit5' or its corresponding type declarations.
coming-soon/public/dashboard/js-es2018/utils/quality-export.browser.js(231,79): error TS2339: Property 'pageSampleSchemaChecked' does not exist on type 'number'.
coming-soon/public/dashboard/js-es2018/utils/quality-export.browser.js(232,27): error TS2339: Property 'pageSampleSchemaPassed' does not exist on type 'number'.
coming-soon/public/dashboard/js-es2018/utils/quality-export.browser.js(232,96): error TS2339: Property 'pageSampleSchemaChecked' does not exist on type 'number'.
coming-soon/public/dashboard/js-es2018/utils/quality-export.browser.js(289,17): error TS8024: JSDoc '@param' tag has name 'security', but there is no parameter with that name.
coming-soon/public/dashboard/js-es2018/utils/quality-export.browser.js(290,17): error TS8024: JSDoc '@param' tag has name 'quality', but there is no parameter with that name.
coming-soon/public/dashboard/js-es2018/utils/quality-export.browser.js(291,17): error TS8024: JSDoc '@param' tag has name 'npmAudit', but there is no parameter with that name.
coming-soon/public/dashboard/js-es2018/utils/quality-export.browser.js(305,17): error TS8024: JSDoc '@param' tag has name 'security', but there is no parameter with that name.
coming-soon/public/dashboard/js-es2018/utils/quality-export.browser.js(306,17): error TS8024: JSDoc '@param' tag has name 'quality', but there is no parameter with that name.
coming-soon/public/dashboard/js-es2018/utils/quality-export.browser.js(307,17): error TS8024: JSDoc '@param' tag has name 'npmAudit', but there is no parameter with that name.
coming-soon/public/dashboard/js-es2018/utils/quality-export.browser.js(308,20): error TS8024: JSDoc '@param' tag has name 'report', but there is no parameter with that name.
coming-soon/public/dashboard/js-es2018/utils/quality-export.browser.js(457,17): error TS8024: JSDoc '@param' tag has name 'npmAudit', but there is no parameter with that name.
coming-soon/public/dashboard/js-es2018/utils/repository-health-export.browser.js(4,75): error TS2307: Cannot find module './quality-export.browser.js?v=20260531qualityexport8' or its corresponding type declarations.
coming-soon/public/dashboard/js-es2018/utils/repository-health-export.browser.js(106,17): error TS8024: JSDoc '@param' tag has name 'preview', but there is no parameter with that name.
coming-soon/public/dashboard/js-es2018/utils/repository-health-export.browser.js(251,17): error TS8024: JSDoc '@param' tag has name 'preview', but there is no parameter with that name.
coming-soon/public/dashboard/js-es2018/utils/repository-health-export.browser.js(252,20): error TS8024: JSDoc '@param' tag has name 'candidatesScope', but there is no parameter with that name.
coming-soon/public/dashboard/js-es2018/utils/repository-health-export.browser.js(282,20): error TS8024: JSDoc '@param' tag has name 'candidatesScope', but there is no parameter with that name.
coming-soon/public/dashboard/js-es2018/utils/repository-health-export.browser.js(283,17): error TS8024: JSDoc '@param' tag has name 'preview', but there is no parameter with that name.
coming-soon/public/dashboard/js-es2018/utils/repository-health-export.browser.js(340,53): error TS2339: Property 'health' does not exist on type '{}'.
coming-soon/public/dashboard/js-es2018/utils/repository-health-export.browser.js(340,61): error TS2339: Property 'candidates' does not exist on type '{}'.
coming-soon/public/dashboard/js-es2018/utils/repository-health-export.browser.js(340,73): error TS2339: Property 'preview' does not exist on type '{}'.
coming-soon/public/dashboard/js-es2018/utils/repository-health-export.browser.js(340,82): error TS2339: Property 'candidatesProjectPath' does not exist on type '{}'.
coming-soon/public/dashboard/js-es2018/utils/repository-health-export.browser.js(340,105): error TS2339: Property 'candidatesScope' does not exist on type '{}'.
coming-soon/public/dashboard/js-es2018/utils/repository-health-export.browser.js(446,19): error TS8024: JSDoc '@param' tag has name 'recommendations', but there is no parameter with that name.
coming-soon/public/dashboard/js-es2018/utils/repository-health-export.browser.js(447,17): error TS8024: JSDoc '@param' tag has name 'platform', but there is no parameter with that name.
coming-soon/public/dashboard/js-es2018/utils/repository-health-export.browser.js(448,17): error TS8024: JSDoc '@param' tag has name 'monorepo', but there is no parameter with that name.
coming-soon/public/dashboard/js-es2018/utils/roadmap-export.browser.js(4,44): error TS2307: Cannot find module './quality-export.browser.js?v=20260531qualityexport8' or its corresponding type declarations.
coming-soon/public/dashboard/js-es2018/utils/roadmap-export.browser.js(166,31): error TS2339: Property 'totalLinesOfCode' does not exist on type 'any[]'.
coming-soon/public/dashboard/js-es2018/utils/roadmap-export.browser.js(167,31): error TS2339: Property 'testCoverage' does not exist on type 'any[]'.
coming-soon/public/dashboard/js-es2018/utils/roadmap-export.browser.js(168,38): error TS2339: Property 'documentation' does not exist on type 'any[]'.
coming-soon/public/dashboard/js-es2018/utils/roadmap-export.browser.js(248,40): error TS2740: Type '{}' is missing the following properties from type 'any[]': length, pop, push, concat, and 29 more.
coming-soon/public/dashboard/js-es2018/utils/roadmap-export.browser.js(249,17): error TS2339: Property 'testCoverage' does not exist on type 'any[]'.
coming-soon/public/dashboard/js-es2018/utils/roadmap-export.browser.js(249,49): error TS2339: Property 'lineCoverage' does not exist on type 'any[]'.
coming-soon/public/dashboard/js-es2018/utils/roadmap-export.browser.js(251,20): error TS2339: Property 'jestTests' does not exist on type 'any[]'.
coming-soon/public/dashboard/js-es2018/utils/roadmap-export.browser.js(251,49): error TS2339: Property 'jestSuites' does not exist on type 'any[]'.
coming-soon/public/dashboard/js-es2018/utils/roadmap-export.browser.js(291,119): error TS2339: Property 'repositoryFilesTotal' does not exist on type 'number'.
coming-soon/public/dashboard/js-es2018/utils/roadmap-export.browser.js(291,247): error TS2339: Property 'repositoryInventory' does not exist on type 'number'.
coming-soon/public/dashboard/js-es2018/utils/roadmap-export.browser.js(292,128): error TS2339: Property 'credentialScanned' does not exist on type 'number'.
coming-soon/public/dashboard/js-es2018/utils/roadmap-export.browser.js(292,247): error TS2339: Property 'productionLeakScanned' does not exist on type 'number'.
coming-soon/public/dashboard/js-es2018/utils/roadmap-export.browser.js(292,376): error TS2339: Property 'scanScope' does not exist on type 'number'.
coming-soon/public/dashboard/js-es2018/utils/roadmap-export.browser.js(350,25): error TS2339: Property 'sourceMetrics' does not exist on type 'any[]'.
coming-soon/public/dashboard/js-es2018/utils/roadmap-export.browser.js(354,18): error TS2339: Property 'executiveSummary' does not exist on type 'any[]'.
coming-soon/public/dashboard/js-es2018/utils/roadmap-export.browser.js(355,18): error TS2339: Property 'llmSummary' does not exist on type 'any[]'.
coming-soon/public/dashboard/js-es2018/utils/roadmap-export.browser.js(356,18): error TS2339: Property 'complianceNarrative' does not exist on type 'any[]'.
coming-soon/public/dashboard/js-es2018/utils/roadmap-export.browser.js(357,29): error TS2339: Property 'riskAssessment' does not exist on type 'any[]'.
coming-soon/public/dashboard/js-es2018/utils/roadmap-export.browser.js(374,14): error TS2339: Property 'sourceMetrics' does not exist on type '{ [n: number]: any; length: number; toString(): string; toLocaleString(): string; toLocaleString(locales: string | string[], options?: NumberFormatOptions & DateTimeFormatOptions): string; ... 31 more ...; [Symbol.unscopables]: { ...; }; }'.
coming-soon/public/dashboard/js-es2018/utils/roadmap-export.browser.js(375,14): error TS2339: Property 'sourceMetrics' does not exist on type '{ [n: number]: any; length: number; toString(): string; toLocaleString(): string; toLocaleString(locales: string | string[], options?: NumberFormatOptions & DateTimeFormatOptions): string; ... 31 more ...; [Symbol.unscopables]: { ...; }; }'.
coming-soon/public/dashboard/js-es2018/utils/roadmap-export.browser.js(376,21): error TS2339: Property 'sourceMetrics' does not exist on type '{ [n: number]: any; length: number; toString(): string; toLocaleString(): string; toLocaleString(locales: string | string[], options?: NumberFormatOptions & DateTimeFormatOptions): string; ... 31 more ...; [Symbol.unscopables]: { ...; }; }'.
coming-soon/public/dashboard/js-es2018/utils/roadmap-export.browser.js(387,20): error TS2339: Property 'riskAssessment' does not exist on type '{ [n: number]: any; length: number; toString(): string; toLocaleString(): string; toLocaleString(locales: string | string[], options?: NumberFormatOptions & DateTimeFormatOptions): string; ... 31 more ...; [Symbol.unscopables]: { ...; }; }'.
coming-soon/public/dashboard/js-es2018/utils/roadmap-export.browser.js(388,14): error TS2339: Property 'riskAssessment' does not exist on type '{ [n: number]: any; length: number; toString(): string; toLocaleString(): string; toLocaleString(locales: string | string[], options?: NumberFormatOptions & DateTimeFormatOptions): string; ... 31 more ...; [Symbol.unscopables]: { ...; }; }'.
coming-soon/public/dashboard/js-es2018/utils/roadmap-export.browser.js(389,21): error TS2339: Property 'riskAssessment' does not exist on type '{ [n: number]: any; length: number; toString(): string; toLocaleString(): string; toLocaleString(locales: string | string[], options?: NumberFormatOptions & DateTimeFormatOptions): string; ... 31 more ...; [Symbol.unscopables]: { ...; }; }'.
coming-soon/public/dashboard/js-es2018/utils/roadmap-export.browser.js(390,31): error TS2339: Property 'riskAssessment' does not exist on type '{ [n: number]: any; length: number; toString(): string; toLocaleString(): string; toLocaleString(locales: string | string[], options?: NumberFormatOptions & DateTimeFormatOptions): string; ... 31 more ...; [Symbol.unscopables]: { ...; }; }'.
coming-soon/public/dashboard/js-es2018/utils/roadmap-export.browser.js(402,28): error TS2339: Property 'recommendations' does not exist on type '{ [n: number]: any; length: number; toString(): string; toLocaleString(): string; toLocaleString(locales: string | string[], options?: NumberFormatOptions & DateTimeFormatOptions): string; ... 31 more ...; [Symbol.unscopables]: { ...; }; }'.
coming-soon/public/dashboard/js-es2018/utils/roadmap-export.browser.js(403,14): error TS2339: Property 'recommendations' does not exist on type '{ [n: number]: any; length: number; toString(): string; toLocaleString(): string; toLocaleString(locales: string | string[], options?: NumberFormatOptions & DateTimeFormatOptions): string; ... 31 more ...; [Symbol.unscopables]: { ...; }; }'.
coming-soon/public/dashboard/js-es2018/utils/roadmap-export.browser.js(403,37): error TS2339: Property 'recommendations' does not exist on type '{ [n: number]: any; length: number; toString(): string; toLocaleString(): string; toLocaleString(locales: string | string[], options?: NumberFormatOptions & DateTimeFormatOptions): string; ... 31 more ...; [Symbol.unscopables]: { ...; }; }'.
coming-soon/public/dashboard/js-es2018/utils/roadmap-export.browser.js(411,10): error TS2339: Property 'llmAdvisoryOnly' does not exist on type '{ [n: number]: any; length: number; toString(): string; toLocaleString(): string; toLocaleString(locales: string | string[], options?: NumberFormatOptions & DateTimeFormatOptions): string; ... 31 more ...; [Symbol.unscopables]: { ...; }; }'.
coming-soon/public/dashboard/js-es2018/utils/roadmap-export.browser.js(412,36): error TS2339: Property 'llmDisclaimer' does not exist on type '{ [n: number]: any; length: number; toString(): string; toLocaleString(): string; toLocaleString(locales: string | string[], options?: NumberFormatOptions & DateTimeFormatOptions): string; ... 31 more ...; [Symbol.unscopables]: { ...; }; }'.
coming-soon/public/dashboard/js-es2018/utils/roadmap-export.browser.js(413,10): error TS2339: Property 'llmDisclaimer' does not exist on type '{ [n: number]: any; length: number; toString(): string; toLocaleString(): string; toLocaleString(locales: string | string[], options?: NumberFormatOptions & DateTimeFormatOptions): string; ... 31 more ...; [Symbol.unscopables]: { ...; }; }'.
coming-soon/public/dashboard/js-es2018/utils/roadmap-export.browser.js(464,53): error TS2322: Type '{}' is not assignable to type 'string'.
coming-soon/public/dashboard/js-es2018/utils/roadmap-export.browser.js(472,13): error TS2339: Property 'repositoryFilesTotal' does not exist on type 'String'.
coming-soon/public/dashboard/js-es2018/utils/roadmap-export.browser.js(472,46): error TS2339: Property 'credentialScanned' does not exist on type 'String'.
coming-soon/public/dashboard/js-es2018/utils/roadmap-export.browser.js(472,65): error TS2339: Property 'contentScanned' does not exist on type 'String'.
coming-soon/public/dashboard/js-es2018/utils/roadmap-export.browser.js(472,81): error TS2339: Property 'gateProfile' does not exist on type 'String'.
coming-soon/public/dashboard/js-es2018/utils/roadmap-export.browser.js(472,94): error TS2339: Property 'fictionJsonFilesScanned' does not exist on type 'String'.
coming-soon/public/dashboard/js-es2018/utils/roadmap-export.browser.js(472,119): error TS2339: Property 'fictionSampleFilesScanned' does not exist on type 'String'.
coming-soon/public/dashboard/js-es2018/utils/roadmap-export.browser.js(472,146): error TS2339: Property 'gatePass' does not exist on type 'String'.
coming-soon/public/dashboard/js-es2018/utils/roadmap-export.browser.js(472,156): error TS2339: Property 'blockingCount' does not exist on type 'String'.
coming-soon/public/dashboard/js-es2018/utils/roadmap-export.browser.js(472,171): error TS2339: Property 'jestBaselineChecked' does not exist on type 'String'.
coming-soon/public/dashboard/js-es2018/utils/roadmap-export.browser.js(502,59): error TS2322: Type '{}' is not assignable to type 'string'.
coming-soon/public/dashboard/js-es2018/utils/roadmap-export.browser.js(504,13): error TS2339: Property 'repositoryFilesTotal' does not exist on type 'String'.
coming-soon/public/dashboard/js-es2018/utils/roadmap-export.browser.js(504,46): error TS2339: Property 'gateProfile' does not exist on type 'String'.
coming-soon/public/dashboard/js-es2018/utils/roadmap-export.browser.js(530,100): error TS2339: Property 'features' does not exist on type 'any[]'.
coming-soon/public/dashboard/js-es2018/utils/roadmap-export.browser.js(560,50): error TS2322: Type '{}' is not assignable to type 'string'.
coming-soon/public/dashboard/js-es2018/utils/roadmap-export.browser.js(575,37): error TS2339: Property 'repositoryFilesTotal' does not exist on type 'string'.
coming-soon/public/dashboard/js-es2018/utils/roadmap-export.browser.js(577,45): error TS2339: Property 'credentialScanned' does not exist on type 'string'.
coming-soon/public/dashboard/js-es2018/utils/roadmap-export.browser.js(578,39): error TS2339: Property 'gateProfile' does not exist on type 'string'.
coming-soon/public/dashboard/js-es2018/utils/roadmap-export.browser.js(579,51): error TS2339: Property 'fictionJsonFilesScanned' does not exist on type 'string'.
coming-soon/public/dashboard/js-es2018/utils/roadmap-export.browser.js(580,53): error TS2339: Property 'fictionSampleFilesScanned' does not exist on type 'string'.
coming-soon/public/dashboard/js-es2018/utils/roadmap-export.browser.js(581,36): error TS2339: Property 'gatePass' does not exist on type 'string'.
coming-soon/public/dashboard/js-es2018/utils/roadmap-export.browser.js(582,41): error TS2339: Property 'blockingCount' does not exist on type 'string'.
coming-soon/public/dashboard/js-es2018/utils/roadmap-export.browser.js(583,41): error TS2339: Property 'jestBaselineChecked' does not exist on type 'string'.
coming-soon/public/dashboard/js-es2018/utils/roadmap-export.browser.js(743,96): error TS2339: Property 'totalFiles' does not exist on type 'string'.
coming-soon/public/dashboard/js-es2018/utils/roadmap-export.browser.js(745,42): error TS2339: Property 'totalFiles' does not exist on type 'string'.
coming-soon/public/dashboard/js-es2018/utils/roadmap-export.browser.js(746,77): error TS2339: Property 'totalFiles' does not exist on type 'string'.
coming-soon/public/dashboard/js-es2018/utils/roadmap-export.browser.js(748,9): error TS2698: Spread types may only be created from object types.
coming-soon/public/dashboard/js-es2018/utils/roadmap-export.browser.js(749,31): error TS2339: Property 'totalFiles' does not exist on type 'string'.
coming-soon/public/dashboard/js-es2018/utils/roadmap-export.browser.js(766,33): error TS2339: Property 'languages' does not exist on type 'string'.
coming-soon/public/dashboard/js-es2018/utils/roadmap-export.browser.js(766,68): error TS2339: Property 'languages' does not exist on type 'string'.
coming-soon/public/dashboard/js-es2018/utils/roadmap-export.browser.js(767,21): error TS2339: Property 'languages' does not exist on type 'string'.
coming-soon/public/dashboard/js-es2018/utils/roadmap-export.browser.js(768,69): error TS2339: Property 'languages' does not exist on type 'any[]'.
coming-soon/public/dashboard/js-es2018/utils/roadmap-export.browser.js(771,86): error TS2339: Property 'totalLinesOfCode' does not exist on type 'any[]'.
coming-soon/public/dashboard/js-es2018/utils/roadmap-export.browser.js(774,80): error TS2339: Property 'complexity' does not exist on type 'any[]'.
coming-soon/public/dashboard/js-es2018/utils/roadmap-export.browser.js(776,54): error TS2339: Property 'languages' does not exist on type 'string'.
coming-soon/public/dashboard/js-es2018/utils/roadmap-export.browser.js(776,210): error TS2339: Property 'documentation' does not exist on type 'any[]'.
coming-soon/public/dashboard/js-es2018/utils/roadmap-export.browser.js(777,46): error TS2339: Property 'languages' does not exist on type 'string'.
coming-soon/public/dashboard/js-es2018/utils/roadmap-export.browser.js(943,65): error TS2339: Property 'recommendations' does not exist on type '{ [n: number]: any; length: number; toString(): string; toLocaleString(): string; toLocaleString(locales: string | string[], options?: NumberFormatOptions & DateTimeFormatOptions): string; ... 31 more ...; [Symbol.unscopables]: { ...; }; }'.
coming-soon/public/dashboard/js-es2018/utils/roadmap-export.browser.js(944,14): error TS2339: Property 'recommendations' does not exist on type '{ [n: number]: any; length: number; toString(): string; toLocaleString(): string; toLocaleString(locales: string | string[], options?: NumberFormatOptions & DateTimeFormatOptions): string; ... 31 more ...; [Symbol.unscopables]: { ...; }; }'.
coming-soon/public/dashboard/js-es2018/utils/roadmap-export.browser.js(954,18): error TS2339: Property 'riskAssessment' does not exist on type '{ [n: number]: any; length: number; toString(): string; toLocaleString(): string; toLocaleString(locales: string | string[], options?: NumberFormatOptions & DateTimeFormatOptions): string; ... 31 more ...; [Symbol.unscopables]: { ...; }; }'.
coming-soon/public/dashboard/js-es2018/utils/roadmap-export.browser.js(960,35): error TS2339: Property 'riskAssessment' does not exist on type '{ [n: number]: any; length: number; toString(): string; toLocaleString(): string; toLocaleString(locales: string | string[], options?: NumberFormatOptions & DateTimeFormatOptions): string; ... 31 more ...; [Symbol.unscopables]: { ...; }; }'.
coming-soon/public/dashboard/js-es2018/utils/roadmap-export.browser.js(964,18): error TS2339: Property 'riskAssessment' does not exist on type '{ [n: number]: any; length: number; toString(): string; toLocaleString(): string; toLocaleString(locales: string | string[], options?: NumberFormatOptions & DateTimeFormatOptions): string; ... 31 more ...; [Symbol.unscopables]: { ...; }; }'.
coming-soon/public/dashboard/js-es2018/utils/roadmap-export.browser.js(965,25): error TS2339: Property 'riskAssessment' does not exist on type '{ [n: number]: any; length: number; toString(): string; toLocaleString(): string; toLocaleString(locales: string | string[], options?: NumberFormatOptions & DateTimeFormatOptions): string; ... 31 more ...; [Symbol.unscopables]: { ...; }; }'.
coming-soon/public/dashboard/js-es2018/utils/roadmap-export.browser.js(966,52): error TS2339: Property 'riskAssessment' does not exist on type '{ [n: number]: any; length: number; toString(): string; toLocaleString(): string; toLocaleString(locales: string | string[], options?: NumberFormatOptions & DateTimeFormatOptions): string; ... 31 more ...; [Symbol.unscopables]: { ...; }; }'.
coming-soon/public/dashboard/js-es2018/utils/roadmap-export.browser.js(977,18): error TS2339: Property 'sourceMetrics' does not exist on type '{ [n: number]: any; length: number; toString(): string; toLocaleString(): string; toLocaleString(locales: string | string[], options?: NumberFormatOptions & DateTimeFormatOptions): string; ... 31 more ...; [Symbol.unscopables]: { ...; }; }'.
coming-soon/public/dashboard/js-es2018/utils/roadmap-export.browser.js(978,18): error TS2339: Property 'sourceMetrics' does not exist on type '{ [n: number]: any; length: number; toString(): string; toLocaleString(): string; toLocaleString(locales: string | string[], options?: NumberFormatOptions & DateTimeFormatOptions): string; ... 31 more ...; [Symbol.unscopables]: { ...; }; }'.
coming-soon/public/dashboard/js-es2018/utils/roadmap-export.browser.js(979,25): error TS2339: Property 'sourceMetrics' does not exist on type '{ [n: number]: any; length: number; toString(): string; toLocaleString(): string; toLocaleString(locales: string | string[], options?: NumberFormatOptions & DateTimeFormatOptions): string; ... 31 more ...; [Symbol.unscopables]: { ...; }; }'.
coming-soon/public/dashboard/js-es2018/utils/roadmap-export.browser.js(984,60): error TS2339: Property 'sourceMetrics' does not exist on type '{ [n: number]: any; length: number; toString(): string; toLocaleString(): string; toLocaleString(locales: string | string[], options?: NumberFormatOptions & DateTimeFormatOptions): string; ... 31 more ...; [Symbol.unscopables]: { ...; }; }'.
coming-soon/public/dashboard/js-es2018/utils/roadmap-export.browser.js(985,60): error TS2339: Property 'sourceMetrics' does not exist on type '{ [n: number]: any; length: number; toString(): string; toLocaleString(): string; toLocaleString(locales: string | string[], options?: NumberFormatOptions & DateTimeFormatOptions): string; ... 31 more ...; [Symbol.unscopables]: { ...; }; }'.
coming-soon/public/dashboard/js-es2018/utils/roadmap-export.browser.js(986,59): error TS2339: Property 'sourceMetrics' does not exist on type '{ [n: number]: any; length: number; toString(): string; toLocaleString(): string; toLocaleString(locales: string | string[], options?: NumberFormatOptions & DateTimeFormatOptions): string; ... 31 more ...; [Symbol.unscopables]: { ...; }; }'.
coming-soon/public/dashboard/js-es2018/utils/roadmap-export.browser.js(994,40): error TS2339: Property 'llmDisclaimer' does not exist on type '{ [n: number]: any; length: number; toString(): string; toLocaleString(): string; toLocaleString(locales: string | string[], options?: NumberFormatOptions & DateTimeFormatOptions): string; ... 31 more ...; [Symbol.unscopables]: { ...; }; }'.
coming-soon/public/dashboard/js-es2018/utils/roadmap-export.browser.js(995,14): error TS2339: Property 'llmDisclaimer' does not exist on type '{ [n: number]: any; length: number; toString(): string; toLocaleString(): string; toLocaleString(locales: string | string[], options?: NumberFormatOptions & DateTimeFormatOptions): string; ... 31 more ...; [Symbol.unscopables]: { ...; }; }'.
coming-soon/public/dashboard/js-es2018/utils/roadmap-export.browser.js(1018,98): error TS2339: Property 'codeFiles' does not exist on type 'any[]'.
coming-soon/public/dashboard/js-es2018/utils/roadmap-export.browser.js(1018,148): error TS2339: Property 'codeFiles' does not exist on type 'any[]'.
coming-soon/public/dashboard/js-es2018/utils/roadmap-export.browser.js(1019,48): error TS2339: Property 'categories' does not exist on type 'any[]'.
coming-soon/public/dashboard/js-es2018/utils/roadmap-export.browser.js(1022,25): error TS2339: Property 'metrics' does not exist on type 'any[]'.
coming-soon/public/dashboard/js-es2018/utils/roadmap-export.browser.js(1023,95): error TS2339: Property 'codeFiles' does not exist on type 'any[]'.
coming-soon/public/dashboard/js-es2018/utils/roadmap-export.browser.js(1024,40): error TS2339: Property 'testFiles' does not exist on type 'any[]'.
coming-soon/public/dashboard/js-es2018/utils/roadmap-export.browser.js(1059,9): error TS2698: Spread types may only be created from object types.
coming-soon/public/dashboard/js-es2018/utils/roadmap-export.browser.js(1060,34): error TS2339: Property 'totalFiles' does not exist on type 'string'.
coming-soon/public/dashboard/js-es2018/utils/roadmap-export.browser.js(1076,28): error TS2339: Property 'features' does not exist on type '{ [n: number]: any; length: number; toString(): string; toLocaleString(): string; toLocaleString(locales: string | string[], options?: NumberFormatOptions & DateTimeFormatOptions): string; ... 31 more ...; [Symbol.unscopables]: { ...; }; }'.
coming-soon/public/dashboard/js-es2018/utils/roadmap-export.browser.js(1078,18): error TS2339: Property 'features' does not exist on type '{ [n: number]: any; length: number; toString(): string; toLocaleString(): string; toLocaleString(locales: string | string[], options?: NumberFormatOptions & DateTimeFormatOptions): string; ... 31 more ...; [Symbol.unscopables]: { ...; }; }'.
coming-soon/public/dashboard/js-es2018/utils/roadmap-export.browser.js(1079,18): error TS2339: Property 'featuresNote' does not exist on type '{ [n: number]: any; length: number; toString(): string; toLocaleString(): string; toLocaleString(locales: string | string[], options?: NumberFormatOptions & DateTimeFormatOptions): string; ... 31 more ...; [Symbol.unscopables]: { ...; }; }'.
coming-soon/public/dashboard/js-es2018/utils/roadmap-export.browser.js(1082,18): error TS2339: Property 'features' does not exist on type '{ [n: number]: any; length: number; toString(): string; toLocaleString(): string; toLocaleString(locales: string | string[], options?: NumberFormatOptions & DateTimeFormatOptions): string; ... 31 more ...; [Symbol.unscopables]: { ...; }; }'.
coming-soon/public/dashboard/js-es2018/utils/roadmap-export.browser.js(1082,34): error TS2339: Property 'features' does not exist on type '{ [n: number]: any; length: number; toString(): string; toLocaleString(): string; toLocaleString(locales: string | string[], options?: NumberFormatOptions & DateTimeFormatOptions): string; ... 31 more ...; [Symbol.unscopables]: { ...; }; }'.
coming-soon/public/dashboard/js-es2018/utils/roadmap-export.browser.js(1088,23): error TS2339: Property 'features' does not exist on type '{ [n: number]: any; length: number; toString(): string; toLocaleString(): string; toLocaleString(locales: string | string[], options?: NumberFormatOptions & DateTimeFormatOptions): string; ... 31 more ...; [Symbol.unscopables]: { ...; }; }'.
coming-soon/public/dashboard/js-es2018/utils/roadmap-export.browser.js(1089,22): error TS2339: Property 'featuresNote' does not exist on type '{ [n: number]: any; length: number; toString(): string; toLocaleString(): string; toLocaleString(locales: string | string[], options?: NumberFormatOptions & DateTimeFormatOptions): string; ... 31 more ...; [Symbol.unscopables]: { ...; }; }'.
coming-soon/public/dashboard/js-es2018/utils/roadmap-export.browser.js(1093,36): error TS2339: Property 'phase2' does not exist on type '{ [n: number]: any; length: number; toString(): string; toLocaleString(): string; toLocaleString(locales: string | string[], options?: NumberFormatOptions & DateTimeFormatOptions): string; ... 31 more ...; [Symbol.unscopables]: { ...; }; }'.
coming-soon/public/dashboard/js-es2018/utils/roadmap-export.browser.js(1095,14): error TS2339: Property 'phase2' does not exist on type '{ [n: number]: any; length: number; toString(): string; toLocaleString(): string; toLocaleString(locales: string | string[], options?: NumberFormatOptions & DateTimeFormatOptions): string; ... 31 more ...; [Symbol.unscopables]: { ...; }; }'.
coming-soon/public/dashboard/js-es2018/utils/roadmap-export.browser.js(1096,21): error TS2339: Property 'phase2' does not exist on type '{ [n: number]: any; length: number; toString(): string; toLocaleString(): string; toLocaleString(locales: string | string[], options?: NumberFormatOptions & DateTimeFormatOptions): string; ... 31 more ...; [Symbol.unscopables]: { ...; }; }'.
coming-soon/public/dashboard/js-es2018/utils/roadmap-export.browser.js(1098,25): error TS2339: Property 'phase2' does not exist on type '{ [n: number]: any; length: number; toString(): string; toLocaleString(): string; toLocaleString(locales: string | string[], options?: NumberFormatOptions & DateTimeFormatOptions): string; ... 31 more ...; [Symbol.unscopables]: { ...; }; }'.
coming-soon/public/dashboard/js-es2018/utils/roadmap-export.browser.js(1145,104): error TS2339: Property 'codeFiles' does not exist on type 'any[]'.
coming-soon/public/dashboard/js-es2018/utils/security-export.browser.js(91,33): error TS2367: This comparison appears to be unintentional because the types 'boolean' and 'string' have no overlap.
coming-soon/public/dashboard/js-es2018/utils/security-export.browser.js(154,93): error TS2339: Property 'gate' does not exist on type 'number'.
coming-soon/public/dashboard/js-es2018/utils/security-export.browser.js(200,85): error TS2339: Property 'productionLeakSuppressedIntent' does not exist on type 'number'.
coming-soon/public/dashboard/js-es2018/utils/security-export.browser.js(204,96): error TS2339: Property 'gate' does not exist on type 'number'.
coming-soon/public/dashboard/js-es2018/utils/security-export.browser.js(220,87): error TS2339: Property 'gate' does not exist on type 'number'.
coming-soon/public/dashboard/js-es2018/utils/security-export.browser.js(235,90): error TS2339: Property 'generatedAt' does not exist on type 'number'.
coming-soon/public/dashboard/js-es2018/utils/security-export.browser.js(239,85): error TS2339: Property 'generatedAt' does not exist on type 'number'.
coming-soon/public/dashboard/js-es2018/utils/security-export.browser.js(305,93): error TS2339: Property 'credentialFindings' does not exist on type 'number'.
coming-soon/public/dashboard/js-es2018/utils/security-export.browser.js(306,97): error TS2339: Property 'productionLeakFindings' does not exist on type 'number'.
coming-soon/public/dashboard/js-es2018/utils/security-export.browser.js(308,89): error TS2339: Property 'credentialScanned' does not exist on type 'number'.
coming-soon/public/dashboard/js-es2018/utils/security-export.browser.js(310,93): error TS2339: Property 'productionLeakScanned' does not exist on type 'number'.
coming-soon/public/dashboard/js-es2018/utils/security-export.browser.js(312,102): error TS2339: Property 'productionLeakSuppressedIntent' does not exist on type 'number'.
coming-soon/public/dashboard/js-es2018/utils/security-export.browser.js(315,92): error TS2339: Property 'gate' does not exist on type 'number'.
coming-soon/public/dashboard/js-es2018/utils/security-export.browser.js(316,95): error TS2339: Property 'gate' does not exist on type 'number'.
coming-soon/public/dashboard/js-es2018/utils/security-export.browser.js(317,83): error TS2339: Property 'generatedAt' does not exist on type 'number'.
coming-soon/public/dashboard/js-es2018/utils/security-export.browser.js(335,54): error TS2339: Property 'projectRoot' does not exist on type 'number'.
coming-soon/public/dashboard/js-es2018/utils/security-export.browser.js(339,50): error TS2339: Property 'scanPaths' does not exist on type 'number'.
coming-soon/public/dashboard/js-es2018/utils/security-export.browser.js(339,68): error TS2339: Property 'projectRoot' does not exist on type 'number'.
coming-soon/public/dashboard/js-es2018/utils/security-export.browser.js(353,39): error TS2339: Property 'generatedAt' does not exist on type 'number'.
coming-soon/public/dashboard/js-es2018/utils/security-export.browser.js(354,60): error TS2339: Property 'projectRoot' does not exist on type 'number'.
coming-soon/public/dashboard/js-es2018/utils/security-export.browser.js(356,32): error TS2339: Property 'gate' does not exist on type 'number'.
coming-soon/public/dashboard/js-es2018/utils/security-export.browser.js(357,45): error TS2339: Property 'credentialScanned' does not exist on type 'number'.
coming-soon/public/dashboard/js-es2018/utils/security-export.browser.js(358,49): error TS2339: Property 'productionLeakScanned' does not exist on type 'number'.
coming-soon/public/dashboard/js-es2018/utils/security-export.browser.js(359,58): error TS2339: Property 'productionLeakSuppressedIntent' does not exist on type 'number'.
coming-soon/public/dashboard/js-es2018/utils/security-export.browser.js(360,66): error TS2339: Property 'scanScope' does not exist on type 'number'.
coming-soon/public/dashboard/js-es2018/utils/security-export.browser.js(397,38): error TS2339: Property 'generatedAt' does not exist on type 'number'.
coming-soon/public/dashboard/js-es2018/utils/security-export.browser.js(397,60): error TS2339: Property 'gate' does not exist on type 'number'.
coming-soon/public/dashboard/js-es2018/utils/security-export.browser.js(397,83): error TS2339: Property 'credentialScanned' does not exist on type 'number'.
coming-soon/public/dashboard/js-es2018/utils/simplebeacon-report-export.browser.js(7,47): error TS2307: Cannot find module './quality-export.browser.js?v=20260531qualityexport8' or its corresponding type declarations.
coming-soon/public/dashboard/js-es2018/utils/simplebeacon-report-export.browser.js(61,13): error TS2339: Property 'rawIssues' does not exist on type 'null'.
coming-soon/public/dashboard/js-es2018/utils/simplebeacon-report-export.browser.js(61,36): error TS2339: Property 'sampleFiles' does not exist on type 'null'.
coming-soon/public/dashboard/js-es2018/utils/simplebeacon-report-export.browser.js(61,63): error TS2339: Property 'benchmarkCloneNoiseIssues' does not exist on type 'null'.
coming-soon/public/dashboard/js-es2018/utils/simplebeacon-report-export.browser.js(61,121): error TS2700: Rest types may only be created from object types.
coming-soon/public/dashboard/js-es2018/utils/simplebeacon-report-export.browser.js(83,16): error TS2339: Property 'benchmarkScan' does not exist on type 'number'.
coming-soon/public/dashboard/js-es2018/utils/simplebeacon-report-export.browser.js(83,40): error TS2339: Property 'projectRoot' does not exist on type 'number'.
coming-soon/public/dashboard/js-es2018/utils/simplebeacon-report-export.browser.js(83,82): error TS2339: Property 'projectRoot' does not exist on type 'number'.
coming-soon/public/dashboard/js-es2018/utils/simplebeacon-report-export.browser.js(84,30): error TS2339: Property 'projectRoot' does not exist on type 'number'.
coming-soon/public/dashboard/js-es2018/utils/simplebeacon-report-export.browser.js(89,19): error TS2339: Property 'scanTargetRoot' does not exist on type 'number'.
coming-soon/public/dashboard/js-es2018/utils/simplebeacon-report-export.browser.js(90,19): error TS2339: Property 'projectRoot' does not exist on type 'number'.
coming-soon/public/dashboard/js-es2018/utils/simplebeacon-report-export.browser.js(91,19): error TS2339: Property 'platformRoot' does not exist on type 'number'.
coming-soon/public/dashboard/js-es2018/utils/simplebeacon-report-export.browser.js(95,16): error TS2339: Property 'benchmarkScan' does not exist on type 'number'.
coming-soon/public/dashboard/js-es2018/utils/simplebeacon-report-export.browser.js(115,61): error TS2339: Property 'scanTargetRoot' does not exist on type 'number'.
coming-soon/public/dashboard/js-es2018/utils/simplebeacon-report-export.browser.js(115,86): error TS2339: Property 'projectRoot' does not exist on type 'number'.
coming-soon/public/dashboard/js-es2018/utils/simplebeacon-report-export.browser.js(115,108): error TS2339: Property 'platformRoot' does not exist on type 'number'.
coming-soon/public/dashboard/js-es2018/utils/simplebeacon-report-export.browser.js(232,104): error TS2339: Property 'llmSlopFilesScanned' does not exist on type 'number'.
coming-soon/public/dashboard/js-es2018/utils/simplebeacon-report-export.browser.js(233,92): error TS2339: Property 'llmSlopScanRaw' does not exist on type 'number'.
coming-soon/public/dashboard/js-es2018/utils/simplebeacon-report-export.browser.js(234,103): error TS2339: Property 'llmSlopScanReconciled' does not exist on type 'number'.
coming-soon/public/dashboard/js-es2018/utils/simplebeacon-report-export.browser.js(250,32): error TS2339: Property 'jestSummary' does not exist on type 'number'.
coming-soon/public/dashboard/js-es2018/utils/simplebeacon-report-export.browser.js(251,33): error TS2339: Property 'jestBaselineChecked' does not exist on type 'number'.
coming-soon/public/dashboard/js-es2018/utils/simplebeacon-report-export.browser.js(252,26): error TS2339: Property 'scanScope' does not exist on type 'number'.
coming-soon/public/dashboard/js-es2018/utils/simplebeacon-report-export.browser.js(256,53): error TS2339: Property 'repositoryFilesTotal' does not exist on type 'number'.
coming-soon/public/dashboard/js-es2018/utils/simplebeacon-report-export.browser.js(256,121): error TS2339: Property 'repositoryInventory' does not exist on type 'number'.
coming-soon/public/dashboard/js-es2018/utils/simplebeacon-report-export.browser.js(258,65): error TS2339: Property 'scanScope' does not exist on type 'number'.
coming-soon/public/dashboard/js-es2018/utils/simplebeacon-report-export.browser.js(258,244): error TS2339: Property 'scanScope' does not exist on type 'number'.
coming-soon/public/dashboard/js-es2018/utils/simplebeacon-report-export.browser.js(258,416): error TS2339: Property 'credentialScanned' does not exist on type 'number'.
coming-soon/public/dashboard/js-es2018/utils/simplebeacon-report-export.browser.js(260,38): error TS2339: Property 'gate' does not exist on type 'number'.
coming-soon/public/dashboard/js-es2018/utils/simplebeacon-report-export.browser.js(261,43): error TS2339: Property 'gate' does not exist on type 'number'.
coming-soon/public/dashboard/js-es2018/utils/simplebeacon-report-export.browser.js(262,39): error TS2339: Property 'mockSampleFiles' does not exist on type 'number'.
coming-soon/public/dashboard/js-es2018/utils/simplebeacon-report-export.browser.js(263,53): error TS2339: Property 'fictionJsonFilesScanned' does not exist on type 'number'.
coming-soon/public/dashboard/js-es2018/utils/simplebeacon-report-export.browser.js(263,124): error TS2339: Property 'scanScope' does not exist on type 'number'.
coming-soon/public/dashboard/js-es2018/utils/simplebeacon-report-export.browser.js(264,55): error TS2339: Property 'fictionSampleFilesScanned' does not exist on type 'number'.
coming-soon/public/dashboard/js-es2018/utils/simplebeacon-report-export.browser.js(264,128): error TS2339: Property 'scanScope' does not exist on type 'number'.
coming-soon/public/dashboard/js-es2018/utils/simplebeacon-report-export.browser.js(265,53): error TS2339: Property 'ruleScopedFilesAnalyzed' does not exist on type 'number'.
coming-soon/public/dashboard/js-es2018/utils/simplebeacon-report-export.browser.js(265,124): error TS2339: Property 'scanScope' does not exist on type 'number'.
coming-soon/public/dashboard/js-es2018/utils/simplebeacon-report-export.browser.js(268,47): error TS2339: Property 'credentialScanned' does not exist on type 'number'.
coming-soon/public/dashboard/js-es2018/utils/simplebeacon-report-export.browser.js(268,106): error TS2339: Property 'productionLeakScanned' does not exist on type 'number'.
coming-soon/public/dashboard/js-es2018/utils/simplebeacon-report-export.browser.js(273,48): error TS2339: Property 'llmSlopPatternHits' does not exist on type 'number'.
coming-soon/public/dashboard/js-es2018/utils/simplebeacon-report-export.browser.js(273,114): error TS2339: Property 'scanScope' does not exist on type 'number'.
coming-soon/public/dashboard/js-es2018/utils/simplebeacon-report-export.browser.js(274,36): error TS2339: Property 'qualityScore' does not exist on type 'number'.
coming-soon/public/dashboard/js-es2018/utils/simplebeacon-report-export.browser.js(275,28): error TS2339: Property 'scanScope' does not exist on type 'number'.
coming-soon/public/dashboard/js-es2018/utils/simplebeacon-report-export.browser.js(275,124): error TS2339: Property 'scanScope' does not exist on type 'number'.
coming-soon/public/dashboard/js-es2018/utils/simplebeacon-report-export.browser.js(276,41): error TS2339: Property 'gate' does not exist on type 'number'.
coming-soon/public/dashboard/js-es2018/utils/simplebeacon-report-export.browser.js(277,51): error TS2339: Property 'gate' does not exist on type 'number'.
coming-soon/public/dashboard/js-es2018/utils/simplebeacon-report-export.browser.js(280,59): error TS2339: Property 'jestBaselinePassed' does not exist on type 'number'.
coming-soon/public/dashboard/js-es2018/utils/simplebeacon-report-export.browser.js(293,38): error TS2339: Property 'mockSampleFiles' does not exist on type 'number'.
coming-soon/public/dashboard/js-es2018/utils/simplebeacon-report-export.browser.js(293,95): error TS2339: Property 'totalFiles' does not exist on type 'number'.
coming-soon/public/dashboard/js-es2018/utils/simplebeacon-report-export.browser.js(294,42): error TS2339: Property 'repositoryFilesTotal' does not exist on type 'number'.
coming-soon/public/dashboard/js-es2018/utils/simplebeacon-report-export.browser.js(294,110): error TS2339: Property 'repositoryInventory' does not exist on type 'number'.
coming-soon/public/dashboard/js-es2018/utils/simplebeacon-report-export.browser.js(295,17): error TS2339: Property 'totalSizeLabel' does not exist on type 'number'.
coming-soon/public/dashboard/js-es2018/utils/simplebeacon-report-export.browser.js(309,27): error TS2339: Property 'llmSlopScanRaw' does not exist on type 'number'.
coming-soon/public/dashboard/js-es2018/utils/simplebeacon-report-export.browser.js(310,40): error TS2339: Property 'llmSlopFilesScanned' does not exist on type 'number'.
coming-soon/public/dashboard/js-es2018/utils/simplebeacon-report-export.browser.js(310,107): error TS2339: Property 'scanScope' does not exist on type 'number'.
coming-soon/public/dashboard/js-es2018/utils/simplebeacon-report-export.browser.js(311,37): error TS2339: Property 'llmSlopScanReconciled' does not exist on type 'number'.
coming-soon/public/dashboard/js-es2018/utils/simplebeacon-report-export.browser.js(311,106): error TS2339: Property 'scanScope' does not exist on type 'number'.
coming-soon/public/dashboard/js-es2018/utils/simplebeacon-report-export.browser.js(313,38): error TS2339: Property 'gate' does not exist on type 'number'.
coming-soon/public/dashboard/js-es2018/utils/simplebeacon-report-export.browser.js(314,43): error TS2339: Property 'gate' does not exist on type 'number'.
coming-soon/public/dashboard/js-es2018/utils/simplebeacon-report-export.browser.js(315,46): error TS2339: Property 'productionLeakFindings' does not exist on type 'number'.
coming-soon/public/dashboard/js-es2018/utils/simplebeacon-report-export.browser.js(316,45): error TS2339: Property 'mockSampleFiles' does not exist on type 'number'.
coming-soon/public/dashboard/js-es2018/utils/simplebeacon-report-export.browser.js(316,102): error TS2339: Property 'totalFiles' does not exist on type 'number'.
coming-soon/public/dashboard/js-es2018/utils/simplebeacon-report-export.browser.js(317,53): error TS2339: Property 'ruleScopedFilesAnalyzed' does not exist on type 'number'.
coming-soon/public/dashboard/js-es2018/utils/simplebeacon-report-export.browser.js(317,124): error TS2339: Property 'scanScope' does not exist on type 'number'.
coming-soon/public/dashboard/js-es2018/utils/simplebeacon-report-export.browser.js(318,50): error TS2339: Property 'repositoryFilesTotal' does not exist on type 'number'.
coming-soon/public/dashboard/js-es2018/utils/simplebeacon-report-export.browser.js(318,118): error TS2339: Property 'repositoryInventory' does not exist on type 'number'.
coming-soon/public/dashboard/js-es2018/utils/simplebeacon-report-export.browser.js(319,53): error TS2339: Property 'fictionJsonFilesScanned' does not exist on type 'number'.
coming-soon/public/dashboard/js-es2018/utils/simplebeacon-report-export.browser.js(319,124): error TS2339: Property 'scanScope' does not exist on type 'number'.
coming-soon/public/dashboard/js-es2018/utils/simplebeacon-report-export.browser.js(324,36): error TS2339: Property 'qualityScore' does not exist on type 'number'.
coming-soon/public/dashboard/js-es2018/utils/simplebeacon-report-export.browser.js(325,57): error TS2339: Property 'scanScope' does not exist on type 'number'.
coming-soon/public/dashboard/js-es2018/utils/simplebeacon-report-export.browser.js(336,71): error TS2322: Type '{}' is not assignable to type 'string'.
coming-soon/public/dashboard/js-es2018/utils/simplebeacon-report-export.browser.js(373,9): error TS2365: Operator '>' cannot be applied to types 'number | any[]' and 'number'.
coming-soon/public/dashboard/js-es2018/utils/simplebeacon-report-export.browser.js(384,42): error TS2339: Property 'repositoryFilesTotal' does not exist on type 'number'.
coming-soon/public/dashboard/js-es2018/utils/simplebeacon-report-export.browser.js(384,110): error TS2339: Property 'repositoryInventory' does not exist on type 'number'.
coming-soon/public/dashboard/js-es2018/utils/simplebeacon-report-export.browser.js(385,43): error TS2339: Property 'ruleScopedFilesAnalyzed' does not exist on type 'number'.
coming-soon/public/dashboard/js-es2018/utils/simplebeacon-report-export.browser.js(385,114): error TS2339: Property 'scanScope' does not exist on type 'number'.
coming-soon/public/dashboard/js-es2018/utils/simplebeacon-report-export.browser.js(387,39): error TS2339: Property 'llmSlopFilesScanned' does not exist on type 'number'.
coming-soon/public/dashboard/js-es2018/utils/simplebeacon-report-export.browser.js(387,106): error TS2339: Property 'scanScope' does not exist on type 'number'.
coming-soon/public/dashboard/js-es2018/utils/simplebeacon-report-export.browser.js(391,20): error TS2339: Property 'scanScope' does not exist on type 'number'.
coming-soon/public/dashboard/js-es2018/utils/simplebeacon-report-export.browser.js(397,9): error TS2698: Spread types may only be created from object types.
coming-soon/public/dashboard/js-es2018/utils/simplebeacon-report-export.browser.js(413,16): error TS2339: Property 'benchmarkScan' does not exist on type 'number'.
coming-soon/public/dashboard/js-es2018/utils/simplebeacon-report-export.browser.js(414,31): error TS2339: Property 'benchmarkScan' does not exist on type 'number'.
coming-soon/public/dashboard/js-es2018/utils/simplebeacon-report-export.browser.js(415,16): error TS2339: Property 'scanTargetProfile' does not exist on type 'number'.
coming-soon/public/dashboard/js-es2018/utils/simplebeacon-report-export.browser.js(471,25): error TS2339: Property 'gate' does not exist on type 'number'.
coming-soon/public/dashboard/js-es2018/utils/simplebeacon-report-export.browser.js(474,94): error TS2339: Property 'issueCount' does not exist on type 'number'.
coming-soon/public/dashboard/js-es2018/utils/simplebeacon-report-export.browser.js(477,43): error TS2339: Property 'ruleScopedFilesAnalyzed' does not exist on type 'number'.
coming-soon/public/dashboard/js-es2018/utils/simplebeacon-report-export.browser.js(477,114): error TS2339: Property 'scanScope' does not exist on type 'number'.
coming-soon/public/dashboard/js-es2018/utils/simplebeacon-report-export.browser.js(507,26): error TS2339: Property 'scanScope' does not exist on type 'number'.
coming-soon/public/dashboard/js-es2018/utils/simplebeacon-report-export.browser.js(508,52): error TS2339: Property 'fictionSampleFilesScanned' does not exist on type 'number'.
coming-soon/public/dashboard/js-es2018/utils/simplebeacon-report-export.browser.js(509,43): error TS2339: Property 'fictionJsonFilesScanned' does not exist on type 'number'.
coming-soon/public/dashboard/js-es2018/utils/simplebeacon-report-export.browser.js(510,42): error TS2339: Property 'fullDirectoryScan' does not exist on type 'number'.
coming-soon/public/dashboard/js-es2018/utils/simplebeacon-report-export.browser.js(518,58): error TS2339: Property 'jestBaselineChecked' does not exist on type 'number'.
coming-soon/public/dashboard/js-es2018/utils/simplebeacon-report-export.browser.js(521,21): error TS2339: Property 'jestBaselinePassed' does not exist on type 'number'.
coming-soon/public/dashboard/js-es2018/utils/simplebeacon-report-export.browser.js(521,67): error TS2339: Property 'jestSummary' does not exist on type 'number'.
coming-soon/public/dashboard/js-es2018/utils/simplebeacon-report-export.browser.js(522,44): error TS2339: Property 'jestSummary' does not exist on type 'number'.
coming-soon/public/dashboard/js-es2018/utils/simplebeacon-report-export.browser.js(522,91): error TS2339: Property 'jestSummary' does not exist on type 'number'.
coming-soon/public/dashboard/js-es2018/utils/simplebeacon-report-export.browser.js(522,125): error TS2339: Property 'jestSummary' does not exist on type 'number'.
coming-soon/public/dashboard/js-es2018/utils/simplebeacon-report-export.browser.js(524,38): error TS2339: Property 'mockSampleFiles' does not exist on type 'number'.
coming-soon/public/dashboard/js-es2018/utils/simplebeacon-report-export.browser.js(524,95): error TS2339: Property 'totalFiles' does not exist on type 'number'.
coming-soon/public/dashboard/js-es2018/utils/simplebeacon-report-export.browser.js(525,47): error TS2339: Property 'fictionSampleFilesScanned' does not exist on type 'number'.
coming-soon/public/dashboard/js-es2018/utils/simplebeacon-report-export.browser.js(530,36): error TS2339: Property 'repositoryFilesTotal' does not exist on type 'number'.
coming-soon/public/dashboard/js-es2018/utils/simplebeacon-report-export.browser.js(530,104): error TS2339: Property 'repositoryInventory' does not exist on type 'number'.
coming-soon/public/dashboard/js-es2018/utils/simplebeacon-report-export.browser.js(531,37): error TS2339: Property 'ruleScopedFilesAnalyzed' does not exist on type 'number'.
coming-soon/public/dashboard/js-es2018/utils/simplebeacon-report-export.browser.js(532,37): error TS2339: Property 'fullDirectoryScan' does not exist on type 'number'.
coming-soon/public/dashboard/js-es2018/utils/simplebeacon-report-export.browser.js(542,44): error TS2339: Property 'repositoryInventory' does not exist on type 'number'.
coming-soon/public/dashboard/js-es2018/utils/simplebeacon-report-export.browser.js(546,16): error TS2339: Property 'filesAnalyzed' does not exist on type 'number'.
coming-soon/public/dashboard/js-es2018/utils/simplebeacon-report-export.browser.js(546,69): error TS2339: Property 'filesAnalyzed' does not exist on type 'number'.
coming-soon/public/dashboard/js-es2018/utils/simplebeacon-report-export.browser.js(550,23): error TS2339: Property 'gate' does not exist on type 'number'.
coming-soon/public/dashboard/js-es2018/utils/simplebeacon-report-export.browser.js(550,92): error TS2339: Property 'issueCount' does not exist on type 'number'.
coming-soon/public/dashboard/js-es2018/utils/simplebeacon-report-export.browser.js(553,23): error TS2339: Property 'gate' does not exist on type 'number'.
coming-soon/public/dashboard/js-es2018/utils/simplebeacon-report-export.browser.js(554,51): error TS2339: Property 'gate' does not exist on type 'number'.
coming-soon/public/dashboard/js-es2018/utils/simplebeacon-report-export.browser.js(554,152): error TS2339: Property 'issueCount' does not exist on type 'number'.
coming-soon/public/dashboard/js-es2018/utils/simplebeacon-report-export.browser.js(557,28): error TS2339: Property 'euAiActSummary' does not exist on type 'number'.
coming-soon/public/dashboard/js-es2018/utils/simplebeacon-report-export.browser.js(558,61): error TS2339: Property 'euAiActSummary' does not exist on type 'number'.
coming-soon/public/dashboard/js-es2018/utils/simplebeacon-report-export.browser.js(566,300): error TS2339: Property 'credentialScanned' does not exist on type 'number'.
coming-soon/public/dashboard/js-es2018/utils/simplebeacon-report-export.browser.js(567,50): error TS2339: Property 'credentialScanned' does not exist on type 'number'.
coming-soon/public/dashboard/js-es2018/utils/simplebeacon-report-export.browser.js(577,38): error TS2339: Property 'fictionJsonFilesScanned' does not exist on type 'number'.
coming-soon/public/dashboard/js-es2018/utils/simplebeacon-report-export.browser.js(582,40): error TS2339: Property 'llmSlopPatternHits' does not exist on type 'number'.
coming-soon/public/dashboard/js-es2018/utils/simplebeacon-report-export.browser.js(584,46): error TS2339: Property 'gate' does not exist on type 'number'.
coming-soon/public/dashboard/js-es2018/utils/simplebeacon-report-export.browser.js(587,44): error TS2339: Property 'productionLeakFindings' does not exist on type 'number'.
coming-soon/public/dashboard/js-es2018/utils/simplebeacon-report-export.browser.js(588,103): error TS2339: Property 'productionLeakSuppressedIntent' does not exist on type 'number'.
coming-soon/public/dashboard/js-es2018/utils/simplebeacon-report-export.browser.js(591,29): error TS2339: Property 'euAiActSummary' does not exist on type 'number'.
coming-soon/public/dashboard/js-es2018/utils/simplebeacon-report-export.browser.js(602,48): error TS2322: Type '{}' is not assignable to type 'string'.
coming-soon/public/dashboard/js-es2018/utils/simplebeacon-report-export.browser.js(605,47): error TS2339: Property 'scanScope' does not exist on type 'number'.
coming-soon/public/dashboard/js-es2018/utils/simplebeacon-report-export.browser.js(605,173): error TS2339: Property 'benchmarkCloneNoiseIssues' does not exist on type 'number'.
coming-soon/public/dashboard/js-es2018/utils/simplebeacon-report-export.browser.js(609,17): error TS2339: Property 'productMockPathsOmitted' does not exist on type 'string'.
coming-soon/public/dashboard/js-es2018/utils/simplebeacon-report-export.browser.js(612,39): error TS2339: Property 'llmSlopScanRaw' does not exist on type 'number'.
coming-soon/public/dashboard/js-es2018/utils/simplebeacon-report-export.browser.js(612,101): error TS2339: Property 'hygieneSummary' does not exist on type 'number'.
coming-soon/public/dashboard/js-es2018/utils/simplebeacon-report-export.browser.js(612,230): error TS2339: Property 'scanScope' does not exist on type 'number'.
coming-soon/public/dashboard/js-es2018/utils/simplebeacon-report-export.browser.js(613,37): error TS2339: Property 'llmSlopFilesScanned' does not exist on type 'number'.
coming-soon/public/dashboard/js-es2018/utils/simplebeacon-report-export.browser.js(613,104): error TS2339: Property 'scanScope' does not exist on type 'number'.
coming-soon/public/dashboard/js-es2018/utils/simplebeacon-report-export.browser.js(614,43): error TS2339: Property 'llmSlopScanReconciled' does not exist on type 'number'.
coming-soon/public/dashboard/js-es2018/utils/simplebeacon-report-export.browser.js(614,112): error TS2339: Property 'scanScope' does not exist on type 'number'.
coming-soon/public/dashboard/js-es2018/utils/simplebeacon-report-export.browser.js(614,234): error TS2339: Property 'hygieneSummary' does not exist on type 'number'.
coming-soon/public/dashboard/js-es2018/utils/simplebeacon-report-export.browser.js(618,22): error TS2339: Property 'gate' does not exist on type 'number'.
coming-soon/public/dashboard/js-es2018/utils/simplebeacon-report-export.browser.js(650,55): error TS2322: Type '{}' is not assignable to type 'string'.
coming-soon/public/dashboard/js-es2018/utils/simplebeacon-report-export.browser.js(653,65): error TS2339: Property 'exportNotes' does not exist on type 'number'.
coming-soon/public/dashboard/js-es2018/utils/simplebeacon-report-export.browser.js(679,17): error TS2339: Property 'productMockPathsOmitted' does not exist on type 'string'.
coming-soon/public/dashboard/js-es2018/utils/simplebeacon-report-export.browser.js(700,27): error TS2339: Property 'benchmarkScan' does not exist on type 'number'.
coming-soon/public/dashboard/js-es2018/utils/simplebeacon-report-export.browser.js(702,37): error TS2339: Property 'fullDirectoryScan' does not exist on type 'number'.
coming-soon/public/dashboard/js-es2018/utils/simplebeacon-report-export.browser.js(702,72): error TS2339: Property 'scanScope' does not exist on type 'number'.
coming-soon/public/dashboard/js-es2018/utils/simplebeacon-report-export.browser.js(705,30): error TS2339: Property 'scanScope' does not exist on type 'number'.
coming-soon/public/dashboard/js-es2018/utils/simplebeacon-report-export.browser.js(707,43): error TS2339: Property 'ruleScopedFilesAnalyzed' does not exist on type 'number'.
coming-soon/public/dashboard/js-es2018/utils/simplebeacon-report-export.browser.js(708,40): error TS2339: Property 'mockSampleFiles' does not exist on type 'number'.
coming-soon/public/dashboard/js-es2018/utils/simplebeacon-report-export.browser.js(708,97): error TS2339: Property 'totalFiles' does not exist on type 'number'.
coming-soon/public/dashboard/js-es2018/utils/simplebeacon-report-export.browser.js(709,47): error TS2339: Property 'fictionSampleFilesScanned' does not exist on type 'number'.
coming-soon/public/dashboard/js-es2018/utils/simplebeacon-report-export.browser.js(730,9): error TS2698: Spread types may only be created from object types.
coming-soon/public/dashboard/js-es2018/utils/simplebeacon-report-export.browser.js(742,44): error TS2322: Type '{}' is not assignable to type 'number'.
coming-soon/public/dashboard/js-es2018/utils/simplebeacon-report-export.browser.js(744,48): error TS2339: Property 'fullDirectoryScan' does not exist on type 'number'.
coming-soon/public/dashboard/js-es2018/utils/simplebeacon-report-export.browser.js(773,27): error TS2339: Property 'type' does not exist on type 'number'.
coming-soon/public/dashboard/js-es2018/utils/simplebeacon-report-export.browser.js(809,61): error TS2345: Argument of type '{ productMockPathsOmitted: any; }' is not assignable to parameter of type 'string'.
coming-soon/public/dashboard/js-es2018/utils/simplebeacon-report-export.browser.js(866,74): error TS2339: Property 'exportSanitized' does not exist on type 'number'.
coming-soon/public/dashboard/js-es2018/utils/simplebeacon-report-export.browser.js(866,100): error TS2339: Property 'exportNormalized' does not exist on type 'number'.
coming-soon/public/dashboard/js-es2018/utils/simplebeacon-report-export.browser.js(866,132): error TS2339: Property 'exportNotes' does not exist on type 'number'.
coming-soon/public/dashboard/js-es2018/views/AboutView.js(135,20): error TS2584: Cannot find name 'document'. Do you need to change your target library? Try changing the 'lib' compiler option to include 'dom'.
coming-soon/public/dashboard/js-es2018/views/AdminPanelView.js(34,36): error TS2339: Property 'users' does not exist on type 'unknown'.
coming-soon/public/dashboard/js-es2018/views/AdminPanelView.js(35,42): error TS2339: Property 'sessions' does not exist on type 'unknown'.
coming-soon/public/dashboard/js-es2018/views/AdminPanelView.js(46,14): error TS2304: Cannot find name 'confirm'.
coming-soon/public/dashboard/js-es2018/views/AdminPanelView.js(54,13): error TS2304: Cannot find name 'alert'.
coming-soon/public/dashboard/js-es2018/views/AdminPanelView.js(72,13): error TS2304: Cannot find name 'alert'.
coming-soon/public/dashboard/js-es2018/views/AnalyzeDropZone.js(130,12): error TS2304: Cannot find name 'HTMLElement'.
coming-soon/public/dashboard/js-es2018/views/AnalyzeDropZone.js(135,20): error TS2304: Cannot find name 'FileList'.
coming-soon/public/dashboard/js-es2018/views/AnalyzeDropZone.js(148,50): error TS2339: Property 'app' does not exist on type '{ websiteMode: boolean; deriveFallbackBase: () => string; onSetPath: (resolvedPath: string, name: string, autoRun?: boolean) => void; onHandleFiles: (files: FileList) => void; }'.
coming-soon/public/dashboard/js-es2018/views/AnalyzeDropZone.js(165,43): error TS2339: Property 'app' does not exist on type '{ websiteMode: boolean; deriveFallbackBase: () => string; onSetPath: (resolvedPath: string, name: string, autoRun?: boolean) => void; onHandleFiles: (files: FileList) => void; }'.
coming-soon/public/dashboard/js-es2018/views/AnalyzeDropZone.js(219,12): error TS2304: Cannot find name 'HTMLElement'.
coming-soon/public/dashboard/js-es2018/views/AnalyzeDropZone.js(221,20): error TS2304: Cannot find name 'FileList'.
coming-soon/public/dashboard/js-es2018/views/AnalyzeDropZone.js(252,21): error TS2339: Property 'onLoadReport' does not exist on type '{ onHandleFiles: (files: FileList) => void; }'.
coming-soon/public/dashboard/js-es2018/views/AnalyzeDropZone.js(270,12): error TS2304: Cannot find name 'HTMLElement'.
coming-soon/public/dashboard/js-es2018/views/AnalyzeDropZone.js(272,20): error TS2304: Cannot find name 'FileList'.
coming-soon/public/dashboard/js-es2018/views/AnalyzeDropZone.js(298,47): error TS2339: Property 'app' does not exist on type '{ onHandleFiles: (files: FileList) => void; onSetPath: (resolvedPath: string, name: string, autoRun?: boolean) => void; deriveFallbackBase: () => string; }'.
coming-soon/public/dashboard/js-es2018/views/AnalyzeDropZone.js(326,12): error TS2304: Cannot find name 'HTMLElement'.
coming-soon/public/dashboard/js-es2018/views/AnalyzePathSection.js(2,44): error TS2307: Cannot find module '../utils/snippetDiagnostic.js?v=20260531analyzers1' or its corresponding type declarations.
coming-soon/public/dashboard/js-es2018/views/AnalyzeResultsPanel.js(2,36): error TS2307: Cannot find module '../services/analyzeService.js?v=20260710inventory1' or its corresponding type declarations.
coming-soon/public/dashboard/js-es2018/views/AnalyzeResultsPanel.js(331,28): error TS2367: This comparison appears to be unintentional because the types 'any[]' and 'string' have no overlap.
coming-soon/public/dashboard/js-es2018/views/AnalyzeResultsPanel.js(331,57): error TS2367: This comparison appears to be unintentional because the types 'any[]' and 'string' have no overlap.
coming-soon/public/dashboard/js-es2018/views/AnalyzeResultsPanel.js(332,27): error TS2367: This comparison appears to be unintentional because the types 'any[]' and 'string' have no overlap.
coming-soon/public/dashboard/js-es2018/views/AnalyzeResultsPanel.js(332,56): error TS2367: This comparison appears to be unintentional because the types 'any[]' and 'string' have no overlap.
coming-soon/public/dashboard/js-es2018/views/AnalyzeResultsPanel.js(366,136): error TS2345: Argument of type 'string' is not assignable to parameter of type 'any[]'.
  Type 'string' is not assignable to type 'any[]'.
coming-soon/public/dashboard/js-es2018/views/AnalyzeResultsPanel.js(368,132): error TS2345: Argument of type 'string' is not assignable to parameter of type 'any[]'.
  Type 'string' is not assignable to type 'any[]'.
coming-soon/public/dashboard/js-es2018/views/AnalyzeResultsPanel.js(370,140): error TS2345: Argument of type 'string' is not assignable to parameter of type 'any[]'.
  Type 'string' is not assignable to type 'any[]'.
coming-soon/public/dashboard/js-es2018/views/AnalyzeResultsPanel.js(372,125): error TS2345: Argument of type 'string' is not assignable to parameter of type 'any[]'.
  Type 'string' is not assignable to type 'any[]'.
coming-soon/public/dashboard/js-es2018/views/AnalyzeRunProgress.js(11,48): error TS2322: Type 'number' is not assignable to type 'any[]'.
coming-soon/public/dashboard/js-es2018/views/AnalyzeRunProgress.js(22,87): error TS2339: Property 'steps' does not exist on type 'string'.
coming-soon/public/dashboard/js-es2018/views/AnalyzeRunProgress.js(23,98): error TS2339: Property 'enginesRun' does not exist on type 'string'.
coming-soon/public/dashboard/js-es2018/views/AnalyzeRunProgress.js(24,22): error TS2339: Property 'enginesRun' does not exist on type 'string'.
coming-soon/public/dashboard/js-es2018/views/AnalyzeRunProgress.js(25,91): error TS2339: Property 'analysisConfig' does not exist on type 'string'.
coming-soon/public/dashboard/js-es2018/views/AnalyzeRunProgress.js(26,26): error TS2339: Property 'analysisConfig' does not exist on type 'string'.
coming-soon/public/dashboard/js-es2018/views/AnalyzeView.js(3,34): error TS2307: Cannot find module '../services/localScanService.js?v=20260709noise3' or its corresponding type declarations.
coming-soon/public/dashboard/js-es2018/views/AnalyzeView.js(5,252): error TS2307: Cannot find module '../services/localAgentService.js?v=20260711themefix1' or its corresponding type declarations.
coming-soon/public/dashboard/js-es2018/views/AnalyzeView.js(6,78): error TS2307: Cannot find module '../services/browserSandboxScanService.js?v=20260711entropy1' or its corresponding type declarations.
coming-soon/public/dashboard/js-es2018/views/AnalyzeView.js(8,1165): error TS2307: Cannot find module '../services/analyzeService.js?v=20260711reportv11' or its corresponding type declarations.
coming-soon/public/dashboard/js-es2018/views/AnalyzeView.js(14,34): error TS2307: Cannot find module '../services/operatorService.js?v=20260531eupdf1' or its corresponding type declarations.
coming-soon/public/dashboard/js-es2018/views/AnalyzeView.js(15,69): error TS2307: Cannot find module '../utils/analyze-mode-file-scope.browser.js?v=20260601roadmapscope1' or its corresponding type declarations.
coming-soon/public/dashboard/js-es2018/views/AnalyzeView.js(16,44): error TS2307: Cannot find module '../utils/analyze-mode-file-results.browser.js?v=20260601filereconcile1' or its corresponding type declarations.
coming-soon/public/dashboard/js-es2018/views/AnalyzeView.js(18,41): error TS2307: Cannot find module '../components/ScanStatus.js?v=20260711viewresults1' or its corresponding type declarations.
coming-soon/public/dashboard/js-es2018/views/AnalyzeView.js(23,68): error TS2307: Cannot find module '../components/DataCleanupReport.js?v=20260527exec5' or its corresponding type declarations.
coming-soon/public/dashboard/js-es2018/views/AnalyzeView.js(24,181): error TS2307: Cannot find module '../utils/completeScanAnalysis.js?v=20260601completescan1' or its corresponding type declarations.
coming-soon/public/dashboard/js-es2018/views/AnalyzeView.js(25,40): error TS2307: Cannot find module '../utils/npm-audit-export.browser.js?v=20260601npmaudit5' or its corresponding type declarations.
coming-soon/public/dashboard/js-es2018/views/AnalyzeView.js(26,98): error TS2307: Cannot find module '../utils/compliance-export.browser.js?v=20260601complianceexport7' or its corresponding type declarations.
coming-soon/public/dashboard/js-es2018/views/AnalyzeView.js(27,253): error TS2307: Cannot find module '../utils/cleanupAssistant.js?v=20260601cleanupbrief9' or its corresponding type declarations.
coming-soon/public/dashboard/js-es2018/views/AnalyzeView.js(28,44): error TS2307: Cannot find module '../utils/cleanup-brief-export.browser.js?v=20260601cleanupbrief9' or its corresponding type declarations.
coming-soon/public/dashboard/js-es2018/views/AnalyzeView.js(29,49): error TS2307: Cannot find module '../utils/data-cleanup-export.browser.js?v=20260601datacleanup8' or its corresponding type declarations.
coming-soon/public/dashboard/js-es2018/views/AnalyzeView.js(30,46): error TS2307: Cannot find module '../utils/codebase-export.browser.js?v=20260601codebase8' or its corresponding type declarations.
coming-soon/public/dashboard/js-es2018/views/AnalyzeView.js(31,109): error TS2307: Cannot find module '../utils/ai-problem-analyzer-export.browser.js?v=20260531aianalyzerexport4' or its corresponding type declarations.
coming-soon/public/dashboard/js-es2018/views/AnalyzeView.js(37,103): error TS2307: Cannot find module '../services/cliUploadService.js?v=20260711apibase1' or its corresponding type declarations.
coming-soon/public/dashboard/js-es2018/views/AnalyzeView.js(75,275): error TS2307: Cannot find module '../utils/snippetDiagnostic.js?v=20260531analyzers1' or its corresponding type declarations.
coming-soon/public/dashboard/js-es2018/views/AnalyzeView.js(84,58): error TS2339: Property 'location' does not exist on type 'typeof window'.
coming-soon/public/dashboard/js-es2018/views/AnalyzeView.js(579,41): error TS2322: Type 'number' is not assignable to type 'any[]'.
coming-soon/public/dashboard/js-es2018/views/AnalyzeView.js(589,87): error TS2339: Property 'steps' does not exist on type 'string'.
coming-soon/public/dashboard/js-es2018/views/AnalyzeView.js(590,98): error TS2339: Property 'enginesRun' does not exist on type 'string'.
coming-soon/public/dashboard/js-es2018/views/AnalyzeView.js(591,22): error TS2339: Property 'enginesRun' does not exist on type 'string'.
coming-soon/public/dashboard/js-es2018/views/AnalyzeView.js(592,91): error TS2339: Property 'analysisConfig' does not exist on type 'string'.
coming-soon/public/dashboard/js-es2018/views/AnalyzeView.js(593,26): error TS2339: Property 'analysisConfig' does not exist on type 'string'.
coming-soon/public/dashboard/js-es2018/views/AnalyzeView.js(1000,28): error TS2367: This comparison appears to be unintentional because the types 'any[]' and 'string' have no overlap.
coming-soon/public/dashboard/js-es2018/views/AnalyzeView.js(1000,57): error TS2367: This comparison appears to be unintentional because the types 'any[]' and 'string' have no overlap.
coming-soon/public/dashboard/js-es2018/views/AnalyzeView.js(1001,27): error TS2367: This comparison appears to be unintentional because the types 'any[]' and 'string' have no overlap.
coming-soon/public/dashboard/js-es2018/views/AnalyzeView.js(1001,56): error TS2367: This comparison appears to be unintentional because the types 'any[]' and 'string' have no overlap.
coming-soon/public/dashboard/js-es2018/views/AnalyzeView.js(1035,136): error TS2345: Argument of type 'string' is not assignable to parameter of type 'any[]'.
  Type 'string' is not assignable to type 'any[]'.
coming-soon/public/dashboard/js-es2018/views/AnalyzeView.js(1037,132): error TS2345: Argument of type 'string' is not assignable to parameter of type 'any[]'.
  Type 'string' is not assignable to type 'any[]'.
coming-soon/public/dashboard/js-es2018/views/AnalyzeView.js(1039,140): error TS2345: Argument of type 'string' is not assignable to parameter of type 'any[]'.
  Type 'string' is not assignable to type 'any[]'.
coming-soon/public/dashboard/js-es2018/views/AnalyzeView.js(1041,125): error TS2345: Argument of type 'string' is not assignable to parameter of type 'any[]'.
  Type 'string' is not assignable to type 'any[]'.
coming-soon/public/dashboard/js-es2018/views/AnalyzeView.js(1325,16): error TS2365: Operator '<' cannot be applied to types 'any[]' and 'number'.
coming-soon/public/dashboard/js-es2018/views/AnalyzeView.js(1327,29): error TS2362: The left-hand side of an arithmetic operation must be of type 'any', 'number', 'bigint' or an enum type.
coming-soon/public/dashboard/js-es2018/views/AnalyzeView.js(1467,60): error TS2339: Property 'acquireVsCodeApi' does not exist on type 'typeof window'.
coming-soon/public/dashboard/js-es2018/views/AnalyzeView.js(1472,46): error TS2339: Property 'acquireVsCodeApi' does not exist on type 'typeof window'.
coming-soon/public/dashboard/js-es2018/views/AnalyzeView.js(1483,31): error TS2339: Property 'acquireVsCodeApi' does not exist on type 'typeof window'.
coming-soon/public/dashboard/js-es2018/views/AnalyzeView.js(1491,60): error TS2339: Property 'acquireVsCodeApi' does not exist on type 'typeof window'.
coming-soon/public/dashboard/js-es2018/views/AnalyzeView.js(1496,32): error TS2339: Property 'acquireVsCodeApi' does not exist on type 'typeof window'.
coming-soon/public/dashboard/js-es2018/views/AnalyzeView.js(1533,20): error TS2584: Cannot find name 'document'. Do you need to change your target library? Try changing the 'lib' compiler option to include 'dom'.
coming-soon/public/dashboard/js-es2018/views/AnalyzeView.js(1541,72): error TS2339: Property '__SIMPLEBEACON_DASHBOARD_BUILD__' does not exist on type 'typeof window'.
coming-soon/public/dashboard/js-es2018/views/AnalyzeView.js(1687,9): error TS2304: Cannot find name 'requestAnimationFrame'.
coming-soon/public/dashboard/js-es2018/views/AnalyzeView.js(1722,77): error TS2339: Property 'acquireVsCodeApi' does not exist on type 'typeof window'.
coming-soon/public/dashboard/js-es2018/views/AnalyzeView.js(1816,26): error TS2584: Cannot find name 'document'. Do you need to change your target library? Try changing the 'lib' compiler option to include 'dom'.
coming-soon/public/dashboard/js-es2018/views/AnalyzeView.js(1824,53): error TS2339: Property 'location' does not exist on type 'typeof window'.
coming-soon/public/dashboard/js-es2018/views/AnalyzeView.js(1836,43): error TS2339: Property 'setInterval' does not exist on type 'typeof window'.
coming-soon/public/dashboard/js-es2018/views/AnalyzeView.js(2312,13): error TS2353: Object literal may only specify known properties, and 'analysisType' does not exist in type 'any[]'.
coming-soon/public/dashboard/js-es2018/views/AnalyzeView.js(2356,13): error TS2353: Object literal may only specify known properties, and 'analysisType' does not exist in type 'any[]'.
coming-soon/public/dashboard/js-es2018/views/AnalyzeView.js(2380,13): error TS2353: Object literal may only specify known properties, and 'analysisType' does not exist in type 'any[]'.
coming-soon/public/dashboard/js-es2018/views/AnalyzeView.js(2628,33): error TS2584: Cannot find name 'document'. Do you need to change your target library? Try changing the 'lib' compiler option to include 'dom'.
coming-soon/public/dashboard/js-es2018/views/AnalyzeView.js(2628,72): error TS2584: Cannot find name 'document'. Do you need to change your target library? Try changing the 'lib' compiler option to include 'dom'.
coming-soon/public/dashboard/js-es2018/views/AnalyzeView.js(2632,29): error TS2584: Cannot find name 'document'. Do you need to change your target library? Try changing the 'lib' compiler option to include 'dom'.
coming-soon/public/dashboard/js-es2018/views/AnalyzeView.js(2643,9): error TS2304: Cannot find name 'requestAnimationFrame'.
coming-soon/public/dashboard/js-es2018/views/AnalyzeView.js(2650,31): error TS2584: Cannot find name 'document'. Do you need to change your target library? Try changing the 'lib' compiler option to include 'dom'.
coming-soon/public/dashboard/js-es2018/views/AnalyzeView.js(3415,60): error TS2345: Argument of type 'number' is not assignable to parameter of type 'any[]'.
coming-soon/public/dashboard/js-es2018/views/AnalyzeView.js(3534,22): error TS1064: The return type of an async function or method must be the global Promise<T> type. Did you mean to write 'Promise<any>'?
coming-soon/public/dashboard/js-es2018/views/AnalyzeView.js(3631,9): error TS2304: Cannot find name 'requestAnimationFrame'.
coming-soon/public/dashboard/js-es2018/views/AnalyzeView.js(3724,41): error TS2345: Argument of type 'number' is not assignable to parameter of type 'any[]'.
coming-soon/public/dashboard/js-es2018/views/AnalyzeView.js(3739,36): error TS2584: Cannot find name 'document'. Do you need to change your target library? Try changing the 'lib' compiler option to include 'dom'.
coming-soon/public/dashboard/js-es2018/views/AnalyzeView.js(3826,29): error TS2339: Property 'typeSelect' does not exist on type '{}'.
coming-soon/public/dashboard/js-es2018/views/AnalyzeView.js(3836,13): error TS2353: Object literal may only specify known properties, and 'analysisType' does not exist in type 'any[]'.
coming-soon/public/dashboard/js-es2018/views/AnalyzeView.js(3861,33): error TS2584: Cannot find name 'document'. Do you need to change your target library? Try changing the 'lib' compiler option to include 'dom'.
coming-soon/public/dashboard/js-es2018/views/AnalyzeView.js(3861,72): error TS2584: Cannot find name 'document'. Do you need to change your target library? Try changing the 'lib' compiler option to include 'dom'.
coming-soon/public/dashboard/js-es2018/views/AnalyzeView.js(3865,29): error TS2584: Cannot find name 'document'. Do you need to change your target library? Try changing the 'lib' compiler option to include 'dom'.
coming-soon/public/dashboard/js-es2018/views/AnalyzeView.js(3881,9): error TS2304: Cannot find name 'requestAnimationFrame'.
coming-soon/public/dashboard/js-es2018/views/AnalyzeView.js(3888,31): error TS2584: Cannot find name 'document'. Do you need to change your target library? Try changing the 'lib' compiler option to include 'dom'.
coming-soon/public/dashboard/js-es2018/views/AnalyzeView.js(4268,61): error TS2554: Expected 2 arguments, but got 3.
coming-soon/public/dashboard/js-es2018/views/AnalyzeView.js(4325,70): error TS2345: Argument of type '{ projectRoot: any; }' is not assignable to parameter of type 'number'.
coming-soon/public/dashboard/js-es2018/views/AnalyzeView.js(4362,50): error TS2345: Argument of type '{ projectRoot: any; }' is not assignable to parameter of type 'number'.
coming-soon/public/dashboard/js-es2018/views/AnalyzeView.js(4387,112): error TS2339: Property 'location' does not exist on type 'typeof window'.
coming-soon/public/dashboard/js-es2018/views/AnalyzeView.js(4445,26): error TS2584: Cannot find name 'document'. Do you need to change your target library? Try changing the 'lib' compiler option to include 'dom'.
coming-soon/public/dashboard/js-es2018/views/AnalyzeView.js(4448,23): error TS2584: Cannot find name 'document'. Do you need to change your target library? Try changing the 'lib' compiler option to include 'dom'.
coming-soon/public/dashboard/js-es2018/views/AnalyzeView.js(4453,26): error TS2584: Cannot find name 'document'. Do you need to change your target library? Try changing the 'lib' compiler option to include 'dom'.
coming-soon/public/dashboard/js-es2018/views/AnalyzeView.js(4459,24): error TS2584: Cannot find name 'document'. Do you need to change your target library? Try changing the 'lib' compiler option to include 'dom'.
coming-soon/public/dashboard/js-es2018/views/AnalyzeView.js(4489,24): error TS2584: Cannot find name 'document'. Do you need to change your target library? Try changing the 'lib' compiler option to include 'dom'.
coming-soon/public/dashboard/js-es2018/views/AnalyzeView.js(4491,23): error TS2584: Cannot find name 'document'. Do you need to change your target library? Try changing the 'lib' compiler option to include 'dom'.
coming-soon/public/dashboard/js-es2018/views/AnalyzeView.js(4495,26): error TS2584: Cannot find name 'document'. Do you need to change your target library? Try changing the 'lib' compiler option to include 'dom'.
coming-soon/public/dashboard/js-es2018/views/AnalyzeView.js(4499,23): error TS2584: Cannot find name 'document'. Do you need to change your target library? Try changing the 'lib' compiler option to include 'dom'.
coming-soon/public/dashboard/js-es2018/views/AnalyzeView.js(4501,30): error TS2584: Cannot find name 'document'. Do you need to change your target library? Try changing the 'lib' compiler option to include 'dom'.
coming-soon/public/dashboard/js-es2018/views/AnalyzeView.js(4509,27): error TS2584: Cannot find name 'document'. Do you need to change your target library? Try changing the 'lib' compiler option to include 'dom'.
coming-soon/public/dashboard/js-es2018/views/AnalyzeView.js(4523,23): error TS2584: Cannot find name 'document'. Do you need to change your target library? Try changing the 'lib' compiler option to include 'dom'.
coming-soon/public/dashboard/js-es2018/views/AnalyzeView.js(4525,30): error TS2584: Cannot find name 'document'. Do you need to change your target library? Try changing the 'lib' compiler option to include 'dom'.
coming-soon/public/dashboard/js-es2018/views/AnalyzeView.js(4530,23): error TS2584: Cannot find name 'document'. Do you need to change your target library? Try changing the 'lib' compiler option to include 'dom'.
coming-soon/public/dashboard/js-es2018/views/AnalyzeView.js(4532,27): error TS2584: Cannot find name 'document'. Do you need to change your target library? Try changing the 'lib' compiler option to include 'dom'.
coming-soon/public/dashboard/js-es2018/views/AnalyzeView.js(4546,25): error TS2584: Cannot find name 'document'. Do you need to change your target library? Try changing the 'lib' compiler option to include 'dom'.
coming-soon/public/dashboard/js-es2018/views/AnalyzeView.js(4626,43): error TS2339: Property 'setInterval' does not exist on type 'typeof window'.
coming-soon/public/dashboard/js-es2018/views/AnalyzeView.js(4644,17): error TS2353: Object literal may only specify known properties, and 'analysisType' does not exist in type 'any[]'.
coming-soon/public/dashboard/js-es2018/views/AnalyzeView.js(4662,17): error TS2353: Object literal may only specify known properties, and 'analysisType' does not exist in type 'any[]'.
coming-soon/public/dashboard/js-es2018/views/AnalyzeView.js(4672,17): error TS2353: Object literal may only specify known properties, and 'analysisType' does not exist in type 'any[]'.
coming-soon/public/dashboard/js-es2018/views/AnalyzeView.js(4682,17): error TS2353: Object literal may only specify known properties, and 'analysisType' does not exist in type 'any[]'.
coming-soon/public/dashboard/js-es2018/views/AnalyzeView.js(4750,81): error TS2339: Property 'acquireVsCodeApi' does not exist on type 'typeof window'.
coming-soon/public/dashboard/js-es2018/views/AnalyzeView.js(4791,116): error TS2339: Property 'location' does not exist on type 'typeof window'.
coming-soon/public/dashboard/js-es2018/views/AnalyzeView.js(4795,28): error TS2339: Property 'showDirectoryPicker' does not exist on type 'typeof window'.
coming-soon/public/dashboard/js-es2018/views/AnalyzeView.js(4915,25): error TS2584: Cannot find name 'document'. Do you need to change your target library? Try changing the 'lib' compiler option to include 'dom'.
coming-soon/public/dashboard/js-es2018/views/AnalyzeView.js(5098,107): error TS2353: Object literal may only specify known properties, and 'context' does not exist in type 'any[]'.
coming-soon/public/dashboard/js-es2018/views/AnalyzeView.js(5320,32): error TS2584: Cannot find name 'document'. Do you need to change your target library? Try changing the 'lib' compiler option to include 'dom'.
coming-soon/public/dashboard/js-es2018/views/AnalyzeView.js(5324,13): error TS2584: Cannot find name 'document'. Do you need to change your target library? Try changing the 'lib' compiler option to include 'dom'.
coming-soon/public/dashboard/js-es2018/views/AnalyzeView.js(5373,33): error TS2584: Cannot find name 'document'. Do you need to change your target library? Try changing the 'lib' compiler option to include 'dom'.
coming-soon/public/dashboard/js-es2018/views/AnalyzeView.js(5379,20): error TS2339: Property 'addEventListener' does not exist on type 'typeof window'.
coming-soon/public/dashboard/js-es2018/views/AnalyzeView.js(5412,112): error TS2339: Property 'location' does not exist on type 'typeof window'.
coming-soon/public/dashboard/js-es2018/views/AnalyzeView.js(5450,23): error TS2339: Property 'success' does not exist on type 'unknown'.
coming-soon/public/dashboard/js-es2018/views/AnalyzeView.js(5451,93): error TS2339: Property 'error' does not exist on type 'unknown'.
coming-soon/public/dashboard/js-es2018/views/AnalyzeView.js(5454,34): error TS2339: Property 'current' does not exist on type 'unknown'.
coming-soon/public/dashboard/js-es2018/views/AnalyzeView.js(5457,23): error TS2339: Property 'directories' does not exist on type 'unknown'.
coming-soon/public/dashboard/js-es2018/views/AnalyzeView.js(5457,43): error TS2339: Property 'directories' does not exist on type 'unknown'.
coming-soon/public/dashboard/js-es2018/views/AnalyzeView.js(5461,37): error TS2339: Property 'parent' does not exist on type 'unknown'.
coming-soon/public/dashboard/js-es2018/views/AnalyzeView.js(5462,79): error TS2339: Property 'parent' does not exist on type 'unknown'.
coming-soon/public/dashboard/js-es2018/views/AnalyzeView.js(5466,32): error TS2339: Property 'directories' does not exist on type 'unknown'.
coming-soon/public/dashboard/js-es2018/views/AnalyzeView.js(5504,34): error TS2339: Property 'process' does not exist on type 'typeof window'.
coming-soon/public/dashboard/js-es2018/views/AnalyzeView.js(5511,21): error TS2339: Property 'showDirectoryPicker' does not exist on type 'typeof window'.
coming-soon/public/dashboard/js-es2018/views/AnalyzeView.js(5514,44): error TS2339: Property 'showDirectoryPicker' does not exist on type 'typeof window'.
coming-soon/public/dashboard/js-es2018/views/AnalyzeView.js(5687,25): error TS2584: Cannot find name 'document'. Do you need to change your target library? Try changing the 'lib' compiler option to include 'dom'.
coming-soon/public/dashboard/js-es2018/views/AnalyzeView.js(5859,32): error TS2304: Cannot find name 'FileReader'.
coming-soon/public/dashboard/js-es2018/views/AnalyzeView.js(5936,17): error TS2345: Argument of type 'string' is not assignable to parameter of type 'number'.
coming-soon/public/dashboard/js-es2018/views/AnalyzeView.js(5944,22): error TS2345: Argument of type 'string' is not assignable to parameter of type 'number'.
coming-soon/public/dashboard/js-es2018/views/AnalyzeView.js(5947,22): error TS2345: Argument of type 'string' is not assignable to parameter of type 'number'.
coming-soon/public/dashboard/js-es2018/views/AnalyzeView.js(5952,26): error TS2345: Argument of type 'string' is not assignable to parameter of type 'number'.
coming-soon/public/dashboard/js-es2018/views/AnalyzeView.js(5958,26): error TS2345: Argument of type 'string' is not assignable to parameter of type 'number'.
coming-soon/public/dashboard/js-es2018/views/AnalyzeView.js(5967,26): error TS2345: Argument of type 'string' is not assignable to parameter of type 'number'.
coming-soon/public/dashboard/js-es2018/views/AnalyzeView.js(5974,26): error TS2345: Argument of type 'string' is not assignable to parameter of type 'number'.
coming-soon/public/dashboard/js-es2018/views/AnalyzeView.js(5979,21): error TS2345: Argument of type 'string' is not assignable to parameter of type 'number'.
coming-soon/public/dashboard/js-es2018/views/AnalyzeView.js(5984,26): error TS2345: Argument of type 'string' is not assignable to parameter of type 'number'.
coming-soon/public/dashboard/js-es2018/views/AnalyzeView.js(5989,22): error TS2345: Argument of type 'string' is not assignable to parameter of type 'number'.
coming-soon/public/dashboard/js-es2018/views/AnalyzeView.js(6261,16): error TS2304: Cannot find name 'DragEvent'.
coming-soon/public/dashboard/js-es2018/views/AnalyzeView.js(6315,16): error TS2304: Cannot find name 'FileList'.
coming-soon/public/dashboard/js-es2018/views/AnalyzeView.js(6317,16): error TS2304: Cannot find name 'DragEvent'.
coming-soon/public/dashboard/js-es2018/views/AnalyzeView.js(6318,16): error TS2304: Cannot find name 'FileSystemDirectoryHandle'.
coming-soon/public/dashboard/js-es2018/views/AnalyzeView.js(6318,42): error TS2304: Cannot find name 'FileSystemDirectoryEntry'.
coming-soon/public/dashboard/js-es2018/views/AnalyzeView.js(6369,20): error TS2339: Property 'showDirectoryPicker' does not exist on type 'typeof window'.
coming-soon/public/dashboard/js-es2018/views/AnalyzeView.js(6479,63): error TS2584: Cannot find name 'document'. Do you need to change your target library? Try changing the 'lib' compiler option to include 'dom'.
coming-soon/public/dashboard/js-es2018/views/AnalyzeView.js(6536,40): error TS2353: Object literal may only specify known properties, and 'analysisType' does not exist in type 'any[]'.
coming-soon/public/dashboard/js-es2018/views/AnalyzeView.js(6583,26): error TS2304: Cannot find name 'FileList'.
coming-soon/public/dashboard/js-es2018/views/AnalyzeView.js(6587,27): error TS2584: Cannot find name 'document'. Do you need to change your target library? Try changing the 'lib' compiler option to include 'dom'.
coming-soon/public/dashboard/js-es2018/views/AnalyzeView.js(6608,13): error TS2584: Cannot find name 'document'. Do you need to change your target library? Try changing the 'lib' compiler option to include 'dom'.
coming-soon/public/dashboard/js-es2018/views/AnalyzeView.js(6614,31): error TS2339: Property 'showDirectoryPicker' does not exist on type 'typeof window'.
coming-soon/public/dashboard/js-es2018/views/AnalyzeView.js(6798,112): error TS2339: Property 'location' does not exist on type 'typeof window'.
coming-soon/public/dashboard/js-es2018/views/AnalyzeView.js(6817,204): error TS2554: Expected 0-2 arguments, but got 3.
coming-soon/public/dashboard/js-es2018/views/AnalyzeView.js(6827,25): error TS2339: Property 'showDirectoryPicker' does not exist on type 'typeof window'.
coming-soon/public/dashboard/js-es2018/views/AnalyzeView.js(6837,190): error TS2554: Expected 0-2 arguments, but got 3.
coming-soon/public/dashboard/js-es2018/views/AnalyzeView.js(6869,204): error TS2554: Expected 0-2 arguments, but got 3.
coming-soon/public/dashboard/js-es2018/views/AnalyzeView.js(6934,28): error TS2353: Object literal may only specify known properties, and 'analysisType' does not exist in type 'any[]'.
coming-soon/public/dashboard/js-es2018/views/AnalyzeView.js(6943,20): error TS2339: Property 'location' does not exist on type 'typeof window'.
coming-soon/public/dashboard/js-es2018/views/AnalyzeView.js(7353,22): error TS1064: The return type of an async function or method must be the global Promise<T> type. Did you mean to write 'Promise<any>'?
coming-soon/public/dashboard/js-es2018/views/AnalyzeView.js(8269,24): error TS2339: Property 'open' does not exist on type 'typeof window'.
coming-soon/public/dashboard/js-es2018/views/AnalyzeView.js(8309,24): error TS2339: Property 'open' does not exist on type 'typeof window'.
coming-soon/public/dashboard/js-es2018/views/AnalyzeView.js(8346,24): error TS2339: Property 'open' does not exist on type 'typeof window'.
coming-soon/public/dashboard/js-es2018/views/AnalyzeView.js(8371,36): error TS2740: Type '{}' is missing the following properties from type 'any[]': length, pop, push, concat, and 29 more.
coming-soon/public/dashboard/js-es2018/views/AnalyzeView.js(8380,57): error TS2339: Property 'category' does not exist on type 'any[]'.
coming-soon/public/dashboard/js-es2018/views/AnalyzeView.js(8383,79): error TS2339: Property 'action' does not exist on type 'any[]'.
coming-soon/public/dashboard/js-es2018/views/AnalyzeView.js(8384,53): error TS2339: Property 'effort' does not exist on type 'any[]'.
coming-soon/public/dashboard/js-es2018/views/AnalyzeView.js(8392,61): error TS2353: Object literal may only specify known properties, and 'category' does not exist in type 'any[]'.
coming-soon/public/dashboard/js-es2018/views/AnalyzeView.js(8394,66): error TS2353: Object literal may only specify known properties, and 'category' does not exist in type 'any[]'.
coming-soon/public/dashboard/js-es2018/views/AnalyzeView.js(8396,60): error TS2353: Object literal may only specify known properties, and 'category' does not exist in type 'any[]'.
coming-soon/public/dashboard/js-es2018/views/AnalyzeView.js(8398,56): error TS2353: Object literal may only specify known properties, and 'category' does not exist in type 'any[]'.
coming-soon/public/dashboard/js-es2018/views/AnalyzeView.js(8404,61): error TS2353: Object literal may only specify known properties, and 'category' does not exist in type 'any[]'.
coming-soon/public/dashboard/js-es2018/views/AnalyzeView.js(8406,59): error TS2353: Object literal may only specify known properties, and 'category' does not exist in type 'any[]'.
coming-soon/public/dashboard/js-es2018/views/AnalyzeView.js(8408,59): error TS2353: Object literal may only specify known properties, and 'category' does not exist in type 'any[]'.
coming-soon/public/dashboard/js-es2018/views/AnalyzeView.js(8423,27): error TS2353: Object literal may only specify known properties, and 'category' does not exist in type 'any[]'.
coming-soon/public/dashboard/js-es2018/views/AnalyzeView.js(8427,61): error TS2353: Object literal may only specify known properties, and 'category' does not exist in type 'any[]'.
coming-soon/public/dashboard/js-es2018/views/AnalyzeView.js(8439,28): error TS2353: Object literal may only specify known properties, and 'category' does not exist in type 'any[]'.
coming-soon/public/dashboard/js-es2018/views/AnalyzeView.js(8445,33): error TS2353: Object literal may only specify known properties, and 'category' does not exist in type 'any[]'.
coming-soon/public/dashboard/js-es2018/views/AnalyzeView.js(8459,28): error TS2353: Object literal may only specify known properties, and 'category' does not exist in type 'any[]'.
coming-soon/public/dashboard/js-es2018/views/AnalyzeView.js(8629,17): error TS2353: Object literal may only specify known properties, and 'projectPath' does not exist in type '{ scanKind?: string; compliance?: any; }'.
coming-soon/public/dashboard/js-es2018/views/AnalyzeView.js(8651,41): error TS2339: Property 'projectPath' does not exist on type '{ scanKind?: string; compliance?: any; }'.
coming-soon/public/dashboard/js-es2018/views/AnalyzeView.js(8692,17): error TS2353: Object literal may only specify known properties, and 'projectPath' does not exist in type '{ scanKind?: string; compliance?: any; }'.
coming-soon/public/dashboard/js-es2018/views/AnalyzeView.js(8858,65): error TS2345: Argument of type '{ projectRoot: any; }' is not assignable to parameter of type 'number'.
coming-soon/public/dashboard/js-es2018/views/AnalyzeView.js(9407,22): error TS2584: Cannot find name 'document'. Do you need to change your target library? Try changing the 'lib' compiler option to include 'dom'.
coming-soon/public/dashboard/js-es2018/views/AnalyzeView.js(9408,37): error TS2339: Property 'scrollY' does not exist on type 'typeof window'.
coming-soon/public/dashboard/js-es2018/views/AnalyzeView.js(9408,55): error TS2339: Property 'pageYOffset' does not exist on type 'typeof window'.
coming-soon/public/dashboard/js-es2018/views/AnalyzeView.js(9408,70): error TS2584: Cannot find name 'document'. Do you need to change your target library? Try changing the 'lib' compiler option to include 'dom'.
coming-soon/public/dashboard/js-es2018/views/AnalyzeView.js(9417,9): error TS2304: Cannot find name 'requestAnimationFrame'.
coming-soon/public/dashboard/js-es2018/views/AnalyzeView.js(9418,13): error TS2304: Cannot find name 'requestAnimationFrame'.
coming-soon/public/dashboard/js-es2018/views/AnalyzeView.js(9419,24): error TS2339: Property 'scrollTo' does not exist on type 'typeof window'.
coming-soon/public/dashboard/js-es2018/views/AnalyzeView.js(9475,56): error TS2584: Cannot find name 'document'. Do you need to change your target library? Try changing the 'lib' compiler option to include 'dom'.
coming-soon/public/dashboard/js-es2018/views/AnalyzeView.js(9482,32): error TS2353: Object literal may only specify known properties, and 'analysisType' does not exist in type 'any[]'.
coming-soon/public/dashboard/js-es2018/views/AnalyzeView.js(9554,173): error TS2339: Property 'location' does not exist on type 'typeof window'.
coming-soon/public/dashboard/js-es2018/views/AnalyzeView.js(9573,169): error TS2339: Property 'location' does not exist on type 'typeof window'.
coming-soon/public/dashboard/js-es2018/views/AnalyzeView.js(9580,26): error TS2339: Property 'success' does not exist on type 'unknown'.
coming-soon/public/dashboard/js-es2018/views/AnalyzeView.js(9581,30): error TS2339: Property 'content' does not exist on type 'unknown'.
coming-soon/public/dashboard/js-es2018/views/AnalyzeView.js(9583,45): error TS2339: Property 'clipboard' does not exist on type 'Navigator'.
coming-soon/public/dashboard/js-es2018/views/AnalyzeView.js(9583,70): error TS2339: Property 'content' does not exist on type 'unknown'.
coming-soon/public/dashboard/js-es2018/views/AnalyzeView.js(9595,50): error TS2339: Property 'error' does not exist on type 'unknown'.
coming-soon/public/dashboard/js-es2018/views/AnalyzeView.js(9633,69): error TS2554: Expected 0 arguments, but got 1.
coming-soon/public/dashboard/js-es2018/views/AnalyzeView.js(9776,22): error TS1064: The return type of an async function or method must be the global Promise<T> type. Did you mean to write 'Promise<any>'?
coming-soon/public/dashboard/js-es2018/views/AnalyzeView.js(9789,37): error TS2339: Property 'clipboard' does not exist on type 'Navigator'.
coming-soon/public/dashboard/js-es2018/views/AnalyzeView.js(9790,37): error TS2339: Property 'clipboard' does not exist on type 'Navigator'.
coming-soon/public/dashboard/js-es2018/views/AnalyzeView.js(9793,38): error TS2584: Cannot find name 'document'. Do you need to change your target library? Try changing the 'lib' compiler option to include 'dom'.
coming-soon/public/dashboard/js-es2018/views/AnalyzeView.js(9798,21): error TS2584: Cannot find name 'document'. Do you need to change your target library? Try changing the 'lib' compiler option to include 'dom'.
coming-soon/public/dashboard/js-es2018/views/AnalyzeView.js(9800,21): error TS2584: Cannot find name 'document'. Do you need to change your target library? Try changing the 'lib' compiler option to include 'dom'.
coming-soon/public/dashboard/js-es2018/views/AnalyzeView.js(9801,21): error TS2584: Cannot find name 'document'. Do you need to change your target library? Try changing the 'lib' compiler option to include 'dom'.
coming-soon/public/dashboard/js-es2018/views/AnalyzeView.js(9971,33): error TS2339: Property 'clipboard' does not exist on type 'Navigator'.
coming-soon/public/dashboard/js-es2018/views/AnalyzeView.js(10050,27): error TS2339: Property 'lucide' does not exist on type 'typeof window'.
coming-soon/public/dashboard/js-es2018/views/AnalyzeView.js(10051,20): error TS2339: Property 'lucide' does not exist on type 'typeof window'.
coming-soon/public/dashboard/js-es2018/views/AnalyzeView.js(10059,20): error TS2339: Property 'location' does not exist on type 'typeof window'.
coming-soon/public/dashboard/js-es2018/views/AnalyzeView.js(10061,48): error TS2339: Property 'location' does not exist on type 'typeof window'.
coming-soon/public/dashboard/js-es2018/views/AnalyzeView.js(10062,23): error TS2339: Property 'location' does not exist on type 'typeof window'.
coming-soon/public/dashboard/js-es2018/views/AnalyzeView.js(10063,23): error TS2339: Property 'location' does not exist on type 'typeof window'.
coming-soon/public/dashboard/js-es2018/views/AnalyzeView.js(10064,23): error TS2339: Property 'location' does not exist on type 'typeof window'.
coming-soon/public/dashboard/js-es2018/views/AnalyzeView.js(10065,23): error TS2339: Property 'location' does not exist on type 'typeof window'.
coming-soon/public/dashboard/js-es2018/views/AnalyzeView.js(10078,26): error TS2339: Property 'type' does not exist on type 'unknown'.
coming-soon/public/dashboard/js-es2018/views/AnalyzeView.js(10078,72): error TS2339: Property 'results' does not exist on type 'unknown'.
coming-soon/public/dashboard/js-es2018/views/AnalyzeView.js(10079,46): error TS2339: Property 'generatedAt' does not exist on type 'unknown'.
coming-soon/public/dashboard/js-es2018/views/AnalyzeView.js(10079,73): error TS2339: Property 'report' does not exist on type 'unknown'.
coming-soon/public/dashboard/js-es2018/views/AssessmentView.js(86,20): error TS2584: Cannot find name 'document'. Do you need to change your target library? Try changing the 'lib' compiler option to include 'dom'.
coming-soon/public/dashboard/js-es2018/views/AssessmentView.js(150,33): error TS2554: Expected 0 arguments, but got 1.
coming-soon/public/dashboard/js-es2018/views/AuditView.js(66,17): error TS2339: Property 'mockSampleFiles' does not exist on type 'any[]'.
coming-soon/public/dashboard/js-es2018/views/AuditView.js(67,44): error TS2339: Property 'mockSampleFiles' does not exist on type 'any[]'.
coming-soon/public/dashboard/js-es2018/views/AuditView.js(69,17): error TS2339: Property 'filesAnalyzed' does not exist on type 'any[]'.
coming-soon/public/dashboard/js-es2018/views/AuditView.js(70,44): error TS2339: Property 'filesAnalyzed' does not exist on type 'any[]'.
coming-soon/public/dashboard/js-es2018/views/AuditView.js(72,17): error TS2339: Property 'inventoryFiles' does not exist on type 'any[]'.
coming-soon/public/dashboard/js-es2018/views/AuditView.js(73,44): error TS2339: Property 'inventoryFiles' does not exist on type 'any[]'.
coming-soon/public/dashboard/js-es2018/views/AuditView.js(73,97): error TS2339: Property 'inventoryFolders' does not exist on type 'any[]'.
coming-soon/public/dashboard/js-es2018/views/AuditView.js(77,26): error TS2339: Property 'lastScan' does not exist on type 'any[]'.
coming-soon/public/dashboard/js-es2018/views/AuditView.js(78,41): error TS2339: Property 'lastScan' does not exist on type 'any[]'.
coming-soon/public/dashboard/js-es2018/views/AuditView.js(106,60): error TS2339: Property 'acquireVsCodeApi' does not exist on type 'typeof window'.
coming-soon/public/dashboard/js-es2018/views/AuditView.js(109,44): error TS2339: Property 'acquireVsCodeApi' does not exist on type 'typeof window'.
coming-soon/public/dashboard/js-es2018/views/AuditView.js(271,20): error TS2584: Cannot find name 'document'. Do you need to change your target library? Try changing the 'lib' compiler option to include 'dom'.
coming-soon/public/dashboard/js-es2018/views/AuditView.js(432,215): error TS2339: Property 'location' does not exist on type 'typeof window'.
coming-soon/public/dashboard/js-es2018/views/AuditView.js(459,26): error TS2339: Property 'success' does not exist on type 'unknown'.
coming-soon/public/dashboard/js-es2018/views/AuditView.js(459,42): error TS2339: Property 'content' does not exist on type 'unknown'.
coming-soon/public/dashboard/js-es2018/views/AuditView.js(460,37): error TS2339: Property 'clipboard' does not exist on type 'Navigator'.
coming-soon/public/dashboard/js-es2018/views/AuditView.js(460,62): error TS2339: Property 'content' does not exist on type 'unknown'.
coming-soon/public/dashboard/js-es2018/views/AuditView.js(506,9): error TS2304: Cannot find name 'requestAnimationFrame'.
coming-soon/public/dashboard/js-es2018/views/AuditView.js(508,19): error TS2584: Cannot find name 'document'. Do you need to change your target library? Try changing the 'lib' compiler option to include 'dom'.
coming-soon/public/dashboard/js-es2018/views/ChatbotView.js(120,21): error TS2584: Cannot find name 'document'. Do you need to change your target library? Try changing the 'lib' compiler option to include 'dom'.
coming-soon/public/dashboard/js-es2018/views/ChatbotView.js(121,22): error TS2584: Cannot find name 'document'. Do you need to change your target library? Try changing the 'lib' compiler option to include 'dom'.
coming-soon/public/dashboard/js-es2018/views/ChatbotView.js(122,23): error TS2584: Cannot find name 'document'. Do you need to change your target library? Try changing the 'lib' compiler option to include 'dom'.
coming-soon/public/dashboard/js-es2018/views/ChatbotView.js(123,25): error TS2584: Cannot find name 'document'. Do you need to change your target library? Try changing the 'lib' compiler option to include 'dom'.
coming-soon/public/dashboard/js-es2018/views/ChatbotView.js(151,24): error TS2584: Cannot find name 'document'. Do you need to change your target library? Try changing the 'lib' compiler option to include 'dom'.
coming-soon/public/dashboard/js-es2018/views/ChatbotView.js(168,24): error TS2584: Cannot find name 'document'. Do you need to change your target library? Try changing the 'lib' compiler option to include 'dom'.
coming-soon/public/dashboard/js-es2018/views/ChatbotView.js(173,25): error TS2584: Cannot find name 'document'. Do you need to change your target library? Try changing the 'lib' compiler option to include 'dom'.
coming-soon/public/dashboard/js-es2018/views/ChatbotView.js(174,23): error TS2584: Cannot find name 'document'. Do you need to change your target library? Try changing the 'lib' compiler option to include 'dom'.
coming-soon/public/dashboard/js-es2018/views/ChatbotView.js(175,26): error TS2584: Cannot find name 'document'. Do you need to change your target library? Try changing the 'lib' compiler option to include 'dom'.
coming-soon/public/dashboard/js-es2018/views/ChatbotView.js(176,32): error TS2584: Cannot find name 'document'. Do you need to change your target library? Try changing the 'lib' compiler option to include 'dom'.
coming-soon/public/dashboard/js-es2018/views/ChatbotView.js(193,30): error TS2584: Cannot find name 'document'. Do you need to change your target library? Try changing the 'lib' compiler option to include 'dom'.
coming-soon/public/dashboard/js-es2018/views/ChatbotView.js(194,29): error TS2584: Cannot find name 'document'. Do you need to change your target library? Try changing the 'lib' compiler option to include 'dom'.
coming-soon/public/dashboard/js-es2018/views/ChatbotView.js(195,28): error TS2584: Cannot find name 'document'. Do you need to change your target library? Try changing the 'lib' compiler option to include 'dom'.
coming-soon/public/dashboard/js-es2018/views/ChatbotView.js(196,29): error TS2584: Cannot find name 'document'. Do you need to change your target library? Try changing the 'lib' compiler option to include 'dom'.
coming-soon/public/dashboard/js-es2018/views/ChatbotView.js(197,32): error TS2584: Cannot find name 'document'. Do you need to change your target library? Try changing the 'lib' compiler option to include 'dom'.
coming-soon/public/dashboard/js-es2018/views/ChatbotView.js(234,32): error TS2584: Cannot find name 'document'. Do you need to change your target library? Try changing the 'lib' compiler option to include 'dom'.
coming-soon/public/dashboard/js-es2018/views/ChatbotView.js(235,31): error TS2584: Cannot find name 'document'. Do you need to change your target library? Try changing the 'lib' compiler option to include 'dom'.
coming-soon/public/dashboard/js-es2018/views/ChatbotView.js(236,30): error TS2584: Cannot find name 'document'. Do you need to change your target library? Try changing the 'lib' compiler option to include 'dom'.
coming-soon/public/dashboard/js-es2018/views/ChatbotView.js(237,35): error TS2584: Cannot find name 'document'. Do you need to change your target library? Try changing the 'lib' compiler option to include 'dom'.
coming-soon/public/dashboard/js-es2018/views/ChatbotView.js(238,39): error TS2584: Cannot find name 'document'. Do you need to change your target library? Try changing the 'lib' compiler option to include 'dom'.
coming-soon/public/dashboard/js-es2018/views/ChatbotView.js(256,33): error TS2584: Cannot find name 'document'. Do you need to change your target library? Try changing the 'lib' compiler option to include 'dom'.
coming-soon/public/dashboard/js-es2018/views/ChatbotView.js(257,31): error TS2584: Cannot find name 'document'. Do you need to change your target library? Try changing the 'lib' compiler option to include 'dom'.
coming-soon/public/dashboard/js-es2018/views/ChatbotView.js(258,35): error TS2584: Cannot find name 'document'. Do you need to change your target library? Try changing the 'lib' compiler option to include 'dom'.
coming-soon/public/dashboard/js-es2018/views/ChatbotView.js(259,35): error TS2584: Cannot find name 'document'. Do you need to change your target library? Try changing the 'lib' compiler option to include 'dom'.
coming-soon/public/dashboard/js-es2018/views/ChatbotView.js(275,23): error TS2584: Cannot find name 'document'. Do you need to change your target library? Try changing the 'lib' compiler option to include 'dom'.
coming-soon/public/dashboard/js-es2018/views/ChatbotView.js(278,9): error TS2584: Cannot find name 'document'. Do you need to change your target library? Try changing the 'lib' compiler option to include 'dom'.
coming-soon/public/dashboard/js-es2018/views/ChatbotView.js(283,32): error TS2584: Cannot find name 'document'. Do you need to change your target library? Try changing the 'lib' compiler option to include 'dom'.
coming-soon/public/dashboard/js-es2018/views/ChatbotView.js(291,26): error TS2339: Property 'prompt' does not exist on type 'unknown'.
coming-soon/public/dashboard/js-es2018/views/ChatbotView.js(292,49): error TS2339: Property 'prompt' does not exist on type 'unknown'.
coming-soon/public/dashboard/js-es2018/views/ChatbotView.js(305,24): error TS2584: Cannot find name 'document'. Do you need to change your target library? Try changing the 'lib' compiler option to include 'dom'.
coming-soon/public/dashboard/js-es2018/views/ChatbotView.js(316,37): error TS2339: Property 'providers' does not exist on type 'unknown'.
coming-soon/public/dashboard/js-es2018/views/ChatbotView.js(316,56): error TS2339: Property 'providers' does not exist on type 'unknown'.
coming-soon/public/dashboard/js-es2018/views/ChatbotView.js(320,18): error TS2339: Property 'providers' does not exist on type 'unknown'.
coming-soon/public/dashboard/js-es2018/views/ChatbotView.js(321,32): error TS2584: Cannot find name 'document'. Do you need to change your target library? Try changing the 'lib' compiler option to include 'dom'.
coming-soon/public/dashboard/js-es2018/views/ChatbotView.js(327,41): error TS2339: Property 'providers' does not exist on type 'unknown'.
coming-soon/public/dashboard/js-es2018/views/ChatbotView.js(340,32): error TS2584: Cannot find name 'document'. Do you need to change your target library? Try changing the 'lib' compiler option to include 'dom'.
coming-soon/public/dashboard/js-es2018/views/ChatbotView.js(350,23): error TS2584: Cannot find name 'document'. Do you need to change your target library? Try changing the 'lib' compiler option to include 'dom'.
coming-soon/public/dashboard/js-es2018/views/ChatbotView.js(392,31): error TS2584: Cannot find name 'document'. Do you need to change your target library? Try changing the 'lib' compiler option to include 'dom'.
coming-soon/public/dashboard/js-es2018/views/ChatbotView.js(404,26): error TS2339: Property 'success' does not exist on type 'unknown'.
coming-soon/public/dashboard/js-es2018/views/ChatbotView.js(405,84): error TS2339: Property 'response' does not exist on type 'unknown'.
coming-soon/public/dashboard/js-es2018/views/ChatbotView.js(408,47): error TS2339: Property 'message' does not exist on type 'unknown'.
coming-soon/public/dashboard/js-es2018/views/ChatbotView.js(433,16): error TS2304: Cannot find name 'HTMLElement'.
coming-soon/public/dashboard/js-es2018/views/ChatbotView.js(458,47): error TS2584: Cannot find name 'document'. Do you need to change your target library? Try changing the 'lib' compiler option to include 'dom'.
coming-soon/public/dashboard/js-es2018/views/ChatbotView.js(482,27): error TS2584: Cannot find name 'document'. Do you need to change your target library? Try changing the 'lib' compiler option to include 'dom'.
coming-soon/public/dashboard/js-es2018/views/ChatbotView.js(607,21): error TS2584: Cannot find name 'document'. Do you need to change your target library? Try changing the 'lib' compiler option to include 'dom'.
coming-soon/public/dashboard/js-es2018/views/ChatbotView.js(614,27): error TS2584: Cannot find name 'document'. Do you need to change your target library? Try changing the 'lib' compiler option to include 'dom'.
coming-soon/public/dashboard/js-es2018/views/ChatbotView.js(617,27): error TS2584: Cannot find name 'document'. Do you need to change your target library? Try changing the 'lib' compiler option to include 'dom'.
coming-soon/public/dashboard/js-es2018/views/ChatbotView.js(634,27): error TS2584: Cannot find name 'document'. Do you need to change your target library? Try changing the 'lib' compiler option to include 'dom'.
coming-soon/public/dashboard/js-es2018/views/ChatbotView.js(695,19): error TS2339: Property 'clipboard' does not exist on type 'Navigator'.
coming-soon/public/dashboard/js-es2018/views/ChatbotView.js(697,25): error TS2584: Cannot find name 'document'. Do you need to change your target library? Try changing the 'lib' compiler option to include 'dom'.
coming-soon/public/dashboard/js-es2018/views/CodeMapView.js(2,29): error TS2307: Cannot find module '../services/scanService.js?v=20260711dedup2' or its corresponding type declarations.
coming-soon/public/dashboard/js-es2018/views/CodeMapView.js(3,42): error TS2307: Cannot find module '../services/analyzeService.js?v=20260710inventory1' or its corresponding type declarations.
coming-soon/public/dashboard/js-es2018/views/CodeMapView.js(125,92): error TS2448: Block-scoped variable 'totalFiles' used before its declaration.
coming-soon/public/dashboard/js-es2018/views/CodeMapView.js(125,115): error TS2448: Block-scoped variable 'totalFiles' used before its declaration.
coming-soon/public/dashboard/js-es2018/views/CodeMapView.js(125,142): error TS2448: Block-scoped variable 'totalFiles' used before its declaration.
coming-soon/public/dashboard/js-es2018/views/CodeMapView.js(126,94): error TS2448: Block-scoped variable 'totalFolders' used before its declaration.
coming-soon/public/dashboard/js-es2018/views/CodeMapView.js(126,119): error TS2448: Block-scoped variable 'totalFolders' used before its declaration.
coming-soon/public/dashboard/js-es2018/views/CodeMapView.js(126,148): error TS2448: Block-scoped variable 'totalFolders' used before its declaration.
coming-soon/public/dashboard/js-es2018/views/CodeMapView.js(127,85): error TS2448: Block-scoped variable 'qualityScore' used before its declaration.
coming-soon/public/dashboard/js-es2018/views/CodeMapView.js(127,110): error TS2448: Block-scoped variable 'qualityScore' used before its declaration.
coming-soon/public/dashboard/js-es2018/views/CodeMapView.js(127,139): error TS2448: Block-scoped variable 'qualityScore' used before its declaration.
coming-soon/public/dashboard/js-es2018/views/CodeMapView.js(128,109): error TS2304: Cannot find name 'pass'.
coming-soon/public/dashboard/js-es2018/views/CodeMapView.js(128,126): error TS2304: Cannot find name 'pass'.
coming-soon/public/dashboard/js-es2018/views/CodeMapView.js(128,147): error TS2304: Cannot find name 'pass'.
coming-soon/public/dashboard/js-es2018/views/DashboardView.js(2,146): error TS2307: Cannot find module '../services/analyzeService.js?v=20260710inventory1' or its corresponding type declarations.
coming-soon/public/dashboard/js-es2018/views/DashboardView.js(3,98): error TS2307: Cannot find module '../components/ScanStatus.js?v=20260711viewresults1' or its corresponding type declarations.
coming-soon/public/dashboard/js-es2018/views/DashboardView.js(5,54): error TS2307: Cannot find module '../components/QuickActions.js?v=20260711admin1' or its corresponding type declarations.
coming-soon/public/dashboard/js-es2018/views/DashboardView.js(105,73): error TS2339: Property 'severityCounts' does not exist on type 'number'.
coming-soon/public/dashboard/js-es2018/views/DashboardView.js(178,116): error TS2339: Property 'fictionKpiHits' does not exist on type 'number'.
coming-soon/public/dashboard/js-es2018/views/DashboardView.js(179,111): error TS2339: Property 'schemaCompliance' does not exist on type 'number'.
coming-soon/public/dashboard/js-es2018/views/DashboardView.js(181,111): error TS2339: Property 'consistencyScore' does not exist on type 'number'.
coming-soon/public/dashboard/js-es2018/views/DashboardView.js(182,103): error TS2339: Property 'credentialFindings' does not exist on type 'number'.
coming-soon/public/dashboard/js-es2018/views/DashboardView.js(183,103): error TS2339: Property 'productionLeakFindings' does not exist on type 'number'.
coming-soon/public/dashboard/js-es2018/views/DashboardView.js(199,20): error TS2584: Cannot find name 'document'. Do you need to change your target library? Try changing the 'lib' compiler option to include 'dom'.
coming-soon/public/dashboard/js-es2018/views/DashboardView.js(441,85): error TS2339: Property 'acquireVsCodeApi' does not exist on type 'typeof window'.
coming-soon/public/dashboard/js-es2018/views/DashboardView.js(444,47): error TS2339: Property 'acquireVsCodeApi' does not exist on type 'typeof window'.
coming-soon/public/dashboard/js-es2018/views/DashboardView.js(448,97): error TS2339: Property 'location' does not exist on type 'typeof window'.
coming-soon/public/dashboard/js-es2018/views/DashboardView.js(466,93): error TS2339: Property 'location' does not exist on type 'typeof window'.
coming-soon/public/dashboard/js-es2018/views/DashboardView.js(473,30): error TS2339: Property 'success' does not exist on type 'unknown'.
coming-soon/public/dashboard/js-es2018/views/DashboardView.js(474,34): error TS2339: Property 'content' does not exist on type 'unknown'.
coming-soon/public/dashboard/js-es2018/views/DashboardView.js(476,49): error TS2339: Property 'clipboard' does not exist on type 'Navigator'.
coming-soon/public/dashboard/js-es2018/views/DashboardView.js(476,74): error TS2339: Property 'content' does not exist on type 'unknown'.
coming-soon/public/dashboard/js-es2018/views/DashboardView.js(488,54): error TS2339: Property 'error' does not exist on type 'unknown'.
coming-soon/public/dashboard/js-es2018/views/DashboardView.js(523,30): error TS2584: Cannot find name 'document'. Do you need to change your target library? Try changing the 'lib' compiler option to include 'dom'.
coming-soon/public/dashboard/js-es2018/views/DashboardView.js(537,26): error TS2584: Cannot find name 'document'. Do you need to change your target library? Try changing the 'lib' compiler option to include 'dom'.
coming-soon/public/dashboard/js-es2018/views/DashboardView.js(575,9): error TS2304: Cannot find name 'requestAnimationFrame'.
coming-soon/public/dashboard/js-es2018/views/DashboardView.js(579,27): error TS2339: Property 'lucide' does not exist on type 'typeof window'.
coming-soon/public/dashboard/js-es2018/views/DashboardView.js(580,20): error TS2339: Property 'lucide' does not exist on type 'typeof window'.
coming-soon/public/dashboard/js-es2018/views/HelpView.js(4,152): error TS2307: Cannot find module '../services/analyzeService.js?v=20260710inventory1' or its corresponding type declarations.
coming-soon/public/dashboard/js-es2018/views/HelpView.js(106,37): error TS2339: Property 'gate' does not exist on type 'number'.
coming-soon/public/dashboard/js-es2018/views/HelpView.js(113,60): error TS2339: Property 'gate' does not exist on type 'number'.
coming-soon/public/dashboard/js-es2018/views/HelpView.js(115,128): error TS2339: Property 'totalFiles' does not exist on type 'number'.
coming-soon/public/dashboard/js-es2018/views/HelpView.js(141,20): error TS2584: Cannot find name 'document'. Do you need to change your target library? Try changing the 'lib' compiler option to include 'dom'.
coming-soon/public/dashboard/js-es2018/views/HelpView.js(354,33): error TS2339: Property 'clipboard' does not exist on type 'Navigator'.
coming-soon/public/dashboard/js-es2018/views/HelpView.js(396,20): error TS2584: Cannot find name 'document'. Do you need to change your target library? Try changing the 'lib' compiler option to include 'dom'.
coming-soon/public/dashboard/js-es2018/views/PlatformView.js(2,84): error TS2307: Cannot find module '../services/analyzeService.js?v=20260710inventory1' or its corresponding type declarations.
coming-soon/public/dashboard/js-es2018/views/PlatformView.js(54,91): error TS2339: Property 'mockSampleFiles' does not exist on type 'number'.
coming-soon/public/dashboard/js-es2018/views/PlatformView.js(54,196): error TS2339: Property 'totalFiles' does not exist on type 'number'.
coming-soon/public/dashboard/js-es2018/views/PlatformView.js(55,84): error TS2339: Property 'qualityScore' does not exist on type 'number'.
coming-soon/public/dashboard/js-es2018/views/PlatformView.js(56,86): error TS2339: Property 'schemaCompliance' does not exist on type 'number'.
coming-soon/public/dashboard/js-es2018/views/PlatformView.js(57,85): error TS2339: Property 'issueCount' does not exist on type 'number'.
coming-soon/public/dashboard/js-es2018/views/PlatformView.js(61,93): error TS2339: Property 'mockSampleFiles' does not exist on type 'number'.
coming-soon/public/dashboard/js-es2018/views/PlatformView.js(61,198): error TS2339: Property 'totalFiles' does not exist on type 'number'.
coming-soon/public/dashboard/js-es2018/views/PlatformView.js(75,55): error TS2339: Property 'jestTests' does not exist on type 'any[]'.
coming-soon/public/dashboard/js-es2018/views/PlatformView.js(75,176): error TS2339: Property 'jestTests' does not exist on type 'any[]'.
coming-soon/public/dashboard/js-es2018/views/PlatformView.js(79,30): error TS2339: Property 'sampleJsonFiles' does not exist on type 'any[]'.
coming-soon/public/dashboard/js-es2018/views/PlatformView.js(83,30): error TS2339: Property 'mockScanFiles' does not exist on type 'any[]'.
coming-soon/public/dashboard/js-es2018/views/PlatformView.js(87,30): error TS2339: Property 'schemaPassRate' does not exist on type 'any[]'.
coming-soon/public/dashboard/js-es2018/views/PlatformView.js(91,30): error TS2339: Property 'securityScore' does not exist on type 'any[]'.
coming-soon/public/dashboard/js-es2018/views/PlatformView.js(135,20): error TS2584: Cannot find name 'document'. Do you need to change your target library? Try changing the 'lib' compiler option to include 'dom'.
coming-soon/public/dashboard/js-es2018/views/ProfileView.js(105,26): error TS2584: Cannot find name 'document'. Do you need to change your target library? Try changing the 'lib' compiler option to include 'dom'.
coming-soon/public/dashboard/js-es2018/views/ProfileView.js(316,41): error TS2304: Cannot find name 'prompt'.
coming-soon/public/dashboard/js-es2018/views/ProfileView.js(350,35): error TS2584: Cannot find name 'document'. Do you need to change your target library? Try changing the 'lib' compiler option to include 'dom'.
coming-soon/public/dashboard/js-es2018/views/ProfileView.js(353,20): error TS2339: Property 'location' does not exist on type 'typeof window'.
coming-soon/public/dashboard/js-es2018/views/ProfileView.js(391,31): error TS2339: Property 'clipboard' does not exist on type 'Navigator'.
coming-soon/public/dashboard/js-es2018/views/ProfileView.js(391,54): error TS2339: Property 'clipboard' does not exist on type 'Navigator'.
coming-soon/public/dashboard/js-es2018/views/ProfileView.js(393,41): error TS2339: Property 'clipboard' does not exist on type 'Navigator'.
coming-soon/public/dashboard/js-es2018/views/ProfileView.js(407,34): error TS2584: Cannot find name 'document'. Do you need to change your target library? Try changing the 'lib' compiler option to include 'dom'.
coming-soon/public/dashboard/js-es2018/views/ProfileView.js(430,134): error TS2304: Cannot find name 'alert'.
coming-soon/public/dashboard/js-es2018/views/QualityView.js(2,39): error TS2307: Cannot find module '../services/analyzeService.js?v=20260710inventory1' or its corresponding type declarations.
coming-soon/public/dashboard/js-es2018/views/QualityView.js(79,60): error TS2339: Property 'acquireVsCodeApi' does not exist on type 'typeof window'.
coming-soon/public/dashboard/js-es2018/views/QualityView.js(82,44): error TS2339: Property 'acquireVsCodeApi' does not exist on type 'typeof window'.
coming-soon/public/dashboard/js-es2018/views/QualityView.js(99,20): error TS2584: Cannot find name 'document'. Do you need to change your target library? Try changing the 'lib' compiler option to include 'dom'.
coming-soon/public/dashboard/js-es2018/views/QualityView.js(179,71): error TS2339: Property 'location' does not exist on type 'typeof window'.
coming-soon/public/dashboard/js-es2018/views/QualityView.js(206,26): error TS2339: Property 'success' does not exist on type 'unknown'.
coming-soon/public/dashboard/js-es2018/views/QualityView.js(206,42): error TS2339: Property 'content' does not exist on type 'unknown'.
coming-soon/public/dashboard/js-es2018/views/QualityView.js(207,37): error TS2339: Property 'clipboard' does not exist on type 'Navigator'.
coming-soon/public/dashboard/js-es2018/views/QualityView.js(207,62): error TS2339: Property 'content' does not exist on type 'unknown'.
coming-soon/public/dashboard/js-es2018/views/QualityView.js(290,21): error TS2584: Cannot find name 'document'. Do you need to change your target library? Try changing the 'lib' compiler option to include 'dom'.
coming-soon/public/dashboard/js-es2018/views/QualityView.js(297,22): error TS2584: Cannot find name 'document'. Do you need to change your target library? Try changing the 'lib' compiler option to include 'dom'.
coming-soon/public/dashboard/js-es2018/views/QualityView.js(303,22): error TS2584: Cannot find name 'document'. Do you need to change your target library? Try changing the 'lib' compiler option to include 'dom'.
coming-soon/public/dashboard/js-es2018/views/RemediationRoadmapView.js(9,25): error TS2339: Property 'type' does not exist on type 'boolean'.
coming-soon/public/dashboard/js-es2018/views/RemediationRoadmapView.js(10,27): error TS2339: Property 'ruleId' does not exist on type 'boolean'.
coming-soon/public/dashboard/js-es2018/views/RemediationRoadmapView.js(10,43): error TS2339: Property 'id' does not exist on type 'boolean'.
coming-soon/public/dashboard/js-es2018/views/RemediationRoadmapView.js(11,32): error TS2339: Property 'description' does not exist on type 'boolean'.
coming-soon/public/dashboard/js-es2018/views/RemediationRoadmapView.js(57,28): error TS2339: Property 'recommendedAction' does not exist on type 'boolean'.
coming-soon/public/dashboard/js-es2018/views/RemediationRoadmapView.js(351,19): error TS2584: Cannot find name 'document'. Do you need to change your target library? Try changing the 'lib' compiler option to include 'dom'.
coming-soon/public/dashboard/js-es2018/views/RemediationRoadmapView.js(354,9): error TS2584: Cannot find name 'document'. Do you need to change your target library? Try changing the 'lib' compiler option to include 'dom'.
coming-soon/public/dashboard/js-es2018/views/RemediationRoadmapView.js(361,28): error TS2304: Cannot find name 'FileReader'.
coming-soon/public/dashboard/js-es2018/views/RemediationRoadmapView.js(373,27): error TS2339: Property 'JSZip' does not exist on type 'typeof window'.
coming-soon/public/dashboard/js-es2018/views/RemediationRoadmapView.js(378,38): error TS2339: Property 'JSZip' does not exist on type 'typeof window'.
coming-soon/public/dashboard/js-es2018/views/RemediationRoadmapView.js(574,13): error TS2584: Cannot find name 'document'. Do you need to change your target library? Try changing the 'lib' compiler option to include 'dom'.
coming-soon/public/dashboard/js-es2018/views/RemediationRoadmapView.js(577,25): error TS2584: Cannot find name 'document'. Do you need to change your target library? Try changing the 'lib' compiler option to include 'dom'.
coming-soon/public/dashboard/js-es2018/views/RemediationRoadmapView.js(580,23): error TS2584: Cannot find name 'document'. Do you need to change your target library? Try changing the 'lib' compiler option to include 'dom'.
coming-soon/public/dashboard/js-es2018/views/RemediationRoadmapView.js(602,9): error TS2584: Cannot find name 'document'. Do you need to change your target library? Try changing the 'lib' compiler option to include 'dom'.
coming-soon/public/dashboard/js-es2018/views/RemediationRoadmapView.js(754,20): error TS2584: Cannot find name 'document'. Do you need to change your target library? Try changing the 'lib' compiler option to include 'dom'.
coming-soon/public/dashboard/js-es2018/views/RemediationRoadmapView.js(932,19): error TS2339: Property 'clipboard' does not exist on type 'Navigator'.
coming-soon/public/dashboard/js-es2018/views/RemediationRoadmapView.js(949,19): error TS2339: Property 'clipboard' does not exist on type 'Navigator'.
coming-soon/public/dashboard/js-es2018/views/RemediationRoadmapView.js(970,26): error TS1064: The return type of an async function or method must be the global Promise<T> type. Did you mean to write 'Promise<any>'?
coming-soon/public/dashboard/js-es2018/views/RemediationRoadmapView.js(981,26): error TS2339: Property 'id' does not exist on type 'unknown'.
coming-soon/public/dashboard/js-es2018/views/RemediationRoadmapView.js(981,58): error TS2339: Property 'data' does not exist on type 'unknown'.
coming-soon/public/dashboard/js-es2018/views/RemediationRoadmapView.js(982,33): error TS2339: Property 'data' does not exist on type 'unknown'.
coming-soon/public/dashboard/js-es2018/views/RemediationRoadmapView.js(985,26): error TS2339: Property 'roadmap' does not exist on type 'unknown'.
coming-soon/public/dashboard/js-es2018/views/RemediationRoadmapView.js(985,43): error TS2339: Property 'type' does not exist on type 'unknown'.
coming-soon/public/dashboard/js-es2018/views/RemediationRoadmapView.js(985,71): error TS2339: Property 'issues' does not exist on type 'unknown'.
coming-soon/public/dashboard/js-es2018/views/RemediationRoadmapView.js(985,102): error TS2339: Property 'phases' does not exist on type 'unknown'.
coming-soon/public/dashboard/js-es2018/views/RemediationRoadmapView.js(986,33): error TS2339: Property 'roadmap' does not exist on type 'unknown'.
coming-soon/public/dashboard/js-es2018/views/RemediationRoadmapView.js(989,26): error TS2339: Property 'type' does not exist on type 'unknown'.
coming-soon/public/dashboard/js-es2018/views/RemediationRoadmapView.js(989,79): error TS2339: Property 'results' does not exist on type 'unknown'.
coming-soon/public/dashboard/js-es2018/views/RemediationRoadmapView.js(990,42): error TS2339: Property 'results' does not exist on type 'unknown'.
coming-soon/public/dashboard/js-es2018/views/RemediationRoadmapView.js(992,91): error TS2339: Property 'summary' does not exist on type 'unknown'.
coming-soon/public/dashboard/js-es2018/views/RemediationRoadmapView.js(995,102): error TS2339: Property 'summary' does not exist on type 'unknown'.
coming-soon/public/dashboard/js-es2018/views/RemediationRoadmapView.js(998,105): error TS2339: Property 'summary' does not exist on type 'unknown'.
coming-soon/public/dashboard/js-es2018/views/RemediationRoadmapView.js(1001,87): error TS2339: Property 'generatedAt' does not exist on type 'unknown'.
coming-soon/public/dashboard/js-es2018/views/RemediationRoadmapView.js(1005,26): error TS2339: Property 'type' does not exist on type 'unknown'.
coming-soon/public/dashboard/js-es2018/views/RemediationRoadmapView.js(1006,54): error TS2339: Property 'rawIssues' does not exist on type 'unknown'.
coming-soon/public/dashboard/js-es2018/views/RemediationRoadmapView.js(1006,120): error TS2339: Property 'rawIssues' does not exist on type 'unknown'.
coming-soon/public/dashboard/js-es2018/views/RemediationRoadmapView.js(1006,138): error TS2339: Property 'detectedIssues' does not exist on type 'unknown'.
coming-soon/public/dashboard/js-es2018/views/RemediationRoadmapView.js(1008,85): error TS2339: Property 'generatedAt' does not exist on type 'unknown'.
coming-soon/public/dashboard/js-es2018/views/RemediationRoadmapView.js(1008,105): error TS2339: Property 'scannedAt' does not exist on type 'unknown'.
coming-soon/public/dashboard/js-es2018/views/RemediationRoadmapView.js(1012,26): error TS2339: Property 'type' does not exist on type 'unknown'.
coming-soon/public/dashboard/js-es2018/views/RemediationRoadmapView.js(1012,73): error TS2339: Property 'issues' does not exist on type 'unknown'.
coming-soon/public/dashboard/js-es2018/views/RemediationRoadmapView.js(1012,89): error TS2339: Property 'phases' does not exist on type 'unknown'.
coming-soon/public/dashboard/js-es2018/views/RemediationRoadmapView.js(1013,43): error TS2339: Property 'results' does not exist on type 'unknown'.
coming-soon/public/dashboard/js-es2018/views/RemediationRoadmapView.js(1017,89): error TS2339: Property 'generatedAt' does not exist on type 'unknown'.
coming-soon/public/dashboard/js-es2018/views/RemediationRoadmapView.js(1021,40): error TS2339: Property 'issues' does not exist on type 'unknown'.
coming-soon/public/dashboard/js-es2018/views/RemediationRoadmapView.js(1021,56): error TS2339: Property 'issues' does not exist on type 'unknown'.
coming-soon/public/dashboard/js-es2018/views/RemediationRoadmapView.js(1022,35): error TS2339: Property 'issues' does not exist on type 'unknown'.
coming-soon/public/dashboard/js-es2018/views/RemediationRoadmapView.js(1023,49): error TS2339: Property 'metadata' does not exist on type 'unknown'.
coming-soon/public/dashboard/js-es2018/views/RemediationRoadmapView.js(1025,45): error TS2339: Property 'phases' does not exist on type 'unknown'.
coming-soon/public/dashboard/js-es2018/views/RemediationRoadmapView.js(1025,61): error TS2339: Property 'phases' does not exist on type 'unknown'.
coming-soon/public/dashboard/js-es2018/views/RemediationRoadmapView.js(1026,66): error TS2339: Property 'phases' does not exist on type 'unknown'.
coming-soon/public/dashboard/js-es2018/views/RemediationRoadmapView.js(1026,79): error TS2339: Property 'summary' does not exist on type 'unknown'.
coming-soon/public/dashboard/js-es2018/views/RemediationRoadmapView.js(1030,45): error TS2339: Property 'developmentPhases' does not exist on type 'unknown'.
coming-soon/public/dashboard/js-es2018/views/RemediationRoadmapView.js(1030,72): error TS2339: Property 'developmentPhases' does not exist on type 'unknown'.
coming-soon/public/dashboard/js-es2018/views/RemediationRoadmapView.js(1031,66): error TS2339: Property 'developmentPhases' does not exist on type 'unknown'.
coming-soon/public/dashboard/js-es2018/views/RemediationRoadmapView.js(1031,90): error TS2339: Property 'summary' does not exist on type 'unknown'.
coming-soon/public/dashboard/js-es2018/views/RemediationRoadmapView.js(1035,45): error TS2339: Property 'implementationPhases' does not exist on type 'unknown'.
coming-soon/public/dashboard/js-es2018/views/RemediationRoadmapView.js(1035,75): error TS2339: Property 'implementationPhases' does not exist on type 'unknown'.
coming-soon/public/dashboard/js-es2018/views/RemediationRoadmapView.js(1036,66): error TS2339: Property 'implementationPhases' does not exist on type 'unknown'.
coming-soon/public/dashboard/js-es2018/views/RemediationRoadmapView.js(1036,93): error TS2339: Property 'summary' does not exist on type 'unknown'.
coming-soon/public/dashboard/js-es2018/views/RemediationRoadmapView.js(1066,28): error TS2339: Property 'location' does not exist on type 'typeof window'.
coming-soon/public/dashboard/js-es2018/views/RemediationRoadmapView.js(1068,56): error TS2339: Property 'location' does not exist on type 'typeof window'.
coming-soon/public/dashboard/js-es2018/views/RemediationRoadmapView.js(1069,31): error TS2339: Property 'location' does not exist on type 'typeof window'.
coming-soon/public/dashboard/js-es2018/views/RemediationRoadmapView.js(1070,31): error TS2339: Property 'location' does not exist on type 'typeof window'.
coming-soon/public/dashboard/js-es2018/views/RemediationRoadmapView.js(1071,31): error TS2339: Property 'location' does not exist on type 'typeof window'.
coming-soon/public/dashboard/js-es2018/views/RepositoryHealthView.js(17,36): error TS2339: Property 'headers' does not exist on type 'any[]'.
coming-soon/public/dashboard/js-es2018/views/RepositoryHealthView.js(42,14): error TS1064: The return type of an async function or method must be the global Promise<T> type. Did you mean to write 'Promise<any>'?
coming-soon/public/dashboard/js-es2018/views/RepositoryHealthView.js(55,14): error TS1064: The return type of an async function or method must be the global Promise<T> type. Did you mean to write 'Promise<any>'?
coming-soon/public/dashboard/js-es2018/views/RepositoryHealthView.js(60,30): error TS2339: Property 'json' does not exist on type 'any[]'.
coming-soon/public/dashboard/js-es2018/views/RepositoryHealthView.js(65,14): error TS1064: The return type of an async function or method must be the global Promise<T> type. Did you mean to write 'Promise<any>'?
coming-soon/public/dashboard/js-es2018/views/RepositoryHealthView.js(69,25): error TS2345: Argument of type 'Response' is not assignable to parameter of type 'any[]'.
  Type 'Response' is missing the following properties from type 'any[]': length, pop, push, concat, and 29 more.
coming-soon/public/dashboard/js-es2018/views/RepositoryHealthView.js(96,25): error TS2339: Property 'success' does not exist on type 'unknown'.
coming-soon/public/dashboard/js-es2018/views/RepositoryHealthView.js(97,30): error TS2339: Property 'error' does not exist on type 'unknown'.
coming-soon/public/dashboard/js-es2018/views/RepositoryHealthView.js(97,44): error TS2339: Property 'message' does not exist on type 'unknown'.
coming-soon/public/dashboard/js-es2018/views/RepositoryHealthView.js(350,22): error TS1064: The return type of an async function or method must be the global Promise<T> type. Did you mean to write 'Promise<any>'?
coming-soon/public/dashboard/js-es2018/views/RepositoryHealthView.js(355,54): error TS2345: Argument of type 'Response' is not assignable to parameter of type 'any[]'.
  Type 'Response' is missing the following properties from type 'any[]': length, pop, push, concat, and 29 more.
coming-soon/public/dashboard/js-es2018/views/RepositoryHealthView.js(404,9): error TS2304: Cannot find name 'requestAnimationFrame'.
coming-soon/public/dashboard/js-es2018/views/RepositoryHealthView.js(437,50): error TS2345: Argument of type 'Response' is not assignable to parameter of type 'any[]'.
  Type 'Response' is missing the following properties from type 'any[]': length, pop, push, concat, and 29 more.
coming-soon/public/dashboard/js-es2018/views/RepositoryHealthView.js(459,60): error TS2339: Property 'acquireVsCodeApi' does not exist on type 'typeof window'.
coming-soon/public/dashboard/js-es2018/views/RepositoryHealthView.js(462,44): error TS2339: Property 'acquireVsCodeApi' does not exist on type 'typeof window'.
coming-soon/public/dashboard/js-es2018/views/RepositoryHealthView.js(483,54): error TS2345: Argument of type 'Response' is not assignable to parameter of type 'any[]'.
  Type 'Response' is missing the following properties from type 'any[]': length, pop, push, concat, and 29 more.
coming-soon/public/dashboard/js-es2018/views/RepositoryHealthView.js(519,54): error TS2345: Argument of type 'Response' is not assignable to parameter of type 'any[]'.
  Type 'Response' is missing the following properties from type 'any[]': length, pop, push, concat, and 29 more.
coming-soon/public/dashboard/js-es2018/views/RepositoryHealthView.js(544,115): error TS2339: Property 'location' does not exist on type 'typeof window'.
coming-soon/public/dashboard/js-es2018/views/RepositoryHealthView.js(576,26): error TS2339: Property 'success' does not exist on type 'unknown'.
coming-soon/public/dashboard/js-es2018/views/RepositoryHealthView.js(576,42): error TS2339: Property 'content' does not exist on type 'unknown'.
coming-soon/public/dashboard/js-es2018/views/RepositoryHealthView.js(577,37): error TS2339: Property 'clipboard' does not exist on type 'Navigator'.
coming-soon/public/dashboard/js-es2018/views/RepositoryHealthView.js(577,62): error TS2339: Property 'content' does not exist on type 'unknown'.
coming-soon/public/dashboard/js-es2018/views/ResultsView.js(2,57): error TS2307: Cannot find module '../services/analyzeService.js?v=20260710inventory1' or its corresponding type declarations.
coming-soon/public/dashboard/js-es2018/views/ResultsView.js(87,20): error TS2584: Cannot find name 'document'. Do you need to change your target library? Try changing the 'lib' compiler option to include 'dom'.
coming-soon/public/dashboard/js-es2018/views/ResultsView.js(184,28): error TS2584: Cannot find name 'document'. Do you need to change your target library? Try changing the 'lib' compiler option to include 'dom'.
coming-soon/public/dashboard/js-es2018/views/ResultsView.js(265,81): error TS2339: Property 'acquireVsCodeApi' does not exist on type 'typeof window'.
coming-soon/public/dashboard/js-es2018/views/ResultsView.js(268,43): error TS2339: Property 'acquireVsCodeApi' does not exist on type 'typeof window'.
coming-soon/public/dashboard/js-es2018/views/ResultsView.js(272,93): error TS2339: Property 'location' does not exist on type 'typeof window'.
coming-soon/public/dashboard/js-es2018/views/ResultsView.js(290,89): error TS2339: Property 'location' does not exist on type 'typeof window'.
coming-soon/public/dashboard/js-es2018/views/ResultsView.js(297,26): error TS2339: Property 'success' does not exist on type 'unknown'.
coming-soon/public/dashboard/js-es2018/views/ResultsView.js(298,30): error TS2339: Property 'content' does not exist on type 'unknown'.
coming-soon/public/dashboard/js-es2018/views/ResultsView.js(300,45): error TS2339: Property 'clipboard' does not exist on type 'Navigator'.
coming-soon/public/dashboard/js-es2018/views/ResultsView.js(300,70): error TS2339: Property 'content' does not exist on type 'unknown'.
coming-soon/public/dashboard/js-es2018/views/ResultsView.js(312,50): error TS2339: Property 'error' does not exist on type 'unknown'.
coming-soon/public/dashboard/js-es2018/views/SecurityView.js(18,60): error TS2339: Property 'acquireVsCodeApi' does not exist on type 'typeof window'.
coming-soon/public/dashboard/js-es2018/views/SecurityView.js(21,44): error TS2339: Property 'acquireVsCodeApi' does not exist on type 'typeof window'.
coming-soon/public/dashboard/js-es2018/views/SecurityView.js(83,20): error TS2584: Cannot find name 'document'. Do you need to change your target library? Try changing the 'lib' compiler option to include 'dom'.
coming-soon/public/dashboard/js-es2018/views/SecurityView.js(243,181): error TS2339: Property 'location' does not exist on type 'typeof window'.
coming-soon/public/dashboard/js-es2018/views/SecurityView.js(267,26): error TS2339: Property 'success' does not exist on type 'unknown'.
coming-soon/public/dashboard/js-es2018/views/SecurityView.js(267,42): error TS2339: Property 'content' does not exist on type 'unknown'.
coming-soon/public/dashboard/js-es2018/views/SecurityView.js(268,37): error TS2339: Property 'clipboard' does not exist on type 'Navigator'.
coming-soon/public/dashboard/js-es2018/views/SecurityView.js(268,62): error TS2339: Property 'content' does not exist on type 'unknown'.
coming-soon/public/dashboard/js-es2018/views/SettingsView.js(2,62): error TS2307: Cannot find module '../services/analyzeService.js?v=20260710inventory1' or its corresponding type declarations.
coming-soon/public/dashboard/js-es2018/views/SettingsView.js(4,29): error TS2307: Cannot find module '../services/scanService.js?v=20260711dedup2' or its corresponding type declarations.
coming-soon/public/dashboard/js-es2018/views/SettingsView.js(6,108): error TS2307: Cannot find module '../services/aiKeysService.js?v=20260711cachefix1' or its corresponding type declarations.
coming-soon/public/dashboard/js-es2018/views/SettingsView.js(275,34): error TS2339: Property 'ollamaBaseUrl' does not exist on type '{}'.
coming-soon/public/dashboard/js-es2018/views/SettingsView.js(276,32): error TS2339: Property 'ollamaModel' does not exist on type '{}'.
coming-soon/public/dashboard/js-es2018/views/SettingsView.js(284,20): error TS2584: Cannot find name 'document'. Do you need to change your target library? Try changing the 'lib' compiler option to include 'dom'.
coming-soon/public/dashboard/js-es2018/views/SettingsView.js(352,17): error TS2367: This comparison appears to be unintentional because the types 'boolean' and 'string' have no overlap.
coming-soon/public/dashboard/js-es2018/views/SettingsView.js(355,17): error TS2367: This comparison appears to be unintentional because the types 'boolean' and 'string' have no overlap.
coming-soon/public/dashboard/js-es2018/views/SettingsView.js(436,15): error TS2367: This comparison appears to be unintentional because the types 'boolean' and 'string' have no overlap.
coming-soon/public/dashboard/js-es2018/views/SettingsView.js(439,15): error TS2367: This comparison appears to be unintentional because the types 'boolean' and 'string' have no overlap.
coming-soon/public/dashboard/js-es2018/views/SettingsView.js(508,15): error TS2367: This comparison appears to be unintentional because the types 'boolean' and 'string' have no overlap.
coming-soon/public/dashboard/js-es2018/views/SettingsView.js(665,30): error TS2339: Property 'prompt' does not exist on type 'typeof window'.
coming-soon/public/dashboard/js-es2018/views/SettingsView.js(688,18): error TS2339: Property 'saveVault' does not exist on type 'SettingsView'.
coming-soon/public/dashboard/js-es2018/views/SettingsView.js(928,15): error TS2367: This comparison appears to be unintentional because the types 'boolean' and 'string' have no overlap.
coming-soon/public/dashboard/js-es2018/views/SettingsView.js(931,15): error TS2367: This comparison appears to be unintentional because the types 'boolean' and 'string' have no overlap.
coming-soon/public/dashboard/js-es2018/views/SettingsView.js(974,35): error TS2367: This comparison appears to be unintentional because the types 'boolean' and 'string' have no overlap.
coming-soon/public/dashboard/js-es2018/views/SettingsView.js(978,35): error TS2367: This comparison appears to be unintentional because the types 'boolean' and 'string' have no overlap.
coming-soon/public/dashboard/js-es2018/views/SettingsView.js(986,34): error TS2339: Property 'ollamaBaseUrl' does not exist on type '{}'.
coming-soon/public/dashboard/js-es2018/views/SettingsView.js(987,32): error TS2339: Property 'ollamaModel' does not exist on type '{}'.
coming-soon/public/dashboard/js-es2018/views/SettingsView.js(1004,9): error TS2322: Type 'string' is not assignable to type 'boolean'.
coming-soon/public/dashboard/js-es2018/views/SettingsView.js(1027,9): error TS2322: Type 'string' is not assignable to type 'boolean'.
coming-soon/public/dashboard/js-es2018/views/SettingsView.js(1056,9): error TS2322: Type 'string' is not assignable to type 'boolean'.
coming-soon/public/dashboard/js-es2018/views/SettingsView.js(1259,20): error TS2339: Property 'open' does not exist on type 'typeof window'.
coming-soon/public/dashboard/js-es2018/views/SettingsView.js(1264,20): error TS2339: Property 'open' does not exist on type 'typeof window'.
coming-soon/public/dashboard/js-es2018/views/SettingsView.js(1358,9): error TS2322: Type 'string' is not assignable to type 'boolean'.
coming-soon/public/dashboard/js-es2018/views/SettingsView.js(1377,9): error TS2322: Type 'string' is not assignable to type 'boolean'.
coming-soon/public/dashboard/js-es2018/views/SettingsView.js(1420,9): error TS2322: Type 'string' is not assignable to type 'boolean'.
coming-soon/public/dashboard/js-es2018/views/SettingsView.js(1452,9): error TS2322: Type 'string' is not assignable to type 'boolean'.
coming-soon/public/dashboard/js-es2018/views/SettingsView.js(1476,9): error TS2322: Type 'string' is not assignable to type 'boolean'.
coming-soon/public/dashboard/js-es2018/views/SignInView.js(95,54): error TS2339: Property 'location' does not exist on type 'typeof window'.
coming-soon/public/dashboard/js-es2018/views/SignInView.js(291,25): error TS2584: Cannot find name 'document'. Do you need to change your target library? Try changing the 'lib' compiler option to include 'dom'.
coming-soon/public/dashboard/js-es2018/views/SignInView.js(308,9): error TS2584: Cannot find name 'document'. Do you need to change your target library? Try changing the 'lib' compiler option to include 'dom'.
coming-soon/public/dashboard/js-es2018/views/SignInView.js(353,21): error TS2339: Property 'PublicKeyCredential' does not exist on type 'typeof window'.
coming-soon/public/dashboard/js-es2018/views/ToolsView.js(2,152): error TS2307: Cannot find module '../services/analyzeService.js?v=20260710inventory1' or its corresponding type declarations.
coming-soon/public/dashboard/js-es2018/views/ToolsView.js(3,29): error TS2307: Cannot find module '../services/scanService.js?v=20260711dedup2' or its corresponding type declarations.
coming-soon/public/dashboard/js-es2018/views/ToolsView.js(43,58): error TS2339: Property 'gate' does not exist on type 'number'.
coming-soon/public/dashboard/js-es2018/views/ToolsView.js(43,146): error TS2339: Property 'gate' does not exist on type 'number'.
coming-soon/public/dashboard/js-es2018/views/ToolsView.js(45,126): error TS2339: Property 'totalFiles' does not exist on type 'number'.
coming-soon/public/dashboard/js-es2018/views/ToolsView.js(48,63): error TS2339: Property 'schemaCompliance' does not exist on type 'number'.
coming-soon/public/dashboard/js-es2018/views/ToolsView.js(122,20): error TS2584: Cannot find name 'document'. Do you need to change your target library? Try changing the 'lib' compiler option to include 'dom'.
coming-soon/public/dashboard/js-es2018/views/TrustView.js(27,14): error TS1064: The return type of an async function or method must be the global Promise<T> type. Did you mean to write 'Promise<any>'?
coming-soon/public/dashboard/js-es2018/views/TrustView.js(69,14): error TS1064: The return type of an async function or method must be the global Promise<T> type. Did you mean to write 'Promise<any>'?
coming-soon/public/dashboard/js-es2018/views/TrustView.js(204,60): error TS2339: Property 'acquireVsCodeApi' does not exist on type 'typeof window'.
coming-soon/public/dashboard/js-es2018/views/TrustView.js(207,44): error TS2339: Property 'acquireVsCodeApi' does not exist on type 'typeof window'.
coming-soon/public/dashboard/js-es2018/views/TrustView.js(324,115): error TS2339: Property 'location' does not exist on type 'typeof window'.
coming-soon/public/dashboard/js-es2018/views/TrustView.js(341,19): error TS2584: Cannot find name 'document'. Do you need to change your target library? Try changing the 'lib' compiler option to include 'dom'.
coming-soon/public/dashboard/js-es2018/views/TrustView.js(344,9): error TS2584: Cannot find name 'document'. Do you need to change your target library? Try changing the 'lib' compiler option to include 'dom'.
coming-soon/public/dashboard/js-es2018/views/TrustView.js(373,75): error TS2339: Property 'location' does not exist on type 'typeof window'.
coming-soon/public/dashboard/js-es2018/views/TrustView.js(399,30): error TS2339: Property 'success' does not exist on type 'unknown'.
coming-soon/public/dashboard/js-es2018/views/TrustView.js(399,46): error TS2339: Property 'content' does not exist on type 'unknown'.
coming-soon/public/dashboard/js-es2018/views/TrustView.js(400,41): error TS2339: Property 'clipboard' does not exist on type 'Navigator'.
coming-soon/public/dashboard/js-es2018/views/TrustView.js(400,66): error TS2339: Property 'content' does not exist on type 'unknown'.
coming-soon/public/dashboard/js-es2018/views/UploadView.js(90,26): error TS2339: Property 'licenseToken' does not exist on type 'unknown'.
coming-soon/public/dashboard/js-es2018/views/UploadView.js(91,47): error TS2339: Property 'licenseToken' does not exist on type 'unknown'.
coming-soon/public/dashboard/js-es2018/views/UploadView.js(174,28): error TS2339: Property 'success' does not exist on type 'unknown'.
coming-soon/public/dashboard/js-es2018/views/UploadView.js(175,104): error TS2339: Property 'deliveryId' does not exist on type 'unknown'.
coming-soon/public/dashboard/js-es2018/views/UploadView.js(178,52): error TS2339: Property 'error' does not exist on type 'unknown'.
coming-soon/public/dashboard/js-es2018/views/UploadView.js(191,28): error TS2584: Cannot find name 'document'. Do you need to change your target library? Try changing the 'lib' compiler option to include 'dom'.
coming-soon/public/dashboard/js-es2018/views/UploadView.js(196,28): error TS2304: Cannot find name 'FileReader'.
coming-soon/public/dashboard/js-es2018/views/UploadView.js(205,32): error TS2584: Cannot find name 'document'. Do you need to change your target library? Try changing the 'lib' compiler option to include 'dom'.
coming-soon/public/dashboard/js-es2018/workers/scan-wasm-bridge.js(8,74): error TS1343: The 'import.meta' meta-property is only allowed when the '--module' option is 'es2020', 'es2022', 'esnext', 'system', 'node16', 'node18', 'node20', or 'nodenext'.
coming-soon/public/dashboard/js-es2018/workers/scan-wasm-bridge.js(56,43): error TS2554: Expected 0-1 arguments, but got 2.
coming-soon/public/dashboard/js-es2018/workers/scan-wasm-bridge.js(68,51): error TS2554: Expected 0-1 arguments, but got 2.
coming-soon/public/dashboard/js-es2018/workers/scan-wasm-bridge.js(158,43): error TS7036: Dynamic import's specifier must be of type 'string', but here has type 'URL'.
coming-soon/public/dashboard/js-es2018/workers/scan-worker.js(8,53): error TS2307: Cannot find module './scan-wasm-bridge.js?v=20260709noise3' or its corresponding type declarations.
coming-soon/public/dashboard/js-es2018/workers/scan-worker.js(230,22): error TS2551: Property 'postMessage' does not exist on type 'typeof self'. Did you mean 'onmessage'?
coming-soon/public/dashboard/js-es2018/workers/scan-worker.js(237,10): error TS2551: Property 'postMessage' does not exist on type 'typeof self'. Did you mean 'onmessage'?
coming-soon/public/dashboard/js-es2018/workers/scan-worker.js(243,14): error TS2551: Property 'postMessage' does not exist on type 'typeof self'. Did you mean 'onmessage'?
coming-soon/public/dashboard/js-es2018/workers/scan-worker.js(246,18): error TS2551: Property 'postMessage' does not exist on type 'typeof self'. Did you mean 'onmessage'?
coming-soon/public/dashboard/js-es2018/workers/scan-worker.js(249,18): error TS2551: Property 'postMessage' does not exist on type 'typeof self'. Did you mean 'onmessage'?
coming-soon/public/dashboard/js/__tests__/utils.test.mjs(9,43): error TS2614: Module '"../utils.js"' has no exported member 'freezeNamespace'. Did you mean to use 'import freezeNamespace from "../utils.js"' instead?
coming-soon/public/dashboard/js/__tests__/utils.test.mjs(281,42): error TS2345: Argument of type '{ headers: { get: () => string; }; text: () => Promise<string>; }' is not assignable to parameter of type 'Response'.
  Type '{ headers: { get: () => string; }; text: () => Promise<string>; }' is missing the following properties from type 'Response': ok, status, statusText, type, and 10 more.
coming-soon/public/dashboard/js/__tests__/utils.test.mjs(290,42): error TS2345: Argument of type '{ headers: { get: () => string; }; text: () => Promise<string>; }' is not assignable to parameter of type 'Response'.
  Type '{ headers: { get: () => string; }; text: () => Promise<string>; }' is missing the following properties from type 'Response': ok, status, statusText, type, and 10 more.
coming-soon/public/dashboard/js/__tests__/utils.test.mjs(299,42): error TS2345: Argument of type '{ headers: { get: () => string; }; text: () => Promise<string>; }' is not assignable to parameter of type 'Response'.
  Type '{ headers: { get: () => string; }; text: () => Promise<string>; }' is missing the following properties from type 'Response': ok, status, statusText, type, and 10 more.
coming-soon/public/dashboard/js/__tests__/utils.test.mjs(308,42): error TS2345: Argument of type '{ headers: { get: () => string; }; text: () => Promise<string>; }' is not assignable to parameter of type 'Response'.
  Type '{ headers: { get: () => string; }; text: () => Promise<string>; }' is missing the following properties from type 'Response': ok, status, statusText, type, and 10 more.
coming-soon/public/dashboard/js/components/CodebaseReport.js(18,17): error TS8024: JSDoc '@param' tag has name 'loading', but there is no parameter with that name.
coming-soon/public/dashboard/js/components/CodebaseReport.js(19,17): error TS8024: JSDoc '@param' tag has name 'error', but there is no parameter with that name.
coming-soon/public/dashboard/js/components/ConsolidationReport.js(6,17): error TS8024: JSDoc '@param' tag has name 'loading', but there is no parameter with that name.
coming-soon/public/dashboard/js/components/ConsolidationReport.js(7,17): error TS8024: JSDoc '@param' tag has name 'error', but there is no parameter with that name.
coming-soon/public/dashboard/js/components/DataCleanupReport.js(88,27): error TS2339: Property 'buildArtifacts' does not exist on type 'any[]'.
coming-soon/public/dashboard/js/components/DataCleanupReport.js(147,27): error TS2339: Property 'assetConsolidation' does not exist on type 'any[]'.
coming-soon/public/dashboard/js/components/DataCleanupReport.js(183,27): error TS2339: Property 'unusedFiles' does not exist on type 'any[]'.
coming-soon/public/dashboard/js/components/DataCleanupReport.js(219,27): error TS2339: Property 'directoryBloat' does not exist on type 'any[]'.
coming-soon/public/dashboard/js/components/DataCleanupReport.js(560,20): error TS8024: JSDoc '@param' tag has name 'profile', but there is no parameter with that name.
coming-soon/public/dashboard/js/components/DataCleanupReport.js(561,17): error TS8024: JSDoc '@param' tag has name 'loading', but there is no parameter with that name.
coming-soon/public/dashboard/js/components/DataCleanupReport.js(562,17): error TS8024: JSDoc '@param' tag has name 'error', but there is no parameter with that name.
coming-soon/public/dashboard/js/components/DownloadCredentialsModal.js(10,46): error TS2739: Type '{}' is missing the following properties from type '{ title: string; submitLabel: string; onSubmit: Function; defaults?: any; }': title, submitLabel, onSubmit
coming-soon/public/dashboard/js/components/DownloadCredentialsModal.js(11,20): error TS2584: Cannot find name 'document'. Do you need to change your target library? Try changing the 'lib' compiler option to include 'dom'.
coming-soon/public/dashboard/js/components/DownloadCredentialsModal.js(14,19): error TS2584: Cannot find name 'document'. Do you need to change your target library? Try changing the 'lib' compiler option to include 'dom'.
coming-soon/public/dashboard/js/components/DownloadCredentialsModal.js(17,17): error TS2584: Cannot find name 'document'. Do you need to change your target library? Try changing the 'lib' compiler option to include 'dom'.
coming-soon/public/dashboard/js/components/DownloadCredentialsModal.js(22,18): error TS2584: Cannot find name 'document'. Do you need to change your target library? Try changing the 'lib' compiler option to include 'dom'.
coming-soon/public/dashboard/js/components/DownloadCredentialsModal.js(24,19): error TS2584: Cannot find name 'document'. Do you need to change your target library? Try changing the 'lib' compiler option to include 'dom'.
coming-soon/public/dashboard/js/components/DownloadCredentialsModal.js(27,16): error TS2584: Cannot find name 'document'. Do you need to change your target library? Try changing the 'lib' compiler option to include 'dom'.
coming-soon/public/dashboard/js/components/DownloadCredentialsModal.js(32,16): error TS2584: Cannot find name 'document'. Do you need to change your target library? Try changing the 'lib' compiler option to include 'dom'.
coming-soon/public/dashboard/js/components/DownloadCredentialsModal.js(44,17): error TS2584: Cannot find name 'document'. Do you need to change your target library? Try changing the 'lib' compiler option to include 'dom'.
coming-soon/public/dashboard/js/components/DownloadCredentialsModal.js(48,17): error TS2584: Cannot find name 'document'. Do you need to change your target library? Try changing the 'lib' compiler option to include 'dom'.
coming-soon/public/dashboard/js/components/DownloadCredentialsModal.js(60,18): error TS2584: Cannot find name 'document'. Do you need to change your target library? Try changing the 'lib' compiler option to include 'dom'.
coming-soon/public/dashboard/js/components/DownloadCredentialsModal.js(65,21): error TS2584: Cannot find name 'document'. Do you need to change your target library? Try changing the 'lib' compiler option to include 'dom'.
coming-soon/public/dashboard/js/components/DownloadCredentialsModal.js(70,21): error TS2584: Cannot find name 'document'. Do you need to change your target library? Try changing the 'lib' compiler option to include 'dom'.
coming-soon/public/dashboard/js/components/DownloadCredentialsModal.js(82,3): error TS2584: Cannot find name 'document'. Do you need to change your target library? Try changing the 'lib' compiler option to include 'dom'.
coming-soon/public/dashboard/js/components/IssueCard.js(10,16): error TS2584: Cannot find name 'document'. Do you need to change your target library? Try changing the 'lib' compiler option to include 'dom'.
coming-soon/public/dashboard/js/components/IssueCard.js(17,16): error TS2584: Cannot find name 'document'. Do you need to change your target library? Try changing the 'lib' compiler option to include 'dom'.
coming-soon/public/dashboard/js/components/IssueCard.js(21,19): error TS2584: Cannot find name 'document'. Do you need to change your target library? Try changing the 'lib' compiler option to include 'dom'.
coming-soon/public/dashboard/js/components/IssueCard.js(23,17): error TS2584: Cannot find name 'document'. Do you need to change your target library? Try changing the 'lib' compiler option to include 'dom'.
coming-soon/public/dashboard/js/components/IssueCard.js(26,17): error TS2584: Cannot find name 'document'. Do you need to change your target library? Try changing the 'lib' compiler option to include 'dom'.
coming-soon/public/dashboard/js/components/IssueCard.js(32,20): error TS2584: Cannot find name 'document'. Do you need to change your target library? Try changing the 'lib' compiler option to include 'dom'.
coming-soon/public/dashboard/js/components/IssueCard.js(49,19): error TS2584: Cannot find name 'document'. Do you need to change your target library? Try changing the 'lib' compiler option to include 'dom'.
coming-soon/public/dashboard/js/components/LoginModal.js(10,20): error TS2584: Cannot find name 'document'. Do you need to change your target library? Try changing the 'lib' compiler option to include 'dom'.
coming-soon/public/dashboard/js/components/LoginModal.js(13,19): error TS2584: Cannot find name 'document'. Do you need to change your target library? Try changing the 'lib' compiler option to include 'dom'.
coming-soon/public/dashboard/js/components/LoginModal.js(16,17): error TS2584: Cannot find name 'document'. Do you need to change your target library? Try changing the 'lib' compiler option to include 'dom'.
coming-soon/public/dashboard/js/components/LoginModal.js(20,18): error TS2584: Cannot find name 'document'. Do you need to change your target library? Try changing the 'lib' compiler option to include 'dom'.
coming-soon/public/dashboard/js/components/LoginModal.js(22,17): error TS2584: Cannot find name 'document'. Do you need to change your target library? Try changing the 'lib' compiler option to include 'dom'.
coming-soon/public/dashboard/js/components/LoginModal.js(25,16): error TS2584: Cannot find name 'document'. Do you need to change your target library? Try changing the 'lib' compiler option to include 'dom'.
coming-soon/public/dashboard/js/components/LoginModal.js(30,16): error TS2584: Cannot find name 'document'. Do you need to change your target library? Try changing the 'lib' compiler option to include 'dom'.
coming-soon/public/dashboard/js/components/LoginModal.js(33,17): error TS2584: Cannot find name 'document'. Do you need to change your target library? Try changing the 'lib' compiler option to include 'dom'.
coming-soon/public/dashboard/js/components/LoginModal.js(37,17): error TS2584: Cannot find name 'document'. Do you need to change your target library? Try changing the 'lib' compiler option to include 'dom'.
coming-soon/public/dashboard/js/components/LoginModal.js(45,25): error TS2584: Cannot find name 'document'. Do you need to change your target library? Try changing the 'lib' compiler option to include 'dom'.
coming-soon/public/dashboard/js/components/LoginModal.js(49,25): error TS2584: Cannot find name 'document'. Do you need to change your target library? Try changing the 'lib' compiler option to include 'dom'.
coming-soon/public/dashboard/js/components/LoginModal.js(55,17): error TS2584: Cannot find name 'document'. Do you need to change your target library? Try changing the 'lib' compiler option to include 'dom'.
coming-soon/public/dashboard/js/components/LoginModal.js(60,21): error TS2584: Cannot find name 'document'. Do you need to change your target library? Try changing the 'lib' compiler option to include 'dom'.
coming-soon/public/dashboard/js/components/LoginModal.js(65,23): error TS2584: Cannot find name 'document'. Do you need to change your target library? Try changing the 'lib' compiler option to include 'dom'.
coming-soon/public/dashboard/js/components/LoginModal.js(81,3): error TS2584: Cannot find name 'document'. Do you need to change your target library? Try changing the 'lib' compiler option to include 'dom'.
coming-soon/public/dashboard/js/components/LoginModal.js(102,14): error TS2339: Property 'location' does not exist on type 'typeof window'.
coming-soon/public/dashboard/js/components/LoginModal.js(144,26): error TS2584: Cannot find name 'document'. Do you need to change your target library? Try changing the 'lib' compiler option to include 'dom'.
coming-soon/public/dashboard/js/components/LoginModal.js(147,24): error TS2584: Cannot find name 'document'. Do you need to change your target library? Try changing the 'lib' compiler option to include 'dom'.
coming-soon/public/dashboard/js/components/LoginModal.js(154,24): error TS2584: Cannot find name 'document'. Do you need to change your target library? Try changing the 'lib' compiler option to include 'dom'.
coming-soon/public/dashboard/js/components/LoginModal.js(162,19): error TS2584: Cannot find name 'document'. Do you need to change your target library? Try changing the 'lib' compiler option to include 'dom'.
coming-soon/public/dashboard/js/components/LoginModal.js(169,24): error TS2584: Cannot find name 'document'. Do you need to change your target library? Try changing the 'lib' compiler option to include 'dom'.
coming-soon/public/dashboard/js/components/LoginModal.js(176,21): error TS2584: Cannot find name 'document'. Do you need to change your target library? Try changing the 'lib' compiler option to include 'dom'.
coming-soon/public/dashboard/js/components/LoginModal.js(184,21): error TS2584: Cannot find name 'document'. Do you need to change your target library? Try changing the 'lib' compiler option to include 'dom'.
coming-soon/public/dashboard/js/components/LoginModal.js(216,28): error TS2339: Property 'success' does not exist on type 'unknown'.
coming-soon/public/dashboard/js/components/LoginModal.js(221,45): error TS2339: Property 'error' does not exist on type 'unknown'.
coming-soon/public/dashboard/js/components/Onboarding.js(24,19): error TS2584: Cannot find name 'document'. Do you need to change your target library? Try changing the 'lib' compiler option to include 'dom'.
coming-soon/public/dashboard/js/components/Onboarding.js(27,17): error TS2584: Cannot find name 'document'. Do you need to change your target library? Try changing the 'lib' compiler option to include 'dom'.
coming-soon/public/dashboard/js/components/Onboarding.js(31,17): error TS2584: Cannot find name 'document'. Do you need to change your target library? Try changing the 'lib' compiler option to include 'dom'.
coming-soon/public/dashboard/js/components/Onboarding.js(34,16): error TS2584: Cannot find name 'document'. Do you need to change your target library? Try changing the 'lib' compiler option to include 'dom'.
coming-soon/public/dashboard/js/components/Onboarding.js(36,16): error TS2584: Cannot find name 'document'. Do you need to change your target library? Try changing the 'lib' compiler option to include 'dom'.
coming-soon/public/dashboard/js/components/Onboarding.js(44,16): error TS2584: Cannot find name 'document'. Do you need to change your target library? Try changing the 'lib' compiler option to include 'dom'.
coming-soon/public/dashboard/js/components/Onboarding.js(48,19): error TS2584: Cannot find name 'document'. Do you need to change your target library? Try changing the 'lib' compiler option to include 'dom'.
coming-soon/public/dashboard/js/components/Onboarding.js(50,20): error TS2584: Cannot find name 'document'. Do you need to change your target library? Try changing the 'lib' compiler option to include 'dom'.
coming-soon/public/dashboard/js/components/Onboarding.js(54,22): error TS2584: Cannot find name 'document'. Do you need to change your target library? Try changing the 'lib' compiler option to include 'dom'.
coming-soon/public/dashboard/js/components/Onboarding.js(72,17): error TS8024: JSDoc '@param' tag has name 'onDismiss', but there is no parameter with that name.
coming-soon/public/dashboard/js/components/PathHealthDashboard.js(11,21): error TS2584: Cannot find name 'document'. Do you need to change your target library? Try changing the 'lib' compiler option to include 'dom'.
coming-soon/public/dashboard/js/components/PathHealthDashboard.js(15,18): error TS2584: Cannot find name 'document'. Do you need to change your target library? Try changing the 'lib' compiler option to include 'dom'.
coming-soon/public/dashboard/js/components/PathHealthDashboard.js(17,16): error TS2584: Cannot find name 'document'. Do you need to change your target library? Try changing the 'lib' compiler option to include 'dom'.
coming-soon/public/dashboard/js/components/PathHealthDashboard.js(19,17): error TS2584: Cannot find name 'document'. Do you need to change your target library? Try changing the 'lib' compiler option to include 'dom'.
coming-soon/public/dashboard/js/components/PathHealthDashboard.js(22,22): error TS2584: Cannot find name 'document'. Do you need to change your target library? Try changing the 'lib' compiler option to include 'dom'.
coming-soon/public/dashboard/js/components/PathHealthDashboard.js(29,16): error TS2584: Cannot find name 'document'. Do you need to change your target library? Try changing the 'lib' compiler option to include 'dom'.
coming-soon/public/dashboard/js/components/PathHealthDashboard.js(36,16): error TS2584: Cannot find name 'document'. Do you need to change your target library? Try changing the 'lib' compiler option to include 'dom'.
coming-soon/public/dashboard/js/components/PathHealthDashboard.js(38,19): error TS2584: Cannot find name 'document'. Do you need to change your target library? Try changing the 'lib' compiler option to include 'dom'.
coming-soon/public/dashboard/js/components/PathHealthDashboard.js(40,19): error TS2584: Cannot find name 'document'. Do you need to change your target library? Try changing the 'lib' compiler option to include 'dom'.
coming-soon/public/dashboard/js/components/PathHealthDashboard.js(80,14): error TS1064: The return type of an async function or method must be the global Promise<T> type. Did you mean to write 'Promise<any>'?
coming-soon/public/dashboard/js/components/QuickActions.js(4,20): error TS8024: JSDoc '@param' tag has name '_onExport', but there is no parameter with that name.
coming-soon/public/dashboard/js/components/QuickActions.js(5,17): error TS8024: JSDoc '@param' tag has name '_onLegacy', but there is no parameter with that name.
coming-soon/public/dashboard/js/components/QuickActions.js(41,83): error TS2339: Property 'onRunScan' does not exist on type 'any[]'.
coming-soon/public/dashboard/js/components/QuickActions.js(42,81): error TS2339: Property 'onExport' does not exist on type 'any[]'.
coming-soon/public/dashboard/js/components/QuickActions.js(43,82): error TS2339: Property 'onSendAi' does not exist on type 'any[]'.
coming-soon/public/dashboard/js/components/QuickActions.js(44,81): error TS2339: Property 'onLegacy' does not exist on type 'any[]'.
coming-soon/public/dashboard/js/components/ScanPaywall.js(63,19): error TS2339: Property 'publicSummary' does not exist on type 'string'.
coming-soon/public/dashboard/js/components/ScanPaywall.js(63,52): error TS2339: Property 'publicSummary' does not exist on type 'string'.
coming-soon/public/dashboard/js/components/ScanPaywall.js(64,36): error TS2339: Property 'steps' does not exist on type 'string'.
coming-soon/public/dashboard/js/components/ScanPaywall.js(65,20): error TS2339: Property 'report' does not exist on type 'string'.
coming-soon/public/dashboard/js/components/ScanPaywall.js(66,32): error TS2339: Property 'steps' does not exist on type 'string'.
coming-soon/public/dashboard/js/components/ScanPaywall.js(67,20): error TS2339: Property 'scan' does not exist on type 'string'.
coming-soon/public/dashboard/js/components/ScanPaywall.js(102,21): error TS2339: Property 'hasAuditDeliverableAccess' does not exist on type 'any[]'.
coming-soon/public/dashboard/js/components/ScanPaywall.js(102,64): error TS2339: Property 'bypass' does not exist on type 'any[]'.
coming-soon/public/dashboard/js/components/ScanPaywall.js(103,21): error TS2339: Property 'publicGateLocked' does not exist on type 'any[]'.
coming-soon/public/dashboard/js/components/ScanPaywall.js(104,30): error TS2339: Property 'publicGateLocked' does not exist on type 'string'.
coming-soon/public/dashboard/js/components/ScanStatus.js(15,37): error TS2339: Property 'projectRoot' does not exist on type 'number'.
coming-soon/public/dashboard/js/components/ScanStatus.js(15,60): error TS2339: Property 'platformRoot' does not exist on type 'number'.
coming-soon/public/dashboard/js/components/ScanStatus.js(32,51): error TS2339: Property 'lastProjectPath' does not exist on type '{}'.
coming-soon/public/dashboard/js/components/ScanStatus.js(111,50): error TS2339: Property 'scanPaths' does not exist on type 'number'.
coming-soon/public/dashboard/js/components/ScanStatus.js(168,24): error TS2339: Property 'gate' does not exist on type 'number'.
coming-soon/public/dashboard/js/components/ScanStatus.js(181,65): error TS2339: Property 'generatedAt' does not exist on type 'number'.
coming-soon/public/dashboard/js/components/ScanStatus.js(181,95): error TS2339: Property 'generatedAt' does not exist on type 'number'.
coming-soon/public/dashboard/js/components/ScanStatus.js(238,21): error TS2584: Cannot find name 'document'. Do you need to change your target library? Try changing the 'lib' compiler option to include 'dom'.
coming-soon/public/dashboard/js/components/ScanStatus.js(267,21): error TS2584: Cannot find name 'document'. Do you need to change your target library? Try changing the 'lib' compiler option to include 'dom'.
coming-soon/public/dashboard/js/components/ScanStatus.js(367,23): error TS2584: Cannot find name 'document'. Do you need to change your target library? Try changing the 'lib' compiler option to include 'dom'.
coming-soon/public/dashboard/js/components/ScanStatus.js(369,23): error TS2584: Cannot find name 'document'. Do you need to change your target library? Try changing the 'lib' compiler option to include 'dom'.
coming-soon/public/dashboard/js/components/ScanStatus.js(390,19): error TS2584: Cannot find name 'document'. Do you need to change your target library? Try changing the 'lib' compiler option to include 'dom'.
coming-soon/public/dashboard/js/components/ScanStatus.js(392,19): error TS2584: Cannot find name 'document'. Do you need to change your target library? Try changing the 'lib' compiler option to include 'dom'.
coming-soon/public/dashboard/js/components/ScanStatus.js(404,13): error TS2339: Property 'process' does not exist on type 'typeof window'.
coming-soon/public/dashboard/js/components/ScanStatus.js(411,16): error TS2339: Property 'showDirectoryPicker' does not exist on type 'typeof window'.
coming-soon/public/dashboard/js/components/ScanStatus.js(413,40): error TS2339: Property 'showDirectoryPicker' does not exist on type 'typeof window'.
coming-soon/public/dashboard/js/components/ScanStatus.js(422,23): error TS2584: Cannot find name 'document'. Do you need to change your target library? Try changing the 'lib' compiler option to include 'dom'.
coming-soon/public/dashboard/js/components/ScanStatus.js(424,23): error TS2584: Cannot find name 'document'. Do you need to change your target library? Try changing the 'lib' compiler option to include 'dom'.
coming-soon/public/dashboard/js/components/ScanStatus.js(519,25): error TS2584: Cannot find name 'document'. Do you need to change your target library? Try changing the 'lib' compiler option to include 'dom'.
coming-soon/public/dashboard/js/components/ScanStatus.js(521,25): error TS2584: Cannot find name 'document'. Do you need to change your target library? Try changing the 'lib' compiler option to include 'dom'.
coming-soon/public/dashboard/js/components/TrendChart.js(12,24): error TS2339: Property 'devicePixelRatio' does not exist on type 'typeof window'.
coming-soon/public/dashboard/js/components/TrendChart.js(23,20): error TS2304: Cannot find name 'getComputedStyle'.
coming-soon/public/dashboard/js/components/TrendChart.js(23,37): error TS2584: Cannot find name 'document'. Do you need to change your target library? Try changing the 'lib' compiler option to include 'dom'.
coming-soon/public/dashboard/js/components/TrendChart.js(145,10): error TS2339: Property 'addEventListener' does not exist on type 'typeof window'.
coming-soon/public/dashboard/js/components/TrendChart.js(146,23): error TS2339: Property 'removeEventListener' does not exist on type 'typeof window'.
coming-soon/public/dashboard/js/components/UpgradeModal.js(9,19): error TS2584: Cannot find name 'document'. Do you need to change your target library? Try changing the 'lib' compiler option to include 'dom'.
coming-soon/public/dashboard/js/components/UpgradeModal.js(12,17): error TS2584: Cannot find name 'document'. Do you need to change your target library? Try changing the 'lib' compiler option to include 'dom'.
coming-soon/public/dashboard/js/components/UpgradeModal.js(17,18): error TS2584: Cannot find name 'document'. Do you need to change your target library? Try changing the 'lib' compiler option to include 'dom'.
coming-soon/public/dashboard/js/components/UpgradeModal.js(19,17): error TS2584: Cannot find name 'document'. Do you need to change your target library? Try changing the 'lib' compiler option to include 'dom'.
coming-soon/public/dashboard/js/components/UpgradeModal.js(23,20): error TS2584: Cannot find name 'document'. Do you need to change your target library? Try changing the 'lib' compiler option to include 'dom'.
coming-soon/public/dashboard/js/components/UpgradeModal.js(31,16): error TS2584: Cannot find name 'document'. Do you need to change your target library? Try changing the 'lib' compiler option to include 'dom'.
coming-soon/public/dashboard/js/components/UpgradeModal.js(35,24): error TS2584: Cannot find name 'document'. Do you need to change your target library? Try changing the 'lib' compiler option to include 'dom'.
coming-soon/public/dashboard/js/components/UpgradeModal.js(38,17): error TS2584: Cannot find name 'document'. Do you need to change your target library? Try changing the 'lib' compiler option to include 'dom'.
coming-soon/public/dashboard/js/components/UpgradeModal.js(40,17): error TS2584: Cannot find name 'document'. Do you need to change your target library? Try changing the 'lib' compiler option to include 'dom'.
coming-soon/public/dashboard/js/components/UpgradeModal.js(45,19): error TS2584: Cannot find name 'document'. Do you need to change your target library? Try changing the 'lib' compiler option to include 'dom'.
coming-soon/public/dashboard/js/components/UpgradeModal.js(47,22): error TS2584: Cannot find name 'document'. Do you need to change your target library? Try changing the 'lib' compiler option to include 'dom'.
coming-soon/public/dashboard/js/components/UpgradeModal.js(51,22): error TS2584: Cannot find name 'document'. Do you need to change your target library? Try changing the 'lib' compiler option to include 'dom'.
coming-soon/public/dashboard/js/components/UpgradeModal.js(57,20): error TS2584: Cannot find name 'document'. Do you need to change your target library? Try changing the 'lib' compiler option to include 'dom'.
coming-soon/public/dashboard/js/components/UpgradeModal.js(80,12): error TS2339: Property 'location' does not exist on type 'typeof window'.
coming-soon/public/dashboard/js/components/UpgradeModal.js(95,20): error TS2584: Cannot find name 'document'. Do you need to change your target library? Try changing the 'lib' compiler option to include 'dom'.
coming-soon/public/dashboard/js/components/UpgradeModal.js(98,3): error TS2584: Cannot find name 'document'. Do you need to change your target library? Try changing the 'lib' compiler option to include 'dom'.
coming-soon/public/dashboard/js/components/ZscriptReport.js(10,33): error TS2339: Property 'report' does not exist on type 'number'.
coming-soon/public/dashboard/js/components/ZscriptReport.js(98,33): error TS2339: Property 'report' does not exist on type 'number'.
coming-soon/public/dashboard/js/config.js(6,54): error TS2339: Property '__SIMPLEBEACON_ENV__' does not exist on type 'typeof window'.
coming-soon/public/dashboard/js/demoMode.js(16,23): error TS2339: Property 'location' does not exist on type 'typeof window'.
coming-soon/public/dashboard/js/demoMode.js(25,23): error TS2339: Property 'location' does not exist on type 'typeof window'.
coming-soon/public/dashboard/js/demoMode.js(31,23): error TS2339: Property 'location' does not exist on type 'typeof window'.
coming-soon/public/dashboard/js/lib/analyzePathAllowlist.js(1,61): error TS2307: Cannot find module '../services/analyzeService.js?v=20260531pathfix1' or its corresponding type declarations.
coming-soon/public/dashboard/js/lib/analyzePathAllowlist.js(53,14): error TS1064: The return type of an async function or method must be the global Promise<T> type. Did you mean to write 'Promise<any>'?
coming-soon/public/dashboard/js/lib/analyzePathAllowlist.js(78,14): error TS1064: The return type of an async function or method must be the global Promise<T> type. Did you mean to write 'Promise<any>'?
coming-soon/public/dashboard/js/lib/analyzePathAllowlist.js(128,14): error TS1064: The return type of an async function or method must be the global Promise<T> type. Did you mean to write 'Promise<any>'?
coming-soon/public/dashboard/js/lib/analyzePathSuggestions.js(145,20): error TS2584: Cannot find name 'document'. Do you need to change your target library? Try changing the 'lib' compiler option to include 'dom'.
coming-soon/public/dashboard/js/lib/analyzePathSuggestions.js(149,17): error TS2584: Cannot find name 'document'. Do you need to change your target library? Try changing the 'lib' compiler option to include 'dom'.
coming-soon/public/dashboard/js/lib/pageRepoScan.js(57,75): error TS2584: Cannot find name 'document'. Do you need to change your target library? Try changing the 'lib' compiler option to include 'dom'.
coming-soon/public/dashboard/js/lib/pageRepoScan.js(150,79): error TS2584: Cannot find name 'document'. Do you need to change your target library? Try changing the 'lib' compiler option to include 'dom'.
coming-soon/public/dashboard/js/lib/pageRepoScan.js(212,16): error TS2339: Property 'projectRoot' does not exist on type 'number'.
coming-soon/public/dashboard/js/lib/pageRepoScan.js(213,41): error TS2339: Property 'projectRoot' does not exist on type 'number'.
coming-soon/public/dashboard/js/lib/pageRepoScan.js(273,71): error TS2345: Argument of type '{ projectRoot: any; }' is not assignable to parameter of type 'number'.
coming-soon/public/dashboard/js/lib/recoverable-fetch.js(26,14): error TS1064: The return type of an async function or method must be the global Promise<T> type. Did you mean to write 'Promise<any>'?
coming-soon/public/dashboard/js/lib/recoverable-fetch.js(42,14): error TS1064: The return type of an async function or method must be the global Promise<T> type. Did you mean to write 'Promise<any>'?
coming-soon/public/dashboard/js/main.js(1,29): error TS2307: Cannot find module './services/scanService.js?v=20260709reportimport1' or its corresponding type declarations.
coming-soon/public/dashboard/js/main.js(2,33): error TS2307: Cannot find module './services/platformService.js?v=20260525jsonguard1' or its corresponding type declarations.
coming-soon/public/dashboard/js/main.js(3,32): error TS2307: Cannot find module './services/billingService.js?v=20260525jsonfixbilling1' or its corresponding type declarations.
coming-soon/public/dashboard/js/main.js(4,29): error TS2307: Cannot find module './services/authService.js?v=20260709tokenfix1' or its corresponding type declarations.
coming-soon/public/dashboard/js/main.js(7,27): error TS2307: Cannot find module './views/TrustView.js?v=20260525statictrust2' or its corresponding type declarations.
coming-soon/public/dashboard/js/main.js(8,38): error TS2307: Cannot find module './views/RepositoryHealthView.js?v=20260525mergepreview1' or its corresponding type declarations.
coming-soon/public/dashboard/js/main.js(9,31): error TS2307: Cannot find module './views/DashboardView.js?v=20260710dragfix1' or its corresponding type declarations.
coming-soon/public/dashboard/js/main.js(11,30): error TS2307: Cannot find module './views/SettingsView.js?v=20260709ollama3' or its corresponding type declarations.
coming-soon/public/dashboard/js/main.js(13,30): error TS2307: Cannot find module './views/PlatformView.js?v=20260601platformmetrics1' or its corresponding type declarations.
coming-soon/public/dashboard/js/main.js(16,27): error TS2307: Cannot find module './views/AuditView.js?v=20260618renderfix1' or its corresponding type declarations.
coming-soon/public/dashboard/js/main.js(17,29): error TS2307: Cannot find module './views/AnalyzeView.js?v=20260711dropfix1' or its corresponding type declarations.
coming-soon/public/dashboard/js/main.js(18,30): error TS2307: Cannot find module './views/SecurityView.js?v=20260611fixexport1' or its corresponding type declarations.
coming-soon/public/dashboard/js/main.js(22,28): error TS2307: Cannot find module './views/SignInView.js?v=20260711signinfix1' or its corresponding type declarations.
coming-soon/public/dashboard/js/main.js(30,32): error TS2307: Cannot find module './components/LoginModal.js?v=20260609token4' or its corresponding type declarations.
coming-soon/public/dashboard/js/main.js(45,34): error TS2339: Property 'SIMPLEBEACON_VAULT_PASSWORD' does not exist on type 'typeof window'.
coming-soon/public/dashboard/js/main.js(175,12): error TS2339: Property 'addEventListener' does not exist on type 'typeof window'.
coming-soon/public/dashboard/js/main.js(178,14): error TS2339: Property 'location' does not exist on type 'typeof window'.
coming-soon/public/dashboard/js/main.js(182,7): error TS2584: Cannot find name 'document'. Do you need to change your target library? Try changing the 'lib' compiler option to include 'dom'.
coming-soon/public/dashboard/js/main.js(200,9): error TS2584: Cannot find name 'document'. Do you need to change your target library? Try changing the 'lib' compiler option to include 'dom'.
coming-soon/public/dashboard/js/main.js(201,17): error TS2584: Cannot find name 'document'. Do you need to change your target library? Try changing the 'lib' compiler option to include 'dom'.
coming-soon/public/dashboard/js/main.js(204,18): error TS2584: Cannot find name 'document'. Do you need to change your target library? Try changing the 'lib' compiler option to include 'dom'.
coming-soon/public/dashboard/js/main.js(207,15): error TS2584: Cannot find name 'document'. Do you need to change your target library? Try changing the 'lib' compiler option to include 'dom'.
coming-soon/public/dashboard/js/main.js(215,5): error TS2584: Cannot find name 'document'. Do you need to change your target library? Try changing the 'lib' compiler option to include 'dom'.
coming-soon/public/dashboard/js/main.js(219,9): error TS2584: Cannot find name 'document'. Do you need to change your target library? Try changing the 'lib' compiler option to include 'dom'.
coming-soon/public/dashboard/js/main.js(220,17): error TS2584: Cannot find name 'document'. Do you need to change your target library? Try changing the 'lib' compiler option to include 'dom'.
coming-soon/public/dashboard/js/main.js(225,18): error TS2584: Cannot find name 'document'. Do you need to change your target library? Try changing the 'lib' compiler option to include 'dom'.
coming-soon/public/dashboard/js/main.js(228,15): error TS2584: Cannot find name 'document'. Do you need to change your target library? Try changing the 'lib' compiler option to include 'dom'.
coming-soon/public/dashboard/js/main.js(236,5): error TS2584: Cannot find name 'document'. Do you need to change your target library? Try changing the 'lib' compiler option to include 'dom'.
coming-soon/public/dashboard/js/main.js(240,9): error TS2584: Cannot find name 'document'. Do you need to change your target library? Try changing the 'lib' compiler option to include 'dom'.
coming-soon/public/dashboard/js/main.js(241,34): error TS2339: Property 'location' does not exist on type 'typeof window'.
coming-soon/public/dashboard/js/main.js(241,61): error TS2339: Property 'location' does not exist on type 'typeof window'.
coming-soon/public/dashboard/js/main.js(242,17): error TS2584: Cannot find name 'document'. Do you need to change your target library? Try changing the 'lib' compiler option to include 'dom'.
coming-soon/public/dashboard/js/main.js(245,18): error TS2584: Cannot find name 'document'. Do you need to change your target library? Try changing the 'lib' compiler option to include 'dom'.
coming-soon/public/dashboard/js/main.js(248,15): error TS2584: Cannot find name 'document'. Do you need to change your target library? Try changing the 'lib' compiler option to include 'dom'.
coming-soon/public/dashboard/js/main.js(254,5): error TS2584: Cannot find name 'document'. Do you need to change your target library? Try changing the 'lib' compiler option to include 'dom'.
coming-soon/public/dashboard/js/main.js(258,9): error TS2584: Cannot find name 'document'. Do you need to change your target library? Try changing the 'lib' compiler option to include 'dom'.
coming-soon/public/dashboard/js/main.js(260,21): error TS2584: Cannot find name 'document'. Do you need to change your target library? Try changing the 'lib' compiler option to include 'dom'.
coming-soon/public/dashboard/js/main.js(308,5): error TS2584: Cannot find name 'document'. Do you need to change your target library? Try changing the 'lib' compiler option to include 'dom'.
coming-soon/public/dashboard/js/main.js(411,18): error TS2584: Cannot find name 'document'. Do you need to change your target library? Try changing the 'lib' compiler option to include 'dom'.
coming-soon/public/dashboard/js/main.js(595,5): error TS2584: Cannot find name 'document'. Do you need to change your target library? Try changing the 'lib' compiler option to include 'dom'.
coming-soon/public/dashboard/js/main.js(600,5): error TS2584: Cannot find name 'document'. Do you need to change your target library? Try changing the 'lib' compiler option to include 'dom'.
coming-soon/public/dashboard/js/main.js(612,38): error TS2339: Property 'error' does not exist on type 'unknown'.
coming-soon/public/dashboard/js/main.js(616,7): error TS2584: Cannot find name 'document'. Do you need to change your target library? Try changing the 'lib' compiler option to include 'dom'.
coming-soon/public/dashboard/js/main.js(645,23): error TS2584: Cannot find name 'document'. Do you need to change your target library? Try changing the 'lib' compiler option to include 'dom'.
coming-soon/public/dashboard/js/main.js(646,24): error TS2584: Cannot find name 'document'. Do you need to change your target library? Try changing the 'lib' compiler option to include 'dom'.
coming-soon/public/dashboard/js/main.js(649,30): error TS2584: Cannot find name 'document'. Do you need to change your target library? Try changing the 'lib' compiler option to include 'dom'.
coming-soon/public/dashboard/js/main.js(651,25): error TS2584: Cannot find name 'document'. Do you need to change your target library? Try changing the 'lib' compiler option to include 'dom'.
coming-soon/public/dashboard/js/main.js(655,27): error TS2584: Cannot find name 'document'. Do you need to change your target library? Try changing the 'lib' compiler option to include 'dom'.
coming-soon/public/dashboard/js/main.js(659,17): error TS1003: Identifier expected.
coming-soon/public/dashboard/js/main.js(696,25): error TS2339: Property 'location' does not exist on type 'typeof window'.
coming-soon/public/dashboard/js/main.js(766,5): error TS2584: Cannot find name 'document'. Do you need to change your target library? Try changing the 'lib' compiler option to include 'dom'.
coming-soon/public/dashboard/js/main.js(770,5): error TS2584: Cannot find name 'document'. Do you need to change your target library? Try changing the 'lib' compiler option to include 'dom'.
coming-soon/public/dashboard/js/main.js(774,5): error TS2584: Cannot find name 'document'. Do you need to change your target library? Try changing the 'lib' compiler option to include 'dom'.
coming-soon/public/dashboard/js/main.js(785,5): error TS2584: Cannot find name 'document'. Do you need to change your target library? Try changing the 'lib' compiler option to include 'dom'.
coming-soon/public/dashboard/js/main.js(789,5): error TS2584: Cannot find name 'document'. Do you need to change your target library? Try changing the 'lib' compiler option to include 'dom'.
coming-soon/public/dashboard/js/main.js(801,20): error TS2584: Cannot find name 'document'. Do you need to change your target library? Try changing the 'lib' compiler option to include 'dom'.
coming-soon/public/dashboard/js/main.js(814,25): error TS2584: Cannot find name 'document'. Do you need to change your target library? Try changing the 'lib' compiler option to include 'dom'.
coming-soon/public/dashboard/js/main.js(823,5): error TS2584: Cannot find name 'document'. Do you need to change your target library? Try changing the 'lib' compiler option to include 'dom'.
coming-soon/public/dashboard/js/main.js(827,9): error TS2584: Cannot find name 'document'. Do you need to change your target library? Try changing the 'lib' compiler option to include 'dom'.
coming-soon/public/dashboard/js/main.js(848,13): error TS2584: Cannot find name 'document'. Do you need to change your target library? Try changing the 'lib' compiler option to include 'dom'.
coming-soon/public/dashboard/js/main.js(849,9): error TS2584: Cannot find name 'document'. Do you need to change your target library? Try changing the 'lib' compiler option to include 'dom'.
coming-soon/public/dashboard/js/main.js(856,20): error TS2584: Cannot find name 'document'. Do you need to change your target library? Try changing the 'lib' compiler option to include 'dom'.
coming-soon/public/dashboard/js/main.js(857,17): error TS2584: Cannot find name 'document'. Do you need to change your target library? Try changing the 'lib' compiler option to include 'dom'.
coming-soon/public/dashboard/js/main.js(858,21): error TS2584: Cannot find name 'document'. Do you need to change your target library? Try changing the 'lib' compiler option to include 'dom'.
coming-soon/public/dashboard/js/main.js(868,5): error TS2584: Cannot find name 'document'. Do you need to change your target library? Try changing the 'lib' compiler option to include 'dom'.
coming-soon/public/dashboard/js/main.js(869,5): error TS2584: Cannot find name 'document'. Do you need to change your target library? Try changing the 'lib' compiler option to include 'dom'.
coming-soon/public/dashboard/js/main.js(882,7): error TS2584: Cannot find name 'document'. Do you need to change your target library? Try changing the 'lib' compiler option to include 'dom'.
coming-soon/public/dashboard/js/main.js(962,18): error TS2584: Cannot find name 'document'. Do you need to change your target library? Try changing the 'lib' compiler option to include 'dom'.
coming-soon/public/dashboard/js/main.js(982,7): error TS2584: Cannot find name 'document'. Do you need to change your target library? Try changing the 'lib' compiler option to include 'dom'.
coming-soon/public/dashboard/js/main.js(993,20): error TS2339: Property 'location' does not exist on type 'typeof window'.
coming-soon/public/dashboard/js/main.js(996,20): error TS2339: Property 'location' does not exist on type 'typeof window'.
coming-soon/public/dashboard/js/main.js(1057,68): error TS2339: Property 'acquireVsCodeApi' does not exist on type 'typeof window'.
coming-soon/public/dashboard/js/main.js(1059,33): error TS2339: Property 'acquireVsCodeApi' does not exist on type 'typeof window'.
coming-soon/public/dashboard/js/main.js(1091,5): error TS2304: Cannot find name 'requestAnimationFrame'.
coming-soon/public/dashboard/js/main.js(1093,20): error TS2584: Cannot find name 'document'. Do you need to change your target library? Try changing the 'lib' compiler option to include 'dom'.
coming-soon/public/dashboard/js/main.js(1155,5): error TS2584: Cannot find name 'document'. Do you need to change your target library? Try changing the 'lib' compiler option to include 'dom'.
coming-soon/public/dashboard/js/main.js(1163,1): error TS2584: Cannot find name 'document'. Do you need to change your target library? Try changing the 'lib' compiler option to include 'dom'.
coming-soon/public/dashboard/js/main.js(1172,18): error TS2584: Cannot find name 'document'. Do you need to change your target library? Try changing the 'lib' compiler option to include 'dom'.
coming-soon/public/dashboard/js/main.js(1175,20): error TS2584: Cannot find name 'document'. Do you need to change your target library? Try changing the 'lib' compiler option to include 'dom'.
coming-soon/public/dashboard/js/main.js(1177,17): error TS2584: Cannot find name 'document'. Do you need to change your target library? Try changing the 'lib' compiler option to include 'dom'.
coming-soon/public/dashboard/js/router.js(17,12): error TS2339: Property 'addEventListener' does not exist on type 'typeof window'.
coming-soon/public/dashboard/js/router.js(18,12): error TS2339: Property 'addEventListener' does not exist on type 'typeof window'.
coming-soon/public/dashboard/js/router.js(22,12): error TS2339: Property 'removeEventListener' does not exist on type 'typeof window'.
coming-soon/public/dashboard/js/router.js(23,12): error TS2339: Property 'removeEventListener' does not exist on type 'typeof window'.
coming-soon/public/dashboard/js/router.js(27,60): error TS2339: Property '__SB_INITIAL_ROUTE__' does not exist on type 'typeof window'.
coming-soon/public/dashboard/js/router.js(29,21): error TS2339: Property '__SB_INITIAL_ROUTE__' does not exist on type 'typeof window'.
coming-soon/public/dashboard/js/router.js(36,16): error TS2339: Property 'location' does not exist on type 'typeof window'.
coming-soon/public/dashboard/js/router.js(36,40): error TS2339: Property 'location' does not exist on type 'typeof window'.
coming-soon/public/dashboard/js/router.js(49,16): error TS2339: Property 'location' does not exist on type 'typeof window'.
coming-soon/public/dashboard/js/router.js(53,29): error TS2339: Property 'location' does not exist on type 'typeof window'.
coming-soon/public/dashboard/js/router.js(64,27): error TS2339: Property 'location' does not exist on type 'typeof window'.
coming-soon/public/dashboard/js/router.js(84,25): error TS2339: Property 'location' does not exist on type 'typeof window'.
coming-soon/public/dashboard/js/router.js(114,18): error TS2339: Property 'location' does not exist on type 'typeof window'.
coming-soon/public/dashboard/js/router.js(114,45): error TS2339: Property 'location' does not exist on type 'typeof window'.
coming-soon/public/dashboard/js/router.js(115,16): error TS2339: Property 'history' does not exist on type 'typeof window'.
coming-soon/public/dashboard/js/router.js(127,5): error TS2584: Cannot find name 'document'. Do you need to change your target library? Try changing the 'lib' compiler option to include 'dom'.
coming-soon/public/dashboard/js/services/aiKeysService.js(57,14): error TS1064: The return type of an async function or method must be the global Promise<T> type. Did you mean to write 'Promise<any>'?
coming-soon/public/dashboard/js/services/aiKeysService.js(85,14): error TS1064: The return type of an async function or method must be the global Promise<T> type. Did you mean to write 'Promise<any>'?
coming-soon/public/dashboard/js/services/aiKeysService.js(112,14): error TS1064: The return type of an async function or method must be the global Promise<T> type. Did you mean to write 'Promise<any>'?
coming-soon/public/dashboard/js/services/aiKeysService.js(134,20): error TS8024: JSDoc '@param' tag has name 'ollamaBaseUrl', but there is no parameter with that name.
coming-soon/public/dashboard/js/services/aiKeysService.js(148,63): error TS2339: Property 'location' does not exist on type 'typeof window'.
coming-soon/public/dashboard/js/services/aiKeysService.js(170,41): error TS2339: Property 'models' does not exist on type 'unknown'.
coming-soon/public/dashboard/js/services/aiKeysService.js(170,56): error TS2339: Property 'models' does not exist on type 'unknown'.
coming-soon/public/dashboard/js/services/aiKeysService.js(193,30): error TS2339: Property 'error' does not exist on type 'unknown'.
coming-soon/public/dashboard/js/services/aiKeysService.js(193,44): error TS2339: Property 'message' does not exist on type 'unknown'.
coming-soon/public/dashboard/js/services/aiKeysService.js(195,41): error TS2339: Property 'models' does not exist on type 'unknown'.
coming-soon/public/dashboard/js/services/aiKeysService.js(195,56): error TS2339: Property 'models' does not exist on type 'unknown'.
coming-soon/public/dashboard/js/services/aiProblemAnalyzerSuite.mjs(68,127): error TS2322: Type 'string' is not assignable to type 'any[]'.
coming-soon/public/dashboard/js/services/aiProblemAnalyzerSuite.mjs(87,499): error TS2345: Argument of type 'string' is not assignable to parameter of type 'any[]'.
coming-soon/public/dashboard/js/services/aiProblemAnalyzerSuite.mjs(88,494): error TS2345: Argument of type 'string' is not assignable to parameter of type 'any[]'.
coming-soon/public/dashboard/js/services/aiProblemAnalyzerSuite.mjs(89,470): error TS2345: Argument of type 'string' is not assignable to parameter of type 'any[]'.
coming-soon/public/dashboard/js/services/aiProblemAnalyzerSuite.mjs(90,418): error TS2345: Argument of type 'string' is not assignable to parameter of type 'any[]'.
coming-soon/public/dashboard/js/services/aiProblemAnalyzerSuite.mjs(91,439): error TS2345: Argument of type 'string' is not assignable to parameter of type 'any[]'.
coming-soon/public/dashboard/js/services/aiProblemAnalyzerSuite.mjs(92,419): error TS2345: Argument of type 'string' is not assignable to parameter of type 'any[]'.
coming-soon/public/dashboard/js/services/aiProblemAnalyzerSuite.mjs(93,437): error TS2345: Argument of type 'string' is not assignable to parameter of type 'any[]'.
coming-soon/public/dashboard/js/services/aiProblemAnalyzerSuite.mjs(94,451): error TS2345: Argument of type 'string' is not assignable to parameter of type 'any[]'.
coming-soon/public/dashboard/js/services/aiProblemAnalyzerSuite.mjs(96,460): error TS2345: Argument of type 'string' is not assignable to parameter of type 'any[]'.
coming-soon/public/dashboard/js/services/aiProblemAnalyzerSuite.mjs(97,430): error TS2345: Argument of type 'string' is not assignable to parameter of type 'any[]'.
coming-soon/public/dashboard/js/services/aiProblemAnalyzerSuite.mjs(98,471): error TS2345: Argument of type 'string' is not assignable to parameter of type 'any[]'.
coming-soon/public/dashboard/js/services/aiProblemAnalyzerSuite.mjs(99,449): error TS2345: Argument of type 'string' is not assignable to parameter of type 'any[]'.
coming-soon/public/dashboard/js/services/aiProblemAnalyzerSuite.mjs(100,437): error TS2345: Argument of type 'string' is not assignable to parameter of type 'any[]'.
coming-soon/public/dashboard/js/services/aiProblemAnalyzerSuite.mjs(101,473): error TS2345: Argument of type 'string' is not assignable to parameter of type 'any[]'.
coming-soon/public/dashboard/js/services/aiProblemAnalyzerSuite.mjs(102,475): error TS2345: Argument of type 'string' is not assignable to parameter of type 'any[]'.
coming-soon/public/dashboard/js/services/aiProblemAnalyzerSuite.mjs(103,450): error TS2345: Argument of type 'string' is not assignable to parameter of type 'any[]'.
coming-soon/public/dashboard/js/services/aiProblemAnalyzerSuite.mjs(105,453): error TS2345: Argument of type 'string' is not assignable to parameter of type 'any[]'.
coming-soon/public/dashboard/js/services/aiProblemAnalyzerSuite.mjs(106,453): error TS2345: Argument of type 'string' is not assignable to parameter of type 'any[]'.
coming-soon/public/dashboard/js/services/aiProblemAnalyzerSuite.mjs(107,457): error TS2345: Argument of type 'string' is not assignable to parameter of type 'any[]'.
coming-soon/public/dashboard/js/services/aiProblemAnalyzerSuite.mjs(108,453): error TS2345: Argument of type 'string' is not assignable to parameter of type 'any[]'.
coming-soon/public/dashboard/js/services/aiProblemAnalyzerSuite.mjs(109,447): error TS2345: Argument of type 'string' is not assignable to parameter of type 'any[]'.
coming-soon/public/dashboard/js/services/aiProblemAnalyzerSuite.mjs(110,457): error TS2345: Argument of type 'string' is not assignable to parameter of type 'any[]'.
coming-soon/public/dashboard/js/services/aiProblemAnalyzerSuite.mjs(112,467): error TS2345: Argument of type 'string' is not assignable to parameter of type 'any[]'.
coming-soon/public/dashboard/js/services/aiProblemAnalyzerSuite.mjs(113,446): error TS2345: Argument of type 'string' is not assignable to parameter of type 'any[]'.
coming-soon/public/dashboard/js/services/aiProblemAnalyzerSuite.mjs(114,460): error TS2345: Argument of type 'string' is not assignable to parameter of type 'any[]'.
coming-soon/public/dashboard/js/services/aiProblemAnalyzerSuite.mjs(115,439): error TS2345: Argument of type 'string' is not assignable to parameter of type 'any[]'.
coming-soon/public/dashboard/js/services/aiProblemAnalyzerSuite.mjs(116,458): error TS2345: Argument of type 'string' is not assignable to parameter of type 'any[]'.
coming-soon/public/dashboard/js/services/aiProblemAnalyzerSuite.mjs(118,455): error TS2345: Argument of type 'string' is not assignable to parameter of type 'any[]'.
coming-soon/public/dashboard/js/services/aiProblemAnalyzerSuite.mjs(119,427): error TS2345: Argument of type 'string' is not assignable to parameter of type 'any[]'.
coming-soon/public/dashboard/js/services/aiProblemAnalyzerSuite.mjs(120,420): error TS2345: Argument of type 'string' is not assignable to parameter of type 'any[]'.
coming-soon/public/dashboard/js/services/aiProblemAnalyzerSuite.mjs(121,413): error TS2345: Argument of type 'string' is not assignable to parameter of type 'any[]'.
coming-soon/public/dashboard/js/services/aiProblemAnalyzerSuite.mjs(122,458): error TS2345: Argument of type 'string' is not assignable to parameter of type 'any[]'.
coming-soon/public/dashboard/js/services/aiProblemAnalyzerSuite.mjs(124,405): error TS2345: Argument of type 'string' is not assignable to parameter of type 'any[]'.
coming-soon/public/dashboard/js/services/aiProblemAnalyzerSuite.mjs(125,445): error TS2345: Argument of type 'string' is not assignable to parameter of type 'any[]'.
coming-soon/public/dashboard/js/services/aiProblemAnalyzerSuite.mjs(126,428): error TS2345: Argument of type 'string' is not assignable to parameter of type 'any[]'.
coming-soon/public/dashboard/js/services/aiProblemAnalyzerSuite.mjs(127,423): error TS2345: Argument of type 'string' is not assignable to parameter of type 'any[]'.
coming-soon/public/dashboard/js/services/aiProblemAnalyzerSuite.mjs(128,460): error TS2345: Argument of type 'string' is not assignable to parameter of type 'any[]'.
coming-soon/public/dashboard/js/services/aiProblemAnalyzerSuite.mjs(130,440): error TS2345: Argument of type 'string' is not assignable to parameter of type 'any[]'.
coming-soon/public/dashboard/js/services/aiProblemAnalyzerSuite.mjs(131,432): error TS2345: Argument of type 'string' is not assignable to parameter of type 'any[]'.
coming-soon/public/dashboard/js/services/aiProblemAnalyzerSuite.mjs(132,448): error TS2345: Argument of type 'string' is not assignable to parameter of type 'any[]'.
coming-soon/public/dashboard/js/services/aiProblemAnalyzerSuite.mjs(133,445): error TS2345: Argument of type 'string' is not assignable to parameter of type 'any[]'.
coming-soon/public/dashboard/js/services/aiProblemAnalyzerSuite.mjs(134,453): error TS2345: Argument of type 'string' is not assignable to parameter of type 'any[]'.
coming-soon/public/dashboard/js/services/aiProblemAnalyzerSuite.mjs(136,425): error TS2345: Argument of type 'string' is not assignable to parameter of type 'any[]'.
coming-soon/public/dashboard/js/services/aiProblemAnalyzerSuite.mjs(137,448): error TS2345: Argument of type 'string' is not assignable to parameter of type 'any[]'.
coming-soon/public/dashboard/js/services/aiProblemAnalyzerSuite.mjs(138,445): error TS2345: Argument of type 'string' is not assignable to parameter of type 'any[]'.
coming-soon/public/dashboard/js/services/aiProblemAnalyzerSuite.mjs(139,471): error TS2345: Argument of type 'string' is not assignable to parameter of type 'any[]'.
coming-soon/public/dashboard/js/services/aiProblemAnalyzerSuite.mjs(140,472): error TS2345: Argument of type 'string' is not assignable to parameter of type 'any[]'.
coming-soon/public/dashboard/js/services/aiProblemAnalyzerSuite.mjs(141,574): error TS2345: Argument of type 'string' is not assignable to parameter of type 'any[]'.
coming-soon/public/dashboard/js/services/aiProblemAnalyzerSuite.mjs(3264,28): error TS2554: Expected 0 arguments, but got 1.
coming-soon/public/dashboard/js/services/aiProblemAnalyzerSuite.mjs(4255,27): error TS2322: Type '{}' is not assignable to type 'string'.
coming-soon/public/dashboard/js/services/aiProblemAnalyzerSuite.mjs(4256,29): error TS2339: Property 'scanIssues' does not exist on type 'string'.
coming-soon/public/dashboard/js/services/aiProblemAnalyzerSuite.mjs(4256,52): error TS2339: Property 'scanIssues' does not exist on type 'string'.
coming-soon/public/dashboard/js/services/aiProblemAnalyzerSuite.mjs(4256,86): error TS2339: Property 'scanIssues' does not exist on type 'string'.
coming-soon/public/dashboard/js/services/aiProblemAnalyzerSuite.mjs(4257,29): error TS2339: Property 'rawIssues' does not exist on type 'string'.
coming-soon/public/dashboard/js/services/aiProblemAnalyzerSuite.mjs(4257,51): error TS2339: Property 'rawIssues' does not exist on type 'string'.
coming-soon/public/dashboard/js/services/aiProblemAnalyzerSuite.mjs(4257,84): error TS2339: Property 'rawIssues' does not exist on type 'string'.
coming-soon/public/dashboard/js/services/aiProblemAnalyzerSuite.mjs(4258,29): error TS2339: Property 'issues' does not exist on type 'string'.
coming-soon/public/dashboard/js/services/aiProblemAnalyzerSuite.mjs(4258,48): error TS2339: Property 'issues' does not exist on type 'string'.
coming-soon/public/dashboard/js/services/aiProblemAnalyzerSuite.mjs(4258,78): error TS2339: Property 'issues' does not exist on type 'string'.
coming-soon/public/dashboard/js/services/aiProblemAnalyzerSuite.mjs(4295,33): error TS2322: Type '{}' is not assignable to type 'string'.
coming-soon/public/dashboard/js/services/aiProblemAnalyzerSuite.mjs(4296,29): error TS2339: Property 'subgroupOutcomes' does not exist on type 'string'.
coming-soon/public/dashboard/js/services/aiProblemAnalyzerSuite.mjs(4296,58): error TS2339: Property 'subgroupOutcomes' does not exist on type 'string'.
coming-soon/public/dashboard/js/services/aiProblemAnalyzerSuite.mjs(4297,20): error TS2339: Property 'subgroupOutcomes' does not exist on type 'string'.
coming-soon/public/dashboard/js/services/aiProblemAnalyzerSuite.mjs(4311,34): error TS2322: Type '{}' is not assignable to type 'string'.
coming-soon/public/dashboard/js/services/aiProblemAnalyzerSuite.mjs(4312,29): error TS2339: Property 'claims' does not exist on type 'string'.
coming-soon/public/dashboard/js/services/aiProblemAnalyzerSuite.mjs(4312,48): error TS2339: Property 'claims' does not exist on type 'string'.
coming-soon/public/dashboard/js/services/aiProblemAnalyzerSuite.mjs(4312,78): error TS2339: Property 'claims' does not exist on type 'string'.
coming-soon/public/dashboard/js/services/aiProblemAnalyzerSuite.mjs(4314,13): error TS2339: Property 'aiSummary' does not exist on type 'string'.
coming-soon/public/dashboard/js/services/aiProblemAnalyzerSuite.mjs(4315,13): error TS2339: Property 'conclusion' does not exist on type 'string'.
coming-soon/public/dashboard/js/services/aiProblemAnalyzerSuite.mjs(4316,13): error TS2339: Property 'backlogSnippet' does not exist on type 'string'.
coming-soon/public/dashboard/js/services/aiProblemAnalyzerSuite.mjs(4317,13): error TS2339: Property 'scanSummary' does not exist on type 'string'.
coming-soon/public/dashboard/js/services/aiProblemAnalyzerSuite.mjs(4318,13): error TS2339: Property 'responseText' does not exist on type 'string'.
coming-soon/public/dashboard/js/services/aiProblemAnalyzerSuite.mjs(4337,32): error TS2339: Property 'responseConfidence' does not exist on type 'string'.
coming-soon/public/dashboard/js/services/aiProblemAnalyzerSuite.mjs(4349,34): error TS2322: Type '{}' is not assignable to type 'string'.
coming-soon/public/dashboard/js/services/aiProblemAnalyzerSuite.mjs(4350,29): error TS2339: Property 'traces' does not exist on type 'string'.
coming-soon/public/dashboard/js/services/aiProblemAnalyzerSuite.mjs(4350,48): error TS2339: Property 'traces' does not exist on type 'string'.
coming-soon/public/dashboard/js/services/aiProblemAnalyzerSuite.mjs(4350,78): error TS2339: Property 'traces' does not exist on type 'string'.
coming-soon/public/dashboard/js/services/aiProblemAnalyzerSuite.mjs(4352,28): error TS2339: Property 'codeUnderstanding' does not exist on type 'string'.
coming-soon/public/dashboard/js/services/aiProblemAnalyzerSuite.mjs(4368,31): error TS2339: Property 'responseText' does not exist on type 'string'.
coming-soon/public/dashboard/js/services/aiProblemAnalyzerSuite.mjs(4368,55): error TS2339: Property 'aiSummary' does not exist on type 'string'.
coming-soon/public/dashboard/js/services/aiProblemAnalyzerSuite.mjs(4387,31): error TS2322: Type '{}' is not assignable to type 'string'.
coming-soon/public/dashboard/js/services/aiProblemAnalyzerSuite.mjs(4388,29): error TS2339: Property 'datasetSamples' does not exist on type 'string'.
coming-soon/public/dashboard/js/services/aiProblemAnalyzerSuite.mjs(4388,56): error TS2339: Property 'datasetSamples' does not exist on type 'string'.
coming-soon/public/dashboard/js/services/aiProblemAnalyzerSuite.mjs(4388,94): error TS2339: Property 'datasetSamples' does not exist on type 'string'.
coming-soon/public/dashboard/js/services/aiProblemAnalyzerSuite.mjs(4404,35): error TS2322: Type '{}' is not assignable to type 'string'.
coming-soon/public/dashboard/js/services/aiProblemAnalyzerSuite.mjs(4405,28): error TS2339: Property 'scalabilityMetrics' does not exist on type 'string'.
coming-soon/public/dashboard/js/services/aiProblemAnalyzerSuite.mjs(4405,58): error TS2339: Property 'metrics' does not exist on type 'string'.
coming-soon/public/dashboard/js/services/aiProblemAnalyzerSuite.mjs(4407,15): error TS2339: Property 'fileReduction' does not exist on type 'string'.
coming-soon/public/dashboard/js/services/aiProblemAnalyzerSuite.mjs(4408,38): error TS2339: Property 'fileReduction' does not exist on type 'string'.
coming-soon/public/dashboard/js/services/aiProblemAnalyzerSuite.mjs(4409,17): error TS2339: Property 'fileReduction' does not exist on type 'string'.
coming-soon/public/dashboard/js/services/aiProblemAnalyzerSuite.mjs(4410,38): error TS2339: Property 'fileReduction' does not exist on type 'string'.
coming-soon/public/dashboard/js/services/aiProblemAnalyzerSuite.mjs(4413,15): error TS2339: Property 'dataQuality' does not exist on type 'string'.
coming-soon/public/dashboard/js/services/aiProblemAnalyzerSuite.mjs(4414,49): error TS2339: Property 'dataQuality' does not exist on type 'string'.
coming-soon/public/dashboard/js/services/aiProblemAnalyzerSuite.mjs(4416,15): error TS2339: Property 'scan' does not exist on type 'string'.
coming-soon/public/dashboard/js/services/aiProblemAnalyzerSuite.mjs(4417,40): error TS2339: Property 'scan' does not exist on type 'string'.
coming-soon/public/dashboard/js/services/aiProblemAnalyzerSuite.mjs(4419,15): error TS2339: Property 'scan' does not exist on type 'string'.
coming-soon/public/dashboard/js/services/aiProblemAnalyzerSuite.mjs(4419,77): error TS2339: Property 'scan' does not exist on type 'string'.
coming-soon/public/dashboard/js/services/aiProblemAnalyzerSuite.mjs(4420,15): error TS2339: Property 'scan' does not exist on type 'string'.
coming-soon/public/dashboard/js/services/aiProblemAnalyzerSuite.mjs(4420,75): error TS2339: Property 'scan' does not exist on type 'string'.
coming-soon/public/dashboard/js/services/aiProblemAnalyzerSuite.mjs(4421,25): error TS2339: Property 'responseText' does not exist on type 'string'.
coming-soon/public/dashboard/js/services/aiProblemAnalyzerSuite.mjs(4421,47): error TS2339: Property 'aiSummary' does not exist on type 'string'.
coming-soon/public/dashboard/js/services/aiProblemAnalyzerSuite.mjs(4432,27): error TS2322: Type '{}' is not assignable to type 'string'.
coming-soon/public/dashboard/js/services/aiProblemAnalyzerSuite.mjs(4433,15): error TS2339: Property 'benchmarks' does not exist on type 'string'.
coming-soon/public/dashboard/js/services/aiProblemAnalyzerSuite.mjs(4433,49): error TS2339: Property 'benchmarks' does not exist on type 'string'.
coming-soon/public/dashboard/js/services/aiProblemAnalyzerSuite.mjs(4433,84): error TS2339: Property 'benchmarks' does not exist on type 'string'.
coming-soon/public/dashboard/js/services/aiProblemAnalyzerSuite.mjs(4434,28): error TS2339: Property 'healthScore' does not exist on type 'string'.
coming-soon/public/dashboard/js/services/aiProblemAnalyzerSuite.mjs(4434,51): error TS2339: Property 'scan' does not exist on type 'string'.
coming-soon/public/dashboard/js/services/aiProblemAnalyzerSuite.mjs(4434,80): error TS2339: Property 'report' does not exist on type 'string'.
coming-soon/public/dashboard/js/services/aiProblemAnalyzerSuite.mjs(4442,31): error TS2339: Property 'responseText' does not exist on type 'string'.
coming-soon/public/dashboard/js/services/aiProblemAnalyzerSuite.mjs(4442,55): error TS2339: Property 'aiSummary' does not exist on type 'string'.
coming-soon/public/dashboard/js/services/aiProblemAnalyzerSuite.mjs(4472,26): error TS2322: Type '{}' is not assignable to type 'string'.
coming-soon/public/dashboard/js/services/aiProblemAnalyzerSuite.mjs(4473,29): error TS2339: Property 'responses' does not exist on type 'string'.
coming-soon/public/dashboard/js/services/aiProblemAnalyzerSuite.mjs(4473,51): error TS2339: Property 'responses' does not exist on type 'string'.
coming-soon/public/dashboard/js/services/aiProblemAnalyzerSuite.mjs(4474,20): error TS2339: Property 'responses' does not exist on type 'string'.
coming-soon/public/dashboard/js/services/aiProblemAnalyzerSuite.mjs(4477,13): error TS2339: Property 'aiSummary' does not exist on type 'string'.
coming-soon/public/dashboard/js/services/aiProblemAnalyzerSuite.mjs(4478,13): error TS2339: Property 'conclusion' does not exist on type 'string'.
coming-soon/public/dashboard/js/services/aiProblemAnalyzerSuite.mjs(4479,13): error TS2339: Property 'backlogSnippet' does not exist on type 'string'.
coming-soon/public/dashboard/js/services/aiProblemAnalyzerSuite.mjs(4480,13): error TS2339: Property 'scanSummary' does not exist on type 'string'.
coming-soon/public/dashboard/js/services/aiProblemAnalyzerSuite.mjs(4481,13): error TS2339: Property 'responseText' does not exist on type 'string'.
coming-soon/public/dashboard/js/services/aiProblemAnalyzerSuite.mjs(4482,13): error TS2339: Property 'aiResponse' does not exist on type 'string'.
coming-soon/public/dashboard/js/services/aiProblemAnalyzerSuite.mjs(4489,15): error TS2339: Property 'responseText' does not exist on type 'string'.
coming-soon/public/dashboard/js/services/aiProblemAnalyzerSuite.mjs(4490,15): error TS2339: Property 'aiSummary' does not exist on type 'string'.
coming-soon/public/dashboard/js/services/aiProblemAnalyzerSuite.mjs(4491,15): error TS2339: Property 'backlogSnippet' does not exist on type 'string'.
coming-soon/public/dashboard/js/services/aiProblemAnalyzerSuite.mjs(4492,15): error TS2339: Property 'scanSummary' does not exist on type 'string'.
coming-soon/public/dashboard/js/services/aiProblemAnalyzerSuite.mjs(4507,31): error TS2322: Type '{}' is not assignable to type 'string'.
coming-soon/public/dashboard/js/services/aiProblemAnalyzerSuite.mjs(4509,13): error TS2339: Property 'responseText' does not exist on type 'string'.
coming-soon/public/dashboard/js/services/aiProblemAnalyzerSuite.mjs(4510,13): error TS2339: Property 'aiSummary' does not exist on type 'string'.
coming-soon/public/dashboard/js/services/aiProblemAnalyzerSuite.mjs(4511,13): error TS2339: Property 'conclusion' does not exist on type 'string'.
coming-soon/public/dashboard/js/services/aiProblemAnalyzerSuite.mjs(4512,13): error TS2339: Property 'backlogSnippet' does not exist on type 'string'.
coming-soon/public/dashboard/js/services/aiProblemAnalyzerSuite.mjs(4513,13): error TS2339: Property 'scanSummary' does not exist on type 'string'.
coming-soon/public/dashboard/js/services/aiProblemAnalyzerSuite.mjs(4514,13): error TS2339: Property 'logs' does not exist on type 'string'.
coming-soon/public/dashboard/js/services/aiProblemAnalyzerSuite.mjs(4523,35): error TS2322: Type '{}' is not assignable to type 'string'.
coming-soon/public/dashboard/js/services/aiProblemAnalyzerSuite.mjs(4524,29): error TS2339: Property 'calibrationRecords' does not exist on type 'string'.
coming-soon/public/dashboard/js/services/aiProblemAnalyzerSuite.mjs(4524,60): error TS2339: Property 'calibrationRecords' does not exist on type 'string'.
coming-soon/public/dashboard/js/services/aiProblemAnalyzerSuite.mjs(4524,102): error TS2339: Property 'calibrationRecords' does not exist on type 'string'.
coming-soon/public/dashboard/js/services/aiProblemAnalyzerSuite.mjs(4542,35): error TS2322: Type '{}' is not assignable to type 'string'.
coming-soon/public/dashboard/js/services/aiProblemAnalyzerSuite.mjs(4543,29): error TS2339: Property 'contextCheckpoints' does not exist on type 'string'.
coming-soon/public/dashboard/js/services/aiProblemAnalyzerSuite.mjs(4543,60): error TS2339: Property 'contextCheckpoints' does not exist on type 'string'.
coming-soon/public/dashboard/js/services/aiProblemAnalyzerSuite.mjs(4544,20): error TS2339: Property 'contextCheckpoints' does not exist on type 'string'.
coming-soon/public/dashboard/js/services/aiProblemAnalyzerSuite.mjs(4547,13): error TS2339: Property 'responseText' does not exist on type 'string'.
coming-soon/public/dashboard/js/services/aiProblemAnalyzerSuite.mjs(4548,13): error TS2339: Property 'aiSummary' does not exist on type 'string'.
coming-soon/public/dashboard/js/services/aiProblemAnalyzerSuite.mjs(4549,13): error TS2339: Property 'conclusion' does not exist on type 'string'.
coming-soon/public/dashboard/js/services/aiProblemAnalyzerSuite.mjs(4550,13): error TS2339: Property 'backlogSnippet' does not exist on type 'string'.
coming-soon/public/dashboard/js/services/aiProblemAnalyzerSuite.mjs(4566,31): error TS2322: Type '{}' is not assignable to type 'string'.
coming-soon/public/dashboard/js/services/aiProblemAnalyzerSuite.mjs(4567,29): error TS2339: Property 'freshnessTests' does not exist on type 'string'.
coming-soon/public/dashboard/js/services/aiProblemAnalyzerSuite.mjs(4567,56): error TS2339: Property 'freshnessTests' does not exist on type 'string'.
coming-soon/public/dashboard/js/services/aiProblemAnalyzerSuite.mjs(4567,94): error TS2339: Property 'freshnessTests' does not exist on type 'string'.
coming-soon/public/dashboard/js/services/aiProblemAnalyzerSuite.mjs(4570,32): error TS2339: Property 'scannedAt' does not exist on type 'string'.
coming-soon/public/dashboard/js/services/aiProblemAnalyzerSuite.mjs(4573,28): error TS2339: Property 'scannedAt' does not exist on type 'string'.
coming-soon/public/dashboard/js/services/aiProblemAnalyzerSuite.mjs(4583,31): error TS2322: Type '{}' is not assignable to type 'string'.
coming-soon/public/dashboard/js/services/aiProblemAnalyzerSuite.mjs(4584,29): error TS2339: Property 'reasoningTasks' does not exist on type 'string'.
coming-soon/public/dashboard/js/services/aiProblemAnalyzerSuite.mjs(4584,56): error TS2339: Property 'reasoningTasks' does not exist on type 'string'.
coming-soon/public/dashboard/js/services/aiProblemAnalyzerSuite.mjs(4584,94): error TS2339: Property 'reasoningTasks' does not exist on type 'string'.
coming-soon/public/dashboard/js/services/aiProblemAnalyzerSuite.mjs(4602,35): error TS2322: Type '{}' is not assignable to type 'string'.
coming-soon/public/dashboard/js/services/aiProblemAnalyzerSuite.mjs(4603,29): error TS2339: Property 'complianceControls' does not exist on type 'string'.
coming-soon/public/dashboard/js/services/aiProblemAnalyzerSuite.mjs(4603,60): error TS2339: Property 'complianceControls' does not exist on type 'string'.
coming-soon/public/dashboard/js/services/aiProblemAnalyzerSuite.mjs(4603,102): error TS2339: Property 'complianceControls' does not exist on type 'string'.
coming-soon/public/dashboard/js/services/aiProblemAnalyzerSuite.mjs(4618,37): error TS2322: Type '{}' is not assignable to type 'string'.
coming-soon/public/dashboard/js/services/aiProblemAnalyzerSuite.mjs(4619,29): error TS2339: Property 'classificationLabels' does not exist on type 'string'.
coming-soon/public/dashboard/js/services/aiProblemAnalyzerSuite.mjs(4619,62): error TS2339: Property 'classificationLabels' does not exist on type 'string'.
coming-soon/public/dashboard/js/services/aiProblemAnalyzerSuite.mjs(4620,20): error TS2339: Property 'classificationLabels' does not exist on type 'string'.
coming-soon/public/dashboard/js/services/aiProblemAnalyzerSuite.mjs(4639,31): error TS2322: Type '{}' is not assignable to type 'string'.
coming-soon/public/dashboard/js/services/aiProblemAnalyzerSuite.mjs(4640,29): error TS2339: Property 'latencySamples' does not exist on type 'string'.
coming-soon/public/dashboard/js/services/aiProblemAnalyzerSuite.mjs(4640,56): error TS2339: Property 'latencySamples' does not exist on type 'string'.
coming-soon/public/dashboard/js/services/aiProblemAnalyzerSuite.mjs(4640,94): error TS2339: Property 'latencySamples' does not exist on type 'string'.
coming-soon/public/dashboard/js/services/aiProblemAnalyzerSuite.mjs(4659,38): error TS2322: Type '{}' is not assignable to type 'string'.
coming-soon/public/dashboard/js/services/aiProblemAnalyzerSuite.mjs(4660,29): error TS2339: Property 'errorCases' does not exist on type 'string'.
coming-soon/public/dashboard/js/services/aiProblemAnalyzerSuite.mjs(4660,52): error TS2339: Property 'errorCases' does not exist on type 'string'.
coming-soon/public/dashboard/js/services/aiProblemAnalyzerSuite.mjs(4661,20): error TS2339: Property 'errorCases' does not exist on type 'string'.
coming-soon/public/dashboard/js/services/aiProblemAnalyzerSuite.mjs(4687,47): error TS2322: Type '{}' is not assignable to type 'string'.
coming-soon/public/dashboard/js/services/aiProblemAnalyzerSuite.mjs(4688,18): error TS2698: Spread types may only be created from object types.
coming-soon/public/dashboard/js/services/aiProblemAnalyzerSuite.mjs(4746,46): error TS2322: Type '{}' is not assignable to type 'string'.
coming-soon/public/dashboard/js/services/aiProblemAnalyzerSuite.mjs(4759,33): error TS2740: Type '{}' is missing the following properties from type 'any[]': length, pop, push, concat, and 29 more.
coming-soon/public/dashboard/js/services/aiProblemAnalyzerSuite.mjs(4760,11): error TS2339: Property 'context' does not exist on type 'any[]'.
coming-soon/public/dashboard/js/services/aiProblemAnalyzerSuite.mjs(4760,35): error TS2339: Property 'default' does not exist on type 'any[]'.
coming-soon/public/dashboard/js/services/aiProblemAnalyzerSuite.mjs(4777,39): error TS2322: Type '{}' is not assignable to type 'string'.
coming-soon/public/dashboard/js/services/aiProblemAnalyzerSuite.mjs(4994,33): error TS2322: Type '{}' is not assignable to type 'string'.
coming-soon/public/dashboard/js/services/aiProblemAnalyzerSuite.mjs(4995,58): error TS2353: Object literal may only specify known properties, and 'context' does not exist in type 'any[]'.
coming-soon/public/dashboard/js/services/aiProblemAnalyzerSuite.mjs(4999,3): error TS2353: Object literal may only specify known properties, and 'clampScore' does not exist in type 'any[]'.
coming-soon/public/dashboard/js/services/aiProblemAnalyzerSuite.mjs(5196,55): error TS2322: Type '{}' is not assignable to type 'string'.
coming-soon/public/dashboard/js/services/aiProblemAnalyzerSuite.mjs(5197,18): error TS2698: Spread types may only be created from object types.
coming-soon/public/dashboard/js/services/aiProblemAnalyzerSuite.mjs(5198,33): error TS2339: Property 'codeUnderstanding' does not exist on type 'string'.
coming-soon/public/dashboard/js/services/aiProblemAnalyzerSuite.mjs(5199,26): error TS2339: Property 'zscriptReport' does not exist on type 'string'.
coming-soon/public/dashboard/js/services/aiProblemAnalyzerSuite.mjs(5199,59): error TS2339: Property 'zscriptReport' does not exist on type 'string'.
coming-soon/public/dashboard/js/services/aiProblemAnalyzerSuite.mjs(5248,68): error TS2740: Type '{}' is missing the following properties from type 'any[]': length, pop, push, concat, and 29 more.
coming-soon/public/dashboard/js/services/analyzeService.js(18,14): error TS1064: The return type of an async function or method must be the global Promise<T> type. Did you mean to write 'Promise<any>'?
coming-soon/public/dashboard/js/services/analyzeService.js(21,34): error TS2339: Property 'headers' does not exist on type 'any[]'.
coming-soon/public/dashboard/js/services/analyzeService.js(25,26): error TS2339: Property 'text' does not exist on type 'any[]'.
coming-soon/public/dashboard/js/services/analyzeService.js(47,57): error TS2339: Property 'location' does not exist on type 'typeof window'.
coming-soon/public/dashboard/js/services/analyzeService.js(50,59): error TS2554: Expected 1-2 arguments, but got 3.
coming-soon/public/dashboard/js/services/analyzeService.js(65,8): error TS2554: Expected 1-2 arguments, but got 3.
coming-soon/public/dashboard/js/services/analyzeService.js(69,41): error TS2345: Argument of type 'Response' is not assignable to parameter of type 'any[]'.
  Type 'Response' is missing the following properties from type 'any[]': length, pop, push, concat, and 29 more.
coming-soon/public/dashboard/js/services/analyzeService.js(83,14): error TS1064: The return type of an async function or method must be the global Promise<T> type. Did you mean to write 'Promise<any>'?
coming-soon/public/dashboard/js/services/analyzeService.js(85,60): error TS2322: Type 'number' is not assignable to type 'any[]'.
coming-soon/public/dashboard/js/services/analyzeService.js(88,11): error TS2365: Operator '>' cannot be applied to types 'any[]' and 'number'.
coming-soon/public/dashboard/js/services/analyzeService.js(89,49): error TS2554: Expected 1-2 arguments, but got 3.
coming-soon/public/dashboard/js/services/analyzeService.js(95,36): error TS2345: Argument of type 'Response' is not assignable to parameter of type 'any[]'.
  Type 'Response' is missing the following properties from type 'any[]': length, pop, push, concat, and 29 more.
coming-soon/public/dashboard/js/services/analyzeService.js(148,16): error TS2339: Property 'id' does not exist on type 'string'.
coming-soon/public/dashboard/js/services/analyzeService.js(149,29): error TS2339: Property 'configured' does not exist on type 'string'.
coming-soon/public/dashboard/js/services/analyzeService.js(149,52): error TS2339: Property 'model' does not exist on type 'string'.
coming-soon/public/dashboard/js/services/analyzeService.js(151,27): error TS2339: Property 'configured' does not exist on type 'string'.
coming-soon/public/dashboard/js/services/analyzeService.js(157,14): error TS1064: The return type of an async function or method must be the global Promise<T> type. Did you mean to write 'Promise<any>'?
coming-soon/public/dashboard/js/services/analyzeService.js(181,14): error TS1064: The return type of an async function or method must be the global Promise<T> type. Did you mean to write 'Promise<any>'?
coming-soon/public/dashboard/js/services/analyzeService.js(235,14): error TS1064: The return type of an async function or method must be the global Promise<T> type. Did you mean to write 'Promise<any>'?
coming-soon/public/dashboard/js/services/analyzeService.js(339,14): error TS1064: The return type of an async function or method must be the global Promise<T> type. Did you mean to write 'Promise<any>'?
coming-soon/public/dashboard/js/services/analyzeService.js(351,49): error TS2339: Property 'type' does not exist on type 'number'.
coming-soon/public/dashboard/js/services/analyzeService.js(357,36): error TS2345: Argument of type 'Response' is not assignable to parameter of type 'any[]'.
  Type 'Response' is missing the following properties from type 'any[]': length, pop, push, concat, and 29 more.
coming-soon/public/dashboard/js/services/analyzeService.js(380,19): error TS18047: 'exportPayload' is possibly 'null'.
coming-soon/public/dashboard/js/services/analyzeService.js(484,11): error TS18047: 'exportPayload' is possibly 'null'.
coming-soon/public/dashboard/js/services/analyzeService.js(485,14): error TS18047: 'exportPayload' is possibly 'null'.
coming-soon/public/dashboard/js/services/analyzeService.js(486,18): error TS18047: 'exportPayload' is possibly 'null'.
coming-soon/public/dashboard/js/services/analyzeService.js(487,18): error TS18047: 'exportPayload' is possibly 'null'.
coming-soon/public/dashboard/js/services/analyzeService.js(488,21): error TS18047: 'exportPayload' is possibly 'null'.
coming-soon/public/dashboard/js/services/analyzeService.js(488,53): error TS18047: 'exportPayload' is possibly 'null'.
coming-soon/public/dashboard/js/services/analyzeService.js(489,14): error TS18047: 'exportPayload' is possibly 'null'.
coming-soon/public/dashboard/js/services/analyzeService.js(490,12): error TS18047: 'exportPayload' is possibly 'null'.
coming-soon/public/dashboard/js/services/analyzeService.js(546,7): error TS18047: 'exportPayload' is possibly 'null'.
coming-soon/public/dashboard/js/services/analyzeService.js(546,46): error TS18047: 'exportPayload' is possibly 'null'.
coming-soon/public/dashboard/js/services/analyzeService.js(549,7): error TS18047: 'exportPayload' is possibly 'null'.
coming-soon/public/dashboard/js/services/analyzeService.js(550,21): error TS18047: 'exportPayload' is possibly 'null'.
coming-soon/public/dashboard/js/services/analyzeService.js(554,16): error TS18047: 'exportPayload' is possibly 'null'.
coming-soon/public/dashboard/js/services/analyzeService.js(555,20): error TS18047: 'exportPayload' is possibly 'null'.
coming-soon/public/dashboard/js/services/analyzeService.js(556,20): error TS18047: 'exportPayload' is possibly 'null'.
coming-soon/public/dashboard/js/services/analyzeService.js(556,49): error TS18047: 'exportPayload' is possibly 'null'.
coming-soon/public/dashboard/js/services/analyzeService.js(557,23): error TS18047: 'exportPayload' is possibly 'null'.
coming-soon/public/dashboard/js/services/analyzeService.js(560,30): error TS18047: 'exportPayload' is possibly 'null'.
coming-soon/public/dashboard/js/services/analyzeService.js(561,32): error TS18047: 'exportPayload' is possibly 'null'.
coming-soon/public/dashboard/js/services/analyzeService.js(693,14): error TS1064: The return type of an async function or method must be the global Promise<T> type. Did you mean to write 'Promise<any>'?
coming-soon/public/dashboard/js/services/analyzeService.js(725,6): error TS2554: Expected 1-2 arguments, but got 3.
coming-soon/public/dashboard/js/services/analyzeService.js(726,36): error TS2345: Argument of type 'Response' is not assignable to parameter of type 'any[]'.
  Type 'Response' is missing the following properties from type 'any[]': length, pop, push, concat, and 29 more.
coming-soon/public/dashboard/js/services/analyzeService.js(729,9): error TS2339: Property 'code' does not exist on type 'Error'.
coming-soon/public/dashboard/js/services/analyzeService.js(730,9): error TS2339: Property 'checkoutUrl' does not exist on type 'Error'.
coming-soon/public/dashboard/js/services/analyzeService.js(745,14): error TS1064: The return type of an async function or method must be the global Promise<T> type. Did you mean to write 'Promise<any>'?
coming-soon/public/dashboard/js/services/analyzeService.js(763,6): error TS2554: Expected 1-2 arguments, but got 3.
coming-soon/public/dashboard/js/services/analyzeService.js(764,36): error TS2345: Argument of type 'Response' is not assignable to parameter of type 'any[]'.
  Type 'Response' is missing the following properties from type 'any[]': length, pop, push, concat, and 29 more.
coming-soon/public/dashboard/js/services/analyzeService.js(767,9): error TS2339: Property 'code' does not exist on type 'Error'.
coming-soon/public/dashboard/js/services/analyzeService.js(768,9): error TS2339: Property 'checkoutUrl' does not exist on type 'Error'.
coming-soon/public/dashboard/js/services/analyzeService.js(797,14): error TS1064: The return type of an async function or method must be the global Promise<T> type. Did you mean to write 'Promise<any>'?
coming-soon/public/dashboard/js/services/analyzeService.js(830,6): error TS2554: Expected 1-2 arguments, but got 3.
coming-soon/public/dashboard/js/services/analyzeService.js(833,38): error TS2345: Argument of type 'Response' is not assignable to parameter of type 'any[]'.
  Type 'Response' is missing the following properties from type 'any[]': length, pop, push, concat, and 29 more.
coming-soon/public/dashboard/js/services/analyzeService.js(835,9): error TS2339: Property 'code' does not exist on type 'Error'.
coming-soon/public/dashboard/js/services/analyzeService.js(836,9): error TS2339: Property 'checkoutUrl' does not exist on type 'Error'.
coming-soon/public/dashboard/js/services/analyzeService.js(840,38): error TS2345: Argument of type 'Response' is not assignable to parameter of type 'any[]'.
  Type 'Response' is missing the following properties from type 'any[]': length, pop, push, concat, and 29 more.
coming-soon/public/dashboard/js/services/analyzeService.js(842,9): error TS2339: Property 'code' does not exist on type 'Error'.
coming-soon/public/dashboard/js/services/analyzeService.js(843,9): error TS2339: Property 'warnings' does not exist on type 'Error'.
coming-soon/public/dashboard/js/services/analyzeService.js(847,38): error TS2345: Argument of type 'Response' is not assignable to parameter of type 'any[]'.
  Type 'Response' is missing the following properties from type 'any[]': length, pop, push, concat, and 29 more.
coming-soon/public/dashboard/js/services/analyzeService.js(871,14): error TS2584: Cannot find name 'document'. Do you need to change your target library? Try changing the 'lib' compiler option to include 'dom'.
coming-soon/public/dashboard/js/services/analyzeService.js(871,43): error TS2584: Cannot find name 'document'. Do you need to change your target library? Try changing the 'lib' compiler option to include 'dom'.
coming-soon/public/dashboard/js/services/analyzeService.js(877,16): error TS2584: Cannot find name 'document'. Do you need to change your target library? Try changing the 'lib' compiler option to include 'dom'.
coming-soon/public/dashboard/js/services/analyzeService.js(881,3): error TS2584: Cannot find name 'document'. Do you need to change your target library? Try changing the 'lib' compiler option to include 'dom'.
coming-soon/public/dashboard/js/services/analyzeService.js(894,14): error TS1064: The return type of an async function or method must be the global Promise<T> type. Did you mean to write 'Promise<any>'?
coming-soon/public/dashboard/js/services/analyzeService.js(896,54): error TS2322: Type 'number' is not assignable to type 'any[]'.
coming-soon/public/dashboard/js/services/analyzeService.js(906,38): error TS2345: Argument of type 'Response' is not assignable to parameter of type 'any[]'.
  Type 'Response' is missing the following properties from type 'any[]': length, pop, push, concat, and 29 more.
coming-soon/public/dashboard/js/services/analyzeService.js(919,14): error TS1064: The return type of an async function or method must be the global Promise<T> type. Did you mean to write 'Promise<any>'?
coming-soon/public/dashboard/js/services/analyzeService.js(921,54): error TS2322: Type 'number' is not assignable to type 'any[]'.
coming-soon/public/dashboard/js/services/analyzeService.js(932,38): error TS2345: Argument of type 'Response' is not assignable to parameter of type 'any[]'.
  Type 'Response' is missing the following properties from type 'any[]': length, pop, push, concat, and 29 more.
coming-soon/public/dashboard/js/services/analyzeService.js(955,32): error TS2339: Property 'open' does not exist on type 'typeof window'.
coming-soon/public/dashboard/js/services/analyzeService.js(971,14): error TS1064: The return type of an async function or method must be the global Promise<T> type. Did you mean to write 'Promise<any>'?
coming-soon/public/dashboard/js/services/analyzeService.js(1014,14): error TS1064: The return type of an async function or method must be the global Promise<T> type. Did you mean to write 'Promise<any>'?
coming-soon/public/dashboard/js/services/analyzeService.js(1112,14): error TS1064: The return type of an async function or method must be the global Promise<T> type. Did you mean to write 'Promise<any>'?
coming-soon/public/dashboard/js/services/analyzeService.js(1133,14): error TS1064: The return type of an async function or method must be the global Promise<T> type. Did you mean to write 'Promise<any>'?
coming-soon/public/dashboard/js/services/analyzeService.js(1177,14): error TS1064: The return type of an async function or method must be the global Promise<T> type. Did you mean to write 'Promise<any>'?
coming-soon/public/dashboard/js/services/analyzeService.js(1261,5): error TS2698: Spread types may only be created from object types.
coming-soon/public/dashboard/js/services/analyzeService.js(1262,26): error TS18047: 'report' is possibly 'null'.
coming-soon/public/dashboard/js/services/analyzeService.js(1263,9): error TS18047: 'report' is possibly 'null'.
coming-soon/public/dashboard/js/services/analyzeService.js(1265,27): error TS18047: 'report' is possibly 'null'.
coming-soon/public/dashboard/js/services/analyzeService.js(1266,29): error TS18047: 'report' is possibly 'null'.
coming-soon/public/dashboard/js/services/analyzeService.js(1267,20): error TS18047: 'report' is possibly 'null'.
coming-soon/public/dashboard/js/services/analyzeService.js(1267,51): error TS18047: 'report' is possibly 'null'.
coming-soon/public/dashboard/js/services/analyzeService.js(1289,14): error TS1064: The return type of an async function or method must be the global Promise<T> type. Did you mean to write 'Promise<any>'?
coming-soon/public/dashboard/js/services/analyzeService.js(1303,8): error TS2554: Expected 1-2 arguments, but got 3.
coming-soon/public/dashboard/js/services/analyzeService.js(1309,36): error TS2345: Argument of type 'Response' is not assignable to parameter of type 'any[]'.
  Type 'Response' is missing the following properties from type 'any[]': length, pop, push, concat, and 29 more.
coming-soon/public/dashboard/js/services/analyzeService.js(1348,26): error TS2339: Property 'severityBand' does not exist on type 'boolean'.
coming-soon/public/dashboard/js/services/analyzeService.js(1348,48): error TS2339: Property 'severity' does not exist on type 'boolean'.
coming-soon/public/dashboard/js/services/analyzeService.js(1382,25): error TS2339: Property 'type' does not exist on type 'number'.
coming-soon/public/dashboard/js/services/analyzeService.js(1383,31): error TS2339: Property 'rawIssues' does not exist on type 'number'.
coming-soon/public/dashboard/js/services/analyzeService.js(1383,58): error TS2339: Property 'rawIssues' does not exist on type 'number'.
coming-soon/public/dashboard/js/services/analyzeService.js(1383,78): error TS2339: Property 'detectedIssues' does not exist on type 'number'.
coming-soon/public/dashboard/js/services/analyzeService.js(1385,29): error TS2339: Property 'gate' does not exist on type 'number'.
coming-soon/public/dashboard/js/services/analyzeService.js(1385,44): error TS2339: Property 'scanScope' does not exist on type 'number'.
coming-soon/public/dashboard/js/services/analyzeService.js(1392,28): error TS2339: Property 'repositoryFilesTotal' does not exist on type 'number'.
coming-soon/public/dashboard/js/services/analyzeService.js(1392,59): error TS2339: Property 'repositoryInventory' does not exist on type 'number'.
coming-soon/public/dashboard/js/services/analyzeService.js(1393,58): error TS2339: Property 'mockSampleFiles' does not exist on type 'number'.
coming-soon/public/dashboard/js/services/analyzeService.js(1393,84): error TS2339: Property 'totalFiles' does not exist on type 'number'.
coming-soon/public/dashboard/js/services/analyzeService.js(1396,5): error TS2698: Spread types may only be created from object types.
coming-soon/public/dashboard/js/services/analyzeService.js(1407,18): error TS2339: Property 'scanScope' does not exist on type 'number'.
coming-soon/public/dashboard/js/services/analyzeService.js(1412,19): error TS2339: Property 'scanScope' does not exist on type 'number'.
coming-soon/public/dashboard/js/services/analyzeService.js(1415,27): error TS2339: Property 'scanScope' does not exist on type 'number'.
coming-soon/public/dashboard/js/services/analyzeService.js(1482,14): error TS1064: The return type of an async function or method must be the global Promise<T> type. Did you mean to write 'Promise<any>'?
coming-soon/public/dashboard/js/services/analyzeService.js(1486,18): error TS2698: Spread types may only be created from object types.
coming-soon/public/dashboard/js/services/analyzeService.js(1518,16): error TS2339: Property 'generatedAt' does not exist on type 'number'.
coming-soon/public/dashboard/js/services/analyzeService.js(1520,35): error TS2339: Property 'repositoryInventory' does not exist on type 'number'.
coming-soon/public/dashboard/js/services/analyzeService.js(1521,14): error TS2339: Property 'repositoryInventory' does not exist on type 'number'.
coming-soon/public/dashboard/js/services/analyzeService.js(1524,16): error TS2339: Property 'scanTargetRoot' does not exist on type 'number'.
coming-soon/public/dashboard/js/services/analyzeService.js(1525,16): error TS2339: Property 'platformRoot' does not exist on type 'number'.
coming-soon/public/dashboard/js/services/analyzeService.js(1526,16): error TS2339: Property 'projectRoot' does not exist on type 'number'.
coming-soon/public/dashboard/js/services/analyzeService.js(1530,13): error TS2339: Property 'generatedAt' does not exist on type 'number'.
coming-soon/public/dashboard/js/services/analyzeService.js(1554,34): error TS2339: Property 'repositoryFilesTotal' does not exist on type 'number'.
coming-soon/public/dashboard/js/services/analyzeService.js(1556,34): error TS2339: Property 'repositoryFoldersTotal' does not exist on type 'number'.
coming-soon/public/dashboard/js/services/analyzeService.js(1558,16): error TS2339: Property 'ruleScopedFilesAnalyzed' does not exist on type 'number'.
coming-soon/public/dashboard/js/services/analyzeService.js(1558,51): error TS2339: Property 'scanScope' does not exist on type 'number'.
coming-soon/public/dashboard/js/services/analyzeService.js(1560,48): error TS2339: Property 'generatedAt' does not exist on type 'number'.
coming-soon/public/dashboard/js/services/analyzeService.js(1574,44): error TS2339: Property 'generatedAt' does not exist on type 'number'.
coming-soon/public/dashboard/js/services/analyzeService.js(1578,39): error TS2339: Property 'generatedAt' does not exist on type 'number'.
coming-soon/public/dashboard/js/services/analyzeService.js(1665,16): error TS2339: Property 'platformRoot' does not exist on type 'number'.
coming-soon/public/dashboard/js/services/analyzeService.js(1665,41): error TS2339: Property 'projectRoot' does not exist on type 'number'.
coming-soon/public/dashboard/js/services/analyzeService.js(1666,35): error TS2339: Property 'platformRoot' does not exist on type 'number'.
coming-soon/public/dashboard/js/services/analyzeService.js(1666,81): error TS2339: Property 'projectRoot' does not exist on type 'number'.
coming-soon/public/dashboard/js/services/analyzeService.js(1669,28): error TS2339: Property 'repositoryFilesTotal' does not exist on type 'number'.
coming-soon/public/dashboard/js/services/analyzeService.js(1669,59): error TS2339: Property 'repositoryInventory' does not exist on type 'number'.
coming-soon/public/dashboard/js/services/analyzeService.js(1670,30): error TS2339: Property 'fictionJsonFilesScanned' does not exist on type 'number'.
coming-soon/public/dashboard/js/services/analyzeService.js(1670,64): error TS2339: Property 'scanScope' does not exist on type 'number'.
coming-soon/public/dashboard/js/services/analyzeService.js(1726,14): error TS2339: Property 'reportVersion' does not exist on type 'number'.
coming-soon/public/dashboard/js/services/analyzeService.js(1726,46): error TS2339: Property 'reportVersion' does not exist on type 'number'.
coming-soon/public/dashboard/js/services/analyzeService.js(1727,31): error TS2339: Property 'projectRoot' does not exist on type 'number'.
coming-soon/public/dashboard/js/services/analyzeService.js(1728,56): error TS2339: Property 'projectRoot' does not exist on type 'number'.
coming-soon/public/dashboard/js/services/analyzeService.js(1729,32): error TS2339: Property 'repositoryInventory' does not exist on type 'number'.
coming-soon/public/dashboard/js/services/analyzeService.js(1731,33): error TS2339: Property 'scanTargetRoot' does not exist on type 'number'.
coming-soon/public/dashboard/js/services/analyzeService.js(1731,58): error TS2339: Property 'platformRoot' does not exist on type 'number'.
coming-soon/public/dashboard/js/services/analyzeService.js(1744,16): error TS2339: Property 'repositoryInventory' does not exist on type 'number'.
coming-soon/public/dashboard/js/services/analyzeService.js(1757,7): error TS18047: 'report' is possibly 'null'.
coming-soon/public/dashboard/js/services/analyzeService.js(1758,29): error TS18047: 'report' is possibly 'null'.
coming-soon/public/dashboard/js/services/analyzeService.js(1759,10): error TS18047: 'report' is possibly 'null'.
coming-soon/public/dashboard/js/services/analyzeService.js(1761,23): error TS18047: 'report' is possibly 'null'.
coming-soon/public/dashboard/js/services/analyzeService.js(1762,10): error TS18047: 'report' is possibly 'null'.
coming-soon/public/dashboard/js/services/analyzeService.js(1763,10): error TS18047: 'report' is possibly 'null'.
coming-soon/public/dashboard/js/services/analyzeService.js(1768,26): error TS18047: 'report' is possibly 'null'.
coming-soon/public/dashboard/js/services/analyzeService.js(1772,26): error TS18047: 'report' is possibly 'null'.
coming-soon/public/dashboard/js/services/analyzeService.js(1773,12): error TS18047: 'report' is possibly 'null'.
coming-soon/public/dashboard/js/services/analyzeService.js(1775,23): error TS18047: 'report' is possibly 'null'.
coming-soon/public/dashboard/js/services/analyzeService.js(1779,27): error TS18047: 'report' is possibly 'null'.
coming-soon/public/dashboard/js/services/analyzeService.js(1780,35): error TS18047: 'report' is possibly 'null'.
coming-soon/public/dashboard/js/services/analyzeService.js(1780,69): error TS18047: 'report' is possibly 'null'.
coming-soon/public/dashboard/js/services/analyzeService.js(1781,27): error TS18047: 'report' is possibly 'null'.
coming-soon/public/dashboard/js/services/analyzeService.js(1788,30): error TS18047: 'report' is possibly 'null'.
coming-soon/public/dashboard/js/services/analyzeService.js(1788,64): error TS18047: 'report' is possibly 'null'.
coming-soon/public/dashboard/js/services/analyzeService.js(1789,24): error TS18047: 'report' is possibly 'null'.
coming-soon/public/dashboard/js/services/analyzeService.js(1790,28): error TS18047: 'report' is possibly 'null'.
coming-soon/public/dashboard/js/services/analyzeService.js(1792,24): error TS18047: 'report' is possibly 'null'.
coming-soon/public/dashboard/js/services/analyzeService.js(1793,47): error TS18047: 'report' is possibly 'null'.
coming-soon/public/dashboard/js/services/analyzeService.js(1804,17): error TS2339: Property 'consistencyScore' does not exist on type 'number'.
coming-soon/public/dashboard/js/services/analyzeService.js(1804,44): error TS2339: Property 'schemaCompliance' does not exist on type 'number'.
coming-soon/public/dashboard/js/services/analyzeService.js(1804,71): error TS2339: Property 'qualityScore' does not exist on type 'number'.
coming-soon/public/dashboard/js/services/analyzeService.js(1837,31): error TS2339: Property 'jestSummary' does not exist on type 'number'.
coming-soon/public/dashboard/js/services/analyzeService.js(1846,15): error TS2339: Property 'jestBaselineChecked' does not exist on type 'number'.
coming-soon/public/dashboard/js/services/analyzeService.js(1859,15): error TS2339: Property 'pageSampleSchemaChecked' does not exist on type 'number'.
coming-soon/public/dashboard/js/services/analyzeService.js(1860,22): error TS2339: Property 'pageSampleSchemaPassed' does not exist on type 'number'.
coming-soon/public/dashboard/js/services/analyzeService.js(1860,60): error TS2339: Property 'pageSampleSchemaChecked' does not exist on type 'number'.
coming-soon/public/dashboard/js/services/analyzeService.js(1885,21): error TS2554: Expected 3 arguments, but got 2.
coming-soon/public/dashboard/js/services/analyzeService.js(1970,15): error TS2339: Property 'totalSizeLabel' does not exist on type 'number'.
coming-soon/public/dashboard/js/services/analyzeService.js(1971,23): error TS2339: Property 'totalSizeLabel' does not exist on type 'number'.
coming-soon/public/dashboard/js/services/analyzeService.js(1994,25): error TS2339: Property 'scanScope' does not exist on type 'number'.
coming-soon/public/dashboard/js/services/analyzeService.js(2010,84): error TS2339: Property 'mockSampleFiles' does not exist on type 'number'.
coming-soon/public/dashboard/js/services/analyzeService.js(2011,66): error TS2339: Property 'pageSampleSchemaChecked' does not exist on type 'number'.
coming-soon/public/dashboard/js/services/analyzeService.js(2012,78): error TS2339: Property 'productionLeakScanned' does not exist on type 'number'.
coming-soon/public/dashboard/js/services/analyzeService.js(2103,18): error TS2339: Property 'rawIssues' does not exist on type 'number'.
coming-soon/public/dashboard/js/services/analyzeService.js(2103,39): error TS2339: Property 'detectedIssues' does not exist on type 'number'.
coming-soon/public/dashboard/js/services/analyzeService.js(2176,30): error TS2339: Property 'repositoryFilesTotal' does not exist on type 'number'.
coming-soon/public/dashboard/js/services/analyzeService.js(2176,61): error TS2339: Property 'scanScope' does not exist on type 'number'.
coming-soon/public/dashboard/js/services/analyzeService.js(2177,31): error TS2339: Property 'ruleScopedFilesAnalyzed' does not exist on type 'number'.
coming-soon/public/dashboard/js/services/analyzeService.js(2177,65): error TS2339: Property 'scanScope' does not exist on type 'number'.
coming-soon/public/dashboard/js/services/analyzeService.js(2178,32): error TS2339: Property 'fictionJsonFilesScanned' does not exist on type 'number'.
coming-soon/public/dashboard/js/services/analyzeService.js(2178,66): error TS2339: Property 'scanScope' does not exist on type 'number'.
coming-soon/public/dashboard/js/services/analyzeService.js(2217,34): error TS2339: Property 'fictionJsonFilesScanned' does not exist on type 'number'.
coming-soon/public/dashboard/js/services/analyzeService.js(2217,68): error TS2339: Property 'scanScope' does not exist on type 'number'.
coming-soon/public/dashboard/js/services/analyzeService.js(2218,36): error TS2339: Property 'fictionSampleFilesScanned' does not exist on type 'number'.
coming-soon/public/dashboard/js/services/analyzeService.js(2218,72): error TS2339: Property 'mockSampleFiles' does not exist on type 'number'.
coming-soon/public/dashboard/js/services/analyzeService.js(2232,28): error TS2339: Property 'repositoryFilesTotal' does not exist on type 'number'.
coming-soon/public/dashboard/js/services/analyzeService.js(2232,59): error TS2339: Property 'repositoryInventory' does not exist on type 'number'.
coming-soon/public/dashboard/js/services/analyzeService.js(2233,29): error TS2339: Property 'ruleScopedFilesAnalyzed' does not exist on type 'number'.
coming-soon/public/dashboard/js/services/analyzeService.js(2234,30): error TS2339: Property 'fictionJsonFilesScanned' does not exist on type 'number'.
coming-soon/public/dashboard/js/services/analyzeService.js(2234,64): error TS2339: Property 'scanScope' does not exist on type 'number'.
coming-soon/public/dashboard/js/services/analyzeService.js(2235,27): error TS2339: Property 'jestBaselineChecked' does not exist on type 'number'.
coming-soon/public/dashboard/js/services/analyzeService.js(2235,67): error TS2339: Property 'scanScope' does not exist on type 'number'.
coming-soon/public/dashboard/js/services/analyzeService.js(2240,29): error TS2339: Property 'gate' does not exist on type 'number'.
coming-soon/public/dashboard/js/services/analyzeService.js(2242,60): error TS2339: Property 'gate' does not exist on type 'number'.
coming-soon/public/dashboard/js/services/analyzeService.js(2244,16): error TS2339: Property 'gate' does not exist on type 'number'.
coming-soon/public/dashboard/js/services/analyzeService.js(2250,33): error TS2339: Property 'scanScope' does not exist on type 'number'.
coming-soon/public/dashboard/js/services/analyzeService.js(2256,24): error TS2339: Property 'scanScope' does not exist on type 'number'.
coming-soon/public/dashboard/js/services/analyzeService.js(2261,27): error TS2339: Property 'gate' does not exist on type 'number'.
coming-soon/public/dashboard/js/services/analyzeService.js(2263,14): error TS2339: Property 'gate' does not exist on type 'number'.
coming-soon/public/dashboard/js/services/analyzeService.js(2283,53): error TS2339: Property 'projectRoot' does not exist on type 'number'.
coming-soon/public/dashboard/js/services/analyzeService.js(2284,57): error TS2554: Expected 1 arguments, but got 2.
coming-soon/public/dashboard/js/services/analyzeService.js(2298,6): error TS2554: Expected 1 arguments, but got 2.
coming-soon/public/dashboard/js/services/analyzeService.js(2327,14): error TS1064: The return type of an async function or method must be the global Promise<T> type. Did you mean to write 'Promise<any>'?
coming-soon/public/dashboard/js/services/analyzeService.js(2332,23): error TS2339: Property 'text' does not exist on type 'string'.
coming-soon/public/dashboard/js/services/analyzeService.js(2346,14): error TS1064: The return type of an async function or method must be the global Promise<T> type. Did you mean to write 'Promise<any>'?
coming-soon/public/dashboard/js/services/analyzeService.js(2350,43): error TS2339: Property 'name' does not exist on type 'string'.
coming-soon/public/dashboard/js/services/analyzeService.js(2350,71): error TS2339: Property 'type' does not exist on type 'string'.
coming-soon/public/dashboard/js/services/analyzeService.js(2356,45): error TS2339: Property 'name' does not exist on type 'string'.
coming-soon/public/dashboard/js/services/analyzeService.js(2369,14): error TS1064: The return type of an async function or method must be the global Promise<T> type. Did you mean to write 'Promise<any>'?
coming-soon/public/dashboard/js/services/analyzeService.js(2384,6): error TS2554: Expected 1-2 arguments, but got 3.
coming-soon/public/dashboard/js/services/analyzeService.js(2385,49): error TS2345: Argument of type 'Response' is not assignable to parameter of type 'any[]'.
  Type 'Response' is missing the following properties from type 'any[]': length, pop, push, concat, and 29 more.
coming-soon/public/dashboard/js/services/analyzeService.js(2396,14): error TS1064: The return type of an async function or method must be the global Promise<T> type. Did you mean to write 'Promise<any>'?
coming-soon/public/dashboard/js/services/analyzeService.js(2413,14): error TS1064: The return type of an async function or method must be the global Promise<T> type. Did you mean to write 'Promise<any>'?
coming-soon/public/dashboard/js/services/analyzeService.js(2430,14): error TS1064: The return type of an async function or method must be the global Promise<T> type. Did you mean to write 'Promise<any>'?
coming-soon/public/dashboard/js/services/analyzeService.js(2453,14): error TS1064: The return type of an async function or method must be the global Promise<T> type. Did you mean to write 'Promise<any>'?
coming-soon/public/dashboard/js/services/analyzeService.js(2470,14): error TS1064: The return type of an async function or method must be the global Promise<T> type. Did you mean to write 'Promise<any>'?
coming-soon/public/dashboard/js/services/analyzeService.js(2495,39): error TS2339: Property 'generatedAt' does not exist on type 'number'.
coming-soon/public/dashboard/js/services/analyzeService.js(2522,12): error TS2304: Cannot find name 'FileList'.
coming-soon/public/dashboard/js/services/analyzeService.js(2528,56): error TS2741: Property 'analysisType' is missing in type '{}' but required in type '{ analysisType: string; timeoutMs?: number; }'.
coming-soon/public/dashboard/js/services/analyzeService.js(2547,6): error TS2345: Argument of type 'number' is not assignable to parameter of type 'any[]'.
coming-soon/public/dashboard/js/services/assessmentService.js(60,11): error TS2339: Property 'status' does not exist on type 'Error'.
coming-soon/public/dashboard/js/services/authService.js(22,13): error TS2584: Cannot find name 'document'. Do you need to change your target library? Try changing the 'lib' compiler option to include 'dom'.
coming-soon/public/dashboard/js/services/authService.js(33,3): error TS2584: Cannot find name 'document'. Do you need to change your target library? Try changing the 'lib' compiler option to include 'dom'.
coming-soon/public/dashboard/js/services/authService.js(41,3): error TS2584: Cannot find name 'document'. Do you need to change your target library? Try changing the 'lib' compiler option to include 'dom'.
coming-soon/public/dashboard/js/services/authService.js(97,14): error TS2339: Property 'addEventListener' does not exist on type 'typeof window'.
coming-soon/public/dashboard/js/services/authService.js(107,14): error TS2339: Property 'dispatchEvent' does not exist on type 'typeof window'.
coming-soon/public/dashboard/js/services/authService.js(167,49): error TS2339: Property 'parent' does not exist on type 'typeof window'.
coming-soon/public/dashboard/js/services/authService.js(170,14): error TS2339: Property 'parent' does not exist on type 'typeof window'.
coming-soon/public/dashboard/js/services/authService.js(187,49): error TS2339: Property 'parent' does not exist on type 'typeof window'.
coming-soon/public/dashboard/js/services/authService.js(188,14): error TS2339: Property 'parent' does not exist on type 'typeof window'.
coming-soon/public/dashboard/js/services/authService.js(247,40): error TS2339: Property 'authRequired' does not exist on type 'object'.
coming-soon/public/dashboard/js/services/authService.js(349,50): error TS2339: Property 'location' does not exist on type 'typeof window'.
coming-soon/public/dashboard/js/services/authService.js(349,94): error TS2339: Property 'location' does not exist on type 'typeof window'.
coming-soon/public/dashboard/js/services/authService.js(502,27): error TS2339: Property 'password' does not exist on type '{}'.
coming-soon/public/dashboard/js/services/billingService.js(148,9): error TS2339: Property 'code' does not exist on type 'Error'.
coming-soon/public/dashboard/js/services/billingService.js(159,9): error TS2339: Property 'code' does not exist on type 'Error'.
coming-soon/public/dashboard/js/services/extendedAnalyzers.mjs(8,5): error TS2339: Property 'clampScore' does not exist on type 'any[]'.
coming-soon/public/dashboard/js/services/extendedAnalyzers.mjs(9,5): error TS2339: Property 'finalizeRiskAssessment' does not exist on type 'any[]'.
coming-soon/public/dashboard/js/services/extendedAnalyzers.mjs(10,5): error TS2339: Property 'buildHigherBetterResult' does not exist on type 'any[]'.
coming-soon/public/dashboard/js/services/extendedAnalyzers.mjs(11,5): error TS2339: Property 'buildLowerBetterResult' does not exist on type 'any[]'.
coming-soon/public/dashboard/js/services/extendedAnalyzers.mjs(12,5): error TS2339: Property 'buildInsufficientResult' does not exist on type 'any[]'.
coming-soon/public/dashboard/js/services/extendedAnalyzers.mjs(13,5): error TS2339: Property 'collectSocietalImpactText' does not exist on type 'any[]'.
coming-soon/public/dashboard/js/services/extendedAnalyzers.mjs(14,5): error TS2339: Property 'collectMarketShares' does not exist on type 'any[]'.
coming-soon/public/dashboard/js/services/extendedAnalyzers.mjs(15,5): error TS2339: Property 'computeHhi' does not exist on type 'any[]'.
coming-soon/public/dashboard/js/services/extendedAnalyzers.mjs(16,5): error TS2339: Property 'MARKET_LOCKIN_MARKERS' does not exist on type 'any[]'.
coming-soon/public/dashboard/js/services/extendedAnalyzers.mjs(17,5): error TS2339: Property 'isScanReportContext' does not exist on type 'any[]'.
coming-soon/public/dashboard/js/services/fingerprintService.js(240,9): error TS2353: Object literal may only specify known properties, and 'id' does not exist in type '{ name: string; confidence: number; profile: string; totalFiles: number; metadata: any; }'.
coming-soon/public/dashboard/js/services/fingerprintService.js(255,5): error TS2353: Object literal may only specify known properties, and 'id' does not exist in type '{ name: string; confidence: number; profile: string; totalFiles: number; metadata: any; }'.
coming-soon/public/dashboard/js/services/fingerprintService.js(268,12): error TS2304: Cannot find name 'FileSystemDirectoryHandle'.
coming-soon/public/dashboard/js/services/fingerprintService.js(268,38): error TS2304: Cannot find name 'FileSystemDirectoryEntry'.
coming-soon/public/dashboard/js/services/localAgentService.js(72,40): error TS2339: Property 'success' does not exist on type 'unknown'.
coming-soon/public/dashboard/js/services/localAgentService.js(73,40): error TS2339: Property 'scannerAvailable' does not exist on type 'unknown'.
coming-soon/public/dashboard/js/services/localAgentService.js(74,32): error TS2339: Property 'scannerLoadError' does not exist on type 'unknown'.
coming-soon/public/dashboard/js/services/localAgentService.js(75,23): error TS2339: Property 'version' does not exist on type 'unknown'.
coming-soon/public/dashboard/js/services/localAgentService.js(102,14): error TS2339: Property 'location' does not exist on type 'typeof window'.
coming-soon/public/dashboard/js/services/localAgentService.js(114,17): error TS2339: Property 'location' does not exist on type 'typeof window'.
coming-soon/public/dashboard/js/services/localAgentService.js(136,31): error TS2339: Property 'success' does not exist on type 'unknown'.
coming-soon/public/dashboard/js/services/localAgentService.js(137,28): error TS2339: Property 'error' does not exist on type 'unknown'.
coming-soon/public/dashboard/js/services/localAgentService.js(139,17): error TS2339: Property 'inventory' does not exist on type 'unknown'.
coming-soon/public/dashboard/js/services/localAgentService.js(165,31): error TS2339: Property 'success' does not exist on type 'unknown'.
coming-soon/public/dashboard/js/services/localAgentService.js(166,28): error TS2339: Property 'error' does not exist on type 'unknown'.
coming-soon/public/dashboard/js/services/localAgentService.js(168,17): error TS2339: Property 'report' does not exist on type 'unknown'.
coming-soon/public/dashboard/js/services/localAgentService.js(210,48): error TS2339: Property 'navigator' does not exist on type 'typeof window'.
coming-soon/public/dashboard/js/services/localAgentService.js(211,21): error TS2339: Property 'navigator' does not exist on type 'typeof window'.
coming-soon/public/dashboard/js/services/localScanService.js(3,74): error TS1343: The 'import.meta' meta-property is only allowed when the '--module' option is 'es2020', 'es2022', 'esnext', 'system', 'node16', 'node18', 'node20', or 'nodenext'.
coming-soon/public/dashboard/js/services/localScanService.js(10,12): error TS2304: Cannot find name 'FileSystemDirectoryHandle'.
coming-soon/public/dashboard/js/services/localScanService.js(12,39): error TS2304: Cannot find name 'FileSystemFileHandle'.
coming-soon/public/dashboard/js/services/localScanService.js(13,49): error TS2304: Cannot find name 'FileSystemFileHandle'.
coming-soon/public/dashboard/js/services/localScanService.js(92,15): error TS2339: Property 'showDirectoryPicker' does not exist on type 'typeof window'.
coming-soon/public/dashboard/js/services/localScanService.js(95,34): error TS2339: Property 'showDirectoryPicker' does not exist on type 'typeof window'.
coming-soon/public/dashboard/js/services/localScanService.js(104,24): error TS2304: Cannot find name 'Worker'.
coming-soon/public/dashboard/js/services/operatorService.js(27,14): error TS1064: The return type of an async function or method must be the global Promise<T> type. Did you mean to write 'Promise<any>'?
coming-soon/public/dashboard/js/services/operatorService.js(47,14): error TS1064: The return type of an async function or method must be the global Promise<T> type. Did you mean to write 'Promise<any>'?
coming-soon/public/dashboard/js/services/operatorService.js(55,14): error TS1064: The return type of an async function or method must be the global Promise<T> type. Did you mean to write 'Promise<any>'?
coming-soon/public/dashboard/js/services/operatorService.js(64,14): error TS1064: The return type of an async function or method must be the global Promise<T> type. Did you mean to write 'Promise<any>'?
coming-soon/public/dashboard/js/services/operatorService.js(76,14): error TS1064: The return type of an async function or method must be the global Promise<T> type. Did you mean to write 'Promise<any>'?
coming-soon/public/dashboard/js/services/operatorService.js(85,14): error TS1064: The return type of an async function or method must be the global Promise<T> type. Did you mean to write 'Promise<any>'?
coming-soon/public/dashboard/js/services/pathHealthService.js(8,14): error TS1064: The return type of an async function or method must be the global Promise<T> type. Did you mean to write 'Promise<any>'?
coming-soon/public/dashboard/js/services/pathHealthService.js(23,14): error TS2339: Property 'status' does not exist on type 'unknown'.
coming-soon/public/dashboard/js/services/pathHealthService.js(24,28): error TS2339: Property 'message' does not exist on type 'unknown'.
coming-soon/public/dashboard/js/services/pathHealthService.js(40,14): error TS1064: The return type of an async function or method must be the global Promise<T> type. Did you mean to write 'Promise<any>'?
coming-soon/public/dashboard/js/services/pathHealthService.js(49,14): error TS1064: The return type of an async function or method must be the global Promise<T> type. Did you mean to write 'Promise<any>'?
coming-soon/public/dashboard/js/services/pathHealthService.js(58,14): error TS1064: The return type of an async function or method must be the global Promise<T> type. Did you mean to write 'Promise<any>'?
coming-soon/public/dashboard/js/services/platformService.js(39,14): error TS1064: The return type of an async function or method must be the global Promise<T> type. Did you mean to write 'Promise<any>'?
coming-soon/public/dashboard/js/services/platformService.js(41,31): error TS2322: Type 'number' is not assignable to type 'any[]'.
coming-soon/public/dashboard/js/services/platformService.js(44,91): error TS2554: Expected 1-2 arguments, but got 3.
coming-soon/public/dashboard/js/services/platformService.js(121,79): error TS2345: Argument of type 'number' is not assignable to parameter of type 'any[]'.
coming-soon/public/dashboard/js/services/scanService.js(6,44): error TS2307: Cannot find module '../utils/dashboard-export.browser.js?v=20260616demodashboard1' or its corresponding type declarations.
coming-soon/public/dashboard/js/services/scanService.js(33,14): error TS1064: The return type of an async function or method must be the global Promise<T> type. Did you mean to write 'Promise<any>'?
coming-soon/public/dashboard/js/services/scanService.js(39,92): error TS2554: Expected 1-2 arguments, but got 3.
coming-soon/public/dashboard/js/services/scanService.js(51,11): error TS2339: Property 'code' does not exist on type 'Error'.
coming-soon/public/dashboard/js/services/scanService.js(56,11): error TS2339: Property 'code' does not exist on type 'Error'.
coming-soon/public/dashboard/js/services/scanService.js(60,9): error TS2339: Property 'code' does not exist on type 'Error'.
coming-soon/public/dashboard/js/services/scanService.js(61,9): error TS2339: Property 'details' does not exist on type 'Error'.
coming-soon/public/dashboard/js/services/scanService.js(66,9): error TS2339: Property 'code' does not exist on type 'Error'.
coming-soon/public/dashboard/js/services/scanService.js(276,9): error TS2554: Expected 1-2 arguments, but got 3.
coming-soon/public/dashboard/js/services/scanService.js(292,11): error TS2339: Property 'code' does not exist on type 'Error'.
coming-soon/public/dashboard/js/services/scanService.js(382,127): error TS2554: Expected 2 arguments, but got 3.
coming-soon/public/dashboard/js/services/securityService.js(11,52): error TS2339: Property 'type' does not exist on type 'boolean'.
coming-soon/public/dashboard/js/services/securityService.js(21,26): error TS2339: Property 'filePath' does not exist on type 'boolean'.
coming-soon/public/dashboard/js/services/securityService.js(22,14): error TS2339: Property 'filePaths' does not exist on type 'boolean'.
coming-soon/public/dashboard/js/services/securityService.js(23,14): error TS2339: Property 'metadata' does not exist on type 'boolean'.
coming-soon/public/dashboard/js/services/securityService.js(24,14): error TS2339: Property 'affectedFiles' does not exist on type 'boolean'.
coming-soon/public/dashboard/js/services/securityService.js(28,15): error TS2339: Property 'id' does not exist on type 'boolean'.
coming-soon/public/dashboard/js/services/securityService.js(28,30): error TS2339: Property 'severity' does not exist on type 'boolean'.
coming-soon/public/dashboard/js/services/securityService.js(28,48): error TS2339: Property 'type' does not exist on type 'boolean'.
coming-soon/public/dashboard/js/services/securityService.js(29,21): error TS2339: Property 'severity' does not exist on type 'boolean'.
coming-soon/public/dashboard/js/services/securityService.js(29,39): error TS2339: Property 'severityBand' does not exist on type 'boolean'.
coming-soon/public/dashboard/js/services/securityService.js(30,17): error TS2339: Property 'type' does not exist on type 'boolean'.
coming-soon/public/dashboard/js/services/securityService.js(32,24): error TS2339: Property 'description' does not exist on type 'boolean'.
coming-soon/public/dashboard/js/services/securityService.js(33,27): error TS2339: Property 'recommendedAction' does not exist on type 'boolean'.
coming-soon/public/dashboard/js/services/securityService.js(33,54): error TS2339: Property 'recommendation' does not exist on type 'boolean'.
coming-soon/public/dashboard/js/services/securityService.js(34,18): error TS2339: Property 'count' does not exist on type 'boolean'.
coming-soon/public/dashboard/js/services/securityService.js(44,23): error TS2339: Property 'rawIssues' does not exist on type 'number'.
coming-soon/public/dashboard/js/services/securityService.js(44,44): error TS2339: Property 'detectedIssues' does not exist on type 'number'.
coming-soon/public/dashboard/js/services/securityService.js(66,38): error TS2339: Property 'credentialFindings' does not exist on type 'number'.
coming-soon/public/dashboard/js/services/securityService.js(68,42): error TS2339: Property 'productionLeakFindings' does not exist on type 'number'.
coming-soon/public/dashboard/js/services/securityService.js(72,32): error TS2339: Property 'credentialScanned' does not exist on type 'number'.
coming-soon/public/dashboard/js/services/securityService.js(74,36): error TS2339: Property 'productionLeakScanned' does not exist on type 'number'.
coming-soon/public/dashboard/js/services/securityService.js(78,23): error TS2339: Property 'gate' does not exist on type 'number'.
coming-soon/public/dashboard/js/services/securityService.js(79,26): error TS2339: Property 'generatedAt' does not exist on type 'number'.
coming-soon/public/dashboard/js/services/securityService.js(108,14): error TS1064: The return type of an async function or method must be the global Promise<T> type. Did you mean to write 'Promise<any>'?
coming-soon/public/dashboard/js/services/securityService.js(118,29): error TS2339: Property 'success' does not exist on type 'unknown'.
coming-soon/public/dashboard/js/services/themeService.js(27,5): error TS2584: Cannot find name 'document'. Do you need to change your target library? Try changing the 'lib' compiler option to include 'dom'.
coming-soon/public/dashboard/js/services/themeService.js(28,17): error TS2584: Cannot find name 'document'. Do you need to change your target library? Try changing the 'lib' compiler option to include 'dom'.
coming-soon/public/dashboard/js/services/themeService.js(35,51): error TS2339: Property 'lucide' does not exist on type 'typeof window'.
coming-soon/public/dashboard/js/services/themeService.js(35,75): error TS2339: Property 'lucide' does not exist on type 'typeof window'.
coming-soon/public/dashboard/js/services/themeService.js(36,16): error TS2339: Property 'lucide' does not exist on type 'typeof window'.
coming-soon/public/dashboard/js/terminal-simulation.js(3,16): error TS2584: Cannot find name 'document'. Do you need to change your target library? Try changing the 'lib' compiler option to include 'dom'.
coming-soon/public/dashboard/js/terminal-simulation.js(4,20): error TS2584: Cannot find name 'document'. Do you need to change your target library? Try changing the 'lib' compiler option to include 'dom'.
coming-soon/public/dashboard/js/terminal-simulation.js(5,20): error TS2584: Cannot find name 'document'. Do you need to change your target library? Try changing the 'lib' compiler option to include 'dom'.
coming-soon/public/dashboard/js/terminal-simulation.js(6,20): error TS2584: Cannot find name 'document'. Do you need to change your target library? Try changing the 'lib' compiler option to include 'dom'.
coming-soon/public/dashboard/js/terminal-simulation.js(13,42): error TS2584: Cannot find name 'document'. Do you need to change your target library? Try changing the 'lib' compiler option to include 'dom'.
coming-soon/public/dashboard/js/terminal-simulation.js(16,17): error TS2584: Cannot find name 'document'. Do you need to change your target library? Try changing the 'lib' compiler option to include 'dom'.
coming-soon/public/dashboard/js/terminal-simulation.js(24,17): error TS2584: Cannot find name 'document'. Do you need to change your target library? Try changing the 'lib' compiler option to include 'dom'.
coming-soon/public/dashboard/js/terminal-simulation.js(32,17): error TS2584: Cannot find name 'document'. Do you need to change your target library? Try changing the 'lib' compiler option to include 'dom'.
coming-soon/public/dashboard/js/terminal-simulation.js(34,18): error TS2584: Cannot find name 'document'. Do you need to change your target library? Try changing the 'lib' compiler option to include 'dom'.
coming-soon/public/dashboard/js/terminal-simulation.js(41,21): error TS2584: Cannot find name 'document'. Do you need to change your target library? Try changing the 'lib' compiler option to include 'dom'.
coming-soon/public/dashboard/js/terminal-simulation.js(50,17): error TS2584: Cannot find name 'document'. Do you need to change your target library? Try changing the 'lib' compiler option to include 'dom'.
coming-soon/public/dashboard/js/terminal-simulation.js(62,17): error TS2584: Cannot find name 'document'. Do you need to change your target library? Try changing the 'lib' compiler option to include 'dom'.
coming-soon/public/dashboard/js/terminal-simulation.js(126,7): error TS2584: Cannot find name 'document'. Do you need to change your target library? Try changing the 'lib' compiler option to include 'dom'.
coming-soon/public/dashboard/js/terminal-simulation.js(215,3): error TS2584: Cannot find name 'document'. Do you need to change your target library? Try changing the 'lib' compiler option to include 'dom'.
coming-soon/public/dashboard/js/terminal-simulation.js(217,7): error TS2584: Cannot find name 'document'. Do you need to change your target library? Try changing the 'lib' compiler option to include 'dom'.
coming-soon/public/dashboard/js/utils-lib/__tests__.mjs(9,16): error TS1378: Top-level 'await' expressions are only allowed when the 'module' option is set to 'es2022', 'esnext', 'system', 'node16', 'node18', 'node20', 'nodenext', or 'preserve', and the 'target' option is set to 'es2017' or higher.
coming-soon/public/dashboard/js/utils-lib/__tests__.mjs(30,16): error TS1378: Top-level 'await' expressions are only allowed when the 'module' option is set to 'es2022', 'esnext', 'system', 'node16', 'node18', 'node20', 'nodenext', or 'preserve', and the 'target' option is set to 'es2017' or higher.
coming-soon/public/dashboard/js/utils-lib/__tests__.mjs(55,16): error TS1378: Top-level 'await' expressions are only allowed when the 'module' option is set to 'es2022', 'esnext', 'system', 'node16', 'node18', 'node20', 'nodenext', or 'preserve', and the 'target' option is set to 'es2017' or higher.
coming-soon/public/dashboard/js/utils-lib/__tests__.mjs(57,1): error TS1378: Top-level 'await' expressions are only allowed when the 'module' option is set to 'es2022', 'esnext', 'system', 'node16', 'node18', 'node20', 'nodenext', or 'preserve', and the 'target' option is set to 'es2017' or higher.
coming-soon/public/dashboard/js/utils-lib/__tests__.mjs(59,20): error TS1378: Top-level 'await' expressions are only allowed when the 'module' option is set to 'es2022', 'esnext', 'system', 'node16', 'node18', 'node20', 'nodenext', or 'preserve', and the 'target' option is set to 'es2017' or higher.
coming-soon/public/dashboard/js/utils-lib/__tests__.mjs(62,21): error TS1378: Top-level 'await' expressions are only allowed when the 'module' option is set to 'es2022', 'esnext', 'system', 'node16', 'node18', 'node20', 'nodenext', or 'preserve', and the 'target' option is set to 'es2017' or higher.
coming-soon/public/dashboard/js/utils-lib/__tests__.mjs(74,1): error TS1378: Top-level 'await' expressions are only allowed when the 'module' option is set to 'es2022', 'esnext', 'system', 'node16', 'node18', 'node20', 'nodenext', or 'preserve', and the 'target' option is set to 'es2017' or higher.
coming-soon/public/dashboard/js/utils-lib/__tests__.mjs(77,33): error TS2339: Property 'calls' does not exist on type '(...args: any[]) => any'.
coming-soon/public/dashboard/js/utils-lib/__tests__.mjs(77,44): error TS2339: Property 'calls' does not exist on type '(...args: any[]) => any'.
coming-soon/public/dashboard/js/utils-lib/__tests__.mjs(77,70): error TS2339: Property 'calls' does not exist on type '(...args: any[]) => any'.
coming-soon/public/dashboard/js/utils-lib/__tests__.mjs(79,22): error TS2339: Property 'calls' does not exist on type '(...args: any[]) => any'.
coming-soon/public/dashboard/js/utils-lib/__tests__.mjs(87,23): error TS1378: Top-level 'await' expressions are only allowed when the 'module' option is set to 'es2022', 'esnext', 'system', 'node16', 'node18', 'node20', 'nodenext', or 'preserve', and the 'target' option is set to 'es2017' or higher.
coming-soon/public/dashboard/js/utils-lib/__tests__.mjs(91,3): error TS1378: Top-level 'await' expressions are only allowed when the 'module' option is set to 'es2022', 'esnext', 'system', 'node16', 'node18', 'node20', 'nodenext', or 'preserve', and the 'target' option is set to 'es2017' or higher.
coming-soon/public/dashboard/js/utils-lib/__tests__.mjs(98,20): error TS1378: Top-level 'await' expressions are only allowed when the 'module' option is set to 'es2022', 'esnext', 'system', 'node16', 'node18', 'node20', 'nodenext', or 'preserve', and the 'target' option is set to 'es2017' or higher.
coming-soon/public/dashboard/js/utils-lib/__tests__.mjs(113,15): error TS1378: Top-level 'await' expressions are only allowed when the 'module' option is set to 'es2022', 'esnext', 'system', 'node16', 'node18', 'node20', 'nodenext', or 'preserve', and the 'target' option is set to 'es2017' or higher.
coming-soon/public/dashboard/js/utils-lib/__tests__.mjs(141,16): error TS1378: Top-level 'await' expressions are only allowed when the 'module' option is set to 'es2022', 'esnext', 'system', 'node16', 'node18', 'node20', 'nodenext', or 'preserve', and the 'target' option is set to 'es2017' or higher.
coming-soon/public/dashboard/js/utils-lib/__tests__.mjs(165,13): error TS1378: Top-level 'await' expressions are only allowed when the 'module' option is set to 'es2022', 'esnext', 'system', 'node16', 'node18', 'node20', 'nodenext', or 'preserve', and the 'target' option is set to 'es2017' or higher.
coming-soon/public/dashboard/js/utils-lib/__tests__.mjs(175,14): error TS1378: Top-level 'await' expressions are only allowed when the 'module' option is set to 'es2022', 'esnext', 'system', 'node16', 'node18', 'node20', 'nodenext', or 'preserve', and the 'target' option is set to 'es2017' or higher.
coming-soon/public/dashboard/js/utils-lib/accessibility.js(10,48): error TS2339: Property 'matchMedia' does not exist on type 'typeof window'.
coming-soon/public/dashboard/js/utils-lib/accessibility.js(11,17): error TS2339: Property 'matchMedia' does not exist on type 'typeof window'.
coming-soon/public/dashboard/js/utils-lib/accessibility.js(19,48): error TS2339: Property 'matchMedia' does not exist on type 'typeof window'.
coming-soon/public/dashboard/js/utils-lib/accessibility.js(20,17): error TS2339: Property 'matchMedia' does not exist on type 'typeof window'.
coming-soon/public/dashboard/js/utils-lib/array.js(243,3): error TS2322: Type '{}' is not assignable to type 'Record<string, T>'.
  Index signature for type 'string' is missing in type '{}'.
coming-soon/public/dashboard/js/utils-lib/clipboard.js(14,55): error TS2339: Property 'clipboard' does not exist on type 'Navigator'.
coming-soon/public/dashboard/js/utils-lib/clipboard.js(15,23): error TS2339: Property 'clipboard' does not exist on type 'Navigator'.
coming-soon/public/dashboard/js/utils-lib/clipboard.js(18,16): error TS2584: Cannot find name 'document'. Do you need to change your target library? Try changing the 'lib' compiler option to include 'dom'.
coming-soon/public/dashboard/js/utils-lib/clipboard.js(18,44): error TS2584: Cannot find name 'document'. Do you need to change your target library? Try changing the 'lib' compiler option to include 'dom'.
coming-soon/public/dashboard/js/utils-lib/clipboard.js(19,18): error TS2584: Cannot find name 'document'. Do you need to change your target library? Try changing the 'lib' compiler option to include 'dom'.
coming-soon/public/dashboard/js/utils-lib/clipboard.js(23,7): error TS2584: Cannot find name 'document'. Do you need to change your target library? Try changing the 'lib' compiler option to include 'dom'.
coming-soon/public/dashboard/js/utils-lib/clipboard.js(25,18): error TS2584: Cannot find name 'document'. Do you need to change your target library? Try changing the 'lib' compiler option to include 'dom'.
coming-soon/public/dashboard/js/utils-lib/dom.js(7,17): error TS2584: Cannot find name 'document'. Do you need to change your target library? Try changing the 'lib' compiler option to include 'dom'.
coming-soon/public/dashboard/js/utils-lib/dom.js(19,14): error TS2584: Cannot find name 'document'. Do you need to change your target library? Try changing the 'lib' compiler option to include 'dom'.
coming-soon/public/dashboard/js/utils-lib/dom.js(19,43): error TS2584: Cannot find name 'document'. Do you need to change your target library? Try changing the 'lib' compiler option to include 'dom'.
coming-soon/public/dashboard/js/utils-lib/dom.js(20,21): error TS2584: Cannot find name 'document'. Do you need to change your target library? Try changing the 'lib' compiler option to include 'dom'.
coming-soon/public/dashboard/js/utils-lib/dom.js(21,16): error TS2584: Cannot find name 'document'. Do you need to change your target library? Try changing the 'lib' compiler option to include 'dom'.
coming-soon/public/dashboard/js/utils-lib/dom.js(24,5): error TS2584: Cannot find name 'document'. Do you need to change your target library? Try changing the 'lib' compiler option to include 'dom'.
coming-soon/public/dashboard/js/utils-lib/dom.js(36,14): error TS2584: Cannot find name 'document'. Do you need to change your target library? Try changing the 'lib' compiler option to include 'dom'.
coming-soon/public/dashboard/js/utils-lib/dom.js(37,21): error TS2584: Cannot find name 'document'. Do you need to change your target library? Try changing the 'lib' compiler option to include 'dom'.
coming-soon/public/dashboard/js/utils-lib/dom.js(49,14): error TS2584: Cannot find name 'document'. Do you need to change your target library? Try changing the 'lib' compiler option to include 'dom'.
coming-soon/public/dashboard/js/utils-lib/dom.js(52,13): error TS2584: Cannot find name 'document'. Do you need to change your target library? Try changing the 'lib' compiler option to include 'dom'.
coming-soon/public/dashboard/js/utils-lib/dom.js(55,3): error TS2584: Cannot find name 'document'. Do you need to change your target library? Try changing the 'lib' compiler option to include 'dom'.
coming-soon/public/dashboard/js/utils-lib/dom.js(94,54): error TS2339: Property 'acquireVsCodeApi' does not exist on type 'typeof window'.
coming-soon/public/dashboard/js/utils-lib/dom.js(96,29): error TS2339: Property 'acquireVsCodeApi' does not exist on type 'typeof window'.
coming-soon/public/dashboard/js/utils-lib/dom.js(97,26): error TS2304: Cannot find name 'FileReader'.
coming-soon/public/dashboard/js/utils-lib/dom.js(127,14): error TS2584: Cannot find name 'document'. Do you need to change your target library? Try changing the 'lib' compiler option to include 'dom'.
coming-soon/public/dashboard/js/utils-lib/dom.js(127,43): error TS2584: Cannot find name 'document'. Do you need to change your target library? Try changing the 'lib' compiler option to include 'dom'.
coming-soon/public/dashboard/js/utils-lib/dom.js(131,13): error TS2584: Cannot find name 'document'. Do you need to change your target library? Try changing the 'lib' compiler option to include 'dom'.
coming-soon/public/dashboard/js/utils-lib/dom.js(135,3): error TS2584: Cannot find name 'document'. Do you need to change your target library? Try changing the 'lib' compiler option to include 'dom'.
coming-soon/public/dashboard/js/utils-lib/dom.js(147,19): error TS2304: Cannot find name 'BlobPart'.
coming-soon/public/dashboard/js/utils-lib/dom.js(188,12): error TS2304: Cannot find name 'HTMLElement'.
coming-soon/public/dashboard/js/utils-lib/dom.js(199,12): error TS2304: Cannot find name 'HTMLElement'.
coming-soon/public/dashboard/js/utils-lib/dom.js(211,12): error TS2304: Cannot find name 'HTMLElement'.
coming-soon/public/dashboard/js/utils-lib/dom.js(223,12): error TS2304: Cannot find name 'HTMLElement'.
coming-soon/public/dashboard/js/utils-lib/dom.js(239,12): error TS2304: Cannot find name 'HTMLElement'.
coming-soon/public/dashboard/js/utils-lib/dom.js(240,14): error TS2304: Cannot find name 'HTMLElement'.
coming-soon/public/dashboard/js/utils-lib/dom.js(243,37): error TS2584: Cannot find name 'document'. Do you need to change your target library? Try changing the 'lib' compiler option to include 'dom'.
coming-soon/public/dashboard/js/utils-lib/dom.js(243,64): error TS2584: Cannot find name 'document'. Do you need to change your target library? Try changing the 'lib' compiler option to include 'dom'.
coming-soon/public/dashboard/js/utils-lib/dom.js(255,12): error TS2304: Cannot find name 'HTMLElement'.
coming-soon/public/dashboard/js/utils-lib/dom.js(263,12): error TS2584: Cannot find name 'document'. Do you need to change your target library? Try changing the 'lib' compiler option to include 'dom'.
coming-soon/public/dashboard/js/utils-lib/dom.js(272,20): error TS2304: Cannot find name 'HTMLElement'.
coming-soon/public/dashboard/js/utils-lib/dom.js(273,14): error TS2304: Cannot find name 'HTMLElement'.
coming-soon/public/dashboard/js/utils-lib/dom.js(276,14): error TS2584: Cannot find name 'document'. Do you need to change your target library? Try changing the 'lib' compiler option to include 'dom'.
coming-soon/public/dashboard/js/utils-lib/dom.js(277,14): error TS2584: Cannot find name 'document'. Do you need to change your target library? Try changing the 'lib' compiler option to include 'dom'.
coming-soon/public/dashboard/js/utils-lib/dom.js(291,48): error TS2584: Cannot find name 'document'. Do you need to change your target library? Try changing the 'lib' compiler option to include 'dom'.
coming-soon/public/dashboard/js/utils-lib/dom.js(298,12): error TS2304: Cannot find name 'HTMLElement'.
coming-soon/public/dashboard/js/utils-lib/dom.js(315,14): error TS2584: Cannot find name 'document'. Do you need to change your target library? Try changing the 'lib' compiler option to include 'dom'.
coming-soon/public/dashboard/js/utils-lib/dom.js(316,14): error TS2584: Cannot find name 'document'. Do you need to change your target library? Try changing the 'lib' compiler option to include 'dom'.
coming-soon/public/dashboard/js/utils-lib/dom.js(326,12): error TS2304: Cannot find name 'HTMLElement'.
coming-soon/public/dashboard/js/utils-lib/dom.js(332,68): error TS2339: Property 'innerHeight' does not exist on type 'typeof window'.
coming-soon/public/dashboard/js/utils-lib/dom.js(332,83): error TS2584: Cannot find name 'document'. Do you need to change your target library? Try changing the 'lib' compiler option to include 'dom'.
coming-soon/public/dashboard/js/utils-lib/dom.js(332,147): error TS2339: Property 'innerWidth' does not exist on type 'typeof window'.
coming-soon/public/dashboard/js/utils-lib/dom.js(332,161): error TS2584: Cannot find name 'document'. Do you need to change your target library? Try changing the 'lib' compiler option to include 'dom'.
coming-soon/public/dashboard/js/utils-lib/dom.js(337,12): error TS2304: Cannot find name 'HTMLElement'.
coming-soon/public/dashboard/js/utils-lib/dom.js(338,20): error TS2304: Cannot find name 'IntersectionObserverEntry'.
coming-soon/public/dashboard/js/utils-lib/dom.js(339,12): error TS2304: Cannot find name 'IntersectionObserverInit'.
coming-soon/public/dashboard/js/utils-lib/dom.js(340,14): error TS2304: Cannot find name 'IntersectionObserver'.
coming-soon/public/dashboard/js/utils-lib/dom.js(343,48): error TS2339: Property 'IntersectionObserver' does not exist on type 'typeof window'.
coming-soon/public/dashboard/js/utils-lib/dom.js(344,24): error TS2304: Cannot find name 'IntersectionObserver'.
coming-soon/public/dashboard/js/utils-lib/dom.js(356,22): error TS2304: Cannot find name 'HTMLImageElement'.
coming-soon/public/dashboard/js/utils-lib/dom.js(364,21): error TS2304: Cannot find name 'Image'.
coming-soon/public/dashboard/js/utils-lib/dom.js(374,53): error TS2339: Property 'clipboard' does not exist on type 'Navigator'.
coming-soon/public/dashboard/js/utils-lib/dom.js(374,76): error TS2339: Property 'clipboard' does not exist on type 'Navigator'.
coming-soon/public/dashboard/js/utils-lib/dom.js(376,30): error TS2339: Property 'clipboard' does not exist on type 'Navigator'.
coming-soon/public/dashboard/js/utils-lib/dom.js(381,14): error TS2584: Cannot find name 'document'. Do you need to change your target library? Try changing the 'lib' compiler option to include 'dom'.
coming-soon/public/dashboard/js/utils-lib/dom.js(381,43): error TS2584: Cannot find name 'document'. Do you need to change your target library? Try changing the 'lib' compiler option to include 'dom'.
coming-soon/public/dashboard/js/utils-lib/dom.js(384,14): error TS2584: Cannot find name 'document'. Do you need to change your target library? Try changing the 'lib' compiler option to include 'dom'.
coming-soon/public/dashboard/js/utils-lib/dom.js(387,3): error TS2584: Cannot find name 'document'. Do you need to change your target library? Try changing the 'lib' compiler option to include 'dom'.
coming-soon/public/dashboard/js/utils-lib/dom.js(391,16): error TS2584: Cannot find name 'document'. Do you need to change your target library? Try changing the 'lib' compiler option to include 'dom'.
coming-soon/public/dashboard/js/utils-lib/dom.js(398,56): error TS2304: Cannot find name 'HTMLElement'.
coming-soon/public/dashboard/js/utils-lib/dom.js(428,44): error TS2304: Cannot find name 'CSS'.
coming-soon/public/dashboard/js/utils-lib/download.js(20,16): error TS2584: Cannot find name 'document'. Do you need to change your target library? Try changing the 'lib' compiler option to include 'dom'.
coming-soon/public/dashboard/js/utils-lib/download.js(20,45): error TS2584: Cannot find name 'document'. Do you need to change your target library? Try changing the 'lib' compiler option to include 'dom'.
coming-soon/public/dashboard/js/utils-lib/download.js(24,15): error TS2584: Cannot find name 'document'. Do you need to change your target library? Try changing the 'lib' compiler option to include 'dom'.
coming-soon/public/dashboard/js/utils-lib/download.js(28,5): error TS2584: Cannot find name 'document'. Do you need to change your target library? Try changing the 'lib' compiler option to include 'dom'.
coming-soon/public/dashboard/js/utils-lib/download.js(37,54): error TS2339: Property 'acquireVsCodeApi' does not exist on type 'typeof window'.
coming-soon/public/dashboard/js/utils-lib/download.js(38,27): error TS2339: Property 'acquireVsCodeApi' does not exist on type 'typeof window'.
coming-soon/public/dashboard/js/utils-lib/download.js(39,24): error TS2304: Cannot find name 'FileReader'.
coming-soon/public/dashboard/js/utils-lib/event.js(77,14): error TS2339: Property 'addEventListener' does not exist on type 'typeof window'.
coming-soon/public/dashboard/js/utils-lib/event.js(81,14): error TS2339: Property 'removeEventListener' does not exist on type 'typeof window'.
coming-soon/public/dashboard/js/utils-lib/number.js(188,22): error TS2345: Argument of type 'unknown' is not assignable to parameter of type 'string'.
coming-soon/public/dashboard/js/utils-lib/number.js(199,24): error TS2345: Argument of type 'unknown' is not assignable to parameter of type 'string'.
coming-soon/public/dashboard/js/utils-lib/object.js(41,21): error TS2351: This expression is not constructable.
  Type 'Function' has no construct signatures.
coming-soon/public/dashboard/js/utils-lib/object.js(147,40): error TS2322: Type '{}' is not assignable to type 'Pick<T, K>'.
coming-soon/public/dashboard/js/utils-lib/object.js(149,89): error TS2322: Type '{}' is not assignable to type 'Pick<T, K>'.
coming-soon/public/dashboard/js/utils-lib/object.js(151,28): error TS2345: Argument of type 'K' is not assignable to parameter of type 'PropertyKey'.
coming-soon/public/dashboard/js/utils-lib/object.js(151,34): error TS2536: Type 'K' cannot be used to index type '{}'.
coming-soon/public/dashboard/js/utils-lib/object.js(151,48): error TS2536: Type 'K' cannot be used to index type 'T & object'.
coming-soon/public/dashboard/js/utils-lib/object.js(153,3): error TS2322: Type '{}' is not assignable to type 'Pick<T, K>'.
coming-soon/public/dashboard/js/utils-lib/object.js(322,3): error TS2322: Type '{}' is not assignable to type '{ [x: string]: unknown; }'.
  Index signature for type 'string' is missing in type '{}'.
coming-soon/public/dashboard/js/utils-lib/object.js(360,7): error TS2322: Type 'T' is not assignable to type 'Record<string, T>'.
coming-soon/public/dashboard/js/utils-lib/object.js(365,3): error TS2322: Type 'Record<string, T>[]' is not assignable to type 'T[]'.
  Type 'Record<string, T>' is not assignable to type 'T'.
    'T' could be instantiated with an arbitrary type which could be unrelated to 'Record<string, T>'.
coming-soon/public/dashboard/js/utils-lib/object.js(380,5): error TS2322: Type 'unknown' is not assignable to type 'Record<string, unknown>'.
  Index signature for type 'string' is missing in type '{}'.
coming-soon/public/dashboard/js/utils-lib/object.js(409,22): error TS2345: Argument of type 'object' is not assignable to parameter of type 'Record<string, unknown>'.
  Index signature for type 'string' is missing in type '{}'.
coming-soon/public/dashboard/js/utils-lib/storage.js(10,48): error TS2339: Property 'localStorage' does not exist on type 'typeof window'.
coming-soon/public/dashboard/js/utils-lib/storage.js(12,24): error TS2339: Property 'localStorage' does not exist on type 'typeof window'.
coming-soon/public/dashboard/js/utils-lib/storage.js(27,48): error TS2339: Property 'localStorage' does not exist on type 'typeof window'.
coming-soon/public/dashboard/js/utils-lib/storage.js(29,12): error TS2339: Property 'localStorage' does not exist on type 'typeof window'.
coming-soon/public/dashboard/js/utils-lib/storage.js(42,48): error TS2339: Property 'localStorage' does not exist on type 'typeof window'.
coming-soon/public/dashboard/js/utils-lib/storage.js(44,12): error TS2339: Property 'localStorage' does not exist on type 'typeof window'.
coming-soon/public/dashboard/js/utils-lib/storage.js(58,48): error TS2339: Property 'localStorage' does not exist on type 'typeof window'.
coming-soon/public/dashboard/js/utils-lib/storage.js(60,24): error TS2339: Property 'localStorage' does not exist on type 'typeof window'.
coming-soon/public/dashboard/js/utils-lib/storage.js(75,48): error TS2339: Property 'localStorage' does not exist on type 'typeof window'.
coming-soon/public/dashboard/js/utils-lib/storage.js(77,12): error TS2339: Property 'localStorage' does not exist on type 'typeof window'.
coming-soon/public/dashboard/js/utils-lib/storage.js(92,48): error TS2339: Property 'sessionStorage' does not exist on type 'typeof window'.
coming-soon/public/dashboard/js/utils-lib/storage.js(94,24): error TS2339: Property 'sessionStorage' does not exist on type 'typeof window'.
coming-soon/public/dashboard/js/utils-lib/storage.js(109,48): error TS2339: Property 'sessionStorage' does not exist on type 'typeof window'.
coming-soon/public/dashboard/js/utils-lib/storage.js(111,12): error TS2339: Property 'sessionStorage' does not exist on type 'typeof window'.
coming-soon/public/dashboard/js/utils-lib/storage.js(124,48): error TS2339: Property 'sessionStorage' does not exist on type 'typeof window'.
coming-soon/public/dashboard/js/utils-lib/storage.js(126,12): error TS2339: Property 'sessionStorage' does not exist on type 'typeof window'.
coming-soon/public/dashboard/js/utils-lib/theme.js(66,14): error TS2584: Cannot find name 'document'. Do you need to change your target library? Try changing the 'lib' compiler option to include 'dom'.
coming-soon/public/dashboard/js/utils-lib/theme.js(66,43): error TS2584: Cannot find name 'document'. Do you need to change your target library? Try changing the 'lib' compiler option to include 'dom'.
coming-soon/public/dashboard/js/utils-lib/theme.js(67,15): error TS2304: Cannot find name 'getComputedStyle'.
coming-soon/public/dashboard/js/utils-lib/theme.js(67,32): error TS2584: Cannot find name 'document'. Do you need to change your target library? Try changing the 'lib' compiler option to include 'dom'.
coming-soon/public/dashboard/js/utils-lib/theme.js(78,14): error TS2584: Cannot find name 'document'. Do you need to change your target library? Try changing the 'lib' compiler option to include 'dom'.
coming-soon/public/dashboard/js/utils-lib/theme.js(78,43): error TS2584: Cannot find name 'document'. Do you need to change your target library? Try changing the 'lib' compiler option to include 'dom'.
coming-soon/public/dashboard/js/utils-lib/theme.js(79,3): error TS2584: Cannot find name 'document'. Do you need to change your target library? Try changing the 'lib' compiler option to include 'dom'.
coming-soon/public/dashboard/js/utils-lib/theme.js(87,48): error TS2339: Property 'matchMedia' does not exist on type 'typeof window'.
coming-soon/public/dashboard/js/utils-lib/theme.js(88,17): error TS2339: Property 'matchMedia' does not exist on type 'typeof window'.
coming-soon/public/dashboard/js/utils-lib/theme.js(96,48): error TS2339: Property 'matchMedia' does not exist on type 'typeof window'.
coming-soon/public/dashboard/js/utils-lib/theme.js(97,17): error TS2339: Property 'matchMedia' does not exist on type 'typeof window'.
coming-soon/public/dashboard/js/utils-lib/type.js(147,55): error TS2339: Property 'onLine' does not exist on type 'Navigator'.
coming-soon/public/dashboard/js/utils-lib/type.js(155,57): error TS2339: Property 'acquireVsCodeApi' does not exist on type 'typeof window'.
coming-soon/public/dashboard/js/utils-lib/type.js(171,54): error TS2339: Property 'acquireVsCodeApi' does not exist on type 'typeof window'.
coming-soon/public/dashboard/js/utils-lib/type.js(173,21): error TS2339: Property 'acquireVsCodeApi' does not exist on type 'typeof window'.
coming-soon/public/dashboard/js/utils-lib/url.js(6,14): error TS2584: Cannot find name 'document'. Do you need to change your target library? Try changing the 'lib' compiler option to include 'dom'.
coming-soon/public/dashboard/js/utils-lib/url.js(7,18): error TS2584: Cannot find name 'document'. Do you need to change your target library? Try changing the 'lib' compiler option to include 'dom'.
coming-soon/public/dashboard/js/utils-lib/url.js(63,18): error TS2339: Property 'acceptNon2xx' does not exist on type 'RequestInit'.
coming-soon/public/dashboard/js/utils-lib/url.js(99,12): error TS2322: Type '{}' is not assignable to type 'Record<string, string | string[]>'.
  Index signature for type 'string' is missing in type '{}'.
coming-soon/public/dashboard/js/utils-lib/url.js(120,3): error TS2322: Type '{}' is not assignable to type 'Record<string, string | string[]>'.
  Index signature for type 'string' is missing in type '{}'.
coming-soon/public/dashboard/js/utils-lib/url.js(150,48): error TS2339: Property 'location' does not exist on type 'typeof window'.
coming-soon/public/dashboard/js/utils-lib/url.js(151,45): error TS2339: Property 'location' does not exist on type 'typeof window'.
coming-soon/public/dashboard/js/utils-lib/url.js(162,48): error TS2339: Property 'location' does not exist on type 'typeof window'.
coming-soon/public/dashboard/js/utils-lib/url.js(163,51): error TS2339: Property 'location' does not exist on type 'typeof window'.
coming-soon/public/dashboard/js/utils-lib/url.js(165,30): error TS2339: Property 'location' does not exist on type 'typeof window'.
coming-soon/public/dashboard/js/utils-lib/vscode.js(10,57): error TS2339: Property 'acquireVsCodeApi' does not exist on type 'typeof window'.
coming-soon/public/dashboard/js/utils-lib/vscode.js(26,54): error TS2339: Property 'acquireVsCodeApi' does not exist on type 'typeof window'.
coming-soon/public/dashboard/js/utils-lib/vscode.js(28,21): error TS2339: Property 'acquireVsCodeApi' does not exist on type 'typeof window'.
coming-soon/public/dashboard/js/utils.js(634,126): error TS2554: Expected 2 arguments, but got 1.
coming-soon/public/dashboard/js/utils.js(786,24): error TS2584: Cannot find name 'document'. Do you need to change your target library? Try changing the 'lib' compiler option to include 'dom'.
coming-soon/public/dashboard/js/utils.js(786,51): error TS2584: Cannot find name 'document'. Do you need to change your target library? Try changing the 'lib' compiler option to include 'dom'.
coming-soon/public/dashboard/js/utils/ai-problem-analyzer-export.browser.js(196,55): error TS2339: Property 'includes' does not exist on type 'never'.
coming-soon/public/dashboard/js/utils/ai-problem-analyzer-export.browser.js(223,33): error TS2740: Type '{}' is missing the following properties from type 'any[]': length, pop, push, concat, and 29 more.
coming-soon/public/dashboard/js/utils/ai-problem-analyzer-export.browser.js(224,15): error TS2339: Property 'critical' does not exist on type 'any[]'.
coming-soon/public/dashboard/js/utils/ai-problem-analyzer-export.browser.js(225,15): error TS2339: Property 'high' does not exist on type 'any[]'.
coming-soon/public/dashboard/js/utils/ai-problem-analyzer-export.browser.js(226,15): error TS2339: Property 'medium' does not exist on type 'any[]'.
coming-soon/public/dashboard/js/utils/ai-problem-analyzer-export.browser.js(227,15): error TS2339: Property 'low' does not exist on type 'any[]'.
coming-soon/public/dashboard/js/utils/ai-problem-analyzer-export.browser.js(500,39): error TS2339: Property 'analyzerResults' does not exist on type 'number'.
coming-soon/public/dashboard/js/utils/analyze-mode-file-results.browser.js(70,12): error TS2339: Property 'filePath' does not exist on type 'boolean'.
coming-soon/public/dashboard/js/utils/analyze-mode-file-results.browser.js(71,12): error TS2339: Property 'file' does not exist on type 'boolean'.
coming-soon/public/dashboard/js/utils/analyze-mode-file-results.browser.js(72,16): error TS2339: Property 'filePaths' does not exist on type 'boolean'.
coming-soon/public/dashboard/js/utils/analyze-mode-file-results.browser.js(73,16): error TS2339: Property 'affectedFiles' does not exist on type 'boolean'.
coming-soon/public/dashboard/js/utils/analyze-mode-file-results.browser.js(143,25): error TS2339: Property 'rawIssues' does not exist on type 'number'.
coming-soon/public/dashboard/js/utils/analyze-mode-file-results.browser.js(143,45): error TS2339: Property 'detectedIssues' does not exist on type 'number'.
coming-soon/public/dashboard/js/utils/analyze-mode-file-results.browser.js(145,23): error TS2339: Property 'euAiActSummary' does not exist on type 'number'.
coming-soon/public/dashboard/js/utils/analyze-mode-file-results.browser.js(178,25): error TS2339: Property 'rawIssues' does not exist on type 'number'.
coming-soon/public/dashboard/js/utils/analyze-mode-file-results.browser.js(178,45): error TS2339: Property 'detectedIssues' does not exist on type 'number'.
coming-soon/public/dashboard/js/utils/analyze-mode-file-results.browser.js(189,29): error TS2339: Property 'euAiActSummary' does not exist on type 'number'.
coming-soon/public/dashboard/js/utils/analyze-mode-file-results.browser.js(199,25): error TS2339: Property 'ruleScopedFilesAnalyzed' does not exist on type 'number'.
coming-soon/public/dashboard/js/utils/analyze-mode-file-results.browser.js(199,59): error TS2339: Property 'scanScope' does not exist on type 'number'.
coming-soon/public/dashboard/js/utils/analyze-mode-file-results.browser.js(208,31): error TS2339: Property 'repositoryFilesTotal' does not exist on type 'number'.
coming-soon/public/dashboard/js/utils/analyze-mode-file-results.browser.js(208,62): error TS2339: Property 'scanScope' does not exist on type 'number'.
coming-soon/public/dashboard/js/utils/analyze-mode-file-results.browser.js(362,19): error TS2339: Property 'kind' does not exist on type 'string'.
coming-soon/public/dashboard/js/utils/analyze-mode-file-results.browser.js(363,23): error TS2339: Property 'steps' does not exist on type 'string'.
coming-soon/public/dashboard/js/utils/analyze-mode-file-results.browser.js(378,23): error TS2339: Property 'kind' does not exist on type 'string'.
coming-soon/public/dashboard/js/utils/analyze-mode-file-results.browser.js(378,97): error TS2339: Property 'report' does not exist on type 'string'.
coming-soon/public/dashboard/js/utils/analyze-mode-file-results.browser.js(379,23): error TS2339: Property 'kind' does not exist on type 'string'.
coming-soon/public/dashboard/js/utils/analyze-mode-file-results.browser.js(380,19): error TS2339: Property 'type' does not exist on type 'number'.
coming-soon/public/dashboard/js/utils/analyze-mode-file-results.browser.js(383,23): error TS2339: Property 'kind' does not exist on type 'string'.
coming-soon/public/dashboard/js/utils/analyze-mode-file-results.browser.js(383,87): error TS2339: Property 'sprint' does not exist on type 'string'.
coming-soon/public/dashboard/js/utils/analyze-mode-file-results.browser.js(384,23): error TS2339: Property 'kind' does not exist on type 'string'.
coming-soon/public/dashboard/js/utils/analyze-mode-file-results.browser.js(387,23): error TS2339: Property 'kind' does not exist on type 'string'.
coming-soon/public/dashboard/js/utils/analyze-mode-file-results.browser.js(391,23): error TS2339: Property 'report' does not exist on type 'string'.
coming-soon/public/dashboard/js/utils/analyze-mode-file-results.browser.js(391,76): error TS2339: Property 'report' does not exist on type 'string'.
coming-soon/public/dashboard/js/utils/analyze-mode-file-results.browser.js(391,103): error TS2339: Property 'fictionIssues' does not exist on type 'string'.
coming-soon/public/dashboard/js/utils/analyze-mode-file-results.browser.js(394,23): error TS2339: Property 'kind' does not exist on type 'string'.
coming-soon/public/dashboard/js/utils/analyze-mode-file-results.browser.js(394,98): error TS2339: Property 'scan' does not exist on type 'string'.
coming-soon/public/dashboard/js/utils/analyze-mode-file-results.browser.js(395,23): error TS2339: Property 'kind' does not exist on type 'string'.
coming-soon/public/dashboard/js/utils/analyze-mode-file-results.browser.js(398,23): error TS2339: Property 'kind' does not exist on type 'string'.
coming-soon/public/dashboard/js/utils/analyze-mode-file-results.browser.js(398,88): error TS2339: Property 'scan' does not exist on type 'string'.
coming-soon/public/dashboard/js/utils/analyze-mode-file-results.browser.js(399,23): error TS2339: Property 'kind' does not exist on type 'string'.
coming-soon/public/dashboard/js/utils/analyze-mode-file-results.browser.js(403,23): error TS2339: Property 'kind' does not exist on type 'string'.
coming-soon/public/dashboard/js/utils/analyze-mode-file-results.browser.js(403,81): error TS2339: Property 'scan' does not exist on type 'string'.
coming-soon/public/dashboard/js/utils/analyze-mode-file-results.browser.js(404,23): error TS2339: Property 'kind' does not exist on type 'string'.
coming-soon/public/dashboard/js/utils/analyze-mode-file-results.browser.js(407,23): error TS2339: Property 'kind' does not exist on type 'string'.
coming-soon/public/dashboard/js/utils/analyze-mode-file-results.browser.js(407,103): error TS2339: Property 'brief' does not exist on type 'string'.
coming-soon/public/dashboard/js/utils/analyze-mode-file-results.browser.js(408,23): error TS2339: Property 'kind' does not exist on type 'string'.
coming-soon/public/dashboard/js/utils/analyze-mode-file-results.browser.js(411,23): error TS2339: Property 'kind' does not exist on type 'string'.
coming-soon/public/dashboard/js/utils/analyze-mode-file-results.browser.js(411,97): error TS2339: Property 'checklist' does not exist on type 'string'.
coming-soon/public/dashboard/js/utils/analyze-mode-file-results.browser.js(412,23): error TS2339: Property 'kind' does not exist on type 'string'.
coming-soon/public/dashboard/js/utils/analyze-mode-file-results.browser.js(415,23): error TS2339: Property 'kind' does not exist on type 'string'.
coming-soon/public/dashboard/js/utils/analyze-mode-file-results.browser.js(415,88): error TS2339: Property 'npmAudit' does not exist on type 'string'.
coming-soon/public/dashboard/js/utils/analyze-mode-file-results.browser.js(416,23): error TS2339: Property 'kind' does not exist on type 'string'.
coming-soon/public/dashboard/js/utils/analyze-mode-file-results.browser.js(419,23): error TS2339: Property 'kind' does not exist on type 'string'.
coming-soon/public/dashboard/js/utils/analyze-mode-file-results.browser.js(419,86): error TS2339: Property 'data' does not exist on type 'string'.
coming-soon/public/dashboard/js/utils/analyze-mode-file-results.browser.js(420,23): error TS2339: Property 'kind' does not exist on type 'string'.
coming-soon/public/dashboard/js/utils/analyze-mode-file-results.browser.js(423,23): error TS2339: Property 'kind' does not exist on type 'string'.
coming-soon/public/dashboard/js/utils/analyze-mode-file-results.browser.js(423,89): error TS2339: Property 'steps' does not exist on type 'string'.
coming-soon/public/dashboard/js/utils/analyze-mode-file-results.browser.js(427,21): error TS2339: Property 'kind' does not exist on type 'string'.
coming-soon/public/dashboard/js/utils/analyze-mode-file-results.browser.js(554,7): error TS2367: This comparison appears to be unintentional because the types 'any[]' and 'string' have no overlap.
coming-soon/public/dashboard/js/utils/analyze-mode-file-results.browser.js(555,7): error TS2367: This comparison appears to be unintentional because the types 'any[]' and 'string' have no overlap.
coming-soon/public/dashboard/js/utils/analyze-mode-file-results.browser.js(556,7): error TS2367: This comparison appears to be unintentional because the types 'any[]' and 'string' have no overlap.
coming-soon/public/dashboard/js/utils/analyze-mode-file-results.browser.js(557,7): error TS2367: This comparison appears to be unintentional because the types 'any[]' and 'string' have no overlap.
coming-soon/public/dashboard/js/utils/analyze-mode-file-results.browser.js(581,55): error TS2322: Type '{}' is not assignable to type 'string'.
coming-soon/public/dashboard/js/utils/analyze-mode-file-results.browser.js(582,53): error TS2339: Property 'lastResult' does not exist on type 'string'.
coming-soon/public/dashboard/js/utils/analyze-mode-file-results.browser.js(582,73): error TS2339: Property 'report' does not exist on type 'string'.
coming-soon/public/dashboard/js/utils/analyze-mode-file-scope.browser.js(72,30): error TS2322: Type '{}' is not assignable to type 'string'.
coming-soon/public/dashboard/js/utils/analyze-mode-file-scope.browser.js(73,11): error TS2339: Property 'config' does not exist on type 'String'.
coming-soon/public/dashboard/js/utils/analyze-mode-file-scope.browser.js(73,19): error TS2339: Property 'report' does not exist on type 'String'.
coming-soon/public/dashboard/js/utils/analyze-mode-file-scope.browser.js(73,27): error TS2339: Property 'projectPath' does not exist on type 'String'.
coming-soon/public/dashboard/js/utils/analyze-mode-file-scope.browser.js(73,40): error TS2339: Property 'lastResult' does not exist on type 'String'.
coming-soon/public/dashboard/js/utils/analyze-mode-file-scope.browser.js(77,17): error TS1003: Identifier expected.
coming-soon/public/dashboard/js/utils/analyze-mode-file-scope.browser.js(376,53): error TS2322: Type '{}' is not assignable to type 'string'.
coming-soon/public/dashboard/js/utils/assessment-export.browser.js(117,35): error TS2339: Property 'ruleScopedFilesAnalyzed' does not exist on type 'number'.
coming-soon/public/dashboard/js/utils/assessment-export.browser.js(118,21): error TS2339: Property 'scanScope' does not exist on type 'number'.
coming-soon/public/dashboard/js/utils/assessment-export.browser.js(128,41): error TS2339: Property 'gate' does not exist on type 'number'.
coming-soon/public/dashboard/js/utils/benchmark-gate-issue-filter.browser.js(44,32): error TS2339: Property 'pattern' does not exist on type 'true'.
coming-soon/public/dashboard/js/utils/benchmark-gate-issue-filter.browser.js(44,49): error TS2339: Property 'metadata' does not exist on type 'true'.
coming-soon/public/dashboard/js/utils/benchmark-gate-issue-filter.browser.js(45,33): error TS2339: Property 'category' does not exist on type 'true'.
coming-soon/public/dashboard/js/utils/benchmark-gate-issue-filter.browser.js(45,51): error TS2339: Property 'metadata' does not exist on type 'true'.
coming-soon/public/dashboard/js/utils/benchmark-gate-issue-filter.browser.js(46,29): error TS2339: Property 'type' does not exist on type 'true'.
coming-soon/public/dashboard/js/utils/benchmark-gate-issue-filter.browser.js(59,31): error TS2339: Property 'metadata' does not exist on type 'true'.
coming-soon/public/dashboard/js/utils/benchmark-gate-issue-filter.browser.js(59,57): error TS2339: Property 'intent' does not exist on type 'true'.
coming-soon/public/dashboard/js/utils/benchmark-gate-issue-filter.browser.js(61,45): error TS2339: Property 'type' does not exist on type 'true'.
coming-soon/public/dashboard/js/utils/benchmark-gate-issue-filter.browser.js(62,26): error TS2339: Property 'filePath' does not exist on type 'true'.
coming-soon/public/dashboard/js/utils/benchmark-gate-issue-filter.browser.js(62,44): error TS2339: Property 'file' does not exist on type 'true'.
coming-soon/public/dashboard/js/utils/benchmark-gate-issue-filter.browser.js(62,58): error TS2339: Property 'filePaths' does not exist on type 'true'.
coming-soon/public/dashboard/js/utils/benchmark-gate-issue-filter.browser.js(119,25): error TS2339: Property 'type' does not exist on type 'number'.
coming-soon/public/dashboard/js/utils/benchmark-gate-issue-filter.browser.js(120,57): error TS2339: Property 'projectRoot' does not exist on type 'number'.
coming-soon/public/dashboard/js/utils/benchmark-gate-issue-filter.browser.js(124,31): error TS2339: Property 'rawIssues' does not exist on type 'number'.
coming-soon/public/dashboard/js/utils/benchmark-gate-issue-filter.browser.js(124,58): error TS2339: Property 'rawIssues' does not exist on type 'number'.
coming-soon/public/dashboard/js/utils/benchmark-gate-issue-filter.browser.js(124,78): error TS2339: Property 'detectedIssues' does not exist on type 'number'.
coming-soon/public/dashboard/js/utils/benchmark-gate-issue-filter.browser.js(139,29): error TS2339: Property 'gate' does not exist on type 'number'.
coming-soon/public/dashboard/js/utils/benchmark-gate-issue-filter.browser.js(139,44): error TS2339: Property 'scanScope' does not exist on type 'number'.
coming-soon/public/dashboard/js/utils/benchmark-gate-issue-filter.browser.js(146,5): error TS2698: Spread types may only be created from object types.
coming-soon/public/dashboard/js/utils/benchmark-gate-issue-filter.browser.js(147,39): error TS2339: Property 'projectRoot' does not exist on type 'number'.
coming-soon/public/dashboard/js/utils/benchmark-gate-issue-filter.browser.js(158,18): error TS2339: Property 'scanScope' does not exist on type 'number'.
coming-soon/public/dashboard/js/utils/cleanup-brief-export.browser.js(95,65): error TS2362: The left-hand side of an arithmetic operation must be of type 'any', 'number', 'bigint' or an enum type.
coming-soon/public/dashboard/js/utils/cleanup-brief-export.browser.js(273,42): error TS2740: Type '{}' is missing the following properties from type 'any[]': length, pop, push, concat, and 29 more.
coming-soon/public/dashboard/js/utils/cleanup-brief-export.browser.js(273,61): error TS2740: Type '{}' is missing the following properties from type 'any[]': length, pop, push, concat, and 29 more.
coming-soon/public/dashboard/js/utils/cleanup-brief-export.browser.js(274,32): error TS2339: Property 'artifactProfile' does not exist on type 'any[]'.
coming-soon/public/dashboard/js/utils/cleanup-brief-export.browser.js(275,27): error TS2339: Property 'fileReduction' does not exist on type 'any[]'.
coming-soon/public/dashboard/js/utils/cleanup-brief-export.browser.js(276,29): error TS2339: Property 'investigate' does not exist on type 'any[]'.
coming-soon/public/dashboard/js/utils/cleanup-brief-export.browser.js(278,55): error TS2339: Property 'safeNow' does not exist on type 'any[]'.
coming-soon/public/dashboard/js/utils/cleanup-brief-export.browser.js(279,65): error TS2339: Property 'reviewFirst' does not exist on type 'any[]'.
coming-soon/public/dashboard/js/utils/cleanupAssistant.js(6,43): error TS2307: Cannot find module './completeScanAnalysis.js?v=20260527cleanup1' or its corresponding type declarations.
coming-soon/public/dashboard/js/utils/cleanupAssistant.js(239,20): error TS8024: JSDoc '@param' tag has name 'fileReduction', but there is no parameter with that name.
coming-soon/public/dashboard/js/utils/cleanupAssistant.js(240,17): error TS8024: JSDoc '@param' tag has name 'dataQuality', but there is no parameter with that name.
coming-soon/public/dashboard/js/utils/cleanupAssistant.js(277,3): error TS2339: Property 'projectPath' does not exist on type '{ policy?: any; }'.
coming-soon/public/dashboard/js/utils/cleanupAssistant.js(278,3): error TS2339: Property 'fileReduction' does not exist on type '{ policy?: any; }'.
coming-soon/public/dashboard/js/utils/cleanupAssistant.js(279,3): error TS2339: Property 'dataQuality' does not exist on type '{ policy?: any; }'.
coming-soon/public/dashboard/js/utils/cleanupAssistant.js(280,3): error TS2339: Property 'repositoryInventory' does not exist on type '{ policy?: any; }'.
coming-soon/public/dashboard/js/utils/cleanupAssistant.js(363,52): error TS2345: Argument of type '{ projectPath: any; policy: any; inventory: { totalFiles: any; totalFolders: any; }; projectedInventory: { totalFiles: number; totalFolders: any; }; estimatedReduction: { files: number; bytes: number; percentOfInventory: number; }; tiers: { ...; }; analysis: any; }' is not assignable to parameter of type 'string'.
coming-soon/public/dashboard/js/utils/cleanupAssistant.js(413,18): error TS2339: Property 'kind' does not exist on type 'string'.
coming-soon/public/dashboard/js/utils/cleanupAssistant.js(413,66): error TS2339: Property 'steps' does not exist on type 'string'.
coming-soon/public/dashboard/js/utils/cleanupAssistant.js(414,36): error TS2339: Property 'steps' does not exist on type 'string'.
coming-soon/public/dashboard/js/utils/cleanupAssistant.js(415,42): error TS2339: Property 'steps' does not exist on type 'string'.
coming-soon/public/dashboard/js/utils/cleanupAssistant.js(416,40): error TS2339: Property 'steps' does not exist on type 'string'.
coming-soon/public/dashboard/js/utils/cleanupAssistant.js(418,31): error TS2339: Property 'projectPath' does not exist on type 'string'.
coming-soon/public/dashboard/js/utils/cleanupAssistant.js(421,75): error TS2339: Property 'repositoryInventory' does not exist on type 'string'.
coming-soon/public/dashboard/js/utils/cleanupAssistant.js(422,49): error TS2339: Property 'policy' does not exist on type 'string'.
coming-soon/public/dashboard/js/utils/cleanupAssistant.js(427,29): error TS2339: Property 'projectPath' does not exist on type 'string'.
coming-soon/public/dashboard/js/utils/cleanupAssistant.js(428,31): error TS2339: Property 'fileReduction' does not exist on type 'string'.
coming-soon/public/dashboard/js/utils/cleanupAssistant.js(429,29): error TS2339: Property 'dataQuality' does not exist on type 'string'.
coming-soon/public/dashboard/js/utils/cleanupAssistant.js(430,37): error TS2339: Property 'repositoryInventory' does not exist on type 'string'.
coming-soon/public/dashboard/js/utils/cleanupAssistant.js(431,24): error TS2339: Property 'policy' does not exist on type 'string'.
coming-soon/public/dashboard/js/utils/cleanupAssistant.js(445,5): error TS2353: Object literal may only specify known properties, and 'projectPath' does not exist in type '{ policy?: any; }'.
coming-soon/public/dashboard/js/utils/cleanupAssistant.js(461,57): error TS2339: Property 'policy' does not exist on type 'string'.
coming-soon/public/dashboard/js/utils/cleanupAssistant.js(463,13): error TS2339: Property 'policy' does not exist on type 'string'.
coming-soon/public/dashboard/js/utils/cleanupAssistant.js(466,13): error TS2339: Property 'policy' does not exist on type 'string'.
coming-soon/public/dashboard/js/utils/cleanupAssistant.js(469,58): error TS2339: Property 'estimatedReduction' does not exist on type 'string'.
coming-soon/public/dashboard/js/utils/cleanupAssistant.js(469,114): error TS2339: Property 'estimatedReduction' does not exist on type 'string'.
coming-soon/public/dashboard/js/utils/cleanupAssistant.js(477,17): error TS8024: JSDoc '@param' tag has name 'estimatedReduction', but there is no parameter with that name.
coming-soon/public/dashboard/js/utils/cleanupAssistant.js(478,17): error TS8024: JSDoc '@param' tag has name 'inventory', but there is no parameter with that name.
coming-soon/public/dashboard/js/utils/cleanupAssistant.js(479,17): error TS8024: JSDoc '@param' tag has name 'projectedInventory', but there is no parameter with that name.
coming-soon/public/dashboard/js/utils/cleanupAssistant.js(480,17): error TS8024: JSDoc '@param' tag has name 'policy', but there is no parameter with that name.
coming-soon/public/dashboard/js/utils/codebase-export.browser.js(122,15): error TS2339: Property 'projectRoot' does not exist on type 'number'.
coming-soon/public/dashboard/js/utils/codebase-export.browser.js(123,15): error TS2339: Property 'platformRoot' does not exist on type 'number'.
coming-soon/public/dashboard/js/utils/codebase-export.browser.js(139,51): error TS2339: Property 'projectRoot' does not exist on type 'number'.
coming-soon/public/dashboard/js/utils/codebase-export.browser.js(139,74): error TS2339: Property 'projectPath' does not exist on type 'number'.
coming-soon/public/dashboard/js/utils/codebase-export.browser.js(143,16): error TS2339: Property 'scanTargetRoot' does not exist on type 'number'.
coming-soon/public/dashboard/js/utils/codebase-export.browser.js(144,16): error TS2339: Property 'requestedScanRoot' does not exist on type 'number'.
coming-soon/public/dashboard/js/utils/codebase-export.browser.js(197,28): error TS2339: Property 'findings' does not exist on type 'number'.
coming-soon/public/dashboard/js/utils/codebase-export.browser.js(198,35): error TS2339: Property 'findings' does not exist on type 'number'.
coming-soon/public/dashboard/js/utils/codebase-export.browser.js(207,5): error TS2698: Spread types may only be created from object types.
coming-soon/public/dashboard/js/utils/codebase-export.browser.js(210,17): error TS2339: Property 'categories' does not exist on type 'number'.
coming-soon/public/dashboard/js/utils/codebase-export.browser.js(213,17): error TS2339: Property 'summary' does not exist on type 'number'.
coming-soon/public/dashboard/js/utils/codebase-export.browser.js(216,45): error TS2339: Property 'summary' does not exist on type 'number'.
coming-soon/public/dashboard/js/utils/codebase-export.browser.js(217,48): error TS2339: Property 'summary' does not exist on type 'number'.
coming-soon/public/dashboard/js/utils/codebase-export.browser.js(226,18): error TS2339: Property 'exportNotes' does not exist on type 'number'.
coming-soon/public/dashboard/js/utils/codebase-export.browser.js(292,44): error TS2339: Property 'projectRoot' does not exist on type 'number'.
coming-soon/public/dashboard/js/utils/codebase-export.browser.js(292,66): error TS2339: Property 'scanTargetRoot' does not exist on type 'number'.
coming-soon/public/dashboard/js/utils/codebase-export.browser.js(292,91): error TS2339: Property 'requestedScanRoot' does not exist on type 'number'.
coming-soon/public/dashboard/js/utils/codebase-export.browser.js(303,5): error TS2698: Spread types may only be created from object types.
coming-soon/public/dashboard/js/utils/codebase-export.browser.js(304,53): error TS2339: Property 'projectRoot' does not exist on type 'number'.
coming-soon/public/dashboard/js/utils/codebase-export.browser.js(305,16): error TS2339: Property 'scanTargetRoot' does not exist on type 'number'.
coming-soon/public/dashboard/js/utils/codebase-export.browser.js(306,62): error TS2339: Property 'scanTargetRoot' does not exist on type 'number'.
coming-soon/public/dashboard/js/utils/codebase-export.browser.js(308,16): error TS2339: Property 'requestedScanRoot' does not exist on type 'number'.
coming-soon/public/dashboard/js/utils/codebase-export.browser.js(309,65): error TS2339: Property 'requestedScanRoot' does not exist on type 'number'.
coming-soon/public/dashboard/js/utils/codebase-export.browser.js(311,16): error TS2339: Property 'platformRoot' does not exist on type 'number'.
coming-soon/public/dashboard/js/utils/codebase-export.browser.js(312,60): error TS2339: Property 'platformRoot' does not exist on type 'number'.
coming-soon/public/dashboard/js/utils/codebase-export.browser.js(314,16): error TS2339: Property 'codeAnalysisRoot' does not exist on type 'number'.
coming-soon/public/dashboard/js/utils/codebase-export.browser.js(315,64): error TS2339: Property 'codeAnalysisRoot' does not exist on type 'number'.
coming-soon/public/dashboard/js/utils/codebase-export.browser.js(317,16): error TS2339: Property 'productPlatformRoot' does not exist on type 'number'.
coming-soon/public/dashboard/js/utils/codebase-export.browser.js(318,67): error TS2339: Property 'productPlatformRoot' does not exist on type 'number'.
coming-soon/public/dashboard/js/utils/codebase-export.browser.js(320,16): error TS2339: Property 'repositoryInventory' does not exist on type 'number'.
coming-soon/public/dashboard/js/utils/codebase-export.browser.js(323,21): error TS2339: Property 'repositoryInventory' does not exist on type 'number'.
coming-soon/public/dashboard/js/utils/codebase-export.browser.js(325,20): error TS2339: Property 'repositoryInventory' does not exist on type 'number'.
coming-soon/public/dashboard/js/utils/codebase-export.browser.js(356,18): error TS2339: Property 'benchmarkScan' does not exist on type 'string'.
coming-soon/public/dashboard/js/utils/codebase-export.browser.js(365,15): error TS2339: Property 'benchmarkScan' does not exist on type 'string'.
coming-soon/public/dashboard/js/utils/codebase-export.browser.js(367,17): error TS2339: Property 'eslintSource' does not exist on type 'string'.
coming-soon/public/dashboard/js/utils/codebase-export.browser.js(372,16): error TS2339: Property 'benchmarkScan' does not exist on type 'string'.
coming-soon/public/dashboard/js/utils/codebase-export.browser.js(372,41): error TS2339: Property 'eslintSkipped' does not exist on type 'string'.
coming-soon/public/dashboard/js/utils/codebase-export.browser.js(373,43): error TS2339: Property 'eslintSkipped' does not exist on type 'string'.
coming-soon/public/dashboard/js/utils/codebase-export.browser.js(423,15): error TS2339: Property 'hygieneSummary' does not exist on type 'number'.
coming-soon/public/dashboard/js/utils/codebase-export.browser.js(428,15): error TS2339: Property 'hygieneSummary' does not exist on type 'number'.
coming-soon/public/dashboard/js/utils/codebase-export.browser.js(433,15): error TS2339: Property 'hygieneSummary' does not exist on type 'number'.
coming-soon/public/dashboard/js/utils/codebase-export.browser.js(436,15): error TS2339: Property 'scanScope' does not exist on type 'number'.
coming-soon/public/dashboard/js/utils/codebase-export.browser.js(437,15): error TS2339: Property 'hygieneSummary' does not exist on type 'number'.
coming-soon/public/dashboard/js/utils/codebase-export.browser.js(447,17): error TS2339: Property 'hygieneSummary' does not exist on type 'number'.
coming-soon/public/dashboard/js/utils/codebase-export.browser.js(452,17): error TS2339: Property 'hygieneSummary' does not exist on type 'number'.
coming-soon/public/dashboard/js/utils/codebase-export.browser.js(463,50): error TS2322: Type '{}' is not assignable to type 'string'.
coming-soon/public/dashboard/js/utils/codebase-export.browser.js(468,31): error TS2339: Property 'summary' does not exist on type 'number'.
coming-soon/public/dashboard/js/utils/codebase-export.browser.js(468,63): error TS2339: Property 'eslintSummary' does not exist on type 'number'.
coming-soon/public/dashboard/js/utils/codebase-export.browser.js(469,41): error TS2339: Property 'summary' does not exist on type 'number'.
coming-soon/public/dashboard/js/utils/codebase-export.browser.js(470,51): error TS2339: Property 'summary' does not exist on type 'number'.
coming-soon/public/dashboard/js/utils/codebase-export.browser.js(472,58): error TS2339: Property 'summary' does not exist on type 'number'.
coming-soon/public/dashboard/js/utils/codebase-export.browser.js(472,103): error TS2339: Property 'summary' does not exist on type 'number'.
coming-soon/public/dashboard/js/utils/codebase-export.browser.js(474,28): error TS2339: Property 'summary' does not exist on type 'number'.
coming-soon/public/dashboard/js/utils/codebase-export.browser.js(475,29): error TS2339: Property 'repositoryInventory' does not exist on type 'number'.
coming-soon/public/dashboard/js/utils/codebase-export.browser.js(475,71): error TS2339: Property 'summary' does not exist on type 'number'.
coming-soon/public/dashboard/js/utils/codebase-export.browser.js(481,15): error TS2339: Property 'summary' does not exist on type 'number'.
coming-soon/public/dashboard/js/utils/codebase-export.browser.js(487,28): error TS2339: Property 'repositoryInventory' does not exist on type 'number'.
coming-soon/public/dashboard/js/utils/codebase-export.browser.js(506,58): error TS2339: Property 'hygieneSummary' does not exist on type 'number'.
coming-soon/public/dashboard/js/utils/codebase-export.browser.js(509,25): error TS2339: Property 'summary' does not exist on type 'number'.
coming-soon/public/dashboard/js/utils/codebase-export.browser.js(510,23): error TS2339: Property 'summary' does not exist on type 'number'.
coming-soon/public/dashboard/js/utils/codebase-export.browser.js(511,33): error TS2339: Property 'summary' does not exist on type 'number'.
coming-soon/public/dashboard/js/utils/codebase-export.browser.js(515,33): error TS2339: Property 'structureInsights' does not exist on type 'number'.
coming-soon/public/dashboard/js/utils/codebase-export.browser.js(522,14): error TS2339: Property 'aiSummaryProvider' does not exist on type 'number'.
coming-soon/public/dashboard/js/utils/codebase-export.browser.js(523,40): error TS2339: Property 'aiSummaryProvider' does not exist on type 'number'.
coming-soon/public/dashboard/js/utils/codebase-export.browser.js(535,26): error TS2339: Property 'summary' does not exist on type 'number'.
coming-soon/public/dashboard/js/utils/codebase-export.browser.js(538,29): error TS2339: Property 'repositoryInventory' does not exist on type 'number'.
coming-soon/public/dashboard/js/utils/codebase-export.browser.js(561,50): error TS2339: Property 'eslintSummary' does not exist on type 'number'.
coming-soon/public/dashboard/js/utils/codebase-export.browser.js(562,54): error TS2339: Property 'eslintSummary' does not exist on type 'number'.
coming-soon/public/dashboard/js/utils/codebase-export.browser.js(565,60): error TS2339: Property 'hygieneSummary' does not exist on type 'number'.
coming-soon/public/dashboard/js/utils/codebase-export.browser.js(581,23): error TS2339: Property 'scanScope' does not exist on type 'number'.
coming-soon/public/dashboard/js/utils/codebase-export.browser.js(598,27): error TS2339: Property 'samples' does not exist on type 'any[]'.
coming-soon/public/dashboard/js/utils/codebase-export.browser.js(599,41): error TS2339: Property 'samples' does not exist on type 'any[]'.
coming-soon/public/dashboard/js/utils/codebase-export.browser.js(600,35): error TS2339: Property 'summary' does not exist on type 'any[]'.
coming-soon/public/dashboard/js/utils/codebase-export.browser.js(608,37): error TS2339: Property 'summary' does not exist on type 'any[]'.
coming-soon/public/dashboard/js/utils/codebase-export.browser.js(609,39): error TS2339: Property 'summary' does not exist on type 'any[]'.
coming-soon/public/dashboard/js/utils/codebase-export.browser.js(609,82): error TS2339: Property 'samples' does not exist on type 'any[]'.
coming-soon/public/dashboard/js/utils/codebase-export.browser.js(616,29): error TS2339: Property 'summary' does not exist on type 'any[]'.
coming-soon/public/dashboard/js/utils/codebase-export.browser.js(629,25): error TS2339: Property 'type' does not exist on type 'number'.
coming-soon/public/dashboard/js/utils/codebase-export.browser.js(692,85): error TS2345: Argument of type '{ benchmarkScan: any; eslintSource: any; eslintSkipped: any; }' is not assignable to parameter of type 'string'.
coming-soon/public/dashboard/js/utils/codebase-export.browser.js(741,62): error TS2345: Argument of type '{ repositoryFilesTotal: any; gateRepositoryFilesTotal: any; gateReport: any; }' is not assignable to parameter of type 'string'.
coming-soon/public/dashboard/js/utils/complete-scan-artifact-profile.browser.js(77,46): error TS2740: Type '{}' is missing the following properties from type 'any[]': length, pop, push, concat, and 29 more.
coming-soon/public/dashboard/js/utils/complete-scan-artifact-profile.browser.js(78,23): error TS2339: Property 'fileReduction' does not exist on type 'any[]'.
coming-soon/public/dashboard/js/utils/complete-scan-artifact-profile.browser.js(84,31): error TS2339: Property 'priorityActions' does not exist on type 'any[]'.
coming-soon/public/dashboard/js/utils/completeScanAnalysis.js(12,44): error TS2307: Cannot find module './cleanup-brief-export.browser.js?v=20260601cleanupbrief9' or its corresponding type declarations.
coming-soon/public/dashboard/js/utils/completeScanAnalysis.js(13,49): error TS2307: Cannot find module './data-cleanup-export.browser.js?v=20260601datacleanup8' or its corresponding type declarations.
coming-soon/public/dashboard/js/utils/completeScanAnalysis.js(14,46): error TS2307: Cannot find module './codebase-export.browser.js?v=20260601codebase8' or its corresponding type declarations.
coming-soon/public/dashboard/js/utils/completeScanAnalysis.js(15,72): error TS2307: Cannot find module './roadmap-export.browser.js?v=20260601roadmap10' or its corresponding type declarations.
coming-soon/public/dashboard/js/utils/completeScanAnalysis.js(16,80): error TS2307: Cannot find module './consolidation-export.browser.js?v=20260601consolidation11' or its corresponding type declarations.
coming-soon/public/dashboard/js/utils/completeScanAnalysis.js(17,40): error TS2307: Cannot find module './npm-audit-export.browser.js?v=20260601npmaudit5' or its corresponding type declarations.
coming-soon/public/dashboard/js/utils/completeScanAnalysis.js(18,48): error TS2307: Cannot find module './compliance-export.browser.js?v=20260601complianceexport7' or its corresponding type declarations.
coming-soon/public/dashboard/js/utils/completeScanAnalysis.js(19,50): error TS2307: Cannot find module './simplebeacon-report-export.browser.js?v=20260601gateexport17' or its corresponding type declarations.
coming-soon/public/dashboard/js/utils/completeScanAnalysis.js(41,17): error TS8024: JSDoc '@param' tag has name 'dataQuality', but there is no parameter with that name.
coming-soon/public/dashboard/js/utils/completeScanAnalysis.js(42,20): error TS8024: JSDoc '@param' tag has name 'projectPath', but there is no parameter with that name.
coming-soon/public/dashboard/js/utils/completeScanAnalysis.js(104,59): error TS2345: Argument of type '{ projectPath: any; fileReduction: { safeToDeleteBytes: any; reviewBeforeDeleteBytes: any; immediateSavingsBytes: any; duplicateAssetBytes: any; unusedFileCandidates: any; topSafeDirectories: any; skippedArtifactDirectories: any; benchmarkDirsExcluded: any; reviewLogs: any; summaryTable: any; }; dataQuality: { ...; ...' is not assignable to parameter of type 'any[]'.
  Type '{ projectPath: any; fileReduction: { safeToDeleteBytes: any; reviewBeforeDeleteBytes: any; immediateSavingsBytes: any; duplicateAssetBytes: any; unusedFileCandidates: any; topSafeDirectories: any; skippedArtifactDirectories: any; benchmarkDirsExcluded: any; reviewLogs: any; summaryTable: any; }; dataQuality: { ...; ...' is missing the following properties from type 'any[]': length, pop, push, concat, and 29 more.
coming-soon/public/dashboard/js/utils/completeScanAnalysis.js(117,23): error TS2339: Property 'fileReduction' does not exist on type 'any[]'.
coming-soon/public/dashboard/js/utils/completeScanAnalysis.js(118,23): error TS2339: Property 'dataQuality' does not exist on type 'any[]'.
coming-soon/public/dashboard/js/utils/completeScanAnalysis.js(119,36): error TS2339: Property 'artifactProfile' does not exist on type 'any[]'.
coming-soon/public/dashboard/js/utils/completeScanAnalysis.js(120,28): error TS2339: Property 'priorityActions' does not exist on type 'any[]'.
coming-soon/public/dashboard/js/utils/completeScanAnalysis.js(172,21): error TS2339: Property 'notes' does not exist on type 'any[]'.
coming-soon/public/dashboard/js/utils/completeScanAnalysis.js(173,84): error TS2339: Property 'notes' does not exist on type 'any[]'.
coming-soon/public/dashboard/js/utils/completeScanAnalysis.js(317,81): error TS2322: Type '{}' is not assignable to type 'string'.
coming-soon/public/dashboard/js/utils/completeScanAnalysis.js(319,11): error TS2339: Property 'benchmarkScan' does not exist on type 'String'.
coming-soon/public/dashboard/js/utils/completeScanAnalysis.js(319,26): error TS2339: Property 'hollowGate' does not exist on type 'String'.
coming-soon/public/dashboard/js/utils/completeScanAnalysis.js(319,38): error TS2339: Property 'productPlatformRoot' does not exist on type 'String'.
coming-soon/public/dashboard/js/utils/completeScanAnalysis.js(334,34): error TS2339: Property 'ruleScopedFilesAnalyzed' does not exist on type 'number'.
coming-soon/public/dashboard/js/utils/completeScanAnalysis.js(334,73): error TS2339: Property 'scanScope' does not exist on type 'number'.
coming-soon/public/dashboard/js/utils/completeScanAnalysis.js(411,36): error TS2362: The left-hand side of an arithmetic operation must be of type 'any', 'number', 'bigint' or an enum type.
coming-soon/public/dashboard/js/utils/completeScanAnalysis.js(603,7): error TS2345: Argument of type '{ benchmarkScan: any; hollowGate: any; productPlatformRoot: any; }' is not assignable to parameter of type 'string'.
coming-soon/public/dashboard/js/utils/compliance-audit-export.browser.js(5,50): error TS2307: Cannot find module './simplebeacon-report-export.browser.js?v=20260601gateexport17' or its corresponding type declarations.
coming-soon/public/dashboard/js/utils/compliance-audit-export.browser.js(13,8): error TS2307: Cannot find module './quality-export.browser.js?v=20260531qualityexport8' or its corresponding type declarations.
coming-soon/public/dashboard/js/utils/compliance-audit-export.browser.js(84,30): error TS2339: Property 'jestSummary' does not exist on type 'number'.
coming-soon/public/dashboard/js/utils/compliance-audit-export.browser.js(85,14): error TS2339: Property 'jestBaselineChecked' does not exist on type 'number'.
coming-soon/public/dashboard/js/utils/compliance-audit-export.browser.js(287,29): error TS2740: Type '{}' is missing the following properties from type 'any[]': length, pop, push, concat, and 29 more.
coming-soon/public/dashboard/js/utils/compliance-audit-export.browser.js(420,31): error TS2339: Property 'rawIssues' does not exist on type 'number'.
coming-soon/public/dashboard/js/utils/compliance-audit-export.browser.js(420,58): error TS2339: Property 'rawIssues' does not exist on type 'number'.
coming-soon/public/dashboard/js/utils/compliance-audit-export.browser.js(420,78): error TS2339: Property 'detectedIssues' does not exist on type 'number'.
coming-soon/public/dashboard/js/utils/compliance-audit-export.browser.js(422,22): error TS2339: Property 'severityCounts' does not exist on type 'number'.
coming-soon/public/dashboard/js/utils/compliance-audit-export.browser.js(426,26): error TS2339: Property 'productionLeakFindings' does not exist on type 'number'.
coming-soon/public/dashboard/js/utils/compliance-audit-export.browser.js(443,26): error TS2339: Property 'gate' does not exist on type 'number'.
coming-soon/public/dashboard/js/utils/compliance-audit-export.browser.js(447,29): error TS2339: Property 'gate' does not exist on type 'number'.
coming-soon/public/dashboard/js/utils/compliance-audit-export.browser.js(448,28): error TS2339: Property 'gate' does not exist on type 'number'.
coming-soon/public/dashboard/js/utils/compliance-audit-export.browser.js(464,25): error TS2339: Property 'projectRoot' does not exist on type 'number'.
coming-soon/public/dashboard/js/utils/compliance-audit-export.browser.js(526,21): error TS2339: Property 'gate' does not exist on type 'any[]'.
coming-soon/public/dashboard/js/utils/compliance-audit-export.browser.js(532,12): error TS2339: Property 'jestBaseline' does not exist on type '{ gate: any; length: number; toString(): string; toLocaleString(): string; toLocaleString(locales: string | string[], options?: NumberFormatOptions & DateTimeFormatOptions): string; ... 31 more ...; [Symbol.unscopables]: { ...; }; }'.
coming-soon/public/dashboard/js/utils/compliance-audit-export.browser.js(533,29): error TS2339: Property 'jestBaseline' does not exist on type '{ gate: any; length: number; toString(): string; toLocaleString(): string; toLocaleString(locales: string | string[], options?: NumberFormatOptions & DateTimeFormatOptions): string; ... 31 more ...; [Symbol.unscopables]: { ...; }; }'.
coming-soon/public/dashboard/js/utils/compliance-audit-export.browser.js(534,10): error TS2339: Property 'jestBaseline' does not exist on type '{ gate: any; length: number; toString(): string; toLocaleString(): string; toLocaleString(locales: string | string[], options?: NumberFormatOptions & DateTimeFormatOptions): string; ... 31 more ...; [Symbol.unscopables]: { ...; }; }'.
coming-soon/public/dashboard/js/utils/compliance-audit-export.browser.js(535,15): error TS2339: Property 'jestBaseline' does not exist on type '{ gate: any; length: number; toString(): string; toLocaleString(): string; toLocaleString(locales: string | string[], options?: NumberFormatOptions & DateTimeFormatOptions): string; ... 31 more ...; [Symbol.unscopables]: { ...; }; }'.
coming-soon/public/dashboard/js/utils/compliance-audit-export.browser.js(537,67): error TS2339: Property 'jestBaseline' does not exist on type '{ gate: any; length: number; toString(): string; toLocaleString(): string; toLocaleString(locales: string | string[], options?: NumberFormatOptions & DateTimeFormatOptions): string; ... 31 more ...; [Symbol.unscopables]: { ...; }; }'.
coming-soon/public/dashboard/js/utils/compliance-audit-export.browser.js(628,43): error TS2322: Type '{}' is not assignable to type 'string'.
coming-soon/public/dashboard/js/utils/compliance-audit-export.browser.js(631,29): error TS2339: Property 'jestTestsLabel' does not exist on type 'string'.
coming-soon/public/dashboard/js/utils/compliance-audit-export.browser.js(728,54): error TS2345: Argument of type '{ jestTestsLabel: any; }' is not assignable to parameter of type 'string'.
coming-soon/public/dashboard/js/utils/compliance-audit-export.browser.js(800,37): error TS2740: Type '{}' is missing the following properties from type 'any[]': length, pop, push, concat, and 29 more.
coming-soon/public/dashboard/js/utils/compliance-audit-export.browser.js(854,17): error TS8024: JSDoc '@param' tag has name 'assessment', but there is no parameter with that name.
coming-soon/public/dashboard/js/utils/compliance-audit-export.browser.js(855,17): error TS8024: JSDoc '@param' tag has name 'npmAudit', but there is no parameter with that name.
coming-soon/public/dashboard/js/utils/compliance-audit-export.browser.js(856,17): error TS8024: JSDoc '@param' tag has name 'summary', but there is no parameter with that name.
coming-soon/public/dashboard/js/utils/compliance-export.browser.js(5,40): error TS2307: Cannot find module './npm-audit-export.browser.js?v=20260601npmaudit5' or its corresponding type declarations.
coming-soon/public/dashboard/js/utils/compliance-export.browser.js(60,58): error TS2322: Type '{}' is not assignable to type 'string'.
coming-soon/public/dashboard/js/utils/compliance-export.browser.js(61,39): error TS2339: Property 'productPlatformRoot' does not exist on type 'string'.
coming-soon/public/dashboard/js/utils/compliance-export.browser.js(111,22): error TS2339: Property 'ruleScopedFilesAnalyzed' does not exist on type 'number'.
coming-soon/public/dashboard/js/utils/compliance-export.browser.js(112,20): error TS2339: Property 'scanScope' does not exist on type 'number'.
coming-soon/public/dashboard/js/utils/compliance-export.browser.js(122,30): error TS2339: Property 'gate' does not exist on type 'number'.
coming-soon/public/dashboard/js/utils/compliance-export.browser.js(131,31): error TS2339: Property 'schemaChecked' does not exist on type 'number'.
coming-soon/public/dashboard/js/utils/compliance-export.browser.js(131,60): error TS2339: Property 'pageSampleSchemaChecked' does not exist on type 'number'.
coming-soon/public/dashboard/js/utils/compliance-export.browser.js(132,30): error TS2339: Property 'schemaPassed' does not exist on type 'number'.
coming-soon/public/dashboard/js/utils/compliance-export.browser.js(132,58): error TS2339: Property 'pageSampleSchemaPassed' does not exist on type 'number'.
coming-soon/public/dashboard/js/utils/compliance-export.browser.js(144,18): error TS2339: Property 'gate' does not exist on type 'number'.
coming-soon/public/dashboard/js/utils/compliance-export.browser.js(145,31): error TS2339: Property 'gate' does not exist on type 'number'.
coming-soon/public/dashboard/js/utils/compliance-export.browser.js(145,65): error TS2339: Property 'issueCount' does not exist on type 'number'.
coming-soon/public/dashboard/js/utils/compliance-export.browser.js(147,19): error TS2339: Property 'productionLeakFindings' does not exist on type 'number'.
coming-soon/public/dashboard/js/utils/compliance-export.browser.js(190,36): error TS2339: Property 'schemaChecked' does not exist on type 'number'.
coming-soon/public/dashboard/js/utils/compliance-export.browser.js(190,64): error TS2339: Property 'pageSampleSchemaChecked' does not exist on type 'number'.
coming-soon/public/dashboard/js/utils/compliance-export.browser.js(191,35): error TS2339: Property 'schemaPassed' does not exist on type 'number'.
coming-soon/public/dashboard/js/utils/compliance-export.browser.js(191,62): error TS2339: Property 'pageSampleSchemaPassed' does not exist on type 'number'.
coming-soon/public/dashboard/js/utils/compliance-export.browser.js(199,46): error TS2339: Property 'gate' does not exist on type 'number'.
coming-soon/public/dashboard/js/utils/compliance-export.browser.js(205,47): error TS2339: Property 'productionLeakFindings' does not exist on type 'number'.
coming-soon/public/dashboard/js/utils/compliance-export.browser.js(209,41): error TS2339: Property 'productionLeakScanned' does not exist on type 'number'.
coming-soon/public/dashboard/js/utils/compliance-export.browser.js(226,40): error TS2339: Property 'generatedAt' does not exist on type 'number'.
coming-soon/public/dashboard/js/utils/compliance-export.browser.js(227,40): error TS2339: Property 'generatedAt' does not exist on type 'number'.
coming-soon/public/dashboard/js/utils/compliance-export.browser.js(296,15): error TS2339: Property 'benchmarkScan' does not exist on type 'string'.
coming-soon/public/dashboard/js/utils/compliance-export.browser.js(296,40): error TS2339: Property 'hollowGate' does not exist on type 'string'.
coming-soon/public/dashboard/js/utils/compliance-export.browser.js(324,35): error TS2339: Property 'scanScope' does not exist on type 'number'.
coming-soon/public/dashboard/js/utils/compliance-export.browser.js(328,33): error TS2339: Property 'repositoryFilesTotal' does not exist on type 'number'.
coming-soon/public/dashboard/js/utils/compliance-export.browser.js(329,20): error TS2339: Property 'repositoryInventory' does not exist on type 'number'.
coming-soon/public/dashboard/js/utils/compliance-export.browser.js(332,41): error TS2339: Property 'credentialScanned' does not exist on type 'number'.
coming-soon/public/dashboard/js/utils/compliance-export.browser.js(333,20): error TS2339: Property 'scanScope' does not exist on type 'number'.
coming-soon/public/dashboard/js/utils/compliance-export.browser.js(336,38): error TS2339: Property 'scanScope' does not exist on type 'number'.
coming-soon/public/dashboard/js/utils/compliance-export.browser.js(337,20): error TS2339: Property 'scanScope' does not exist on type 'number'.
coming-soon/public/dashboard/js/utils/compliance-export.browser.js(338,20): error TS2339: Property 'credentialScanned' does not exist on type 'number'.
coming-soon/public/dashboard/js/utils/compliance-export.browser.js(343,31): error TS2339: Property 'benchmarkScan' does not exist on type 'string'.
coming-soon/public/dashboard/js/utils/compliance-export.browser.js(343,75): error TS2339: Property 'hollowGate' does not exist on type 'string'.
coming-soon/public/dashboard/js/utils/compliance-export.browser.js(355,42): error TS2339: Property 'fictionJsonFilesScanned' does not exist on type 'number'.
coming-soon/public/dashboard/js/utils/compliance-export.browser.js(356,22): error TS2339: Property 'scanScope' does not exist on type 'number'.
coming-soon/public/dashboard/js/utils/compliance-export.browser.js(359,44): error TS2339: Property 'fictionSampleFilesScanned' does not exist on type 'number'.
coming-soon/public/dashboard/js/utils/compliance-export.browser.js(360,22): error TS2339: Property 'scanScope' does not exist on type 'number'.
coming-soon/public/dashboard/js/utils/compliance-export.browser.js(366,21): error TS2339: Property 'jestBaselineChecked' does not exist on type 'number'.
coming-soon/public/dashboard/js/utils/compliance-export.browser.js(382,20): error TS2339: Property 'repositoryFilesTotal' does not exist on type 'number'.
coming-soon/public/dashboard/js/utils/compliance-export.browser.js(383,20): error TS2339: Property 'repositoryInventory' does not exist on type 'number'.
coming-soon/public/dashboard/js/utils/compliance-export.browser.js(387,35): error TS2339: Property 'scanScope' does not exist on type 'number'.
coming-soon/public/dashboard/js/utils/compliance-export.browser.js(414,16): error TS2339: Property 'benchmarkScan' does not exist on type 'string'.
coming-soon/public/dashboard/js/utils/compliance-export.browser.js(418,15): error TS2339: Property 'benchmarkScan' does not exist on type 'string'.
coming-soon/public/dashboard/js/utils/compliance-export.browser.js(421,15): error TS2339: Property 'hollowGate' does not exist on type 'string'.
coming-soon/public/dashboard/js/utils/compliance-export.browser.js(424,19): error TS2339: Property 'jestBaselineChecked' does not exist on type 'number'.
coming-soon/public/dashboard/js/utils/compliance-export.browser.js(431,46): error TS2339: Property 'benchmarkScan' does not exist on type 'string'.
coming-soon/public/dashboard/js/utils/compliance-export.browser.js(431,72): error TS2339: Property 'hollowGate' does not exist on type 'string'.
coming-soon/public/dashboard/js/utils/compliance-export.browser.js(434,33): error TS2339: Property 'repositoryFilesTotal' does not exist on type 'number'.
coming-soon/public/dashboard/js/utils/compliance-export.browser.js(435,20): error TS2339: Property 'repositoryInventory' does not exist on type 'number'.
coming-soon/public/dashboard/js/utils/compliance-export.browser.js(437,41): error TS2339: Property 'credentialScanned' does not exist on type 'number'.
coming-soon/public/dashboard/js/utils/compliance-export.browser.js(438,20): error TS2339: Property 'productionLeakScanned' does not exist on type 'number'.
coming-soon/public/dashboard/js/utils/compliance-export.browser.js(439,20): error TS2339: Property 'scanScope' does not exist on type 'number'.
coming-soon/public/dashboard/js/utils/compliance-export.browser.js(446,35): error TS2339: Property 'fictionJsonFilesScanned' does not exist on type 'number'.
coming-soon/public/dashboard/js/utils/compliance-export.browser.js(446,74): error TS2339: Property 'scanScope' does not exist on type 'number'.
coming-soon/public/dashboard/js/utils/compliance-export.browser.js(447,38): error TS2339: Property 'fictionSampleFilesScanned' does not exist on type 'number'.
coming-soon/public/dashboard/js/utils/compliance-export.browser.js(447,79): error TS2339: Property 'scanScope' does not exist on type 'number'.
coming-soon/public/dashboard/js/utils/compliance-export.browser.js(454,61): error TS2339: Property 'euAiActSummary' does not exist on type 'number'.
coming-soon/public/dashboard/js/utils/compliance-export.browser.js(459,35): error TS2339: Property 'scanScope' does not exist on type 'number'.
coming-soon/public/dashboard/js/utils/compliance-export.browser.js(466,36): error TS2339: Property 'benchmarkScan' does not exist on type 'string'.
coming-soon/public/dashboard/js/utils/compliance-export.browser.js(466,80): error TS2339: Property 'hollowGate' does not exist on type 'string'.
coming-soon/public/dashboard/js/utils/compliance-export.browser.js(467,52): error TS2339: Property 'gate' does not exist on type 'number'.
coming-soon/public/dashboard/js/utils/compliance-export.browser.js(474,33): error TS2339: Property 'gate' does not exist on type 'number'.
coming-soon/public/dashboard/js/utils/compliance-export.browser.js(474,67): error TS2339: Property 'issueCount' does not exist on type 'number'.
coming-soon/public/dashboard/js/utils/compliance-export.browser.js(495,33): error TS2339: Property 'benchmarkScan' does not exist on type 'string'.
coming-soon/public/dashboard/js/utils/compliance-export.browser.js(496,30): error TS2339: Property 'hollowGate' does not exist on type 'string'.
coming-soon/public/dashboard/js/utils/compliance-export.browser.js(497,69): error TS2339: Property 'gateReport' does not exist on type 'string'.
coming-soon/public/dashboard/js/utils/compliance-export.browser.js(499,15): error TS2339: Property 'npmAudit' does not exist on type 'string'.
coming-soon/public/dashboard/js/utils/compliance-export.browser.js(500,67): error TS2339: Property 'npmAudit' does not exist on type 'string'.
coming-soon/public/dashboard/js/utils/compliance-export.browser.js(568,87): error TS2345: Argument of type '{ benchmarkScan: any; hollowGate: any; productPlatformRoot: any; projectPath: any; gateReport: any; npmAudit: any; }' is not assignable to parameter of type 'string'.
coming-soon/public/dashboard/js/utils/compliance-export.browser.js(569,73): error TS2345: Argument of type '{ benchmarkScan: any; hollowGate: any; productPlatformRoot: any; projectPath: any; gateReport: any; npmAudit: any; }' is not assignable to parameter of type 'string'.
coming-soon/public/dashboard/js/utils/compliance-export.browser.js(575,71): error TS2345: Argument of type '{ benchmarkScan: any; hollowGate: any; productPlatformRoot: any; projectPath: any; gateReport: any; npmAudit: any; }' is not assignable to parameter of type 'string'.
coming-soon/public/dashboard/js/utils/compliance-export.browser.js(577,89): error TS2345: Argument of type '{ benchmarkScan: any; hollowGate: any; productPlatformRoot: any; projectPath: any; gateReport: any; npmAudit: any; }' is not assignable to parameter of type 'string'.
coming-soon/public/dashboard/js/utils/compliance-export.browser.js(636,95): error TS2345: Argument of type '{ benchmarkScan: any; hollowGate: any; productPlatformRoot: any; projectPath: any; gateReport: any; npmAudit: any; }' is not assignable to parameter of type 'string'.
coming-soon/public/dashboard/js/utils/compliance-export.browser.js(637,67): error TS2345: Argument of type '{ benchmarkScan: any; hollowGate: any; productPlatformRoot: any; projectPath: any; gateReport: any; npmAudit: any; }' is not assignable to parameter of type 'string'.
coming-soon/public/dashboard/js/utils/compliance-export.browser.js(639,71): error TS2345: Argument of type '{ benchmarkScan: any; hollowGate: any; productPlatformRoot: any; projectPath: any; gateReport: any; npmAudit: any; }' is not assignable to parameter of type 'string'.
coming-soon/public/dashboard/js/utils/compliance-export.browser.js(666,68): error TS2345: Argument of type '{ benchmarkScan: any; hollowGate: any; productPlatformRoot: any; projectPath: any; gateReport: any; npmAudit: any; }' is not assignable to parameter of type 'string'.
coming-soon/public/dashboard/js/utils/consolidation-export.browser.js(363,37): error TS2339: Property 'intentionalPairsExcluded' does not exist on type 'any[]'.
coming-soon/public/dashboard/js/utils/consolidation-export.browser.js(454,29): error TS2339: Property 'files' does not exist on type 'string'.
coming-soon/public/dashboard/js/utils/consolidation-export.browser.js(540,21): error TS2339: Property 'intentionalPairsExcluded' does not exist on type 'any[]'.
coming-soon/public/dashboard/js/utils/consolidation-export.browser.js(602,29): error TS2339: Property 'files' does not exist on type 'string'.
coming-soon/public/dashboard/js/utils/consolidation-export.browser.js(616,48): error TS2339: Property 'fuzzyNearDuplicates' does not exist on type 'any[]'.
coming-soon/public/dashboard/js/utils/consolidation-export.browser.js(619,35): error TS2339: Property 'patternConsolidation' does not exist on type 'any[]'.
coming-soon/public/dashboard/js/utils/consolidation-export.browser.js(625,19): error TS2339: Property 'fuzzyNearDuplicates' does not exist on type 'any[]'.
coming-soon/public/dashboard/js/utils/consolidation-export.browser.js(630,19): error TS2339: Property 'patternConsolidation' does not exist on type 'any[]'.
coming-soon/public/dashboard/js/utils/consolidation-export.browser.js(769,72): error TS2322: Type '{}' is not assignable to type 'string'.
coming-soon/public/dashboard/js/utils/consolidation-export.browser.js(978,7): error TS2345: Argument of type '{ repositoryFilesTotal: any; gateReport: any; }' is not assignable to parameter of type 'string'.
coming-soon/public/dashboard/js/utils/dashboard-export.browser.js(11,50): error TS2307: Cannot find module './simplebeacon-report-export.browser.js?v=20260601gateexport17' or its corresponding type declarations.
coming-soon/public/dashboard/js/utils/dashboard-export.browser.js(18,8): error TS2307: Cannot find module './quality-export.browser.js?v=20260531qualityexport8' or its corresponding type declarations.
coming-soon/public/dashboard/js/utils/dashboard-export.browser.js(38,31): error TS2339: Property 'projectRoot' does not exist on type 'number'.
coming-soon/public/dashboard/js/utils/dashboard-export.browser.js(39,26): error TS2339: Property 'benchmarkScan' does not exist on type 'number'.
coming-soon/public/dashboard/js/utils/dashboard-export.browser.js(39,51): error TS2339: Property 'scanTargetProfile' does not exist on type 'number'.
coming-soon/public/dashboard/js/utils/dashboard-export.browser.js(50,35): error TS2339: Property 'productPlatformRoot' does not exist on type 'number'.
coming-soon/public/dashboard/js/utils/dashboard-export.browser.js(50,66): error TS2339: Property 'platformRoot' does not exist on type 'number'.
coming-soon/public/dashboard/js/utils/dashboard-export.browser.js(52,36): error TS2339: Property 'projectRoot' does not exist on type 'number'.
coming-soon/public/dashboard/js/utils/dashboard-export.browser.js(129,31): error TS2339: Property 'pageSampleSchemaChecked' does not exist on type 'number'.
coming-soon/public/dashboard/js/utils/dashboard-export.browser.js(130,17): error TS2339: Property 'pageSampleSchemaPassed' does not exist on type 'number'.
coming-soon/public/dashboard/js/utils/dashboard-export.browser.js(130,55): error TS2339: Property 'pageSampleSchemaChecked' does not exist on type 'number'.
coming-soon/public/dashboard/js/utils/dashboard-export.browser.js(149,31): error TS2339: Property 'pageSampleSchemaChecked' does not exist on type 'number'.
coming-soon/public/dashboard/js/utils/dashboard-export.browser.js(150,17): error TS2339: Property 'pageSampleSchemaPassed' does not exist on type 'number'.
coming-soon/public/dashboard/js/utils/dashboard-export.browser.js(150,55): error TS2339: Property 'pageSampleSchemaChecked' does not exist on type 'number'.
coming-soon/public/dashboard/js/utils/dashboard-export.browser.js(169,49): error TS2339: Property 'scanScope' does not exist on type 'number'.
coming-soon/public/dashboard/js/utils/dashboard-export.browser.js(171,16): error TS2339: Property 'scanScope' does not exist on type 'number'.
coming-soon/public/dashboard/js/utils/dashboard-export.browser.js(172,16): error TS2339: Property 'jestBaselineChecked' does not exist on type 'number'.
coming-soon/public/dashboard/js/utils/dashboard-export.browser.js(187,79): error TS2362: The left-hand side of an arithmetic operation must be of type 'any', 'number', 'bigint' or an enum type.
coming-soon/public/dashboard/js/utils/dashboard-export.browser.js(206,22): error TS2367: This comparison appears to be unintentional because the types 'number' and 'any[]' have no overlap.
coming-soon/public/dashboard/js/utils/dashboard-export.browser.js(236,25): error TS2554: Expected 3 arguments, but got 2.
coming-soon/public/dashboard/js/utils/dashboard-export.browser.js(237,31): error TS2339: Property 'jestSummary' does not exist on type 'number'.
coming-soon/public/dashboard/js/utils/dashboard-export.browser.js(238,15): error TS2339: Property 'jestBaselineChecked' does not exist on type 'number'.
coming-soon/public/dashboard/js/utils/dashboard-export.browser.js(259,28): error TS2339: Property 'detectedIssues' does not exist on type 'number'.
coming-soon/public/dashboard/js/utils/dashboard-export.browser.js(259,54): error TS2339: Property 'detectedIssues' does not exist on type 'number'.
coming-soon/public/dashboard/js/utils/dashboard-export.browser.js(260,19): error TS2339: Property 'detectedIssues' does not exist on type 'number'.
coming-soon/public/dashboard/js/utils/dashboard-export.browser.js(262,17): error TS2339: Property 'rawIssues' does not exist on type 'number'.
coming-soon/public/dashboard/js/utils/dashboard-export.browser.js(288,28): error TS2339: Property 'credentialFindings' does not exist on type 'number'.
coming-soon/public/dashboard/js/utils/dashboard-export.browser.js(290,28): error TS2339: Property 'productionLeakFindings' does not exist on type 'number'.
coming-soon/public/dashboard/js/utils/dashboard-export.browser.js(319,23): error TS2339: Property 'severityCounts' does not exist on type 'number'.
coming-soon/public/dashboard/js/utils/dashboard-export.browser.js(320,24): error TS2339: Property 'gate' does not exist on type 'number'.
coming-soon/public/dashboard/js/utils/dashboard-export.browser.js(382,25): error TS2339: Property 'projectRoot' does not exist on type 'number'.
coming-soon/public/dashboard/js/utils/dashboard-export.browser.js(436,53): error TS2322: Type '{}' is not assignable to type 'string'.
coming-soon/public/dashboard/js/utils/dashboard-export.browser.js(442,29): error TS2339: Property 'repositoryFilesTotal' does not exist on type 'string'.
coming-soon/public/dashboard/js/utils/dashboard-export.browser.js(443,34): error TS2339: Property 'pageSpecsLabel' does not exist on type 'string'.
coming-soon/public/dashboard/js/utils/dashboard-export.browser.js(444,34): error TS2339: Property 'jestTests' does not exist on type 'string'.
coming-soon/public/dashboard/js/utils/dashboard-export.browser.js(452,33): error TS2339: Property 'benchmarkScan' does not exist on type 'string'.
coming-soon/public/dashboard/js/utils/dashboard-export.browser.js(495,43): error TS2322: Type '{}' is not assignable to type 'string'.
coming-soon/public/dashboard/js/utils/dashboard-export.browser.js(498,34): error TS2339: Property 'pageSpecsLabel' does not exist on type 'string'.
coming-soon/public/dashboard/js/utils/dashboard-export.browser.js(537,17): error TS8024: JSDoc '@param' tag has name 'baseline', but there is no parameter with that name.
coming-soon/public/dashboard/js/utils/dashboard-export.browser.js(538,17): error TS8024: JSDoc '@param' tag has name 'dashboardHome', but there is no parameter with that name.
coming-soon/public/dashboard/js/utils/dashboard-export.browser.js(539,17): error TS8024: JSDoc '@param' tag has name 'history', but there is no parameter with that name.
coming-soon/public/dashboard/js/utils/dashboard-export.browser.js(554,3): error TS2339: Property 'report' does not exist on type '{ projectLabel?: string; benchmarkScan?: boolean; productPlatformRoot?: null; }'.
coming-soon/public/dashboard/js/utils/dashboard-export.browser.js(555,3): error TS2339: Property 'baseline' does not exist on type '{ projectLabel?: string; benchmarkScan?: boolean; productPlatformRoot?: null; }'.
coming-soon/public/dashboard/js/utils/dashboard-export.browser.js(556,3): error TS2339: Property 'dashboardHome' does not exist on type '{ projectLabel?: string; benchmarkScan?: boolean; productPlatformRoot?: null; }'.
coming-soon/public/dashboard/js/utils/dashboard-export.browser.js(557,3): error TS2339: Property 'history' does not exist on type '{ projectLabel?: string; benchmarkScan?: boolean; productPlatformRoot?: null; }'.
coming-soon/public/dashboard/js/utils/dashboard-export.browser.js(558,3): error TS2339: Property 'scanConclusion' does not exist on type '{ projectLabel?: string; benchmarkScan?: boolean; productPlatformRoot?: null; }'.
coming-soon/public/dashboard/js/utils/dashboard-export.browser.js(615,3): error TS2339: Property 'report' does not exist on type '{}'.
coming-soon/public/dashboard/js/utils/dashboard-export.browser.js(616,3): error TS2339: Property 'baseline' does not exist on type '{}'.
coming-soon/public/dashboard/js/utils/dashboard-export.browser.js(617,3): error TS2339: Property 'config' does not exist on type '{}'.
coming-soon/public/dashboard/js/utils/dashboard-export.browser.js(618,3): error TS2339: Property 'history' does not exist on type '{}'.
coming-soon/public/dashboard/js/utils/dashboard-export.browser.js(619,3): error TS2339: Property 'dashboardHome' does not exist on type '{}'.
coming-soon/public/dashboard/js/utils/dashboard-export.browser.js(620,3): error TS2339: Property 'scanConclusion' does not exist on type '{}'.
coming-soon/public/dashboard/js/utils/dashboard-export.browser.js(621,3): error TS2339: Property 'exportFilename' does not exist on type '{}'.
coming-soon/public/dashboard/js/utils/dashboard-export.browser.js(631,5): error TS2353: Object literal may only specify known properties, and 'report' does not exist in type '{ projectLabel?: string; benchmarkScan?: boolean; productPlatformRoot?: any; }'.
coming-soon/public/dashboard/js/utils/dashboard-export.browser.js(689,48): error TS2345: Argument of type '{ pageSpecsLabel: any; }' is not assignable to parameter of type 'string'.
coming-soon/public/dashboard/js/utils/dashboard-export.browser.js(692,63): error TS2345: Argument of type '{ benchmarkScan: any; repositoryFilesTotal: any; pageSpecsLabel: any; jestTests: any; }' is not assignable to parameter of type 'string'.
coming-soon/public/dashboard/js/utils/dashboard-export.browser.js(738,45): error TS2554: Expected 0-1 arguments, but got 2.
coming-soon/public/dashboard/js/utils/dashboard-export.browser.js(793,26): error TS2339: Property 'detectedIssues' does not exist on type 'number'.
coming-soon/public/dashboard/js/utils/dashboard-export.browser.js(818,17): error TS8024: JSDoc '@param' tag has name 'history', but there is no parameter with that name.
coming-soon/public/dashboard/js/utils/dashboard-export.browser.js(819,20): error TS8024: JSDoc '@param' tag has name 'report', but there is no parameter with that name.
coming-soon/public/dashboard/js/utils/dashboard-export.browser.js(820,17): error TS8024: JSDoc '@param' tag has name 'summary', but there is no parameter with that name.
coming-soon/public/dashboard/js/utils/data-cleanup-export.browser.js(5,49): error TS2307: Cannot find module './cleanup-brief-export.browser.js?v=20260601cleanupbrief9' or its corresponding type declarations.
coming-soon/public/dashboard/js/utils/data-cleanup-export.browser.js(6,44): error TS2307: Cannot find module './quality-export.browser.js?v=20260531qualityexport8' or its corresponding type declarations.
coming-soon/public/dashboard/js/utils/data-cleanup-export.browser.js(49,5): error TS2698: Spread types may only be created from object types.
coming-soon/public/dashboard/js/utils/data-cleanup-export.browser.js(51,16): error TS2339: Property 'projectPath' does not exist on type 'number'.
coming-soon/public/dashboard/js/utils/data-cleanup-export.browser.js(80,31): error TS2339: Property 'projectRoot' does not exist on type 'number'.
coming-soon/public/dashboard/js/utils/data-cleanup-export.browser.js(80,54): error TS2339: Property 'projectPath' does not exist on type 'number'.
coming-soon/public/dashboard/js/utils/data-cleanup-export.browser.js(133,28): error TS2339: Property 'fileReductionPlan' does not exist on type 'number'.
coming-soon/public/dashboard/js/utils/data-cleanup-export.browser.js(134,25): error TS2339: Property 'summary' does not exist on type 'number'.
coming-soon/public/dashboard/js/utils/data-cleanup-export.browser.js(135,28): error TS2339: Property 'summary' does not exist on type 'number'.
coming-soon/public/dashboard/js/utils/data-cleanup-export.browser.js(213,15): error TS2339: Property 'inventory' does not exist on type 'number'.
coming-soon/public/dashboard/js/utils/data-cleanup-export.browser.js(214,15): error TS2339: Property 'hygieneSummary' does not exist on type 'number'.
coming-soon/public/dashboard/js/utils/data-cleanup-export.browser.js(215,15): error TS2339: Property 'scanScope' does not exist on type 'number'.
coming-soon/public/dashboard/js/utils/data-cleanup-export.browser.js(220,15): error TS2339: Property 'hygieneSummary' does not exist on type 'number'.
coming-soon/public/dashboard/js/utils/data-cleanup-export.browser.js(225,15): error TS2339: Property 'hygieneSummary' does not exist on type 'number'.
coming-soon/public/dashboard/js/utils/data-cleanup-export.browser.js(228,15): error TS2339: Property 'scanScope' does not exist on type 'number'.
coming-soon/public/dashboard/js/utils/data-cleanup-export.browser.js(229,15): error TS2339: Property 'hygieneSummary' does not exist on type 'number'.
coming-soon/public/dashboard/js/utils/data-cleanup-export.browser.js(239,17): error TS2339: Property 'hygieneSummary' does not exist on type 'number'.
coming-soon/public/dashboard/js/utils/data-cleanup-export.browser.js(244,17): error TS2339: Property 'hygieneSummary' does not exist on type 'number'.
coming-soon/public/dashboard/js/utils/data-cleanup-export.browser.js(259,33): error TS2339: Property 'inventory' does not exist on type 'number'.
coming-soon/public/dashboard/js/utils/data-cleanup-export.browser.js(261,31): error TS2339: Property 'dataQualityStatus' does not exist on type 'number'.
coming-soon/public/dashboard/js/utils/data-cleanup-export.browser.js(262,27): error TS2339: Property 'summary' does not exist on type 'number'.
coming-soon/public/dashboard/js/utils/data-cleanup-export.browser.js(272,30): error TS2339: Property 'scanners' does not exist on type 'number'.
coming-soon/public/dashboard/js/utils/data-cleanup-export.browser.js(273,17): error TS2339: Property 'scanners' does not exist on type 'number'.
coming-soon/public/dashboard/js/utils/data-cleanup-export.browser.js(275,28): error TS2339: Property 'scanners' does not exist on type 'number'.
coming-soon/public/dashboard/js/utils/data-cleanup-export.browser.js(276,31): error TS2339: Property 'scanners' does not exist on type 'number'.
coming-soon/public/dashboard/js/utils/data-cleanup-export.browser.js(277,36): error TS2339: Property 'scanners' does not exist on type 'number'.
coming-soon/public/dashboard/js/utils/data-cleanup-export.browser.js(278,17): error TS2339: Property 'metadata' does not exist on type 'number'.
coming-soon/public/dashboard/js/utils/data-cleanup-export.browser.js(280,37): error TS2339: Property 'scanners' does not exist on type 'number'.
coming-soon/public/dashboard/js/utils/data-cleanup-export.browser.js(281,37): error TS2339: Property 'metadata' does not exist on type 'number'.
coming-soon/public/dashboard/js/utils/data-cleanup-export.browser.js(285,60): error TS2339: Property 'hygieneSummary' does not exist on type 'number'.
coming-soon/public/dashboard/js/utils/data-cleanup-export.browser.js(306,47): error TS2339: Property 'enabledScanners' does not exist on type 'number'.
coming-soon/public/dashboard/js/utils/data-cleanup-export.browser.js(306,73): error TS2339: Property 'enabledScanners' does not exist on type 'number'.
coming-soon/public/dashboard/js/utils/data-cleanup-export.browser.js(323,33): error TS2339: Property 'inventory' does not exist on type 'number'.
coming-soon/public/dashboard/js/utils/data-cleanup-export.browser.js(324,32): error TS2339: Property 'scanners' does not exist on type 'number'.
coming-soon/public/dashboard/js/utils/data-cleanup-export.browser.js(325,15): error TS2339: Property 'fileReductionPlan' does not exist on type 'number'.
coming-soon/public/dashboard/js/utils/data-cleanup-export.browser.js(327,30): error TS2339: Property 'metadata' does not exist on type 'number'.
coming-soon/public/dashboard/js/utils/data-cleanup-export.browser.js(328,15): error TS2339: Property 'scanners' does not exist on type 'number'.
coming-soon/public/dashboard/js/utils/data-cleanup-export.browser.js(331,33): error TS2339: Property 'fileReductionStatus' does not exist on type 'number'.
coming-soon/public/dashboard/js/utils/data-cleanup-export.browser.js(341,31): error TS2339: Property 'fileReductionPlan' does not exist on type 'number'.
coming-soon/public/dashboard/js/utils/data-cleanup-export.browser.js(342,17): error TS2339: Property 'scanners' does not exist on type 'number'.
coming-soon/public/dashboard/js/utils/data-cleanup-export.browser.js(344,33): error TS2339: Property 'fileReductionPlan' does not exist on type 'number'.
coming-soon/public/dashboard/js/utils/data-cleanup-export.browser.js(345,17): error TS2339: Property 'scanners' does not exist on type 'number'.
coming-soon/public/dashboard/js/utils/data-cleanup-export.browser.js(347,34): error TS2339: Property 'summary' does not exist on type 'number'.
coming-soon/public/dashboard/js/utils/data-cleanup-export.browser.js(349,31): error TS2339: Property 'scanners' does not exist on type 'number'.
coming-soon/public/dashboard/js/utils/data-cleanup-export.browser.js(351,47): error TS2339: Property 'enabledScanners' does not exist on type 'number'.
coming-soon/public/dashboard/js/utils/data-cleanup-export.browser.js(351,73): error TS2339: Property 'enabledScanners' does not exist on type 'number'.
coming-soon/public/dashboard/js/utils/data-cleanup-export.browser.js(355,60): error TS2339: Property 'hygieneSummary' does not exist on type 'number'.
coming-soon/public/dashboard/js/utils/data-cleanup-export.browser.js(376,47): error TS2339: Property 'enabledScanners' does not exist on type 'number'.
coming-soon/public/dashboard/js/utils/data-cleanup-export.browser.js(376,73): error TS2339: Property 'enabledScanners' does not exist on type 'number'.
coming-soon/public/dashboard/js/utils/data-cleanup-export.browser.js(381,17): error TS2339: Property 'scanScope' does not exist on type 'number'.
coming-soon/public/dashboard/js/utils/data-cleanup-export.browser.js(397,14): error TS2339: Property 'inventory' does not exist on type 'number'.
coming-soon/public/dashboard/js/utils/data-cleanup-export.browser.js(398,30): error TS2339: Property 'inventory' does not exist on type 'number'.
coming-soon/public/dashboard/js/utils/data-cleanup-export.browser.js(417,31): error TS2339: Property 'scanners' does not exist on type 'number'.
coming-soon/public/dashboard/js/utils/data-cleanup-export.browser.js(423,28): error TS2339: Property 'fileReductionPlan' does not exist on type 'number'.
coming-soon/public/dashboard/js/utils/data-cleanup-export.browser.js(424,25): error TS2339: Property 'fileReductionPlan' does not exist on type 'number'.
coming-soon/public/dashboard/js/utils/data-cleanup-export.browser.js(429,25): error TS2339: Property 'summary' does not exist on type 'number'.
coming-soon/public/dashboard/js/utils/data-cleanup-export.browser.js(433,27): error TS2339: Property 'fileReductionPlan' does not exist on type 'number'.
coming-soon/public/dashboard/js/utils/data-cleanup-export.browser.js(434,15): error TS2339: Property 'scanners' does not exist on type 'number'.
coming-soon/public/dashboard/js/utils/data-cleanup-export.browser.js(439,30): error TS2339: Property 'fileReductionPlan' does not exist on type 'number'.
coming-soon/public/dashboard/js/utils/data-cleanup-export.browser.js(443,14): error TS2339: Property 'summary' does not exist on type 'number'.
coming-soon/public/dashboard/js/utils/data-cleanup-export.browser.js(444,49): error TS2339: Property 'summary' does not exist on type 'number'.
coming-soon/public/dashboard/js/utils/data-cleanup-export.browser.js(446,14): error TS2339: Property 'compact' does not exist on type 'number'.
coming-soon/public/dashboard/js/utils/data-cleanup-export.browser.js(450,32): error TS2339: Property 'scanners' does not exist on type 'number'.
coming-soon/public/dashboard/js/utils/data-cleanup-export.browser.js(451,15): error TS2339: Property 'fileReductionPlan' does not exist on type 'number'.
coming-soon/public/dashboard/js/utils/data-cleanup-export.browser.js(453,33): error TS2339: Property 'inventory' does not exist on type 'number'.
coming-soon/public/dashboard/js/utils/data-cleanup-export.browser.js(456,112): error TS2339: Property 'metadata' does not exist on type 'number'.
coming-soon/public/dashboard/js/utils/data-cleanup-export.browser.js(456,152): error TS2339: Property 'scanners' does not exist on type 'number'.
coming-soon/public/dashboard/js/utils/data-cleanup-export.browser.js(463,15): error TS2339: Property 'summary' does not exist on type 'number'.
coming-soon/public/dashboard/js/utils/data-cleanup-export.browser.js(464,16): error TS2339: Property 'fileReductionStatus' does not exist on type 'number'.
coming-soon/public/dashboard/js/utils/data-cleanup-export.browser.js(464,74): error TS2339: Property 'fileReductionStatus' does not exist on type 'number'.
coming-soon/public/dashboard/js/utils/data-cleanup-export.browser.js(529,35): error TS2339: Property 'findings' does not exist on type 'number'.
coming-soon/public/dashboard/js/utils/data-cleanup-export.browser.js(568,24): error TS2339: Property 'summary' does not exist on type 'number'.
coming-soon/public/dashboard/js/utils/data-cleanup-export.browser.js(569,27): error TS2339: Property 'aggregation' does not exist on type 'number'.
coming-soon/public/dashboard/js/utils/data-cleanup-export.browser.js(570,23): error TS2339: Property 'aggregation' does not exist on type 'number'.
coming-soon/public/dashboard/js/utils/data-cleanup-export.browser.js(587,14): error TS2339: Property 'inventory' does not exist on type 'number'.
coming-soon/public/dashboard/js/utils/data-cleanup-export.browser.js(588,30): error TS2339: Property 'inventory' does not exist on type 'number'.
coming-soon/public/dashboard/js/utils/data-cleanup-export.browser.js(598,32): error TS2339: Property 'scanners' does not exist on type 'number'.
coming-soon/public/dashboard/js/utils/data-cleanup-export.browser.js(599,33): error TS2339: Property 'inventory' does not exist on type 'number'.
coming-soon/public/dashboard/js/utils/data-cleanup-export.browser.js(605,33): error TS2339: Property 'scanners' does not exist on type 'number'.
coming-soon/public/dashboard/js/utils/data-cleanup-export.browser.js(606,15): error TS2339: Property 'metadata' does not exist on type 'number'.
coming-soon/public/dashboard/js/utils/data-cleanup-export.browser.js(613,35): error TS2339: Property 'scanners' does not exist on type 'number'.
coming-soon/public/dashboard/js/utils/data-cleanup-export.browser.js(614,15): error TS2339: Property 'scanners' does not exist on type 'number'.
coming-soon/public/dashboard/js/utils/data-cleanup-export.browser.js(620,26): error TS2339: Property 'scanners' does not exist on type 'number'.
coming-soon/public/dashboard/js/utils/data-cleanup-export.browser.js(621,15): error TS2339: Property 'findings' does not exist on type 'number'.
coming-soon/public/dashboard/js/utils/data-cleanup-export.browser.js(623,25): error TS2339: Property 'scanners' does not exist on type 'number'.
coming-soon/public/dashboard/js/utils/data-cleanup-export.browser.js(624,15): error TS2339: Property 'findings' does not exist on type 'number'.
coming-soon/public/dashboard/js/utils/data-cleanup-export.browser.js(634,14): error TS2339: Property 'summary' does not exist on type 'number'.
coming-soon/public/dashboard/js/utils/data-cleanup-export.browser.js(636,40): error TS2339: Property 'summary' does not exist on type 'number'.
coming-soon/public/dashboard/js/utils/data-cleanup-export.browser.js(639,14): error TS2339: Property 'compact' does not exist on type 'number'.
coming-soon/public/dashboard/js/utils/data-cleanup-export.browser.js(642,33): error TS2339: Property 'metadata' does not exist on type 'number'.
coming-soon/public/dashboard/js/utils/data-cleanup-export.browser.js(648,37): error TS2339: Property 'metadata' does not exist on type 'number'.
coming-soon/public/dashboard/js/utils/data-cleanup-export.browser.js(657,58): error TS2339: Property 'hygieneSummary' does not exist on type 'number'.
coming-soon/public/dashboard/js/utils/data-cleanup-export.browser.js(660,15): error TS2339: Property 'summary' does not exist on type 'number'.
coming-soon/public/dashboard/js/utils/data-cleanup-export.browser.js(663,26): error TS2339: Property 'scanners' does not exist on type 'number'.
coming-soon/public/dashboard/js/utils/data-cleanup-export.browser.js(664,33): error TS2339: Property 'scanners' does not exist on type 'number'.
coming-soon/public/dashboard/js/utils/data-cleanup-export.browser.js(694,28): error TS2339: Property 'fileReductionPlan' does not exist on type 'number'.
coming-soon/public/dashboard/js/utils/data-cleanup-export.browser.js(695,40): error TS2339: Property 'findings' does not exist on type 'number'.
coming-soon/public/dashboard/js/utils/data-cleanup-export.browser.js(701,28): error TS2339: Property 'findings' does not exist on type 'number'.
coming-soon/public/dashboard/js/utils/data-cleanup-export.browser.js(706,24): error TS2339: Property 'findings' does not exist on type 'number'.
coming-soon/public/dashboard/js/utils/data-cleanup-export.browser.js(708,17): error TS2339: Property 'findings' does not exist on type 'number'.
coming-soon/public/dashboard/js/utils/data-cleanup-export.browser.js(717,36): error TS2339: Property 'findings' does not exist on type 'number'.
coming-soon/public/dashboard/js/utils/data-cleanup-export.browser.js(728,39): error TS2339: Property 'aggregation' does not exist on type 'number'.
coming-soon/public/dashboard/js/utils/data-cleanup-export.browser.js(729,23): error TS2339: Property 'aggregation' does not exist on type 'number'.
coming-soon/public/dashboard/js/utils/data-cleanup-export.browser.js(739,25): error TS2339: Property 'type' does not exist on type 'number'.
coming-soon/public/dashboard/js/utils/data-cleanup-export.browser.js(741,53): error TS2339: Property 'projectRoot' does not exist on type 'number'.
coming-soon/public/dashboard/js/utils/data-cleanup-export.browser.js(741,75): error TS2339: Property 'projectPath' does not exist on type 'number'.
coming-soon/public/dashboard/js/utils/data-cleanup-export.browser.js(743,26): error TS2339: Property 'scanProfile' does not exist on type 'number'.
coming-soon/public/dashboard/js/utils/data-cleanup-export.browser.js(747,5): error TS2698: Spread types may only be created from object types.
coming-soon/public/dashboard/js/utils/eu-ai-act-export.browser.js(5,50): error TS2307: Cannot find module './simplebeacon-report-export.browser.js?v=20260601gateexport17' or its corresponding type declarations.
coming-soon/public/dashboard/js/utils/eu-ai-act-export.browser.js(6,59): error TS2307: Cannot find module './compliance-export.browser.js?v=20260601complianceexport7' or its corresponding type declarations.
coming-soon/public/dashboard/js/utils/eu-ai-act-export.browser.js(7,75): error TS2307: Cannot find module './quality-export.browser.js?v=20260531qualityexport8' or its corresponding type declarations.
coming-soon/public/dashboard/js/utils/eu-ai-act-export.browser.js(405,52): error TS2345: Argument of type 'boolean' is not assignable to parameter of type 'any[]'.
coming-soon/public/dashboard/js/utils/eu-ai-act-export.browser.js(688,31): error TS2339: Property 'projectRoot' does not exist on type 'number'.
coming-soon/public/dashboard/js/utils/eu-ai-act-export.browser.js(1131,16): error TS2339: Property 'scanScope' does not exist on type 'number'.
coming-soon/public/dashboard/js/utils/eu-ai-act-export.browser.js(1132,30): error TS2339: Property 'productionLeakScanned' does not exist on type 'number'.
coming-soon/public/dashboard/js/utils/eu-ai-act-export.browser.js(1132,62): error TS2339: Property 'scanScope' does not exist on type 'number'.
coming-soon/public/dashboard/js/utils/eu-ai-act-export.browser.js(1133,32): error TS2339: Property 'sourceCodeFilesScanned' does not exist on type 'number'.
coming-soon/public/dashboard/js/utils/eu-ai-act-export.browser.js(1133,65): error TS2339: Property 'scanScope' does not exist on type 'number'.
coming-soon/public/dashboard/js/utils/eu-ai-act-export.browser.js(1134,30): error TS2339: Property 'scanScope' does not exist on type 'number'.
coming-soon/public/dashboard/js/utils/eu-ai-act-export.browser.js(1141,5): error TS2698: Spread types may only be created from object types.
coming-soon/public/dashboard/js/utils/eu-ai-act-export.browser.js(1143,17): error TS2339: Property 'scanScope' does not exist on type 'number'.
coming-soon/public/dashboard/js/utils/eu-ai-act-export.browser.js(1339,17): error TS8024: JSDoc '@param' tag has name 'documentationFound', but there is no parameter with that name.
coming-soon/public/dashboard/js/utils/eu-ai-act-export.browser.js(1340,17): error TS8024: JSDoc '@param' tag has name 'summary', but there is no parameter with that name.
coming-soon/public/dashboard/js/utils/fiction-digest-export.browser.js(5,44): error TS2307: Cannot find module './quality-export.browser.js?v=20260531qualityexport8' or its corresponding type declarations.
coming-soon/public/dashboard/js/utils/fiction-digest-export.browser.js(107,32): error TS2339: Property 'pattern' does not exist on type 'true'.
coming-soon/public/dashboard/js/utils/fiction-digest-export.browser.js(107,49): error TS2339: Property 'metadata' does not exist on type 'true'.
coming-soon/public/dashboard/js/utils/fiction-digest-export.browser.js(108,33): error TS2339: Property 'category' does not exist on type 'true'.
coming-soon/public/dashboard/js/utils/fiction-digest-export.browser.js(108,51): error TS2339: Property 'metadata' does not exist on type 'true'.
coming-soon/public/dashboard/js/utils/fiction-digest-export.browser.js(109,29): error TS2339: Property 'type' does not exist on type 'true'.
coming-soon/public/dashboard/js/utils/fiction-digest-export.browser.js(122,31): error TS2339: Property 'metadata' does not exist on type 'true'.
coming-soon/public/dashboard/js/utils/fiction-digest-export.browser.js(122,57): error TS2339: Property 'intent' does not exist on type 'true'.
coming-soon/public/dashboard/js/utils/fiction-digest-export.browser.js(124,45): error TS2339: Property 'type' does not exist on type 'true'.
coming-soon/public/dashboard/js/utils/fiction-digest-export.browser.js(125,26): error TS2339: Property 'filePath' does not exist on type 'true'.
coming-soon/public/dashboard/js/utils/fiction-digest-export.browser.js(125,44): error TS2339: Property 'file' does not exist on type 'true'.
coming-soon/public/dashboard/js/utils/fiction-digest-export.browser.js(164,35): error TS2339: Property 'repositoryFilesTotal' does not exist on type 'number'.
coming-soon/public/dashboard/js/utils/fiction-digest-export.browser.js(164,73): error TS2339: Property 'scanScope' does not exist on type 'number'.
coming-soon/public/dashboard/js/utils/fiction-digest-export.browser.js(165,36): error TS2339: Property 'ruleScopedFilesAnalyzed' does not exist on type 'number'.
coming-soon/public/dashboard/js/utils/fiction-digest-export.browser.js(165,77): error TS2339: Property 'scanScope' does not exist on type 'number'.
coming-soon/public/dashboard/js/utils/fiction-digest-export.browser.js(166,37): error TS2339: Property 'fictionJsonFilesScanned' does not exist on type 'number'.
coming-soon/public/dashboard/js/utils/fiction-digest-export.browser.js(166,78): error TS2339: Property 'scanScope' does not exist on type 'number'.
coming-soon/public/dashboard/js/utils/fiction-digest-export.browser.js(192,14): error TS2339: Property 'fullDirectoryScan' does not exist on type 'number'.
coming-soon/public/dashboard/js/utils/fiction-digest-export.browser.js(192,42): error TS2339: Property 'scanScope' does not exist on type 'number'.
coming-soon/public/dashboard/js/utils/fiction-digest-export.browser.js(195,23): error TS2339: Property 'mockSampleFiles' does not exist on type 'number'.
coming-soon/public/dashboard/js/utils/fiction-digest-export.browser.js(195,49): error TS2339: Property 'totalFiles' does not exist on type 'number'.
coming-soon/public/dashboard/js/utils/fiction-digest-export.browser.js(196,28): error TS2339: Property 'repositoryFilesTotal' does not exist on type 'number'.
coming-soon/public/dashboard/js/utils/fiction-digest-export.browser.js(202,25): error TS2339: Property 'scanPaths' does not exist on type 'number'.
coming-soon/public/dashboard/js/utils/fiction-digest-export.browser.js(203,37): error TS2339: Property 'projectRoot' does not exist on type 'number'.
coming-soon/public/dashboard/js/utils/fiction-digest-export.browser.js(227,58): error TS2322: Type '{}' is not assignable to type 'number'.
coming-soon/public/dashboard/js/utils/fiction-digest-export.browser.js(228,35): error TS2339: Property 'fullDirectoryScan' does not exist on type 'number'.
coming-soon/public/dashboard/js/utils/fiction-digest-export.browser.js(232,29): error TS2339: Property 'ruleScopedFilesAnalyzed' does not exist on type 'number'.
coming-soon/public/dashboard/js/utils/fiction-digest-export.browser.js(233,34): error TS2339: Property 'mockSampleFiles' does not exist on type 'number'.
coming-soon/public/dashboard/js/utils/fiction-digest-export.browser.js(233,60): error TS2339: Property 'totalFiles' does not exist on type 'number'.
coming-soon/public/dashboard/js/utils/fiction-digest-export.browser.js(234,33): error TS2339: Property 'fictionSampleFilesScanned' does not exist on type 'number'.
coming-soon/public/dashboard/js/utils/fiction-digest-export.browser.js(242,32): error TS2339: Property 'fictionJsonFilesScanned' does not exist on type 'number'.
coming-soon/public/dashboard/js/utils/fiction-digest-export.browser.js(329,28): error TS2339: Property 'repositoryFilesTotal' does not exist on type 'number'.
coming-soon/public/dashboard/js/utils/fiction-digest-export.browser.js(329,59): error TS2339: Property 'repositoryInventory' does not exist on type 'number'.
coming-soon/public/dashboard/js/utils/fiction-digest-export.browser.js(330,29): error TS2339: Property 'ruleScopedFilesAnalyzed' does not exist on type 'number'.
coming-soon/public/dashboard/js/utils/fiction-digest-export.browser.js(330,63): error TS2339: Property 'scanScope' does not exist on type 'number'.
coming-soon/public/dashboard/js/utils/fiction-digest-export.browser.js(332,25): error TS2339: Property 'llmSlopScanRaw' does not exist on type 'number'.
coming-soon/public/dashboard/js/utils/fiction-digest-export.browser.js(333,15): error TS2339: Property 'scanScope' does not exist on type 'number'.
coming-soon/public/dashboard/js/utils/fiction-digest-export.browser.js(334,15): error TS2339: Property 'llmSlopFilesScanned' does not exist on type 'number'.
coming-soon/public/dashboard/js/utils/fiction-digest-export.browser.js(335,15): error TS2339: Property 'scanScope' does not exist on type 'number'.
coming-soon/public/dashboard/js/utils/fiction-digest-export.browser.js(339,16): error TS2339: Property 'scanScope' does not exist on type 'number'.
coming-soon/public/dashboard/js/utils/fiction-digest-export.browser.js(345,5): error TS2698: Spread types may only be created from object types.
coming-soon/public/dashboard/js/utils/fiction-digest-export.browser.js(361,28): error TS2339: Property 'repositoryFilesTotal' does not exist on type 'number'.
coming-soon/public/dashboard/js/utils/fiction-digest-export.browser.js(361,59): error TS2339: Property 'repositoryInventory' does not exist on type 'number'.
coming-soon/public/dashboard/js/utils/fiction-digest-export.browser.js(362,59): error TS2339: Property 'llmSlopFilesScanned' does not exist on type 'number'.
coming-soon/public/dashboard/js/utils/fiction-digest-export.browser.js(363,53): error TS2339: Property 'llmSlopScanRaw' does not exist on type 'number'.
coming-soon/public/dashboard/js/utils/fiction-digest-export.browser.js(364,64): error TS2339: Property 'llmSlopScanReconciled' does not exist on type 'number'.
coming-soon/public/dashboard/js/utils/fiction-digest-export.browser.js(379,20): error TS2339: Property 'gateAttestation' does not exist on type 'number'.
coming-soon/public/dashboard/js/utils/fiction-digest-export.browser.js(380,35): error TS2339: Property 'ruleScopedFilesAnalyzed' does not exist on type 'number'.
coming-soon/public/dashboard/js/utils/fiction-digest-export.browser.js(380,75): error TS2339: Property 'scanScope' does not exist on type 'number'.
coming-soon/public/dashboard/js/utils/fiction-digest-export.browser.js(381,20): error TS2339: Property 'gate' does not exist on type 'number'.
coming-soon/public/dashboard/js/utils/fiction-digest-export.browser.js(382,20): error TS2339: Property 'gate' does not exist on type 'number'.
coming-soon/public/dashboard/js/utils/fiction-digest-export.browser.js(392,31): error TS2339: Property 'scanScope' does not exist on type 'number'.
coming-soon/public/dashboard/js/utils/fiction-digest-export.browser.js(393,35): error TS2339: Property 'repositoryFilesTotal' does not exist on type 'number'.
coming-soon/public/dashboard/js/utils/fiction-digest-export.browser.js(394,65): error TS2339: Property 'llmSlopFilesScanned' does not exist on type 'number'.
coming-soon/public/dashboard/js/utils/fiction-digest-export.browser.js(395,56): error TS2339: Property 'llmSlopScanRaw' does not exist on type 'number'.
coming-soon/public/dashboard/js/utils/fiction-digest-export.browser.js(396,67): error TS2339: Property 'llmSlopScanReconciled' does not exist on type 'number'.
coming-soon/public/dashboard/js/utils/fiction-digest-export.browser.js(400,44): error TS2339: Property 'fictionJsonFilesScanned' does not exist on type 'number'.
coming-soon/public/dashboard/js/utils/fiction-digest-export.browser.js(401,44): error TS2339: Property 'ruleScopedFilesAnalyzed' does not exist on type 'number'.
coming-soon/public/dashboard/js/utils/fiction-digest-export.browser.js(417,35): error TS2339: Property 'ruleScopedFilesAnalyzed' does not exist on type 'number'.
coming-soon/public/dashboard/js/utils/fiction-digest-export.browser.js(417,75): error TS2339: Property 'scanScope' does not exist on type 'number'.
coming-soon/public/dashboard/js/utils/fiction-digest-export.browser.js(418,20): error TS2339: Property 'gate' does not exist on type 'number'.
coming-soon/public/dashboard/js/utils/fiction-digest-export.browser.js(419,20): error TS2339: Property 'gate' does not exist on type 'number'.
coming-soon/public/dashboard/js/utils/fiction-digest-export.browser.js(420,20): error TS2339: Property 'gate' does not exist on type 'number'.
coming-soon/public/dashboard/js/utils/fiction-digest-export.browser.js(430,32): error TS2339: Property 'scanScope' does not exist on type 'number'.
coming-soon/public/dashboard/js/utils/fiction-digest-export.browser.js(431,22): error TS2339: Property 'fullDirectoryStats' does not exist on type 'number'.
coming-soon/public/dashboard/js/utils/fiction-digest-export.browser.js(443,31): error TS2339: Property 'scanScope' does not exist on type 'number'.
coming-soon/public/dashboard/js/utils/fiction-digest-export.browser.js(447,66): error TS2339: Property 'productionLeakFindings' does not exist on type 'number'.
coming-soon/public/dashboard/js/utils/fiction-digest-export.browser.js(469,34): error TS2339: Property 'gate' does not exist on type 'number'.
coming-soon/public/dashboard/js/utils/fiction-digest-export.browser.js(485,31): error TS2339: Property 'scanScope' does not exist on type 'number'.
coming-soon/public/dashboard/js/utils/fiction-digest-export.browser.js(491,24): error TS2339: Property 'repositoryFilesTotal' does not exist on type 'number'.
coming-soon/public/dashboard/js/utils/fiction-digest-export.browser.js(498,24): error TS2339: Property 'credentialScanned' does not exist on type 'number'.
coming-soon/public/dashboard/js/utils/fiction-digest-export.browser.js(521,31): error TS2339: Property 'scanScope' does not exist on type 'number'.
coming-soon/public/dashboard/js/utils/fiction-digest-export.browser.js(523,71): error TS2339: Property 'sourceCodeFilesScanned' does not exist on type 'number'.
coming-soon/public/dashboard/js/utils/fiction-digest-export.browser.js(524,37): error TS2339: Property 'jestBaselineChecked' does not exist on type 'number'.
coming-soon/public/dashboard/js/utils/fiction-digest-export.browser.js(532,29): error TS2339: Property 'gate' does not exist on type 'number'.
coming-soon/public/dashboard/js/utils/fiction-digest-export.browser.js(533,34): error TS2339: Property 'gate' does not exist on type 'number'.
coming-soon/public/dashboard/js/utils/fiction-digest-export.browser.js(535,44): error TS2339: Property 'ruleScopedFilesAnalyzed' does not exist on type 'number'.
coming-soon/public/dashboard/js/utils/fiction-digest-export.browser.js(536,44): error TS2339: Property 'fictionJsonFilesScanned' does not exist on type 'number'.
coming-soon/public/dashboard/js/utils/fiction-digest-export.browser.js(537,46): error TS2339: Property 'fictionSampleFilesScanned' does not exist on type 'number'.
coming-soon/public/dashboard/js/utils/fiction-digest-export.browser.js(539,46): error TS2339: Property 'fullDirectoryScan' does not exist on type 'number'.
coming-soon/public/dashboard/js/utils/fiction-digest-export.browser.js(562,31): error TS2339: Property 'scanScope' does not exist on type 'number'.
coming-soon/public/dashboard/js/utils/fiction-digest-export.browser.js(568,46): error TS2339: Property 'fullDirectoryScan' does not exist on type 'number'.
coming-soon/public/dashboard/js/utils/fiction-digest-export.browser.js(596,31): error TS2339: Property 'scanScope' does not exist on type 'number'.
coming-soon/public/dashboard/js/utils/fiction-digest-export.browser.js(597,37): error TS2339: Property 'fictionJsonFilesScanned' does not exist on type 'number'.
coming-soon/public/dashboard/js/utils/fiction-digest-export.browser.js(598,71): error TS2339: Property 'sourceCodeFilesScanned' does not exist on type 'number'.
coming-soon/public/dashboard/js/utils/fiction-digest-export.browser.js(610,37): error TS2339: Property 'mockSampleFiles' does not exist on type 'number'.
coming-soon/public/dashboard/js/utils/fiction-digest-export.browser.js(611,22): error TS2339: Property 'totalFiles' does not exist on type 'number'.
coming-soon/public/dashboard/js/utils/fiction-digest-export.browser.js(614,40): error TS2339: Property 'fictionSampleFilesScanned' does not exist on type 'number'.
coming-soon/public/dashboard/js/utils/fiction-digest-export.browser.js(623,36): error TS2339: Property 'ruleScopedFilesAnalyzed' does not exist on type 'number'.
coming-soon/public/dashboard/js/utils/fiction-digest-export.browser.js(624,21): error TS2339: Property 'fullDirectoryScan' does not exist on type 'number'.
coming-soon/public/dashboard/js/utils/fiction-digest-export.browser.js(629,21): error TS2339: Property 'gate' does not exist on type 'number'.
coming-soon/public/dashboard/js/utils/fiction-digest-export.browser.js(633,28): error TS2339: Property 'gate' does not exist on type 'number'.
coming-soon/public/dashboard/js/utils/fiction-digest-export.browser.js(635,28): error TS2339: Property 'gate' does not exist on type 'number'.
coming-soon/public/dashboard/js/utils/fiction-digest-export.browser.js(636,35): error TS2339: Property 'gate' does not exist on type 'number'.
coming-soon/public/dashboard/js/utils/fiction-digest-export.browser.js(643,48): error TS2339: Property 'scanScope' does not exist on type 'number'.
coming-soon/public/dashboard/js/utils/fiction-digest-export.browser.js(667,37): error TS2339: Property 'type' does not exist on type 'number'.
coming-soon/public/dashboard/js/utils/fiction-digest-export.browser.js(668,11): error TS2339: Property 'gateAttestation' does not exist on type 'Number'.
coming-soon/public/dashboard/js/utils/fiction-digest-export.browser.js(668,49): error TS2700: Rest types may only be created from object types.
coming-soon/public/dashboard/js/utils/fiction-digest-export.browser.js(669,52): error TS2339: Property 'fullDirectoryScan' does not exist on type 'number'.
coming-soon/public/dashboard/js/utils/fiction-digest-export.browser.js(669,86): error TS2339: Property 'scanScope' does not exist on type 'number'.
coming-soon/public/dashboard/js/utils/fiction-digest-export.browser.js(672,21): error TS2339: Property 'scanScope' does not exist on type 'number'.
coming-soon/public/dashboard/js/utils/fiction-digest-export.browser.js(673,36): error TS2339: Property 'scanScope' does not exist on type 'number'.
coming-soon/public/dashboard/js/utils/fiction-digest-export.browser.js(684,24): error TS2339: Property 'scanScope' does not exist on type 'number'.
coming-soon/public/dashboard/js/utils/fiction-digest-export.browser.js(685,38): error TS2339: Property 'scanScope' does not exist on type 'number'.
coming-soon/public/dashboard/js/utils/fiction-digest-export.browser.js(689,32): error TS2339: Property 'scanScope' does not exist on type 'number'.
coming-soon/public/dashboard/js/utils/fiction-digest-export.browser.js(692,25): error TS2339: Property 'scanScope' does not exist on type 'number'.
coming-soon/public/dashboard/js/utils/fiction-digest-export.browser.js(710,36): error TS2339: Property 'ruleScopedFilesAnalyzed' does not exist on type 'number'.
coming-soon/public/dashboard/js/utils/fiction-digest-export.browser.js(710,77): error TS2339: Property 'scanScope' does not exist on type 'number'.
coming-soon/public/dashboard/js/utils/fiction-digest-export.browser.js(711,21): error TS2339: Property 'gate' does not exist on type 'number'.
coming-soon/public/dashboard/js/utils/fiction-digest-export.browser.js(722,25): error TS2339: Property 'type' does not exist on type 'number'.
coming-soon/public/dashboard/js/utils/fiction-digest-export.browser.js(723,36): error TS2339: Property 'projectRoot' does not exist on type 'number'.
coming-soon/public/dashboard/js/utils/fiction-digest-export.browser.js(725,31): error TS2339: Property 'rawIssues' does not exist on type 'number'.
coming-soon/public/dashboard/js/utils/fiction-digest-export.browser.js(725,58): error TS2339: Property 'rawIssues' does not exist on type 'number'.
coming-soon/public/dashboard/js/utils/fiction-digest-export.browser.js(725,78): error TS2339: Property 'detectedIssues' does not exist on type 'number'.
coming-soon/public/dashboard/js/utils/fiction-digest-export.browser.js(744,29): error TS2339: Property 'gate' does not exist on type 'number'.
coming-soon/public/dashboard/js/utils/fiction-digest-export.browser.js(744,44): error TS2339: Property 'scanScope' does not exist on type 'number'.
coming-soon/public/dashboard/js/utils/fiction-digest-export.browser.js(751,29): error TS2339: Property 'ruleScopedFilesAnalyzed' does not exist on type 'number'.
coming-soon/public/dashboard/js/utils/fiction-digest-export.browser.js(751,63): error TS2339: Property 'scanScope' does not exist on type 'number'.
coming-soon/public/dashboard/js/utils/fiction-digest-export.browser.js(754,46): error TS2339: Property 'fullDirectoryScan' does not exist on type 'number'.
coming-soon/public/dashboard/js/utils/fiction-digest-export.browser.js(754,74): error TS2339: Property 'scanScope' does not exist on type 'number'.
coming-soon/public/dashboard/js/utils/fiction-digest-export.browser.js(770,21): error TS2339: Property 'scanScope' does not exist on type 'number'.
coming-soon/public/dashboard/js/utils/fiction-digest-export.browser.js(775,47): error TS2339: Property 'scanScope' does not exist on type 'number'.
coming-soon/public/dashboard/js/utils/fiction-digest-export.browser.js(778,16): error TS2339: Property 'scanScope' does not exist on type 'number'.
coming-soon/public/dashboard/js/utils/npm-audit-export.browser.js(5,44): error TS2307: Cannot find module './quality-export.browser.js?v=20260531qualityexport8' or its corresponding type declarations.
coming-soon/public/dashboard/js/utils/npm-audit-export.browser.js(153,45): error TS2322: Type '{}' is not assignable to type 'string'.
coming-soon/public/dashboard/js/utils/npm-audit-export.browser.js(168,32): error TS2339: Property 'supplyChainStatus' does not exist on type 'string'.
coming-soon/public/dashboard/js/utils/npm-audit-export.browser.js(169,31): error TS2339: Property 'packageJsonPath' does not exist on type 'string'.
coming-soon/public/dashboard/js/utils/npm-audit-export.browser.js(214,42): error TS2322: Type '{}' is not assignable to type 'string'.
coming-soon/public/dashboard/js/utils/npm-audit-export.browser.js(215,11): error TS2339: Property 'benchmarkScan' does not exist on type 'String'.
coming-soon/public/dashboard/js/utils/npm-audit-export.browser.js(215,26): error TS2339: Property 'skipped' does not exist on type 'String'.
coming-soon/public/dashboard/js/utils/npm-audit-export.browser.js(215,35): error TS2339: Property 'supplyChainStatus' does not exist on type 'String'.
coming-soon/public/dashboard/js/utils/npm-audit-export.browser.js(215,54): error TS2339: Property 'deps' does not exist on type 'String'.
coming-soon/public/dashboard/js/utils/npm-audit-export.browser.js(215,60): error TS2339: Property 'summary' does not exist on type 'String'.
coming-soon/public/dashboard/js/utils/npm-audit-export.browser.js(217,25): error TS2339: Property 'gateReport' does not exist on type 'string'.
coming-soon/public/dashboard/js/utils/npm-audit-export.browser.js(218,35): error TS2339: Property 'repositoryFilesTotal' does not exist on type 'string'.
coming-soon/public/dashboard/js/utils/npm-audit-export.browser.js(228,24): error TS2339: Property 'scopeNote' does not exist on type 'string'.
coming-soon/public/dashboard/js/utils/npm-audit-export.browser.js(369,56): error TS2345: Argument of type '{ benchmarkScan: any; skipped: boolean; supplyChainStatus: any; scopeNote: any; gateReport: any; repositoryFilesTotal: any; }' is not assignable to parameter of type 'string'.
coming-soon/public/dashboard/js/utils/npm-audit-export.browser.js(391,54): error TS2345: Argument of type '{ benchmarkScan: any; skipped: boolean; supplyChainStatus: any; deps: any; summary: any; gateReport: any; repositoryFilesTotal: any; }' is not assignable to parameter of type 'string'.
coming-soon/public/dashboard/js/utils/npm-audit-export.browser.js(399,61): error TS2345: Argument of type '{ supplyChainStatus: any; packageJsonPath: any; gateReport: any; repositoryFilesTotal: any; }' is not assignable to parameter of type 'string'.
coming-soon/public/dashboard/js/utils/page-export.browser.js(6,33): error TS2307: Cannot find module '../services/platformService.js?v=20260531pageexport1' or its corresponding type declarations.
coming-soon/public/dashboard/js/utils/page-export.browser.js(14,73): error TS2307: Cannot find module '../data/outreach-prospects.js?v=20260531pageexport1' or its corresponding type declarations.
coming-soon/public/dashboard/js/utils/page-export.browser.js(43,17): error TS8024: JSDoc '@param' tag has name 'label', but there is no parameter with that name.
coming-soon/public/dashboard/js/utils/page-export.browser.js(86,25): error TS2339: Property 'generatedAt' does not exist on type 'number'.
coming-soon/public/dashboard/js/utils/page-export.browser.js(87,22): error TS2339: Property 'gate' does not exist on type 'number'.
coming-soon/public/dashboard/js/utils/page-export.browser.js(88,24): error TS2339: Property 'issueCount' does not exist on type 'number'.
coming-soon/public/dashboard/js/utils/page-export.browser.js(89,26): error TS2339: Property 'qualityScore' does not exist on type 'number'.
coming-soon/public/dashboard/js/utils/page-export.browser.js(90,30): error TS2339: Property 'schemaCompliance' does not exist on type 'number'.
coming-soon/public/dashboard/js/utils/page-export.browser.js(91,30): error TS2339: Property 'consistencyScore' does not exist on type 'number'.
coming-soon/public/dashboard/js/utils/page-export.browser.js(92,32): error TS2339: Property 'credentialFindings' does not exist on type 'number'.
coming-soon/public/dashboard/js/utils/page-export.browser.js(93,36): error TS2339: Property 'productionLeakFindings' does not exist on type 'number'.
coming-soon/public/dashboard/js/utils/page-export.browser.js(125,16): error TS2554: Expected 3 arguments, but got 2.
coming-soon/public/dashboard/js/utils/page-export.browser.js(127,56): error TS2339: Property 'totalFiles' does not exist on type 'number'.
coming-soon/public/dashboard/js/utils/platform-export.browser.js(6,50): error TS2307: Cannot find module './simplebeacon-report-export.browser.js?v=20260601gateexport17' or its corresponding type declarations.
coming-soon/public/dashboard/js/utils/platform-export.browser.js(15,8): error TS2307: Cannot find module './quality-export.browser.js?v=20260531qualityexport8' or its corresponding type declarations.
coming-soon/public/dashboard/js/utils/platform-export.browser.js(80,25): error TS2554: Expected 3 arguments, but got 2.
coming-soon/public/dashboard/js/utils/platform-export.browser.js(99,31): error TS2339: Property 'projectRoot' does not exist on type 'number'.
coming-soon/public/dashboard/js/utils/platform-export.browser.js(100,26): error TS2339: Property 'benchmarkScan' does not exist on type 'number'.
coming-soon/public/dashboard/js/utils/platform-export.browser.js(100,51): error TS2339: Property 'scanTargetProfile' does not exist on type 'number'.
coming-soon/public/dashboard/js/utils/platform-export.browser.js(145,31): error TS2339: Property 'pageSampleSchemaChecked' does not exist on type 'number'.
coming-soon/public/dashboard/js/utils/platform-export.browser.js(146,17): error TS2339: Property 'pageSampleSchemaPassed' does not exist on type 'number'.
coming-soon/public/dashboard/js/utils/platform-export.browser.js(146,55): error TS2339: Property 'pageSampleSchemaChecked' does not exist on type 'number'.
coming-soon/public/dashboard/js/utils/platform-export.browser.js(165,31): error TS2339: Property 'pageSampleSchemaChecked' does not exist on type 'number'.
coming-soon/public/dashboard/js/utils/platform-export.browser.js(166,17): error TS2339: Property 'pageSampleSchemaPassed' does not exist on type 'number'.
coming-soon/public/dashboard/js/utils/platform-export.browser.js(166,55): error TS2339: Property 'pageSampleSchemaChecked' does not exist on type 'number'.
coming-soon/public/dashboard/js/utils/platform-export.browser.js(188,25): error TS2339: Property 'projectRoot' does not exist on type 'number'.
coming-soon/public/dashboard/js/utils/platform-export.browser.js(188,47): error TS2339: Property 'platformRoot' does not exist on type 'number'.
coming-soon/public/dashboard/js/utils/platform-export.browser.js(225,53): error TS2322: Type '{}' is not assignable to type 'string'.
coming-soon/public/dashboard/js/utils/platform-export.browser.js(231,29): error TS2339: Property 'repositoryFilesTotal' does not exist on type 'string'.
coming-soon/public/dashboard/js/utils/platform-export.browser.js(232,34): error TS2339: Property 'pageSpecsLabel' does not exist on type 'string'.
coming-soon/public/dashboard/js/utils/platform-export.browser.js(240,33): error TS2339: Property 'benchmarkScan' does not exist on type 'string'.
coming-soon/public/dashboard/js/utils/platform-export.browser.js(270,43): error TS2322: Type '{}' is not assignable to type 'string'.
coming-soon/public/dashboard/js/utils/platform-export.browser.js(273,34): error TS2339: Property 'pageSpecsLabel' does not exist on type 'string'.
coming-soon/public/dashboard/js/utils/platform-export.browser.js(314,28): error TS2339: Property 'mockSampleFiles' does not exist on type 'number'.
coming-soon/public/dashboard/js/utils/platform-export.browser.js(314,55): error TS2339: Property 'totalFiles' does not exist on type 'number'.
coming-soon/public/dashboard/js/utils/platform-export.browser.js(315,27): error TS2339: Property 'qualityScore' does not exist on type 'number'.
coming-soon/public/dashboard/js/utils/platform-export.browser.js(316,29): error TS2339: Property 'schemaCompliance' does not exist on type 'number'.
coming-soon/public/dashboard/js/utils/platform-export.browser.js(317,28): error TS2339: Property 'issueCount' does not exist on type 'number'.
coming-soon/public/dashboard/js/utils/platform-export.browser.js(321,30): error TS2339: Property 'mockSampleFiles' does not exist on type 'number'.
coming-soon/public/dashboard/js/utils/platform-export.browser.js(321,57): error TS2339: Property 'totalFiles' does not exist on type 'number'.
coming-soon/public/dashboard/js/utils/platform-export.browser.js(335,37): error TS2339: Property 'jestTests' does not exist on type 'any[]'.
coming-soon/public/dashboard/js/utils/platform-export.browser.js(335,87): error TS2339: Property 'jestTests' does not exist on type 'any[]'.
coming-soon/public/dashboard/js/utils/platform-export.browser.js(339,24): error TS2339: Property 'sampleJsonFiles' does not exist on type 'any[]'.
coming-soon/public/dashboard/js/utils/platform-export.browser.js(343,24): error TS2339: Property 'mockScanFiles' does not exist on type 'any[]'.
coming-soon/public/dashboard/js/utils/platform-export.browser.js(347,24): error TS2339: Property 'schemaPassRate' does not exist on type 'any[]'.
coming-soon/public/dashboard/js/utils/platform-export.browser.js(351,24): error TS2339: Property 'securityScore' does not exist on type 'any[]'.
coming-soon/public/dashboard/js/utils/platform-export.browser.js(384,20): error TS8024: JSDoc '@param' tag has name 'report', but there is no parameter with that name.
coming-soon/public/dashboard/js/utils/platform-export.browser.js(385,17): error TS8024: JSDoc '@param' tag has name 'baseline', but there is no parameter with that name.
coming-soon/public/dashboard/js/utils/platform-export.browser.js(386,17): error TS8024: JSDoc '@param' tag has name 'coverage', but there is no parameter with that name.
coming-soon/public/dashboard/js/utils/platform-export.browser.js(387,17): error TS8024: JSDoc '@param' tag has name 'security', but there is no parameter with that name.
coming-soon/public/dashboard/js/utils/platform-export.browser.js(388,17): error TS8024: JSDoc '@param' tag has name 'quality', but there is no parameter with that name.
coming-soon/public/dashboard/js/utils/platform-export.browser.js(405,3): error TS2339: Property 'dashboardHome' does not exist on type '{}'.
coming-soon/public/dashboard/js/utils/platform-export.browser.js(406,3): error TS2339: Property 'report' does not exist on type '{}'.
coming-soon/public/dashboard/js/utils/platform-export.browser.js(407,3): error TS2339: Property 'baseline' does not exist on type '{}'.
coming-soon/public/dashboard/js/utils/platform-export.browser.js(408,3): error TS2339: Property 'config' does not exist on type '{}'.
coming-soon/public/dashboard/js/utils/platform-export.browser.js(409,3): error TS2339: Property 'coverage' does not exist on type '{}'.
coming-soon/public/dashboard/js/utils/platform-export.browser.js(410,3): error TS2339: Property 'security' does not exist on type '{}'.
coming-soon/public/dashboard/js/utils/platform-export.browser.js(411,3): error TS2339: Property 'quality' does not exist on type '{}'.
coming-soon/public/dashboard/js/utils/platform-export.browser.js(412,3): error TS2339: Property 'exportFilename' does not exist on type '{}'.
coming-soon/public/dashboard/js/utils/platform-export.browser.js(427,25): error TS2554: Expected 3 arguments, but got 2.
coming-soon/public/dashboard/js/utils/platform-export.browser.js(504,63): error TS2345: Argument of type '{ benchmarkScan: any; repositoryFilesTotal: any; pageSpecsLabel: any; }' is not assignable to parameter of type 'string'.
coming-soon/public/dashboard/js/utils/platform-export.browser.js(509,48): error TS2345: Argument of type '{ pageSpecsLabel: any; }' is not assignable to parameter of type 'string'.
coming-soon/public/dashboard/js/utils/platform-export.browser.js(630,19): error TS8024: JSDoc '@param' tag has name 'comparativeRows', but there is no parameter with that name.
coming-soon/public/dashboard/js/utils/platform-export.browser.js(631,17): error TS8024: JSDoc '@param' tag has name 'mockDataCategories', but there is no parameter with that name.
coming-soon/public/dashboard/js/utils/quality-export.browser.js(9,40): error TS2307: Cannot find module './npm-audit-export.browser.js?v=20260601npmaudit5' or its corresponding type declarations.
coming-soon/public/dashboard/js/utils/quality-export.browser.js(390,29): error TS2339: Property 'pageSampleSchemaChecked' does not exist on type 'number'.
coming-soon/public/dashboard/js/utils/quality-export.browser.js(392,17): error TS2339: Property 'pageSampleSchemaPassed' does not exist on type 'number'.
coming-soon/public/dashboard/js/utils/quality-export.browser.js(392,55): error TS2339: Property 'pageSampleSchemaChecked' does not exist on type 'number'.
coming-soon/public/dashboard/js/utils/quality-export.browser.js(496,17): error TS8024: JSDoc '@param' tag has name 'security', but there is no parameter with that name.
coming-soon/public/dashboard/js/utils/quality-export.browser.js(497,17): error TS8024: JSDoc '@param' tag has name 'quality', but there is no parameter with that name.
coming-soon/public/dashboard/js/utils/quality-export.browser.js(498,17): error TS8024: JSDoc '@param' tag has name 'npmAudit', but there is no parameter with that name.
coming-soon/public/dashboard/js/utils/quality-export.browser.js(522,17): error TS8024: JSDoc '@param' tag has name 'security', but there is no parameter with that name.
coming-soon/public/dashboard/js/utils/quality-export.browser.js(523,17): error TS8024: JSDoc '@param' tag has name 'quality', but there is no parameter with that name.
coming-soon/public/dashboard/js/utils/quality-export.browser.js(524,17): error TS8024: JSDoc '@param' tag has name 'npmAudit', but there is no parameter with that name.
coming-soon/public/dashboard/js/utils/quality-export.browser.js(525,20): error TS8024: JSDoc '@param' tag has name 'report', but there is no parameter with that name.
coming-soon/public/dashboard/js/utils/quality-export.browser.js(815,17): error TS8024: JSDoc '@param' tag has name 'npmAudit', but there is no parameter with that name.
coming-soon/public/dashboard/js/utils/repository-health-export.browser.js(5,75): error TS2307: Cannot find module './quality-export.browser.js?v=20260531qualityexport8' or its corresponding type declarations.
coming-soon/public/dashboard/js/utils/repository-health-export.browser.js(105,17): error TS8024: JSDoc '@param' tag has name 'preview', but there is no parameter with that name.
coming-soon/public/dashboard/js/utils/repository-health-export.browser.js(242,17): error TS8024: JSDoc '@param' tag has name 'preview', but there is no parameter with that name.
coming-soon/public/dashboard/js/utils/repository-health-export.browser.js(243,20): error TS8024: JSDoc '@param' tag has name 'candidatesScope', but there is no parameter with that name.
coming-soon/public/dashboard/js/utils/repository-health-export.browser.js(273,20): error TS8024: JSDoc '@param' tag has name 'candidatesScope', but there is no parameter with that name.
coming-soon/public/dashboard/js/utils/repository-health-export.browser.js(274,17): error TS8024: JSDoc '@param' tag has name 'preview', but there is no parameter with that name.
coming-soon/public/dashboard/js/utils/repository-health-export.browser.js(334,3): error TS2339: Property 'health' does not exist on type '{}'.
coming-soon/public/dashboard/js/utils/repository-health-export.browser.js(335,3): error TS2339: Property 'candidates' does not exist on type '{}'.
coming-soon/public/dashboard/js/utils/repository-health-export.browser.js(336,3): error TS2339: Property 'preview' does not exist on type '{}'.
coming-soon/public/dashboard/js/utils/repository-health-export.browser.js(337,3): error TS2339: Property 'candidatesProjectPath' does not exist on type '{}'.
coming-soon/public/dashboard/js/utils/repository-health-export.browser.js(338,3): error TS2339: Property 'candidatesScope' does not exist on type '{}'.
coming-soon/public/dashboard/js/utils/repository-health-export.browser.js(448,19): error TS8024: JSDoc '@param' tag has name 'recommendations', but there is no parameter with that name.
coming-soon/public/dashboard/js/utils/repository-health-export.browser.js(449,17): error TS8024: JSDoc '@param' tag has name 'platform', but there is no parameter with that name.
coming-soon/public/dashboard/js/utils/repository-health-export.browser.js(450,17): error TS8024: JSDoc '@param' tag has name 'monorepo', but there is no parameter with that name.
coming-soon/public/dashboard/js/utils/roadmap-export.browser.js(5,44): error TS2307: Cannot find module './quality-export.browser.js?v=20260531qualityexport8' or its corresponding type declarations.
coming-soon/public/dashboard/js/utils/roadmap-export.browser.js(176,23): error TS2339: Property 'totalLinesOfCode' does not exist on type 'any[]'.
coming-soon/public/dashboard/js/utils/roadmap-export.browser.js(177,23): error TS2339: Property 'testCoverage' does not exist on type 'any[]'.
coming-soon/public/dashboard/js/utils/roadmap-export.browser.js(178,24): error TS2339: Property 'documentation' does not exist on type 'any[]'.
coming-soon/public/dashboard/js/utils/roadmap-export.browser.js(261,40): error TS2740: Type '{}' is missing the following properties from type 'any[]': length, pop, push, concat, and 29 more.
coming-soon/public/dashboard/js/utils/roadmap-export.browser.js(262,15): error TS2339: Property 'testCoverage' does not exist on type 'any[]'.
coming-soon/public/dashboard/js/utils/roadmap-export.browser.js(262,47): error TS2339: Property 'lineCoverage' does not exist on type 'any[]'.
coming-soon/public/dashboard/js/utils/roadmap-export.browser.js(263,18): error TS2339: Property 'jestTests' does not exist on type 'any[]'.
coming-soon/public/dashboard/js/utils/roadmap-export.browser.js(263,47): error TS2339: Property 'jestSuites' does not exist on type 'any[]'.
coming-soon/public/dashboard/js/utils/roadmap-export.browser.js(312,44): error TS2339: Property 'repositoryFilesTotal' does not exist on type 'number'.
coming-soon/public/dashboard/js/utils/roadmap-export.browser.js(313,20): error TS2339: Property 'repositoryInventory' does not exist on type 'number'.
coming-soon/public/dashboard/js/utils/roadmap-export.browser.js(316,41): error TS2339: Property 'credentialScanned' does not exist on type 'number'.
coming-soon/public/dashboard/js/utils/roadmap-export.browser.js(317,20): error TS2339: Property 'productionLeakScanned' does not exist on type 'number'.
coming-soon/public/dashboard/js/utils/roadmap-export.browser.js(318,20): error TS2339: Property 'scanScope' does not exist on type 'number'.
coming-soon/public/dashboard/js/utils/roadmap-export.browser.js(403,23): error TS2339: Property 'sourceMetrics' does not exist on type 'any[]'.
coming-soon/public/dashboard/js/utils/roadmap-export.browser.js(406,14): error TS2339: Property 'executiveSummary' does not exist on type 'any[]'.
coming-soon/public/dashboard/js/utils/roadmap-export.browser.js(407,14): error TS2339: Property 'llmSummary' does not exist on type 'any[]'.
coming-soon/public/dashboard/js/utils/roadmap-export.browser.js(408,14): error TS2339: Property 'complianceNarrative' does not exist on type 'any[]'.
coming-soon/public/dashboard/js/utils/roadmap-export.browser.js(409,18): error TS2339: Property 'riskAssessment' does not exist on type 'any[]'.
coming-soon/public/dashboard/js/utils/roadmap-export.browser.js(426,12): error TS2339: Property 'sourceMetrics' does not exist on type '{ [n: number]: any; length: number; toString(): string; toLocaleString(): string; toLocaleString(locales: string | string[], options?: NumberFormatOptions & DateTimeFormatOptions): string; ... 31 more ...; [Symbol.unscopables]: { ...; }; }'.
coming-soon/public/dashboard/js/utils/roadmap-export.browser.js(427,10): error TS2339: Property 'sourceMetrics' does not exist on type '{ [n: number]: any; length: number; toString(): string; toLocaleString(): string; toLocaleString(locales: string | string[], options?: NumberFormatOptions & DateTimeFormatOptions): string; ... 31 more ...; [Symbol.unscopables]: { ...; }; }'.
coming-soon/public/dashboard/js/utils/roadmap-export.browser.js(428,15): error TS2339: Property 'sourceMetrics' does not exist on type '{ [n: number]: any; length: number; toString(): string; toLocaleString(): string; toLocaleString(locales: string | string[], options?: NumberFormatOptions & DateTimeFormatOptions): string; ... 31 more ...; [Symbol.unscopables]: { ...; }; }'.
coming-soon/public/dashboard/js/utils/roadmap-export.browser.js(441,12): error TS2339: Property 'riskAssessment' does not exist on type '{ [n: number]: any; length: number; toString(): string; toLocaleString(): string; toLocaleString(locales: string | string[], options?: NumberFormatOptions & DateTimeFormatOptions): string; ... 31 more ...; [Symbol.unscopables]: { ...; }; }'.
coming-soon/public/dashboard/js/utils/roadmap-export.browser.js(442,10): error TS2339: Property 'riskAssessment' does not exist on type '{ [n: number]: any; length: number; toString(): string; toLocaleString(): string; toLocaleString(locales: string | string[], options?: NumberFormatOptions & DateTimeFormatOptions): string; ... 31 more ...; [Symbol.unscopables]: { ...; }; }'.
coming-soon/public/dashboard/js/utils/roadmap-export.browser.js(443,15): error TS2339: Property 'riskAssessment' does not exist on type '{ [n: number]: any; length: number; toString(): string; toLocaleString(): string; toLocaleString(locales: string | string[], options?: NumberFormatOptions & DateTimeFormatOptions): string; ... 31 more ...; [Symbol.unscopables]: { ...; }; }'.
coming-soon/public/dashboard/js/utils/roadmap-export.browser.js(444,25): error TS2339: Property 'riskAssessment' does not exist on type '{ [n: number]: any; length: number; toString(): string; toLocaleString(): string; toLocaleString(locales: string | string[], options?: NumberFormatOptions & DateTimeFormatOptions): string; ... 31 more ...; [Symbol.unscopables]: { ...; }; }'.
coming-soon/public/dashboard/js/utils/roadmap-export.browser.js(456,26): error TS2339: Property 'recommendations' does not exist on type '{ [n: number]: any; length: number; toString(): string; toLocaleString(): string; toLocaleString(locales: string | string[], options?: NumberFormatOptions & DateTimeFormatOptions): string; ... 31 more ...; [Symbol.unscopables]: { ...; }; }'.
coming-soon/public/dashboard/js/utils/roadmap-export.browser.js(457,10): error TS2339: Property 'recommendations' does not exist on type '{ [n: number]: any; length: number; toString(): string; toLocaleString(): string; toLocaleString(locales: string | string[], options?: NumberFormatOptions & DateTimeFormatOptions): string; ... 31 more ...; [Symbol.unscopables]: { ...; }; }'.
coming-soon/public/dashboard/js/utils/roadmap-export.browser.js(457,33): error TS2339: Property 'recommendations' does not exist on type '{ [n: number]: any; length: number; toString(): string; toLocaleString(): string; toLocaleString(locales: string | string[], options?: NumberFormatOptions & DateTimeFormatOptions): string; ... 31 more ...; [Symbol.unscopables]: { ...; }; }'.
coming-soon/public/dashboard/js/utils/roadmap-export.browser.js(464,8): error TS2339: Property 'llmAdvisoryOnly' does not exist on type '{ [n: number]: any; length: number; toString(): string; toLocaleString(): string; toLocaleString(locales: string | string[], options?: NumberFormatOptions & DateTimeFormatOptions): string; ... 31 more ...; [Symbol.unscopables]: { ...; }; }'.
coming-soon/public/dashboard/js/utils/roadmap-export.browser.js(465,34): error TS2339: Property 'llmDisclaimer' does not exist on type '{ [n: number]: any; length: number; toString(): string; toLocaleString(): string; toLocaleString(locales: string | string[], options?: NumberFormatOptions & DateTimeFormatOptions): string; ... 31 more ...; [Symbol.unscopables]: { ...; }; }'.
coming-soon/public/dashboard/js/utils/roadmap-export.browser.js(466,8): error TS2339: Property 'llmDisclaimer' does not exist on type '{ [n: number]: any; length: number; toString(): string; toLocaleString(): string; toLocaleString(locales: string | string[], options?: NumberFormatOptions & DateTimeFormatOptions): string; ... 31 more ...; [Symbol.unscopables]: { ...; }; }'.
coming-soon/public/dashboard/js/utils/roadmap-export.browser.js(522,53): error TS2322: Type '{}' is not assignable to type 'string'.
coming-soon/public/dashboard/js/utils/roadmap-export.browser.js(529,11): error TS2339: Property 'repositoryFilesTotal' does not exist on type 'String'.
coming-soon/public/dashboard/js/utils/roadmap-export.browser.js(529,44): error TS2339: Property 'credentialScanned' does not exist on type 'String'.
coming-soon/public/dashboard/js/utils/roadmap-export.browser.js(529,63): error TS2339: Property 'contentScanned' does not exist on type 'String'.
coming-soon/public/dashboard/js/utils/roadmap-export.browser.js(529,79): error TS2339: Property 'gateProfile' does not exist on type 'String'.
coming-soon/public/dashboard/js/utils/roadmap-export.browser.js(530,5): error TS2339: Property 'fictionJsonFilesScanned' does not exist on type 'String'.
coming-soon/public/dashboard/js/utils/roadmap-export.browser.js(530,30): error TS2339: Property 'fictionSampleFilesScanned' does not exist on type 'String'.
coming-soon/public/dashboard/js/utils/roadmap-export.browser.js(530,57): error TS2339: Property 'gatePass' does not exist on type 'String'.
coming-soon/public/dashboard/js/utils/roadmap-export.browser.js(530,67): error TS2339: Property 'blockingCount' does not exist on type 'String'.
coming-soon/public/dashboard/js/utils/roadmap-export.browser.js(530,82): error TS2339: Property 'jestBaselineChecked' does not exist on type 'String'.
coming-soon/public/dashboard/js/utils/roadmap-export.browser.js(564,59): error TS2322: Type '{}' is not assignable to type 'string'.
coming-soon/public/dashboard/js/utils/roadmap-export.browser.js(565,11): error TS2339: Property 'repositoryFilesTotal' does not exist on type 'String'.
coming-soon/public/dashboard/js/utils/roadmap-export.browser.js(565,44): error TS2339: Property 'gateProfile' does not exist on type 'String'.
coming-soon/public/dashboard/js/utils/roadmap-export.browser.js(591,38): error TS2339: Property 'features' does not exist on type 'any[]'.
coming-soon/public/dashboard/js/utils/roadmap-export.browser.js(620,50): error TS2322: Type '{}' is not assignable to type 'string'.
coming-soon/public/dashboard/js/utils/roadmap-export.browser.js(634,29): error TS2339: Property 'repositoryFilesTotal' does not exist on type 'string'.
coming-soon/public/dashboard/js/utils/roadmap-export.browser.js(636,37): error TS2339: Property 'credentialScanned' does not exist on type 'string'.
coming-soon/public/dashboard/js/utils/roadmap-export.browser.js(637,31): error TS2339: Property 'gateProfile' does not exist on type 'string'.
coming-soon/public/dashboard/js/utils/roadmap-export.browser.js(638,43): error TS2339: Property 'fictionJsonFilesScanned' does not exist on type 'string'.
coming-soon/public/dashboard/js/utils/roadmap-export.browser.js(639,45): error TS2339: Property 'fictionSampleFilesScanned' does not exist on type 'string'.
coming-soon/public/dashboard/js/utils/roadmap-export.browser.js(640,28): error TS2339: Property 'gatePass' does not exist on type 'string'.
coming-soon/public/dashboard/js/utils/roadmap-export.browser.js(641,33): error TS2339: Property 'blockingCount' does not exist on type 'string'.
coming-soon/public/dashboard/js/utils/roadmap-export.browser.js(642,39): error TS2339: Property 'jestBaselineChecked' does not exist on type 'string'.
coming-soon/public/dashboard/js/utils/roadmap-export.browser.js(818,40): error TS2339: Property 'totalFiles' does not exist on type 'string'.
coming-soon/public/dashboard/js/utils/roadmap-export.browser.js(819,40): error TS2339: Property 'totalFiles' does not exist on type 'string'.
coming-soon/public/dashboard/js/utils/roadmap-export.browser.js(820,75): error TS2339: Property 'totalFiles' does not exist on type 'string'.
coming-soon/public/dashboard/js/utils/roadmap-export.browser.js(822,5): error TS2698: Spread types may only be created from object types.
coming-soon/public/dashboard/js/utils/roadmap-export.browser.js(823,27): error TS2339: Property 'totalFiles' does not exist on type 'string'.
coming-soon/public/dashboard/js/utils/roadmap-export.browser.js(839,31): error TS2339: Property 'languages' does not exist on type 'string'.
coming-soon/public/dashboard/js/utils/roadmap-export.browser.js(839,66): error TS2339: Property 'languages' does not exist on type 'string'.
coming-soon/public/dashboard/js/utils/roadmap-export.browser.js(840,17): error TS2339: Property 'languages' does not exist on type 'string'.
coming-soon/public/dashboard/js/utils/roadmap-export.browser.js(841,16): error TS2339: Property 'languages' does not exist on type 'any[]'.
coming-soon/public/dashboard/js/utils/roadmap-export.browser.js(844,32): error TS2339: Property 'totalLinesOfCode' does not exist on type 'any[]'.
coming-soon/public/dashboard/js/utils/roadmap-export.browser.js(847,26): error TS2339: Property 'complexity' does not exist on type 'any[]'.
coming-soon/public/dashboard/js/utils/roadmap-export.browser.js(849,30): error TS2339: Property 'languages' does not exist on type 'string'.
coming-soon/public/dashboard/js/utils/roadmap-export.browser.js(849,61): error TS2339: Property 'documentation' does not exist on type 'any[]'.
coming-soon/public/dashboard/js/utils/roadmap-export.browser.js(850,28): error TS2339: Property 'languages' does not exist on type 'string'.
coming-soon/public/dashboard/js/utils/roadmap-export.browser.js(1025,61): error TS2339: Property 'recommendations' does not exist on type '{ [n: number]: any; length: number; toString(): string; toLocaleString(): string; toLocaleString(locales: string | string[], options?: NumberFormatOptions & DateTimeFormatOptions): string; ... 31 more ...; [Symbol.unscopables]: { ...; }; }'.
coming-soon/public/dashboard/js/utils/roadmap-export.browser.js(1026,10): error TS2339: Property 'recommendations' does not exist on type '{ [n: number]: any; length: number; toString(): string; toLocaleString(): string; toLocaleString(locales: string | string[], options?: NumberFormatOptions & DateTimeFormatOptions): string; ... 31 more ...; [Symbol.unscopables]: { ...; }; }'.
coming-soon/public/dashboard/js/utils/roadmap-export.browser.js(1039,14): error TS2339: Property 'riskAssessment' does not exist on type '{ [n: number]: any; length: number; toString(): string; toLocaleString(): string; toLocaleString(locales: string | string[], options?: NumberFormatOptions & DateTimeFormatOptions): string; ... 31 more ...; [Symbol.unscopables]: { ...; }; }'.
coming-soon/public/dashboard/js/utils/roadmap-export.browser.js(1045,29): error TS2339: Property 'riskAssessment' does not exist on type '{ [n: number]: any; length: number; toString(): string; toLocaleString(): string; toLocaleString(locales: string | string[], options?: NumberFormatOptions & DateTimeFormatOptions): string; ... 31 more ...; [Symbol.unscopables]: { ...; }; }'.
coming-soon/public/dashboard/js/utils/roadmap-export.browser.js(1049,12): error TS2339: Property 'riskAssessment' does not exist on type '{ [n: number]: any; length: number; toString(): string; toLocaleString(): string; toLocaleString(locales: string | string[], options?: NumberFormatOptions & DateTimeFormatOptions): string; ... 31 more ...; [Symbol.unscopables]: { ...; }; }'.
coming-soon/public/dashboard/js/utils/roadmap-export.browser.js(1050,17): error TS2339: Property 'riskAssessment' does not exist on type '{ [n: number]: any; length: number; toString(): string; toLocaleString(): string; toLocaleString(locales: string | string[], options?: NumberFormatOptions & DateTimeFormatOptions): string; ... 31 more ...; [Symbol.unscopables]: { ...; }; }'.
coming-soon/public/dashboard/js/utils/roadmap-export.browser.js(1051,44): error TS2339: Property 'riskAssessment' does not exist on type '{ [n: number]: any; length: number; toString(): string; toLocaleString(): string; toLocaleString(locales: string | string[], options?: NumberFormatOptions & DateTimeFormatOptions): string; ... 31 more ...; [Symbol.unscopables]: { ...; }; }'.
coming-soon/public/dashboard/js/utils/roadmap-export.browser.js(1063,14): error TS2339: Property 'sourceMetrics' does not exist on type '{ [n: number]: any; length: number; toString(): string; toLocaleString(): string; toLocaleString(locales: string | string[], options?: NumberFormatOptions & DateTimeFormatOptions): string; ... 31 more ...; [Symbol.unscopables]: { ...; }; }'.
coming-soon/public/dashboard/js/utils/roadmap-export.browser.js(1064,12): error TS2339: Property 'sourceMetrics' does not exist on type '{ [n: number]: any; length: number; toString(): string; toLocaleString(): string; toLocaleString(locales: string | string[], options?: NumberFormatOptions & DateTimeFormatOptions): string; ... 31 more ...; [Symbol.unscopables]: { ...; }; }'.
coming-soon/public/dashboard/js/utils/roadmap-export.browser.js(1065,17): error TS2339: Property 'sourceMetrics' does not exist on type '{ [n: number]: any; length: number; toString(): string; toLocaleString(): string; toLocaleString(locales: string | string[], options?: NumberFormatOptions & DateTimeFormatOptions): string; ... 31 more ...; [Symbol.unscopables]: { ...; }; }'.
coming-soon/public/dashboard/js/utils/roadmap-export.browser.js(1070,52): error TS2339: Property 'sourceMetrics' does not exist on type '{ [n: number]: any; length: number; toString(): string; toLocaleString(): string; toLocaleString(locales: string | string[], options?: NumberFormatOptions & DateTimeFormatOptions): string; ... 31 more ...; [Symbol.unscopables]: { ...; }; }'.
coming-soon/public/dashboard/js/utils/roadmap-export.browser.js(1071,52): error TS2339: Property 'sourceMetrics' does not exist on type '{ [n: number]: any; length: number; toString(): string; toLocaleString(): string; toLocaleString(locales: string | string[], options?: NumberFormatOptions & DateTimeFormatOptions): string; ... 31 more ...; [Symbol.unscopables]: { ...; }; }'.
coming-soon/public/dashboard/js/utils/roadmap-export.browser.js(1072,51): error TS2339: Property 'sourceMetrics' does not exist on type '{ [n: number]: any; length: number; toString(): string; toLocaleString(): string; toLocaleString(locales: string | string[], options?: NumberFormatOptions & DateTimeFormatOptions): string; ... 31 more ...; [Symbol.unscopables]: { ...; }; }'.
coming-soon/public/dashboard/js/utils/roadmap-export.browser.js(1081,36): error TS2339: Property 'llmDisclaimer' does not exist on type '{ [n: number]: any; length: number; toString(): string; toLocaleString(): string; toLocaleString(locales: string | string[], options?: NumberFormatOptions & DateTimeFormatOptions): string; ... 31 more ...; [Symbol.unscopables]: { ...; }; }'.
coming-soon/public/dashboard/js/utils/roadmap-export.browser.js(1082,10): error TS2339: Property 'llmDisclaimer' does not exist on type '{ [n: number]: any; length: number; toString(): string; toLocaleString(): string; toLocaleString(locales: string | string[], options?: NumberFormatOptions & DateTimeFormatOptions): string; ... 31 more ...; [Symbol.unscopables]: { ...; }; }'.
coming-soon/public/dashboard/js/utils/roadmap-export.browser.js(1105,34): error TS2339: Property 'codeFiles' does not exist on type 'any[]'.
coming-soon/public/dashboard/js/utils/roadmap-export.browser.js(1105,83): error TS2339: Property 'codeFiles' does not exist on type 'any[]'.
coming-soon/public/dashboard/js/utils/roadmap-export.browser.js(1106,30): error TS2339: Property 'categories' does not exist on type 'any[]'.
coming-soon/public/dashboard/js/utils/roadmap-export.browser.js(1109,19): error TS2339: Property 'metrics' does not exist on type 'any[]'.
coming-soon/public/dashboard/js/utils/roadmap-export.browser.js(1110,31): error TS2339: Property 'codeFiles' does not exist on type 'any[]'.
coming-soon/public/dashboard/js/utils/roadmap-export.browser.js(1111,26): error TS2339: Property 'testFiles' does not exist on type 'any[]'.
coming-soon/public/dashboard/js/utils/roadmap-export.browser.js(1147,5): error TS2698: Spread types may only be created from object types.
coming-soon/public/dashboard/js/utils/roadmap-export.browser.js(1148,30): error TS2339: Property 'totalFiles' does not exist on type 'string'.
coming-soon/public/dashboard/js/utils/roadmap-export.browser.js(1163,26): error TS2339: Property 'features' does not exist on type '{ [n: number]: any; length: number; toString(): string; toLocaleString(): string; toLocaleString(locales: string | string[], options?: NumberFormatOptions & DateTimeFormatOptions): string; ... 31 more ...; [Symbol.unscopables]: { ...; }; }'.
coming-soon/public/dashboard/js/utils/roadmap-export.browser.js(1165,12): error TS2339: Property 'features' does not exist on type '{ [n: number]: any; length: number; toString(): string; toLocaleString(): string; toLocaleString(locales: string | string[], options?: NumberFormatOptions & DateTimeFormatOptions): string; ... 31 more ...; [Symbol.unscopables]: { ...; }; }'.
coming-soon/public/dashboard/js/utils/roadmap-export.browser.js(1166,12): error TS2339: Property 'featuresNote' does not exist on type '{ [n: number]: any; length: number; toString(): string; toLocaleString(): string; toLocaleString(locales: string | string[], options?: NumberFormatOptions & DateTimeFormatOptions): string; ... 31 more ...; [Symbol.unscopables]: { ...; }; }'.
coming-soon/public/dashboard/js/utils/roadmap-export.browser.js(1168,12): error TS2339: Property 'features' does not exist on type '{ [n: number]: any; length: number; toString(): string; toLocaleString(): string; toLocaleString(locales: string | string[], options?: NumberFormatOptions & DateTimeFormatOptions): string; ... 31 more ...; [Symbol.unscopables]: { ...; }; }'.
coming-soon/public/dashboard/js/utils/roadmap-export.browser.js(1168,28): error TS2339: Property 'features' does not exist on type '{ [n: number]: any; length: number; toString(): string; toLocaleString(): string; toLocaleString(locales: string | string[], options?: NumberFormatOptions & DateTimeFormatOptions): string; ... 31 more ...; [Symbol.unscopables]: { ...; }; }'.
coming-soon/public/dashboard/js/utils/roadmap-export.browser.js(1173,17): error TS2339: Property 'features' does not exist on type '{ [n: number]: any; length: number; toString(): string; toLocaleString(): string; toLocaleString(locales: string | string[], options?: NumberFormatOptions & DateTimeFormatOptions): string; ... 31 more ...; [Symbol.unscopables]: { ...; }; }'.
coming-soon/public/dashboard/js/utils/roadmap-export.browser.js(1174,14): error TS2339: Property 'featuresNote' does not exist on type '{ [n: number]: any; length: number; toString(): string; toLocaleString(): string; toLocaleString(locales: string | string[], options?: NumberFormatOptions & DateTimeFormatOptions): string; ... 31 more ...; [Symbol.unscopables]: { ...; }; }'.
coming-soon/public/dashboard/js/utils/roadmap-export.browser.js(1178,22): error TS2339: Property 'phase2' does not exist on type '{ [n: number]: any; length: number; toString(): string; toLocaleString(): string; toLocaleString(locales: string | string[], options?: NumberFormatOptions & DateTimeFormatOptions): string; ... 31 more ...; [Symbol.unscopables]: { ...; }; }'.
coming-soon/public/dashboard/js/utils/roadmap-export.browser.js(1180,10): error TS2339: Property 'phase2' does not exist on type '{ [n: number]: any; length: number; toString(): string; toLocaleString(): string; toLocaleString(locales: string | string[], options?: NumberFormatOptions & DateTimeFormatOptions): string; ... 31 more ...; [Symbol.unscopables]: { ...; }; }'.
coming-soon/public/dashboard/js/utils/roadmap-export.browser.js(1181,15): error TS2339: Property 'phase2' does not exist on type '{ [n: number]: any; length: number; toString(): string; toLocaleString(): string; toLocaleString(locales: string | string[], options?: NumberFormatOptions & DateTimeFormatOptions): string; ... 31 more ...; [Symbol.unscopables]: { ...; }; }'.
coming-soon/public/dashboard/js/utils/roadmap-export.browser.js(1183,17): error TS2339: Property 'phase2' does not exist on type '{ [n: number]: any; length: number; toString(): string; toLocaleString(): string; toLocaleString(locales: string | string[], options?: NumberFormatOptions & DateTimeFormatOptions): string; ... 31 more ...; [Symbol.unscopables]: { ...; }; }'.
coming-soon/public/dashboard/js/utils/roadmap-export.browser.js(1231,37): error TS2339: Property 'codeFiles' does not exist on type 'any[]'.
coming-soon/public/dashboard/js/utils/security-export.browser.js(158,31): error TS2367: This comparison appears to be unintentional because the types 'boolean' and 'string' have no overlap.
coming-soon/public/dashboard/js/utils/security-export.browser.js(253,32): error TS2339: Property 'gate' does not exist on type 'number'.
coming-soon/public/dashboard/js/utils/security-export.browser.js(332,30): error TS2339: Property 'productionLeakSuppressedIntent' does not exist on type 'number'.
coming-soon/public/dashboard/js/utils/security-export.browser.js(344,40): error TS2339: Property 'gate' does not exist on type 'number'.
coming-soon/public/dashboard/js/utils/security-export.browser.js(386,32): error TS2339: Property 'gate' does not exist on type 'number'.
coming-soon/public/dashboard/js/utils/security-export.browser.js(416,41): error TS2339: Property 'generatedAt' does not exist on type 'number'.
coming-soon/public/dashboard/js/utils/security-export.browser.js(422,83): error TS2339: Property 'generatedAt' does not exist on type 'number'.
coming-soon/public/dashboard/js/utils/security-export.browser.js(531,38): error TS2339: Property 'credentialFindings' does not exist on type 'number'.
coming-soon/public/dashboard/js/utils/security-export.browser.js(535,42): error TS2339: Property 'productionLeakFindings' does not exist on type 'number'.
coming-soon/public/dashboard/js/utils/security-export.browser.js(543,32): error TS2339: Property 'credentialScanned' does not exist on type 'number'.
coming-soon/public/dashboard/js/utils/security-export.browser.js(547,36): error TS2339: Property 'productionLeakScanned' does not exist on type 'number'.
coming-soon/public/dashboard/js/utils/security-export.browser.js(551,45): error TS2339: Property 'productionLeakSuppressedIntent' does not exist on type 'number'.
coming-soon/public/dashboard/js/utils/security-export.browser.js(557,23): error TS2339: Property 'gate' does not exist on type 'number'.
coming-soon/public/dashboard/js/utils/security-export.browser.js(559,32): error TS2339: Property 'gate' does not exist on type 'number'.
coming-soon/public/dashboard/js/utils/security-export.browser.js(561,26): error TS2339: Property 'generatedAt' does not exist on type 'number'.
coming-soon/public/dashboard/js/utils/security-export.browser.js(588,52): error TS2339: Property 'projectRoot' does not exist on type 'number'.
coming-soon/public/dashboard/js/utils/security-export.browser.js(596,48): error TS2339: Property 'scanPaths' does not exist on type 'number'.
coming-soon/public/dashboard/js/utils/security-export.browser.js(596,66): error TS2339: Property 'projectRoot' does not exist on type 'number'.
coming-soon/public/dashboard/js/utils/security-export.browser.js(626,27): error TS2339: Property 'generatedAt' does not exist on type 'number'.
coming-soon/public/dashboard/js/utils/security-export.browser.js(628,54): error TS2339: Property 'projectRoot' does not exist on type 'number'.
coming-soon/public/dashboard/js/utils/security-export.browser.js(632,20): error TS2339: Property 'gate' does not exist on type 'number'.
coming-soon/public/dashboard/js/utils/security-export.browser.js(634,33): error TS2339: Property 'credentialScanned' does not exist on type 'number'.
coming-soon/public/dashboard/js/utils/security-export.browser.js(636,37): error TS2339: Property 'productionLeakScanned' does not exist on type 'number'.
coming-soon/public/dashboard/js/utils/security-export.browser.js(638,46): error TS2339: Property 'productionLeakSuppressedIntent' does not exist on type 'number'.
coming-soon/public/dashboard/js/utils/security-export.browser.js(640,60): error TS2339: Property 'scanScope' does not exist on type 'number'.
coming-soon/public/dashboard/js/utils/security-export.browser.js(711,36): error TS2339: Property 'generatedAt' does not exist on type 'number'.
coming-soon/public/dashboard/js/utils/security-export.browser.js(711,58): error TS2339: Property 'gate' does not exist on type 'number'.
coming-soon/public/dashboard/js/utils/security-export.browser.js(711,81): error TS2339: Property 'credentialScanned' does not exist on type 'number'.
coming-soon/public/dashboard/js/utils/simplebeacon-report-export.browser.js(17,47): error TS2307: Cannot find module './quality-export.browser.js?v=20260531qualityexport8' or its corresponding type declarations.
coming-soon/public/dashboard/js/utils/simplebeacon-report-export.browser.js(92,5): error TS2339: Property 'rawIssues' does not exist on type 'null'.
coming-soon/public/dashboard/js/utils/simplebeacon-report-export.browser.js(93,5): error TS2339: Property 'sampleFiles' does not exist on type 'null'.
coming-soon/public/dashboard/js/utils/simplebeacon-report-export.browser.js(94,5): error TS2339: Property 'benchmarkCloneNoiseIssues' does not exist on type 'null'.
coming-soon/public/dashboard/js/utils/simplebeacon-report-export.browser.js(95,8): error TS2700: Rest types may only be created from object types.
coming-soon/public/dashboard/js/utils/simplebeacon-report-export.browser.js(122,14): error TS2339: Property 'benchmarkScan' does not exist on type 'number'.
coming-soon/public/dashboard/js/utils/simplebeacon-report-export.browser.js(122,38): error TS2339: Property 'projectRoot' does not exist on type 'number'.
coming-soon/public/dashboard/js/utils/simplebeacon-report-export.browser.js(122,80): error TS2339: Property 'projectRoot' does not exist on type 'number'.
coming-soon/public/dashboard/js/utils/simplebeacon-report-export.browser.js(123,26): error TS2339: Property 'projectRoot' does not exist on type 'number'.
coming-soon/public/dashboard/js/utils/simplebeacon-report-export.browser.js(134,15): error TS2339: Property 'scanTargetRoot' does not exist on type 'number'.
coming-soon/public/dashboard/js/utils/simplebeacon-report-export.browser.js(136,15): error TS2339: Property 'projectRoot' does not exist on type 'number'.
coming-soon/public/dashboard/js/utils/simplebeacon-report-export.browser.js(138,15): error TS2339: Property 'platformRoot' does not exist on type 'number'.
coming-soon/public/dashboard/js/utils/simplebeacon-report-export.browser.js(146,14): error TS2339: Property 'benchmarkScan' does not exist on type 'number'.
coming-soon/public/dashboard/js/utils/simplebeacon-report-export.browser.js(178,35): error TS2339: Property 'scanTargetRoot' does not exist on type 'number'.
coming-soon/public/dashboard/js/utils/simplebeacon-report-export.browser.js(178,60): error TS2339: Property 'projectRoot' does not exist on type 'number'.
coming-soon/public/dashboard/js/utils/simplebeacon-report-export.browser.js(178,82): error TS2339: Property 'platformRoot' does not exist on type 'number'.
coming-soon/public/dashboard/js/utils/simplebeacon-report-export.browser.js(319,59): error TS2339: Property 'llmSlopFilesScanned' does not exist on type 'number'.
coming-soon/public/dashboard/js/utils/simplebeacon-report-export.browser.js(320,53): error TS2339: Property 'llmSlopScanRaw' does not exist on type 'number'.
coming-soon/public/dashboard/js/utils/simplebeacon-report-export.browser.js(321,64): error TS2339: Property 'llmSlopScanReconciled' does not exist on type 'number'.
coming-soon/public/dashboard/js/utils/simplebeacon-report-export.browser.js(336,30): error TS2339: Property 'jestSummary' does not exist on type 'number'.
coming-soon/public/dashboard/js/utils/simplebeacon-report-export.browser.js(337,31): error TS2339: Property 'jestBaselineChecked' does not exist on type 'number'.
coming-soon/public/dashboard/js/utils/simplebeacon-report-export.browser.js(338,15): error TS2339: Property 'scanScope' does not exist on type 'number'.
coming-soon/public/dashboard/js/utils/simplebeacon-report-export.browser.js(342,39): error TS2339: Property 'repositoryFilesTotal' does not exist on type 'number'.
coming-soon/public/dashboard/js/utils/simplebeacon-report-export.browser.js(342,70): error TS2339: Property 'repositoryInventory' does not exist on type 'number'.
coming-soon/public/dashboard/js/utils/simplebeacon-report-export.browser.js(347,33): error TS2339: Property 'scanScope' does not exist on type 'number'.
coming-soon/public/dashboard/js/utils/simplebeacon-report-export.browser.js(348,15): error TS2339: Property 'scanScope' does not exist on type 'number'.
coming-soon/public/dashboard/js/utils/simplebeacon-report-export.browser.js(349,15): error TS2339: Property 'credentialScanned' does not exist on type 'number'.
coming-soon/public/dashboard/js/utils/simplebeacon-report-export.browser.js(352,22): error TS2339: Property 'gate' does not exist on type 'number'.
coming-soon/public/dashboard/js/utils/simplebeacon-report-export.browser.js(353,27): error TS2339: Property 'gate' does not exist on type 'number'.
coming-soon/public/dashboard/js/utils/simplebeacon-report-export.browser.js(354,29): error TS2339: Property 'mockSampleFiles' does not exist on type 'number'.
coming-soon/public/dashboard/js/utils/simplebeacon-report-export.browser.js(355,37): error TS2339: Property 'fictionJsonFilesScanned' does not exist on type 'number'.
coming-soon/public/dashboard/js/utils/simplebeacon-report-export.browser.js(355,71): error TS2339: Property 'scanScope' does not exist on type 'number'.
coming-soon/public/dashboard/js/utils/simplebeacon-report-export.browser.js(356,39): error TS2339: Property 'fictionSampleFilesScanned' does not exist on type 'number'.
coming-soon/public/dashboard/js/utils/simplebeacon-report-export.browser.js(356,75): error TS2339: Property 'scanScope' does not exist on type 'number'.
coming-soon/public/dashboard/js/utils/simplebeacon-report-export.browser.js(357,37): error TS2339: Property 'ruleScopedFilesAnalyzed' does not exist on type 'number'.
coming-soon/public/dashboard/js/utils/simplebeacon-report-export.browser.js(357,71): error TS2339: Property 'scanScope' does not exist on type 'number'.
coming-soon/public/dashboard/js/utils/simplebeacon-report-export.browser.js(360,31): error TS2339: Property 'credentialScanned' does not exist on type 'number'.
coming-soon/public/dashboard/js/utils/simplebeacon-report-export.browser.js(360,59): error TS2339: Property 'productionLeakScanned' does not exist on type 'number'.
coming-soon/public/dashboard/js/utils/simplebeacon-report-export.browser.js(365,32): error TS2339: Property 'llmSlopPatternHits' does not exist on type 'number'.
coming-soon/public/dashboard/js/utils/simplebeacon-report-export.browser.js(365,61): error TS2339: Property 'scanScope' does not exist on type 'number'.
coming-soon/public/dashboard/js/utils/simplebeacon-report-export.browser.js(366,26): error TS2339: Property 'qualityScore' does not exist on type 'number'.
coming-soon/public/dashboard/js/utils/simplebeacon-report-export.browser.js(367,16): error TS2339: Property 'scanScope' does not exist on type 'number'.
coming-soon/public/dashboard/js/utils/simplebeacon-report-export.browser.js(367,69): error TS2339: Property 'scanScope' does not exist on type 'number'.
coming-soon/public/dashboard/js/utils/simplebeacon-report-export.browser.js(368,29): error TS2339: Property 'gate' does not exist on type 'number'.
coming-soon/public/dashboard/js/utils/simplebeacon-report-export.browser.js(369,31): error TS2339: Property 'gate' does not exist on type 'number'.
coming-soon/public/dashboard/js/utils/simplebeacon-report-export.browser.js(372,48): error TS2339: Property 'jestBaselinePassed' does not exist on type 'number'.
coming-soon/public/dashboard/js/utils/simplebeacon-report-export.browser.js(385,24): error TS2339: Property 'mockSampleFiles' does not exist on type 'number'.
coming-soon/public/dashboard/js/utils/simplebeacon-report-export.browser.js(385,50): error TS2339: Property 'totalFiles' does not exist on type 'number'.
coming-soon/public/dashboard/js/utils/simplebeacon-report-export.browser.js(386,28): error TS2339: Property 'repositoryFilesTotal' does not exist on type 'number'.
coming-soon/public/dashboard/js/utils/simplebeacon-report-export.browser.js(386,59): error TS2339: Property 'repositoryInventory' does not exist on type 'number'.
coming-soon/public/dashboard/js/utils/simplebeacon-report-export.browser.js(387,15): error TS2339: Property 'totalSizeLabel' does not exist on type 'number'.
coming-soon/public/dashboard/js/utils/simplebeacon-report-export.browser.js(400,25): error TS2339: Property 'llmSlopScanRaw' does not exist on type 'number'.
coming-soon/public/dashboard/js/utils/simplebeacon-report-export.browser.js(401,26): error TS2339: Property 'llmSlopFilesScanned' does not exist on type 'number'.
coming-soon/public/dashboard/js/utils/simplebeacon-report-export.browser.js(401,56): error TS2339: Property 'scanScope' does not exist on type 'number'.
coming-soon/public/dashboard/js/utils/simplebeacon-report-export.browser.js(402,29): error TS2339: Property 'llmSlopScanReconciled' does not exist on type 'number'.
coming-soon/public/dashboard/js/utils/simplebeacon-report-export.browser.js(402,61): error TS2339: Property 'scanScope' does not exist on type 'number'.
coming-soon/public/dashboard/js/utils/simplebeacon-report-export.browser.js(404,22): error TS2339: Property 'gate' does not exist on type 'number'.
coming-soon/public/dashboard/js/utils/simplebeacon-report-export.browser.js(405,27): error TS2339: Property 'gate' does not exist on type 'number'.
coming-soon/public/dashboard/js/utils/simplebeacon-report-export.browser.js(406,36): error TS2339: Property 'productionLeakFindings' does not exist on type 'number'.
coming-soon/public/dashboard/js/utils/simplebeacon-report-export.browser.js(407,29): error TS2339: Property 'mockSampleFiles' does not exist on type 'number'.
coming-soon/public/dashboard/js/utils/simplebeacon-report-export.browser.js(407,55): error TS2339: Property 'totalFiles' does not exist on type 'number'.
coming-soon/public/dashboard/js/utils/simplebeacon-report-export.browser.js(408,37): error TS2339: Property 'ruleScopedFilesAnalyzed' does not exist on type 'number'.
coming-soon/public/dashboard/js/utils/simplebeacon-report-export.browser.js(408,71): error TS2339: Property 'scanScope' does not exist on type 'number'.
coming-soon/public/dashboard/js/utils/simplebeacon-report-export.browser.js(409,34): error TS2339: Property 'repositoryFilesTotal' does not exist on type 'number'.
coming-soon/public/dashboard/js/utils/simplebeacon-report-export.browser.js(409,65): error TS2339: Property 'repositoryInventory' does not exist on type 'number'.
coming-soon/public/dashboard/js/utils/simplebeacon-report-export.browser.js(410,37): error TS2339: Property 'fictionJsonFilesScanned' does not exist on type 'number'.
coming-soon/public/dashboard/js/utils/simplebeacon-report-export.browser.js(410,71): error TS2339: Property 'scanScope' does not exist on type 'number'.
coming-soon/public/dashboard/js/utils/simplebeacon-report-export.browser.js(415,26): error TS2339: Property 'qualityScore' does not exist on type 'number'.
coming-soon/public/dashboard/js/utils/simplebeacon-report-export.browser.js(416,41): error TS2339: Property 'scanScope' does not exist on type 'number'.
coming-soon/public/dashboard/js/utils/simplebeacon-report-export.browser.js(428,71): error TS2322: Type '{}' is not assignable to type 'string'.
coming-soon/public/dashboard/js/utils/simplebeacon-report-export.browser.js(473,7): error TS2365: Operator '>' cannot be applied to types 'number | any[]' and 'number'.
coming-soon/public/dashboard/js/utils/simplebeacon-report-export.browser.js(488,28): error TS2339: Property 'repositoryFilesTotal' does not exist on type 'number'.
coming-soon/public/dashboard/js/utils/simplebeacon-report-export.browser.js(488,59): error TS2339: Property 'repositoryInventory' does not exist on type 'number'.
coming-soon/public/dashboard/js/utils/simplebeacon-report-export.browser.js(490,29): error TS2339: Property 'ruleScopedFilesAnalyzed' does not exist on type 'number'.
coming-soon/public/dashboard/js/utils/simplebeacon-report-export.browser.js(490,63): error TS2339: Property 'scanScope' does not exist on type 'number'.
coming-soon/public/dashboard/js/utils/simplebeacon-report-export.browser.js(494,25): error TS2339: Property 'llmSlopFilesScanned' does not exist on type 'number'.
coming-soon/public/dashboard/js/utils/simplebeacon-report-export.browser.js(494,55): error TS2339: Property 'scanScope' does not exist on type 'number'.
coming-soon/public/dashboard/js/utils/simplebeacon-report-export.browser.js(502,16): error TS2339: Property 'scanScope' does not exist on type 'number'.
coming-soon/public/dashboard/js/utils/simplebeacon-report-export.browser.js(514,5): error TS2698: Spread types may only be created from object types.
coming-soon/public/dashboard/js/utils/simplebeacon-report-export.browser.js(540,14): error TS2339: Property 'benchmarkScan' does not exist on type 'number'.
coming-soon/public/dashboard/js/utils/simplebeacon-report-export.browser.js(540,59): error TS2339: Property 'benchmarkScan' does not exist on type 'number'.
coming-soon/public/dashboard/js/utils/simplebeacon-report-export.browser.js(542,14): error TS2339: Property 'scanTargetProfile' does not exist on type 'number'.
coming-soon/public/dashboard/js/utils/simplebeacon-report-export.browser.js(632,23): error TS2339: Property 'gate' does not exist on type 'number'.
coming-soon/public/dashboard/js/utils/simplebeacon-report-export.browser.js(636,49): error TS2339: Property 'issueCount' does not exist on type 'number'.
coming-soon/public/dashboard/js/utils/simplebeacon-report-export.browser.js(640,29): error TS2339: Property 'ruleScopedFilesAnalyzed' does not exist on type 'number'.
coming-soon/public/dashboard/js/utils/simplebeacon-report-export.browser.js(640,63): error TS2339: Property 'scanScope' does not exist on type 'number'.
coming-soon/public/dashboard/js/utils/simplebeacon-report-export.browser.js(680,24): error TS2339: Property 'scanScope' does not exist on type 'number'.
coming-soon/public/dashboard/js/utils/simplebeacon-report-export.browser.js(681,38): error TS2339: Property 'fictionSampleFilesScanned' does not exist on type 'number'.
coming-soon/public/dashboard/js/utils/simplebeacon-report-export.browser.js(682,35): error TS2339: Property 'fictionJsonFilesScanned' does not exist on type 'number'.
coming-soon/public/dashboard/js/utils/simplebeacon-report-export.browser.js(683,40): error TS2339: Property 'fullDirectoryScan' does not exist on type 'number'.
coming-soon/public/dashboard/js/utils/simplebeacon-report-export.browser.js(691,56): error TS2339: Property 'jestBaselineChecked' does not exist on type 'number'.
coming-soon/public/dashboard/js/utils/simplebeacon-report-export.browser.js(693,21): error TS2339: Property 'jestBaselinePassed' does not exist on type 'number'.
coming-soon/public/dashboard/js/utils/simplebeacon-report-export.browser.js(693,60): error TS2339: Property 'jestSummary' does not exist on type 'number'.
coming-soon/public/dashboard/js/utils/simplebeacon-report-export.browser.js(695,31): error TS2339: Property 'jestSummary' does not exist on type 'number'.
coming-soon/public/dashboard/js/utils/simplebeacon-report-export.browser.js(695,78): error TS2339: Property 'jestSummary' does not exist on type 'number'.
coming-soon/public/dashboard/js/utils/simplebeacon-report-export.browser.js(695,112): error TS2339: Property 'jestSummary' does not exist on type 'number'.
coming-soon/public/dashboard/js/utils/simplebeacon-report-export.browser.js(698,24): error TS2339: Property 'mockSampleFiles' does not exist on type 'number'.
coming-soon/public/dashboard/js/utils/simplebeacon-report-export.browser.js(698,50): error TS2339: Property 'totalFiles' does not exist on type 'number'.
coming-soon/public/dashboard/js/utils/simplebeacon-report-export.browser.js(699,33): error TS2339: Property 'fictionSampleFilesScanned' does not exist on type 'number'.
coming-soon/public/dashboard/js/utils/simplebeacon-report-export.browser.js(704,28): error TS2339: Property 'repositoryFilesTotal' does not exist on type 'number'.
coming-soon/public/dashboard/js/utils/simplebeacon-report-export.browser.js(704,59): error TS2339: Property 'repositoryInventory' does not exist on type 'number'.
coming-soon/public/dashboard/js/utils/simplebeacon-report-export.browser.js(705,29): error TS2339: Property 'ruleScopedFilesAnalyzed' does not exist on type 'number'.
coming-soon/public/dashboard/js/utils/simplebeacon-report-export.browser.js(706,35): error TS2339: Property 'fullDirectoryScan' does not exist on type 'number'.
coming-soon/public/dashboard/js/utils/simplebeacon-report-export.browser.js(715,35): error TS2339: Property 'repositoryInventory' does not exist on type 'number'.
coming-soon/public/dashboard/js/utils/simplebeacon-report-export.browser.js(721,14): error TS2339: Property 'filesAnalyzed' does not exist on type 'number'.
coming-soon/public/dashboard/js/utils/simplebeacon-report-export.browser.js(721,67): error TS2339: Property 'filesAnalyzed' does not exist on type 'number'.
coming-soon/public/dashboard/js/utils/simplebeacon-report-export.browser.js(725,14): error TS2339: Property 'gate' does not exist on type 'number'.
coming-soon/public/dashboard/js/utils/simplebeacon-report-export.browser.js(725,36): error TS2339: Property 'issueCount' does not exist on type 'number'.
coming-soon/public/dashboard/js/utils/simplebeacon-report-export.browser.js(728,14): error TS2339: Property 'gate' does not exist on type 'number'.
coming-soon/public/dashboard/js/utils/simplebeacon-report-export.browser.js(729,29): error TS2339: Property 'gate' does not exist on type 'number'.
coming-soon/public/dashboard/js/utils/simplebeacon-report-export.browser.js(729,59): error TS2339: Property 'issueCount' does not exist on type 'number'.
coming-soon/public/dashboard/js/utils/simplebeacon-report-export.browser.js(732,14): error TS2339: Property 'euAiActSummary' does not exist on type 'number'.
coming-soon/public/dashboard/js/utils/simplebeacon-report-export.browser.js(733,57): error TS2339: Property 'euAiActSummary' does not exist on type 'number'.
coming-soon/public/dashboard/js/utils/simplebeacon-report-export.browser.js(743,15): error TS2339: Property 'credentialScanned' does not exist on type 'number'.
coming-soon/public/dashboard/js/utils/simplebeacon-report-export.browser.js(745,36): error TS2339: Property 'credentialScanned' does not exist on type 'number'.
coming-soon/public/dashboard/js/utils/simplebeacon-report-export.browser.js(755,30): error TS2339: Property 'fictionJsonFilesScanned' does not exist on type 'number'.
coming-soon/public/dashboard/js/utils/simplebeacon-report-export.browser.js(760,26): error TS2339: Property 'llmSlopPatternHits' does not exist on type 'number'.
coming-soon/public/dashboard/js/utils/simplebeacon-report-export.browser.js(762,30): error TS2339: Property 'gate' does not exist on type 'number'.
coming-soon/public/dashboard/js/utils/simplebeacon-report-export.browser.js(765,35): error TS2339: Property 'productionLeakFindings' does not exist on type 'number'.
coming-soon/public/dashboard/js/utils/simplebeacon-report-export.browser.js(766,92): error TS2339: Property 'productionLeakSuppressedIntent' does not exist on type 'number'.
coming-soon/public/dashboard/js/utils/simplebeacon-report-export.browser.js(769,17): error TS2339: Property 'euAiActSummary' does not exist on type 'number'.
coming-soon/public/dashboard/js/utils/simplebeacon-report-export.browser.js(783,48): error TS2322: Type '{}' is not assignable to type 'string'.
coming-soon/public/dashboard/js/utils/simplebeacon-report-export.browser.js(787,27): error TS2339: Property 'scanScope' does not exist on type 'number'.
coming-soon/public/dashboard/js/utils/simplebeacon-report-export.browser.js(789,15): error TS2339: Property 'benchmarkCloneNoiseIssues' does not exist on type 'number'.
coming-soon/public/dashboard/js/utils/simplebeacon-report-export.browser.js(803,15): error TS2339: Property 'productMockPathsOmitted' does not exist on type 'string'.
coming-soon/public/dashboard/js/utils/simplebeacon-report-export.browser.js(813,25): error TS2339: Property 'llmSlopScanRaw' does not exist on type 'number'.
coming-soon/public/dashboard/js/utils/simplebeacon-report-export.browser.js(814,15): error TS2339: Property 'hygieneSummary' does not exist on type 'number'.
coming-soon/public/dashboard/js/utils/simplebeacon-report-export.browser.js(815,15): error TS2339: Property 'scanScope' does not exist on type 'number'.
coming-soon/public/dashboard/js/utils/simplebeacon-report-export.browser.js(816,29): error TS2339: Property 'llmSlopFilesScanned' does not exist on type 'number'.
coming-soon/public/dashboard/js/utils/simplebeacon-report-export.browser.js(816,59): error TS2339: Property 'scanScope' does not exist on type 'number'.
coming-soon/public/dashboard/js/utils/simplebeacon-report-export.browser.js(817,29): error TS2339: Property 'llmSlopScanReconciled' does not exist on type 'number'.
coming-soon/public/dashboard/js/utils/simplebeacon-report-export.browser.js(818,15): error TS2339: Property 'scanScope' does not exist on type 'number'.
coming-soon/public/dashboard/js/utils/simplebeacon-report-export.browser.js(819,16): error TS2339: Property 'hygieneSummary' does not exist on type 'number'.
coming-soon/public/dashboard/js/utils/simplebeacon-report-export.browser.js(826,14): error TS2339: Property 'gate' does not exist on type 'number'.
coming-soon/public/dashboard/js/utils/simplebeacon-report-export.browser.js(867,55): error TS2322: Type '{}' is not assignable to type 'string'.
coming-soon/public/dashboard/js/utils/simplebeacon-report-export.browser.js(869,63): error TS2339: Property 'exportNotes' does not exist on type 'number'.
coming-soon/public/dashboard/js/utils/simplebeacon-report-export.browser.js(899,15): error TS2339: Property 'productMockPathsOmitted' does not exist on type 'string'.
coming-soon/public/dashboard/js/utils/simplebeacon-report-export.browser.js(937,25): error TS2339: Property 'benchmarkScan' does not exist on type 'number'.
coming-soon/public/dashboard/js/utils/simplebeacon-report-export.browser.js(938,35): error TS2339: Property 'fullDirectoryScan' does not exist on type 'number'.
coming-soon/public/dashboard/js/utils/simplebeacon-report-export.browser.js(938,63): error TS2339: Property 'scanScope' does not exist on type 'number'.
coming-soon/public/dashboard/js/utils/simplebeacon-report-export.browser.js(941,28): error TS2339: Property 'scanScope' does not exist on type 'number'.
coming-soon/public/dashboard/js/utils/simplebeacon-report-export.browser.js(943,29): error TS2339: Property 'ruleScopedFilesAnalyzed' does not exist on type 'number'.
coming-soon/public/dashboard/js/utils/simplebeacon-report-export.browser.js(944,26): error TS2339: Property 'mockSampleFiles' does not exist on type 'number'.
coming-soon/public/dashboard/js/utils/simplebeacon-report-export.browser.js(944,52): error TS2339: Property 'totalFiles' does not exist on type 'number'.
coming-soon/public/dashboard/js/utils/simplebeacon-report-export.browser.js(945,33): error TS2339: Property 'fictionSampleFilesScanned' does not exist on type 'number'.
coming-soon/public/dashboard/js/utils/simplebeacon-report-export.browser.js(968,5): error TS2698: Spread types may only be created from object types.
coming-soon/public/dashboard/js/utils/simplebeacon-report-export.browser.js(981,44): error TS2322: Type '{}' is not assignable to type 'number'.
coming-soon/public/dashboard/js/utils/simplebeacon-report-export.browser.js(982,46): error TS2339: Property 'fullDirectoryScan' does not exist on type 'number'.
coming-soon/public/dashboard/js/utils/simplebeacon-report-export.browser.js(1014,25): error TS2339: Property 'type' does not exist on type 'number'.
coming-soon/public/dashboard/js/utils/simplebeacon-report-export.browser.js(1086,55): error TS2345: Argument of type '{ productMockPathsOmitted: any; }' is not assignable to parameter of type 'string'.
coming-soon/public/dashboard/js/utils/simplebeacon-report-export.browser.js(1196,16): error TS2339: Property 'exportSanitized' does not exist on type 'number'.
coming-soon/public/dashboard/js/utils/simplebeacon-report-export.browser.js(1196,42): error TS2339: Property 'exportNormalized' does not exist on type 'number'.
coming-soon/public/dashboard/js/utils/simplebeacon-report-export.browser.js(1196,74): error TS2339: Property 'exportNotes' does not exist on type 'number'.
coming-soon/public/dashboard/js/views/AboutView.js(140,16): error TS2584: Cannot find name 'document'. Do you need to change your target library? Try changing the 'lib' compiler option to include 'dom'.
coming-soon/public/dashboard/js/views/AnalyzeView.js(3,34): error TS2307: Cannot find module '../services/localScanService.js?v=20260709noise2' or its corresponding type declarations.
coming-soon/public/dashboard/js/views/AnalyzeView.js(9,8): error TS2307: Cannot find module '../services/localAgentService.js?v=20260709noise3' or its corresponding type declarations.
coming-soon/public/dashboard/js/views/AnalyzeView.js(59,8): error TS2307: Cannot find module '../services/analyzeService.js?v=20260531pathfix1' or its corresponding type declarations.
coming-soon/public/dashboard/js/views/AnalyzeView.js(73,34): error TS2307: Cannot find module '../services/operatorService.js?v=20260531eupdf1' or its corresponding type declarations.
coming-soon/public/dashboard/js/views/AnalyzeView.js(74,69): error TS2307: Cannot find module '../utils/analyze-mode-file-scope.browser.js?v=20260601roadmapscope1' or its corresponding type declarations.
coming-soon/public/dashboard/js/views/AnalyzeView.js(75,44): error TS2307: Cannot find module '../utils/analyze-mode-file-results.browser.js?v=20260601filereconcile1' or its corresponding type declarations.
coming-soon/public/dashboard/js/views/AnalyzeView.js(86,68): error TS2307: Cannot find module '../components/DataCleanupReport.js?v=20260527exec5' or its corresponding type declarations.
coming-soon/public/dashboard/js/views/AnalyzeView.js(94,8): error TS2307: Cannot find module '../utils/completeScanAnalysis.js?v=20260601completescan1' or its corresponding type declarations.
coming-soon/public/dashboard/js/views/AnalyzeView.js(95,40): error TS2307: Cannot find module '../utils/npm-audit-export.browser.js?v=20260601npmaudit5' or its corresponding type declarations.
coming-soon/public/dashboard/js/views/AnalyzeView.js(96,98): error TS2307: Cannot find module '../utils/compliance-export.browser.js?v=20260601complianceexport7' or its corresponding type declarations.
coming-soon/public/dashboard/js/views/AnalyzeView.js(107,8): error TS2307: Cannot find module '../utils/cleanupAssistant.js?v=20260601cleanupbrief9' or its corresponding type declarations.
coming-soon/public/dashboard/js/views/AnalyzeView.js(108,44): error TS2307: Cannot find module '../utils/cleanup-brief-export.browser.js?v=20260601cleanupbrief9' or its corresponding type declarations.
coming-soon/public/dashboard/js/views/AnalyzeView.js(109,49): error TS2307: Cannot find module '../utils/data-cleanup-export.browser.js?v=20260601datacleanup8' or its corresponding type declarations.
coming-soon/public/dashboard/js/views/AnalyzeView.js(110,46): error TS2307: Cannot find module '../utils/codebase-export.browser.js?v=20260601codebase8' or its corresponding type declarations.
coming-soon/public/dashboard/js/views/AnalyzeView.js(115,8): error TS2307: Cannot find module '../utils/ai-problem-analyzer-export.browser.js?v=20260531aianalyzerexport4' or its corresponding type declarations.
coming-soon/public/dashboard/js/views/AnalyzeView.js(135,8): error TS2307: Cannot find module '../utils/snippetDiagnostic.js?v=20260531analyzers1' or its corresponding type declarations.
coming-soon/public/dashboard/js/views/AnalyzeView.js(145,56): error TS2339: Property 'location' does not exist on type 'typeof window'.
coming-soon/public/dashboard/js/views/AnalyzeView.js(615,41): error TS2322: Type 'number' is not assignable to type 'any[]'.
coming-soon/public/dashboard/js/views/AnalyzeView.js(625,29): error TS2339: Property 'steps' does not exist on type 'string'.
coming-soon/public/dashboard/js/views/AnalyzeView.js(626,34): error TS2339: Property 'enginesRun' does not exist on type 'string'.
coming-soon/public/dashboard/js/views/AnalyzeView.js(627,18): error TS2339: Property 'enginesRun' does not exist on type 'string'.
coming-soon/public/dashboard/js/views/AnalyzeView.js(628,19): error TS2339: Property 'analysisConfig' does not exist on type 'string'.
coming-soon/public/dashboard/js/views/AnalyzeView.js(629,20): error TS2339: Property 'analysisConfig' does not exist on type 'string'.
coming-soon/public/dashboard/js/views/AnalyzeView.js(1048,24): error TS2367: This comparison appears to be unintentional because the types 'any[]' and 'string' have no overlap.
coming-soon/public/dashboard/js/views/AnalyzeView.js(1048,53): error TS2367: This comparison appears to be unintentional because the types 'any[]' and 'string' have no overlap.
coming-soon/public/dashboard/js/views/AnalyzeView.js(1049,23): error TS2367: This comparison appears to be unintentional because the types 'any[]' and 'string' have no overlap.
coming-soon/public/dashboard/js/views/AnalyzeView.js(1049,52): error TS2367: This comparison appears to be unintentional because the types 'any[]' and 'string' have no overlap.
coming-soon/public/dashboard/js/views/AnalyzeView.js(1087,7): error TS2345: Argument of type 'string' is not assignable to parameter of type 'any[]'.
  Type 'string' is not assignable to type 'any[]'.
coming-soon/public/dashboard/js/views/AnalyzeView.js(1095,7): error TS2345: Argument of type 'string' is not assignable to parameter of type 'any[]'.
  Type 'string' is not assignable to type 'any[]'.
coming-soon/public/dashboard/js/views/AnalyzeView.js(1103,7): error TS2345: Argument of type 'string' is not assignable to parameter of type 'any[]'.
  Type 'string' is not assignable to type 'any[]'.
coming-soon/public/dashboard/js/views/AnalyzeView.js(1111,7): error TS2345: Argument of type 'string' is not assignable to parameter of type 'any[]'.
  Type 'string' is not assignable to type 'any[]'.
coming-soon/public/dashboard/js/views/AnalyzeView.js(1397,14): error TS2365: Operator '<' cannot be applied to types 'any[]' and 'number'.
coming-soon/public/dashboard/js/views/AnalyzeView.js(1398,27): error TS2362: The left-hand side of an arithmetic operation must be of type 'any', 'number', 'bigint' or an enum type.
coming-soon/public/dashboard/js/views/AnalyzeView.js(1477,56): error TS2339: Property 'acquireVsCodeApi' does not exist on type 'typeof window'.
coming-soon/public/dashboard/js/views/AnalyzeView.js(1482,40): error TS2339: Property 'acquireVsCodeApi' does not exist on type 'typeof window'.
coming-soon/public/dashboard/js/views/AnalyzeView.js(1492,27): error TS2339: Property 'acquireVsCodeApi' does not exist on type 'typeof window'.
coming-soon/public/dashboard/js/views/AnalyzeView.js(1495,56): error TS2339: Property 'acquireVsCodeApi' does not exist on type 'typeof window'.
coming-soon/public/dashboard/js/views/AnalyzeView.js(1500,26): error TS2339: Property 'acquireVsCodeApi' does not exist on type 'typeof window'.
coming-soon/public/dashboard/js/views/AnalyzeView.js(1536,16): error TS2584: Cannot find name 'document'. Do you need to change your target library? Try changing the 'lib' compiler option to include 'dom'.
coming-soon/public/dashboard/js/views/AnalyzeView.js(1543,72): error TS2339: Property '__SIMPLEBEACON_DASHBOARD_BUILD__' does not exist on type 'typeof window'.
coming-soon/public/dashboard/js/views/AnalyzeView.js(1663,5): error TS2304: Cannot find name 'requestAnimationFrame'.
coming-soon/public/dashboard/js/views/AnalyzeView.js(1699,73): error TS2339: Property 'acquireVsCodeApi' does not exist on type 'typeof window'.
coming-soon/public/dashboard/js/views/AnalyzeView.js(2176,7): error TS2353: Object literal may only specify known properties, and 'analysisType' does not exist in type 'any[]'.
coming-soon/public/dashboard/js/views/AnalyzeView.js(2220,7): error TS2353: Object literal may only specify known properties, and 'analysisType' does not exist in type 'any[]'.
coming-soon/public/dashboard/js/views/AnalyzeView.js(2244,7): error TS2353: Object literal may only specify known properties, and 'analysisType' does not exist in type 'any[]'.
coming-soon/public/dashboard/js/views/AnalyzeView.js(2484,29): error TS2584: Cannot find name 'document'. Do you need to change your target library? Try changing the 'lib' compiler option to include 'dom'.
coming-soon/public/dashboard/js/views/AnalyzeView.js(2484,68): error TS2584: Cannot find name 'document'. Do you need to change your target library? Try changing the 'lib' compiler option to include 'dom'.
coming-soon/public/dashboard/js/views/AnalyzeView.js(2488,25): error TS2584: Cannot find name 'document'. Do you need to change your target library? Try changing the 'lib' compiler option to include 'dom'.
coming-soon/public/dashboard/js/views/AnalyzeView.js(2498,5): error TS2304: Cannot find name 'requestAnimationFrame'.
coming-soon/public/dashboard/js/views/AnalyzeView.js(2503,23): error TS2584: Cannot find name 'document'. Do you need to change your target library? Try changing the 'lib' compiler option to include 'dom'.
coming-soon/public/dashboard/js/views/AnalyzeView.js(3294,56): error TS2345: Argument of type 'number' is not assignable to parameter of type 'any[]'.
coming-soon/public/dashboard/js/views/AnalyzeView.js(3421,14): error TS1064: The return type of an async function or method must be the global Promise<T> type. Did you mean to write 'Promise<any>'?
coming-soon/public/dashboard/js/views/AnalyzeView.js(3521,5): error TS2304: Cannot find name 'requestAnimationFrame'.
coming-soon/public/dashboard/js/views/AnalyzeView.js(3606,33): error TS2345: Argument of type 'number' is not assignable to parameter of type 'any[]'.
coming-soon/public/dashboard/js/views/AnalyzeView.js(3621,26): error TS2584: Cannot find name 'document'. Do you need to change your target library? Try changing the 'lib' compiler option to include 'dom'.
coming-soon/public/dashboard/js/views/AnalyzeView.js(3706,27): error TS2339: Property 'typeSelect' does not exist on type '{}'.
coming-soon/public/dashboard/js/views/AnalyzeView.js(3715,7): error TS2353: Object literal may only specify known properties, and 'analysisType' does not exist in type 'any[]'.
coming-soon/public/dashboard/js/views/AnalyzeView.js(3739,29): error TS2584: Cannot find name 'document'. Do you need to change your target library? Try changing the 'lib' compiler option to include 'dom'.
coming-soon/public/dashboard/js/views/AnalyzeView.js(3739,68): error TS2584: Cannot find name 'document'. Do you need to change your target library? Try changing the 'lib' compiler option to include 'dom'.
coming-soon/public/dashboard/js/views/AnalyzeView.js(3743,25): error TS2584: Cannot find name 'document'. Do you need to change your target library? Try changing the 'lib' compiler option to include 'dom'.
coming-soon/public/dashboard/js/views/AnalyzeView.js(3758,5): error TS2304: Cannot find name 'requestAnimationFrame'.
coming-soon/public/dashboard/js/views/AnalyzeView.js(3763,23): error TS2584: Cannot find name 'document'. Do you need to change your target library? Try changing the 'lib' compiler option to include 'dom'.
coming-soon/public/dashboard/js/views/AnalyzeView.js(4155,57): error TS2554: Expected 2 arguments, but got 3.
coming-soon/public/dashboard/js/views/AnalyzeView.js(4211,66): error TS2345: Argument of type '{ projectRoot: any; }' is not assignable to parameter of type 'number'.
coming-soon/public/dashboard/js/views/AnalyzeView.js(4248,46): error TS2345: Argument of type '{ projectRoot: any; }' is not assignable to parameter of type 'number'.
coming-soon/public/dashboard/js/views/AnalyzeView.js(4329,20): error TS2584: Cannot find name 'document'. Do you need to change your target library? Try changing the 'lib' compiler option to include 'dom'.
coming-soon/public/dashboard/js/views/AnalyzeView.js(4332,19): error TS2584: Cannot find name 'document'. Do you need to change your target library? Try changing the 'lib' compiler option to include 'dom'.
coming-soon/public/dashboard/js/views/AnalyzeView.js(4337,22): error TS2584: Cannot find name 'document'. Do you need to change your target library? Try changing the 'lib' compiler option to include 'dom'.
coming-soon/public/dashboard/js/views/AnalyzeView.js(4342,19): error TS2584: Cannot find name 'document'. Do you need to change your target library? Try changing the 'lib' compiler option to include 'dom'.
coming-soon/public/dashboard/js/views/AnalyzeView.js(4344,26): error TS2584: Cannot find name 'document'. Do you need to change your target library? Try changing the 'lib' compiler option to include 'dom'.
coming-soon/public/dashboard/js/views/AnalyzeView.js(4352,23): error TS2584: Cannot find name 'document'. Do you need to change your target library? Try changing the 'lib' compiler option to include 'dom'.
coming-soon/public/dashboard/js/views/AnalyzeView.js(4367,19): error TS2584: Cannot find name 'document'. Do you need to change your target library? Try changing the 'lib' compiler option to include 'dom'.
coming-soon/public/dashboard/js/views/AnalyzeView.js(4369,26): error TS2584: Cannot find name 'document'. Do you need to change your target library? Try changing the 'lib' compiler option to include 'dom'.
coming-soon/public/dashboard/js/views/AnalyzeView.js(4375,19): error TS2584: Cannot find name 'document'. Do you need to change your target library? Try changing the 'lib' compiler option to include 'dom'.
coming-soon/public/dashboard/js/views/AnalyzeView.js(4377,23): error TS2584: Cannot find name 'document'. Do you need to change your target library? Try changing the 'lib' compiler option to include 'dom'.
coming-soon/public/dashboard/js/views/AnalyzeView.js(4388,21): error TS2584: Cannot find name 'document'. Do you need to change your target library? Try changing the 'lib' compiler option to include 'dom'.
coming-soon/public/dashboard/js/views/AnalyzeView.js(4455,9): error TS2353: Object literal may only specify known properties, and 'analysisType' does not exist in type 'any[]'.
coming-soon/public/dashboard/js/views/AnalyzeView.js(4475,9): error TS2353: Object literal may only specify known properties, and 'analysisType' does not exist in type 'any[]'.
coming-soon/public/dashboard/js/views/AnalyzeView.js(4485,9): error TS2353: Object literal may only specify known properties, and 'analysisType' does not exist in type 'any[]'.
coming-soon/public/dashboard/js/views/AnalyzeView.js(4495,9): error TS2353: Object literal may only specify known properties, and 'analysisType' does not exist in type 'any[]'.
coming-soon/public/dashboard/js/views/AnalyzeView.js(4561,75): error TS2339: Property 'acquireVsCodeApi' does not exist on type 'typeof window'.
coming-soon/public/dashboard/js/views/AnalyzeView.js(4698,17): error TS2584: Cannot find name 'document'. Do you need to change your target library? Try changing the 'lib' compiler option to include 'dom'.
coming-soon/public/dashboard/js/views/AnalyzeView.js(4862,11): error TS2353: Object literal may only specify known properties, and 'context' does not exist in type 'any[]'.
coming-soon/public/dashboard/js/views/AnalyzeView.js(4903,9): error TS2554: Expected 2 arguments, but got 3.
coming-soon/public/dashboard/js/views/AnalyzeView.js(5199,14): error TS2339: Property 'addEventListener' does not exist on type 'typeof window'.
coming-soon/public/dashboard/js/views/AnalyzeView.js(5215,108): error TS2339: Property 'location' does not exist on type 'typeof window'.
coming-soon/public/dashboard/js/views/AnalyzeView.js(5255,17): error TS2339: Property 'success' does not exist on type 'unknown'.
coming-soon/public/dashboard/js/views/AnalyzeView.js(5256,85): error TS2339: Property 'error' does not exist on type 'unknown'.
coming-soon/public/dashboard/js/views/AnalyzeView.js(5259,28): error TS2339: Property 'current' does not exist on type 'unknown'.
coming-soon/public/dashboard/js/views/AnalyzeView.js(5262,17): error TS2339: Property 'directories' does not exist on type 'unknown'.
coming-soon/public/dashboard/js/views/AnalyzeView.js(5262,37): error TS2339: Property 'directories' does not exist on type 'unknown'.
coming-soon/public/dashboard/js/views/AnalyzeView.js(5266,31): error TS2339: Property 'parent' does not exist on type 'unknown'.
coming-soon/public/dashboard/js/views/AnalyzeView.js(5267,71): error TS2339: Property 'parent' does not exist on type 'unknown'.
coming-soon/public/dashboard/js/views/AnalyzeView.js(5271,26): error TS2339: Property 'directories' does not exist on type 'unknown'.
coming-soon/public/dashboard/js/views/AnalyzeView.js(5314,15): error TS2339: Property 'process' does not exist on type 'typeof window'.
coming-soon/public/dashboard/js/views/AnalyzeView.js(5316,17): error TS2339: Property 'showDirectoryPicker' does not exist on type 'typeof window'.
coming-soon/public/dashboard/js/views/AnalyzeView.js(5318,38): error TS2339: Property 'showDirectoryPicker' does not exist on type 'typeof window'.
coming-soon/public/dashboard/js/views/AnalyzeView.js(5362,17): error TS2584: Cannot find name 'document'. Do you need to change your target library? Try changing the 'lib' compiler option to include 'dom'.
coming-soon/public/dashboard/js/views/AnalyzeView.js(5541,26): error TS2304: Cannot find name 'FileReader'.
coming-soon/public/dashboard/js/views/AnalyzeView.js(5615,11): error TS2345: Argument of type 'string' is not assignable to parameter of type 'number'.
coming-soon/public/dashboard/js/views/AnalyzeView.js(5625,14): error TS2345: Argument of type 'string' is not assignable to parameter of type 'number'.
coming-soon/public/dashboard/js/views/AnalyzeView.js(5628,14): error TS2345: Argument of type 'string' is not assignable to parameter of type 'number'.
coming-soon/public/dashboard/js/views/AnalyzeView.js(5632,16): error TS2345: Argument of type 'string' is not assignable to parameter of type 'number'.
coming-soon/public/dashboard/js/views/AnalyzeView.js(5637,27): error TS2345: Argument of type 'string' is not assignable to parameter of type 'number'.
coming-soon/public/dashboard/js/views/AnalyzeView.js(5647,16): error TS2345: Argument of type 'string' is not assignable to parameter of type 'number'.
coming-soon/public/dashboard/js/views/AnalyzeView.js(5653,35): error TS2345: Argument of type 'string' is not assignable to parameter of type 'number'.
coming-soon/public/dashboard/js/views/AnalyzeView.js(5658,32): error TS2345: Argument of type 'string' is not assignable to parameter of type 'number'.
coming-soon/public/dashboard/js/views/AnalyzeView.js(5662,35): error TS2345: Argument of type 'string' is not assignable to parameter of type 'number'.
coming-soon/public/dashboard/js/views/AnalyzeView.js(5667,37): error TS2345: Argument of type 'string' is not assignable to parameter of type 'number'.
coming-soon/public/dashboard/js/views/AnalyzeView.js(5944,14): error TS2304: Cannot find name 'DragEvent'.
coming-soon/public/dashboard/js/views/AnalyzeView.js(6004,14): error TS2304: Cannot find name 'FileList'.
coming-soon/public/dashboard/js/views/AnalyzeView.js(6006,14): error TS2304: Cannot find name 'DragEvent'.
coming-soon/public/dashboard/js/views/AnalyzeView.js(6007,14): error TS2304: Cannot find name 'FileSystemDirectoryHandle'.
coming-soon/public/dashboard/js/views/AnalyzeView.js(6007,40): error TS2304: Cannot find name 'FileSystemDirectoryEntry'.
coming-soon/public/dashboard/js/views/AnalyzeView.js(6052,34): error TS2339: Property 'showDirectoryPicker' does not exist on type 'typeof window'.
coming-soon/public/dashboard/js/views/AnalyzeView.js(6173,51): error TS2584: Cannot find name 'document'. Do you need to change your target library? Try changing the 'lib' compiler option to include 'dom'.
coming-soon/public/dashboard/js/views/AnalyzeView.js(6232,30): error TS2353: Object literal may only specify known properties, and 'analysisType' does not exist in type 'any[]'.
coming-soon/public/dashboard/js/views/AnalyzeView.js(6280,17): error TS2339: Property 'showDirectoryPicker' does not exist on type 'typeof window'.
coming-soon/public/dashboard/js/views/AnalyzeView.js(6359,19): error TS2339: Property 'showDirectoryPicker' does not exist on type 'typeof window'.
coming-soon/public/dashboard/js/views/AnalyzeView.js(6451,24): error TS2353: Object literal may only specify known properties, and 'analysisType' does not exist in type 'any[]'.
coming-soon/public/dashboard/js/views/AnalyzeView.js(6461,14): error TS2339: Property 'location' does not exist on type 'typeof window'.
coming-soon/public/dashboard/js/views/AnalyzeView.js(6882,14): error TS1064: The return type of an async function or method must be the global Promise<T> type. Did you mean to write 'Promise<any>'?
coming-soon/public/dashboard/js/views/AnalyzeView.js(7793,16): error TS2339: Property 'open' does not exist on type 'typeof window'.
coming-soon/public/dashboard/js/views/AnalyzeView.js(7837,16): error TS2339: Property 'open' does not exist on type 'typeof window'.
coming-soon/public/dashboard/js/views/AnalyzeView.js(7872,16): error TS2339: Property 'open' does not exist on type 'typeof window'.
coming-soon/public/dashboard/js/views/AnalyzeView.js(7896,32): error TS2740: Type '{}' is missing the following properties from type 'any[]': length, pop, push, concat, and 29 more.
coming-soon/public/dashboard/js/views/AnalyzeView.js(7903,47): error TS2339: Property 'category' does not exist on type 'any[]'.
coming-soon/public/dashboard/js/views/AnalyzeView.js(7906,69): error TS2339: Property 'action' does not exist on type 'any[]'.
coming-soon/public/dashboard/js/views/AnalyzeView.js(7907,43): error TS2339: Property 'effort' does not exist on type 'any[]'.
coming-soon/public/dashboard/js/views/AnalyzeView.js(7915,88): error TS2353: Object literal may only specify known properties, and 'category' does not exist in type 'any[]'.
coming-soon/public/dashboard/js/views/AnalyzeView.js(7916,103): error TS2353: Object literal may only specify known properties, and 'category' does not exist in type 'any[]'.
coming-soon/public/dashboard/js/views/AnalyzeView.js(7917,91): error TS2353: Object literal may only specify known properties, and 'category' does not exist in type 'any[]'.
coming-soon/public/dashboard/js/views/AnalyzeView.js(7918,78): error TS2353: Object literal may only specify known properties, and 'category' does not exist in type 'any[]'.
coming-soon/public/dashboard/js/views/AnalyzeView.js(7923,88): error TS2353: Object literal may only specify known properties, and 'category' does not exist in type 'any[]'.
coming-soon/public/dashboard/js/views/AnalyzeView.js(7924,84): error TS2353: Object literal may only specify known properties, and 'category' does not exist in type 'any[]'.
coming-soon/public/dashboard/js/views/AnalyzeView.js(7925,89): error TS2353: Object literal may only specify known properties, and 'category' does not exist in type 'any[]'.
coming-soon/public/dashboard/js/views/AnalyzeView.js(7937,18): error TS2353: Object literal may only specify known properties, and 'category' does not exist in type 'any[]'.
coming-soon/public/dashboard/js/views/AnalyzeView.js(7940,88): error TS2353: Object literal may only specify known properties, and 'category' does not exist in type 'any[]'.
coming-soon/public/dashboard/js/views/AnalyzeView.js(7952,18): error TS2353: Object literal may only specify known properties, and 'category' does not exist in type 'any[]'.
coming-soon/public/dashboard/js/views/AnalyzeView.js(7957,27): error TS2353: Object literal may only specify known properties, and 'category' does not exist in type 'any[]'.
coming-soon/public/dashboard/js/views/AnalyzeView.js(7971,18): error TS2353: Object literal may only specify known properties, and 'category' does not exist in type 'any[]'.
coming-soon/public/dashboard/js/views/AnalyzeView.js(8147,9): error TS2353: Object literal may only specify known properties, and 'projectPath' does not exist in type '{ scanKind?: string; compliance?: any; }'.
coming-soon/public/dashboard/js/views/AnalyzeView.js(8169,39): error TS2339: Property 'projectPath' does not exist on type '{ scanKind?: string; compliance?: any; }'.
coming-soon/public/dashboard/js/views/AnalyzeView.js(8208,9): error TS2353: Object literal may only specify known properties, and 'projectPath' does not exist in type '{ scanKind?: string; compliance?: any; }'.
coming-soon/public/dashboard/js/views/AnalyzeView.js(8988,18): error TS2584: Cannot find name 'document'. Do you need to change your target library? Try changing the 'lib' compiler option to include 'dom'.
coming-soon/public/dashboard/js/views/AnalyzeView.js(8989,33): error TS2339: Property 'scrollY' does not exist on type 'typeof window'.
coming-soon/public/dashboard/js/views/AnalyzeView.js(8989,51): error TS2339: Property 'pageYOffset' does not exist on type 'typeof window'.
coming-soon/public/dashboard/js/views/AnalyzeView.js(8989,66): error TS2584: Cannot find name 'document'. Do you need to change your target library? Try changing the 'lib' compiler option to include 'dom'.
coming-soon/public/dashboard/js/views/AnalyzeView.js(8998,5): error TS2304: Cannot find name 'requestAnimationFrame'.
coming-soon/public/dashboard/js/views/AnalyzeView.js(8999,7): error TS2304: Cannot find name 'requestAnimationFrame'.
coming-soon/public/dashboard/js/views/AnalyzeView.js(9000,16): error TS2339: Property 'scrollTo' does not exist on type 'typeof window'.
coming-soon/public/dashboard/js/views/AnalyzeView.js(9059,44): error TS2584: Cannot find name 'document'. Do you need to change your target library? Try changing the 'lib' compiler option to include 'dom'.
coming-soon/public/dashboard/js/views/AnalyzeView.js(9066,26): error TS2353: Object literal may only specify known properties, and 'analysisType' does not exist in type 'any[]'.
coming-soon/public/dashboard/js/views/AnalyzeView.js(9141,111): error TS2339: Property 'location' does not exist on type 'typeof window'.
coming-soon/public/dashboard/js/views/AnalyzeView.js(9160,109): error TS2339: Property 'location' does not exist on type 'typeof window'.
coming-soon/public/dashboard/js/views/AnalyzeView.js(9167,18): error TS2339: Property 'success' does not exist on type 'unknown'.
coming-soon/public/dashboard/js/views/AnalyzeView.js(9168,20): error TS2339: Property 'content' does not exist on type 'unknown'.
coming-soon/public/dashboard/js/views/AnalyzeView.js(9170,31): error TS2339: Property 'clipboard' does not exist on type 'Navigator'.
coming-soon/public/dashboard/js/views/AnalyzeView.js(9170,56): error TS2339: Property 'content' does not exist on type 'unknown'.
coming-soon/public/dashboard/js/views/AnalyzeView.js(9179,40): error TS2339: Property 'error' does not exist on type 'unknown'.
coming-soon/public/dashboard/js/views/AnalyzeView.js(9209,63): error TS2554: Expected 0 arguments, but got 1.
coming-soon/public/dashboard/js/views/AnalyzeView.js(9368,14): error TS1064: The return type of an async function or method must be the global Promise<T> type. Did you mean to write 'Promise<any>'?
coming-soon/public/dashboard/js/views/AnalyzeView.js(9380,23): error TS2339: Property 'clipboard' does not exist on type 'Navigator'.
coming-soon/public/dashboard/js/views/AnalyzeView.js(9381,27): error TS2339: Property 'clipboard' does not exist on type 'Navigator'.
coming-soon/public/dashboard/js/views/AnalyzeView.js(9383,28): error TS2584: Cannot find name 'document'. Do you need to change your target library? Try changing the 'lib' compiler option to include 'dom'.
coming-soon/public/dashboard/js/views/AnalyzeView.js(9388,11): error TS2584: Cannot find name 'document'. Do you need to change your target library? Try changing the 'lib' compiler option to include 'dom'.
coming-soon/public/dashboard/js/views/AnalyzeView.js(9390,11): error TS2584: Cannot find name 'document'. Do you need to change your target library? Try changing the 'lib' compiler option to include 'dom'.
coming-soon/public/dashboard/js/views/AnalyzeView.js(9391,11): error TS2584: Cannot find name 'document'. Do you need to change your target library? Try changing the 'lib' compiler option to include 'dom'.
coming-soon/public/dashboard/js/views/AnalyzeView.js(9568,25): error TS2339: Property 'clipboard' does not exist on type 'Navigator'.
coming-soon/public/dashboard/js/views/AnalyzeView.js(9651,23): error TS2339: Property 'lucide' does not exist on type 'typeof window'.
coming-soon/public/dashboard/js/views/AnalyzeView.js(9651,54): error TS2339: Property 'lucide' does not exist on type 'typeof window'.
coming-soon/public/dashboard/js/views/AnalyzeView.js(9658,16): error TS2339: Property 'location' does not exist on type 'typeof window'.
coming-soon/public/dashboard/js/views/AnalyzeView.js(9659,44): error TS2339: Property 'location' does not exist on type 'typeof window'.
coming-soon/public/dashboard/js/views/AnalyzeView.js(9660,17): error TS2339: Property 'location' does not exist on type 'typeof window'.
coming-soon/public/dashboard/js/views/AnalyzeView.js(9661,17): error TS2339: Property 'location' does not exist on type 'typeof window'.
coming-soon/public/dashboard/js/views/AnalyzeView.js(9662,17): error TS2339: Property 'location' does not exist on type 'typeof window'.
coming-soon/public/dashboard/js/views/AnalyzeView.js(9663,17): error TS2339: Property 'location' does not exist on type 'typeof window'.
coming-soon/public/dashboard/js/views/AnalyzeView.js(9674,18): error TS2339: Property 'type' does not exist on type 'unknown'.
coming-soon/public/dashboard/js/views/AnalyzeView.js(9674,64): error TS2339: Property 'results' does not exist on type 'unknown'.
coming-soon/public/dashboard/js/views/AnalyzeView.js(9675,36): error TS2339: Property 'generatedAt' does not exist on type 'unknown'.
coming-soon/public/dashboard/js/views/AnalyzeView.js(9675,56): error TS2339: Property 'report' does not exist on type 'unknown'.
coming-soon/public/dashboard/js/views/AssessmentView.js(90,16): error TS2584: Cannot find name 'document'. Do you need to change your target library? Try changing the 'lib' compiler option to include 'dom'.
coming-soon/public/dashboard/js/views/AssessmentView.js(160,29): error TS2554: Expected 0 arguments, but got 1.
coming-soon/public/dashboard/js/views/AuditView.js(76,15): error TS2339: Property 'mockSampleFiles' does not exist on type 'any[]'.
coming-soon/public/dashboard/js/views/AuditView.js(77,40): error TS2339: Property 'mockSampleFiles' does not exist on type 'any[]'.
coming-soon/public/dashboard/js/views/AuditView.js(79,15): error TS2339: Property 'filesAnalyzed' does not exist on type 'any[]'.
coming-soon/public/dashboard/js/views/AuditView.js(80,40): error TS2339: Property 'filesAnalyzed' does not exist on type 'any[]'.
coming-soon/public/dashboard/js/views/AuditView.js(82,15): error TS2339: Property 'inventoryFiles' does not exist on type 'any[]'.
coming-soon/public/dashboard/js/views/AuditView.js(83,40): error TS2339: Property 'inventoryFiles' does not exist on type 'any[]'.
coming-soon/public/dashboard/js/views/AuditView.js(83,93): error TS2339: Property 'inventoryFolders' does not exist on type 'any[]'.
coming-soon/public/dashboard/js/views/AuditView.js(87,24): error TS2339: Property 'lastScan' does not exist on type 'any[]'.
coming-soon/public/dashboard/js/views/AuditView.js(88,37): error TS2339: Property 'lastScan' does not exist on type 'any[]'.
coming-soon/public/dashboard/js/views/AuditView.js(118,56): error TS2339: Property 'acquireVsCodeApi' does not exist on type 'typeof window'.
coming-soon/public/dashboard/js/views/AuditView.js(120,38): error TS2339: Property 'acquireVsCodeApi' does not exist on type 'typeof window'.
coming-soon/public/dashboard/js/views/AuditView.js(285,16): error TS2584: Cannot find name 'document'. Do you need to change your target library? Try changing the 'lib' compiler option to include 'dom'.
coming-soon/public/dashboard/js/views/AuditView.js(448,109): error TS2339: Property 'location' does not exist on type 'typeof window'.
coming-soon/public/dashboard/js/views/AuditView.js(469,18): error TS2339: Property 'success' does not exist on type 'unknown'.
coming-soon/public/dashboard/js/views/AuditView.js(469,34): error TS2339: Property 'content' does not exist on type 'unknown'.
coming-soon/public/dashboard/js/views/AuditView.js(469,61): error TS2339: Property 'clipboard' does not exist on type 'Navigator'.
coming-soon/public/dashboard/js/views/AuditView.js(469,86): error TS2339: Property 'content' does not exist on type 'unknown'.
coming-soon/public/dashboard/js/views/AuditView.js(508,5): error TS2304: Cannot find name 'requestAnimationFrame'.
coming-soon/public/dashboard/js/views/AuditView.js(509,7): error TS2584: Cannot find name 'document'. Do you need to change your target library? Try changing the 'lib' compiler option to include 'dom'.
coming-soon/public/dashboard/js/views/ChatbotView.js(126,17): error TS2584: Cannot find name 'document'. Do you need to change your target library? Try changing the 'lib' compiler option to include 'dom'.
coming-soon/public/dashboard/js/views/ChatbotView.js(127,18): error TS2584: Cannot find name 'document'. Do you need to change your target library? Try changing the 'lib' compiler option to include 'dom'.
coming-soon/public/dashboard/js/views/ChatbotView.js(128,19): error TS2584: Cannot find name 'document'. Do you need to change your target library? Try changing the 'lib' compiler option to include 'dom'.
coming-soon/public/dashboard/js/views/ChatbotView.js(129,21): error TS2584: Cannot find name 'document'. Do you need to change your target library? Try changing the 'lib' compiler option to include 'dom'.
coming-soon/public/dashboard/js/views/ChatbotView.js(151,20): error TS2584: Cannot find name 'document'. Do you need to change your target library? Try changing the 'lib' compiler option to include 'dom'.
coming-soon/public/dashboard/js/views/ChatbotView.js(168,20): error TS2584: Cannot find name 'document'. Do you need to change your target library? Try changing the 'lib' compiler option to include 'dom'.
coming-soon/public/dashboard/js/views/ChatbotView.js(173,21): error TS2584: Cannot find name 'document'. Do you need to change your target library? Try changing the 'lib' compiler option to include 'dom'.
coming-soon/public/dashboard/js/views/ChatbotView.js(174,19): error TS2584: Cannot find name 'document'. Do you need to change your target library? Try changing the 'lib' compiler option to include 'dom'.
coming-soon/public/dashboard/js/views/ChatbotView.js(175,22): error TS2584: Cannot find name 'document'. Do you need to change your target library? Try changing the 'lib' compiler option to include 'dom'.
coming-soon/public/dashboard/js/views/ChatbotView.js(176,28): error TS2584: Cannot find name 'document'. Do you need to change your target library? Try changing the 'lib' compiler option to include 'dom'.
coming-soon/public/dashboard/js/views/ChatbotView.js(198,26): error TS2584: Cannot find name 'document'. Do you need to change your target library? Try changing the 'lib' compiler option to include 'dom'.
coming-soon/public/dashboard/js/views/ChatbotView.js(199,25): error TS2584: Cannot find name 'document'. Do you need to change your target library? Try changing the 'lib' compiler option to include 'dom'.
coming-soon/public/dashboard/js/views/ChatbotView.js(200,24): error TS2584: Cannot find name 'document'. Do you need to change your target library? Try changing the 'lib' compiler option to include 'dom'.
coming-soon/public/dashboard/js/views/ChatbotView.js(201,25): error TS2584: Cannot find name 'document'. Do you need to change your target library? Try changing the 'lib' compiler option to include 'dom'.
coming-soon/public/dashboard/js/views/ChatbotView.js(202,28): error TS2584: Cannot find name 'document'. Do you need to change your target library? Try changing the 'lib' compiler option to include 'dom'.
coming-soon/public/dashboard/js/views/ChatbotView.js(242,28): error TS2584: Cannot find name 'document'. Do you need to change your target library? Try changing the 'lib' compiler option to include 'dom'.
coming-soon/public/dashboard/js/views/ChatbotView.js(243,27): error TS2584: Cannot find name 'document'. Do you need to change your target library? Try changing the 'lib' compiler option to include 'dom'.
coming-soon/public/dashboard/js/views/ChatbotView.js(244,26): error TS2584: Cannot find name 'document'. Do you need to change your target library? Try changing the 'lib' compiler option to include 'dom'.
coming-soon/public/dashboard/js/views/ChatbotView.js(245,31): error TS2584: Cannot find name 'document'. Do you need to change your target library? Try changing the 'lib' compiler option to include 'dom'.
coming-soon/public/dashboard/js/views/ChatbotView.js(246,35): error TS2584: Cannot find name 'document'. Do you need to change your target library? Try changing the 'lib' compiler option to include 'dom'.
coming-soon/public/dashboard/js/views/ChatbotView.js(267,25): error TS2584: Cannot find name 'document'. Do you need to change your target library? Try changing the 'lib' compiler option to include 'dom'.
coming-soon/public/dashboard/js/views/ChatbotView.js(268,23): error TS2584: Cannot find name 'document'. Do you need to change your target library? Try changing the 'lib' compiler option to include 'dom'.
coming-soon/public/dashboard/js/views/ChatbotView.js(269,27): error TS2584: Cannot find name 'document'. Do you need to change your target library? Try changing the 'lib' compiler option to include 'dom'.
coming-soon/public/dashboard/js/views/ChatbotView.js(270,27): error TS2584: Cannot find name 'document'. Do you need to change your target library? Try changing the 'lib' compiler option to include 'dom'.
coming-soon/public/dashboard/js/views/ChatbotView.js(282,19): error TS2584: Cannot find name 'document'. Do you need to change your target library? Try changing the 'lib' compiler option to include 'dom'.
coming-soon/public/dashboard/js/views/ChatbotView.js(285,5): error TS2584: Cannot find name 'document'. Do you need to change your target library? Try changing the 'lib' compiler option to include 'dom'.
coming-soon/public/dashboard/js/views/ChatbotView.js(290,28): error TS2584: Cannot find name 'document'. Do you need to change your target library? Try changing the 'lib' compiler option to include 'dom'.
coming-soon/public/dashboard/js/views/ChatbotView.js(297,18): error TS2339: Property 'prompt' does not exist on type 'unknown'.
coming-soon/public/dashboard/js/views/ChatbotView.js(297,54): error TS2339: Property 'prompt' does not exist on type 'unknown'.
coming-soon/public/dashboard/js/views/ChatbotView.js(309,20): error TS2584: Cannot find name 'document'. Do you need to change your target library? Try changing the 'lib' compiler option to include 'dom'.
coming-soon/public/dashboard/js/views/ChatbotView.js(321,31): error TS2339: Property 'providers' does not exist on type 'unknown'.
coming-soon/public/dashboard/js/views/ChatbotView.js(321,50): error TS2339: Property 'providers' does not exist on type 'unknown'.
coming-soon/public/dashboard/js/views/ChatbotView.js(326,12): error TS2339: Property 'providers' does not exist on type 'unknown'.
coming-soon/public/dashboard/js/views/ChatbotView.js(327,24): error TS2584: Cannot find name 'document'. Do you need to change your target library? Try changing the 'lib' compiler option to include 'dom'.
coming-soon/public/dashboard/js/views/ChatbotView.js(334,35): error TS2339: Property 'providers' does not exist on type 'unknown'.
coming-soon/public/dashboard/js/views/ChatbotView.js(343,24): error TS2584: Cannot find name 'document'. Do you need to change your target library? Try changing the 'lib' compiler option to include 'dom'.
coming-soon/public/dashboard/js/views/ChatbotView.js(353,19): error TS2584: Cannot find name 'document'. Do you need to change your target library? Try changing the 'lib' compiler option to include 'dom'.
coming-soon/public/dashboard/js/views/ChatbotView.js(404,25): error TS2584: Cannot find name 'document'. Do you need to change your target library? Try changing the 'lib' compiler option to include 'dom'.
coming-soon/public/dashboard/js/views/ChatbotView.js(417,18): error TS2339: Property 'success' does not exist on type 'unknown'.
coming-soon/public/dashboard/js/views/ChatbotView.js(418,74): error TS2339: Property 'response' does not exist on type 'unknown'.
coming-soon/public/dashboard/js/views/ChatbotView.js(420,37): error TS2339: Property 'message' does not exist on type 'unknown'.
coming-soon/public/dashboard/js/views/ChatbotView.js(444,14): error TS2304: Cannot find name 'HTMLElement'.
coming-soon/public/dashboard/js/views/ChatbotView.js(473,33): error TS2584: Cannot find name 'document'. Do you need to change your target library? Try changing the 'lib' compiler option to include 'dom'.
coming-soon/public/dashboard/js/views/ChatbotView.js(495,23): error TS2584: Cannot find name 'document'. Do you need to change your target library? Try changing the 'lib' compiler option to include 'dom'.
coming-soon/public/dashboard/js/views/ChatbotView.js(643,17): error TS2584: Cannot find name 'document'. Do you need to change your target library? Try changing the 'lib' compiler option to include 'dom'.
coming-soon/public/dashboard/js/views/ChatbotView.js(651,23): error TS2584: Cannot find name 'document'. Do you need to change your target library? Try changing the 'lib' compiler option to include 'dom'.
coming-soon/public/dashboard/js/views/ChatbotView.js(654,23): error TS2584: Cannot find name 'document'. Do you need to change your target library? Try changing the 'lib' compiler option to include 'dom'.
coming-soon/public/dashboard/js/views/ChatbotView.js(672,23): error TS2584: Cannot find name 'document'. Do you need to change your target library? Try changing the 'lib' compiler option to include 'dom'.
coming-soon/public/dashboard/js/views/ChatbotView.js(734,15): error TS2339: Property 'clipboard' does not exist on type 'Navigator'.
coming-soon/public/dashboard/js/views/ChatbotView.js(736,19): error TS2584: Cannot find name 'document'. Do you need to change your target library? Try changing the 'lib' compiler option to include 'dom'.
coming-soon/public/dashboard/js/views/CodeMapView.js(134,36): error TS2448: Block-scoped variable 'totalFiles' used before its declaration.
coming-soon/public/dashboard/js/views/CodeMapView.js(134,59): error TS2448: Block-scoped variable 'totalFiles' used before its declaration.
coming-soon/public/dashboard/js/views/CodeMapView.js(134,86): error TS2448: Block-scoped variable 'totalFiles' used before its declaration.
coming-soon/public/dashboard/js/views/CodeMapView.js(135,38): error TS2448: Block-scoped variable 'totalFolders' used before its declaration.
coming-soon/public/dashboard/js/views/CodeMapView.js(135,63): error TS2448: Block-scoped variable 'totalFolders' used before its declaration.
coming-soon/public/dashboard/js/views/CodeMapView.js(135,92): error TS2448: Block-scoped variable 'totalFolders' used before its declaration.
coming-soon/public/dashboard/js/views/CodeMapView.js(136,35): error TS2448: Block-scoped variable 'qualityScore' used before its declaration.
coming-soon/public/dashboard/js/views/CodeMapView.js(136,60): error TS2448: Block-scoped variable 'qualityScore' used before its declaration.
coming-soon/public/dashboard/js/views/CodeMapView.js(136,89): error TS2448: Block-scoped variable 'qualityScore' used before its declaration.
coming-soon/public/dashboard/js/views/CodeMapView.js(137,46): error TS2304: Cannot find name 'pass'.
coming-soon/public/dashboard/js/views/CodeMapView.js(137,63): error TS2304: Cannot find name 'pass'.
coming-soon/public/dashboard/js/views/CodeMapView.js(137,84): error TS2304: Cannot find name 'pass'.
coming-soon/public/dashboard/js/views/DashboardView.js(10,98): error TS2307: Cannot find module '../components/ScanStatus.js?v=20260710dragfix1' or its corresponding type declarations.
coming-soon/public/dashboard/js/views/DashboardView.js(26,23): error TS2339: Property 'severityCounts' does not exist on type 'number'.
coming-soon/public/dashboard/js/views/DashboardView.js(46,45): error TS2554: Expected 3 arguments, but got 2.
coming-soon/public/dashboard/js/views/DashboardView.js(100,63): error TS2339: Property 'fictionKpiHits' does not exist on type 'number'.
coming-soon/public/dashboard/js/views/DashboardView.js(101,64): error TS2339: Property 'schemaCompliance' does not exist on type 'number'.
coming-soon/public/dashboard/js/views/DashboardView.js(103,64): error TS2339: Property 'consistencyScore' does not exist on type 'number'.
coming-soon/public/dashboard/js/views/DashboardView.js(104,50): error TS2339: Property 'credentialFindings' does not exist on type 'number'.
coming-soon/public/dashboard/js/views/DashboardView.js(105,50): error TS2339: Property 'productionLeakFindings' does not exist on type 'number'.
coming-soon/public/dashboard/js/views/DashboardView.js(123,16): error TS2584: Cannot find name 'document'. Do you need to change your target library? Try changing the 'lib' compiler option to include 'dom'.
coming-soon/public/dashboard/js/views/DashboardView.js(204,49): error TS2554: Expected 3 arguments, but got 2.
coming-soon/public/dashboard/js/views/DashboardView.js(286,7): error TS2353: Object literal may only specify known properties, and 'onRunScan' does not exist in type 'any[]'.
coming-soon/public/dashboard/js/views/DashboardView.js(316,77): error TS2339: Property 'acquireVsCodeApi' does not exist on type 'typeof window'.
coming-soon/public/dashboard/js/views/DashboardView.js(319,35): error TS2339: Property 'acquireVsCodeApi' does not exist on type 'typeof window'.
coming-soon/public/dashboard/js/views/DashboardView.js(323,81): error TS2339: Property 'location' does not exist on type 'typeof window'.
coming-soon/public/dashboard/js/views/DashboardView.js(341,79): error TS2339: Property 'location' does not exist on type 'typeof window'.
coming-soon/public/dashboard/js/views/DashboardView.js(348,20): error TS2339: Property 'success' does not exist on type 'unknown'.
coming-soon/public/dashboard/js/views/DashboardView.js(349,22): error TS2339: Property 'content' does not exist on type 'unknown'.
coming-soon/public/dashboard/js/views/DashboardView.js(351,33): error TS2339: Property 'clipboard' does not exist on type 'Navigator'.
coming-soon/public/dashboard/js/views/DashboardView.js(351,58): error TS2339: Property 'content' does not exist on type 'unknown'.
coming-soon/public/dashboard/js/views/DashboardView.js(360,42): error TS2339: Property 'error' does not exist on type 'unknown'.
coming-soon/public/dashboard/js/views/DashboardView.js(398,24): error TS2584: Cannot find name 'document'. Do you need to change your target library? Try changing the 'lib' compiler option to include 'dom'.
coming-soon/public/dashboard/js/views/DashboardView.js(412,22): error TS2584: Cannot find name 'document'. Do you need to change your target library? Try changing the 'lib' compiler option to include 'dom'.
coming-soon/public/dashboard/js/views/DashboardView.js(450,5): error TS2304: Cannot find name 'requestAnimationFrame'.
coming-soon/public/dashboard/js/views/DashboardView.js(455,23): error TS2339: Property 'lucide' does not exist on type 'typeof window'.
coming-soon/public/dashboard/js/views/DashboardView.js(455,54): error TS2339: Property 'lucide' does not exist on type 'typeof window'.
coming-soon/public/dashboard/js/views/HelpView.js(117,28): error TS2339: Property 'gate' does not exist on type 'number'.
coming-soon/public/dashboard/js/views/HelpView.js(118,21): error TS2554: Expected 3 arguments, but got 2.
coming-soon/public/dashboard/js/views/HelpView.js(125,53): error TS2339: Property 'gate' does not exist on type 'number'.
coming-soon/public/dashboard/js/views/HelpView.js(127,91): error TS2339: Property 'totalFiles' does not exist on type 'number'.
coming-soon/public/dashboard/js/views/HelpView.js(155,16): error TS2584: Cannot find name 'document'. Do you need to change your target library? Try changing the 'lib' compiler option to include 'dom'.
coming-soon/public/dashboard/js/views/HelpView.js(373,25): error TS2339: Property 'clipboard' does not exist on type 'Navigator'.
coming-soon/public/dashboard/js/views/HelpView.js(424,16): error TS2584: Cannot find name 'document'. Do you need to change your target library? Try changing the 'lib' compiler option to include 'dom'.
coming-soon/public/dashboard/js/views/PlatformView.js(56,28): error TS2339: Property 'mockSampleFiles' does not exist on type 'number'.
coming-soon/public/dashboard/js/views/PlatformView.js(56,55): error TS2339: Property 'totalFiles' does not exist on type 'number'.
coming-soon/public/dashboard/js/views/PlatformView.js(57,27): error TS2339: Property 'qualityScore' does not exist on type 'number'.
coming-soon/public/dashboard/js/views/PlatformView.js(58,29): error TS2339: Property 'schemaCompliance' does not exist on type 'number'.
coming-soon/public/dashboard/js/views/PlatformView.js(59,28): error TS2339: Property 'issueCount' does not exist on type 'number'.
coming-soon/public/dashboard/js/views/PlatformView.js(63,30): error TS2339: Property 'mockSampleFiles' does not exist on type 'number'.
coming-soon/public/dashboard/js/views/PlatformView.js(63,57): error TS2339: Property 'totalFiles' does not exist on type 'number'.
coming-soon/public/dashboard/js/views/PlatformView.js(77,37): error TS2339: Property 'jestTests' does not exist on type 'any[]'.
coming-soon/public/dashboard/js/views/PlatformView.js(77,87): error TS2339: Property 'jestTests' does not exist on type 'any[]'.
coming-soon/public/dashboard/js/views/PlatformView.js(81,24): error TS2339: Property 'sampleJsonFiles' does not exist on type 'any[]'.
coming-soon/public/dashboard/js/views/PlatformView.js(85,24): error TS2339: Property 'mockScanFiles' does not exist on type 'any[]'.
coming-soon/public/dashboard/js/views/PlatformView.js(89,24): error TS2339: Property 'schemaPassRate' does not exist on type 'any[]'.
coming-soon/public/dashboard/js/views/PlatformView.js(93,24): error TS2339: Property 'securityScore' does not exist on type 'any[]'.
coming-soon/public/dashboard/js/views/PlatformView.js(140,16): error TS2584: Cannot find name 'document'. Do you need to change your target library? Try changing the 'lib' compiler option to include 'dom'.
coming-soon/public/dashboard/js/views/ProfileView.js(96,22): error TS2584: Cannot find name 'document'. Do you need to change your target library? Try changing the 'lib' compiler option to include 'dom'.
coming-soon/public/dashboard/js/views/ProfileView.js(309,33): error TS2304: Cannot find name 'prompt'.
coming-soon/public/dashboard/js/views/ProfileView.js(347,29): error TS2584: Cannot find name 'document'. Do you need to change your target library? Try changing the 'lib' compiler option to include 'dom'.
coming-soon/public/dashboard/js/views/ProfileView.js(350,14): error TS2339: Property 'location' does not exist on type 'typeof window'.
coming-soon/public/dashboard/js/views/ProfileView.js(386,23): error TS2339: Property 'clipboard' does not exist on type 'Navigator'.
coming-soon/public/dashboard/js/views/ProfileView.js(386,46): error TS2339: Property 'clipboard' does not exist on type 'Navigator'.
coming-soon/public/dashboard/js/views/ProfileView.js(388,29): error TS2339: Property 'clipboard' does not exist on type 'Navigator'.
coming-soon/public/dashboard/js/views/ProfileView.js(401,22): error TS2584: Cannot find name 'document'. Do you need to change your target library? Try changing the 'lib' compiler option to include 'dom'.
coming-soon/public/dashboard/js/views/ProfileView.js(422,65): error TS2304: Cannot find name 'alert'.
coming-soon/public/dashboard/js/views/QualityView.js(27,21): error TS2554: Expected 3 arguments, but got 2.
coming-soon/public/dashboard/js/views/QualityView.js(82,56): error TS2339: Property 'acquireVsCodeApi' does not exist on type 'typeof window'.
coming-soon/public/dashboard/js/views/QualityView.js(84,38): error TS2339: Property 'acquireVsCodeApi' does not exist on type 'typeof window'.
coming-soon/public/dashboard/js/views/QualityView.js(105,16): error TS2584: Cannot find name 'document'. Do you need to change your target library? Try changing the 'lib' compiler option to include 'dom'.
coming-soon/public/dashboard/js/views/QualityView.js(185,63): error TS2339: Property 'location' does not exist on type 'typeof window'.
coming-soon/public/dashboard/js/views/QualityView.js(206,18): error TS2339: Property 'success' does not exist on type 'unknown'.
coming-soon/public/dashboard/js/views/QualityView.js(206,34): error TS2339: Property 'content' does not exist on type 'unknown'.
coming-soon/public/dashboard/js/views/QualityView.js(206,61): error TS2339: Property 'clipboard' does not exist on type 'Navigator'.
coming-soon/public/dashboard/js/views/QualityView.js(206,86): error TS2339: Property 'content' does not exist on type 'unknown'.
coming-soon/public/dashboard/js/views/QualityView.js(293,17): error TS2584: Cannot find name 'document'. Do you need to change your target library? Try changing the 'lib' compiler option to include 'dom'.
coming-soon/public/dashboard/js/views/QualityView.js(301,18): error TS2584: Cannot find name 'document'. Do you need to change your target library? Try changing the 'lib' compiler option to include 'dom'.
coming-soon/public/dashboard/js/views/QualityView.js(308,18): error TS2584: Cannot find name 'document'. Do you need to change your target library? Try changing the 'lib' compiler option to include 'dom'.
coming-soon/public/dashboard/js/views/RemediationRoadmapView.js(11,23): error TS2339: Property 'type' does not exist on type 'boolean'.
coming-soon/public/dashboard/js/views/RemediationRoadmapView.js(12,25): error TS2339: Property 'ruleId' does not exist on type 'boolean'.
coming-soon/public/dashboard/js/views/RemediationRoadmapView.js(12,41): error TS2339: Property 'id' does not exist on type 'boolean'.
coming-soon/public/dashboard/js/views/RemediationRoadmapView.js(13,30): error TS2339: Property 'description' does not exist on type 'boolean'.
coming-soon/public/dashboard/js/views/RemediationRoadmapView.js(61,26): error TS2339: Property 'recommendedAction' does not exist on type 'boolean'.
coming-soon/public/dashboard/js/views/RemediationRoadmapView.js(362,15): error TS2584: Cannot find name 'document'. Do you need to change your target library? Try changing the 'lib' compiler option to include 'dom'.
coming-soon/public/dashboard/js/views/RemediationRoadmapView.js(365,5): error TS2584: Cannot find name 'document'. Do you need to change your target library? Try changing the 'lib' compiler option to include 'dom'.
coming-soon/public/dashboard/js/views/RemediationRoadmapView.js(373,24): error TS2304: Cannot find name 'FileReader'.
coming-soon/public/dashboard/js/views/RemediationRoadmapView.js(385,23): error TS2339: Property 'JSZip' does not exist on type 'typeof window'.
coming-soon/public/dashboard/js/views/RemediationRoadmapView.js(390,32): error TS2339: Property 'JSZip' does not exist on type 'typeof window'.
coming-soon/public/dashboard/js/views/RemediationRoadmapView.js(582,9): error TS2584: Cannot find name 'document'. Do you need to change your target library? Try changing the 'lib' compiler option to include 'dom'.
coming-soon/public/dashboard/js/views/RemediationRoadmapView.js(585,21): error TS2584: Cannot find name 'document'. Do you need to change your target library? Try changing the 'lib' compiler option to include 'dom'.
coming-soon/public/dashboard/js/views/RemediationRoadmapView.js(589,19): error TS2584: Cannot find name 'document'. Do you need to change your target library? Try changing the 'lib' compiler option to include 'dom'.
coming-soon/public/dashboard/js/views/RemediationRoadmapView.js(613,5): error TS2584: Cannot find name 'document'. Do you need to change your target library? Try changing the 'lib' compiler option to include 'dom'.
coming-soon/public/dashboard/js/views/RemediationRoadmapView.js(768,16): error TS2584: Cannot find name 'document'. Do you need to change your target library? Try changing the 'lib' compiler option to include 'dom'.
coming-soon/public/dashboard/js/views/RemediationRoadmapView.js(954,15): error TS2339: Property 'clipboard' does not exist on type 'Navigator'.
coming-soon/public/dashboard/js/views/RemediationRoadmapView.js(972,15): error TS2339: Property 'clipboard' does not exist on type 'Navigator'.
coming-soon/public/dashboard/js/views/RemediationRoadmapView.js(997,14): error TS1064: The return type of an async function or method must be the global Promise<T> type. Did you mean to write 'Promise<any>'?
coming-soon/public/dashboard/js/views/RemediationRoadmapView.js(1008,18): error TS2339: Property 'id' does not exist on type 'unknown'.
coming-soon/public/dashboard/js/views/RemediationRoadmapView.js(1008,43): error TS2339: Property 'data' does not exist on type 'unknown'.
coming-soon/public/dashboard/js/views/RemediationRoadmapView.js(1009,23): error TS2339: Property 'data' does not exist on type 'unknown'.
coming-soon/public/dashboard/js/views/RemediationRoadmapView.js(1012,18): error TS2339: Property 'roadmap' does not exist on type 'unknown'.
coming-soon/public/dashboard/js/views/RemediationRoadmapView.js(1012,35): error TS2339: Property 'type' does not exist on type 'unknown'.
coming-soon/public/dashboard/js/views/RemediationRoadmapView.js(1012,63): error TS2339: Property 'issues' does not exist on type 'unknown'.
coming-soon/public/dashboard/js/views/RemediationRoadmapView.js(1012,94): error TS2339: Property 'phases' does not exist on type 'unknown'.
coming-soon/public/dashboard/js/views/RemediationRoadmapView.js(1013,23): error TS2339: Property 'roadmap' does not exist on type 'unknown'.
coming-soon/public/dashboard/js/views/RemediationRoadmapView.js(1017,18): error TS2339: Property 'type' does not exist on type 'unknown'.
coming-soon/public/dashboard/js/views/RemediationRoadmapView.js(1017,64): error TS2339: Property 'results' does not exist on type 'unknown'.
coming-soon/public/dashboard/js/views/RemediationRoadmapView.js(1018,32): error TS2339: Property 'results' does not exist on type 'unknown'.
coming-soon/public/dashboard/js/views/RemediationRoadmapView.js(1020,79): error TS2339: Property 'summary' does not exist on type 'unknown'.
coming-soon/public/dashboard/js/views/RemediationRoadmapView.js(1022,90): error TS2339: Property 'summary' does not exist on type 'unknown'.
coming-soon/public/dashboard/js/views/RemediationRoadmapView.js(1024,93): error TS2339: Property 'summary' does not exist on type 'unknown'.
coming-soon/public/dashboard/js/views/RemediationRoadmapView.js(1026,75): error TS2339: Property 'generatedAt' does not exist on type 'unknown'.
coming-soon/public/dashboard/js/views/RemediationRoadmapView.js(1031,18): error TS2339: Property 'type' does not exist on type 'unknown'.
coming-soon/public/dashboard/js/views/RemediationRoadmapView.js(1032,37): error TS2339: Property 'rawIssues' does not exist on type 'unknown'.
coming-soon/public/dashboard/js/views/RemediationRoadmapView.js(1032,62): error TS2339: Property 'rawIssues' does not exist on type 'unknown'.
coming-soon/public/dashboard/js/views/RemediationRoadmapView.js(1032,80): error TS2339: Property 'detectedIssues' does not exist on type 'unknown'.
coming-soon/public/dashboard/js/views/RemediationRoadmapView.js(1034,73): error TS2339: Property 'generatedAt' does not exist on type 'unknown'.
coming-soon/public/dashboard/js/views/RemediationRoadmapView.js(1034,93): error TS2339: Property 'scannedAt' does not exist on type 'unknown'.
coming-soon/public/dashboard/js/views/RemediationRoadmapView.js(1039,18): error TS2339: Property 'type' does not exist on type 'unknown'.
coming-soon/public/dashboard/js/views/RemediationRoadmapView.js(1039,65): error TS2339: Property 'issues' does not exist on type 'unknown'.
coming-soon/public/dashboard/js/views/RemediationRoadmapView.js(1039,81): error TS2339: Property 'phases' does not exist on type 'unknown'.
coming-soon/public/dashboard/js/views/RemediationRoadmapView.js(1040,27): error TS2339: Property 'results' does not exist on type 'unknown'.
coming-soon/public/dashboard/js/views/RemediationRoadmapView.js(1044,75): error TS2339: Property 'generatedAt' does not exist on type 'unknown'.
coming-soon/public/dashboard/js/views/RemediationRoadmapView.js(1049,32): error TS2339: Property 'issues' does not exist on type 'unknown'.
coming-soon/public/dashboard/js/views/RemediationRoadmapView.js(1049,48): error TS2339: Property 'issues' does not exist on type 'unknown'.
coming-soon/public/dashboard/js/views/RemediationRoadmapView.js(1050,25): error TS2339: Property 'issues' does not exist on type 'unknown'.
coming-soon/public/dashboard/js/views/RemediationRoadmapView.js(1051,33): error TS2339: Property 'metadata' does not exist on type 'unknown'.
coming-soon/public/dashboard/js/views/RemediationRoadmapView.js(1052,39): error TS2339: Property 'phases' does not exist on type 'unknown'.
coming-soon/public/dashboard/js/views/RemediationRoadmapView.js(1052,55): error TS2339: Property 'phases' does not exist on type 'unknown'.
coming-soon/public/dashboard/js/views/RemediationRoadmapView.js(1053,56): error TS2339: Property 'phases' does not exist on type 'unknown'.
coming-soon/public/dashboard/js/views/RemediationRoadmapView.js(1053,69): error TS2339: Property 'summary' does not exist on type 'unknown'.
coming-soon/public/dashboard/js/views/RemediationRoadmapView.js(1056,39): error TS2339: Property 'developmentPhases' does not exist on type 'unknown'.
coming-soon/public/dashboard/js/views/RemediationRoadmapView.js(1056,66): error TS2339: Property 'developmentPhases' does not exist on type 'unknown'.
coming-soon/public/dashboard/js/views/RemediationRoadmapView.js(1057,56): error TS2339: Property 'developmentPhases' does not exist on type 'unknown'.
coming-soon/public/dashboard/js/views/RemediationRoadmapView.js(1057,80): error TS2339: Property 'summary' does not exist on type 'unknown'.
coming-soon/public/dashboard/js/views/RemediationRoadmapView.js(1060,39): error TS2339: Property 'implementationPhases' does not exist on type 'unknown'.
coming-soon/public/dashboard/js/views/RemediationRoadmapView.js(1060,69): error TS2339: Property 'implementationPhases' does not exist on type 'unknown'.
coming-soon/public/dashboard/js/views/RemediationRoadmapView.js(1061,56): error TS2339: Property 'implementationPhases' does not exist on type 'unknown'.
coming-soon/public/dashboard/js/views/RemediationRoadmapView.js(1061,83): error TS2339: Property 'summary' does not exist on type 'unknown'.
coming-soon/public/dashboard/js/views/RemediationRoadmapView.js(1092,20): error TS2339: Property 'location' does not exist on type 'typeof window'.
coming-soon/public/dashboard/js/views/RemediationRoadmapView.js(1093,48): error TS2339: Property 'location' does not exist on type 'typeof window'.
coming-soon/public/dashboard/js/views/RemediationRoadmapView.js(1094,21): error TS2339: Property 'location' does not exist on type 'typeof window'.
coming-soon/public/dashboard/js/views/RemediationRoadmapView.js(1095,21): error TS2339: Property 'location' does not exist on type 'typeof window'.
coming-soon/public/dashboard/js/views/RemediationRoadmapView.js(1096,21): error TS2339: Property 'location' does not exist on type 'typeof window'.
coming-soon/public/dashboard/js/views/RepositoryHealthView.js(19,34): error TS2339: Property 'headers' does not exist on type 'any[]'.
coming-soon/public/dashboard/js/views/RepositoryHealthView.js(45,14): error TS1064: The return type of an async function or method must be the global Promise<T> type. Did you mean to write 'Promise<any>'?
coming-soon/public/dashboard/js/views/RepositoryHealthView.js(58,14): error TS1064: The return type of an async function or method must be the global Promise<T> type. Did you mean to write 'Promise<any>'?
coming-soon/public/dashboard/js/views/RepositoryHealthView.js(62,28): error TS2339: Property 'json' does not exist on type 'any[]'.
coming-soon/public/dashboard/js/views/RepositoryHealthView.js(68,14): error TS1064: The return type of an async function or method must be the global Promise<T> type. Did you mean to write 'Promise<any>'?
coming-soon/public/dashboard/js/views/RepositoryHealthView.js(72,23): error TS2345: Argument of type 'Response' is not assignable to parameter of type 'any[]'.
  Type 'Response' is missing the following properties from type 'any[]': length, pop, push, concat, and 29 more.
coming-soon/public/dashboard/js/views/RepositoryHealthView.js(97,23): error TS2339: Property 'success' does not exist on type 'unknown'.
coming-soon/public/dashboard/js/views/RepositoryHealthView.js(98,26): error TS2339: Property 'error' does not exist on type 'unknown'.
coming-soon/public/dashboard/js/views/RepositoryHealthView.js(98,40): error TS2339: Property 'message' does not exist on type 'unknown'.
coming-soon/public/dashboard/js/views/RepositoryHealthView.js(360,14): error TS1064: The return type of an async function or method must be the global Promise<T> type. Did you mean to write 'Promise<any>'?
coming-soon/public/dashboard/js/views/RepositoryHealthView.js(365,48): error TS2345: Argument of type 'Response' is not assignable to parameter of type 'any[]'.
  Type 'Response' is missing the following properties from type 'any[]': length, pop, push, concat, and 29 more.
coming-soon/public/dashboard/js/views/RepositoryHealthView.js(418,5): error TS2304: Cannot find name 'requestAnimationFrame'.
coming-soon/public/dashboard/js/views/RepositoryHealthView.js(453,44): error TS2345: Argument of type 'Response' is not assignable to parameter of type 'any[]'.
  Type 'Response' is missing the following properties from type 'any[]': length, pop, push, concat, and 29 more.
coming-soon/public/dashboard/js/views/RepositoryHealthView.js(472,56): error TS2339: Property 'acquireVsCodeApi' does not exist on type 'typeof window'.
coming-soon/public/dashboard/js/views/RepositoryHealthView.js(474,38): error TS2339: Property 'acquireVsCodeApi' does not exist on type 'typeof window'.
coming-soon/public/dashboard/js/views/RepositoryHealthView.js(494,46): error TS2345: Argument of type 'Response' is not assignable to parameter of type 'any[]'.
  Type 'Response' is missing the following properties from type 'any[]': length, pop, push, concat, and 29 more.
coming-soon/public/dashboard/js/views/RepositoryHealthView.js(524,46): error TS2345: Argument of type 'Response' is not assignable to parameter of type 'any[]'.
  Type 'Response' is missing the following properties from type 'any[]': length, pop, push, concat, and 29 more.
coming-soon/public/dashboard/js/views/RepositoryHealthView.js(542,107): error TS2339: Property 'location' does not exist on type 'typeof window'.
coming-soon/public/dashboard/js/views/RepositoryHealthView.js(573,18): error TS2339: Property 'success' does not exist on type 'unknown'.
coming-soon/public/dashboard/js/views/RepositoryHealthView.js(573,34): error TS2339: Property 'content' does not exist on type 'unknown'.
coming-soon/public/dashboard/js/views/RepositoryHealthView.js(574,27): error TS2339: Property 'clipboard' does not exist on type 'Navigator'.
coming-soon/public/dashboard/js/views/RepositoryHealthView.js(574,52): error TS2339: Property 'content' does not exist on type 'unknown'.
coming-soon/public/dashboard/js/views/ResultsView.js(94,16): error TS2584: Cannot find name 'document'. Do you need to change your target library? Try changing the 'lib' compiler option to include 'dom'.
coming-soon/public/dashboard/js/views/ResultsView.js(192,20): error TS2584: Cannot find name 'document'. Do you need to change your target library? Try changing the 'lib' compiler option to include 'dom'.
coming-soon/public/dashboard/js/views/ResultsView.js(275,75): error TS2339: Property 'acquireVsCodeApi' does not exist on type 'typeof window'.
coming-soon/public/dashboard/js/views/ResultsView.js(278,33): error TS2339: Property 'acquireVsCodeApi' does not exist on type 'typeof window'.
coming-soon/public/dashboard/js/views/ResultsView.js(282,79): error TS2339: Property 'location' does not exist on type 'typeof window'.
coming-soon/public/dashboard/js/views/ResultsView.js(300,77): error TS2339: Property 'location' does not exist on type 'typeof window'.
coming-soon/public/dashboard/js/views/ResultsView.js(307,18): error TS2339: Property 'success' does not exist on type 'unknown'.
coming-soon/public/dashboard/js/views/ResultsView.js(308,20): error TS2339: Property 'content' does not exist on type 'unknown'.
coming-soon/public/dashboard/js/views/ResultsView.js(310,31): error TS2339: Property 'clipboard' does not exist on type 'Navigator'.
coming-soon/public/dashboard/js/views/ResultsView.js(310,56): error TS2339: Property 'content' does not exist on type 'unknown'.
coming-soon/public/dashboard/js/views/ResultsView.js(319,40): error TS2339: Property 'error' does not exist on type 'unknown'.
coming-soon/public/dashboard/js/views/SecurityView.js(24,56): error TS2339: Property 'acquireVsCodeApi' does not exist on type 'typeof window'.
coming-soon/public/dashboard/js/views/SecurityView.js(26,38): error TS2339: Property 'acquireVsCodeApi' does not exist on type 'typeof window'.
coming-soon/public/dashboard/js/views/SecurityView.js(93,16): error TS2584: Cannot find name 'document'. Do you need to change your target library? Try changing the 'lib' compiler option to include 'dom'.
coming-soon/public/dashboard/js/views/SecurityView.js(254,75): error TS2339: Property 'location' does not exist on type 'typeof window'.
coming-soon/public/dashboard/js/views/SecurityView.js(272,18): error TS2339: Property 'success' does not exist on type 'unknown'.
coming-soon/public/dashboard/js/views/SecurityView.js(272,34): error TS2339: Property 'content' does not exist on type 'unknown'.
coming-soon/public/dashboard/js/views/SecurityView.js(272,61): error TS2339: Property 'clipboard' does not exist on type 'Navigator'.
coming-soon/public/dashboard/js/views/SecurityView.js(272,86): error TS2339: Property 'content' does not exist on type 'unknown'.
coming-soon/public/dashboard/js/views/SettingsView.js(6,108): error TS2307: Cannot find module '../services/aiKeysService.js?v=20260709ollama3' or its corresponding type declarations.
coming-soon/public/dashboard/js/views/SettingsView.js(275,28): error TS2339: Property 'ollamaBaseUrl' does not exist on type '{}'.
coming-soon/public/dashboard/js/views/SettingsView.js(276,26): error TS2339: Property 'ollamaModel' does not exist on type '{}'.
coming-soon/public/dashboard/js/views/SettingsView.js(285,16): error TS2584: Cannot find name 'document'. Do you need to change your target library? Try changing the 'lib' compiler option to include 'dom'.
coming-soon/public/dashboard/js/views/SettingsView.js(355,17): error TS2367: This comparison appears to be unintentional because the types 'boolean' and 'string' have no overlap.
coming-soon/public/dashboard/js/views/SettingsView.js(358,17): error TS2367: This comparison appears to be unintentional because the types 'boolean' and 'string' have no overlap.
coming-soon/public/dashboard/js/views/SettingsView.js(423,78): error TS2554: Expected 3 arguments, but got 2.
coming-soon/public/dashboard/js/views/SettingsView.js(439,15): error TS2367: This comparison appears to be unintentional because the types 'boolean' and 'string' have no overlap.
coming-soon/public/dashboard/js/views/SettingsView.js(442,15): error TS2367: This comparison appears to be unintentional because the types 'boolean' and 'string' have no overlap.
coming-soon/public/dashboard/js/views/SettingsView.js(513,15): error TS2367: This comparison appears to be unintentional because the types 'boolean' and 'string' have no overlap.
coming-soon/public/dashboard/js/views/SettingsView.js(672,26): error TS2339: Property 'prompt' does not exist on type 'typeof window'.
coming-soon/public/dashboard/js/views/SettingsView.js(696,12): error TS2339: Property 'saveVault' does not exist on type 'SettingsView'.
coming-soon/public/dashboard/js/views/SettingsView.js(938,15): error TS2367: This comparison appears to be unintentional because the types 'boolean' and 'string' have no overlap.
coming-soon/public/dashboard/js/views/SettingsView.js(941,15): error TS2367: This comparison appears to be unintentional because the types 'boolean' and 'string' have no overlap.
coming-soon/public/dashboard/js/views/SettingsView.js(981,29): error TS2367: This comparison appears to be unintentional because the types 'boolean' and 'string' have no overlap.
coming-soon/public/dashboard/js/views/SettingsView.js(985,29): error TS2367: This comparison appears to be unintentional because the types 'boolean' and 'string' have no overlap.
coming-soon/public/dashboard/js/views/SettingsView.js(993,28): error TS2339: Property 'ollamaBaseUrl' does not exist on type '{}'.
coming-soon/public/dashboard/js/views/SettingsView.js(994,26): error TS2339: Property 'ollamaModel' does not exist on type '{}'.
coming-soon/public/dashboard/js/views/SettingsView.js(1010,5): error TS2322: Type 'string' is not assignable to type 'boolean'.
coming-soon/public/dashboard/js/views/SettingsView.js(1032,5): error TS2322: Type 'string' is not assignable to type 'boolean'.
coming-soon/public/dashboard/js/views/SettingsView.js(1058,5): error TS2322: Type 'string' is not assignable to type 'boolean'.
coming-soon/public/dashboard/js/views/SettingsView.js(1269,14): error TS2339: Property 'open' does not exist on type 'typeof window'.
coming-soon/public/dashboard/js/views/SettingsView.js(1274,14): error TS2339: Property 'open' does not exist on type 'typeof window'.
coming-soon/public/dashboard/js/views/SettingsView.js(1375,5): error TS2322: Type 'string' is not assignable to type 'boolean'.
coming-soon/public/dashboard/js/views/SettingsView.js(1396,5): error TS2322: Type 'string' is not assignable to type 'boolean'.
coming-soon/public/dashboard/js/views/SettingsView.js(1438,5): error TS2322: Type 'string' is not assignable to type 'boolean'.
coming-soon/public/dashboard/js/views/SettingsView.js(1468,5): error TS2322: Type 'string' is not assignable to type 'boolean'.
coming-soon/public/dashboard/js/views/SettingsView.js(1491,5): error TS2322: Type 'string' is not assignable to type 'boolean'.
coming-soon/public/dashboard/js/views/SignInView.js(95,50): error TS2339: Property 'location' does not exist on type 'typeof window'.
coming-soon/public/dashboard/js/views/SignInView.js(286,21): error TS2584: Cannot find name 'document'. Do you need to change your target library? Try changing the 'lib' compiler option to include 'dom'.
coming-soon/public/dashboard/js/views/SignInView.js(303,5): error TS2584: Cannot find name 'document'. Do you need to change your target library? Try changing the 'lib' compiler option to include 'dom'.
coming-soon/public/dashboard/js/views/SignInView.js(326,18): error TS2339: Property 'success' does not exist on type 'unknown'.
coming-soon/public/dashboard/js/views/SignInView.js(331,38): error TS2339: Property 'error' does not exist on type 'unknown'.
coming-soon/public/dashboard/js/views/SignInView.js(345,17): error TS2339: Property 'PublicKeyCredential' does not exist on type 'typeof window'.
coming-soon/public/dashboard/js/views/ToolsView.js(52,51): error TS2339: Property 'gate' does not exist on type 'number'.
coming-soon/public/dashboard/js/views/ToolsView.js(52,91): error TS2339: Property 'gate' does not exist on type 'number'.
coming-soon/public/dashboard/js/views/ToolsView.js(54,89): error TS2339: Property 'totalFiles' does not exist on type 'number'.
coming-soon/public/dashboard/js/views/ToolsView.js(57,63): error TS2339: Property 'schemaCompliance' does not exist on type 'number'.
coming-soon/public/dashboard/js/views/ToolsView.js(59,42): error TS2554: Expected 3 arguments, but got 2.
coming-soon/public/dashboard/js/views/ToolsView.js(134,16): error TS2584: Cannot find name 'document'. Do you need to change your target library? Try changing the 'lib' compiler option to include 'dom'.
coming-soon/public/dashboard/js/views/TrustView.js(28,14): error TS1064: The return type of an async function or method must be the global Promise<T> type. Did you mean to write 'Promise<any>'?
coming-soon/public/dashboard/js/views/TrustView.js(70,14): error TS1064: The return type of an async function or method must be the global Promise<T> type. Did you mean to write 'Promise<any>'?
coming-soon/public/dashboard/js/views/TrustView.js(206,56): error TS2339: Property 'acquireVsCodeApi' does not exist on type 'typeof window'.
coming-soon/public/dashboard/js/views/TrustView.js(208,38): error TS2339: Property 'acquireVsCodeApi' does not exist on type 'typeof window'.
coming-soon/public/dashboard/js/views/TrustView.js(326,115): error TS2339: Property 'location' does not exist on type 'typeof window'.
coming-soon/public/dashboard/js/views/TrustView.js(343,15): error TS2584: Cannot find name 'document'. Do you need to change your target library? Try changing the 'lib' compiler option to include 'dom'.
coming-soon/public/dashboard/js/views/TrustView.js(346,5): error TS2584: Cannot find name 'document'. Do you need to change your target library? Try changing the 'lib' compiler option to include 'dom'.
coming-soon/public/dashboard/js/views/TrustView.js(369,65): error TS2339: Property 'location' does not exist on type 'typeof window'.
coming-soon/public/dashboard/js/views/TrustView.js(389,20): error TS2339: Property 'success' does not exist on type 'unknown'.
coming-soon/public/dashboard/js/views/TrustView.js(389,36): error TS2339: Property 'content' does not exist on type 'unknown'.
coming-soon/public/dashboard/js/views/TrustView.js(389,63): error TS2339: Property 'clipboard' does not exist on type 'Navigator'.
coming-soon/public/dashboard/js/views/TrustView.js(389,88): error TS2339: Property 'content' does not exist on type 'unknown'.
coming-soon/public/dashboard/js/views/UploadView.js(94,20): error TS2339: Property 'licenseToken' does not exist on type 'unknown'.
coming-soon/public/dashboard/js/views/UploadView.js(95,39): error TS2339: Property 'licenseToken' does not exist on type 'unknown'.
coming-soon/public/dashboard/js/views/UploadView.js(184,20): error TS2339: Property 'success' does not exist on type 'unknown'.
coming-soon/public/dashboard/js/views/UploadView.js(187,72): error TS2339: Property 'deliveryId' does not exist on type 'unknown'.
coming-soon/public/dashboard/js/views/UploadView.js(191,42): error TS2339: Property 'error' does not exist on type 'unknown'.
coming-soon/public/dashboard/js/views/UploadView.js(203,22): error TS2584: Cannot find name 'document'. Do you need to change your target library? Try changing the 'lib' compiler option to include 'dom'.
coming-soon/public/dashboard/js/views/UploadView.js(208,24): error TS2304: Cannot find name 'FileReader'.
coming-soon/public/dashboard/js/views/UploadView.js(216,24): error TS2584: Cannot find name 'document'. Do you need to change your target library? Try changing the 'lib' compiler option to include 'dom'.
coming-soon/public/dashboard/js/workers/scan-wasm-bridge.js(9,74): error TS1343: The 'import.meta' meta-property is only allowed when the '--module' option is 'es2020', 'es2022', 'esnext', 'system', 'node16', 'node18', 'node20', or 'nodenext'.
coming-soon/public/dashboard/js/workers/scan-wasm-bridge.js(64,37): error TS2554: Expected 0-1 arguments, but got 2.
coming-soon/public/dashboard/js/workers/scan-wasm-bridge.js(74,43): error TS2554: Expected 0-1 arguments, but got 2.
coming-soon/public/dashboard/js/workers/scan-wasm-bridge.js(175,35): error TS7036: Dynamic import's specifier must be of type 'string', but here has type 'URL'.
coming-soon/public/dashboard/js/workers/scan-worker.js(9,53): error TS2307: Cannot find module './scan-wasm-bridge.js?v=20260709noise3' or its corresponding type declarations.
coming-soon/public/dashboard/js/workers/scan-worker.js(241,14): error TS2551: Property 'postMessage' does not exist on type 'typeof self'. Did you mean 'onmessage'?
coming-soon/public/dashboard/js/workers/scan-worker.js(247,8): error TS2551: Property 'postMessage' does not exist on type 'typeof self'. Did you mean 'onmessage'?
coming-soon/public/dashboard/js/workers/scan-worker.js(254,10): error TS2551: Property 'postMessage' does not exist on type 'typeof self'. Did you mean 'onmessage'?
coming-soon/public/dashboard/js/workers/scan-worker.js(257,12): error TS2551: Property 'postMessage' does not exist on type 'typeof self'. Did you mean 'onmessage'?
coming-soon/public/dashboard/js/workers/scan-worker.js(259,12): error TS2551: Property 'postMessage' does not exist on type 'typeof self'. Did you mean 'onmessage'?
coming-soon/public/dashboard/site-config.js(2,46): error TS2339: Property '__SB_SITE_CONFIG__' does not exist on type 'typeof window'.
coming-soon/public/js-es2018/auth.js(24,17): error TS2584: Cannot find name 'document'. Do you need to change your target library? Try changing the 'lib' compiler option to include 'dom'.
coming-soon/public/js-es2018/auth.js(36,16): error TS2339: Property 'location' does not exist on type 'typeof window'.
coming-soon/public/js-es2018/auth.js(40,53): error TS2339: Property 'location' does not exist on type 'typeof window'.
coming-soon/public/js-es2018/auth.js(44,25): error TS2584: Cannot find name 'document'. Do you need to change your target library? Try changing the 'lib' compiler option to include 'dom'.
coming-soon/public/js-es2018/auth.js(57,12): error TS2339: Property 'SbAuth' does not exist on type 'typeof window'.
coming-soon/public/js-es2018/dashboard/certificate-module.js(2,46): error TS2339: Property 'escapeHtml' does not exist on type 'typeof window'.
coming-soon/public/js-es2018/dashboard/certificate-module.js(3,12): error TS2339: Property 'escapeHtml' does not exist on type 'typeof window'.
coming-soon/public/js-es2018/dashboard/certificate-module.js(17,7): error TS2451: Cannot redeclare block-scoped variable 'ZIP_MARKDOWN_TEMPLATES'.
coming-soon/public/js-es2018/dashboard/certificate-module.js(109,17): error TS2339: Property 'JSZip' does not exist on type 'typeof window'.
coming-soon/public/js-es2018/dashboard/certificate-module.js(109,34): error TS2339: Property 'html2canvas' does not exist on type 'typeof window'.
coming-soon/public/js-es2018/dashboard/certificate-module.js(118,21): error TS2304: Cannot find name 'JSZip'.
coming-soon/public/js-es2018/dashboard/certificate-module.js(159,65): error TS2339: Property '_tokenPayload' does not exist on type 'typeof window'.
coming-soon/public/js-es2018/dashboard/certificate-module.js(159,143): error TS2339: Property '_tokenPayload' does not exist on type 'typeof window'.
coming-soon/public/js-es2018/dashboard/certificate-module.js(693,28): error TS2339: Property '_tokenPayload' does not exist on type 'typeof window'.
coming-soon/public/js-es2018/dashboard/certificate-module.js(693,52): error TS2339: Property '_tokenPayload' does not exist on type 'typeof window'.
coming-soon/public/js-es2018/dashboard/certificate-module.js(693,81): error TS2339: Property '_tokenPayload' does not exist on type 'typeof window'.
coming-soon/public/js-es2018/dashboard/certificate-module.js(754,50): error TS2362: The left-hand side of an arithmetic operation must be of type 'any', 'number', 'bigint' or an enum type.
coming-soon/public/js-es2018/dashboard/certificate-module.js(754,65): error TS2363: The right-hand side of an arithmetic operation must be of type 'any', 'number', 'bigint' or an enum type.
coming-soon/public/js-es2018/dashboard/certificate-module.js(1031,19): error TS2584: Cannot find name 'document'. Do you need to change your target library? Try changing the 'lib' compiler option to include 'dom'.
coming-soon/public/js-es2018/dashboard/certificate-module.js(1035,9): error TS2584: Cannot find name 'document'. Do you need to change your target library? Try changing the 'lib' compiler option to include 'dom'.
coming-soon/public/js-es2018/dashboard/certificate-module.js(1040,20): error TS2339: Property 'open' does not exist on type 'typeof window'.
coming-soon/public/js-es2018/dashboard/certificate-module.js(1049,5): error TS2451: Cannot redeclare block-scoped variable '__certGenerating'.
coming-soon/public/js-es2018/dashboard/certificate-module.js(1057,24): error TS2584: Cannot find name 'document'. Do you need to change your target library? Try changing the 'lib' compiler option to include 'dom'.
coming-soon/public/js-es2018/dashboard/certificate-module.js(1072,31): error TS2304: Cannot find name 'getCertificateCredentials'.
coming-soon/public/js-es2018/dashboard/certificate-module.js(1072,75): error TS2304: Cannot find name 'getCertificateCredentials'.
coming-soon/public/js-es2018/dashboard/certificate-module.js(1083,26): error TS2584: Cannot find name 'document'. Do you need to change your target library? Try changing the 'lib' compiler option to include 'dom'.
coming-soon/public/js-es2018/dashboard/certificate-module.js(1086,26): error TS2584: Cannot find name 'document'. Do you need to change your target library? Try changing the 'lib' compiler option to include 'dom'.
coming-soon/public/js-es2018/dashboard/certificate-module.js(1088,26): error TS2584: Cannot find name 'document'. Do you need to change your target library? Try changing the 'lib' compiler option to include 'dom'.
coming-soon/public/js-es2018/dashboard/certificate-module.js(1090,25): error TS2584: Cannot find name 'document'. Do you need to change your target library? Try changing the 'lib' compiler option to include 'dom'.
coming-soon/public/js-es2018/dashboard/certificate-module.js(1113,12): error TS2339: Property 'generateSovereignCertificate' does not exist on type 'typeof window'.
coming-soon/public/js-es2018/dashboard/certificate-module.js(1114,12): error TS2339: Property 'doGenerateCertificate' does not exist on type 'typeof window'.
coming-soon/public/js-es2018/dashboard/main.js(2,1): error TS6200: Definitions of the following identifiers conflict with those in another file: TOAST_DURATION_SHORT, TOAST_DURATION_LONG, FILE_COUNT_HIGH, FILE_COUNT_VERY_HIGH, LOCAL_SERVER_PORTS, API_BASE, IS_LOCAL_HOST, submitBtn, status, scanPreview, scanMeta, previewContent, tabCli, tabBrowser, viewCli, viewBrowser, localScanFileName, cliFolderInput, cliFilesInput, dropzonePrompt, integrityHashEl, browserFolderDropzone, accumulatedPickerFiles, isAccumulatingFolders, _pickerTriggeredByButton, SKIP_DIRS, UPDATE_INTERVAL, cliJsonDropzone, cliFileName, reportData, scanAbortController, MODULE_REPORT_KEYS, BROWSER_SCAN_PROFILES, PROFILE_SECTIONS, sandboxNoteText, MODULE_CARDS, urlParams, sessionId, urlToken, resendBtn, resendEmail, resendStatus, tryFreeBtn, LS_KEY_TOKEN, LS_KEY_SCAN, resetBtn, tabCliImport, tabCliSetup, viewCliImport, viewCliSetup, oneClickInstallBtn, installCommandEl, tabImportUpload, tabImportPaste, viewImportUpload, viewImportPaste, selectDriveTargetBtn, _browserDragDepth, _cliDragDepth, terminalConsole, panelStatus, panelMetrics, panelProgressContainer, panelProgressBar, certSubmitBtn, clearSessionBtn, copyJsonBtn, collapsePreviewBtn, SCANNER_BRIDGE_PORT, BRIDGE_URL, bridgeAvailable, bridgeEventSource, serverUploadUrl, DATA_SERVER_PORT, DATA_SERVER_URL, dataServerAvailable, dataServerSse, isPickerActive
coming-soon/public/js-es2018/dashboard/main.js(3,16): error TS2584: Cannot find name 'document'. Do you need to change your target library? Try changing the 'lib' compiler option to include 'dom'.
coming-soon/public/js-es2018/dashboard/main.js(6,15): error TS2339: Property 'clipboard' does not exist on type 'Navigator'.
coming-soon/public/js-es2018/dashboard/main.js(15,21): error TS2584: Cannot find name 'document'. Do you need to change your target library? Try changing the 'lib' compiler option to include 'dom'.
coming-soon/public/js-es2018/dashboard/main.js(61,16): error TS2584: Cannot find name 'document'. Do you need to change your target library? Try changing the 'lib' compiler option to include 'dom'.
coming-soon/public/js-es2018/dashboard/main.js(77,12): error TS2339: Property 'simpleHash' does not exist on type 'typeof window'.
coming-soon/public/js-es2018/dashboard/main.js(91,19): error TS2304: Cannot find name 'location'.
coming-soon/public/js-es2018/dashboard/main.js(91,56): error TS2304: Cannot find name 'location'.
coming-soon/public/js-es2018/dashboard/main.js(91,93): error TS2304: Cannot find name 'location'.
coming-soon/public/js-es2018/dashboard/main.js(92,23): error TS2304: Cannot find name 'location'.
coming-soon/public/js-es2018/dashboard/main.js(92,60): error TS2304: Cannot find name 'location'.
coming-soon/public/js-es2018/dashboard/main.js(100,21): error TS2304: Cannot find name 'location'.
coming-soon/public/js-es2018/dashboard/main.js(100,58): error TS2304: Cannot find name 'location'.
coming-soon/public/js-es2018/dashboard/main.js(102,34): error TS2304: Cannot find name 'location'.
coming-soon/public/js-es2018/dashboard/main.js(104,16): error TS2304: Cannot find name 'location'.
coming-soon/public/js-es2018/dashboard/main.js(107,16): error TS2304: Cannot find name 'location'.
coming-soon/public/js-es2018/dashboard/main.js(112,19): error TS2584: Cannot find name 'document'. Do you need to change your target library? Try changing the 'lib' compiler option to include 'dom'.
coming-soon/public/js-es2018/dashboard/main.js(113,16): error TS2584: Cannot find name 'document'. Do you need to change your target library? Try changing the 'lib' compiler option to include 'dom'.
coming-soon/public/js-es2018/dashboard/main.js(114,21): error TS2584: Cannot find name 'document'. Do you need to change your target library? Try changing the 'lib' compiler option to include 'dom'.
coming-soon/public/js-es2018/dashboard/main.js(115,18): error TS2584: Cannot find name 'document'. Do you need to change your target library? Try changing the 'lib' compiler option to include 'dom'.
coming-soon/public/js-es2018/dashboard/main.js(116,24): error TS2584: Cannot find name 'document'. Do you need to change your target library? Try changing the 'lib' compiler option to include 'dom'.
coming-soon/public/js-es2018/dashboard/main.js(127,16): error TS2584: Cannot find name 'document'. Do you need to change your target library? Try changing the 'lib' compiler option to include 'dom'.
coming-soon/public/js-es2018/dashboard/main.js(128,20): error TS2584: Cannot find name 'document'. Do you need to change your target library? Try changing the 'lib' compiler option to include 'dom'.
coming-soon/public/js-es2018/dashboard/main.js(129,17): error TS2584: Cannot find name 'document'. Do you need to change your target library? Try changing the 'lib' compiler option to include 'dom'.
coming-soon/public/js-es2018/dashboard/main.js(130,21): error TS2584: Cannot find name 'document'. Do you need to change your target library? Try changing the 'lib' compiler option to include 'dom'.
coming-soon/public/js-es2018/dashboard/main.js(132,27): error TS2584: Cannot find name 'document'. Do you need to change your target library? Try changing the 'lib' compiler option to include 'dom'.
coming-soon/public/js-es2018/dashboard/main.js(133,24): error TS2584: Cannot find name 'document'. Do you need to change your target library? Try changing the 'lib' compiler option to include 'dom'.
coming-soon/public/js-es2018/dashboard/main.js(134,23): error TS2584: Cannot find name 'document'. Do you need to change your target library? Try changing the 'lib' compiler option to include 'dom'.
coming-soon/public/js-es2018/dashboard/main.js(135,24): error TS2584: Cannot find name 'document'. Do you need to change your target library? Try changing the 'lib' compiler option to include 'dom'.
coming-soon/public/js-es2018/dashboard/main.js(136,25): error TS2584: Cannot find name 'document'. Do you need to change your target library? Try changing the 'lib' compiler option to include 'dom'.
coming-soon/public/js-es2018/dashboard/main.js(138,31): error TS2584: Cannot find name 'document'. Do you need to change your target library? Try changing the 'lib' compiler option to include 'dom'.
coming-soon/public/js-es2018/dashboard/main.js(139,7): error TS2451: Cannot redeclare block-scoped variable 'jsonPasteInput'.
coming-soon/public/js-es2018/dashboard/main.js(139,24): error TS2584: Cannot find name 'document'. Do you need to change your target library? Try changing the 'lib' compiler option to include 'dom'.
coming-soon/public/js-es2018/dashboard/main.js(140,7): error TS2451: Cannot redeclare block-scoped variable 'jsonPasteBtn'.
coming-soon/public/js-es2018/dashboard/main.js(140,22): error TS2584: Cannot find name 'document'. Do you need to change your target library? Try changing the 'lib' compiler option to include 'dom'.
coming-soon/public/js-es2018/dashboard/main.js(156,28): error TS2304: Cannot find name 'ScanUtils'.
coming-soon/public/js-es2018/dashboard/main.js(156,57): error TS2304: Cannot find name 'ScanUtils'.
coming-soon/public/js-es2018/dashboard/main.js(157,11): error TS2304: Cannot find name 'ScanUtils'.
coming-soon/public/js-es2018/dashboard/main.js(158,19): error TS2304: Cannot find name 'analyzeFolderSize'.
coming-soon/public/js-es2018/dashboard/main.js(158,55): error TS2304: Cannot find name 'analyzeFolderSize'.
coming-soon/public/js-es2018/dashboard/main.js(265,25): error TS2584: Cannot find name 'document'. Do you need to change your target library? Try changing the 'lib' compiler option to include 'dom'.
coming-soon/public/js-es2018/dashboard/main.js(266,7): error TS2451: Cannot redeclare block-scoped variable 'fileInput'.
coming-soon/public/js-es2018/dashboard/main.js(266,19): error TS2584: Cannot find name 'document'. Do you need to change your target library? Try changing the 'lib' compiler option to include 'dom'.
coming-soon/public/js-es2018/dashboard/main.js(267,21): error TS2584: Cannot find name 'document'. Do you need to change your target library? Try changing the 'lib' compiler option to include 'dom'.
coming-soon/public/js-es2018/dashboard/main.js(278,25): error TS2339: Property 'clipboard' does not exist on type 'Navigator'.
coming-soon/public/js-es2018/dashboard/main.js(507,29): error TS2339: Property '_scanPreviewData' does not exist on type 'typeof window'.
coming-soon/public/js-es2018/dashboard/main.js(509,40): error TS2339: Property '_tokenPayload' does not exist on type 'typeof window'.
coming-soon/public/js-es2018/dashboard/main.js(509,118): error TS2339: Property '_tokenPayload' does not exist on type 'typeof window'.
coming-soon/public/js-es2018/dashboard/main.js(520,43): error TS2339: Property '_scanPreviewModules' does not exist on type 'typeof window'.
coming-soon/public/js-es2018/dashboard/main.js(530,23): error TS2584: Cannot find name 'document'. Do you need to change your target library? Try changing the 'lib' compiler option to include 'dom'.
coming-soon/public/js-es2018/dashboard/main.js(533,13): error TS2584: Cannot find name 'document'. Do you need to change your target library? Try changing the 'lib' compiler option to include 'dom'.
coming-soon/public/js-es2018/dashboard/main.js(540,29): error TS2339: Property '_scanPreviewModules' does not exist on type 'typeof window'.
coming-soon/public/js-es2018/dashboard/main.js(879,19): error TS2584: Cannot find name 'document'. Do you need to change your target library? Try changing the 'lib' compiler option to include 'dom'.
coming-soon/public/js-es2018/dashboard/main.js(882,9): error TS2584: Cannot find name 'document'. Do you need to change your target library? Try changing the 'lib' compiler option to include 'dom'.
coming-soon/public/js-es2018/dashboard/main.js(907,26): error TS2339: Property '_tokenPayload' does not exist on type 'typeof window'.
coming-soon/public/js-es2018/dashboard/main.js(946,23): error TS2584: Cannot find name 'document'. Do you need to change your target library? Try changing the 'lib' compiler option to include 'dom'.
coming-soon/public/js-es2018/dashboard/main.js(949,19): error TS2584: Cannot find name 'document'. Do you need to change your target library? Try changing the 'lib' compiler option to include 'dom'.
coming-soon/public/js-es2018/dashboard/main.js(1057,25): error TS2584: Cannot find name 'document'. Do you need to change your target library? Try changing the 'lib' compiler option to include 'dom'.
coming-soon/public/js-es2018/dashboard/main.js(1133,22): error TS2584: Cannot find name 'document'. Do you need to change your target library? Try changing the 'lib' compiler option to include 'dom'.
coming-soon/public/js-es2018/dashboard/main.js(1223,26): error TS2584: Cannot find name 'document'. Do you need to change your target library? Try changing the 'lib' compiler option to include 'dom'.
coming-soon/public/js-es2018/dashboard/main.js(1309,20): error TS2584: Cannot find name 'document'. Do you need to change your target library? Try changing the 'lib' compiler option to include 'dom'.
coming-soon/public/js-es2018/dashboard/main.js(1311,16): error TS2339: Property '_tokenPayload' does not exist on type 'typeof window'.
coming-soon/public/js-es2018/dashboard/main.js(1318,26): error TS2584: Cannot find name 'document'. Do you need to change your target library? Try changing the 'lib' compiler option to include 'dom'.
coming-soon/public/js-es2018/dashboard/main.js(1321,9): error TS2584: Cannot find name 'document'. Do you need to change your target library? Try changing the 'lib' compiler option to include 'dom'.
coming-soon/public/js-es2018/dashboard/main.js(1322,9): error TS2584: Cannot find name 'document'. Do you need to change your target library? Try changing the 'lib' compiler option to include 'dom'.
coming-soon/public/js-es2018/dashboard/main.js(1323,9): error TS2584: Cannot find name 'document'. Do you need to change your target library? Try changing the 'lib' compiler option to include 'dom'.
coming-soon/public/js-es2018/dashboard/main.js(1324,9): error TS2584: Cannot find name 'document'. Do you need to change your target library? Try changing the 'lib' compiler option to include 'dom'.
coming-soon/public/js-es2018/dashboard/main.js(1325,9): error TS2584: Cannot find name 'document'. Do you need to change your target library? Try changing the 'lib' compiler option to include 'dom'.
coming-soon/public/js-es2018/dashboard/main.js(1333,16): error TS2339: Property '_tokenPayload' does not exist on type 'typeof window'.
coming-soon/public/js-es2018/dashboard/main.js(1338,32): error TS2584: Cannot find name 'document'. Do you need to change your target library? Try changing the 'lib' compiler option to include 'dom'.
coming-soon/public/js-es2018/dashboard/main.js(1341,29): error TS2584: Cannot find name 'document'. Do you need to change your target library? Try changing the 'lib' compiler option to include 'dom'.
coming-soon/public/js-es2018/dashboard/main.js(1344,32): error TS2584: Cannot find name 'document'. Do you need to change your target library? Try changing the 'lib' compiler option to include 'dom'.
coming-soon/public/js-es2018/dashboard/main.js(1347,29): error TS2584: Cannot find name 'document'. Do you need to change your target library? Try changing the 'lib' compiler option to include 'dom'.
coming-soon/public/js-es2018/dashboard/main.js(1350,29): error TS2584: Cannot find name 'document'. Do you need to change your target library? Try changing the 'lib' compiler option to include 'dom'.
coming-soon/public/js-es2018/dashboard/main.js(1355,31): error TS2584: Cannot find name 'document'. Do you need to change your target library? Try changing the 'lib' compiler option to include 'dom'.
coming-soon/public/js-es2018/dashboard/main.js(1362,26): error TS2584: Cannot find name 'document'. Do you need to change your target library? Try changing the 'lib' compiler option to include 'dom'.
coming-soon/public/js-es2018/dashboard/main.js(1365,13): error TS2584: Cannot find name 'document'. Do you need to change your target library? Try changing the 'lib' compiler option to include 'dom'.
coming-soon/public/js-es2018/dashboard/main.js(1372,24): error TS2584: Cannot find name 'document'. Do you need to change your target library? Try changing the 'lib' compiler option to include 'dom'.
coming-soon/public/js-es2018/dashboard/main.js(1379,28): error TS2584: Cannot find name 'document'. Do you need to change your target library? Try changing the 'lib' compiler option to include 'dom'.
coming-soon/public/js-es2018/dashboard/main.js(1380,28): error TS2584: Cannot find name 'document'. Do you need to change your target library? Try changing the 'lib' compiler option to include 'dom'.
coming-soon/public/js-es2018/dashboard/main.js(1381,28): error TS2584: Cannot find name 'document'. Do you need to change your target library? Try changing the 'lib' compiler option to include 'dom'.
coming-soon/public/js-es2018/dashboard/main.js(1382,26): error TS2584: Cannot find name 'document'. Do you need to change your target library? Try changing the 'lib' compiler option to include 'dom'.
coming-soon/public/js-es2018/dashboard/main.js(1418,46): error TS2339: Property 'location' does not exist on type 'typeof window'.
coming-soon/public/js-es2018/dashboard/main.js(1434,5): error TS2584: Cannot find name 'document'. Do you need to change your target library? Try changing the 'lib' compiler option to include 'dom'.
coming-soon/public/js-es2018/dashboard/main.js(1437,19): error TS2584: Cannot find name 'document'. Do you need to change your target library? Try changing the 'lib' compiler option to include 'dom'.
coming-soon/public/js-es2018/dashboard/main.js(1438,21): error TS2584: Cannot find name 'document'. Do you need to change your target library? Try changing the 'lib' compiler option to include 'dom'.
coming-soon/public/js-es2018/dashboard/main.js(1439,22): error TS2584: Cannot find name 'document'. Do you need to change your target library? Try changing the 'lib' compiler option to include 'dom'.
coming-soon/public/js-es2018/dashboard/main.js(1458,24): error TS2339: Property 'success' does not exist on type 'unknown'.
coming-soon/public/js-es2018/dashboard/main.js(1459,51): error TS2339: Property 'message' does not exist on type 'unknown'.
coming-soon/public/js-es2018/dashboard/main.js(1462,29): error TS2339: Property 'redirectToPricing' does not exist on type 'unknown'.
coming-soon/public/js-es2018/dashboard/main.js(1463,24): error TS2339: Property 'location' does not exist on type 'typeof window'.
coming-soon/public/js-es2018/dashboard/main.js(1467,51): error TS2339: Property 'error' does not exist on type 'unknown'.
coming-soon/public/js-es2018/dashboard/main.js(1482,20): error TS2584: Cannot find name 'document'. Do you need to change your target library? Try changing the 'lib' compiler option to include 'dom'.
coming-soon/public/js-es2018/dashboard/main.js(1486,21): error TS2584: Cannot find name 'document'. Do you need to change your target library? Try changing the 'lib' compiler option to include 'dom'.
coming-soon/public/js-es2018/dashboard/main.js(1488,31): error TS2584: Cannot find name 'document'. Do you need to change your target library? Try changing the 'lib' compiler option to include 'dom'.
coming-soon/public/js-es2018/dashboard/main.js(1516,22): error TS2339: Property 'success' does not exist on type 'unknown'.
coming-soon/public/js-es2018/dashboard/main.js(1516,38): error TS2339: Property 'token' does not exist on type 'unknown'.
coming-soon/public/js-es2018/dashboard/main.js(1517,43): error TS2339: Property 'token' does not exist on type 'unknown'.
coming-soon/public/js-es2018/dashboard/main.js(1518,44): error TS2339: Property 'token' does not exist on type 'unknown'.
coming-soon/public/js-es2018/dashboard/main.js(1525,21): error TS2304: Cannot find name 'history'.
coming-soon/public/js-es2018/dashboard/main.js(1525,88): error TS2339: Property 'token' does not exist on type 'unknown'.
coming-soon/public/js-es2018/dashboard/main.js(1534,67): error TS2339: Property 'error' does not exist on type 'unknown'.
coming-soon/public/js-es2018/dashboard/main.js(1550,24): error TS2584: Cannot find name 'document'. Do you need to change your target library? Try changing the 'lib' compiler option to include 'dom'.
coming-soon/public/js-es2018/dashboard/main.js(1609,13): error TS2588: Cannot assign to 'accountTokens' because it is a constant.
coming-soon/public/js-es2018/dashboard/main.js(1617,26): error TS2584: Cannot find name 'document'. Do you need to change your target library? Try changing the 'lib' compiler option to include 'dom'.
coming-soon/public/js-es2018/dashboard/main.js(1651,21): error TS2584: Cannot find name 'document'. Do you need to change your target library? Try changing the 'lib' compiler option to include 'dom'.
coming-soon/public/js-es2018/dashboard/main.js(1657,19): error TS2584: Cannot find name 'document'. Do you need to change your target library? Try changing the 'lib' compiler option to include 'dom'.
coming-soon/public/js-es2018/dashboard/main.js(1658,19): error TS2584: Cannot find name 'document'. Do you need to change your target library? Try changing the 'lib' compiler option to include 'dom'.
coming-soon/public/js-es2018/dashboard/main.js(1659,19): error TS2584: Cannot find name 'document'. Do you need to change your target library? Try changing the 'lib' compiler option to include 'dom'.
coming-soon/public/js-es2018/dashboard/main.js(1660,19): error TS2584: Cannot find name 'document'. Do you need to change your target library? Try changing the 'lib' compiler option to include 'dom'.
coming-soon/public/js-es2018/dashboard/main.js(1661,19): error TS2584: Cannot find name 'document'. Do you need to change your target library? Try changing the 'lib' compiler option to include 'dom'.
coming-soon/public/js-es2018/dashboard/main.js(1778,31): error TS2339: Property 'renderPreview' does not exist on type 'typeof window'.
coming-soon/public/js-es2018/dashboard/main.js(1779,24): error TS2339: Property 'renderPreview' does not exist on type 'typeof window'.
coming-soon/public/js-es2018/dashboard/main.js(1786,34): error TS2584: Cannot find name 'document'. Do you need to change your target library? Try changing the 'lib' compiler option to include 'dom'.
coming-soon/public/js-es2018/dashboard/main.js(1796,18): error TS2584: Cannot find name 'document'. Do you need to change your target library? Try changing the 'lib' compiler option to include 'dom'.
coming-soon/public/js-es2018/dashboard/main.js(1801,16): error TS2339: Property '_scanPreviewData' does not exist on type 'typeof window'.
coming-soon/public/js-es2018/dashboard/main.js(1802,16): error TS2339: Property '_scanPreviewModules' does not exist on type 'typeof window'.
coming-soon/public/js-es2018/dashboard/main.js(1818,35): error TS2584: Cannot find name 'document'. Do you need to change your target library? Try changing the 'lib' compiler option to include 'dom'.
coming-soon/public/js-es2018/dashboard/main.js(1822,29): error TS2584: Cannot find name 'document'. Do you need to change your target library? Try changing the 'lib' compiler option to include 'dom'.
coming-soon/public/js-es2018/dashboard/main.js(1827,24): error TS2584: Cannot find name 'document'. Do you need to change your target library? Try changing the 'lib' compiler option to include 'dom'.
coming-soon/public/js-es2018/dashboard/main.js(1857,27): error TS2584: Cannot find name 'document'. Do you need to change your target library? Try changing the 'lib' compiler option to include 'dom'.
coming-soon/public/js-es2018/dashboard/main.js(1860,32): error TS2584: Cannot find name 'document'. Do you need to change your target library? Try changing the 'lib' compiler option to include 'dom'.
coming-soon/public/js-es2018/dashboard/main.js(1869,32): error TS2584: Cannot find name 'document'. Do you need to change your target library? Try changing the 'lib' compiler option to include 'dom'.
coming-soon/public/js-es2018/dashboard/main.js(1884,1): error TS2584: Cannot find name 'document'. Do you need to change your target library? Try changing the 'lib' compiler option to include 'dom'.
coming-soon/public/js-es2018/dashboard/main.js(1903,23): error TS2584: Cannot find name 'document'. Do you need to change your target library? Try changing the 'lib' compiler option to include 'dom'.
coming-soon/public/js-es2018/dashboard/main.js(1928,28): error TS2584: Cannot find name 'document'. Do you need to change your target library? Try changing the 'lib' compiler option to include 'dom'.
coming-soon/public/js-es2018/dashboard/main.js(1929,28): error TS2584: Cannot find name 'document'. Do you need to change your target library? Try changing the 'lib' compiler option to include 'dom'.
coming-soon/public/js-es2018/dashboard/main.js(1930,27): error TS2584: Cannot find name 'document'. Do you need to change your target library? Try changing the 'lib' compiler option to include 'dom'.
coming-soon/public/js-es2018/dashboard/main.js(1935,24): error TS2584: Cannot find name 'document'. Do you need to change your target library? Try changing the 'lib' compiler option to include 'dom'.
coming-soon/public/js-es2018/dashboard/main.js(1956,41): error TS2339: Property 'renderPreview' does not exist on type 'typeof window'.
coming-soon/public/js-es2018/dashboard/main.js(1957,20): error TS2339: Property 'renderPreview' does not exist on type 'typeof window'.
coming-soon/public/js-es2018/dashboard/main.js(1991,22): error TS2584: Cannot find name 'document'. Do you need to change your target library? Try changing the 'lib' compiler option to include 'dom'.
coming-soon/public/js-es2018/dashboard/main.js(1992,21): error TS2584: Cannot find name 'document'. Do you need to change your target library? Try changing the 'lib' compiler option to include 'dom'.
coming-soon/public/js-es2018/dashboard/main.js(1993,23): error TS2584: Cannot find name 'document'. Do you need to change your target library? Try changing the 'lib' compiler option to include 'dom'.
coming-soon/public/js-es2018/dashboard/main.js(1994,22): error TS2584: Cannot find name 'document'. Do you need to change your target library? Try changing the 'lib' compiler option to include 'dom'.
coming-soon/public/js-es2018/dashboard/main.js(2017,28): error TS2584: Cannot find name 'document'. Do you need to change your target library? Try changing the 'lib' compiler option to include 'dom'.
coming-soon/public/js-es2018/dashboard/main.js(2018,26): error TS2584: Cannot find name 'document'. Do you need to change your target library? Try changing the 'lib' compiler option to include 'dom'.
coming-soon/public/js-es2018/dashboard/main.js(2021,19): error TS2339: Property 'clipboard' does not exist on type 'Navigator'.
coming-soon/public/js-es2018/dashboard/main.js(2029,25): error TS2584: Cannot find name 'document'. Do you need to change your target library? Try changing the 'lib' compiler option to include 'dom'.
coming-soon/public/js-es2018/dashboard/main.js(2030,24): error TS2584: Cannot find name 'document'. Do you need to change your target library? Try changing the 'lib' compiler option to include 'dom'.
coming-soon/public/js-es2018/dashboard/main.js(2031,26): error TS2584: Cannot find name 'document'. Do you need to change your target library? Try changing the 'lib' compiler option to include 'dom'.
coming-soon/public/js-es2018/dashboard/main.js(2032,25): error TS2584: Cannot find name 'document'. Do you need to change your target library? Try changing the 'lib' compiler option to include 'dom'.
coming-soon/public/js-es2018/dashboard/main.js(2066,43): error TS2339: Property 'isSecureContext' does not exist on type 'typeof window'.
coming-soon/public/js-es2018/dashboard/main.js(2067,18): error TS2339: Property 'isSecureContext' does not exist on type 'typeof window'.
coming-soon/public/js-es2018/dashboard/main.js(2068,11): error TS2304: Cannot find name 'location'.
coming-soon/public/js-es2018/dashboard/main.js(2068,45): error TS2304: Cannot find name 'location'.
coming-soon/public/js-es2018/dashboard/main.js(2068,82): error TS2304: Cannot find name 'location'.
coming-soon/public/js-es2018/dashboard/main.js(2069,16): error TS2304: Cannot find name 'showDirectoryPicker'.
coming-soon/public/js-es2018/dashboard/main.js(2078,9): error TS2304: Cannot find name 'showDirectoryPicker'.
coming-soon/public/js-es2018/dashboard/main.js(2119,25): error TS2584: Cannot find name 'document'. Do you need to change your target library? Try changing the 'lib' compiler option to include 'dom'.
coming-soon/public/js-es2018/dashboard/main.js(2160,31): error TS2584: Cannot find name 'document'. Do you need to change your target library? Try changing the 'lib' compiler option to include 'dom'.
coming-soon/public/js-es2018/dashboard/main.js(2278,30): error TS2584: Cannot find name 'document'. Do you need to change your target library? Try changing the 'lib' compiler option to include 'dom'.
coming-soon/public/js-es2018/dashboard/main.js(2339,39): error TS2584: Cannot find name 'document'. Do you need to change your target library? Try changing the 'lib' compiler option to include 'dom'.
coming-soon/public/js-es2018/dashboard/main.js(2351,21): error TS2584: Cannot find name 'document'. Do you need to change your target library? Try changing the 'lib' compiler option to include 'dom'.
coming-soon/public/js-es2018/dashboard/main.js(2354,13): error TS2584: Cannot find name 'document'. Do you need to change your target library? Try changing the 'lib' compiler option to include 'dom'.
coming-soon/public/js-es2018/dashboard/main.js(2360,13): error TS2584: Cannot find name 'document'. Do you need to change your target library? Try changing the 'lib' compiler option to include 'dom'.
coming-soon/public/js-es2018/dashboard/main.js(2398,20): error TS2339: Property '_scanPreviewData' does not exist on type 'typeof window'.
coming-soon/public/js-es2018/dashboard/main.js(2399,20): error TS2339: Property '_scanPreviewModules' does not exist on type 'typeof window'.
coming-soon/public/js-es2018/dashboard/main.js(2405,31): error TS2339: Property 'processLocalCLIScan' does not exist on type 'typeof window'.
coming-soon/public/js-es2018/dashboard/main.js(2406,30): error TS2339: Property 'processLocalCLIScan' does not exist on type 'typeof window'.
coming-soon/public/js-es2018/dashboard/main.js(2410,1): error TS2584: Cannot find name 'document'. Do you need to change your target library? Try changing the 'lib' compiler option to include 'dom'.
coming-soon/public/js-es2018/dashboard/main.js(2413,26): error TS2584: Cannot find name 'document'. Do you need to change your target library? Try changing the 'lib' compiler option to include 'dom'.
coming-soon/public/js-es2018/dashboard/main.js(2427,20): error TS2584: Cannot find name 'document'. Do you need to change your target library? Try changing the 'lib' compiler option to include 'dom'.
coming-soon/public/js-es2018/dashboard/main.js(2428,19): error TS2584: Cannot find name 'document'. Do you need to change your target library? Try changing the 'lib' compiler option to include 'dom'.
coming-soon/public/js-es2018/dashboard/main.js(2537,24): error TS2304: Cannot find name 'FileReader'.
coming-soon/public/js-es2018/dashboard/main.js(2544,31): error TS2339: Property 'renderPreview' does not exist on type 'typeof window'.
coming-soon/public/js-es2018/dashboard/main.js(2545,24): error TS2339: Property 'renderPreview' does not exist on type 'typeof window'.
coming-soon/public/js-es2018/dashboard/main.js(2550,33): error TS2584: Cannot find name 'document'. Do you need to change your target library? Try changing the 'lib' compiler option to include 'dom'.
coming-soon/public/js-es2018/dashboard/main.js(2561,13): error TS2584: Cannot find name 'document'. Do you need to change your target library? Try changing the 'lib' compiler option to include 'dom'.
coming-soon/public/js-es2018/dashboard/main.js(2720,17): error TS2339: Property 'scanId' does not exist on type '{}'.
coming-soon/public/js-es2018/dashboard/main.js(2731,22): error TS2339: Property 'status' does not exist on type 'unknown'.
coming-soon/public/js-es2018/dashboard/main.js(2732,34): error TS2339: Property 'percent' does not exist on type 'unknown'.
coming-soon/public/js-es2018/dashboard/main.js(2733,83): error TS2339: Property 'current' does not exist on type 'unknown'.
coming-soon/public/js-es2018/dashboard/main.js(2733,111): error TS2339: Property 'total' does not exist on type 'unknown'.
coming-soon/public/js-es2018/dashboard/main.js(2736,22): error TS2339: Property 'status' does not exist on type 'unknown'.
coming-soon/public/js-es2018/dashboard/main.js(2737,67): error TS2339: Property 'error' does not exist on type 'unknown'.
coming-soon/public/js-es2018/dashboard/main.js(2740,22): error TS2339: Property 'status' does not exist on type 'unknown'.
coming-soon/public/js-es2018/dashboard/main.js(2742,26): error TS2339: Property 'reportJson' does not exist on type 'unknown'.
coming-soon/public/js-es2018/dashboard/main.js(2743,39): error TS2339: Property 'reportJson' does not exist on type 'unknown'.
coming-soon/public/js-es2018/dashboard/main.js(2744,39): error TS2339: Property 'renderPreview' does not exist on type 'typeof window'.
coming-soon/public/js-es2018/dashboard/main.js(2745,32): error TS2339: Property 'renderPreview' does not exist on type 'typeof window'.
coming-soon/public/js-es2018/dashboard/main.js(2749,37): error TS2584: Cannot find name 'document'. Do you need to change your target library? Try changing the 'lib' compiler option to include 'dom'.
coming-soon/public/js-es2018/dashboard/main.js(2783,29): error TS2339: Property 'report' does not exist on type 'unknown'.
coming-soon/public/js-es2018/dashboard/main.js(2786,16): error TS2339: Property '_scanPreviewData' does not exist on type 'typeof window'.
coming-soon/public/js-es2018/dashboard/main.js(2787,16): error TS2339: Property '_scanPreviewModules' does not exist on type 'typeof window'.
coming-soon/public/js-es2018/dashboard/main.js(2793,9): error TS2304: Cannot find name 'renderFullReport'.
coming-soon/public/js-es2018/dashboard/main.js(2837,23): error TS2339: Property 'processLocalCLIScan' does not exist on type 'typeof window'.
coming-soon/public/js-es2018/dashboard/main.js(2843,12): error TS2339: Property '_scanPreviewData' does not exist on type 'typeof window'.
coming-soon/public/js-es2018/dashboard/main.js(2844,12): error TS2339: Property '_scanPreviewModules' does not exist on type 'typeof window'.
coming-soon/public/js-es2018/dashboard/main.js(2852,22): error TS2339: Property 'processLocalCLIScan' does not exist on type 'typeof window'.
coming-soon/public/js-es2018/dashboard/main.js(2870,20): error TS2339: Property 'processLocalCLIScan' does not exist on type 'typeof window'.
coming-soon/public/js-es2018/dashboard/main.js(2949,31): error TS2339: Property 'renderPreview' does not exist on type 'typeof window'.
coming-soon/public/js-es2018/dashboard/main.js(2950,24): error TS2339: Property 'renderPreview' does not exist on type 'typeof window'.
coming-soon/public/js-es2018/dashboard/main.js(2973,25): error TS2584: Cannot find name 'document'. Do you need to change your target library? Try changing the 'lib' compiler option to include 'dom'.
coming-soon/public/js-es2018/dashboard/main.js(2974,21): error TS2584: Cannot find name 'document'. Do you need to change your target library? Try changing the 'lib' compiler option to include 'dom'.
coming-soon/public/js-es2018/dashboard/main.js(2975,22): error TS2584: Cannot find name 'document'. Do you need to change your target library? Try changing the 'lib' compiler option to include 'dom'.
coming-soon/public/js-es2018/dashboard/main.js(2976,32): error TS2584: Cannot find name 'document'. Do you need to change your target library? Try changing the 'lib' compiler option to include 'dom'.
coming-soon/public/js-es2018/dashboard/main.js(2977,26): error TS2584: Cannot find name 'document'. Do you need to change your target library? Try changing the 'lib' compiler option to include 'dom'.
coming-soon/public/js-es2018/dashboard/main.js(2980,18): error TS2584: Cannot find name 'document'. Do you need to change your target library? Try changing the 'lib' compiler option to include 'dom'.
coming-soon/public/js-es2018/dashboard/main.js(3029,20): error TS2304: Cannot find name 'openCertCredentialsModal'.
coming-soon/public/js-es2018/dashboard/main.js(3030,13): error TS2304: Cannot find name 'openCertCredentialsModal'.
coming-soon/public/js-es2018/dashboard/main.js(3036,23): error TS2584: Cannot find name 'document'. Do you need to change your target library? Try changing the 'lib' compiler option to include 'dom'.
coming-soon/public/js-es2018/dashboard/main.js(3039,20): error TS2304: Cannot find name 'openCertCredentialsModal'.
coming-soon/public/js-es2018/dashboard/main.js(3040,13): error TS2304: Cannot find name 'openCertCredentialsModal'.
coming-soon/public/js-es2018/dashboard/main.js(3050,25): error TS2584: Cannot find name 'document'. Do you need to change your target library? Try changing the 'lib' compiler option to include 'dom'.
coming-soon/public/js-es2018/dashboard/main.js(3054,25): error TS2304: Cannot find name 'confirm'.
coming-soon/public/js-es2018/dashboard/main.js(3064,29): error TS2584: Cannot find name 'document'. Do you need to change your target library? Try changing the 'lib' compiler option to include 'dom'.
coming-soon/public/js-es2018/dashboard/main.js(3084,21): error TS2584: Cannot find name 'document'. Do you need to change your target library? Try changing the 'lib' compiler option to include 'dom'.
coming-soon/public/js-es2018/dashboard/main.js(3089,19): error TS2339: Property 'clipboard' does not exist on type 'Navigator'.
coming-soon/public/js-es2018/dashboard/main.js(3097,28): error TS2584: Cannot find name 'document'. Do you need to change your target library? Try changing the 'lib' compiler option to include 'dom'.
coming-soon/public/js-es2018/dashboard/main.js(3109,23): error TS2584: Cannot find name 'document'. Do you need to change your target library? Try changing the 'lib' compiler option to include 'dom'.
coming-soon/public/js-es2018/dashboard/main.js(3115,1): error TS2584: Cannot find name 'document'. Do you need to change your target library? Try changing the 'lib' compiler option to include 'dom'.
coming-soon/public/js-es2018/dashboard/main.js(3117,21): error TS2584: Cannot find name 'document'. Do you need to change your target library? Try changing the 'lib' compiler option to include 'dom'.
coming-soon/public/js-es2018/dashboard/main.js(3124,1): error TS2584: Cannot find name 'document'. Do you need to change your target library? Try changing the 'lib' compiler option to include 'dom'.
coming-soon/public/js-es2018/dashboard/main.js(3128,36): error TS2339: Property '_tokenPayload' does not exist on type 'typeof window'.
coming-soon/public/js-es2018/dashboard/main.js(3128,114): error TS2339: Property '_tokenPayload' does not exist on type 'typeof window'.
coming-soon/public/js-es2018/dashboard/main.js(3186,27): error TS2584: Cannot find name 'document'. Do you need to change your target library? Try changing the 'lib' compiler option to include 'dom'.
coming-soon/public/js-es2018/dashboard/main.js(3204,26): error TS2584: Cannot find name 'document'. Do you need to change your target library? Try changing the 'lib' compiler option to include 'dom'.
coming-soon/public/js-es2018/dashboard/main.js(3215,27): error TS2584: Cannot find name 'document'. Do you need to change your target library? Try changing the 'lib' compiler option to include 'dom'.
coming-soon/public/js-es2018/dashboard/main.js(3218,30): error TS2584: Cannot find name 'document'. Do you need to change your target library? Try changing the 'lib' compiler option to include 'dom'.
coming-soon/public/js-es2018/dashboard/main.js(3230,26): error TS2584: Cannot find name 'document'. Do you need to change your target library? Try changing the 'lib' compiler option to include 'dom'.
coming-soon/public/js-es2018/dashboard/main.js(3249,38): error TS2584: Cannot find name 'document'. Do you need to change your target library? Try changing the 'lib' compiler option to include 'dom'.
coming-soon/public/js-es2018/dashboard/main.js(3271,17): error TS2584: Cannot find name 'document'. Do you need to change your target library? Try changing the 'lib' compiler option to include 'dom'.
coming-soon/public/js-es2018/dashboard/main.js(3290,27): error TS2339: Property 'renderPreview' does not exist on type 'typeof window'.
coming-soon/public/js-es2018/dashboard/main.js(3291,20): error TS2339: Property 'renderPreview' does not exist on type 'typeof window'.
coming-soon/public/js-es2018/dashboard/main.js(3295,124): error TS2339: Property 'totalFiles' does not exist on type 'unknown'.
coming-soon/public/js-es2018/dashboard/main.js(3295,145): error TS2339: Property 'filesAnalyzed' does not exist on type 'unknown'.
coming-soon/public/js-es2018/dashboard/main.js(3295,189): error TS2339: Property 'qualityScore' does not exist on type 'unknown'.
coming-soon/public/js-es2018/dashboard/main.js(3295,219): error TS2339: Property 'qualityScore' does not exist on type 'unknown'.
coming-soon/public/js-es2018/dashboard/main.js(3296,52): error TS2339: Property 'totalFiles' does not exist on type 'unknown'.
coming-soon/public/js-es2018/dashboard/main.js(3296,73): error TS2339: Property 'filesAnalyzed' does not exist on type 'unknown'.
coming-soon/public/js-es2018/dashboard/main.js(3314,34): error TS2304: Cannot find name 'location'.
coming-soon/public/js-es2018/dashboard/main.js(3329,28): error TS2584: Cannot find name 'document'. Do you need to change your target library? Try changing the 'lib' compiler option to include 'dom'.
coming-soon/public/js-es2018/dashboard/main.js(3330,26): error TS2584: Cannot find name 'document'. Do you need to change your target library? Try changing the 'lib' compiler option to include 'dom'.
coming-soon/public/js-es2018/dashboard/main.js(3331,31): error TS2584: Cannot find name 'document'. Do you need to change your target library? Try changing the 'lib' compiler option to include 'dom'.
coming-soon/public/js-es2018/dashboard/main.js(3347,18): error TS2584: Cannot find name 'document'. Do you need to change your target library? Try changing the 'lib' compiler option to include 'dom'.
coming-soon/public/js-es2018/dashboard/main.js(3350,18): error TS2584: Cannot find name 'document'. Do you need to change your target library? Try changing the 'lib' compiler option to include 'dom'.
coming-soon/public/js-es2018/dashboard/main.js(3375,23): error TS2584: Cannot find name 'document'. Do you need to change your target library? Try changing the 'lib' compiler option to include 'dom'.
coming-soon/public/js-es2018/dashboard/main.js(3401,25): error TS2584: Cannot find name 'document'. Do you need to change your target library? Try changing the 'lib' compiler option to include 'dom'.
coming-soon/public/js-es2018/dashboard/main.js(3402,25): error TS2584: Cannot find name 'document'. Do you need to change your target library? Try changing the 'lib' compiler option to include 'dom'.
coming-soon/public/js-es2018/dashboard/main.js(3403,23): error TS2584: Cannot find name 'document'. Do you need to change your target library? Try changing the 'lib' compiler option to include 'dom'.
coming-soon/public/js-es2018/dashboard/main.js(3404,18): error TS2584: Cannot find name 'document'. Do you need to change your target library? Try changing the 'lib' compiler option to include 'dom'.
coming-soon/public/js-es2018/dashboard/main.js(3466,99): error TS2339: Property 'scanId' does not exist on type 'unknown'.
coming-soon/public/js-es2018/dashboard/main.js(3481,120): error TS2339: Property 'totalFiles' does not exist on type 'unknown'.
coming-soon/public/js-es2018/dashboard/main.js(3481,140): error TS2339: Property 'totalFiles' does not exist on type 'unknown'.
coming-soon/public/js-es2018/dashboard/main.js(3481,197): error TS2339: Property 'qualityScore' does not exist on type 'unknown'.
coming-soon/public/js-es2018/dashboard/main.js(3481,227): error TS2339: Property 'qualityScore' does not exist on type 'unknown'.
coming-soon/public/js-es2018/dashboard/main.js(3483,27): error TS2339: Property 'renderPreview' does not exist on type 'typeof window'.
coming-soon/public/js-es2018/dashboard/main.js(3484,20): error TS2339: Property 'renderPreview' does not exist on type 'typeof window'.
coming-soon/public/js-es2018/dashboard/main.js(3488,50): error TS2339: Property 'totalFiles' does not exist on type 'unknown'.
coming-soon/public/js-es2018/dashboard/main.js(3488,70): error TS2339: Property 'totalFiles' does not exist on type 'unknown'.
coming-soon/public/js-es2018/dashboard/main.js(3499,19): error TS2584: Cannot find name 'document'. Do you need to change your target library? Try changing the 'lib' compiler option to include 'dom'.
coming-soon/public/js-es2018/dashboard/main.js(3502,23): error TS2584: Cannot find name 'document'. Do you need to change your target library? Try changing the 'lib' compiler option to include 'dom'.
coming-soon/public/js-es2018/dashboard/main.js(3506,5): error TS2584: Cannot find name 'document'. Do you need to change your target library? Try changing the 'lib' compiler option to include 'dom'.
coming-soon/public/js-es2018/dashboard/main.js(3507,45): error TS2304: Cannot find name 'copyToClipboard'.
coming-soon/public/js-es2018/dashboard/main.js(3509,40): error TS2584: Cannot find name 'document'. Do you need to change your target library? Try changing the 'lib' compiler option to include 'dom'.
coming-soon/public/js-es2018/dashboard/main.js(3513,26): error TS2584: Cannot find name 'document'. Do you need to change your target library? Try changing the 'lib' compiler option to include 'dom'.
coming-soon/public/js-es2018/dashboard/main.js(3518,26): error TS2584: Cannot find name 'document'. Do you need to change your target library? Try changing the 'lib' compiler option to include 'dom'.
coming-soon/public/js-es2018/dashboard/main.js(3522,17): error TS2304: Cannot find name 'toggleModuleDropdown'.
coming-soon/public/js-es2018/dashboard/main.js(3528,17): error TS2304: Cannot find name 'toggleModuleDropdown'.
coming-soon/public/js-es2018/dashboard/main.js(3532,5): error TS2584: Cannot find name 'document'. Do you need to change your target library? Try changing the 'lib' compiler option to include 'dom'.
coming-soon/public/js-es2018/dashboard/main.js(3537,28): error TS2584: Cannot find name 'document'. Do you need to change your target library? Try changing the 'lib' compiler option to include 'dom'.
coming-soon/public/js-es2018/dashboard/main.js(3540,13): error TS2584: Cannot find name 'document'. Do you need to change your target library? Try changing the 'lib' compiler option to include 'dom'.
coming-soon/public/js-es2018/dashboard/main.js(3541,13): error TS2584: Cannot find name 'document'. Do you need to change your target library? Try changing the 'lib' compiler option to include 'dom'.
coming-soon/public/js-es2018/dashboard/main.js(3544,25): error TS2584: Cannot find name 'document'. Do you need to change your target library? Try changing the 'lib' compiler option to include 'dom'.
coming-soon/public/js-es2018/dashboard/main.js(3555,17): error TS2584: Cannot find name 'document'. Do you need to change your target library? Try changing the 'lib' compiler option to include 'dom'.
coming-soon/public/js-es2018/dashboard/main.js(3567,22): error TS2584: Cannot find name 'document'. Do you need to change your target library? Try changing the 'lib' compiler option to include 'dom'.
coming-soon/public/js-es2018/dashboard/main.js(3576,5): error TS2584: Cannot find name 'document'. Do you need to change your target library? Try changing the 'lib' compiler option to include 'dom'.
coming-soon/public/js-es2018/dashboard/main.js(3577,5): error TS2584: Cannot find name 'document'. Do you need to change your target library? Try changing the 'lib' compiler option to include 'dom'.
coming-soon/public/js-es2018/dashboard/main.js(3587,41): error TS2339: Property 'currentReport' does not exist on type 'typeof window'.
coming-soon/public/js-es2018/dashboard/main.js(3587,80): error TS2339: Property 'currentReport' does not exist on type 'typeof window'.
coming-soon/public/js-es2018/dashboard/main.js(3587,120): error TS2339: Property 'lastScanReport' does not exist on type 'typeof window'.
coming-soon/public/js-es2018/dashboard/main.js(3587,160): error TS2339: Property 'lastScanReport' does not exist on type 'typeof window'.
coming-soon/public/js-es2018/dashboard/main.js(3594,31): error TS2339: Property '__postReportToVsCode' does not exist on type 'typeof window'.
coming-soon/public/js-es2018/dashboard/main.js(3595,24): error TS2339: Property '__postReportToVsCode' does not exist on type 'typeof window'.
coming-soon/public/js-es2018/dashboard/main.js(3609,51): error TS2339: Property 'location' does not exist on type 'typeof window'.
coming-soon/public/js-es2018/dashboard/main.js(3622,31): error TS2339: Property 'renderPreview' does not exist on type 'typeof window'.
coming-soon/public/js-es2018/dashboard/main.js(3623,24): error TS2339: Property 'renderPreview' does not exist on type 'typeof window'.
coming-soon/public/js-es2018/dashboard/main.js(3624,33): error TS2584: Cannot find name 'document'. Do you need to change your target library? Try changing the 'lib' compiler option to include 'dom'.
coming-soon/public/js-es2018/dashboard/phase-registry.js(158,12): error TS2339: Property 'PHASE_REGISTRY' does not exist on type 'typeof window'.
coming-soon/public/js-es2018/dashboard/phase-registry.js(159,12): error TS2339: Property 'computePhaseMetrics' does not exist on type 'typeof window'.
coming-soon/public/js-es2018/dashboard/scanner-engine.js(449,7): error TS2451: Cannot redeclare block-scoped variable 'REPORT_SECTION_SCHEMA'.
coming-soon/public/js-es2018/dashboard/scanner-engine.js(584,7): error TS2451: Cannot redeclare block-scoped variable 'CATEGORY_COLLECTORS'.
coming-soon/public/js-es2018/dashboard/scanner-engine.js(1208,12): error TS2339: Property '_scanPreviewData' does not exist on type 'typeof window'.
coming-soon/public/js-es2018/dashboard/scanner-engine.js(1209,12): error TS2339: Property '_scanPreviewModules' does not exist on type 'typeof window'.
coming-soon/public/js-es2018/dashboard/scanner-engine.js(1212,31): error TS2584: Cannot find name 'document'. Do you need to change your target library? Try changing the 'lib' compiler option to include 'dom'.
coming-soon/public/js-es2018/dashboard/scanner-engine.js(1335,23): error TS2584: Cannot find name 'document'. Do you need to change your target library? Try changing the 'lib' compiler option to include 'dom'.
coming-soon/public/js-es2018/dashboard/scanner-engine.js(1345,28): error TS2584: Cannot find name 'document'. Do you need to change your target library? Try changing the 'lib' compiler option to include 'dom'.
coming-soon/public/js-es2018/dashboard/scanner-engine.js(1350,28): error TS2584: Cannot find name 'document'. Do you need to change your target library? Try changing the 'lib' compiler option to include 'dom'.
coming-soon/public/js-es2018/dashboard/scanner-engine.js(1364,27): error TS2584: Cannot find name 'document'. Do you need to change your target library? Try changing the 'lib' compiler option to include 'dom'.
coming-soon/public/js-es2018/dashboard/scanner-engine.js(1367,17): error TS2584: Cannot find name 'document'. Do you need to change your target library? Try changing the 'lib' compiler option to include 'dom'.
coming-soon/public/js-es2018/dashboard/scanner-engine.js(1369,17): error TS2584: Cannot find name 'document'. Do you need to change your target library? Try changing the 'lib' compiler option to include 'dom'.
coming-soon/public/js-es2018/dashboard/scanner-engine.js(1378,24): error TS2584: Cannot find name 'document'. Do you need to change your target library? Try changing the 'lib' compiler option to include 'dom'.
coming-soon/public/js-es2018/dashboard/scanner-engine.js(1382,24): error TS2584: Cannot find name 'document'. Do you need to change your target library? Try changing the 'lib' compiler option to include 'dom'.
coming-soon/public/js-es2018/dashboard/scanner-engine.js(1401,27): error TS2339: Property 'clipboard' does not exist on type 'Navigator'.
coming-soon/public/js-es2018/dashboard/scanner-engine.js(1401,50): error TS2339: Property 'clipboard' does not exist on type 'Navigator'.
coming-soon/public/js-es2018/dashboard/scanner-engine.js(1402,27): error TS2339: Property 'clipboard' does not exist on type 'Navigator'.
coming-soon/public/js-es2018/dashboard/scanner-engine.js(1414,24): error TS2584: Cannot find name 'document'. Do you need to change your target library? Try changing the 'lib' compiler option to include 'dom'.
coming-soon/public/js-es2018/dashboard/scanner-engine.js(1418,13): error TS2584: Cannot find name 'document'. Do you need to change your target library? Try changing the 'lib' compiler option to include 'dom'.
coming-soon/public/js-es2018/dashboard/scanner-engine.js(1421,24): error TS2584: Cannot find name 'document'. Do you need to change your target library? Try changing the 'lib' compiler option to include 'dom'.
coming-soon/public/js-es2018/dashboard/scanner-engine.js(1422,13): error TS2584: Cannot find name 'document'. Do you need to change your target library? Try changing the 'lib' compiler option to include 'dom'.
coming-soon/public/js-es2018/dashboard/scanner-engine.js(1437,36): error TS2339: Property '_tokenPayload' does not exist on type 'typeof window'.
coming-soon/public/js-es2018/dashboard/scanner-engine.js(1437,114): error TS2339: Property '_tokenPayload' does not exist on type 'typeof window'.
coming-soon/public/js-es2018/dashboard/scanner-engine.js(1441,35): error TS2584: Cannot find name 'document'. Do you need to change your target library? Try changing the 'lib' compiler option to include 'dom'.
coming-soon/public/js-es2018/dashboard/scanner-engine.js(1447,36): error TS2584: Cannot find name 'document'. Do you need to change your target library? Try changing the 'lib' compiler option to include 'dom'.
coming-soon/public/js-es2018/dashboard/scanner-engine.js(1448,33): error TS2584: Cannot find name 'document'. Do you need to change your target library? Try changing the 'lib' compiler option to include 'dom'.
coming-soon/public/js-es2018/dashboard/scanner-engine.js(1623,53): error TS2339: Property '_scanOptions' does not exist on type 'typeof window'.
coming-soon/public/js-es2018/dashboard/scanner-engine.js(1680,31): error TS2584: Cannot find name 'document'. Do you need to change your target library? Try changing the 'lib' compiler option to include 'dom'.
coming-soon/public/js-es2018/dashboard/scanner-engine.js(1740,50): error TS2304: Cannot find name 'Worker'.
coming-soon/public/js-es2018/dashboard/scanner-engine.js(1742,34): error TS2304: Cannot find name 'Worker'.
coming-soon/public/js-es2018/dashboard/scanner-engine.js(1841,36): error TS2304: Cannot find name 'FileReader'.
coming-soon/public/js-es2018/dashboard/scanner-engine.js(2737,27): error TS2339: Property 'reportType' does not exist on type '{ label: string; help: string; note: string; reportType: string; title: string; checkAi: boolean; checkCredentials: boolean; checkDebug: number; checkGov: boolean; checkEuAi: boolean; checkAiResidue: boolean; } | { ...; }'.
  Property 'reportType' does not exist on type '{ label: string; checkAi: true; checkCredentials: true; checkDebug: boolean; checkGov: true; checkAiResidue: true; }'.
coming-soon/public/js-es2018/dashboard/scanner-engine.js(2743,32): error TS2551: Property 'checkEuAi' does not exist on type '{ label: string; help: string; note: string; reportType: string; title: string; checkAi: boolean; checkCredentials: boolean; checkDebug: number; checkGov: boolean; checkEuAi: boolean; checkAiResidue: boolean; } | { ...; }'. Did you mean 'checkAi'?
  Property 'checkEuAi' does not exist on type '{ label: string; checkAi: true; checkCredentials: true; checkDebug: boolean; checkGov: true; checkAiResidue: true; }'.
coming-soon/public/js-es2018/dashboard/scanner-engine.js(2921,13): error TS1117: An object literal cannot have multiple properties with the same name.
coming-soon/public/js-es2018/dashboard/scanner-engine.js(3203,28): error TS2339: Property 'title' does not exist on type '{ label: string; help: string; note: string; reportType: string; title: string; checkAi: boolean; checkCredentials: boolean; checkDebug: number; checkGov: boolean; checkEuAi: boolean; checkAiResidue: boolean; } | { ...; }'.
  Property 'title' does not exist on type '{ label: string; checkAi: true; checkCredentials: true; checkDebug: boolean; checkGov: true; checkAiResidue: true; }'.
coming-soon/public/js-es2018/dashboard/scanner-engine.js(3204,13): error TS1117: An object literal cannot have multiple properties with the same name.
coming-soon/public/js-es2018/dashboard/scanner-engine.js(3212,13): error TS1117: An object literal cannot have multiple properties with the same name.
coming-soon/public/js-es2018/dashboard/scanner-engine.js(3253,59): error TS2769: No overload matches this call.
  Overload 1 of 2, '(...items: ConcatArray<{ description: string; type: string; location: any; isStructured: boolean; }>[]): { description: string; type: string; location: any; isStructured: boolean; }[]', gave the following error.
    Argument of type '{ description: string; type: string; codeSnippet: string; isStructured: boolean; }[]' is not assignable to parameter of type 'ConcatArray<{ description: string; type: string; location: any; isStructured: boolean; }>'.
      The types returned by 'slice(...)' are incompatible between these types.
        Type '{ description: string; type: string; codeSnippet: string; isStructured: boolean; }[]' is not assignable to type '{ description: string; type: string; location: any; isStructured: boolean; }[]'.
          Property 'location' is missing in type '{ description: string; type: string; codeSnippet: string; isStructured: boolean; }' but required in type '{ description: string; type: string; location: any; isStructured: boolean; }'.
  Overload 2 of 2, '(...items: ({ description: string; type: string; location: any; isStructured: boolean; } | ConcatArray<{ description: string; type: string; location: any; isStructured: boolean; }>)[]): { ...; }[]', gave the following error.
    Argument of type '{ description: string; type: string; codeSnippet: string; isStructured: boolean; }[]' is not assignable to parameter of type '{ description: string; type: string; location: any; isStructured: boolean; } | ConcatArray<{ description: string; type: string; location: any; isStructured: boolean; }>'.
      Type '{ description: string; type: string; codeSnippet: string; isStructured: boolean; }[]' is not assignable to type 'ConcatArray<{ description: string; type: string; location: any; isStructured: boolean; }>'.
        The types returned by 'slice(...)' are incompatible between these types.
          Type '{ description: string; type: string; codeSnippet: string; isStructured: boolean; }[]' is not assignable to type '{ description: string; type: string; location: any; isStructured: boolean; }[]'.
            Property 'location' is missing in type '{ description: string; type: string; codeSnippet: string; isStructured: boolean; }' but required in type '{ description: string; type: string; location: any; isStructured: boolean; }'.
coming-soon/public/js-es2018/dashboard/scanner-engine.js(3293,76): error TS2769: No overload matches this call.
  Overload 1 of 2, '(...items: ConcatArray<{ description: string; type: string; location: any; isStructured: boolean; }>[]): { description: string; type: string; location: any; isStructured: boolean; }[]', gave the following error.
    Argument of type '{ description: string; type: string; codeSnippet: string; isStructured: boolean; }[]' is not assignable to parameter of type 'ConcatArray<{ description: string; type: string; location: any; isStructured: boolean; }>'.
      The types returned by 'slice(...)' are incompatible between these types.
        Type '{ description: string; type: string; codeSnippet: string; isStructured: boolean; }[]' is not assignable to type '{ description: string; type: string; location: any; isStructured: boolean; }[]'.
          Property 'location' is missing in type '{ description: string; type: string; codeSnippet: string; isStructured: boolean; }' but required in type '{ description: string; type: string; location: any; isStructured: boolean; }'.
  Overload 2 of 2, '(...items: ({ description: string; type: string; location: any; isStructured: boolean; } | ConcatArray<{ description: string; type: string; location: any; isStructured: boolean; }>)[]): { ...; }[]', gave the following error.
    Argument of type '{ description: string; type: string; codeSnippet: string; isStructured: boolean; }[]' is not assignable to parameter of type '{ description: string; type: string; location: any; isStructured: boolean; } | ConcatArray<{ description: string; type: string; location: any; isStructured: boolean; }>'.
      Type '{ description: string; type: string; codeSnippet: string; isStructured: boolean; }[]' is not assignable to type 'ConcatArray<{ description: string; type: string; location: any; isStructured: boolean; }>'.
        The types returned by 'slice(...)' are incompatible between these types.
          Type '{ description: string; type: string; codeSnippet: string; isStructured: boolean; }[]' is not assignable to type '{ description: string; type: string; location: any; isStructured: boolean; }[]'.
            Property 'location' is missing in type '{ description: string; type: string; codeSnippet: string; isStructured: boolean; }' but required in type '{ description: string; type: string; location: any; isStructured: boolean; }'.
coming-soon/public/js-es2018/dashboard/scanner-engine.js(3345,85): error TS2769: No overload matches this call.
  Overload 1 of 2, '(...items: ConcatArray<{ description: string; type: string; location: any; isStructured: boolean; }>[]): { description: string; type: string; location: any; isStructured: boolean; }[]', gave the following error.
    Argument of type '({ description: string; type: string; codeSnippet: string; isStructured: boolean; } | { description: string; type: string; isStructured: boolean; })[]' is not assignable to parameter of type 'ConcatArray<{ description: string; type: string; location: any; isStructured: boolean; }>'.
      The types returned by 'slice(...)' are incompatible between these types.
        Type '({ description: string; type: string; codeSnippet: string; isStructured: boolean; } | { description: string; type: string; isStructured: boolean; })[]' is not assignable to type '{ description: string; type: string; location: any; isStructured: boolean; }[]'.
          Type '{ description: string; type: string; codeSnippet: string; isStructured: boolean; } | { description: string; type: string; isStructured: boolean; }' is not assignable to type '{ description: string; type: string; location: any; isStructured: boolean; }'.
            Property 'location' is missing in type '{ description: string; type: string; codeSnippet: string; isStructured: boolean; }' but required in type '{ description: string; type: string; location: any; isStructured: boolean; }'.
  Overload 2 of 2, '(...items: ({ description: string; type: string; location: any; isStructured: boolean; } | ConcatArray<{ description: string; type: string; location: any; isStructured: boolean; }>)[]): { ...; }[]', gave the following error.
    Argument of type '({ description: string; type: string; codeSnippet: string; isStructured: boolean; } | { description: string; type: string; isStructured: boolean; })[]' is not assignable to parameter of type '{ description: string; type: string; location: any; isStructured: boolean; } | ConcatArray<{ description: string; type: string; location: any; isStructured: boolean; }>'.
      Type '({ description: string; type: string; codeSnippet: string; isStructured: boolean; } | { description: string; type: string; isStructured: boolean; })[]' is not assignable to type 'ConcatArray<{ description: string; type: string; location: any; isStructured: boolean; }>'.
        The types returned by 'slice(...)' are incompatible between these types.
          Type '({ description: string; type: string; codeSnippet: string; isStructured: boolean; } | { description: string; type: string; isStructured: boolean; })[]' is not assignable to type '{ description: string; type: string; location: any; isStructured: boolean; }[]'.
            Type '{ description: string; type: string; codeSnippet: string; isStructured: boolean; } | { description: string; type: string; isStructured: boolean; }' is not assignable to type '{ description: string; type: string; location: any; isStructured: boolean; }'.
              Property 'location' is missing in type '{ description: string; type: string; codeSnippet: string; isStructured: boolean; }' but required in type '{ description: string; type: string; location: any; isStructured: boolean; }'.
coming-soon/public/js-es2018/dashboard/scanner-engine.js(3354,59): error TS2769: No overload matches this call.
  Overload 1 of 2, '(...items: ConcatArray<{ description: string; type: string; location: any; isStructured: boolean; }>[]): { description: string; type: string; location: any; isStructured: boolean; }[]', gave the following error.
    Argument of type '{ description: string; type: string; codeSnippet: string; isStructured: boolean; }[]' is not assignable to parameter of type 'ConcatArray<{ description: string; type: string; location: any; isStructured: boolean; }>'.
      The types returned by 'slice(...)' are incompatible between these types.
        Type '{ description: string; type: string; codeSnippet: string; isStructured: boolean; }[]' is not assignable to type '{ description: string; type: string; location: any; isStructured: boolean; }[]'.
          Property 'location' is missing in type '{ description: string; type: string; codeSnippet: string; isStructured: boolean; }' but required in type '{ description: string; type: string; location: any; isStructured: boolean; }'.
  Overload 2 of 2, '(...items: ({ description: string; type: string; location: any; isStructured: boolean; } | ConcatArray<{ description: string; type: string; location: any; isStructured: boolean; }>)[]): { ...; }[]', gave the following error.
    Argument of type '{ description: string; type: string; codeSnippet: string; isStructured: boolean; }[]' is not assignable to parameter of type '{ description: string; type: string; location: any; isStructured: boolean; } | ConcatArray<{ description: string; type: string; location: any; isStructured: boolean; }>'.
      Type '{ description: string; type: string; codeSnippet: string; isStructured: boolean; }[]' is not assignable to type 'ConcatArray<{ description: string; type: string; location: any; isStructured: boolean; }>'.
        The types returned by 'slice(...)' are incompatible between these types.
          Type '{ description: string; type: string; codeSnippet: string; isStructured: boolean; }[]' is not assignable to type '{ description: string; type: string; location: any; isStructured: boolean; }[]'.
            Property 'location' is missing in type '{ description: string; type: string; codeSnippet: string; isStructured: boolean; }' but required in type '{ description: string; type: string; location: any; isStructured: boolean; }'.
coming-soon/public/js-es2018/dashboard/scanner-engine.js(3402,13): error TS2584: Cannot find name 'document'. Do you need to change your target library? Try changing the 'lib' compiler option to include 'dom'.
coming-soon/public/js-es2018/dashboard/scanner-engine.js(3423,32): error TS2584: Cannot find name 'document'. Do you need to change your target library? Try changing the 'lib' compiler option to include 'dom'.
coming-soon/public/js-es2018/dashboard/scanner-engine.js(3426,29): error TS2584: Cannot find name 'document'. Do you need to change your target library? Try changing the 'lib' compiler option to include 'dom'.
coming-soon/public/js-es2018/dashboard/scanner-engine.js(3435,27): error TS2584: Cannot find name 'document'. Do you need to change your target library? Try changing the 'lib' compiler option to include 'dom'.
coming-soon/public/js-es2018/dashboard/scanner-engine.js(3437,26): error TS2584: Cannot find name 'document'. Do you need to change your target library? Try changing the 'lib' compiler option to include 'dom'.
coming-soon/public/js-es2018/dashboard/scanner-engine.js(3440,26): error TS2584: Cannot find name 'document'. Do you need to change your target library? Try changing the 'lib' compiler option to include 'dom'.
coming-soon/public/js-es2018/dashboard/scanner-engine.js(3441,27): error TS2584: Cannot find name 'document'. Do you need to change your target library? Try changing the 'lib' compiler option to include 'dom'.
coming-soon/public/js-es2018/dashboard/scanner-engine.js(3444,25): error TS2584: Cannot find name 'document'. Do you need to change your target library? Try changing the 'lib' compiler option to include 'dom'.
coming-soon/public/js-es2018/dashboard/scanner-engine.js(3451,25): error TS2584: Cannot find name 'document'. Do you need to change your target library? Try changing the 'lib' compiler option to include 'dom'.
coming-soon/public/js-es2018/dashboard/scanner-engine.js(3453,25): error TS2584: Cannot find name 'document'. Do you need to change your target library? Try changing the 'lib' compiler option to include 'dom'.
coming-soon/public/js-es2018/dashboard/scanner-engine.js(3456,21): error TS2584: Cannot find name 'document'. Do you need to change your target library? Try changing the 'lib' compiler option to include 'dom'.
coming-soon/public/js-es2018/dashboard/scanner-engine.js(3461,29): error TS2584: Cannot find name 'document'. Do you need to change your target library? Try changing the 'lib' compiler option to include 'dom'.
coming-soon/public/js-es2018/dashboard/scanner-engine.js(3465,25): error TS2584: Cannot find name 'document'. Do you need to change your target library? Try changing the 'lib' compiler option to include 'dom'.
coming-soon/public/js-es2018/dashboard/scanner-engine.js(3468,33): error TS2584: Cannot find name 'document'. Do you need to change your target library? Try changing the 'lib' compiler option to include 'dom'.
coming-soon/public/js-es2018/dashboard/scanner-engine.js(3473,9): error TS2584: Cannot find name 'document'. Do you need to change your target library? Try changing the 'lib' compiler option to include 'dom'.
coming-soon/public/js-es2018/dashboard/scanner-engine.js(3476,23): error TS2584: Cannot find name 'document'. Do you need to change your target library? Try changing the 'lib' compiler option to include 'dom'.
coming-soon/public/js-es2018/dashboard/scanner-engine.js(3479,13): error TS2584: Cannot find name 'document'. Do you need to change your target library? Try changing the 'lib' compiler option to include 'dom'.
coming-soon/public/js-es2018/dashboard/scanner-engine.js(3499,27): error TS2584: Cannot find name 'document'. Do you need to change your target library? Try changing the 'lib' compiler option to include 'dom'.
coming-soon/public/js-es2018/dashboard/scanner-engine.js(3502,32): error TS2584: Cannot find name 'document'. Do you need to change your target library? Try changing the 'lib' compiler option to include 'dom'.
coming-soon/public/js-es2018/dashboard/scanner-engine.js(3509,12): error TS2339: Property 'extractMatches' does not exist on type 'typeof window'.
coming-soon/public/js-es2018/dashboard/scanner-engine.js(3510,12): error TS2339: Property 'processLocalCLIScan' does not exist on type 'typeof window'.
coming-soon/public/js-es2018/dashboard/scanner-patterns.js(5,7): error TS2451: Cannot redeclare block-scoped variable 'LANGUAGE_REGISTRY'.
coming-soon/public/js-es2018/dashboard/scanner-patterns.js(122,7): error TS2451: Cannot redeclare block-scoped variable 'PATTERN_REGISTRY'.
coming-soon/public/js-es2018/dashboard/scanner-patterns.js(1506,7): error TS2451: Cannot redeclare block-scoped variable 'ANALYZER_SCHEMA'.
coming-soon/public/js-es2018/dashboard/scanner-patterns.js(1599,7): error TS2451: Cannot redeclare block-scoped variable 'EXCLUSION_RULES'.
coming-soon/public/js-es2018/dashboard/scanner-patterns.js(1607,12): error TS2339: Property 'LANGUAGE_REGISTRY' does not exist on type 'typeof window'.
coming-soon/public/js-es2018/dashboard/scanner-patterns.js(1608,12): error TS2339: Property 'PATTERN_REGISTRY' does not exist on type 'typeof window'.
coming-soon/public/js-es2018/dashboard/scanner-patterns.js(1609,12): error TS2339: Property 'ANALYZER_SCHEMA' does not exist on type 'typeof window'.
coming-soon/public/js-es2018/dashboard/scanner-patterns.js(1610,12): error TS2339: Property 'EXCLUSION_RULES' does not exist on type 'typeof window'.
coming-soon/public/js-es2018/dashboard/token-file-system.js(14,44): error TS2584: Cannot find name 'document'. Do you need to change your target library? Try changing the 'lib' compiler option to include 'dom'.
coming-soon/public/js-es2018/dashboard/token-file-system.js(144,23): error TS2584: Cannot find name 'document'. Do you need to change your target library? Try changing the 'lib' compiler option to include 'dom'.
coming-soon/public/js-es2018/dashboard/token-file-system.js(147,13): error TS2584: Cannot find name 'document'. Do you need to change your target library? Try changing the 'lib' compiler option to include 'dom'.
coming-soon/public/js-es2018/dashboard/token-file-system.js(154,27): error TS2584: Cannot find name 'document'. Do you need to change your target library? Try changing the 'lib' compiler option to include 'dom'.
coming-soon/public/js-es2018/dashboard/token-file-system.js(165,24): error TS2584: Cannot find name 'document'. Do you need to change your target library? Try changing the 'lib' compiler option to include 'dom'.
coming-soon/public/js-es2018/dashboard/token-file-system.js(187,27): error TS2584: Cannot find name 'document'. Do you need to change your target library? Try changing the 'lib' compiler option to include 'dom'.
coming-soon/public/js-es2018/dashboard/token-file-system.js(190,26): error TS2584: Cannot find name 'document'. Do you need to change your target library? Try changing the 'lib' compiler option to include 'dom'.
coming-soon/public/js-es2018/dashboard/token-file-system.js(195,25): error TS2584: Cannot find name 'document'. Do you need to change your target library? Try changing the 'lib' compiler option to include 'dom'.
coming-soon/public/js-es2018/dashboard/token-file-system.js(197,24): error TS2584: Cannot find name 'document'. Do you need to change your target library? Try changing the 'lib' compiler option to include 'dom'.
coming-soon/public/js-es2018/dashboard/token-file-system.js(201,24): error TS2584: Cannot find name 'document'. Do you need to change your target library? Try changing the 'lib' compiler option to include 'dom'.
coming-soon/public/js-es2018/dashboard/token-file-system.js(204,28): error TS2584: Cannot find name 'document'. Do you need to change your target library? Try changing the 'lib' compiler option to include 'dom'.
coming-soon/public/js-es2018/dashboard/token-file-system.js(205,24): error TS2584: Cannot find name 'document'. Do you need to change your target library? Try changing the 'lib' compiler option to include 'dom'.
coming-soon/public/js-es2018/dashboard/token-file-system.js(208,28): error TS2584: Cannot find name 'document'. Do you need to change your target library? Try changing the 'lib' compiler option to include 'dom'.
coming-soon/public/js-es2018/dashboard/token-file-system.js(209,24): error TS2584: Cannot find name 'document'. Do you need to change your target library? Try changing the 'lib' compiler option to include 'dom'.
coming-soon/public/js-es2018/dashboard/token-file-system.js(212,25): error TS2584: Cannot find name 'document'. Do you need to change your target library? Try changing the 'lib' compiler option to include 'dom'.
coming-soon/public/js-es2018/dashboard/token-file-system.js(228,32): error TS2304: Cannot find name 'FileReader'.
coming-soon/public/js-es2018/dashboard/token-file-system.js(262,20): error TS2584: Cannot find name 'document'. Do you need to change your target library? Try changing the 'lib' compiler option to include 'dom'.
coming-soon/public/js-es2018/dashboard/token-file-system.js(270,27): error TS2584: Cannot find name 'document'. Do you need to change your target library? Try changing the 'lib' compiler option to include 'dom'.
coming-soon/public/js-es2018/dashboard/token-file-system.js(273,21): error TS2584: Cannot find name 'document'. Do you need to change your target library? Try changing the 'lib' compiler option to include 'dom'.
coming-soon/public/js-es2018/dashboard/token-file-system.js(286,32): error TS2304: Cannot find name 'FileReader'.
coming-soon/public/js-es2018/dashboard/token-file-system.js(304,27): error TS2584: Cannot find name 'document'. Do you need to change your target library? Try changing the 'lib' compiler option to include 'dom'.
coming-soon/public/js-es2018/dashboard/token-file-system.js(307,22): error TS2584: Cannot find name 'document'. Do you need to change your target library? Try changing the 'lib' compiler option to include 'dom'.
coming-soon/public/js-es2018/dashboard/token-file-system.js(329,12): error TS2339: Property 'TokenFileSystem' does not exist on type 'typeof window'.
coming-soon/public/js-es2018/dashboard/token-manager.js(3,1): error TS6200: Definitions of the following identifiers conflict with those in another file: licenseInput, browserScanProfile, scanProfileHelp, analyzerCardGrid, selectAllModules, selectAllCount, PRODUCT_CONFIG, TIER_PROFILES, ALL_MODULES, TIER_MODULE_MAP, numToId, selectedModules, ANALYZER_PRESETS
coming-soon/public/js-es2018/dashboard/token-manager.js(3,40): error TS2584: Cannot find name 'document'. Do you need to change your target library? Try changing the 'lib' compiler option to include 'dom'.
coming-soon/public/js-es2018/dashboard/token-manager.js(39,22): error TS2584: Cannot find name 'document'. Do you need to change your target library? Try changing the 'lib' compiler option to include 'dom'.
coming-soon/public/js-es2018/dashboard/token-manager.js(40,28): error TS2584: Cannot find name 'document'. Do you need to change your target library? Try changing the 'lib' compiler option to include 'dom'.
coming-soon/public/js-es2018/dashboard/token-manager.js(41,25): error TS2584: Cannot find name 'document'. Do you need to change your target library? Try changing the 'lib' compiler option to include 'dom'.
coming-soon/public/js-es2018/dashboard/token-manager.js(42,26): error TS2584: Cannot find name 'document'. Do you need to change your target library? Try changing the 'lib' compiler option to include 'dom'.
coming-soon/public/js-es2018/dashboard/token-manager.js(43,26): error TS2584: Cannot find name 'document'. Do you need to change your target library? Try changing the 'lib' compiler option to include 'dom'.
coming-soon/public/js-es2018/dashboard/token-manager.js(44,24): error TS2584: Cannot find name 'document'. Do you need to change your target library? Try changing the 'lib' compiler option to include 'dom'.
coming-soon/public/js-es2018/dashboard/token-manager.js(102,21): error TS2584: Cannot find name 'document'. Do you need to change your target library? Try changing the 'lib' compiler option to include 'dom'.
coming-soon/public/js-es2018/dashboard/token-manager.js(147,22): error TS2584: Cannot find name 'document'. Do you need to change your target library? Try changing the 'lib' compiler option to include 'dom'.
coming-soon/public/js-es2018/dashboard/token-manager.js(209,26): error TS2584: Cannot find name 'document'. Do you need to change your target library? Try changing the 'lib' compiler option to include 'dom'.
coming-soon/public/js-es2018/dashboard/token-manager.js(249,19): error TS2584: Cannot find name 'document'. Do you need to change your target library? Try changing the 'lib' compiler option to include 'dom'.
coming-soon/public/js-es2018/dashboard/token-manager.js(250,23): error TS2584: Cannot find name 'document'. Do you need to change your target library? Try changing the 'lib' compiler option to include 'dom'.
coming-soon/public/js-es2018/dashboard/token-manager.js(251,20): error TS2584: Cannot find name 'document'. Do you need to change your target library? Try changing the 'lib' compiler option to include 'dom'.
coming-soon/public/js-es2018/dashboard/token-manager.js(252,21): error TS2584: Cannot find name 'document'. Do you need to change your target library? Try changing the 'lib' compiler option to include 'dom'.
coming-soon/public/js-es2018/dashboard/token-manager.js(253,24): error TS2584: Cannot find name 'document'. Do you need to change your target library? Try changing the 'lib' compiler option to include 'dom'.
coming-soon/public/js-es2018/dashboard/token-manager.js(254,19): error TS2584: Cannot find name 'document'. Do you need to change your target library? Try changing the 'lib' compiler option to include 'dom'.
coming-soon/public/js-es2018/dashboard/token-manager.js(328,20): error TS2584: Cannot find name 'document'. Do you need to change your target library? Try changing the 'lib' compiler option to include 'dom'.
coming-soon/public/js-es2018/dashboard/token-manager.js(330,16): error TS2339: Property '_tokenPayload' does not exist on type 'typeof window'.
coming-soon/public/js-es2018/dashboard/token-manager.js(336,26): error TS2584: Cannot find name 'document'. Do you need to change your target library? Try changing the 'lib' compiler option to include 'dom'.
coming-soon/public/js-es2018/dashboard/token-manager.js(339,9): error TS2584: Cannot find name 'document'. Do you need to change your target library? Try changing the 'lib' compiler option to include 'dom'.
coming-soon/public/js-es2018/dashboard/token-manager.js(340,9): error TS2584: Cannot find name 'document'. Do you need to change your target library? Try changing the 'lib' compiler option to include 'dom'.
coming-soon/public/js-es2018/dashboard/token-manager.js(341,9): error TS2584: Cannot find name 'document'. Do you need to change your target library? Try changing the 'lib' compiler option to include 'dom'.
coming-soon/public/js-es2018/dashboard/token-manager.js(342,9): error TS2584: Cannot find name 'document'. Do you need to change your target library? Try changing the 'lib' compiler option to include 'dom'.
coming-soon/public/js-es2018/dashboard/token-manager.js(343,9): error TS2584: Cannot find name 'document'. Do you need to change your target library? Try changing the 'lib' compiler option to include 'dom'.
coming-soon/public/js-es2018/dashboard/token-manager.js(354,12): error TS2339: Property '_tokenPayload' does not exist on type 'typeof window'.
coming-soon/public/js-es2018/dashboard/token-manager.js(366,5): error TS2584: Cannot find name 'document'. Do you need to change your target library? Try changing the 'lib' compiler option to include 'dom'.
coming-soon/public/js-es2018/dashboard/token-manager.js(367,5): error TS2584: Cannot find name 'document'. Do you need to change your target library? Try changing the 'lib' compiler option to include 'dom'.
coming-soon/public/js-es2018/dashboard/token-manager.js(368,5): error TS2584: Cannot find name 'document'. Do you need to change your target library? Try changing the 'lib' compiler option to include 'dom'.
coming-soon/public/js-es2018/dashboard/token-manager.js(369,5): error TS2584: Cannot find name 'document'. Do you need to change your target library? Try changing the 'lib' compiler option to include 'dom'.
coming-soon/public/js-es2018/dashboard/token-manager.js(371,9): error TS2584: Cannot find name 'document'. Do you need to change your target library? Try changing the 'lib' compiler option to include 'dom'.
coming-soon/public/js-es2018/dashboard/token-manager.js(374,27): error TS2584: Cannot find name 'document'. Do you need to change your target library? Try changing the 'lib' compiler option to include 'dom'.
coming-soon/public/js-es2018/dashboard/token-manager.js(383,22): error TS2584: Cannot find name 'document'. Do you need to change your target library? Try changing the 'lib' compiler option to include 'dom'.
coming-soon/public/js-es2018/dashboard/token-manager.js(386,32): error TS2584: Cannot find name 'document'. Do you need to change your target library? Try changing the 'lib' compiler option to include 'dom'.
coming-soon/public/js-es2018/dashboard/token-manager.js(400,24): error TS2584: Cannot find name 'document'. Do you need to change your target library? Try changing the 'lib' compiler option to include 'dom'.
coming-soon/public/js-es2018/dashboard/token-manager.js(401,24): error TS2584: Cannot find name 'document'. Do you need to change your target library? Try changing the 'lib' compiler option to include 'dom'.
coming-soon/public/js-es2018/dashboard/token-manager.js(402,24): error TS2584: Cannot find name 'document'. Do you need to change your target library? Try changing the 'lib' compiler option to include 'dom'.
coming-soon/public/js-es2018/dashboard/token-manager.js(403,22): error TS2584: Cannot find name 'document'. Do you need to change your target library? Try changing the 'lib' compiler option to include 'dom'.
coming-soon/public/js-es2018/dashboard/token-manager.js(469,23): error TS2584: Cannot find name 'document'. Do you need to change your target library? Try changing the 'lib' compiler option to include 'dom'.
coming-soon/public/js-es2018/dashboard/token-manager.js(477,23): error TS2584: Cannot find name 'document'. Do you need to change your target library? Try changing the 'lib' compiler option to include 'dom'.
coming-soon/public/js-es2018/dashboard/token-manager.js(485,12): error TS2339: Property 'decodeJwtPayload' does not exist on type 'typeof window'.
coming-soon/public/js-es2018/dashboard/token-manager.js(486,12): error TS2339: Property 'hasValidToken' does not exist on type 'typeof window'.
coming-soon/public/js-es2018/dashboard/token-manager.js(487,12): error TS2339: Property 'filterScanProfiles' does not exist on type 'typeof window'.
coming-soon/public/js-es2018/dashboard/token-manager.js(488,12): error TS2339: Property 'renderAnalyzerCards' does not exist on type 'typeof window'.
coming-soon/public/js-es2018/dashboard/token-manager.js(489,12): error TS2339: Property 'toggleModuleSelection' does not exist on type 'typeof window'.
coming-soon/public/js-es2018/dashboard/token-manager.js(490,12): error TS2339: Property 'updateSelectAllUI' does not exist on type 'typeof window'.
coming-soon/public/js-es2018/dashboard/token-manager.js(491,12): error TS2339: Property 'syncModuleSelectionFromTier' does not exist on type 'typeof window'.
coming-soon/public/js-es2018/dashboard/token-manager.js(492,12): error TS2339: Property 'renderTokenInspector' does not exist on type 'typeof window'.
coming-soon/public/js-es2018/dashboard/token-manager.js(493,12): error TS2339: Property 'applyProductFromToken' does not exist on type 'typeof window'.
coming-soon/public/js-es2018/dashboard/token-manager.js(494,12): error TS2339: Property 'applyAnalyzerPreset' does not exist on type 'typeof window'.
coming-soon/public/js-es2018/dashboard/token-manager.js(495,12): error TS2339: Property 'bindPresetButtons' does not exist on type 'typeof window'.
coming-soon/public/js-es2018/dashboard/ui-renderer.js(2,46): error TS2339: Property 'escapeHtml' does not exist on type 'typeof window'.
coming-soon/public/js-es2018/dashboard/ui-renderer.js(3,12): error TS2339: Property 'escapeHtml' does not exist on type 'typeof window'.
coming-soon/public/js-es2018/dashboard/ui-renderer.js(85,12): error TS2339: Property 'lastScanReport' does not exist on type 'typeof window'.
coming-soon/public/js-es2018/dashboard/ui-renderer.js(86,23): error TS2339: Property '__simplebeaconSetReportForAI' does not exist on type 'typeof window'.
coming-soon/public/js-es2018/dashboard/ui-renderer.js(87,16): error TS2339: Property '__simplebeaconSetReportForAI' does not exist on type 'typeof window'.
coming-soon/public/js-es2018/dashboard/ui-renderer.js(687,16): error TS2339: Property '_scanPreviewModules' does not exist on type 'typeof window'.
coming-soon/public/js-es2018/dashboard/ui-renderer.js(688,16): error TS2339: Property '_scanPreviewData' does not exist on type 'typeof window'.
coming-soon/public/js-es2018/dashboard/ui-renderer.js(714,26): error TS2339: Property '_tokenPayload' does not exist on type 'typeof window'.
coming-soon/public/js-es2018/dashboard/ui-renderer.js(714,199): error TS2339: Property '_tokenPayload' does not exist on type 'typeof window'.
coming-soon/public/js-es2018/dashboard/ui-renderer.js(714,228): error TS2339: Property '_tokenPayload' does not exist on type 'typeof window'.
coming-soon/public/js-es2018/dashboard/ui-renderer.js(714,309): error TS2339: Property '_tokenPayload' does not exist on type 'typeof window'.
coming-soon/public/js-es2018/dashboard/ui-renderer.js(714,338): error TS2339: Property '_tokenPayload' does not exist on type 'typeof window'.
coming-soon/public/js-es2018/dashboard/ui-renderer.js(813,12): error TS2339: Property 'buildEuAiActControls' does not exist on type 'typeof window'.
coming-soon/public/js-es2018/dashboard/ui-renderer.js(814,12): error TS2339: Property 'renderPreview' does not exist on type 'typeof window'.
coming-soon/public/js-es2018/dashboard/usb-token-manager.js(32,49): error TS2339: Property 'usb' does not exist on type 'Navigator'.
coming-soon/public/js-es2018/dashboard/usb-token-manager.js(37,27): error TS2339: Property 'usb' does not exist on type 'Navigator'.
coming-soon/public/js-es2018/dashboard/usb-token-manager.js(38,27): error TS2339: Property 'usb' does not exist on type 'Navigator'.
coming-soon/public/js-es2018/dashboard/usb-token-manager.js(62,48): error TS2339: Property 'usb' does not exist on type 'Navigator'.
coming-soon/public/js-es2018/dashboard/usb-token-manager.js(87,28): error TS2339: Property 'showOpenFilePicker' does not exist on type 'typeof window'.
coming-soon/public/js-es2018/dashboard/usb-token-manager.js(88,49): error TS2339: Property 'showOpenFilePicker' does not exist on type 'typeof window'.
coming-soon/public/js-es2018/dashboard/usb-token-manager.js(165,31): error TS2584: Cannot find name 'document'. Do you need to change your target library? Try changing the 'lib' compiler option to include 'dom'.
coming-soon/public/js-es2018/dashboard/usb-token-manager.js(169,17): error TS2584: Cannot find name 'document'. Do you need to change your target library? Try changing the 'lib' compiler option to include 'dom'.
coming-soon/public/js-es2018/dashboard/usb-token-manager.js(173,21): error TS2584: Cannot find name 'document'. Do you need to change your target library? Try changing the 'lib' compiler option to include 'dom'.
coming-soon/public/js-es2018/dashboard/usb-token-manager.js(215,24): error TS2339: Property 'showToast' does not exist on type 'typeof window'.
coming-soon/public/js-es2018/dashboard/usb-token-manager.js(216,24): error TS2339: Property 'showToast' does not exist on type 'typeof window'.
coming-soon/public/js-es2018/dashboard/usb-token-manager.js(223,68): error TS2339: Property 'usb' does not exist on type 'Navigator'.
coming-soon/public/js-es2018/dashboard/usb-token-manager.js(229,62): error TS2339: Property 'showOpenFilePicker' does not exist on type 'typeof window'.
coming-soon/public/js-es2018/dashboard/usb-token-manager.js(236,27): error TS2584: Cannot find name 'document'. Do you need to change your target library? Try changing the 'lib' compiler option to include 'dom'.
coming-soon/public/js-es2018/dashboard/usb-token-manager.js(241,23): error TS2584: Cannot find name 'document'. Do you need to change your target library? Try changing the 'lib' compiler option to include 'dom'.
coming-soon/public/js-es2018/dashboard/usb-token-manager.js(244,27): error TS2584: Cannot find name 'document'. Do you need to change your target library? Try changing the 'lib' compiler option to include 'dom'.
coming-soon/public/js-es2018/dashboard/usb-token-manager.js(246,33): error TS2584: Cannot find name 'document'. Do you need to change your target library? Try changing the 'lib' compiler option to include 'dom'.
coming-soon/public/js-es2018/dashboard/usb-token-manager.js(250,28): error TS2584: Cannot find name 'document'. Do you need to change your target library? Try changing the 'lib' compiler option to include 'dom'.
coming-soon/public/js-es2018/dashboard/usb-token-manager.js(256,24): error TS2584: Cannot find name 'document'. Do you need to change your target library? Try changing the 'lib' compiler option to include 'dom'.
coming-soon/public/js-es2018/dashboard/usb-token-manager.js(259,25): error TS2584: Cannot find name 'document'. Do you need to change your target library? Try changing the 'lib' compiler option to include 'dom'.
coming-soon/public/js-es2018/dashboard/usb-token-manager.js(263,30): error TS2584: Cannot find name 'document'. Do you need to change your target library? Try changing the 'lib' compiler option to include 'dom'.
coming-soon/public/js-es2018/dashboard/usb-token-manager.js(267,29): error TS2584: Cannot find name 'document'. Do you need to change your target library? Try changing the 'lib' compiler option to include 'dom'.
coming-soon/public/js-es2018/dashboard/usb-token-manager.js(273,25): error TS2584: Cannot find name 'document'. Do you need to change your target library? Try changing the 'lib' compiler option to include 'dom'.
coming-soon/public/js-es2018/dashboard/usb-token-manager.js(330,28): error TS2584: Cannot find name 'document'. Do you need to change your target library? Try changing the 'lib' compiler option to include 'dom'.
coming-soon/public/js-es2018/dashboard/usb-token-manager.js(334,35): error TS2584: Cannot find name 'document'. Do you need to change your target library? Try changing the 'lib' compiler option to include 'dom'.
coming-soon/public/js-es2018/dashboard/usb-token-manager.js(336,39): error TS2584: Cannot find name 'document'. Do you need to change your target library? Try changing the 'lib' compiler option to include 'dom'.
coming-soon/public/js-es2018/dashboard/usb-token-manager.js(337,39): error TS2584: Cannot find name 'document'. Do you need to change your target library? Try changing the 'lib' compiler option to include 'dom'.
coming-soon/public/js-es2018/dashboard/usb-token-manager.js(339,35): error TS2584: Cannot find name 'document'. Do you need to change your target library? Try changing the 'lib' compiler option to include 'dom'.
coming-soon/public/js-es2018/dashboard/usb-token-manager.js(340,35): error TS2584: Cannot find name 'document'. Do you need to change your target library? Try changing the 'lib' compiler option to include 'dom'.
coming-soon/public/js-es2018/dashboard/usb-token-manager.js(341,35): error TS2584: Cannot find name 'document'. Do you need to change your target library? Try changing the 'lib' compiler option to include 'dom'.
coming-soon/public/js-es2018/dashboard/usb-token-manager.js(342,35): error TS2584: Cannot find name 'document'. Do you need to change your target library? Try changing the 'lib' compiler option to include 'dom'.
coming-soon/public/js-es2018/dashboard/usb-token-manager.js(344,39): error TS2584: Cannot find name 'document'. Do you need to change your target library? Try changing the 'lib' compiler option to include 'dom'.
coming-soon/public/js-es2018/dashboard/usb-token-manager.js(345,39): error TS2584: Cannot find name 'document'. Do you need to change your target library? Try changing the 'lib' compiler option to include 'dom'.
coming-soon/public/js-es2018/dashboard/usb-token-manager.js(347,26): error TS2584: Cannot find name 'document'. Do you need to change your target library? Try changing the 'lib' compiler option to include 'dom'.
coming-soon/public/js-es2018/dashboard/usb-token-manager.js(359,29): error TS2584: Cannot find name 'document'. Do you need to change your target library? Try changing the 'lib' compiler option to include 'dom'.
coming-soon/public/js-es2018/dashboard/usb-token-manager.js(368,12): error TS2339: Property 'UsbTokenManager' does not exist on type 'typeof window'.
coming-soon/public/js-es2018/dashboard/usb-token-manager.js(369,12): error TS2339: Property 'setupUsbTokenUI' does not exist on type 'typeof window'.
coming-soon/public/js-es2018/dashboard/utils.js(14,46): error TS2339: Property 'simpleHash' does not exist on type 'typeof window'.
coming-soon/public/js-es2018/dashboard/utils.js(15,12): error TS2339: Property 'simpleHash' does not exist on type 'typeof window'.
coming-soon/public/js-es2018/dashboard/utils.js(37,28): error TS2304: Cannot find name 'FileReader'.
coming-soon/public/js-es2018/dashboard/utils.js(44,20): error TS2584: Cannot find name 'document'. Do you need to change your target library? Try changing the 'lib' compiler option to include 'dom'.
coming-soon/public/js-es2018/dashboard/utils.js(45,19): error TS2584: Cannot find name 'document'. Do you need to change your target library? Try changing the 'lib' compiler option to include 'dom'.
coming-soon/public/js-es2018/dashboard/utils.js(52,12): error TS2339: Property 'escapeHtml' does not exist on type 'typeof window'.
coming-soon/public/js-es2018/dashboard/utils.js(53,12): error TS2339: Property 'simpleHash' does not exist on type 'typeof window'.
coming-soon/public/js-es2018/dashboard/utils.js(54,12): error TS2339: Property 'computeSha256' does not exist on type 'typeof window'.
coming-soon/public/js-es2018/dashboard/utils.js(55,12): error TS2339: Property 'readFileText' does not exist on type 'typeof window'.
coming-soon/public/js-es2018/dashboard/utils.js(56,12): error TS2339: Property 'showHashRibbon' does not exist on type 'typeof window'.
coming-soon/public/js-es2018/roadmap-app.js(1,1): error TS6200: Definitions of the following identifiers conflict with those in another file: currentReport, currentRoadmap, dropzone, fileInput, app, emptyState, scorecardsEl, timelineEl, projectNameEl, scanDateEl, jsonPreviewEl, toastEl, dragCounter, browseReportBtn, reportUrlInput, analyzeReportBtn, jsonPasteInput, jsonPasteBtn, loadTestReportBtn, currentFilter
coming-soon/public/js-es2018/roadmap-app.js(2,18): error TS2584: Cannot find name 'document'. Do you need to change your target library? Try changing the 'lib' compiler option to include 'dom'.
coming-soon/public/js-es2018/roadmap-app.js(2,67): error TS2584: Cannot find name 'document'. Do you need to change your target library? Try changing the 'lib' compiler option to include 'dom'.
coming-soon/public/js-es2018/roadmap-app.js(2,111): error TS2584: Cannot find name 'document'. Do you need to change your target library? Try changing the 'lib' compiler option to include 'dom'.
coming-soon/public/js-es2018/roadmap-app.js(2,156): error TS2584: Cannot find name 'document'. Do you need to change your target library? Try changing the 'lib' compiler option to include 'dom'.
coming-soon/public/js-es2018/roadmap-app.js(3,22): error TS2584: Cannot find name 'document'. Do you need to change your target library? Try changing the 'lib' compiler option to include 'dom'.
coming-soon/public/js-es2018/roadmap-app.js(3,74): error TS2584: Cannot find name 'document'. Do you need to change your target library? Try changing the 'lib' compiler option to include 'dom'.
coming-soon/public/js-es2018/roadmap-app.js(3,127): error TS2584: Cannot find name 'document'. Do you need to change your target library? Try changing the 'lib' compiler option to include 'dom'.
coming-soon/public/js-es2018/roadmap-app.js(3,180): error TS2584: Cannot find name 'document'. Do you need to change your target library? Try changing the 'lib' compiler option to include 'dom'.
coming-soon/public/js-es2018/roadmap-app.js(3,233): error TS2584: Cannot find name 'document'. Do you need to change your target library? Try changing the 'lib' compiler option to include 'dom'.
coming-soon/public/js-es2018/roadmap-app.js(3,283): error TS2584: Cannot find name 'document'. Do you need to change your target library? Try changing the 'lib' compiler option to include 'dom'.
coming-soon/public/js-es2018/roadmap-app.js(64,25): error TS2584: Cannot find name 'document'. Do you need to change your target library? Try changing the 'lib' compiler option to include 'dom'.
coming-soon/public/js-es2018/roadmap-app.js(65,24): error TS2584: Cannot find name 'document'. Do you need to change your target library? Try changing the 'lib' compiler option to include 'dom'.
coming-soon/public/js-es2018/roadmap-app.js(66,26): error TS2584: Cannot find name 'document'. Do you need to change your target library? Try changing the 'lib' compiler option to include 'dom'.
coming-soon/public/js-es2018/roadmap-app.js(90,27): error TS2339: Property 'success' does not exist on type 'unknown'.
coming-soon/public/js-es2018/roadmap-app.js(91,63): error TS2339: Property 'error' does not exist on type 'unknown'.
coming-soon/public/js-es2018/roadmap-app.js(94,40): error TS2339: Property 'content' does not exist on type 'unknown'.
coming-soon/public/js-es2018/roadmap-app.js(111,24): error TS2584: Cannot find name 'document'. Do you need to change your target library? Try changing the 'lib' compiler option to include 'dom'.
coming-soon/public/js-es2018/roadmap-app.js(111,82): error TS2584: Cannot find name 'document'. Do you need to change your target library? Try changing the 'lib' compiler option to include 'dom'.
coming-soon/public/js-es2018/roadmap-app.js(138,27): error TS2584: Cannot find name 'document'. Do you need to change your target library? Try changing the 'lib' compiler option to include 'dom'.
coming-soon/public/js-es2018/roadmap-app.js(157,24): error TS2339: Property '__SIMPLEBEACON_ENV__' does not exist on type 'typeof window'.
coming-soon/public/js-es2018/roadmap-app.js(165,38): error TS2339: Property 'type' does not exist on type 'unknown'.
coming-soon/public/js-es2018/roadmap-app.js(165,83): error TS2339: Property 'rawIssues' does not exist on type 'unknown'.
coming-soon/public/js-es2018/roadmap-app.js(165,107): error TS2339: Property 'rawIssues' does not exist on type 'unknown'.
coming-soon/public/js-es2018/roadmap-app.js(169,43): error TS2339: Property 'rawIssues' does not exist on type 'unknown'.
coming-soon/public/js-es2018/roadmap-app.js(169,67): error TS2339: Property 'rawIssues' does not exist on type 'unknown'.
coming-soon/public/js-es2018/roadmap-app.js(170,24): error TS2339: Property 'type' does not exist on type 'unknown'.
coming-soon/public/js-es2018/roadmap-app.js(181,20): error TS2304: Cannot find name 'JSZip'.
coming-soon/public/js-es2018/roadmap-app.js(186,31): error TS2304: Cannot find name 'JSZip'.
coming-soon/public/js-es2018/roadmap-app.js(211,19): error TS2304: Cannot find name 'FileReader'.
coming-soon/public/js-es2018/roadmap-app.js(235,13): error TS2304: Cannot find name 'location'.
coming-soon/public/js-es2018/roadmap-app.js(236,13): error TS2304: Cannot find name 'history'.
coming-soon/public/js-es2018/roadmap-app.js(236,44): error TS2304: Cannot find name 'location'.
coming-soon/public/js-es2018/roadmap-app.js(236,64): error TS2304: Cannot find name 'location'.
coming-soon/public/js-es2018/roadmap-app.js(277,40): error TS2584: Cannot find name 'document'. Do you need to change your target library? Try changing the 'lib' compiler option to include 'dom'.
coming-soon/public/js-es2018/roadmap-app.js(286,23): error TS2584: Cannot find name 'document'. Do you need to change your target library? Try changing the 'lib' compiler option to include 'dom'.
coming-soon/public/js-es2018/roadmap-app.js(294,9): error TS2584: Cannot find name 'document'. Do you need to change your target library? Try changing the 'lib' compiler option to include 'dom'.
coming-soon/public/js-es2018/roadmap-app.js(295,9): error TS2304: Cannot find name 'requestAnimationFrame'.
coming-soon/public/js-es2018/roadmap-app.js(966,13): error TS2304: Cannot find name 'qs'.
coming-soon/public/js-es2018/roadmap-app.js(968,132): error TS2304: Cannot find name 'qs'.
coming-soon/public/js-es2018/roadmap-app.js(968,283): error TS2304: Cannot find name 'qs'.
coming-soon/public/js-es2018/roadmap-app.js(968,393): error TS2304: Cannot find name 'qs'.
coming-soon/public/js-es2018/roadmap-app.js(970,40): error TS2304: Cannot find name 'qs'.
coming-soon/public/js-es2018/roadmap-app.js(973,25): error TS2304: Cannot find name 'qs'.
coming-soon/public/js-es2018/roadmap-app.js(973,65): error TS2304: Cannot find name 'qs'.
coming-soon/public/js-es2018/roadmap-app.js(973,127): error TS2304: Cannot find name 'qs'.
coming-soon/public/js-es2018/roadmap-app.js(974,84): error TS2304: Cannot find name 'qs'.
coming-soon/public/js-es2018/roadmap-app.js(1019,13): error TS2304: Cannot find name 'qs'.
coming-soon/public/js-es2018/roadmap-app.js(1038,15): error TS2339: Property 'dependsOn' does not exist on type '{ id: string; title: string; severity: string; effort: string; description: string; tasks: ({ description: string; type: string; isStructured: boolean; done?: undefined; codeSnippet?: undefined; } | { ...; } | { ...; })[]; progress: number; status: string; extraHtml: string; } | { ...; } | { ...; } | { ...; }'.
  Property 'dependsOn' does not exist on type '{ id: string; title: string; severity: string; effort: string; description: string; tasks: ({ description: string; type: string; isStructured: boolean; done?: undefined; codeSnippet?: undefined; } | { ...; } | { ...; })[]; progress: number; status: string; extraHtml: string; }'.
coming-soon/public/js-es2018/roadmap-app.js(1043,16): error TS2339: Property 'dependsOn' does not exist on type '{ id: string; title: string; severity: string; effort: string; description: string; tasks: ({ description: string; type: string; isStructured: boolean; done?: undefined; codeSnippet?: undefined; } | { ...; } | { ...; })[]; progress: number; status: string; extraHtml: string; } | { ...; } | { ...; } | { ...; }'.
  Property 'dependsOn' does not exist on type '{ id: string; title: string; severity: string; effort: string; description: string; tasks: ({ description: string; type: string; isStructured: boolean; done?: undefined; codeSnippet?: undefined; } | { ...; } | { ...; })[]; progress: number; status: string; extraHtml: string; }'.
coming-soon/public/js-es2018/roadmap-app.js(1045,49): error TS2339: Property 'dependsOn' does not exist on type '{ id: string; title: string; severity: string; effort: string; description: string; tasks: ({ description: string; type: string; isStructured: boolean; done?: undefined; codeSnippet?: undefined; } | { ...; } | { ...; })[]; progress: number; status: string; extraHtml: string; } | { ...; } | { ...; } | { ...; }'.
  Property 'dependsOn' does not exist on type '{ id: string; title: string; severity: string; effort: string; description: string; tasks: ({ description: string; type: string; isStructured: boolean; done?: undefined; codeSnippet?: undefined; } | { ...; } | { ...; })[]; progress: number; status: string; extraHtml: string; }'.
coming-soon/public/js-es2018/roadmap-app.js(1116,72): error TS2339: Property 'filePath' does not exist on type '{ sev: any; type: any; count: any; files: any; impact: any; fix: any; humanReadable: any; }'.
coming-soon/public/js-es2018/roadmap-app.js(1116,90): error TS2339: Property 'filePath' does not exist on type '{ sev: any; type: any; count: any; files: any; impact: any; fix: any; humanReadable: any; }'.
coming-soon/public/js-es2018/roadmap-app.js(1116,108): error TS2339: Property 'filePath' does not exist on type '{ sev: any; type: any; count: any; files: any; impact: any; fix: any; humanReadable: any; }'.
coming-soon/public/js-es2018/roadmap-app.js(1116,126): error TS2339: Property 'filePath' does not exist on type '{ sev: any; type: any; count: any; files: any; impact: any; fix: any; humanReadable: any; }'.
coming-soon/public/js-es2018/roadmap-app.js(1136,20): error TS2584: Cannot find name 'document'. Do you need to change your target library? Try changing the 'lib' compiler option to include 'dom'.
coming-soon/public/js-es2018/roadmap-app.js(1138,21): error TS2584: Cannot find name 'document'. Do you need to change your target library? Try changing the 'lib' compiler option to include 'dom'.
coming-soon/public/js-es2018/roadmap-app.js(1142,21): error TS2584: Cannot find name 'document'. Do you need to change your target library? Try changing the 'lib' compiler option to include 'dom'.
coming-soon/public/js-es2018/roadmap-app.js(1146,23): error TS2584: Cannot find name 'document'. Do you need to change your target library? Try changing the 'lib' compiler option to include 'dom'.
coming-soon/public/js-es2018/roadmap-app.js(1150,21): error TS2584: Cannot find name 'document'. Do you need to change your target library? Try changing the 'lib' compiler option to include 'dom'.
coming-soon/public/js-es2018/roadmap-app.js(1152,22): error TS2584: Cannot find name 'document'. Do you need to change your target library? Try changing the 'lib' compiler option to include 'dom'.
coming-soon/public/js-es2018/roadmap-app.js(1165,29): error TS2584: Cannot find name 'document'. Do you need to change your target library? Try changing the 'lib' compiler option to include 'dom'.
coming-soon/public/js-es2018/roadmap-app.js(1170,29): error TS2584: Cannot find name 'document'. Do you need to change your target library? Try changing the 'lib' compiler option to include 'dom'.
coming-soon/public/js-es2018/roadmap-app.js(1172,26): error TS2584: Cannot find name 'document'. Do you need to change your target library? Try changing the 'lib' compiler option to include 'dom'.
coming-soon/public/js-es2018/roadmap-app.js(1174,21): error TS2584: Cannot find name 'document'. Do you need to change your target library? Try changing the 'lib' compiler option to include 'dom'.
coming-soon/public/js-es2018/roadmap-app.js(1176,20): error TS2584: Cannot find name 'document'. Do you need to change your target library? Try changing the 'lib' compiler option to include 'dom'.
coming-soon/public/js-es2018/roadmap-app.js(1181,20): error TS2584: Cannot find name 'document'. Do you need to change your target library? Try changing the 'lib' compiler option to include 'dom'.
coming-soon/public/js-es2018/roadmap-app.js(1192,26): error TS2584: Cannot find name 'document'. Do you need to change your target library? Try changing the 'lib' compiler option to include 'dom'.
coming-soon/public/js-es2018/roadmap-app.js(1198,25): error TS2584: Cannot find name 'document'. Do you need to change your target library? Try changing the 'lib' compiler option to include 'dom'.
coming-soon/public/js-es2018/roadmap-app.js(1200,20): error TS2584: Cannot find name 'document'. Do you need to change your target library? Try changing the 'lib' compiler option to include 'dom'.
coming-soon/public/js-es2018/roadmap-app.js(1204,20): error TS2584: Cannot find name 'document'. Do you need to change your target library? Try changing the 'lib' compiler option to include 'dom'.
coming-soon/public/js-es2018/roadmap-app.js(1208,20): error TS2584: Cannot find name 'document'. Do you need to change your target library? Try changing the 'lib' compiler option to include 'dom'.
coming-soon/public/js-es2018/roadmap-app.js(1216,22): error TS2584: Cannot find name 'document'. Do you need to change your target library? Try changing the 'lib' compiler option to include 'dom'.
coming-soon/public/js-es2018/roadmap-app.js(1237,32): error TS2584: Cannot find name 'document'. Do you need to change your target library? Try changing the 'lib' compiler option to include 'dom'.
coming-soon/public/js-es2018/roadmap-app.js(1246,30): error TS2584: Cannot find name 'document'. Do you need to change your target library? Try changing the 'lib' compiler option to include 'dom'.
coming-soon/public/js-es2018/roadmap-app.js(1247,32): error TS2584: Cannot find name 'document'. Do you need to change your target library? Try changing the 'lib' compiler option to include 'dom'.
coming-soon/public/js-es2018/roadmap-app.js(1248,32): error TS2584: Cannot find name 'document'. Do you need to change your target library? Try changing the 'lib' compiler option to include 'dom'.
coming-soon/public/js-es2018/roadmap-app.js(1256,12): error TS2339: Property '_roadmapProjectKey' does not exist on type 'typeof window'.
coming-soon/public/js-es2018/roadmap-app.js(1257,12): error TS2339: Property '_currentRoadmap' does not exist on type 'typeof window'.
coming-soon/public/js-es2018/roadmap-app.js(1259,20): error TS2584: Cannot find name 'document'. Do you need to change your target library? Try changing the 'lib' compiler option to include 'dom'.
coming-soon/public/js-es2018/roadmap-app.js(1270,29): error TS2584: Cannot find name 'document'. Do you need to change your target library? Try changing the 'lib' compiler option to include 'dom'.
coming-soon/public/js-es2018/roadmap-app.js(1271,36): error TS2584: Cannot find name 'document'. Do you need to change your target library? Try changing the 'lib' compiler option to include 'dom'.
coming-soon/public/js-es2018/roadmap-app.js(1272,30): error TS2584: Cannot find name 'document'. Do you need to change your target library? Try changing the 'lib' compiler option to include 'dom'.
coming-soon/public/js-es2018/roadmap-app.js(1273,31): error TS2584: Cannot find name 'document'. Do you need to change your target library? Try changing the 'lib' compiler option to include 'dom'.
coming-soon/public/js-es2018/roadmap-app.js(1311,30): error TS2584: Cannot find name 'document'. Do you need to change your target library? Try changing the 'lib' compiler option to include 'dom'.
coming-soon/public/js-es2018/roadmap-app.js(1321,22): error TS2584: Cannot find name 'document'. Do you need to change your target library? Try changing the 'lib' compiler option to include 'dom'.
coming-soon/public/js-es2018/roadmap-app.js(1325,26): error TS2584: Cannot find name 'document'. Do you need to change your target library? Try changing the 'lib' compiler option to include 'dom'.
coming-soon/public/js-es2018/roadmap-app.js(1335,31): error TS2304: Cannot find name 'IntersectionObserver'.
coming-soon/public/js-es2018/roadmap-app.js(1343,34): error TS2584: Cannot find name 'document'. Do you need to change your target library? Try changing the 'lib' compiler option to include 'dom'.
coming-soon/public/js-es2018/roadmap-app.js(1358,28): error TS2584: Cannot find name 'document'. Do you need to change your target library? Try changing the 'lib' compiler option to include 'dom'.
coming-soon/public/js-es2018/roadmap-app.js(1364,24): error TS2584: Cannot find name 'document'. Do you need to change your target library? Try changing the 'lib' compiler option to include 'dom'.
coming-soon/public/js-es2018/roadmap-app.js(1370,25): error TS2584: Cannot find name 'document'. Do you need to change your target library? Try changing the 'lib' compiler option to include 'dom'.
coming-soon/public/js-es2018/roadmap-app.js(1394,27): error TS2584: Cannot find name 'document'. Do you need to change your target library? Try changing the 'lib' compiler option to include 'dom'.
coming-soon/public/js-es2018/roadmap-app.js(1395,24): error TS2584: Cannot find name 'document'. Do you need to change your target library? Try changing the 'lib' compiler option to include 'dom'.
coming-soon/public/js-es2018/roadmap-app.js(1407,27): error TS2584: Cannot find name 'document'. Do you need to change your target library? Try changing the 'lib' compiler option to include 'dom'.
coming-soon/public/js-es2018/roadmap-app.js(1413,13): error TS2584: Cannot find name 'document'. Do you need to change your target library? Try changing the 'lib' compiler option to include 'dom'.
coming-soon/public/js-es2018/roadmap-app.js(1421,29): error TS2584: Cannot find name 'document'. Do you need to change your target library? Try changing the 'lib' compiler option to include 'dom'.
coming-soon/public/js-es2018/roadmap-app.js(1439,23): error TS2584: Cannot find name 'document'. Do you need to change your target library? Try changing the 'lib' compiler option to include 'dom'.
coming-soon/public/js-es2018/roadmap-app.js(1442,13): error TS2584: Cannot find name 'document'. Do you need to change your target library? Try changing the 'lib' compiler option to include 'dom'.
coming-soon/public/js-es2018/roadmap-app.js(1451,19): error TS2584: Cannot find name 'document'. Do you need to change your target library? Try changing the 'lib' compiler option to include 'dom'.
coming-soon/public/js-es2018/roadmap-app.js(1457,23): error TS2584: Cannot find name 'document'. Do you need to change your target library? Try changing the 'lib' compiler option to include 'dom'.
coming-soon/public/js-es2018/roadmap-app.js(1460,13): error TS2584: Cannot find name 'document'. Do you need to change your target library? Try changing the 'lib' compiler option to include 'dom'.
coming-soon/public/js-es2018/roadmap-app.js(1496,17): error TS2339: Property '_currentRoadmap' does not exist on type 'typeof window'.
coming-soon/public/js-es2018/roadmap-app.js(1498,26): error TS2339: Property '_currentRoadmap' does not exist on type 'typeof window'.
coming-soon/public/js-es2018/roadmap-app.js(1501,23): error TS2339: Property '_roadmapProjectKey' does not exist on type 'typeof window'.
coming-soon/public/js-es2018/roadmap-app.js(1502,18): error TS2584: Cannot find name 'document'. Do you need to change your target library? Try changing the 'lib' compiler option to include 'dom'.
coming-soon/public/js-es2018/roadmap-app.js(1521,17): error TS2339: Property '_currentRoadmap' does not exist on type 'typeof window'.
coming-soon/public/js-es2018/roadmap-app.js(1523,23): error TS2339: Property '_currentRoadmap' does not exist on type 'typeof window'.
coming-soon/public/js-es2018/roadmap-app.js(1524,23): error TS2339: Property '_roadmapProjectKey' does not exist on type 'typeof window'.
coming-soon/public/js-es2018/roadmap-app.js(1530,22): error TS2584: Cannot find name 'document'. Do you need to change your target library? Try changing the 'lib' compiler option to include 'dom'.
coming-soon/public/js-es2018/roadmap-app.js(1543,29): error TS2584: Cannot find name 'document'. Do you need to change your target library? Try changing the 'lib' compiler option to include 'dom'.
coming-soon/public/js-es2018/roadmap-app.js(1548,29): error TS2584: Cannot find name 'document'. Do you need to change your target library? Try changing the 'lib' compiler option to include 'dom'.
coming-soon/public/js-es2018/roadmap-app.js(1550,26): error TS2584: Cannot find name 'document'. Do you need to change your target library? Try changing the 'lib' compiler option to include 'dom'.
coming-soon/public/js-es2018/roadmap-app.js(1552,21): error TS2584: Cannot find name 'document'. Do you need to change your target library? Try changing the 'lib' compiler option to include 'dom'.
coming-soon/public/js-es2018/roadmap-app.js(1554,20): error TS2584: Cannot find name 'document'. Do you need to change your target library? Try changing the 'lib' compiler option to include 'dom'.
coming-soon/public/js-es2018/roadmap-app.js(1559,20): error TS2584: Cannot find name 'document'. Do you need to change your target library? Try changing the 'lib' compiler option to include 'dom'.
coming-soon/public/js-es2018/roadmap-app.js(1570,26): error TS2584: Cannot find name 'document'. Do you need to change your target library? Try changing the 'lib' compiler option to include 'dom'.
coming-soon/public/js-es2018/roadmap-app.js(1576,25): error TS2584: Cannot find name 'document'. Do you need to change your target library? Try changing the 'lib' compiler option to include 'dom'.
coming-soon/public/js-es2018/roadmap-app.js(1578,20): error TS2584: Cannot find name 'document'. Do you need to change your target library? Try changing the 'lib' compiler option to include 'dom'.
coming-soon/public/js-es2018/roadmap-app.js(1582,20): error TS2584: Cannot find name 'document'. Do you need to change your target library? Try changing the 'lib' compiler option to include 'dom'.
coming-soon/public/js-es2018/roadmap-app.js(1586,20): error TS2584: Cannot find name 'document'. Do you need to change your target library? Try changing the 'lib' compiler option to include 'dom'.
coming-soon/public/js-es2018/roadmap-app.js(1594,32): error TS2584: Cannot find name 'document'. Do you need to change your target library? Try changing the 'lib' compiler option to include 'dom'.
coming-soon/public/js-es2018/roadmap-app.js(1595,32): error TS2584: Cannot find name 'document'. Do you need to change your target library? Try changing the 'lib' compiler option to include 'dom'.
coming-soon/public/js-es2018/roadmap-app.js(1603,1): error TS2584: Cannot find name 'document'. Do you need to change your target library? Try changing the 'lib' compiler option to include 'dom'.
coming-soon/public/js-es2018/roadmap-app.js(1605,26): error TS2584: Cannot find name 'document'. Do you need to change your target library? Try changing the 'lib' compiler option to include 'dom'.
coming-soon/public/js-es2018/roadmap-app.js(1613,26): error TS2584: Cannot find name 'document'. Do you need to change your target library? Try changing the 'lib' compiler option to include 'dom'.
coming-soon/public/js-es2018/roadmap-app.js(1624,20): error TS2584: Cannot find name 'document'. Do you need to change your target library? Try changing the 'lib' compiler option to include 'dom'.
coming-soon/public/js-es2018/roadmap-app.js(1624,52): error TS2304: Cannot find name 'NodeFilter'.
coming-soon/public/js-es2018/roadmap-app.js(1633,22): error TS2584: Cannot find name 'document'. Do you need to change your target library? Try changing the 'lib' compiler option to include 'dom'.
coming-soon/public/js-es2018/roadmap-app.js(1643,33): error TS2584: Cannot find name 'document'. Do you need to change your target library? Try changing the 'lib' compiler option to include 'dom'.
coming-soon/public/js-es2018/roadmap-app.js(1647,33): error TS2584: Cannot find name 'document'. Do you need to change your target library? Try changing the 'lib' compiler option to include 'dom'.
coming-soon/public/js-es2018/roadmap-app.js(1654,29): error TS2584: Cannot find name 'document'. Do you need to change your target library? Try changing the 'lib' compiler option to include 'dom'.
coming-soon/public/js-es2018/roadmap-app.js(1660,22): error TS2584: Cannot find name 'document'. Do you need to change your target library? Try changing the 'lib' compiler option to include 'dom'.
coming-soon/public/js-es2018/roadmap-app.js(1661,20): error TS2584: Cannot find name 'document'. Do you need to change your target library? Try changing the 'lib' compiler option to include 'dom'.
coming-soon/public/js-es2018/roadmap-app.js(1666,9): error TS2584: Cannot find name 'document'. Do you need to change your target library? Try changing the 'lib' compiler option to include 'dom'.
coming-soon/public/js-es2018/roadmap-app.js(1669,13): error TS2584: Cannot find name 'document'. Do you need to change your target library? Try changing the 'lib' compiler option to include 'dom'.
coming-soon/public/js-es2018/roadmap-app.js(1670,13): error TS2584: Cannot find name 'document'. Do you need to change your target library? Try changing the 'lib' compiler option to include 'dom'.
coming-soon/public/js-es2018/roadmap-app.js(1675,9): error TS2584: Cannot find name 'document'. Do you need to change your target library? Try changing the 'lib' compiler option to include 'dom'.
coming-soon/public/js-es2018/roadmap-app.js(1684,9): error TS2584: Cannot find name 'document'. Do you need to change your target library? Try changing the 'lib' compiler option to include 'dom'.
coming-soon/public/js-es2018/roadmap-app.js(1693,17): error TS2339: Property '_currentRoadmap' does not exist on type 'typeof window'.
coming-soon/public/js-es2018/roadmap-app.js(1695,23): error TS2339: Property '_currentRoadmap' does not exist on type 'typeof window'.
coming-soon/public/js-es2018/roadmap-app.js(1696,23): error TS2339: Property '_roadmapProjectKey' does not exist on type 'typeof window'.
coming-soon/public/js-es2018/roadmap-app.js(1720,19): error TS2584: Cannot find name 'document'. Do you need to change your target library? Try changing the 'lib' compiler option to include 'dom'.
coming-soon/public/js-es2018/roadmap-app.js(1721,22): error TS2584: Cannot find name 'document'. Do you need to change your target library? Try changing the 'lib' compiler option to include 'dom'.
coming-soon/public/js-es2018/roadmap-app.js(1722,19): error TS2584: Cannot find name 'document'. Do you need to change your target library? Try changing the 'lib' compiler option to include 'dom'.
coming-soon/public/js-es2018/roadmap-app.js(1723,20): error TS2584: Cannot find name 'document'. Do you need to change your target library? Try changing the 'lib' compiler option to include 'dom'.
coming-soon/public/js-es2018/roadmap-app.js(1724,19): error TS2584: Cannot find name 'document'. Do you need to change your target library? Try changing the 'lib' compiler option to include 'dom'.
coming-soon/public/js-es2018/roadmap-app.js(1725,22): error TS2584: Cannot find name 'document'. Do you need to change your target library? Try changing the 'lib' compiler option to include 'dom'.
coming-soon/public/js-es2018/roadmap-app.js(1750,5): error TS2584: Cannot find name 'document'. Do you need to change your target library? Try changing the 'lib' compiler option to include 'dom'.
coming-soon/public/js-es2018/roadmap-app.js(1758,5): error TS2584: Cannot find name 'document'. Do you need to change your target library? Try changing the 'lib' compiler option to include 'dom'.
coming-soon/public/js-es2018/roadmap-app.js(1817,5): error TS2584: Cannot find name 'document'. Do you need to change your target library? Try changing the 'lib' compiler option to include 'dom'.
coming-soon/public/js-es2018/roadmap-app.js(1836,17): error TS2584: Cannot find name 'document'. Do you need to change your target library? Try changing the 'lib' compiler option to include 'dom'.
coming-soon/public/js-es2018/roadmap-app.js(1855,5): error TS2584: Cannot find name 'document'. Do you need to change your target library? Try changing the 'lib' compiler option to include 'dom'.
coming-soon/public/js-es2018/roadmap-app.js(1860,34): error TS2339: Property '_currentRoadmap' does not exist on type 'typeof window'.
coming-soon/public/js-es2018/roadmap-app.js(1872,23): error TS2339: Property 'clipboard' does not exist on type 'Navigator'.
coming-soon/public/js-es2018/roadmap-app.js(1875,5): error TS2584: Cannot find name 'document'. Do you need to change your target library? Try changing the 'lib' compiler option to include 'dom'.
coming-soon/public/js-es2018/roadmap-app.js(1882,23): error TS2339: Property 'clipboard' does not exist on type 'Navigator'.
coming-soon/public/js-es2018/roadmap-app.js(1885,5): error TS2584: Cannot find name 'document'. Do you need to change your target library? Try changing the 'lib' compiler option to include 'dom'.
coming-soon/public/js-es2018/roadmap-app.js(1895,5): error TS2584: Cannot find name 'document'. Do you need to change your target library? Try changing the 'lib' compiler option to include 'dom'.
coming-soon/public/js-es2018/roadmap-app.js(1897,13): error TS2584: Cannot find name 'document'. Do you need to change your target library? Try changing the 'lib' compiler option to include 'dom'.
coming-soon/public/js-es2018/roadmap-app.js(1903,5): error TS2584: Cannot find name 'document'. Do you need to change your target library? Try changing the 'lib' compiler option to include 'dom'.
coming-soon/public/js-es2018/roadmap-app.js(1911,5): error TS2584: Cannot find name 'document'. Do you need to change your target library? Try changing the 'lib' compiler option to include 'dom'.
coming-soon/public/js-es2018/roadmap-app.js(1957,38): error TS2339: Property '_currentRoadmap' does not exist on type 'typeof window'.
coming-soon/public/js-es2018/roadmap-app.js(1973,27): error TS2339: Property 'clipboard' does not exist on type 'Navigator'.
coming-soon/public/js-es2018/roadmap-app.js(1978,5): error TS2584: Cannot find name 'document'. Do you need to change your target library? Try changing the 'lib' compiler option to include 'dom'.
coming-soon/public/js-es2018/roadmap-app.js(1980,38): error TS2584: Cannot find name 'document'. Do you need to change your target library? Try changing the 'lib' compiler option to include 'dom'.
coming-soon/public/js-es2018/roadmap-app.js(2006,5): error TS2584: Cannot find name 'document'. Do you need to change your target library? Try changing the 'lib' compiler option to include 'dom'.
coming-soon/public/js-es2018/roadmap-app.js(2026,16): error TS2304: Cannot find name 'html2pdf'.
coming-soon/public/js-es2018/roadmap-app.js(2033,19): error TS2584: Cannot find name 'document'. Do you need to change your target library? Try changing the 'lib' compiler option to include 'dom'.
coming-soon/public/js-es2018/roadmap-app.js(2042,21): error TS2584: Cannot find name 'document'. Do you need to change your target library? Try changing the 'lib' compiler option to include 'dom'.
coming-soon/public/js-es2018/roadmap-app.js(2049,20): error TS2584: Cannot find name 'document'. Do you need to change your target library? Try changing the 'lib' compiler option to include 'dom'.
coming-soon/public/js-es2018/roadmap-app.js(2054,19): error TS2584: Cannot find name 'document'. Do you need to change your target library? Try changing the 'lib' compiler option to include 'dom'.
coming-soon/public/js-es2018/roadmap-app.js(2061,18): error TS2584: Cannot find name 'document'. Do you need to change your target library? Try changing the 'lib' compiler option to include 'dom'.
coming-soon/public/js-es2018/roadmap-app.js(2068,21): error TS2584: Cannot find name 'document'. Do you need to change your target library? Try changing the 'lib' compiler option to include 'dom'.
coming-soon/public/js-es2018/roadmap-app.js(2080,21): error TS2584: Cannot find name 'document'. Do you need to change your target library? Try changing the 'lib' compiler option to include 'dom'.
coming-soon/public/js-es2018/roadmap-app.js(2082,24): error TS2584: Cannot find name 'document'. Do you need to change your target library? Try changing the 'lib' compiler option to include 'dom'.
coming-soon/public/js-es2018/roadmap-app.js(2088,24): error TS2584: Cannot find name 'document'. Do you need to change your target library? Try changing the 'lib' compiler option to include 'dom'.
coming-soon/public/js-es2018/roadmap-app.js(2097,24): error TS2584: Cannot find name 'document'. Do you need to change your target library? Try changing the 'lib' compiler option to include 'dom'.
coming-soon/public/js-es2018/roadmap-app.js(2115,26): error TS2339: Property 'getComputedStyle' does not exist on type 'typeof window'.
coming-soon/public/js-es2018/roadmap-app.js(2133,20): error TS2584: Cannot find name 'document'. Do you need to change your target library? Try changing the 'lib' compiler option to include 'dom'.
coming-soon/public/js-es2018/roadmap-app.js(2142,5): error TS2584: Cannot find name 'document'. Do you need to change your target library? Try changing the 'lib' compiler option to include 'dom'.
coming-soon/public/js-es2018/roadmap-app.js(2150,5): error TS2304: Cannot find name 'html2pdf'.
coming-soon/public/js-es2018/roadmap-app.js(2151,9): error TS2584: Cannot find name 'document'. Do you need to change your target library? Try changing the 'lib' compiler option to include 'dom'.
coming-soon/public/js-es2018/roadmap-app.js(2155,13): error TS2584: Cannot find name 'document'. Do you need to change your target library? Try changing the 'lib' compiler option to include 'dom'.
coming-soon/public/js-es2018/roadmap-app.js(2308,15): error TS2584: Cannot find name 'document'. Do you need to change your target library? Try changing the 'lib' compiler option to include 'dom'.
coming-soon/public/js-es2018/roadmap-app.js(2425,15): error TS2584: Cannot find name 'document'. Do you need to change your target library? Try changing the 'lib' compiler option to include 'dom'.
coming-soon/public/js-es2018/roadmap-app.js(2433,24): error TS2304: Cannot find name 'FileReader'.
coming-soon/public/js-es2018/roadmap-app.js(2609,15): error TS2584: Cannot find name 'document'. Do you need to change your target library? Try changing the 'lib' compiler option to include 'dom'.
coming-soon/public/js-es2018/roadmap-app.js(2616,1): error TS2584: Cannot find name 'document'. Do you need to change your target library? Try changing the 'lib' compiler option to include 'dom'.
coming-soon/public/js-es2018/roadmap-app.js(2617,1): error TS2584: Cannot find name 'document'. Do you need to change your target library? Try changing the 'lib' compiler option to include 'dom'.
coming-soon/public/js-es2018/roadmap-app.js(2618,1): error TS2584: Cannot find name 'document'. Do you need to change your target library? Try changing the 'lib' compiler option to include 'dom'.
coming-soon/public/js-es2018/roadmap-app.js(2623,38): error TS2339: Property 'clipboard' does not exist on type 'Navigator'.
coming-soon/public/js-es2018/roadmap-app.js(2626,13): error TS2339: Property 'clipboard' does not exist on type 'Navigator'.
coming-soon/public/js-es2018/roadmap-app.js(2627,1): error TS2584: Cannot find name 'document'. Do you need to change your target library? Try changing the 'lib' compiler option to include 'dom'.
coming-soon/public/js-es2018/roadmap-app.js(2633,269): error TS2339: Property 'clipboard' does not exist on type 'Navigator'.
coming-soon/public/js-es2018/roadmap-app.js(2636,13): error TS2339: Property 'clipboard' does not exist on type 'Navigator'.
coming-soon/public/js-es2018/roadmap-app.js(2637,1): error TS2584: Cannot find name 'document'. Do you need to change your target library? Try changing the 'lib' compiler option to include 'dom'.
coming-soon/public/js-es2018/roadmap-app.js(2647,168): error TS2584: Cannot find name 'document'. Do you need to change your target library? Try changing the 'lib' compiler option to include 'dom'.
coming-soon/public/js-es2018/roadmap-app.js(2648,1): error TS2584: Cannot find name 'document'. Do you need to change your target library? Try changing the 'lib' compiler option to include 'dom'.
coming-soon/public/js-es2018/roadmap-app.js(2655,117): error TS2584: Cannot find name 'document'. Do you need to change your target library? Try changing the 'lib' compiler option to include 'dom'.
coming-soon/public/js-es2018/roadmap-app.js(2656,1): error TS2584: Cannot find name 'document'. Do you need to change your target library? Try changing the 'lib' compiler option to include 'dom'.
coming-soon/public/js-es2018/roadmap-app.js(2657,1): error TS2584: Cannot find name 'document'. Do you need to change your target library? Try changing the 'lib' compiler option to include 'dom'.
coming-soon/public/js-es2018/roadmap-app.js(2658,1): error TS2584: Cannot find name 'document'. Do you need to change your target library? Try changing the 'lib' compiler option to include 'dom'.
coming-soon/public/js-es2018/roadmap-app.js(2659,1): error TS2584: Cannot find name 'document'. Do you need to change your target library? Try changing the 'lib' compiler option to include 'dom'.
coming-soon/public/js-es2018/roadmap-app.js(2690,15): error TS2584: Cannot find name 'document'. Do you need to change your target library? Try changing the 'lib' compiler option to include 'dom'.
coming-soon/public/js-es2018/roadmap-app.js(2697,1): error TS2584: Cannot find name 'document'. Do you need to change your target library? Try changing the 'lib' compiler option to include 'dom'.
coming-soon/public/js-es2018/roadmap-app.js(2697,75): error TS2584: Cannot find name 'document'. Do you need to change your target library? Try changing the 'lib' compiler option to include 'dom'.
coming-soon/public/js-es2018/roadmap-app.js(2698,1): error TS2584: Cannot find name 'document'. Do you need to change your target library? Try changing the 'lib' compiler option to include 'dom'.
coming-soon/public/js-es2018/roadmap-app.js(2704,23): error TS2584: Cannot find name 'document'. Do you need to change your target library? Try changing the 'lib' compiler option to include 'dom'.
coming-soon/public/js-es2018/roadmap-app.js(2707,26): error TS2304: Cannot find name 'IntersectionObserver'.
coming-soon/public/js-es2018/roadmap-app.js(2712,18): error TS2584: Cannot find name 'document'. Do you need to change your target library? Try changing the 'lib' compiler option to include 'dom'.
coming-soon/public/js-es2018/roadmap-app.js(2718,20): error TS2584: Cannot find name 'document'. Do you need to change your target library? Try changing the 'lib' compiler option to include 'dom'.
coming-soon/public/js-es2018/roadmap-app.js(2719,19): error TS2584: Cannot find name 'document'. Do you need to change your target library? Try changing the 'lib' compiler option to include 'dom'.
coming-soon/public/js-es2018/roadmap-app.js(2738,20): error TS2584: Cannot find name 'document'. Do you need to change your target library? Try changing the 'lib' compiler option to include 'dom'.
coming-soon/public/js-es2018/roadmap-app.js(2739,23): error TS2584: Cannot find name 'document'. Do you need to change your target library? Try changing the 'lib' compiler option to include 'dom'.
coming-soon/public/js-es2018/roadmap-app.js(2784,106): error TS2345: Argument of type 'string' is not assignable to parameter of type 'number'.
coming-soon/public/js-es2018/roadmap-app.js(2814,1): error TS2584: Cannot find name 'document'. Do you need to change your target library? Try changing the 'lib' compiler option to include 'dom'.
coming-soon/public/js-es2018/roadmap-app.js(2817,130): error TS2304: Cannot find name 'location'.
coming-soon/public/js-es2018/roadmap-app.js(2817,181): error TS2304: Cannot find name 'location'.
coming-soon/public/js-es2018/roadmap-app.js(2817,208): error TS2304: Cannot find name 'location'.
coming-soon/public/js-es2018/roadmap-app.js(2817,224): error TS2304: Cannot find name 'location'.
coming-soon/public/js-es2018/roadmap-app.js(2817,293): error TS2339: Property 'clipboard' does not exist on type 'Navigator'.
coming-soon/public/js-es2018/roadmap-app.js(2819,9): error TS2304: Cannot find name 'location'.
coming-soon/public/js-es2018/roadmap-app.js(2822,54): error TS2304: Cannot find name 'location'.
coming-soon/public/js-es2018/roadmap-app.js(2826,13): error TS2304: Cannot find name 'history'.
coming-soon/public/js-es2018/roadmap-app.js(2826,44): error TS2304: Cannot find name 'location'.
coming-soon/public/js-es2018/roadmap-app.js(2826,64): error TS2304: Cannot find name 'location'.
coming-soon/public/js-es2018/scan-utils.js(84,19): error TS2304: Cannot find name 'FileList'.
coming-soon/public/js-es2018/scan-utils.js(149,9): error TS2353: Object literal may only specify known properties, and 'simpleHash' does not exist in type '{ runScan(projectPath?: string, options?: any): Promise<any>; getResults(): Promise<any>; getProgress(projectPath: string): Promise<any>; exportReport(): void; getIssueCategories(): any[]; } | { ...; } | { ...; } | { ...; }'.
coming-soon/public/js-es2018/scan-worker.js(5,7): error TS2451: Cannot redeclare block-scoped variable 'MAX_DISCOVERED_FILES'.
coming-soon/public/js-es2018/scan-worker.js(6,7): error TS2451: Cannot redeclare block-scoped variable 'LANGUAGE_REGISTRY'.
coming-soon/public/js-es2018/scan-worker.js(16,7): error TS2451: Cannot redeclare block-scoped variable 'PATTERN_REGISTRY'.
coming-soon/public/js-es2018/scan-worker.js(90,7): error TS2451: Cannot redeclare block-scoped variable 'SEVERITY_MAP'.
coming-soon/public/js-es2018/scan-worker.js(229,22): error TS2551: Property 'postMessage' does not exist on type 'typeof self'. Did you mean 'onmessage'?
coming-soon/public/js-es2018/scan-worker.js(237,10): error TS2551: Property 'postMessage' does not exist on type 'typeof self'. Did you mean 'onmessage'?
coming-soon/public/js-es2018/scan-worker.js(239,14): error TS2551: Property 'postMessage' does not exist on type 'typeof self'. Did you mean 'onmessage'?
coming-soon/public/js-es2018/scan-worker.js(253,14): error TS2551: Property 'postMessage' does not exist on type 'typeof self'. Did you mean 'onmessage'?
coming-soon/public/js-es2018/scan-worker.js(256,18): error TS2551: Property 'postMessage' does not exist on type 'typeof self'. Did you mean 'onmessage'?
coming-soon/public/js-es2018/scan-worker.js(259,18): error TS2551: Property 'postMessage' does not exist on type 'typeof self'. Did you mean 'onmessage'?
coming-soon/public/js-es2018/terminal-simulation.js(3,18): error TS2584: Cannot find name 'document'. Do you need to change your target library? Try changing the 'lib' compiler option to include 'dom'.
coming-soon/public/js-es2018/terminal-simulation.js(4,22): error TS2584: Cannot find name 'document'. Do you need to change your target library? Try changing the 'lib' compiler option to include 'dom'.
coming-soon/public/js-es2018/terminal-simulation.js(5,22): error TS2584: Cannot find name 'document'. Do you need to change your target library? Try changing the 'lib' compiler option to include 'dom'.
coming-soon/public/js-es2018/terminal-simulation.js(6,22): error TS2584: Cannot find name 'document'. Do you need to change your target library? Try changing the 'lib' compiler option to include 'dom'.
coming-soon/public/js-es2018/terminal-simulation.js(11,44): error TS2584: Cannot find name 'document'. Do you need to change your target library? Try changing the 'lib' compiler option to include 'dom'.
coming-soon/public/js-es2018/terminal-simulation.js(13,21): error TS2584: Cannot find name 'document'. Do you need to change your target library? Try changing the 'lib' compiler option to include 'dom'.
coming-soon/public/js-es2018/terminal-simulation.js(20,21): error TS2584: Cannot find name 'document'. Do you need to change your target library? Try changing the 'lib' compiler option to include 'dom'.
coming-soon/public/js-es2018/terminal-simulation.js(27,21): error TS2584: Cannot find name 'document'. Do you need to change your target library? Try changing the 'lib' compiler option to include 'dom'.
coming-soon/public/js-es2018/terminal-simulation.js(29,22): error TS2584: Cannot find name 'document'. Do you need to change your target library? Try changing the 'lib' compiler option to include 'dom'.
coming-soon/public/js-es2018/terminal-simulation.js(37,27): error TS2584: Cannot find name 'document'. Do you need to change your target library? Try changing the 'lib' compiler option to include 'dom'.
coming-soon/public/js-es2018/terminal-simulation.js(45,21): error TS2584: Cannot find name 'document'. Do you need to change your target library? Try changing the 'lib' compiler option to include 'dom'.
coming-soon/public/js-es2018/terminal-simulation.js(57,21): error TS2584: Cannot find name 'document'. Do you need to change your target library? Try changing the 'lib' compiler option to include 'dom'.
coming-soon/public/js-es2018/terminal-simulation.js(117,13): error TS2584: Cannot find name 'document'. Do you need to change your target library? Try changing the 'lib' compiler option to include 'dom'.
coming-soon/public/js-es2018/terminal-simulation.js(193,5): error TS2584: Cannot find name 'document'. Do you need to change your target library? Try changing the 'lib' compiler option to include 'dom'.
coming-soon/public/js-es2018/terminal-simulation.js(195,13): error TS2584: Cannot find name 'document'. Do you need to change your target library? Try changing the 'lib' compiler option to include 'dom'.
coming-soon/public/js/auth.js(26,9): error TS2584: Cannot find name 'document'. Do you need to change your target library? Try changing the 'lib' compiler option to include 'dom'.
coming-soon/public/js/auth.js(35,12): error TS2339: Property 'location' does not exist on type 'typeof window'.
coming-soon/public/js/auth.js(40,47): error TS2339: Property 'location' does not exist on type 'typeof window'.
coming-soon/public/js/auth.js(43,19): error TS2584: Cannot find name 'document'. Do you need to change your target library? Try changing the 'lib' compiler option to include 'dom'.
coming-soon/public/js/auth.js(56,10): error TS2339: Property 'SbAuth' does not exist on type 'typeof window'.
coming-soon/public/js/roadmap-app.js(1,5): error TS6200: Definitions of the following identifiers conflict with those in another file: currentReport, currentRoadmap, dropzone, fileInput, app, emptyState, scorecardsEl, timelineEl, projectNameEl, scanDateEl, jsonPreviewEl, toastEl, dragCounter, browseReportBtn, reportUrlInput, analyzeReportBtn, jsonPasteInput, jsonPasteBtn, loadTestReportBtn, currentFilter
coming-soon/public/js/roadmap-app.js(2,20): error TS2584: Cannot find name 'document'. Do you need to change your target library? Try changing the 'lib' compiler option to include 'dom'.
coming-soon/public/js/roadmap-app.js(2,66): error TS2584: Cannot find name 'document'. Do you need to change your target library? Try changing the 'lib' compiler option to include 'dom'.
coming-soon/public/js/roadmap-app.js(2,107): error TS2584: Cannot find name 'document'. Do you need to change your target library? Try changing the 'lib' compiler option to include 'dom'.
coming-soon/public/js/roadmap-app.js(2,149): error TS2584: Cannot find name 'document'. Do you need to change your target library? Try changing the 'lib' compiler option to include 'dom'.
coming-soon/public/js/roadmap-app.js(3,24): error TS2584: Cannot find name 'document'. Do you need to change your target library? Try changing the 'lib' compiler option to include 'dom'.
coming-soon/public/js/roadmap-app.js(3,73): error TS2584: Cannot find name 'document'. Do you need to change your target library? Try changing the 'lib' compiler option to include 'dom'.
coming-soon/public/js/roadmap-app.js(3,123): error TS2584: Cannot find name 'document'. Do you need to change your target library? Try changing the 'lib' compiler option to include 'dom'.
coming-soon/public/js/roadmap-app.js(3,173): error TS2584: Cannot find name 'document'. Do you need to change your target library? Try changing the 'lib' compiler option to include 'dom'.
coming-soon/public/js/roadmap-app.js(3,223): error TS2584: Cannot find name 'document'. Do you need to change your target library? Try changing the 'lib' compiler option to include 'dom'.
coming-soon/public/js/roadmap-app.js(3,270): error TS2584: Cannot find name 'document'. Do you need to change your target library? Try changing the 'lib' compiler option to include 'dom'.
coming-soon/public/js/roadmap-app.js(57,27): error TS2584: Cannot find name 'document'. Do you need to change your target library? Try changing the 'lib' compiler option to include 'dom'.
coming-soon/public/js/roadmap-app.js(58,26): error TS2584: Cannot find name 'document'. Do you need to change your target library? Try changing the 'lib' compiler option to include 'dom'.
coming-soon/public/js/roadmap-app.js(59,28): error TS2584: Cannot find name 'document'. Do you need to change your target library? Try changing the 'lib' compiler option to include 'dom'.
coming-soon/public/js/roadmap-app.js(76,22): error TS2339: Property 'success' does not exist on type 'unknown'.
coming-soon/public/js/roadmap-app.js(76,71): error TS2339: Property 'error' does not exist on type 'unknown'.
coming-soon/public/js/roadmap-app.js(77,34): error TS2339: Property 'content' does not exist on type 'unknown'.
coming-soon/public/js/roadmap-app.js(87,26): error TS2584: Cannot find name 'document'. Do you need to change your target library? Try changing the 'lib' compiler option to include 'dom'.
coming-soon/public/js/roadmap-app.js(87,81): error TS2584: Cannot find name 'document'. Do you need to change your target library? Try changing the 'lib' compiler option to include 'dom'.
coming-soon/public/js/roadmap-app.js(105,29): error TS2584: Cannot find name 'document'. Do you need to change your target library? Try changing the 'lib' compiler option to include 'dom'.
coming-soon/public/js/roadmap-app.js(119,24): error TS2339: Property '__SIMPLEBEACON_ENV__' does not exist on type 'typeof window'.
coming-soon/public/js/roadmap-app.js(125,35): error TS2339: Property 'type' does not exist on type 'unknown'.
coming-soon/public/js/roadmap-app.js(125,76): error TS2339: Property 'rawIssues' does not exist on type 'unknown'.
coming-soon/public/js/roadmap-app.js(125,98): error TS2339: Property 'rawIssues' does not exist on type 'unknown'.
coming-soon/public/js/roadmap-app.js(128,41): error TS2339: Property 'rawIssues' does not exist on type 'unknown'.
coming-soon/public/js/roadmap-app.js(128,63): error TS2339: Property 'rawIssues' does not exist on type 'unknown'.
coming-soon/public/js/roadmap-app.js(129,22): error TS2339: Property 'type' does not exist on type 'unknown'.
coming-soon/public/js/roadmap-app.js(141,19): error TS2304: Cannot find name 'JSZip'.
coming-soon/public/js/roadmap-app.js(143,27): error TS2304: Cannot find name 'JSZip'.
coming-soon/public/js/roadmap-app.js(156,19): error TS2304: Cannot find name 'FileReader'.
coming-soon/public/js/roadmap-app.js(171,12): error TS2304: Cannot find name 'location'.
coming-soon/public/js/roadmap-app.js(171,36): error TS2304: Cannot find name 'history'.
coming-soon/public/js/roadmap-app.js(171,65): error TS2304: Cannot find name 'location'.
coming-soon/public/js/roadmap-app.js(171,83): error TS2304: Cannot find name 'location'.
coming-soon/public/js/roadmap-app.js(193,42): error TS2584: Cannot find name 'document'. Do you need to change your target library? Try changing the 'lib' compiler option to include 'dom'.
coming-soon/public/js/roadmap-app.js(201,21): error TS2584: Cannot find name 'document'. Do you need to change your target library? Try changing the 'lib' compiler option to include 'dom'.
coming-soon/public/js/roadmap-app.js(209,9): error TS2584: Cannot find name 'document'. Do you need to change your target library? Try changing the 'lib' compiler option to include 'dom'.
coming-soon/public/js/roadmap-app.js(210,9): error TS2304: Cannot find name 'requestAnimationFrame'.
coming-soon/public/js/roadmap-app.js(830,12): error TS2304: Cannot find name 'qs'.
coming-soon/public/js/roadmap-app.js(832,127): error TS2304: Cannot find name 'qs'.
coming-soon/public/js/roadmap-app.js(833,130): error TS2304: Cannot find name 'qs'.
coming-soon/public/js/roadmap-app.js(834,89): error TS2304: Cannot find name 'qs'.
coming-soon/public/js/roadmap-app.js(837,38): error TS2304: Cannot find name 'qs'.
coming-soon/public/js/roadmap-app.js(840,23): error TS2304: Cannot find name 'qs'.
coming-soon/public/js/roadmap-app.js(840,59): error TS2304: Cannot find name 'qs'.
coming-soon/public/js/roadmap-app.js(840,119): error TS2304: Cannot find name 'qs'.
coming-soon/public/js/roadmap-app.js(841,78): error TS2304: Cannot find name 'qs'.
coming-soon/public/js/roadmap-app.js(891,12): error TS2304: Cannot find name 'qs'.
coming-soon/public/js/roadmap-app.js(909,13): error TS2339: Property 'dependsOn' does not exist on type '{ id: string; title: string; severity: string; effort: string; description: string; tasks: ({ description: string; type: string; isStructured: boolean; done?: undefined; codeSnippet?: undefined; } | { ...; } | { ...; })[]; progress: number; status: string; extraHtml: string; } | { ...; } | { ...; } | { ...; }'.
  Property 'dependsOn' does not exist on type '{ id: string; title: string; severity: string; effort: string; description: string; tasks: ({ description: string; type: string; isStructured: boolean; done?: undefined; codeSnippet?: undefined; } | { ...; } | { ...; })[]; progress: number; status: string; extraHtml: string; }'.
coming-soon/public/js/roadmap-app.js(914,15): error TS2339: Property 'dependsOn' does not exist on type '{ id: string; title: string; severity: string; effort: string; description: string; tasks: ({ description: string; type: string; isStructured: boolean; done?: undefined; codeSnippet?: undefined; } | { ...; } | { ...; })[]; progress: number; status: string; extraHtml: string; } | { ...; } | { ...; } | { ...; }'.
  Property 'dependsOn' does not exist on type '{ id: string; title: string; severity: string; effort: string; description: string; tasks: ({ description: string; type: string; isStructured: boolean; done?: undefined; codeSnippet?: undefined; } | { ...; } | { ...; })[]; progress: number; status: string; extraHtml: string; }'.
coming-soon/public/js/roadmap-app.js(915,43): error TS2339: Property 'dependsOn' does not exist on type '{ id: string; title: string; severity: string; effort: string; description: string; tasks: ({ description: string; type: string; isStructured: boolean; done?: undefined; codeSnippet?: undefined; } | { ...; } | { ...; })[]; progress: number; status: string; extraHtml: string; } | { ...; } | { ...; } | { ...; }'.
  Property 'dependsOn' does not exist on type '{ id: string; title: string; severity: string; effort: string; description: string; tasks: ({ description: string; type: string; isStructured: boolean; done?: undefined; codeSnippet?: undefined; } | { ...; } | { ...; })[]; progress: number; status: string; extraHtml: string; }'.
coming-soon/public/js/roadmap-app.js(976,74): error TS2339: Property 'filePath' does not exist on type '{ sev: any; type: any; count: any; files: any; impact: any; fix: any; humanReadable: any; }'.
coming-soon/public/js/roadmap-app.js(976,92): error TS2339: Property 'filePath' does not exist on type '{ sev: any; type: any; count: any; files: any; impact: any; fix: any; humanReadable: any; }'.
coming-soon/public/js/roadmap-app.js(976,110): error TS2339: Property 'filePath' does not exist on type '{ sev: any; type: any; count: any; files: any; impact: any; fix: any; humanReadable: any; }'.
coming-soon/public/js/roadmap-app.js(976,128): error TS2339: Property 'filePath' does not exist on type '{ sev: any; type: any; count: any; files: any; impact: any; fix: any; humanReadable: any; }'.
coming-soon/public/js/roadmap-app.js(996,18): error TS2584: Cannot find name 'document'. Do you need to change your target library? Try changing the 'lib' compiler option to include 'dom'.
coming-soon/public/js/roadmap-app.js(998,19): error TS2584: Cannot find name 'document'. Do you need to change your target library? Try changing the 'lib' compiler option to include 'dom'.
coming-soon/public/js/roadmap-app.js(1002,19): error TS2584: Cannot find name 'document'. Do you need to change your target library? Try changing the 'lib' compiler option to include 'dom'.
coming-soon/public/js/roadmap-app.js(1006,21): error TS2584: Cannot find name 'document'. Do you need to change your target library? Try changing the 'lib' compiler option to include 'dom'.
coming-soon/public/js/roadmap-app.js(1010,19): error TS2584: Cannot find name 'document'. Do you need to change your target library? Try changing the 'lib' compiler option to include 'dom'.
coming-soon/public/js/roadmap-app.js(1012,20): error TS2584: Cannot find name 'document'. Do you need to change your target library? Try changing the 'lib' compiler option to include 'dom'.
coming-soon/public/js/roadmap-app.js(1026,29): error TS2584: Cannot find name 'document'. Do you need to change your target library? Try changing the 'lib' compiler option to include 'dom'.
coming-soon/public/js/roadmap-app.js(1031,27): error TS2584: Cannot find name 'document'. Do you need to change your target library? Try changing the 'lib' compiler option to include 'dom'.
coming-soon/public/js/roadmap-app.js(1033,24): error TS2584: Cannot find name 'document'. Do you need to change your target library? Try changing the 'lib' compiler option to include 'dom'.
coming-soon/public/js/roadmap-app.js(1035,19): error TS2584: Cannot find name 'document'. Do you need to change your target library? Try changing the 'lib' compiler option to include 'dom'.
coming-soon/public/js/roadmap-app.js(1037,18): error TS2584: Cannot find name 'document'. Do you need to change your target library? Try changing the 'lib' compiler option to include 'dom'.
coming-soon/public/js/roadmap-app.js(1040,18): error TS2584: Cannot find name 'document'. Do you need to change your target library? Try changing the 'lib' compiler option to include 'dom'.
coming-soon/public/js/roadmap-app.js(1048,24): error TS2584: Cannot find name 'document'. Do you need to change your target library? Try changing the 'lib' compiler option to include 'dom'.
coming-soon/public/js/roadmap-app.js(1054,23): error TS2584: Cannot find name 'document'. Do you need to change your target library? Try changing the 'lib' compiler option to include 'dom'.
coming-soon/public/js/roadmap-app.js(1056,18): error TS2584: Cannot find name 'document'. Do you need to change your target library? Try changing the 'lib' compiler option to include 'dom'.
coming-soon/public/js/roadmap-app.js(1060,18): error TS2584: Cannot find name 'document'. Do you need to change your target library? Try changing the 'lib' compiler option to include 'dom'.
coming-soon/public/js/roadmap-app.js(1064,18): error TS2584: Cannot find name 'document'. Do you need to change your target library? Try changing the 'lib' compiler option to include 'dom'.
coming-soon/public/js/roadmap-app.js(1073,22): error TS2584: Cannot find name 'document'. Do you need to change your target library? Try changing the 'lib' compiler option to include 'dom'.
coming-soon/public/js/roadmap-app.js(1089,28): error TS2584: Cannot find name 'document'. Do you need to change your target library? Try changing the 'lib' compiler option to include 'dom'.
coming-soon/public/js/roadmap-app.js(1099,30): error TS2584: Cannot find name 'document'. Do you need to change your target library? Try changing the 'lib' compiler option to include 'dom'.
coming-soon/public/js/roadmap-app.js(1100,32): error TS2584: Cannot find name 'document'. Do you need to change your target library? Try changing the 'lib' compiler option to include 'dom'.
coming-soon/public/js/roadmap-app.js(1101,32): error TS2584: Cannot find name 'document'. Do you need to change your target library? Try changing the 'lib' compiler option to include 'dom'.
coming-soon/public/js/roadmap-app.js(1110,14): error TS2339: Property '_roadmapProjectKey' does not exist on type 'typeof window'.
coming-soon/public/js/roadmap-app.js(1111,14): error TS2339: Property '_currentRoadmap' does not exist on type 'typeof window'.
coming-soon/public/js/roadmap-app.js(1113,20): error TS2584: Cannot find name 'document'. Do you need to change your target library? Try changing the 'lib' compiler option to include 'dom'.
coming-soon/public/js/roadmap-app.js(1126,29): error TS2584: Cannot find name 'document'. Do you need to change your target library? Try changing the 'lib' compiler option to include 'dom'.
coming-soon/public/js/roadmap-app.js(1127,36): error TS2584: Cannot find name 'document'. Do you need to change your target library? Try changing the 'lib' compiler option to include 'dom'.
coming-soon/public/js/roadmap-app.js(1128,30): error TS2584: Cannot find name 'document'. Do you need to change your target library? Try changing the 'lib' compiler option to include 'dom'.
coming-soon/public/js/roadmap-app.js(1129,31): error TS2584: Cannot find name 'document'. Do you need to change your target library? Try changing the 'lib' compiler option to include 'dom'.
coming-soon/public/js/roadmap-app.js(1163,28): error TS2584: Cannot find name 'document'. Do you need to change your target library? Try changing the 'lib' compiler option to include 'dom'.
coming-soon/public/js/roadmap-app.js(1172,20): error TS2584: Cannot find name 'document'. Do you need to change your target library? Try changing the 'lib' compiler option to include 'dom'.
coming-soon/public/js/roadmap-app.js(1176,24): error TS2584: Cannot find name 'document'. Do you need to change your target library? Try changing the 'lib' compiler option to include 'dom'.
coming-soon/public/js/roadmap-app.js(1184,31): error TS2304: Cannot find name 'IntersectionObserver'.
coming-soon/public/js/roadmap-app.js(1189,26): error TS2584: Cannot find name 'document'. Do you need to change your target library? Try changing the 'lib' compiler option to include 'dom'.
coming-soon/public/js/roadmap-app.js(1200,26): error TS2584: Cannot find name 'document'. Do you need to change your target library? Try changing the 'lib' compiler option to include 'dom'.
coming-soon/public/js/roadmap-app.js(1205,24): error TS2584: Cannot find name 'document'. Do you need to change your target library? Try changing the 'lib' compiler option to include 'dom'.
coming-soon/public/js/roadmap-app.js(1211,23): error TS2584: Cannot find name 'document'. Do you need to change your target library? Try changing the 'lib' compiler option to include 'dom'.
coming-soon/public/js/roadmap-app.js(1236,27): error TS2584: Cannot find name 'document'. Do you need to change your target library? Try changing the 'lib' compiler option to include 'dom'.
coming-soon/public/js/roadmap-app.js(1237,24): error TS2584: Cannot find name 'document'. Do you need to change your target library? Try changing the 'lib' compiler option to include 'dom'.
coming-soon/public/js/roadmap-app.js(1249,27): error TS2584: Cannot find name 'document'. Do you need to change your target library? Try changing the 'lib' compiler option to include 'dom'.
coming-soon/public/js/roadmap-app.js(1254,11): error TS2584: Cannot find name 'document'. Do you need to change your target library? Try changing the 'lib' compiler option to include 'dom'.
coming-soon/public/js/roadmap-app.js(1263,31): error TS2584: Cannot find name 'document'. Do you need to change your target library? Try changing the 'lib' compiler option to include 'dom'.
coming-soon/public/js/roadmap-app.js(1281,21): error TS2584: Cannot find name 'document'. Do you need to change your target library? Try changing the 'lib' compiler option to include 'dom'.
coming-soon/public/js/roadmap-app.js(1284,11): error TS2584: Cannot find name 'document'. Do you need to change your target library? Try changing the 'lib' compiler option to include 'dom'.
coming-soon/public/js/roadmap-app.js(1294,19): error TS2584: Cannot find name 'document'. Do you need to change your target library? Try changing the 'lib' compiler option to include 'dom'.
coming-soon/public/js/roadmap-app.js(1300,19): error TS2584: Cannot find name 'document'. Do you need to change your target library? Try changing the 'lib' compiler option to include 'dom'.
coming-soon/public/js/roadmap-app.js(1303,11): error TS2584: Cannot find name 'document'. Do you need to change your target library? Try changing the 'lib' compiler option to include 'dom'.
coming-soon/public/js/roadmap-app.js(1332,18): error TS2339: Property '_currentRoadmap' does not exist on type 'typeof window'.
coming-soon/public/js/roadmap-app.js(1333,26): error TS2339: Property '_currentRoadmap' does not exist on type 'typeof window'.
coming-soon/public/js/roadmap-app.js(1335,23): error TS2339: Property '_roadmapProjectKey' does not exist on type 'typeof window'.
coming-soon/public/js/roadmap-app.js(1336,18): error TS2584: Cannot find name 'document'. Do you need to change your target library? Try changing the 'lib' compiler option to include 'dom'.
coming-soon/public/js/roadmap-app.js(1352,18): error TS2339: Property '_currentRoadmap' does not exist on type 'typeof window'.
coming-soon/public/js/roadmap-app.js(1353,23): error TS2339: Property '_currentRoadmap' does not exist on type 'typeof window'.
coming-soon/public/js/roadmap-app.js(1354,23): error TS2339: Property '_roadmapProjectKey' does not exist on type 'typeof window'.
coming-soon/public/js/roadmap-app.js(1360,20): error TS2584: Cannot find name 'document'. Do you need to change your target library? Try changing the 'lib' compiler option to include 'dom'.
coming-soon/public/js/roadmap-app.js(1372,29): error TS2584: Cannot find name 'document'. Do you need to change your target library? Try changing the 'lib' compiler option to include 'dom'.
coming-soon/public/js/roadmap-app.js(1377,27): error TS2584: Cannot find name 'document'. Do you need to change your target library? Try changing the 'lib' compiler option to include 'dom'.
coming-soon/public/js/roadmap-app.js(1379,24): error TS2584: Cannot find name 'document'. Do you need to change your target library? Try changing the 'lib' compiler option to include 'dom'.
coming-soon/public/js/roadmap-app.js(1381,19): error TS2584: Cannot find name 'document'. Do you need to change your target library? Try changing the 'lib' compiler option to include 'dom'.
coming-soon/public/js/roadmap-app.js(1383,18): error TS2584: Cannot find name 'document'. Do you need to change your target library? Try changing the 'lib' compiler option to include 'dom'.
coming-soon/public/js/roadmap-app.js(1386,18): error TS2584: Cannot find name 'document'. Do you need to change your target library? Try changing the 'lib' compiler option to include 'dom'.
coming-soon/public/js/roadmap-app.js(1394,24): error TS2584: Cannot find name 'document'. Do you need to change your target library? Try changing the 'lib' compiler option to include 'dom'.
coming-soon/public/js/roadmap-app.js(1400,23): error TS2584: Cannot find name 'document'. Do you need to change your target library? Try changing the 'lib' compiler option to include 'dom'.
coming-soon/public/js/roadmap-app.js(1402,18): error TS2584: Cannot find name 'document'. Do you need to change your target library? Try changing the 'lib' compiler option to include 'dom'.
coming-soon/public/js/roadmap-app.js(1406,18): error TS2584: Cannot find name 'document'. Do you need to change your target library? Try changing the 'lib' compiler option to include 'dom'.
coming-soon/public/js/roadmap-app.js(1410,18): error TS2584: Cannot find name 'document'. Do you need to change your target library? Try changing the 'lib' compiler option to include 'dom'.
coming-soon/public/js/roadmap-app.js(1418,32): error TS2584: Cannot find name 'document'. Do you need to change your target library? Try changing the 'lib' compiler option to include 'dom'.
coming-soon/public/js/roadmap-app.js(1419,32): error TS2584: Cannot find name 'document'. Do you need to change your target library? Try changing the 'lib' compiler option to include 'dom'.
coming-soon/public/js/roadmap-app.js(1427,5): error TS2584: Cannot find name 'document'. Do you need to change your target library? Try changing the 'lib' compiler option to include 'dom'.
coming-soon/public/js/roadmap-app.js(1429,24): error TS2584: Cannot find name 'document'. Do you need to change your target library? Try changing the 'lib' compiler option to include 'dom'.
coming-soon/public/js/roadmap-app.js(1434,24): error TS2584: Cannot find name 'document'. Do you need to change your target library? Try changing the 'lib' compiler option to include 'dom'.
coming-soon/public/js/roadmap-app.js(1441,20): error TS2584: Cannot find name 'document'. Do you need to change your target library? Try changing the 'lib' compiler option to include 'dom'.
coming-soon/public/js/roadmap-app.js(1441,51): error TS2304: Cannot find name 'NodeFilter'.
coming-soon/public/js/roadmap-app.js(1448,20): error TS2584: Cannot find name 'document'. Do you need to change your target library? Try changing the 'lib' compiler option to include 'dom'.
coming-soon/public/js/roadmap-app.js(1457,39): error TS2584: Cannot find name 'document'. Do you need to change your target library? Try changing the 'lib' compiler option to include 'dom'.
coming-soon/public/js/roadmap-app.js(1460,38): error TS2584: Cannot find name 'document'. Do you need to change your target library? Try changing the 'lib' compiler option to include 'dom'.
coming-soon/public/js/roadmap-app.js(1467,29): error TS2584: Cannot find name 'document'. Do you need to change your target library? Try changing the 'lib' compiler option to include 'dom'.
coming-soon/public/js/roadmap-app.js(1473,22): error TS2584: Cannot find name 'document'. Do you need to change your target library? Try changing the 'lib' compiler option to include 'dom'.
coming-soon/public/js/roadmap-app.js(1474,20): error TS2584: Cannot find name 'document'. Do you need to change your target library? Try changing the 'lib' compiler option to include 'dom'.
coming-soon/public/js/roadmap-app.js(1478,9): error TS2584: Cannot find name 'document'. Do you need to change your target library? Try changing the 'lib' compiler option to include 'dom'.
coming-soon/public/js/roadmap-app.js(1479,40): error TS2584: Cannot find name 'document'. Do you need to change your target library? Try changing the 'lib' compiler option to include 'dom'.
coming-soon/public/js/roadmap-app.js(1479,118): error TS2584: Cannot find name 'document'. Do you need to change your target library? Try changing the 'lib' compiler option to include 'dom'.
coming-soon/public/js/roadmap-app.js(1481,9): error TS2584: Cannot find name 'document'. Do you need to change your target library? Try changing the 'lib' compiler option to include 'dom'.
coming-soon/public/js/roadmap-app.js(1487,9): error TS2584: Cannot find name 'document'. Do you need to change your target library? Try changing the 'lib' compiler option to include 'dom'.
coming-soon/public/js/roadmap-app.js(1496,19): error TS2339: Property '_currentRoadmap' does not exist on type 'typeof window'.
coming-soon/public/js/roadmap-app.js(1497,25): error TS2339: Property '_currentRoadmap' does not exist on type 'typeof window'.
coming-soon/public/js/roadmap-app.js(1498,25): error TS2339: Property '_roadmapProjectKey' does not exist on type 'typeof window'.
coming-soon/public/js/roadmap-app.js(1518,21): error TS2584: Cannot find name 'document'. Do you need to change your target library? Try changing the 'lib' compiler option to include 'dom'.
coming-soon/public/js/roadmap-app.js(1519,24): error TS2584: Cannot find name 'document'. Do you need to change your target library? Try changing the 'lib' compiler option to include 'dom'.
coming-soon/public/js/roadmap-app.js(1520,21): error TS2584: Cannot find name 'document'. Do you need to change your target library? Try changing the 'lib' compiler option to include 'dom'.
coming-soon/public/js/roadmap-app.js(1521,22): error TS2584: Cannot find name 'document'. Do you need to change your target library? Try changing the 'lib' compiler option to include 'dom'.
coming-soon/public/js/roadmap-app.js(1522,21): error TS2584: Cannot find name 'document'. Do you need to change your target library? Try changing the 'lib' compiler option to include 'dom'.
coming-soon/public/js/roadmap-app.js(1523,24): error TS2584: Cannot find name 'document'. Do you need to change your target library? Try changing the 'lib' compiler option to include 'dom'.
coming-soon/public/js/roadmap-app.js(1536,7): error TS2584: Cannot find name 'document'. Do you need to change your target library? Try changing the 'lib' compiler option to include 'dom'.
coming-soon/public/js/roadmap-app.js(1543,7): error TS2584: Cannot find name 'document'. Do you need to change your target library? Try changing the 'lib' compiler option to include 'dom'.
coming-soon/public/js/roadmap-app.js(1589,7): error TS2584: Cannot find name 'document'. Do you need to change your target library? Try changing the 'lib' compiler option to include 'dom'.
coming-soon/public/js/roadmap-app.js(1606,13): error TS2584: Cannot find name 'document'. Do you need to change your target library? Try changing the 'lib' compiler option to include 'dom'.
coming-soon/public/js/roadmap-app.js(1624,7): error TS2584: Cannot find name 'document'. Do you need to change your target library? Try changing the 'lib' compiler option to include 'dom'.
coming-soon/public/js/roadmap-app.js(1629,30): error TS2339: Property '_currentRoadmap' does not exist on type 'typeof window'.
coming-soon/public/js/roadmap-app.js(1639,21): error TS2339: Property 'clipboard' does not exist on type 'Navigator'.
coming-soon/public/js/roadmap-app.js(1642,7): error TS2584: Cannot find name 'document'. Do you need to change your target library? Try changing the 'lib' compiler option to include 'dom'.
coming-soon/public/js/roadmap-app.js(1647,21): error TS2339: Property 'clipboard' does not exist on type 'Navigator'.
coming-soon/public/js/roadmap-app.js(1650,7): error TS2584: Cannot find name 'document'. Do you need to change your target library? Try changing the 'lib' compiler option to include 'dom'.
coming-soon/public/js/roadmap-app.js(1659,7): error TS2584: Cannot find name 'document'. Do you need to change your target library? Try changing the 'lib' compiler option to include 'dom'.
coming-soon/public/js/roadmap-app.js(1661,11): error TS2584: Cannot find name 'document'. Do you need to change your target library? Try changing the 'lib' compiler option to include 'dom'.
coming-soon/public/js/roadmap-app.js(1667,7): error TS2584: Cannot find name 'document'. Do you need to change your target library? Try changing the 'lib' compiler option to include 'dom'.
coming-soon/public/js/roadmap-app.js(1674,7): error TS2584: Cannot find name 'document'. Do you need to change your target library? Try changing the 'lib' compiler option to include 'dom'.
coming-soon/public/js/roadmap-app.js(1711,32): error TS2339: Property '_currentRoadmap' does not exist on type 'typeof window'.
coming-soon/public/js/roadmap-app.js(1725,23): error TS2339: Property 'clipboard' does not exist on type 'Navigator'.
coming-soon/public/js/roadmap-app.js(1730,7): error TS2584: Cannot find name 'document'. Do you need to change your target library? Try changing the 'lib' compiler option to include 'dom'.
coming-soon/public/js/roadmap-app.js(1732,34): error TS2584: Cannot find name 'document'. Do you need to change your target library? Try changing the 'lib' compiler option to include 'dom'.
coming-soon/public/js/roadmap-app.js(1748,7): error TS2584: Cannot find name 'document'. Do you need to change your target library? Try changing the 'lib' compiler option to include 'dom'.
coming-soon/public/js/roadmap-app.js(1762,17): error TS2304: Cannot find name 'html2pdf'.
coming-soon/public/js/roadmap-app.js(1766,19): error TS2584: Cannot find name 'document'. Do you need to change your target library? Try changing the 'lib' compiler option to include 'dom'.
coming-soon/public/js/roadmap-app.js(1775,21): error TS2584: Cannot find name 'document'. Do you need to change your target library? Try changing the 'lib' compiler option to include 'dom'.
coming-soon/public/js/roadmap-app.js(1782,20): error TS2584: Cannot find name 'document'. Do you need to change your target library? Try changing the 'lib' compiler option to include 'dom'.
coming-soon/public/js/roadmap-app.js(1787,19): error TS2584: Cannot find name 'document'. Do you need to change your target library? Try changing the 'lib' compiler option to include 'dom'.
coming-soon/public/js/roadmap-app.js(1791,18): error TS2584: Cannot find name 'document'. Do you need to change your target library? Try changing the 'lib' compiler option to include 'dom'.
coming-soon/public/js/roadmap-app.js(1796,21): error TS2584: Cannot find name 'document'. Do you need to change your target library? Try changing the 'lib' compiler option to include 'dom'.
coming-soon/public/js/roadmap-app.js(1808,19): error TS2584: Cannot find name 'document'. Do you need to change your target library? Try changing the 'lib' compiler option to include 'dom'.
coming-soon/public/js/roadmap-app.js(1810,22): error TS2584: Cannot find name 'document'. Do you need to change your target library? Try changing the 'lib' compiler option to include 'dom'.
coming-soon/public/js/roadmap-app.js(1814,22): error TS2584: Cannot find name 'document'. Do you need to change your target library? Try changing the 'lib' compiler option to include 'dom'.
coming-soon/public/js/roadmap-app.js(1820,24): error TS2584: Cannot find name 'document'. Do you need to change your target library? Try changing the 'lib' compiler option to include 'dom'.
coming-soon/public/js/roadmap-app.js(1835,24): error TS2339: Property 'getComputedStyle' does not exist on type 'typeof window'.
coming-soon/public/js/roadmap-app.js(1843,20): error TS2584: Cannot find name 'document'. Do you need to change your target library? Try changing the 'lib' compiler option to include 'dom'.
coming-soon/public/js/roadmap-app.js(1852,7): error TS2584: Cannot find name 'document'. Do you need to change your target library? Try changing the 'lib' compiler option to include 'dom'.
coming-soon/public/js/roadmap-app.js(1860,7): error TS2304: Cannot find name 'html2pdf'.
coming-soon/public/js/roadmap-app.js(1861,9): error TS2584: Cannot find name 'document'. Do you need to change your target library? Try changing the 'lib' compiler option to include 'dom'.
coming-soon/public/js/roadmap-app.js(1864,31): error TS2584: Cannot find name 'document'. Do you need to change your target library? Try changing the 'lib' compiler option to include 'dom'.
coming-soon/public/js/roadmap-app.js(2010,15): error TS2584: Cannot find name 'document'. Do you need to change your target library? Try changing the 'lib' compiler option to include 'dom'.
coming-soon/public/js/roadmap-app.js(2116,15): error TS2584: Cannot find name 'document'. Do you need to change your target library? Try changing the 'lib' compiler option to include 'dom'.
coming-soon/public/js/roadmap-app.js(2120,24): error TS2304: Cannot find name 'FileReader'.
coming-soon/public/js/roadmap-app.js(2286,15): error TS2584: Cannot find name 'document'. Do you need to change your target library? Try changing the 'lib' compiler option to include 'dom'.
coming-soon/public/js/roadmap-app.js(2289,5): error TS2584: Cannot find name 'document'. Do you need to change your target library? Try changing the 'lib' compiler option to include 'dom'.
coming-soon/public/js/roadmap-app.js(2290,5): error TS2584: Cannot find name 'document'. Do you need to change your target library? Try changing the 'lib' compiler option to include 'dom'.
coming-soon/public/js/roadmap-app.js(2291,5): error TS2584: Cannot find name 'document'. Do you need to change your target library? Try changing the 'lib' compiler option to include 'dom'.
coming-soon/public/js/roadmap-app.js(2291,1048): error TS2339: Property 'clipboard' does not exist on type 'Navigator'.
coming-soon/public/js/roadmap-app.js(2291,1151): error TS2339: Property 'clipboard' does not exist on type 'Navigator'.
coming-soon/public/js/roadmap-app.js(2292,5): error TS2584: Cannot find name 'document'. Do you need to change your target library? Try changing the 'lib' compiler option to include 'dom'.
coming-soon/public/js/roadmap-app.js(2292,1502): error TS2339: Property 'clipboard' does not exist on type 'Navigator'.
coming-soon/public/js/roadmap-app.js(2292,1605): error TS2339: Property 'clipboard' does not exist on type 'Navigator'.
coming-soon/public/js/roadmap-app.js(2293,5): error TS2584: Cannot find name 'document'. Do you need to change your target library? Try changing the 'lib' compiler option to include 'dom'.
coming-soon/public/js/roadmap-app.js(2293,1713): error TS2584: Cannot find name 'document'. Do you need to change your target library? Try changing the 'lib' compiler option to include 'dom'.
coming-soon/public/js/roadmap-app.js(2294,5): error TS2584: Cannot find name 'document'. Do you need to change your target library? Try changing the 'lib' compiler option to include 'dom'.
coming-soon/public/js/roadmap-app.js(2294,1352): error TS2584: Cannot find name 'document'. Do you need to change your target library? Try changing the 'lib' compiler option to include 'dom'.
coming-soon/public/js/roadmap-app.js(2295,5): error TS2584: Cannot find name 'document'. Do you need to change your target library? Try changing the 'lib' compiler option to include 'dom'.
coming-soon/public/js/roadmap-app.js(2296,5): error TS2584: Cannot find name 'document'. Do you need to change your target library? Try changing the 'lib' compiler option to include 'dom'.
coming-soon/public/js/roadmap-app.js(2297,5): error TS2584: Cannot find name 'document'. Do you need to change your target library? Try changing the 'lib' compiler option to include 'dom'.
coming-soon/public/js/roadmap-app.js(2298,5): error TS2584: Cannot find name 'document'. Do you need to change your target library? Try changing the 'lib' compiler option to include 'dom'.
coming-soon/public/js/roadmap-app.js(2318,15): error TS2584: Cannot find name 'document'. Do you need to change your target library? Try changing the 'lib' compiler option to include 'dom'.
coming-soon/public/js/roadmap-app.js(2321,5): error TS2584: Cannot find name 'document'. Do you need to change your target library? Try changing the 'lib' compiler option to include 'dom'.
coming-soon/public/js/roadmap-app.js(2321,76): error TS2584: Cannot find name 'document'. Do you need to change your target library? Try changing the 'lib' compiler option to include 'dom'.
coming-soon/public/js/roadmap-app.js(2322,5): error TS2584: Cannot find name 'document'. Do you need to change your target library? Try changing the 'lib' compiler option to include 'dom'.
coming-soon/public/js/roadmap-app.js(2326,23): error TS2584: Cannot find name 'document'. Do you need to change your target library? Try changing the 'lib' compiler option to include 'dom'.
coming-soon/public/js/roadmap-app.js(2328,26): error TS2304: Cannot find name 'IntersectionObserver'.
coming-soon/public/js/roadmap-app.js(2333,18): error TS2584: Cannot find name 'document'. Do you need to change your target library? Try changing the 'lib' compiler option to include 'dom'.
coming-soon/public/js/roadmap-app.js(2339,20): error TS2584: Cannot find name 'document'. Do you need to change your target library? Try changing the 'lib' compiler option to include 'dom'.
coming-soon/public/js/roadmap-app.js(2340,19): error TS2584: Cannot find name 'document'. Do you need to change your target library? Try changing the 'lib' compiler option to include 'dom'.
coming-soon/public/js/roadmap-app.js(2356,20): error TS2584: Cannot find name 'document'. Do you need to change your target library? Try changing the 'lib' compiler option to include 'dom'.
coming-soon/public/js/roadmap-app.js(2357,23): error TS2584: Cannot find name 'document'. Do you need to change your target library? Try changing the 'lib' compiler option to include 'dom'.
coming-soon/public/js/roadmap-app.js(2389,102): error TS2345: Argument of type 'string' is not assignable to parameter of type 'number'.
coming-soon/public/js/roadmap-app.js(2415,5): error TS2584: Cannot find name 'document'. Do you need to change your target library? Try changing the 'lib' compiler option to include 'dom'.
coming-soon/public/js/roadmap-app.js(2415,269): error TS2304: Cannot find name 'location'.
coming-soon/public/js/roadmap-app.js(2415,315): error TS2304: Cannot find name 'location'.
coming-soon/public/js/roadmap-app.js(2415,338): error TS2304: Cannot find name 'location'.
coming-soon/public/js/roadmap-app.js(2415,352): error TS2304: Cannot find name 'location'.
coming-soon/public/js/roadmap-app.js(2415,412): error TS2339: Property 'clipboard' does not exist on type 'Navigator'.
coming-soon/public/js/roadmap-app.js(2417,10): error TS2304: Cannot find name 'location'.
coming-soon/public/js/roadmap-app.js(2419,52): error TS2304: Cannot find name 'location'.
coming-soon/public/js/roadmap-app.js(2422,92): error TS2304: Cannot find name 'history'.
coming-soon/public/js/roadmap-app.js(2422,121): error TS2304: Cannot find name 'location'.
coming-soon/public/js/roadmap-app.js(2422,139): error TS2304: Cannot find name 'location'.
coming-soon/public/js/scan-worker.js(6,7): error TS2451: Cannot redeclare block-scoped variable 'MAX_DISCOVERED_FILES'.
coming-soon/public/js/scan-worker.js(8,7): error TS2451: Cannot redeclare block-scoped variable 'LANGUAGE_REGISTRY'.
coming-soon/public/js/scan-worker.js(19,7): error TS2451: Cannot redeclare block-scoped variable 'PATTERN_REGISTRY'.
coming-soon/public/js/scan-worker.js(94,7): error TS2451: Cannot redeclare block-scoped variable 'SEVERITY_MAP'.
coming-soon/public/js/scan-worker.js(236,22): error TS2551: Property 'postMessage' does not exist on type 'typeof self'. Did you mean 'onmessage'?
coming-soon/public/js/scan-worker.js(243,10): error TS2551: Property 'postMessage' does not exist on type 'typeof self'. Did you mean 'onmessage'?
coming-soon/public/js/scan-worker.js(245,14): error TS2551: Property 'postMessage' does not exist on type 'typeof self'. Did you mean 'onmessage'?
coming-soon/public/js/scan-worker.js(262,14): error TS2551: Property 'postMessage' does not exist on type 'typeof self'. Did you mean 'onmessage'?
coming-soon/public/js/scan-worker.js(266,18): error TS2551: Property 'postMessage' does not exist on type 'typeof self'. Did you mean 'onmessage'?
coming-soon/public/js/scan-worker.js(268,18): error TS2551: Property 'postMessage' does not exist on type 'typeof self'. Did you mean 'onmessage'?
coming-soon/public/js/terminal-simulation.js(3,16): error TS2584: Cannot find name 'document'. Do you need to change your target library? Try changing the 'lib' compiler option to include 'dom'.
coming-soon/public/js/terminal-simulation.js(4,20): error TS2584: Cannot find name 'document'. Do you need to change your target library? Try changing the 'lib' compiler option to include 'dom'.
coming-soon/public/js/terminal-simulation.js(5,20): error TS2584: Cannot find name 'document'. Do you need to change your target library? Try changing the 'lib' compiler option to include 'dom'.
coming-soon/public/js/terminal-simulation.js(6,20): error TS2584: Cannot find name 'document'. Do you need to change your target library? Try changing the 'lib' compiler option to include 'dom'.
coming-soon/public/js/terminal-simulation.js(13,42): error TS2584: Cannot find name 'document'. Do you need to change your target library? Try changing the 'lib' compiler option to include 'dom'.
coming-soon/public/js/terminal-simulation.js(16,17): error TS2584: Cannot find name 'document'. Do you need to change your target library? Try changing the 'lib' compiler option to include 'dom'.
coming-soon/public/js/terminal-simulation.js(24,17): error TS2584: Cannot find name 'document'. Do you need to change your target library? Try changing the 'lib' compiler option to include 'dom'.
coming-soon/public/js/terminal-simulation.js(32,17): error TS2584: Cannot find name 'document'. Do you need to change your target library? Try changing the 'lib' compiler option to include 'dom'.
coming-soon/public/js/terminal-simulation.js(34,18): error TS2584: Cannot find name 'document'. Do you need to change your target library? Try changing the 'lib' compiler option to include 'dom'.
coming-soon/public/js/terminal-simulation.js(41,21): error TS2584: Cannot find name 'document'. Do you need to change your target library? Try changing the 'lib' compiler option to include 'dom'.
coming-soon/public/js/terminal-simulation.js(50,17): error TS2584: Cannot find name 'document'. Do you need to change your target library? Try changing the 'lib' compiler option to include 'dom'.
coming-soon/public/js/terminal-simulation.js(62,17): error TS2584: Cannot find name 'document'. Do you need to change your target library? Try changing the 'lib' compiler option to include 'dom'.
coming-soon/public/js/terminal-simulation.js(126,7): error TS2584: Cannot find name 'document'. Do you need to change your target library? Try changing the 'lib' compiler option to include 'dom'.
coming-soon/public/js/terminal-simulation.js(215,3): error TS2584: Cannot find name 'document'. Do you need to change your target library? Try changing the 'lib' compiler option to include 'dom'.
coming-soon/public/js/terminal-simulation.js(217,7): error TS2584: Cannot find name 'document'. Do you need to change your target library? Try changing the 'lib' compiler option to include 'dom'.
coming-soon/public/site-config.js(55,20): error TS2304: Cannot find name 'location'.
coming-soon/public/site-config.js(55,49): error TS2304: Cannot find name 'location'.
coming-soon/public/site-config.js(55,86): error TS2304: Cannot find name 'location'.
coming-soon/public/site-config.js(55,123): error TS2304: Cannot find name 'location'.
coming-soon/public/site-config.js(289,28): error TS2339: Property 'success' does not exist on type 'unknown'.
coming-soon/public/site-config.js(289,45): error TS2339: Property 'pricing' does not exist on type 'unknown'.
coming-soon/public/site-config.js(291,24): error TS2339: Property 'pricing' does not exist on type 'unknown'.
coming-soon/routes/admin.cjs(125,21): error TS2459: Module '"./checkout.cjs"' declares 'sessionTokenStore' locally, but it is not exported.
coming-soon/routes/email.cjs(79,49): error TS2362: The left-hand side of an arithmetic operation must be of type 'any', 'number', 'bigint' or an enum type.
coming-soon/routes/subscriptions-billing.cjs(274,31): error TS2304: Cannot find name 'PRICE_ENTERPRISE_MONTHLY'.
coming-soon/routes/subscriptions-billing.cjs(276,38): error TS2304: Cannot find name 'PRICE_COMPLIANCE_MONTHLY'.
coming-soon/routes/subscriptions-billing.cjs(278,38): error TS2304: Cannot find name 'PRICE_TEAM_MONTHLY'.
coming-soon/server.cjs(337,24): error TS2339: Property 'prepare' does not exist on type 'typeof import("C:/Users/Trevor/CascadeProjects/coming-soon/lib/db")'.
coming-soon/server.cjs(337,37): error TS2339: Property 'prepare' does not exist on type 'typeof import("C:/Users/Trevor/CascadeProjects/coming-soon/lib/db")'.
coming-soon/server.cjs(337,80): error TS2339: Property 'get' does not exist on type 'typeof import("C:/Users/Trevor/CascadeProjects/coming-soon/lib/db")'.
coming-soon/server.cjs(1010,30): error TS2362: The left-hand side of an arithmetic operation must be of type 'any', 'number', 'bigint' or an enum type.
coming-soon/server.cjs(1010,61): error TS2363: The right-hand side of an arithmetic operation must be of type 'any', 'number', 'bigint' or an enum type.
coming-soon/services/email.cjs(22,23): error TS2345: Argument of type '{ id: string; to: any; subject: any; text: any; html: any; }' is not assignable to parameter of type '{ id: any; to: any; subject: any; text: any; html: any; provider: any; providerMessageId: any; }'.
  Type '{ id: string; to: any; subject: any; text: any; html: any; }' is missing the following properties from type '{ id: any; to: any; subject: any; text: any; html: any; provider: any; providerMessageId: any; }': provider, providerMessageId
coming-soon/services/email.cjs(78,23): error TS2345: Argument of type '{ id: any; to: any; subject: any; text: any; html: any; }' is not assignable to parameter of type '{ id: any; to: any; subject: any; text: any; html: any; provider: any; providerMessageId: any; }'.
  Type '{ id: any; to: any; subject: any; text: any; html: any; }' is missing the following properties from type '{ id: any; to: any; subject: any; text: any; html: any; provider: any; providerMessageId: any; }': provider, providerMessageId
coming-soon/services/email.cjs(90,27): error TS2345: Argument of type '{ to: any; subject: any; text: any; html: any; }' is not assignable to parameter of type '{ to: any; from: any; subject: any; text: any; html: any; }'.
  Property 'from' is missing in type '{ to: any; subject: any; text: any; html: any; }' but required in type '{ to: any; from: any; subject: any; text: any; html: any; }'.
coming-soon/site-config.js(55,20): error TS2304: Cannot find name 'location'.
coming-soon/site-config.js(55,49): error TS2304: Cannot find name 'location'.
coming-soon/site-config.js(55,86): error TS2304: Cannot find name 'location'.
coming-soon/site-config.js(55,123): error TS2304: Cannot find name 'location'.
coming-soon/site-config.js(289,28): error TS2339: Property 'success' does not exist on type 'unknown'.
coming-soon/site-config.js(289,45): error TS2339: Property 'pricing' does not exist on type 'unknown'.
coming-soon/site-config.js(291,24): error TS2339: Property 'pricing' does not exist on type 'unknown'.
coming-soon/test/payment-workflow-v2.test.cjs(164,35): error TS2362: The left-hand side of an arithmetic operation must be of type 'any', 'number', 'bigint' or an enum type.
coming-soon/test/payment-workflow-v2.test.cjs(164,48): error TS2363: The right-hand side of an arithmetic operation must be of type 'any', 'number', 'bigint' or an enum type.
coming-soon/test/payment-workflow.test.cjs(297,35): error TS2362: The left-hand side of an arithmetic operation must be of type 'any', 'number', 'bigint' or an enum type.
coming-soon/test/payment-workflow.test.cjs(297,48): error TS2363: The right-hand side of an arithmetic operation must be of type 'any', 'number', 'bigint' or an enum type.
packages/simplebeacon-cli/bin/simplebeacon.js(609,57): error TS2554: Expected 1 arguments, but got 2.
packages/simplebeacon-cli/bin/simplebeacon.js(640,38): error TS2345: Argument of type 'string' is not assignable to parameter of type 'string[]'.
packages/simplebeacon-cli/bin/simplebeacon.js(690,80): error TS2554: Expected 2 arguments, but got 3.
packages/simplebeacon-cli/bin/simplebeacon.js(825,65): error TS2554: Expected 1 arguments, but got 2.
packages/simplebeacon-cli/bin/simplebeacon.js(827,45): error TS2345: Argument of type 'string' is not assignable to parameter of type 'string[]'.
packages/simplebeacon-cli/bin/simplebeacon.js(874,34): error TS2339: Property 'error' does not exist on type 'unknown'.
packages/simplebeacon-cli/bin/simplebeacon.js(876,52): error TS2339: Property 'reportId' does not exist on type 'unknown'.
packages/simplebeacon-cli/bin/simplebeacon.js(877,90): error TS2339: Property 'reportId' does not exist on type 'unknown'.
packages/simplebeacon-cli/bin/simplebeacon.js(896,78): error TS2554: Expected 0-1 arguments, but got 2.
packages/simplebeacon-cli/bin/simplebeacon.js(953,57): error TS2554: Expected 1 arguments, but got 2.
packages/simplebeacon-cli/bin/simplebeacon.js(954,34): error TS2345: Argument of type 'string' is not assignable to parameter of type 'string[]'.
packages/simplebeacon-cli/bin/simplebeacon.js(980,82): error TS2554: Expected 2 arguments, but got 3.
packages/simplebeacon-cli/bin/simplebeacon.js(1010,88): error TS2554: Expected 2 arguments, but got 3.
packages/simplebeacon-cli/bin/simplebeacon.js(1060,55): error TS2554: Expected 1 arguments, but got 2.
packages/simplebeacon-cli/bin/simplebeacon.js(1079,55): error TS2554: Expected 2 arguments, but got 3.
packages/simplebeacon-cli/bin/simplebeacon.js(1118,85): error TS2554: Expected 2 arguments, but got 3.
packages/simplebeacon-cli/bin/simplebeacon.js(1300,94): error TS2554: Expected 2 arguments, but got 3.
packages/simplebeacon-cli/bin/simplebeacon.js(1560,57): error TS2554: Expected 1 arguments, but got 2.
packages/simplebeacon-cli/bin/simplebeacon.js(1570,34): error TS2345: Argument of type 'string' is not assignable to parameter of type 'string[]'.
packages/simplebeacon-cli/bin/simplebeacon.js(1599,62): error TS2554: Expected 2 arguments, but got 3.
packages/simplebeacon-cli/src/__tests__/compliance-checklist.test.js(17,1): error TS2582: Cannot find name 'describe'. Do you need to install type definitions for a test runner? Try `npm i --save-dev @types/jest` or `npm i --save-dev @types/mocha`.
packages/simplebeacon-cli/src/__tests__/compliance-checklist.test.js(18,5): error TS2582: Cannot find name 'describe'. Do you need to install type definitions for a test runner? Try `npm i --save-dev @types/jest` or `npm i --save-dev @types/mocha`.
packages/simplebeacon-cli/src/__tests__/compliance-checklist.test.js(19,9): error TS2582: Cannot find name 'it'. Do you need to install type definitions for a test runner? Try `npm i --save-dev @types/jest` or `npm i --save-dev @types/mocha`.
packages/simplebeacon-cli/src/__tests__/compliance-checklist.test.js(21,13): error TS2304: Cannot find name 'expect'.
packages/simplebeacon-cli/src/__tests__/compliance-checklist.test.js(24,9): error TS2582: Cannot find name 'it'. Do you need to install type definitions for a test runner? Try `npm i --save-dev @types/jest` or `npm i --save-dev @types/mocha`.
packages/simplebeacon-cli/src/__tests__/compliance-checklist.test.js(26,13): error TS2304: Cannot find name 'expect'.
packages/simplebeacon-cli/src/__tests__/compliance-checklist.test.js(30,5): error TS2582: Cannot find name 'describe'. Do you need to install type definitions for a test runner? Try `npm i --save-dev @types/jest` or `npm i --save-dev @types/mocha`.
packages/simplebeacon-cli/src/__tests__/compliance-checklist.test.js(31,9): error TS2582: Cannot find name 'it'. Do you need to install type definitions for a test runner? Try `npm i --save-dev @types/jest` or `npm i --save-dev @types/mocha`.
packages/simplebeacon-cli/src/__tests__/compliance-checklist.test.js(36,13): error TS2304: Cannot find name 'expect'.
packages/simplebeacon-cli/src/__tests__/compliance-checklist.test.js(39,9): error TS2582: Cannot find name 'it'. Do you need to install type definitions for a test runner? Try `npm i --save-dev @types/jest` or `npm i --save-dev @types/mocha`.
packages/simplebeacon-cli/src/__tests__/compliance-checklist.test.js(44,13): error TS2304: Cannot find name 'expect'.
packages/simplebeacon-cli/src/__tests__/compliance-checklist.test.js(45,13): error TS2304: Cannot find name 'expect'.
packages/simplebeacon-cli/src/__tests__/compliance-checklist.test.js(48,9): error TS2582: Cannot find name 'it'. Do you need to install type definitions for a test runner? Try `npm i --save-dev @types/jest` or `npm i --save-dev @types/mocha`.
packages/simplebeacon-cli/src/__tests__/compliance-checklist.test.js(53,13): error TS2304: Cannot find name 'expect'.
packages/simplebeacon-cli/src/__tests__/compliance-checklist.test.js(56,9): error TS2582: Cannot find name 'it'. Do you need to install type definitions for a test runner? Try `npm i --save-dev @types/jest` or `npm i --save-dev @types/mocha`.
packages/simplebeacon-cli/src/__tests__/compliance-checklist.test.js(61,13): error TS2304: Cannot find name 'expect'.
packages/simplebeacon-cli/src/__tests__/compliance-checklist.test.js(64,9): error TS2582: Cannot find name 'it'. Do you need to install type definitions for a test runner? Try `npm i --save-dev @types/jest` or `npm i --save-dev @types/mocha`.
packages/simplebeacon-cli/src/__tests__/compliance-checklist.test.js(69,13): error TS2304: Cannot find name 'expect'.
packages/simplebeacon-cli/src/__tests__/compliance-checklist.test.js(72,9): error TS2582: Cannot find name 'it'. Do you need to install type definitions for a test runner? Try `npm i --save-dev @types/jest` or `npm i --save-dev @types/mocha`.
packages/simplebeacon-cli/src/__tests__/compliance-checklist.test.js(77,13): error TS2304: Cannot find name 'expect'.
packages/simplebeacon-cli/src/__tests__/compliance-checklist.test.js(80,9): error TS2582: Cannot find name 'it'. Do you need to install type definitions for a test runner? Try `npm i --save-dev @types/jest` or `npm i --save-dev @types/mocha`.
packages/simplebeacon-cli/src/__tests__/compliance-checklist.test.js(85,13): error TS2304: Cannot find name 'expect'.
packages/simplebeacon-cli/src/__tests__/compliance-checklist.test.js(88,9): error TS2582: Cannot find name 'it'. Do you need to install type definitions for a test runner? Try `npm i --save-dev @types/jest` or `npm i --save-dev @types/mocha`.
packages/simplebeacon-cli/src/__tests__/compliance-checklist.test.js(93,13): error TS2304: Cannot find name 'expect'.
packages/simplebeacon-cli/src/__tests__/compliance-checklist.test.js(96,9): error TS2582: Cannot find name 'it'. Do you need to install type definitions for a test runner? Try `npm i --save-dev @types/jest` or `npm i --save-dev @types/mocha`.
packages/simplebeacon-cli/src/__tests__/compliance-checklist.test.js(101,13): error TS2304: Cannot find name 'expect'.
packages/simplebeacon-cli/src/__tests__/compliance-checklist.test.js(104,9): error TS2582: Cannot find name 'it'. Do you need to install type definitions for a test runner? Try `npm i --save-dev @types/jest` or `npm i --save-dev @types/mocha`.
packages/simplebeacon-cli/src/__tests__/compliance-checklist.test.js(109,13): error TS2304: Cannot find name 'expect'.
packages/simplebeacon-cli/src/__tests__/compliance-checklist.test.js(112,9): error TS2582: Cannot find name 'it'. Do you need to install type definitions for a test runner? Try `npm i --save-dev @types/jest` or `npm i --save-dev @types/mocha`.
packages/simplebeacon-cli/src/__tests__/compliance-checklist.test.js(117,13): error TS2304: Cannot find name 'expect'.
packages/simplebeacon-cli/src/__tests__/compliance-checklist.test.js(120,9): error TS2582: Cannot find name 'it'. Do you need to install type definitions for a test runner? Try `npm i --save-dev @types/jest` or `npm i --save-dev @types/mocha`.
packages/simplebeacon-cli/src/__tests__/compliance-checklist.test.js(125,13): error TS2304: Cannot find name 'expect'.
packages/simplebeacon-cli/src/__tests__/compliance-checklist.test.js(128,9): error TS2582: Cannot find name 'it'. Do you need to install type definitions for a test runner? Try `npm i --save-dev @types/jest` or `npm i --save-dev @types/mocha`.
packages/simplebeacon-cli/src/__tests__/compliance-checklist.test.js(133,13): error TS2304: Cannot find name 'expect'.
packages/simplebeacon-cli/src/__tests__/compliance-checklist.test.js(136,9): error TS2582: Cannot find name 'it'. Do you need to install type definitions for a test runner? Try `npm i --save-dev @types/jest` or `npm i --save-dev @types/mocha`.
packages/simplebeacon-cli/src/__tests__/compliance-checklist.test.js(141,13): error TS2304: Cannot find name 'expect'.
packages/simplebeacon-cli/src/__tests__/compliance-checklist.test.js(142,13): error TS2304: Cannot find name 'expect'.
packages/simplebeacon-cli/src/__tests__/compliance-checklist.test.js(145,9): error TS2582: Cannot find name 'it'. Do you need to install type definitions for a test runner? Try `npm i --save-dev @types/jest` or `npm i --save-dev @types/mocha`.
packages/simplebeacon-cli/src/__tests__/compliance-checklist.test.js(150,13): error TS2304: Cannot find name 'expect'.
packages/simplebeacon-cli/src/__tests__/compliance-checklist.test.js(154,5): error TS2582: Cannot find name 'describe'. Do you need to install type definitions for a test runner? Try `npm i --save-dev @types/jest` or `npm i --save-dev @types/mocha`.
packages/simplebeacon-cli/src/__tests__/compliance-checklist.test.js(155,9): error TS2582: Cannot find name 'it'. Do you need to install type definitions for a test runner? Try `npm i --save-dev @types/jest` or `npm i --save-dev @types/mocha`.
packages/simplebeacon-cli/src/__tests__/compliance-checklist.test.js(173,13): error TS2304: Cannot find name 'expect'.
packages/simplebeacon-cli/src/__tests__/compliance-checklist.test.js(174,13): error TS2304: Cannot find name 'expect'.
packages/simplebeacon-cli/src/__tests__/compliance-checklist.test.js(175,13): error TS2304: Cannot find name 'expect'.
packages/simplebeacon-cli/src/__tests__/compliance-checklist.test.js(176,13): error TS2304: Cannot find name 'expect'.
packages/simplebeacon-cli/src/__tests__/compliance-checklist.test.js(177,13): error TS2304: Cannot find name 'expect'.
packages/simplebeacon-cli/src/__tests__/compliance-checklist.test.js(180,9): error TS2582: Cannot find name 'it'. Do you need to install type definitions for a test runner? Try `npm i --save-dev @types/jest` or `npm i --save-dev @types/mocha`.
packages/simplebeacon-cli/src/__tests__/compliance-checklist.test.js(186,13): error TS2304: Cannot find name 'expect'.
packages/simplebeacon-cli/src/__tests__/compliance-checklist.test.js(190,5): error TS2582: Cannot find name 'describe'. Do you need to install type definitions for a test runner? Try `npm i --save-dev @types/jest` or `npm i --save-dev @types/mocha`.
packages/simplebeacon-cli/src/__tests__/compliance-checklist.test.js(191,9): error TS2582: Cannot find name 'it'. Do you need to install type definitions for a test runner? Try `npm i --save-dev @types/jest` or `npm i --save-dev @types/mocha`.
packages/simplebeacon-cli/src/__tests__/compliance-checklist.test.js(192,13): error TS2304: Cannot find name 'expect'.
packages/simplebeacon-cli/src/__tests__/compliance-checklist.test.js(195,9): error TS2582: Cannot find name 'it'. Do you need to install type definitions for a test runner? Try `npm i --save-dev @types/jest` or `npm i --save-dev @types/mocha`.
packages/simplebeacon-cli/src/__tests__/compliance-checklist.test.js(197,13): error TS2304: Cannot find name 'expect'.
packages/simplebeacon-cli/src/__tests__/compliance-checklist.test.js(198,13): error TS2304: Cannot find name 'expect'.
packages/simplebeacon-cli/src/__tests__/index.smoke.test.js(55,26): error TS2540: Cannot assign to 'version' because it is a read-only property.
packages/simplebeacon-cli/src/analyzers/file-reduction/git-hygiene-scanner.js(135,80): error TS2769: No overload matches this call.
  Overload 3 of 4, '(command: string, options?: ExecSyncOptions): string | NonSharedBuffer', gave the following error.
    Type 'boolean' is not assignable to type 'string'.
packages/simplebeacon-cli/src/index.js(232,35): error TS2339: Property 'initSimplebeacon' does not exist on type 'Readonly<{}>'.
packages/simplebeacon-cli/src/index.js(233,35): error TS2339: Property 'initSimplebeacon' does not exist on type 'Readonly<{}>'.
packages/simplebeacon-cli/src/index.js(235,38): error TS2339: Property 'buildInitDryRunPlan' does not exist on type 'Readonly<{}>'.
packages/simplebeacon-cli/src/index.js(236,46): error TS2339: Property 'countRepositoryInventory' does not exist on type 'Readonly<{}>'.
packages/simplebeacon-cli/src/index.js(237,37): error TS2339: Property 'SKIP_BY_PROFILE' does not exist on type 'Readonly<{}>'.
packages/simplebeacon-cli/src/index.js(516,15): error TS2339: Property '__barrel__' does not exist on type '{}'.
packages/simplebeacon-cli/src/index.js(521,35): error TS2339: Property '__barrel__' does not exist on type '{}'.
packages/simplebeacon-cli/src/index.js(541,6): error TS2339: Property '__barrel__' does not exist on type '{}'.
packages/simplebeacon-cli/src/index.mjs(3,31): error TS1343: The 'import.meta' meta-property is only allowed when the '--module' option is 'es2020', 'es2022', 'esnext', 'system', 'node16', 'node18', 'node20', or 'nodenext'.
packages/simplebeacon-cli/src/lib/ai-problem-analyzer-suite.js(490,10): error TS2339: Property 'scanReportContext' does not exist on type '{}'.
packages/simplebeacon-cli/src/lib/ai-problem-analyzer-suite.js(491,10): error TS2339: Property 'inputKind' does not exist on type '{}'.
packages/simplebeacon-cli/src/lib/ai-problem-analyzer-suite.js(498,10): error TS2339: Property 'responseText' does not exist on type '{}'.
packages/simplebeacon-cli/src/lib/ai-problem-analyzer-suite.js(499,10): error TS2339: Property 'codeText' does not exist on type '{}'.
packages/simplebeacon-cli/src/lib/ai-problem-analyzer-suite.js(501,10): error TS2339: Property 'errorCases' does not exist on type '{}'.
packages/simplebeacon-cli/src/lib/ai-problem-analyzer-suite.js(512,10): error TS2339: Property 'claims' does not exist on type '{}'.
packages/simplebeacon-cli/src/lib/ai-problem-analyzer-suite.js(522,10): error TS2339: Property 'subgroupOutcomes' does not exist on type '{}'.
packages/simplebeacon-cli/src/lib/ai-problem-analyzer-suite.js(527,10): error TS2339: Property 'scalabilityMetrics' does not exist on type '{}'.
packages/simplebeacon-cli/src/lib/ai-problem-analyzer-suite.js(539,35): error TS2339: Property 'responseText' does not exist on type '{}'.
packages/simplebeacon-cli/src/lib/ai-problem-analyzer-suite.js(540,31): error TS2339: Property 'codeText' does not exist on type '{}'.
packages/simplebeacon-cli/src/lib/ai-problem-analyzer-suite.js(541,38): error TS2339: Property 'logs' does not exist on type '{}'.
packages/simplebeacon-cli/src/lib/ai-problem-analyzer-suite.js(542,25): error TS2339: Property 'inputKind' does not exist on type '{}'.
packages/simplebeacon-cli/src/lib/ai-problem-analyzer-suite.js(543,33): error TS2339: Property 'scanReportContext' does not exist on type '{}'.
packages/simplebeacon-cli/src/lib/ai-problem-analyzer-suite.js(543,72): error TS2339: Property 'inputKind' does not exist on type '{}'.
packages/simplebeacon-cli/src/lib/ai-problem-analyzer-suite.js(547,78): error TS2339: Property 'traces' does not exist on type '{}'.
packages/simplebeacon-cli/src/lib/ai-problem-analyzer-suite.js(547,97): error TS2339: Property 'traces' does not exist on type '{}'.
packages/simplebeacon-cli/src/lib/ai-problem-analyzer-suite.js(548,82): error TS2339: Property 'datasetSamples' does not exist on type '{}'.
packages/simplebeacon-cli/src/lib/ai-problem-analyzer-suite.js(548,109): error TS2339: Property 'datasetSamples' does not exist on type '{}'.
packages/simplebeacon-cli/src/lib/ai-problem-analyzer-suite.js(549,60): error TS2339: Property 'scalabilityMetrics' does not exist on type '{}'.
packages/simplebeacon-cli/src/lib/ai-problem-analyzer-suite.js(549,91): error TS2339: Property 'metrics' does not exist on type '{}'.
packages/simplebeacon-cli/src/lib/ai-problem-analyzer-suite.js(550,66): error TS2339: Property 'benchmarks' does not exist on type '{}'.
packages/simplebeacon-cli/src/lib/ai-problem-analyzer-suite.js(551,66): error TS2339: Property 'errorCases' does not exist on type '{}'.
packages/simplebeacon-cli/src/lib/ai-problem-analyzer-suite.js(552,68): error TS2339: Property 'prompt' does not exist on type '{}'.
packages/simplebeacon-cli/src/lib/ai-problem-analyzer-suite.js(553,80): error TS2339: Property 'prompt' does not exist on type '{}'.
packages/simplebeacon-cli/src/lib/ai-problem-analyzer-suite.js(556,71): error TS2339: Property 'claims' does not exist on type '{}'.
packages/simplebeacon-cli/src/lib/ai-problem-analyzer-suite.js(556,91): error TS2339: Property 'claims' does not exist on type '{}'.
packages/simplebeacon-cli/src/lib/ai-problem-analyzer-suite.js(556,126): error TS2339: Property 'claims' does not exist on type '{}'.
packages/simplebeacon-cli/src/lib/ai-problem-analyzer-suite.js(557,83): error TS2339: Property 'claims' does not exist on type '{}'.
packages/simplebeacon-cli/src/lib/ai-problem-analyzer-suite.js(557,103): error TS2339: Property 'claims' does not exist on type '{}'.
packages/simplebeacon-cli/src/lib/ai-problem-analyzer-suite.js(557,138): error TS2339: Property 'claims' does not exist on type '{}'.
packages/simplebeacon-cli/src/lib/ai-problem-analyzer-suite.js(559,72): error TS2339: Property 'subgroupOutcomes' does not exist on type '{}'.
packages/simplebeacon-cli/src/lib/ai-problem-analyzer-suite.js(560,87): error TS2339: Property 'regulatoryControlCatalog' does not exist on type '{}'.
packages/simplebeacon-cli/src/lib/assessment-export-sanitize.js(135,17): error TS2339: Property 'projectPath' does not exist on type '{ sourceReport?: any; }'.
packages/simplebeacon-cli/src/lib/assessment-export-sanitize.js(140,17): error TS2339: Property 'benchmarkScan' does not exist on type '{ sourceReport?: any; }'.
packages/simplebeacon-cli/src/lib/cleanup-assistant-brief.js(177,5): error TS2339: Property 'projectPath' does not exist on type '{ policy?: { protectedPaths: string[]; allowNodeModules: boolean; allowSimplebeaconCache: boolean; aggressiveness: string; }; }'.
packages/simplebeacon-cli/src/lib/cleanup-assistant-brief.js(178,5): error TS2339: Property 'fileReduction' does not exist on type '{ policy?: { protectedPaths: string[]; allowNodeModules: boolean; allowSimplebeaconCache: boolean; aggressiveness: string; }; }'.
packages/simplebeacon-cli/src/lib/cleanup-assistant-brief.js(179,5): error TS2339: Property 'dataQuality' does not exist on type '{ policy?: { protectedPaths: string[]; allowNodeModules: boolean; allowSimplebeaconCache: boolean; aggressiveness: string; }; }'.
packages/simplebeacon-cli/src/lib/cleanup-assistant-brief.js(180,5): error TS2339: Property 'repositoryInventory' does not exist on type '{ policy?: { protectedPaths: string[]; allowNodeModules: boolean; allowSimplebeaconCache: boolean; aggressiveness: string; }; }'.
packages/simplebeacon-cli/src/lib/cleanup-brief-export-sanitize.js(177,44): error TS2339: Property 'dataQuality' does not exist on type 'object'.
packages/simplebeacon-cli/src/lib/cleanup-brief-export-sanitize.js(179,22): error TS2339: Property 'priorityActions' does not exist on type 'object'.
packages/simplebeacon-cli/src/lib/codebase-export-sanitize.js(666,43): error TS2339: Property 'repositoryFilesTotal' does not exist on type '{ requestedProjectPath?: string; scanTargetRoot?: string; }'.
packages/simplebeacon-cli/src/lib/codebase-export-sanitize.js(667,47): error TS2339: Property 'repositoryFilesTotal' does not exist on type '{ requestedProjectPath?: string; scanTargetRoot?: string; }'.
packages/simplebeacon-cli/src/lib/codebase-export-sanitize.js(668,33): error TS2339: Property 'gateReport' does not exist on type '{ requestedProjectPath?: string; scanTargetRoot?: string; }'.
packages/simplebeacon-cli/src/lib/complete-scan-export-sanitize.js(69,65): error TS2307: Cannot find module '../../../../server/lib/eu-ai-act-export.js' or its corresponding type declarations.
packages/simplebeacon-cli/src/lib/full-directory-scanner.js(14,5): error TS2459: Module '"../rules/eu-ai-act-patterns"' declares 'isExcludedPath' locally, but it is not exported.
packages/simplebeacon-cli/src/lib/full-tree-rule-pass.js(13,9): error TS2305: Module '"../rules/eu-ai-act-patterns"' has no exported member 'scanEuAiActFileContent'.
packages/simplebeacon-cli/src/lib/local-remediation.js(89,18): error TS2339: Property 'response' does not exist on type 'unknown'.
packages/simplebeacon-cli/src/lib/local-remediation.js(181,43): error TS2339: Property 'maxFixes' does not exist on type 'object'.
packages/simplebeacon-cli/src/lib/local-remediation.js(181,61): error TS2339: Property 'maxFixes' does not exist on type 'object'.
packages/simplebeacon-cli/src/lib/local-remediation.js(181,81): error TS2339: Property 'maxFixes' does not exist on type 'object'.
packages/simplebeacon-cli/src/lib/npm-audit-export-sanitize.js(300,13): error TS1117: An object literal cannot have multiple properties with the same name.
packages/simplebeacon-cli/src/lib/npm-audit-export-sanitize.js(301,13): error TS1117: An object literal cannot have multiple properties with the same name.
packages/simplebeacon-cli/src/lib/npm-audit-export-sanitize.js(302,13): error TS1117: An object literal cannot have multiple properties with the same name.
packages/simplebeacon-cli/src/lib/re-attestation-note-export-sanitize.js(300,9): error TS2353: Object literal may only specify known properties, and 'repositoryFilesTotal' does not exist in type '{ projectPath?: string; gateReport?: any; tierId?: string; }'.
packages/simplebeacon-cli/src/lib/re-attestation-note-export-sanitize.js(300,39): error TS2339: Property 'repositoryFilesTotal' does not exist on type '{ tierId?: string; projectPath?: string; gateReport?: any; generatedAt?: string; }'.
packages/simplebeacon-cli/src/lib/runtime-sentinel.js(150,17): error TS2339: Property 'code' does not exist on type 'Error'.
packages/simplebeacon-cli/src/lib/scan-history.js(14,23): error TS2339: Property 'severityCounts' does not exist on type 'object'.
packages/simplebeacon-cli/src/lib/scan-history.js(17,28): error TS2339: Property 'gatePass' does not exist on type 'object'.
packages/simplebeacon-cli/src/lib/scan-history.js(18,28): error TS2339: Property 'warningCount' does not exist on type 'object'.
packages/simplebeacon-cli/src/lib/trust-guard.js(47,71): error TS2339: Property 'url' does not exist on type 'URL | Request'.
  Property 'url' does not exist on type 'URL'.
packages/simplebeacon-cli/src/lib/trust-guard.js(96,23): error TS2554: Expected 0-1 arguments, but got 2.
packages/simplebeacon-cli/src/lib/trust-guard.js(98,29): error TS2554: Expected 0-1 arguments, but got 2.
packages/simplebeacon-cli/src/lib/trust-guard.js(99,29): error TS2554: Expected 0-1 arguments, but got 2.
packages/simplebeacon-cli/src/lib/trust-guard.js(100,23): error TS2554: Expected 0-1 arguments, but got 2.
packages/simplebeacon-cli/src/lib/trust-guard.js(111,75): error TS2554: Expected 0-1 arguments, but got 2.
packages/simplebeacon-cli/src/lib/trust-guard.js(113,122): error TS2554: Expected 0-1 arguments, but got 2.
packages/simplebeacon-cli/src/mcp/handlers/utility-handlers.js(150,36): error TS2339: Property 'description' does not exist on type 'Readonly<{ id: "sample-json"; regex: RegExp; }> | Readonly<{ id: "mock-path"; regex: RegExp; }> | Readonly<{ id: "fixtures-path"; regex: RegExp; }> | Readonly<...> | Readonly<...>'.
  Property 'description' does not exist on type 'Readonly<{ id: "sample-json"; regex: RegExp; }>'.
packages/simplebeacon-cli/src/reporters/ai-enhanced-report.js(135,48): error TS2554: Expected 0-2 arguments, but got 3.
packages/simplebeacon-cli/src/reporters/file-reduction-report.js(5,9): error TS2459: Module '"../scan"' declares 'formatBytes' locally, but it is not exported.
packages/simplebeacon-cli/src/rules/file-reduction-rules.js(12,5): error TS2305: Module '"../analyzers/data-cleanup"' has no exported member 'ConfigManagementAnalyzer'.
packages/simplebeacon-cli/src/rules/file-reduction-rules.js(13,5): error TS2305: Module '"../analyzers/data-cleanup"' has no exported member 'DependencyHealthAnalyzer'.
packages/simplebeacon-cli/src/rules/file-reduction-rules.js(14,5): error TS2305: Module '"../analyzers/data-cleanup"' has no exported member 'EnvironmentVariableAnalyzer'.
packages/simplebeacon-cli/src/rules/file-reduction-rules.js(15,5): error TS2305: Module '"../analyzers/data-cleanup"' has no exported member 'DataFreshnessAnalyzer'.
packages/simplebeacon-cli/src/rules/file-reduction-rules.js(16,5): error TS2305: Module '"../analyzers/data-cleanup"' has no exported member 'DataAccessPatternAnalyzer'.
packages/simplebeacon-cli/src/rules/file-reduction-rules.js(17,5): error TS2305: Module '"../analyzers/data-cleanup"' has no exported member 'DataPrivacyAnalyzer'.
packages/simplebeacon-cli/src/rules/file-reduction-rules.js(18,5): error TS2305: Module '"../analyzers/data-cleanup"' has no exported member 'DataLineageAnalyzer'.
packages/simplebeacon-cli/src/rules/file-reduction-rules.js(19,5): error TS2305: Module '"../analyzers/data-cleanup"' has no exported member 'DataConsistencyAnalyzer'.
packages/simplebeacon-cli/src/rules/jest-baseline.js(31,20): error TS2339: Property 'npm_config_devdir' does not exist on type '{ CI: string; }'.
packages/simplebeacon-cli/src/rules/jest-baseline.js(32,20): error TS2339: Property 'NPM_CONFIG_DEVDIR' does not exist on type '{ CI: string; }'.
packages/simplebeacon-cli/src/rules/jest-baseline.js(241,21): error TS2345: Argument of type '{ id: string; severity: string; type: string; filePath: string; count: number; description: string; recommendedAction: string; affectedFiles: string[]; }' is not assignable to parameter of type '{ id: string; severity: string; type: string; filePath: string; count: any; description: string; recommendedAction: string; affectedFiles: string[]; metadata: any; } & { id: string; severity: string; ... 5 more ...; affectedFiles: string[]; }'.
  Property 'metadata' is missing in type '{ id: string; severity: string; type: string; filePath: string; count: number; description: string; recommendedAction: string; affectedFiles: string[]; }' but required in type '{ id: string; severity: string; type: string; filePath: string; count: any; description: string; recommendedAction: string; affectedFiles: string[]; metadata: any; }'.
packages/simplebeacon-cli/src/rules/production-leak.js(55,15): error TS2339: Property 'plainSampleJson' does not exist on type 'object'.
packages/simplebeacon-cli/src/rules/production-leak.js(306,30): error TS2367: This comparison appears to be unintentional because the types '"sample-json" | "web-data-sample" | "plain-sample-json" | "mock-path" | "fixtures-path" | "template-sample"' and '"sample-json-ref"' have no overlap.
packages/simplebeacon-cli/src/rules/production-leak.js(307,19): error TS2367: This comparison appears to be unintentional because the types '"sample-json" | "web-data-sample" | "plain-sample-json" | "mock-path" | "fixtures-path" | "template-sample"' and '"c-sample-data-ref"' have no overlap.
packages/simplebeacon-cli/src/rules/production-leak.js(307,57): error TS2367: This comparison appears to be unintentional because the types '"sample-json" | "web-data-sample" | "plain-sample-json" | "mock-path" | "fixtures-path" | "template-sample"' and '"c-mock-path-ref"' have no overlap.
packages/simplebeacon-cli/tests/cleanup-assistant-brief.test.js(37,9): error TS2353: Object literal may only specify known properties, and 'projectPath' does not exist in type '{ policy?: { protectedPaths: string[]; allowNodeModules: boolean; allowSimplebeaconCache: boolean; aggressiveness: string; }; }'.
packages/simplebeacon-cli/tests/cleanup-assistant-brief.test.js(51,9): error TS2353: Object literal may only specify known properties, and 'projectPath' does not exist in type '{ policy?: { protectedPaths: string[]; allowNodeModules: boolean; allowSimplebeaconCache: boolean; aggressiveness: string; }; }'.
packages/simplebeacon-cli/tests/compliance-checklist.test.js(29,22): error TS2339: Property 'rules' does not exist on type '{ checklist: any; error?: string; }'.
packages/simplebeacon-cli/tests/compliance-checklist.test.js(30,25): error TS2339: Property 'rules' does not exist on type '{ checklist: any; error?: string; }'.
packages/simplebeacon-cli/tests/compliance-checklist.test.js(31,25): error TS2339: Property 'rules' does not exist on type '{ checklist: any; error?: string; }'.
packages/simplebeacon-cli/tests/file-reduction-analysis.test.js(62,13): error TS2740: Type '{ id: string; filename: string; loaded: true; exports: { BuildArtifactScanner: typeof MockScanner; AssetConsolidationScanner: typeof MockScanner; UnusedFileDetector: typeof MockScanner; ... 10 more ...; DataConsistencyAnalyzer: typeof MockScanner; }; }' is missing the following properties from type 'Module': children, isPreloading, parent, path, and 2 more.
packages/simplebeacon-cli/tests/file-reduction-analysis.test.js(179,9): error TS2740: Type '{ id: string; filename: string; loaded: true; exports: { id: string; scanners: { id: string; class: typeof ReclaimableScanner; enabled: boolean; priority: number; }[]; severityMapping: {}; }; }' is missing the following properties from type 'Module': children, isPreloading, parent, path, and 2 more.
packages/simplebeacon-cli/tests/index.test.js(52,48): error TS2551: Property 'initSamplebeacon' does not exist on type 'typeof config'. Did you mean 'initSimplebeacon'?
packages/simplebeacon-cli/tests/index.test.js(63,48): error TS2551: Property 'loadSamplebeaconConfig' does not exist on type 'typeof config'. Did you mean 'loadSimplebeaconConfig'?
packages/simplebeacon-cli/tests/index.test.js(64,48): error TS2551: Property 'initSamplebeacon' does not exist on type 'typeof config'. Did you mean 'initSimplebeacon'?
packages/simplebeacon-cli/tests/index.test.js(70,53): error TS2339: Property 'evaluateGate' does not exist on type 'typeof scan'.
packages/simplebeacon-cli/tests/index.test.js(79,55): error TS2339: Property 'capitalize' does not exist on type 'typeof report'.
packages/simplebeacon-cli/tests/index.test.js(80,55): error TS2339: Property 'pluralize' does not exist on type 'typeof report'.
packages/simplebeacon-cli/tests/index.test.js(81,55): error TS2339: Property 'truncate' does not exist on type 'typeof report'.
packages/simplebeacon-cli/tests/index.test.js(89,54): error TS2339: Property 'debounceAsync' does not exist on type 'typeof utils'.
packages/simplebeacon-cli/tests/index.test.js(90,54): error TS2339: Property 'memoizeAsync' does not exist on type 'typeof utils'.
packages/simplebeacon-cli/tests/proxy.test.js(50,53): error TS2769: No overload matches this call.
  The last overload gave the following error.
    Argument of type 'string' is not assignable to parameter of type 'number'.
packages/simplebeacon-cli/tests/proxy.test.js(52,32): error TS2339: Property 'port' does not exist on type 'string | AddressInfo'.
  Property 'port' does not exist on type 'string'.
packages/simplebeacon-cli/tests/scan.test.js(8,5): error TS2459: Module '"../src/scan.js"' declares 'formatBytes' locally, but it is not exported.
packages/simplebeacon-cli/tests/scan.test.js(10,5): error TS2305: Module '"../src/scan.js"' has no exported member 'globToRegex'.
packages/simplebeacon-cli/tests/scan.test.js(11,5): error TS2459: Module '"../src/scan.js"' declares 'cachedGlobToRegex' locally, but it is not exported.
packages/simplebeacon-cli/tests/scan.test.js(151,44): error TS2345: Argument of type 'number' is not assignable to parameter of type 'string'.
packages/simplebeacon-cli/tests/scan.test.js(177,50): error TS2345: Argument of type 'number' is not assignable to parameter of type 'string'.
scripts/validate-production-assets.js(119,33): error TS2339: Property 'getPeerCertificate' does not exist on type 'Socket'.
scripts/validate-production-assets.js(119,61): error TS2339: Property 'getPeerCertificate' does not exist on type 'Socket'.
